06-13 14:27:57.928014  2486  2486 I Module  : DeviceLockedStatusModuleProvider$Module.updateDeviceLockedStatus():100 repeatCheckTimes = 1, locked = false
06-13 14:27:57.928136  2677 29595 I MediaProvider: Deleted 0 0 0 0 0 0 1 items on external_primary due to com.generalmobile.gmservice
06-13 14:27:57.929100   761  1236 E BufferQueueDebug: [bbq-wrapper#2381](this:0xb4000073d83497d8,id:-1,api:0,p:-1,c:-1) id info cannot be read from 'bbq-wrapper#2381'
06-13 14:27:57.929304   761  1236 I BufferQueueDebug: [bbq-wrapper#2381](this:0xb4000073d83497d8,id:-1,api:0,p:-1,c:-1) BufferQueue core=(761:/system/bin/surfaceflinger)
06-13 14:27:57.930273  2230  3187 I UriTaskContentObserver: (REDACTED) Throttling content uri change event for %s
06-13 14:27:57.944259  2677 11788 I MediaProvider: Deleted 0 0 0 0 0 0 1 items on external_primary due to com.generalmobile.gmservice
06-13 14:27:57.946177  2230  3187 I UriTaskContentObserver: (REDACTED) Throttling content uri change event for %s
06-13 14:27:57.946932   761   761 I BufferQueueDebug: [Surface(name=addee25 InputMethod)/@0xde208b4 - animation-leash of insets_animation#2350](this:0xb4000073d8310898,id:-1,api:0,p:-1,c:761) onDestructor()
06-13 14:27:57.953196   761  1236 E BufferQueueDebug: [WindowToken{d97a6ba type=2005 android.os.Binder@7c32be5}#2382](this:0xb4000073d8310898,id:-1,api:0,p:-1,c:-1) id info cannot be read from 'WindowToken{d97a6ba type=2005 android.os.Binder@7c32be5}#2382'
06-13 14:27:57.953346   761  1236 I BufferQueueDebug: [WindowToken{d97a6ba type=2005 android.os.Binder@7c32be5}#2382](this:0xb4000073d8310898,id:-1,api:0,p:-1,c:-1) BufferQueue core=(761:/system/bin/surfaceflinger)
06-13 14:27:57.968705   761  2042 E BufferQueueDebug: [a7fa161 Toast#2383](this:0xb4000073d834c568,id:-1,api:0,p:-1,c:-1) id info cannot be read from 'a7fa161 Toast#2383'
06-13 14:27:57.969014   761  2042 I BufferQueueDebug: [a7fa161 Toast#2383](this:0xb4000073d834c568,id:-1,api:0,p:-1,c:-1) BufferQueue core=(761:/system/bin/surfaceflinger)
06-13 14:27:57.977569   761  1236 E BufferQueueDebug: [Toast#2384](this:0xb4000073d83cf548,id:-1,api:0,p:-1,c:-1) id info cannot be read from 'Toast#2384'
06-13 14:27:57.977733   761  1236 I BufferQueueDebug: [Toast#2384](this:0xb4000073d83cf548,id:-1,api:0,p:-1,c:-1) BufferQueue core=(761:/system/bin/surfaceflinger)
06-13 14:27:57.984580   753   783 I mtkpower@impl: [setMode] type:6, enabled:1
06-13 14:27:57.984646   753   783 E mtkpower@impl: [setMode] unknown type
06-13 14:27:57.986314  1692  1792 E OpenGLRenderer: Unable to match the desired swap behavior.
06-13 14:27:57.987941   761   761 I BufferQueueProducer: [FramebufferSurface](this:0xb4000075181d3120,id:-1,api:1,p:761,c:761) queueBuffer: fps=3.09 dur=1944.29 max=1875.20 min=11.44
06-13 14:27:58.005871 11069  8310 I LogHandler/AbstractLogInstance: getResponse, responseStr = getstatus,0 and waiting time remaining = 14900
06-13 14:27:58.005970 11069  8310 I LogHandler/AbstractLogInstance: <--getValueFromServer(), serverValue = 0
06-13 14:27:58.006772 11069 11069 I DebugLoggerUI/MainActivity: -->updateUI(), Update UI Start
06-13 14:27:58.006879 11069 11069 I DebugLoggerUI/MainActivity: -->dismissTagProgressDialog()
06-13 14:27:58.006925 11069 11069 I DebugLoggerUI/MainActivity: changeWaitingDialog() -> currentRunningStage is 0
06-13 14:27:58.008650 11069 11069 I DebugLoggerUI/LogControllerUtils: <--isAnyConnsysLogRunning()? false
06-13 14:27:58.009064 11069 11069 I DebugLoggerUI/MainActivity: timeString : 0:01:12
06-13 14:27:58.011864 11069  8330 W DebugLoggerUI/LogControllerUtils: getCanBeDeletedFileList() taglogFolder = /data/debuglogger/taglog is not exist!
06-13 14:27:58.013917  1449  1475 W Choreographer: Frame time is 0.106306  now = 16152232664270  timestampNanos = 16152232770576 ms in the future!  Check that graphics HAL is generating vsync timestamps using the correct timebase.
06-13 14:27:58.014040  1449  1476 W Choreographer: Frame time is 0.059845  now = 16152232710731  timestampNanos = 16152232770576 ms in the future!  Check that graphics HAL is generating vsync timestamps using the correct timebase.
06-13 14:27:58.031865 11069 11069 I DebugLoggerUI/MainActivity: Receive check existing log folder done message, result=false
06-13 14:27:58.090073   761   761 I BufferQueueDebug: [Dim Layer for - Task=478#2365](this:0xb4000073d8324788,id:-1,api:0,p:-1,c:761) onDestructor()
06-13 14:27:58.090218   761   761 I BufferQueueDebug: [Surface(name=Dim Layer for - Task=478)/@0x2bbfae4 - animation-leash of dimmer#2367](this:0xb4000073d83cc7b8,id:-1,api:0,p:-1,c:761) onDestructor()
06-13 14:27:58.107680   753   783 I mtkpower@impl: [setMode] type:6, enabled:0
06-13 14:27:58.107734   753   783 E mtkpower@impl: [setMode] unknown type
06-13 14:27:58.119353   741   927 I hwcomposer: [HWCDisplay] [Display_0 (type:1)] fps:78.597694,dur:1005.12,max:79.20,min:6.91  
06-13 14:27:58.373278   753   829 I libPerfCtl: xgfGetFPS pid:1692 fps:92
06-13 14:27:58.373421   753   829 I libPerfCtl: xgfGetFPS pid:11069 fps:87
06-13 14:27:58.373451   753   829 I libPowerHal: [updateFPS] pid(11069) : 120 => 90
06-13 14:27:58.373839   753   837 I libPowerHal: [perfNotifyAppState] pack:com.debug.loggerui, act:com.debug.loggerui.MainActivity, state:5, pid:11069, uid:10181, fps:90
06-13 14:27:58.374231   753   837 I UxUtility: notifyForegroundApp pack:com.debug.loggerui, uid:10181
06-13 14:27:58.374303   753   837 I TouchUtility: notifyAppState error = NULL
06-13 14:27:58.408115   761  1235 E BufferQueueDebug: [Surface(name=52e6808 Clearing log)/@0x88eff11 - animation-leash of window_animation#2385](this:0xb4000073d83cc7b8,id:-1,api:0,p:-1,c:-1) id info cannot be read from 'Surface(name=52e6808 Clearing log)/@0x88eff11 - animation-leash of window_animation#2385'
06-13 14:27:58.408261   761  1235 I BufferQueueDebug: [Surface(name=52e6808 Clearing log)/@0x88eff11 - animation-leash of window_animation#2385](this:0xb4000073d83cc7b8,id:-1,api:0,p:-1,c:-1) BufferQueue core=(761:/system/bin/surfaceflinger)
06-13 14:27:58.412500  1449  1474 I PowerHalWrapper: amsBoostNotify pid:11069,activity:com.debug.loggerui.LogFolderListActivity, package:com.debug.loggerui, mProcessCreatePackcom.google.android.dialer 
06-13 14:27:58.412547  1449  1474 I PowerHalWrapper: state: 0 
06-13 14:27:58.412989  1449  1474 I mtkpower_client: [Legacy][PowerHal_Wrap_notifyAppState] com.debug.loggerui/com.debug.loggerui.LogFolderListActivity pid=11069 state:0
06-13 14:27:58.413402   753   837 I libPowerHal: [perfNotifyAppState] pack:com.debug.loggerui, act:com.debug.loggerui.LogFolderListActivity, state:0, pid:11069, uid:10181, fps:90
06-13 14:27:58.413715  1449  1474 I PowerHalWrapper: amsBoostNotify AMS_BOOST_PROCESS_CREATE_BOOST:false 
06-13 14:27:58.432946   761   761 I BufferQueueDebug: [Right Edge Extension#2380](this:0xb4000073d8305258,id:-1,api:0,p:-1,c:761) onDestructor()
06-13 14:27:58.433430   761   761 I BufferQueueDebug: [bbq-wrapper#2381](this:0xb4000073d83497d8,id:-1,api:0,p:-1,c:761) onDestructor()
06-13 14:27:58.433730   761   761 I BufferQueueDebug: [7e6bb63 ActivityRecordInputSink com.debug.loggerui/.LogFolderListActivity#2343](this:0xb4000073d832d038,id:-1,api:0,p:-1,c:761) onDestructor()
06-13 14:27:58.433888   761   761 I BufferQueueDebug: [Transition Root: ActivityRecord{be82360 u0 com.debug.loggerui/.LogFolderListActivity t478 f}}#2373](this:0xb4000073d836e828,id:-1,api:0,p:-1,c:761) onDestructor()
06-13 14:27:58.434025   761   761 I BufferQueueDebug: [Left Edge Extension#2376](this:0xb4000073d8382718,id:-1,api:0,p:-1,c:761) onDestructor()
06-13 14:27:58.434240   761   761 I BufferQueueDebug: [bbq-wrapper#2377](this:0xb4000073d8365f78,id:-1,api:0,p:-1,c:761) onDestructor()
06-13 14:27:58.434775 11069 11069 W WindowOnBackDispatcher: sendCancelIfRunning: isInProgress=falsecallback=android.view.ViewRootImpl$$ExternalSyntheticLambda19@69b472b
06-13 14:27:58.436950  1449  3260 W InputManager-JNI: Input channel object '52e6808 Clearing log (client)' was disposed without first being removed with the input manager!
06-13 14:27:58.441888 11069 11069 W WindowOnBackDispatcher: sendCancelIfRunning: isInProgress=falsecallback=android.view.ViewRootImpl$$ExternalSyntheticLambda19@4c56b09
06-13 14:27:58.443762   761   761 I BufferQueueDebug: [Surface(name=52e6808 Clearing log)/@0x88eff11 - animation-leash of window_animation#2385](this:0xb4000073d83cc7b8,id:-1,api:0,p:-1,c:761) onDestructor()
06-13 14:27:58.444406  1449  3260 W InputManager-JNI: Input channel object '1ffaabf com.debug.loggerui/com.debug.loggerui.LogFolderListActivity (client)' was disposed without first being removed with the input manager!
06-13 14:27:58.455223   761   761 I BufferQueueDebug: [Clearing log#2363](this:0xb4000073d8357ba8,id:-1,api:0,p:-1,c:761) onDestructor()
06-13 14:27:58.455889   761   761 I BufferQueueDebug: [52e6808 Clearing log#2358](this:0xb4000073d8368d08,id:-1,api:0,p:-1,c:761) onDestructor()
06-13 14:27:58.465928   761   761 I BufferQueueDebug: [1ffaabf com.debug.loggerui/com.debug.loggerui.LogFolderListActivity#2333](this:0xb4000073d8379e68,id:-1,api:0,p:-1,c:761) onDestructor()
06-13 14:27:58.466287   761   761 I BufferQueueDebug: [com.debug.loggerui/com.debug.loggerui.LogFolderListActivity#2339](this:0xb4000073d8393878,id:-1,api:0,p:-1,c:761) onDestructor()
06-13 14:27:58.894076   748  1625 I android.hardware.usb@1.2-service-mediatekv2: uevent_event change@/devices/platform/11007000.i2c0/i2c-0/0-0064/power_supply/cw-bat
06-13 14:27:58.894625   748  1625 I android.hardware.usb@1.2-service-mediatekv2: uevent_event change@/devices/platform/11007000.i2c0/i2c-0/0-0064/power_supply/cw-bat
06-13 14:27:58.895037   748  1625 I android.hardware.usb@1.2-service-mediatekv2: uevent_event change@/devices/platform/11007000.i2c0/i2c-0/0-0064/power_supply/cw-bat
06-13 14:27:58.895379   748  1625 I android.hardware.usb@1.2-service-mediatekv2: uevent_event change@/devices/platform/11007000.i2c0/i2c-0/0-0064/power_supply/cw-bat
06-13 14:27:58.895604   748  1625 I android.hardware.usb@1.2-service-mediatekv2: uevent_event change@/devices/platform/11007000.i2c0/i2c-0/0-0064/power_supply/cw-bat
06-13 14:27:58.895825   748  1625 I android.hardware.usb@1.2-service-mediatekv2: uevent_event change@/devices/platform/11007000.i2c0/i2c-0/0-0064/power_supply/cw-bat
06-13 14:27:58.896059   748  1625 I android.hardware.usb@1.2-service-mediatekv2: uevent_event change@/devices/platform/11007000.i2c0/i2c-0/0-0064/power_supply/cw-bat
06-13 14:27:58.896292   748  1625 I android.hardware.usb@1.2-service-mediatekv2: uevent_event change@/devices/platform/11007000.i2c0/i2c-0/0-0064/power_supply/cw-bat
06-13 14:27:58.896532   748  1625 I android.hardware.usb@1.2-service-mediatekv2: uevent_event change@/devices/platform/11007000.i2c0/i2c-0/0-0064/power_supply/cw-bat
06-13 14:27:58.896764   748  1625 I android.hardware.usb@1.2-service-mediatekv2: uevent_event change@/devices/platform/11007000.i2c0/i2c-0/0-0064/power_supply/cw-bat
06-13 14:27:58.896998   748  1625 I android.hardware.usb@1.2-service-mediatekv2: uevent_event change@/devices/platform/11007000.i2c0/i2c-0/0-0064/power_supply/cw-bat
06-13 14:27:58.897316   748  1625 I android.hardware.usb@1.2-service-mediatekv2: uevent_event change@/devices/platform/11007000.i2c0/i2c-0/0-0064/power_supply/cw-bat
06-13 14:27:58.897562   748  1625 I android.hardware.usb@1.2-service-mediatekv2: uevent_event change@/devices/platform/11007000.i2c0/i2c-0/0-0064/power_supply/cw-bat
06-13 14:27:58.897800   748  1625 I android.hardware.usb@1.2-service-mediatekv2: uevent_event change@/devices/platform/11007000.i2c0/i2c-0/0-0064/power_supply/cw-bat
06-13 14:27:58.938971  1449  1449 E PriBatteryTemperatureService: onReceive SHOW_STOP_CHARGING_TIPS=false,SHUTDOWN_BATTERY_HIGH_TEMP=600,SHUTDOWN_BATTERY_LOW_TEMP=-250,temperature=290
06-13 14:27:58.944887  1692  1692 I PowerUI : onReceive: mBatteryLevel = 100:plugged=trueisShutDialogShow:falseON:false
06-13 14:27:58.973904   761   761 I BufferQueueProducer: [StatusBar#78](this:0xb4000073d831ec68,id:-1,api:0,p:-1,c:761) queueBuffer: fps=0.67 dur=1489.50 max=1489.50 min=1489.50
06-13 14:27:59.373836   753   829 I libPerfCtl: xgfGetFPS pid:1692 fps:-1
06-13 14:27:59.374035   753   829 I libPerfCtl: xgfGetFPS pid:11069 fps:-1
06-13 14:27:59.374078   753   829 I libPowerHal: [updateFPS] pid(11069) : 90 => -1
06-13 14:27:59.374605   753   837 I libPowerHal: [perfNotifyAppState] pack:com.debug.loggerui, act:com.debug.loggerui.MainActivity, state:5, pid:11069, uid:10181, fps:-1
06-13 14:27:59.375113   753   837 I UxUtility: notifyForegroundApp pack:com.debug.loggerui, uid:10181
06-13 14:27:59.375210   753   837 I TouchUtility: notifyAppState error = NULL
06-13 14:27:59.628944   969   969 I thermal_repeater: [recvMdThermalInfo] ret=33, strLen=127,  2, 32767, -127, 111, 32767, 4046
06-13 14:28:00.044650   761   761 I BufferQueueProducer: [StatusBar#78](this:0xb4000073d831ec68,id:-1,api:0,p:-1,c:761) queueBuffer: fps=0.93 dur=1070.75 max=1070.75 min=1070.75
06-13 14:28:00.047523   741   927 I hwcomposer: [HWCDisplay] [Display_0 (type:1)] fps:17.114916,dur:1928.14,max:1071.00,min:9.19  
06-13 14:28:00.316517   761   761 I BufferQueueProducer: [Toast#2384](this:0xb4000073d83cf548,id:-1,api:0,p:-1,c:761) queueBuffer: fps=13.40 dur=2313.36 max=1952.12 min=11.02
06-13 14:28:00.374641   753   829 I libPerfCtl: xgfGetFPS pid:1692 fps:86
06-13 14:28:00.374838   753   829 I libPerfCtl: xgfGetFPS pid:11069 fps:-1
06-13 14:28:00.556315  1692  1692 W WindowOnBackDispatcher: sendCancelIfRunning: isInProgress=falsecallback=android.view.ViewRootImpl$$ExternalSyntheticLambda19@cd105c7
06-13 14:28:00.560188  1449  3272 W InputManager-JNI: Input channel object 'a7fa161 Toast (client)' was disposed without first being removed with the input manager!
06-13 14:28:00.575692   761   761 I BufferQueueDebug: [a7fa161 Toast#2383](this:0xb4000073d834c568,id:-1,api:0,p:-1,c:761) onDestructor()
06-13 14:28:00.576178   761   761 I BufferQueueDebug: [Toast#2384](this:0xb4000073d83cf548,id:-1,api:0,p:-1,c:761) onDestructor()
06-13 14:28:01.375231   753   829 I libPerfCtl: xgfGetFPS pid:1692 fps:89
06-13 14:28:01.375426   753   829 I libPerfCtl: xgfGetFPS pid:11069 fps:-1
06-13 14:28:02.375936   753   829 I libPerfCtl: xgfGetFPS pid:1692 fps:-1
06-13 14:28:02.376108   753   829 I libPerfCtl: xgfGetFPS pid:11069 fps:-1
06-13 14:28:02.893118   753   837 I mtkpower@impl: [powerd_req] TIMER_MSG_PERF_LOCK_TIMEOUT hdl:1333
06-13 14:28:02.893363   753   837 I libPowerHal: [perfLockRel] hdl:1333, idx:0
06-13 14:28:02.893569   753   837 I libPowerHal: [PD] MTKPOWER_HINT_EXT_LAUNCH update cmd:1000000, param:-1
06-13 14:28:02.893749   753   837 I libPowerHal: [PD] MTKPOWER_HINT_EXT_LAUNCH update cmd:2020000 param:1
06-13 14:28:02.893913   753   837 I libPowerHal: [PD] MTKPOWER_HINT_EXT_LAUNCH update cmd:1408300 param:0
06-13 14:28:02.894856   753   837 I libPowerHal: [PD] MTKPOWER_HINT_EXT_LAUNCH update cmd:1000000 param:-1
06-13 14:28:03.376939   753   829 I libPerfCtl: xgfGetFPS pid:1692 fps:-1
06-13 14:28:03.377135   753   829 I libPerfCtl: xgfGetFPS pid:11069 fps:-1
06-13 14:28:04.377291   753   829 I libPerfCtl: xgfGetFPS pid:1692 fps:-1
06-13 14:28:04.377467   753   829 I libPerfCtl: xgfGetFPS pid:11069 fps:-1
06-13 14:28:04.510705  2230  8315 I NearbyPresence: (REDACTED) %s verified [==] new request %s equals to the old request
06-13 14:28:05.377879   753   829 I libPerfCtl: xgfGetFPS pid:1692 fps:-1
06-13 14:28:05.378074   753   829 I libPerfCtl: xgfGetFPS pid:11069 fps:-1
06-13 14:28:05.562847   761  1175 E SurfaceFlinger: MtkDuration override mode is disabled
06-13 14:28:05.575544   741   927 I hwcomposer: [HWC] (0) displaySetActiveConfig config:0  
06-13 14:28:05.578882   741   927 I hwcomposer: [HWCDisplay] [Display_0 (type:1)] fps:4.519680,dur:5531.37,max:4998.14,min:8.23  
06-13 14:28:06.378344   753   829 I libPerfCtl: xgfGetFPS pid:1692 fps:-1
06-13 14:28:06.378514   753   829 I libPerfCtl: xgfGetFPS pid:11069 fps:-1
06-13 14:28:07.025883   748  1625 I android.hardware.usb@1.2-service-mediatekv2: uevent_event change@/devices/virtual/misc/cpu_loading
06-13 14:28:07.026341   748  1625 I android.hardware.usb@1.2-service-mediatekv2: uevent_event change@/devices/virtual/misc/cpu_loading
06-13 14:28:07.026680   748  1625 I android.hardware.usb@1.2-service-mediatekv2: uevent_event change@/devices/virtual/misc/cpu_loading
06-13 14:28:07.027010   748  1625 I android.hardware.usb@1.2-service-mediatekv2: uevent_event change@/devices/virtual/misc/cpu_loading
06-13 14:28:07.027335   748  1625 I android.hardware.usb@1.2-service-mediatekv2: uevent_event change@/devices/virtual/misc/cpu_loading
06-13 14:28:07.027652   748  1625 I android.hardware.usb@1.2-service-mediatekv2: uevent_event change@/devices/virtual/misc/cpu_loading
06-13 14:28:07.027872   748  1625 I android.hardware.usb@1.2-service-mediatekv2: uevent_event change@/devices/virtual/misc/cpu_loading
06-13 14:28:07.028085   748  1625 I android.hardware.usb@1.2-service-mediatekv2: uevent_event change@/devices/virtual/misc/cpu_loading
06-13 14:28:07.028305   748  1625 I android.hardware.usb@1.2-service-mediatekv2: uevent_event change@/devices/virtual/misc/cpu_loading
06-13 14:28:07.028516   748  1625 I android.hardware.usb@1.2-service-mediatekv2: uevent_event change@/devices/virtual/misc/cpu_loading
06-13 14:28:07.028726   748  1625 I android.hardware.usb@1.2-service-mediatekv2: uevent_event change@/devices/virtual/misc/cpu_loading
06-13 14:28:07.090357   748  1625 I android.hardware.usb@1.2-service-mediatekv2: uevent_event change@/devices/platform/11007000.i2c0/i2c-0/0-0064/power_supply/cw-bat
06-13 14:28:07.090723   748  1625 I android.hardware.usb@1.2-service-mediatekv2: uevent_event change@/devices/platform/11007000.i2c0/i2c-0/0-0064/power_supply/cw-bat
06-13 14:28:07.090973   748  1625 I android.hardware.usb@1.2-service-mediatekv2: uevent_event change@/devices/platform/11007000.i2c0/i2c-0/0-0064/power_supply/cw-bat
06-13 14:28:07.091205   748  1625 I android.hardware.usb@1.2-service-mediatekv2: uevent_event change@/devices/platform/11007000.i2c0/i2c-0/0-0064/power_supply/cw-bat
06-13 14:28:07.091441   748  1625 I android.hardware.usb@1.2-service-mediatekv2: uevent_event change@/devices/platform/11007000.i2c0/i2c-0/0-0064/power_supply/cw-bat
06-13 14:28:07.091747   748  1625 I android.hardware.usb@1.2-service-mediatekv2: uevent_event change@/devices/platform/11007000.i2c0/i2c-0/0-0064/power_supply/cw-bat
06-13 14:28:07.092053   748  1625 I android.hardware.usb@1.2-service-mediatekv2: uevent_event change@/devices/platform/11007000.i2c0/i2c-0/0-0064/power_supply/cw-bat
06-13 14:28:07.092360   748  1625 I android.hardware.usb@1.2-service-mediatekv2: uevent_event change@/devices/platform/11007000.i2c0/i2c-0/0-0064/power_supply/cw-bat
06-13 14:28:07.092676   748  1625 I android.hardware.usb@1.2-service-mediatekv2: uevent_event change@/devices/platform/11007000.i2c0/i2c-0/0-0064/power_supply/cw-bat
06-13 14:28:07.092982   748  1625 I android.hardware.usb@1.2-service-mediatekv2: uevent_event change@/devices/platform/11007000.i2c0/i2c-0/0-0064/power_supply/cw-bat
06-13 14:28:07.093355   748  1625 I android.hardware.usb@1.2-service-mediatekv2: uevent_event change@/devices/platform/11007000.i2c0/i2c-0/0-0064/power_supply/cw-bat
06-13 14:28:07.093677   748  1625 I android.hardware.usb@1.2-service-mediatekv2: uevent_event change@/devices/platform/11007000.i2c0/i2c-0/0-0064/power_supply/cw-bat
06-13 14:28:07.093995   748  1625 I android.hardware.usb@1.2-service-mediatekv2: uevent_event change@/devices/platform/11007000.i2c0/i2c-0/0-0064/power_supply/cw-bat
06-13 14:28:07.094301   748  1625 I android.hardware.usb@1.2-service-mediatekv2: uevent_event change@/devices/platform/11007000.i2c0/i2c-0/0-0064/power_supply/cw-bat
06-13 14:28:07.379025   753   829 I libPerfCtl: xgfGetFPS pid:1692 fps:-1
06-13 14:28:07.379214   753   829 I libPerfCtl: xgfGetFPS pid:11069 fps:-1
06-13 14:28:08.360744   753   837 I libPowerHal: [perfLockAcq] idx:0 hdl:1334 hint:25 pid:753 duration:10000 lock_user:mtkpower@1.0-se => ret_hdl:1334
06-13 14:28:08.361546   753   837 I libPowerHal: [PE] MTKPOWER_HINT_APP_TOUCH update cmd:3408600 param:1
06-13 14:28:08.367258   757   757 I Vibrator: Vibrator on for timeoutMs: 70
06-13 14:28:08.370388   741   927 I hwcomposer: [HWC] (0) displaySetActiveConfig config:1  
06-13 14:28:08.371889   741   927 I hwcomposer: [HWCDisplay] [Display_0 (type:1)] fps:0.716067,dur:2793.03,max:2778.16,min:14.87  
06-13 14:28:08.379002   753   829 I libPerfCtl: xgfGetFPS pid:1692 fps:-1
06-13 14:28:08.379211   753   829 I libPerfCtl: xgfGetFPS pid:11069 fps:-1
06-13 14:28:08.390314   761   761 E SurfaceFlinger: MtkDuration override mode is disabled
06-13 14:28:08.390662   761   761 I BufferQueueProducer: [NavigationBar0#77](this:0xb4000073d8327518,id:-1,api:0,p:-1,c:761) queueBuffer: fps=0.22 dur=13633.35 max=13609.25 min=7.56
06-13 14:28:08.439088   753   837 I libPowerHal: [perfLockRel] hdl:1334, idx:0
06-13 14:28:08.439485   753   837 I libPowerHal: [PD] MTKPOWER_HINT_APP_TOUCH update cmd:3408600 param:0
06-13 14:28:08.450607  1692  1692 I vol.VolumeDialogImpl: mDialog.dismiss() reason: volume_controller from: com.android.systemui.volume.VolumeDialogImpl$7.onDismissRequested:3
06-13 14:28:08.454897   753   783 I mtkpower@impl: [setMode] type:5, enabled:1
06-13 14:28:08.455603   753   837 I libPowerHal: [perfLockAcq] idx:0 hdl:1335 hint:11 pid:753 duration:30000 lock_user:mtkpower@1.0-se => ret_hdl:1335
06-13 14:28:08.455805   753   837 I libPowerHal: LAUNCH: cpu_ctrl set cpu freq: 1800000 -1 2000000 -1
06-13 14:28:08.455948   753   837 I libPowerHal: [PE] LAUNCH update cmd:1000000, param:0
06-13 14:28:08.456213   753   837 I libPowerHal: [PE] LAUNCH update cmd:1408300, param:100
06-13 14:28:08.456304   753   837 I libPowerHal: [PE] LAUNCH update cmd:1000000 param:0
06-13 14:28:08.457417  1449  1472 I PowerHalWrapper: amsBoostNotify pid:11069,activity:com.debug.loggerui.MainActivity, package:com.debug.loggerui, mProcessCreatePackcom.google.android.dialer 
06-13 14:28:08.457433  1449  1472 I PowerHalWrapper: state: 0 
06-13 14:28:08.457672  1449  1472 I mtkpower_client: [Legacy][PowerHal_Wrap_notifyAppState] com.debug.loggerui/com.debug.loggerui.MainActivity pid=11069 state:0
06-13 14:28:08.458000  1449  1472 I PowerHalWrapper: amsBoostNotify AMS_BOOST_PROCESS_CREATE_BOOST:false 
06-13 14:28:08.458053   753   837 I libPowerHal: [perfNotifyAppState] pack:com.debug.loggerui, act:com.debug.loggerui.MainActivity, state:0, pid:11069, uid:10181, fps:-1
06-13 14:28:08.460122  1449  1472 I PowerHalWrapper: <amsBoostResume> last:com.debug.loggerui, next:com.android.launcher3 
06-13 14:28:08.460734   753   837 I libPowerHal: [perfLockRel] hdl:1333, idx:-1
06-13 14:28:08.461850   753   837 I libPowerHal: [perfLockAcq] idx:1 hdl:1336 hint:22 pid:753 duration:10000 lock_user:mtkpower@1.0-se => ret_hdl:1336
06-13 14:28:08.461887  1449  1496 I PriSysResMon: Scene-PriDecisionMaker:Current scene: SCENE_LAUNCHER, has rules count: 5 freeM:2908
06-13 14:28:08.462345   753   837 I libPowerHal: [perfLockRel] hdl:1320, idx:-1
06-13 14:28:08.465690  1449  3274 I PowerHalWrapper: amsBoostNotify pid:2041,activity:com.android.searchlauncher.SearchLauncher, package:com.android.launcher3, mProcessCreatePackcom.google.android.dialer 
06-13 14:28:08.465850  1449  3274 I PowerHalWrapper: state: 1 
06-13 14:28:08.467431   753   837 I libPowerHal: [perfNotifyAppState] pack:com.android.launcher3, act:com.android.searchlauncher.SearchLauncher, state:1, pid:2041, uid:1000, fps:-1
06-13 14:28:08.467494   753   837 I libPowerHal: [perfNotifyAppState] foreground:com.android.launcher3, pid:2041, uid:1000
06-13 14:28:08.468761  1449  1490 W libprocessgroup: SetCgroup::ExecuteForProcess: failed to open /dev/blkio//cgroup.procs: No such file or directory
06-13 14:28:08.469509   753   837 I UxUtility: notifyForegroundApp pack:com.android.launcher3, uid:1000
06-13 14:28:08.469554   753   837 I TouchUtility: notifyAppState error = NULL
06-13 14:28:08.470855  1449  3274 I mtkpower_client: [Legacy][PowerHal_Wrap_notifyAppState] com.android.launcher3/com.android.searchlauncher.SearchLauncher pid=2041 state:1
06-13 14:28:08.471657  1449  3274 I PowerHalWrapper: amsBoostNotify AMS_BOOST_PROCESS_CREATE_BOOST:false 
06-13 14:28:08.471931   753   782 I mtkpower@impl: [notifyAppState] pc:0, com.debug.loggerui => com.android.launcher3
06-13 14:28:08.472071 11069 11069 I DebugLoggerUI/MainActivity: onPause
06-13 14:28:08.473036  2041  2041 I Launcher3: UiController, applyScreenStyle: mScreenStyle false screnstyle  false
06-13 14:28:08.473063  2041  2041 I Launcher3: PrizeStateBarStateManag, backSearch isSearchMode = false; getCurrentStableState() = Normal
06-13 14:28:08.473344 11069 11069 I DebugLoggerUI/MainActivity: -->dismissTagProgressDialog()
06-13 14:28:08.479070   761   884 E BufferQueueDebug: [(1-1)-Window{5ab4cee alpha=1.0 fl=}#2386](this:0xb4000073d8393878,id:-1,api:0,p:-1,c:-1) id info cannot be read from '(1-1)-Window{5ab4cee alpha=1.0 fl=}#2386'
06-13 14:28:08.479328   761   884 I BufferQueueDebug: [(1-1)-Window{5ab4cee alpha=1.0 fl=}#2386](this:0xb4000073d8393878,id:-1,api:0,p:-1,c:-1) BufferQueue core=(761:/system/bin/surfaceflinger)
06-13 14:28:08.479595  1449  1490 W libprocessgroup: SetCgroup::ExecuteForProcess: failed to open /dev/blkio//cgroup.procs: No such file or directory
06-13 14:28:08.480978  1449  1490 W libprocessgroup: SetCgroup::ExecuteForProcess: failed to open /dev/blkio//cgroup.procs: No such file or directory
06-13 14:28:08.483895   761   761 I BpBinder: onLastStrongRef automatically unlinking death recipients: 
06-13 14:28:08.487607   761   884 E BufferQueueDebug: [com.android.launcher3/com.android.searchlauncher.SearchLauncher#2387](this:0xb4000073d8379e68,id:-1,api:0,p:-1,c:-1) id info cannot be read from 'com.android.launcher3/com.android.searchlauncher.SearchLauncher#2387'
06-13 14:28:08.487891   761   884 I BufferQueueDebug: [com.android.launcher3/com.android.searchlauncher.SearchLauncher#2387](this:0xb4000073d8379e68,id:-1,api:0,p:-1,c:-1) BufferQueue core=(761:/system/bin/surfaceflinger)
06-13 14:28:08.489269  1692  1692 I vol.VolumeDialogImpl: mDialog.dismiss() reason: volume_controller from: com.android.systemui.volume.VolumeDialogImpl$7.onDismissRequested:3
06-13 14:28:08.490360 25241 25878 E OpenGLRenderer: Unable to match the desired swap behavior.
06-13 14:28:08.491978   761  1235 E BufferQueueDebug: [Surface(name=1ebb875 StatusBar)/@0x6243141 - animation-leash of insets_animation#2388](this:0xb4000073d83cf548,id:-1,api:0,p:-1,c:-1) id info cannot be read from 'Surface(name=1ebb875 StatusBar)/@0x6243141 - animation-leash of insets_animation#2388'
06-13 14:28:08.492121   761  1235 I BufferQueueDebug: [Surface(name=1ebb875 StatusBar)/@0x6243141 - animation-leash of insets_animation#2388](this:0xb4000073d83cf548,id:-1,api:0,p:-1,c:-1) BufferQueue core=(761:/system/bin/surfaceflinger)
06-13 14:28:08.493634   761  1235 E BufferQueueDebug: [Surface(name=a575898 NavigationBar0)/@0x6b1529 - animation-leash of insets_animation#2389](this:0xb4000073d8382718,id:-1,api:0,p:-1,c:-1) id info cannot be read from 'Surface(name=a575898 NavigationBar0)/@0x6b1529 - animation-leash of insets_animation#2389'
06-13 14:28:08.493793   761  1235 I BufferQueueDebug: [Surface(name=a575898 NavigationBar0)/@0x6b1529 - animation-leash of insets_animation#2389](this:0xb4000073d8382718,id:-1,api:0,p:-1,c:-1) BufferQueue core=(761:/system/bin/surfaceflinger)
06-13 14:28:08.498819 25241 25241 I cnka    : onStart
06-13 14:28:08.500335 25241 25241 I cljb    : (REDACTED) [%s] onStart()
06-13 14:28:08.500433 25241 25241 I cllc    : Reloading theme data
06-13 14:28:08.500816  2041  3098 E OpenGLRenderer: Unable to match the desired swap behavior.
06-13 14:28:08.501890 25241 25241 I cnka    : onResume
06-13 14:28:08.516891   761   761 I BufferQueueDebug: [Surface(name=a575898 NavigationBar0)/@0x6b1529 - animation-leash of insets_animation#2372](this:0xb4000073d8352088,id:-1,api:0,p:-1,c:761) onDestructor()
06-13 14:28:08.516989   761   761 I BufferQueueDebug: [Surface(name=1ebb875 StatusBar)/@0x6243141 - animation-leash of insets_animation#2371](this:0xb4000073d8354e18,id:-1,api:0,p:-1,c:761) onDestructor()
06-13 14:28:08.517122   761   761 I BufferQueueDebug: [(1-1)-Window{5ab4cee alpha=1.0 fl=}#2245](this:0xb4000073d83c1178,id:-1,api:0,p:-1,c:761) onDestructor()
06-13 14:28:08.517505   761  1235 E BufferQueueDebug: [Transition Root: Task=1#2390](this:0xb4000073d834c568,id:-1,api:0,p:-1,c:-1) id info cannot be read from 'Transition Root: Task=1#2390'
06-13 14:28:08.517662   761  1235 I BufferQueueDebug: [Transition Root: Task=1#2390](this:0xb4000073d834c568,id:-1,api:0,p:-1,c:-1) BufferQueue core=(761:/system/bin/surfaceflinger)
06-13 14:28:08.520680   761   761 E BufferQueueDebug: [Screenshot Parent#2391](this:0xb4000073d83c1178,id:-1,api:0,p:-1,c:-1) id info cannot be read from 'Screenshot Parent#2391'
06-13 14:28:08.520843   761   761 I BufferQueueDebug: [Screenshot Parent#2391](this:0xb4000073d83c1178,id:-1,api:0,p:-1,c:-1) BufferQueue core=(761:/system/bin/surfaceflinger)
06-13 14:28:08.529677   761   761 I BufferQueueDebug: [Screenshot Parent#2391](this:0xb4000073d83c1178,id:-1,api:0,p:-1,c:761) onDestructor()
06-13 14:28:08.535710   761  1235 E BufferQueueDebug: [7d1497 ActivityRecordInputSink com.android.launcher3/com.android.searchlauncher.SearchLauncher#2392](this:0xb4000073d8352088,id:-1,api:0,p:-1,c:-1) id info cannot be read from '7d1497 ActivityRecordInputSink com.android.launcher3/com.android.searchlauncher.SearchLauncher#2392'
06-13 14:28:08.535870   761  1235 I BufferQueueDebug: [7d1497 ActivityRecordInputSink com.android.launcher3/com.android.searchlauncher.SearchLauncher#2392](this:0xb4000073d8352088,id:-1,api:0,p:-1,c:-1) BufferQueue core=(761:/system/bin/surfaceflinger)
06-13 14:28:08.541776   753   783 I mtkpower@impl: [setMode] type:5, enabled:0
06-13 14:28:08.542572   753   837 I libPowerHal: [perfLockRel] hdl:1335, idx:0
06-13 14:28:08.543206  1449  3266 I PowerHalWrapper: amsBoostStop AMS_BOOST_PACK_SWITCH:true, AMS_BOOST_ACT_SWITCH:false, AMS_BOOST_PROCESS_CREATE:false 
06-13 14:28:08.543310   761  1235 E BufferQueueDebug: [Surface(name=Task=1)/@0x17e1847_transition-leash#2393](this:0xb4000073d8365f78,id:-1,api:0,p:-1,c:-1) id info cannot be read from 'Surface(name=Task=1)/@0x17e1847_transition-leash#2393'
06-13 14:28:08.543422   761  1235 I BufferQueueDebug: [Surface(name=Task=1)/@0x17e1847_transition-leash#2393](this:0xb4000073d8365f78,id:-1,api:0,p:-1,c:-1) BufferQueue core=(761:/system/bin/surfaceflinger)
06-13 14:28:08.543434   753   782 I mtkpower@impl: [mtkPowerHint] hint:22, hold:500, ext:0, ext_hold:0
06-13 14:28:08.544249   753   837 I libPowerHal: [perfLockAcq] idx:0 hdl:1337 hint:22 pid:753 duration:500 lock_user:mtkpower@1.0-se => ret_hdl:1337
06-13 14:28:08.544458   761  1235 E BufferQueueDebug: [Surface(name=Task=478)/@0x61cc19d_transition-leash#2394](this:0xb4000073d8368d08,id:-1,api:0,p:-1,c:-1) id info cannot be read from 'Surface(name=Task=478)/@0x61cc19d_transition-leash#2394'
06-13 14:28:08.544824   761  1235 I BufferQueueDebug: [Surface(name=Task=478)/@0x61cc19d_transition-leash#2394](this:0xb4000073d8368d08,id:-1,api:0,p:-1,c:-1) BufferQueue core=(761:/system/bin/surfaceflinger)
06-13 14:28:08.544849   753   837 I libPowerHal: [perfLockRel] hdl:1336, idx:1
06-13 14:28:08.545606   761  1235 E BufferQueueDebug: [Surface(name=WallpaperWindowToken{8fccb96 token=android.os.Binder@298acca})/@0x179f1e3_transition-leash#2395](this:0xb4000073d8357ba8,id:-1,api:0,p:-1,c:-1) id info cannot be read from 'Surface(name=WallpaperWindowToken{8fccb96 token=android.os.Binder@298acca})/@0x179f1e3_transition-leash#2395'
06-13 14:28:08.545750   761  1235 I BufferQueueDebug: [Surface(name=WallpaperWindowToken{8fccb96 token=android.os.Binder@298acca})/@0x179f1e3_transition-leash#2395](this:0xb4000073d8357ba8,id:-1,api:0,p:-1,c:-1) BufferQueue core=(761:/system/bin/surfaceflinger)
06-13 14:28:08.576515   761  1159 I SurfaceFlinger: NotifyHwcComposition(), id 0, mode 1
06-13 14:28:08.579632  1449  3266 I ImeTracker: com.android.launcher3:a8f7179c: onRequestHide at ORIGIN_SERVER_HIDE_INPUT reason HIDE_UNSPECIFIED_WINDOW
06-13 14:28:08.579624   761   761 I BufferQueueProducer: [FramebufferSurface](this:0xb4000075181d3120,id:-1,api:1,p:761,c:761) queueBuffer: fps=0.85 dur=10591.64 max=10479.34 min=11.34
06-13 14:28:08.580206  1449  3266 I ImeTracker: com.android.launcher3:a8f7179c: onCancelled at PHASE_SERVER_SHOULD_HIDE
06-13 14:28:08.580594   741   927 I hwcomposer: [DBQ] (q2:0xb400007d4a4fb820) Buffer queue is created with size(3), m_id(433), q2  
06-13 14:28:08.580934   741   927 I hwcomposer: [DBQ] (q2:0xb400007d4a4fb820) Reallocate Slot(0), pool(0 -> 0) size(0 -> 10627200) secure(0 -> 0)  
06-13 14:28:08.582728   741   927 I hwcomposer: [DBQ] (q2:0xb400007d4a4fb820) Alloc Slot(0), handle=0xb400007cca4fbe70 c=0 w=1080 h=2460 p=1088 ys=1088 vs=2460 f=2 sec=0 sh=0, usage=0x800  
06-13 14:28:08.583812  2486  2486 I GoogleInputMethodService: GoogleInputMethodService.onFinishInput():1975 
06-13 14:28:08.584847   761  1235 E BufferQueueDebug: [Surface(name=addee25 InputMethod)/@0xde208b4 - animation-leash of insets_animation#2396](this:0xb4000073d832d038,id:-1,api:0,p:-1,c:-1) id info cannot be read from 'Surface(name=addee25 InputMethod)/@0xde208b4 - animation-leash of insets_animation#2396'
06-13 14:28:08.584973   761  1235 I BufferQueueDebug: [Surface(name=addee25 InputMethod)/@0xde208b4 - animation-leash of insets_animation#2396](this:0xb4000073d832d038,id:-1,api:0,p:-1,c:-1) BufferQueue core=(761:/system/bin/surfaceflinger)
06-13 14:28:08.585015  2486  2486 I Module  : DeviceLockedStatusModuleProvider$Module.updateDeviceLockedStatus():100 repeatCheckTimes = 0, locked = false
06-13 14:28:08.586139  2486  2486 I GoogleInputMethodService: GoogleInputMethodService.onStartInput():1247 onStartInput(EditorInfo{EditorInfo{packageName=com.android.launcher3, inputType=0, inputTypeString=NULL, enableLearning=false, autoCorrection=false, autoComplete=false, imeOptions=0, privateImeOptions=null, actionName=UNSPECIFIED, actionLabel=null, initialSelStart=-1, initialSelEnd=-1, initialCapsMode=0, label=null, fieldId=0, fieldName=null, extras=null, hintText=null, hintLocales=[]}}, false)
06-13 14:28:08.589920  2486  2486 I Module  : DeviceLockedStatusModuleProvider$Module.updateDeviceLockedStatus():100 repeatCheckTimes = 1, locked = false
06-13 14:28:08.610090   761   761 I BufferQueueDebug: [Surface(name=addee25 InputMethod)/@0xde208b4 - animation-leash of insets_animation#2379](this:0xb4000073d82ee5d8,id:-1,api:0,p:-1,c:761) onDestructor()
06-13 14:28:08.908919  1449  1474 I PowerHalWrapper: amsBoostNotify pid:11069,activity:com.debug.loggerui.MainActivity, package:com.debug.loggerui, mProcessCreatePackcom.google.android.dialer 
06-13 14:28:08.908959  1449  1474 I PowerHalWrapper: state: 0 
06-13 14:28:08.909326  1449  1474 I mtkpower_client: [Legacy][PowerHal_Wrap_notifyAppState] com.debug.loggerui/com.debug.loggerui.MainActivity pid=11069 state:0
06-13 14:28:08.909698  1449  1474 I PowerHalWrapper: amsBoostNotify AMS_BOOST_PROCESS_CREATE_BOOST:false 
06-13 14:28:08.909767   753   837 I libPowerHal: [perfNotifyAppState] pack:com.debug.loggerui, act:com.debug.loggerui.MainActivity, state:0, pid:11069, uid:10181, fps:-1
06-13 14:28:08.914607  1449  5064 I GED     : ged_boost_gpu_freq, level 100, eOrigin 2, final_idx 31, oppidx_max 31, oppidx_min 0
06-13 14:28:08.917995 11069 11088 I GED     : ged_boost_gpu_freq, level 100, eOrigin 2, final_idx 31, oppidx_max 31, oppidx_min 0
06-13 14:28:08.924900   761   761 I BufferQueueDebug: [Transition Root: Task=1#2390](this:0xb4000073d834c568,id:-1,api:0,p:-1,c:761) onDestructor()
06-13 14:28:08.931817 11069 11088 I GED     : ged_boost_gpu_freq, level 100, eOrigin 2, final_idx 31, oppidx_max 31, oppidx_min 0
06-13 14:28:08.932778 11069 11069 I DebugLoggerUI/MainActivity: onStop
06-13 14:28:08.933747   761   761 I BufferQueueDebug: [b16b834 ActivityRecordInputSink com.debug.loggerui/.MainActivity#2374](this:0xb4000073d8307fe8,id:-1,api:0,p:-1,c:761) onDestructor()
06-13 14:28:08.956376   761   761 I BufferQueueDebug: [com.debug.loggerui/com.debug.loggerui.MainActivity#2370](this:0xb4000073d838dd58,id:-1,api:0,p:-1,c:761) onDestructor()
06-13 14:28:09.045552   753   837 I mtkpower@impl: [powerd_req] TIMER_MSG_PERF_LOCK_TIMEOUT hdl:1337
06-13 14:28:09.045651   753   837 I libPowerHal: [perfLockRel] hdl:1337, idx:0
06-13 14:28:09.045972   753   837 I libPowerHal: MTKPOWER_HINT_PACK_SWITCH: cpu_ctrl set cpu freq: -1 -1 -1 -1
06-13 14:28:09.046038   753   837 I libPowerHal: [PD] MTKPOWER_HINT_PACK_SWITCH update cmd:1000000, param:-1
06-13 14:28:09.046115   753   837 I libPowerHal: [PD] MTKPOWER_HINT_PACK_SWITCH update cmd:1408300 param:0
06-13 14:28:09.046790   753   837 I libPowerHal: [PD] MTKPOWER_HINT_PACK_SWITCH update cmd:1000000 param:-1
06-13 14:28:09.214759  1449  1461 I system_server: NativeAlloc concurrent copying GC freed 1212958(43MB) AllocSpace objects, 30(664KB) LOS objects, 68% free, 44MB/140MB, paused 216us,186us total 266.861ms
06-13 14:28:09.240744  1449  1463 W System  : A resource failed to call HardwareBuffer.close. 
06-13 14:28:09.241064  1449  1463 W System  : A resource failed to call HardwareBuffer.close. 
06-13 14:28:09.244449  1449  1463 W System  : A resource failed to call release. 
06-13 14:28:09.247336  1449  1463 W System  : A resource failed to call release. 
06-13 14:28:09.249738  1449  1463 W System  : A resource failed to call release. 
06-13 14:28:09.251748  1449  1463 W System  : A resource failed to call HardwareBuffer.close. 
06-13 14:28:09.253384  1449  1463 W System  : A resource failed to call HardwareBuffer.close. 
06-13 14:28:09.254656  1449  1463 W System  : A resource failed to call HardwareBuffer.close. 
06-13 14:28:09.259694  1449  1463 W System  : A resource failed to call release. 
06-13 14:28:09.265248  1449  1463 W System  : A resource failed to call HardwareBuffer.close. 
06-13 14:28:09.276026  1449  1463 W System  : A resource failed to call release. 
06-13 14:28:09.276155  1449  1463 W System  : A resource failed to call HardwareBuffer.close. 
06-13 14:28:09.279364  1449  1463 W System  : A resource failed to call release. 
06-13 14:28:09.279483  1449  1463 W System  : A resource failed to call HardwareBuffer.close. 
06-13 14:28:09.280792  1449  1463 W System  : A resource failed to call close. 
06-13 14:28:09.281042  1449  1463 W System  : A resource failed to call close. 
06-13 14:28:09.281127  1449  1463 W System  : A resource failed to call close. 
06-13 14:28:09.283135  1449  1463 W System  : A resource failed to call release. 
06-13 14:28:09.285029  1449  1463 W System  : A resource failed to call HardwareBuffer.close. 
06-13 14:28:09.286887  1449  1463 W System  : A resource failed to call HardwareBuffer.close. 
06-13 14:28:09.288443  1449  1463 W System  : A resource failed to call HardwareBuffer.close. 
06-13 14:28:09.288935  1449  1463 W System  : A resource failed to call HardwareBuffer.close. 
06-13 14:28:09.289459  1449  1463 W System  : A resource failed to call HardwareBuffer.close. 
06-13 14:28:09.289818  1449  1463 W System  : A resource failed to call close. 
06-13 14:28:09.380011   753   829 I libPerfCtl: xgfGetFPS pid:1692 fps:88
06-13 14:28:09.380212   753   829 I libPerfCtl: xgfGetFPS pid:2041 fps:80
06-13 14:28:09.380259   753   829 I libPowerHal: [updateFPS] pid(2041) : -1 => 90
06-13 14:28:09.380932   753   837 I libPowerHal: [perfNotifyAppState] pack:com.android.launcher3, act:com.android.searchlauncher.SearchLauncher, state:5, pid:2041, uid:1000, fps:90
06-13 14:28:09.381677   753   837 I UxUtility: notifyForegroundApp pack:com.android.launcher3, uid:1000
06-13 14:28:09.381796   753   837 I TouchUtility: notifyAppState error = NULL
06-13 14:28:09.382206   753   829 I libPerfCtl: xgfGetFPS pid:25241 fps:-1
06-13 14:28:09.649386   969   969 I thermal_repeater: [recvMdThermalInfo] ret=33, strLen=127,  2, 32767, -127, 111, 32767, 4046
06-13 14:28:09.801721   748  1625 I android.hardware.usb@1.2-service-mediatekv2: uevent_event change@/devices/platform/battery/power_supply/battery
06-13 14:28:09.802070   748  1625 I android.hardware.usb@1.2-service-mediatekv2: uevent_event change@/devices/platform/battery/power_supply/battery
06-13 14:28:09.802200   748  1625 I android.hardware.usb@1.2-service-mediatekv2: uevent_event change@/devices/platform/battery/power_supply/battery
06-13 14:28:09.802323   748  1625 I android.hardware.usb@1.2-service-mediatekv2: uevent_event change@/devices/platform/battery/power_supply/battery
06-13 14:28:09.802444   748  1625 I android.hardware.usb@1.2-service-mediatekv2: uevent_event change@/devices/platform/battery/power_supply/battery
06-13 14:28:09.802571   748  1625 I android.hardware.usb@1.2-service-mediatekv2: uevent_event change@/devices/platform/battery/power_supply/battery
06-13 14:28:09.802692   748  1625 I android.hardware.usb@1.2-service-mediatekv2: uevent_event change@/devices/platform/battery/power_supply/battery
06-13 14:28:09.802811   748  1625 I android.hardware.usb@1.2-service-mediatekv2: uevent_event change@/devices/platform/battery/power_supply/battery
06-13 14:28:09.802937   748  1625 I android.hardware.usb@1.2-service-mediatekv2: uevent_event change@/devices/platform/battery/power_supply/battery
06-13 14:28:09.803056   748  1625 I android.hardware.usb@1.2-service-mediatekv2: uevent_event change@/devices/platform/battery/power_supply/battery
06-13 14:28:09.803179   748  1625 I android.hardware.usb@1.2-service-mediatekv2: uevent_event change@/devices/platform/battery/power_supply/battery
06-13 14:28:09.803304   748  1625 I android.hardware.usb@1.2-service-mediatekv2: uevent_event change@/devices/platform/battery/power_supply/battery
06-13 14:28:09.803423   748  1625 I android.hardware.usb@1.2-service-mediatekv2: uevent_event change@/devices/platform/battery/power_supply/battery
06-13 14:28:09.803556   748  1625 I android.hardware.usb@1.2-service-mediatekv2: uevent_event change@/devices/platform/battery/power_supply/battery
06-13 14:28:09.803680   748  1625 I android.hardware.usb@1.2-service-mediatekv2: uevent_event change@/devices/platform/battery/power_supply/battery
06-13 14:28:09.803808   748  1625 I android.hardware.usb@1.2-service-mediatekv2: uevent_event change@/devices/platform/battery/power_supply/battery
06-13 14:28:09.803961   748  1625 I android.hardware.usb@1.2-service-mediatekv2: uevent_event change@/devices/platform/battery/power_supply/battery
06-13 14:28:09.804098   748  1625 I android.hardware.usb@1.2-service-mediatekv2: uevent_event change@/devices/platform/battery/power_supply/battery
06-13 14:28:09.804207   748  1625 I android.hardware.usb@1.2-service-mediatekv2: uevent_event change@/devices/platform/battery/power_supply/battery
06-13 14:28:09.804319   748  1625 I android.hardware.usb@1.2-service-mediatekv2: uevent_event change@/devices/platform/battery/power_supply/battery
06-13 14:28:09.804431   748  1625 I android.hardware.usb@1.2-service-mediatekv2: uevent_event change@/devices/platform/battery/power_supply/battery
06-13 14:28:09.850245   748  1625 I android.hardware.usb@1.2-service-mediatekv2: uevent_event change@/devices/platform/battery/power_supply/battery
06-13 14:28:09.850743   748  1625 I android.hardware.usb@1.2-service-mediatekv2: uevent_event change@/devices/platform/battery/power_supply/battery
06-13 14:28:09.851186   748  1625 I android.hardware.usb@1.2-service-mediatekv2: uevent_event change@/devices/platform/battery/power_supply/battery
06-13 14:28:09.851549   748  1625 I android.hardware.usb@1.2-service-mediatekv2: uevent_event change@/devices/platform/battery/power_supply/battery
06-13 14:28:09.851844   748  1625 I android.hardware.usb@1.2-service-mediatekv2: uevent_event change@/devices/platform/battery/power_supply/battery
06-13 14:28:09.852110   748  1625 I android.hardware.usb@1.2-service-mediatekv2: uevent_event change@/devices/platform/battery/power_supply/battery
06-13 14:28:09.852368   748  1625 I android.hardware.usb@1.2-service-mediatekv2: uevent_event change@/devices/platform/battery/power_supply/battery
06-13 14:28:09.852624   748  1625 I android.hardware.usb@1.2-service-mediatekv2: uevent_event change@/devices/platform/battery/power_supply/battery
06-13 14:28:09.852893   748  1625 I android.hardware.usb@1.2-service-mediatekv2: uevent_event change@/devices/platform/battery/power_supply/battery
06-13 14:28:09.853234   748  1625 I android.hardware.usb@1.2-service-mediatekv2: uevent_event change@/devices/platform/battery/power_supply/battery
06-13 14:28:09.853505   748  1625 I android.hardware.usb@1.2-service-mediatekv2: uevent_event change@/devices/platform/battery/power_supply/battery
06-13 14:28:09.853763   748  1625 I android.hardware.usb@1.2-service-mediatekv2: uevent_event change@/devices/platform/battery/power_supply/battery
06-13 14:28:09.854028   748  1625 I android.hardware.usb@1.2-service-mediatekv2: uevent_event change@/devices/platform/battery/power_supply/battery
06-13 14:28:09.854285   748  1625 I android.hardware.usb@1.2-service-mediatekv2: uevent_event change@/devices/platform/battery/power_supply/battery
06-13 14:28:09.854540   748  1625 I android.hardware.usb@1.2-service-mediatekv2: uevent_event change@/devices/platform/battery/power_supply/battery
06-13 14:28:09.854797   748  1625 I android.hardware.usb@1.2-service-mediatekv2: uevent_event change@/devices/platform/battery/power_supply/battery
06-13 14:28:09.855059   748  1625 I android.hardware.usb@1.2-service-mediatekv2: uevent_event change@/devices/platform/battery/power_supply/battery
06-13 14:28:09.855316   748  1625 I android.hardware.usb@1.2-service-mediatekv2: uevent_event change@/devices/platform/battery/power_supply/battery
06-13 14:28:09.855574   748  1625 I android.hardware.usb@1.2-service-mediatekv2: uevent_event change@/devices/platform/battery/power_supply/battery
06-13 14:28:09.855839   748  1625 I android.hardware.usb@1.2-service-mediatekv2: uevent_event change@/devices/platform/battery/power_supply/battery
06-13 14:28:09.856105   748  1625 I android.hardware.usb@1.2-service-mediatekv2: uevent_event change@/devices/platform/battery/power_supply/battery
06-13 14:28:10.380580   753   829 I libPerfCtl: xgfGetFPS pid:1692 fps:-1
06-13 14:28:10.380784   753   829 I libPerfCtl: xgfGetFPS pid:2041 fps:-1
06-13 14:28:10.380827   753   829 I libPowerHal: [updateFPS] pid(2041) : 90 => -1
06-13 14:28:10.381671   753   837 I libPowerHal: [perfNotifyAppState] pack:com.android.launcher3, act:com.android.searchlauncher.SearchLauncher, state:5, pid:2041, uid:1000, fps:-1
06-13 14:28:10.382186   753   837 I UxUtility: notifyForegroundApp pack:com.android.launcher3, uid:1000
06-13 14:28:10.382241   753   837 I TouchUtility: notifyAppState error = NULL
06-13 14:28:10.382638   753   829 I libPerfCtl: xgfGetFPS pid:25241 fps:-1
06-13 14:28:11.309713   741   927 I hwcomposer: [HWCDisplay] [Display_0 (type:1)] fps:17.360146,dur:2937.76,max:2349.79,min:5.91  
06-13 14:28:11.315895   761   761 I BufferQueueDebug: [WindowToken{d97a6ba type=2005 android.os.Binder@7c32be5}#2382](this:0xb4000073d8310898,id:-1,api:0,p:-1,c:761) onDestructor()
06-13 14:28:11.381053   753   829 I libPerfCtl: xgfGetFPS pid:1692 fps:-1
06-13 14:28:11.381313   753   829 I libPerfCtl: xgfGetFPS pid:2041 fps:-1
06-13 14:28:11.381387   753   829 I libPerfCtl: xgfGetFPS pid:25241 fps:-1
06-13 14:28:12.381639   753   829 I libPerfCtl: xgfGetFPS pid:1692 fps:-1
06-13 14:28:12.381808   753   829 I libPerfCtl: xgfGetFPS pid:2041 fps:-1
06-13 14:28:12.381875   753   829 I libPerfCtl: xgfGetFPS pid:25241 fps:-1
06-13 14:28:13.381979   753   829 I libPerfCtl: xgfGetFPS pid:1692 fps:-1
06-13 14:28:13.382148   753   829 I libPerfCtl: xgfGetFPS pid:2041 fps:-1
06-13 14:28:13.382217   753   829 I libPerfCtl: xgfGetFPS pid:25241 fps:-1
06-13 14:28:13.447666   761  1175 E SurfaceFlinger: MtkDuration override mode is disabled
06-13 14:28:13.459801   741   927 I hwcomposer: [HWC] (0) displaySetActiveConfig config:0  
06-13 14:28:13.463425   741   927 I hwcomposer: [HWCDisplay] [Display_0 (type:1)] fps:0.928614,dur:2153.75,max:2143.48,min:10.27  
06-13 14:28:13.984328  7952  7955 I AidlLazyServiceRegistrar: Process has 0 (of 1 available) client(s) in use after notification artd has clients: 0
06-13 14:28:13.984509  7952  7955 I AidlLazyServiceRegistrar: Trying to shut down the service. No clients in use for any service in process.
06-13 14:28:13.986539  7952  7955 I AidlLazyServiceRegistrar: Unregistered all clients and exiting
06-13 14:28:14.382706   753   829 I libPerfCtl: xgfGetFPS pid:1692 fps:-1
06-13 14:28:14.382903   753   829 I libPerfCtl: xgfGetFPS pid:2041 fps:-1
06-13 14:28:14.382971   753   829 I libPerfCtl: xgfGetFPS pid:25241 fps:-1
06-13 14:28:15.278231   748  1625 I android.hardware.usb@1.2-service-mediatekv2: uevent_event change@/devices/platform/11007000.i2c0/i2c-0/0-0064/power_supply/cw-bat
06-13 14:28:15.278858   748  1625 I android.hardware.usb@1.2-service-mediatekv2: uevent_event change@/devices/platform/11007000.i2c0/i2c-0/0-0064/power_supply/cw-bat
06-13 14:28:15.279146   748  1625 I android.hardware.usb@1.2-service-mediatekv2: uevent_event change@/devices/platform/11007000.i2c0/i2c-0/0-0064/power_supply/cw-bat
06-13 14:28:15.279420   748  1625 I android.hardware.usb@1.2-service-mediatekv2: uevent_event change@/devices/platform/11007000.i2c0/i2c-0/0-0064/power_supply/cw-bat
06-13 14:28:15.279690   748  1625 I android.hardware.usb@1.2-service-mediatekv2: uevent_event change@/devices/platform/11007000.i2c0/i2c-0/0-0064/power_supply/cw-bat
06-13 14:28:15.279962   748  1625 I android.hardware.usb@1.2-service-mediatekv2: uevent_event change@/devices/platform/11007000.i2c0/i2c-0/0-0064/power_supply/cw-bat
