06-13 14:26:49.181095 11069 11110 I LogHandler/ModemLog: update, serverResponseStr = getstatus,0
06-13 14:26:49.183727  2677 21989 W ModernMediaScanner: Failed to visit /data/debuglogger/netlog/NTLog_2025_0613_141729: java.nio.file.AccessDeniedException: /data/debuglogger/netlog/NTLog_2025_0613_141729
06-13 14:26:49.188889  2677 21989 I MediaProvider: Scanned internal due to REASON_DEMAND, found 0 items in 6ms, 0 inserts 0 updates 0 deletes
06-13 14:26:49.192774  2677 21989 W ModernMediaScanner: Failed to visit /data/debuglogger/connsyslog/fw/CsLog_2025_0613_135558/FW_version.txt: java.nio.file.AccessDeniedException: /data/debuglogger/connsyslog/fw/CsLog_2025_0613_135558/FW_version.txt
06-13 14:26:49.197908  2677 21989 I MediaProvider: Scanned internal due to REASON_DEMAND, found 0 items in 6ms, 0 inserts 0 updates 0 deletes
06-13 14:26:49.201683  2677 21989 W ModernMediaScanner: Failed to visit /data/debuglogger/connsyslog/fw/CsLog_2025_0613_135558/file_tree.txt: java.nio.file.AccessDeniedException: /data/debuglogger/connsyslog/fw/CsLog_2025_0613_135558/file_tree.txt
06-13 14:26:49.206896  2677 21989 I MediaProvider: Scanned internal due to REASON_DEMAND, found 0 items in 6ms, 0 inserts 0 updates 0 deletes
06-13 14:26:49.210474  2677 21989 W ModernMediaScanner: Failed to visit /data/debuglogger/connsyslog/fw/CsLog_2025_0613_135558/WIFI_FW_2025_0613_135558.clog: java.nio.file.AccessDeniedException: /data/debuglogger/connsyslog/fw/CsLog_2025_0613_135558/WIFI_FW_2025_0613_135558.clog
06-13 14:26:49.212236  2677  5036 W MediaProvider: isAppCloneUserPair for user 0: false
06-13 14:26:49.215452  2677 21989 I MediaProvider: Scanned internal due to REASON_DEMAND, found 0 items in 6ms, 0 inserts 0 updates 0 deletes
06-13 14:26:49.219180  2677 21989 W ModernMediaScanner: Failed to visit /data/debuglogger/connsyslog/fw/CsLog_2025_0613_135558: java.nio.file.AccessDeniedException: /data/debuglogger/connsyslog/fw/CsLog_2025_0613_135558
06-13 14:26:49.222525  2230  3187 I UriTaskContentObserver: (REDACTED) Throttling content uri change event for %s
06-13 14:26:49.223629  2230  3187 I UriTaskContentObserver: (REDACTED) Throttling content uri change event for %s
06-13 14:26:49.225724  2677 21989 I MediaProvider: Scanned internal due to REASON_DEMAND, found 0 items in 8ms, 0 inserts 0 updates 0 deletes
06-13 14:26:49.229475  2230  8118 I NetworkScheduler.Stats: (REDACTED) Task %s/%s started execution. cause:%s exec_start_elapsed_seconds: %s
06-13 14:26:49.229825  2677 21989 W ModernMediaScanner: Failed to visit /data/debuglogger/connsyslog/fw/CsLog_2025_0613_141730/FW_version.txt: java.nio.file.AccessDeniedException: /data/debuglogger/connsyslog/fw/CsLog_2025_0613_141730/FW_version.txt
06-13 14:26:49.233677  2677 11788 W MediaProvider: isAppCloneUserPair for user 0: false
06-13 14:26:49.234651  2677 11788 W MediaProvider: isAppCloneUserPair for user 0: false
06-13 14:26:49.235191  2677 21989 I MediaProvider: Scanned internal due to REASON_DEMAND, found 0 items in 6ms, 0 inserts 0 updates 0 deletes
06-13 14:26:49.239812  2677 21989 W ModernMediaScanner: Failed to visit /data/debuglogger/connsyslog/fw/CsLog_2025_0613_141730/file_tree.txt: java.nio.file.AccessDeniedException: /data/debuglogger/connsyslog/fw/CsLog_2025_0613_141730/file_tree.txt
06-13 14:26:49.244009  2230  8243 I NetworkScheduler.Stats: (REDACTED) Task %s/%s finished executing. cause:%s result: %s elapsed_millis: %s uptime_millis: %s exec_start_elapsed_seconds: %s
06-13 14:26:49.245638  2677 21989 I MediaProvider: Scanned internal due to REASON_DEMAND, found 0 items in 8ms, 0 inserts 0 updates 0 deletes
06-13 14:26:49.246968  2677  5036 W MediaProvider: isAppCloneUserPair for user 0: false
06-13 14:26:49.248120 30079 30101 W BinderCallGmsPrvdr: Found invalid Chimera context. Getting Best guess RequestContext from trace. [CONTEXT service_id=357 ]
06-13 14:26:49.250052  2677 21989 W ModernMediaScanner: Failed to visit /data/debuglogger/connsyslog/fw/CsLog_2025_0613_141730/WIFI_FW_2025_0613_141730.clog: java.nio.file.AccessDeniedException: /data/debuglogger/connsyslog/fw/CsLog_2025_0613_141730/WIFI_FW_2025_0613_141730.clog
06-13 14:26:49.255524  2677 21989 I MediaProvider: Scanned internal due to REASON_DEMAND, found 0 items in 7ms, 0 inserts 0 updates 0 deletes
06-13 14:26:49.260343  2677 21989 W ModernMediaScanner: Failed to visit /data/debuglogger/connsyslog/fw/CsLog_2025_0613_141730: java.nio.file.AccessDeniedException: /data/debuglogger/connsyslog/fw/CsLog_2025_0613_141730
06-13 14:26:49.264870  2677  3047 W MediaProvider: isAppCloneUserPair for user 0: false
06-13 14:26:49.265453  2677 21989 I MediaProvider: Scanned internal due to REASON_DEMAND, found 0 items in 6ms, 0 inserts 0 updates 0 deletes
06-13 14:26:49.269001  2677 21989 W ModernMediaScanner: Failed to visit /data/debuglogger/mobilelog/APLog_2025_0613_135557__27/mblog_history: java.nio.file.AccessDeniedException: /data/debuglogger/mobilelog/APLog_2025_0613_135557__27/mblog_history
06-13 14:26:49.274440  2677 21989 I MediaProvider: Scanned internal due to REASON_DEMAND, found 0 items in 7ms, 0 inserts 0 updates 0 deletes
06-13 14:26:49.277535  2677 21989 W ModernMediaScanner: Failed to visit /data/debuglogger/mobilelog/APLog_2025_0613_135557__27/properties: java.nio.file.AccessDeniedException: /data/debuglogger/mobilelog/APLog_2025_0613_135557__27/properties
06-13 14:26:49.277841  2677 29595 W MediaProvider: isAppCloneUserPair for user 0: false
06-13 14:26:49.281042 11069  8206 I LogHandler/AbstractLogInstance: getResponse, responseStr = getstatus,0 and waiting time remaining = 14900
06-13 14:26:49.281206 11069  8206 I LogHandler/AbstractLogInstance: <--getValueFromServer(), serverValue = 0
06-13 14:26:49.281596 11069 11069 I DebugLoggerUI/MainActivity: -->updateUI(), Update UI Start
06-13 14:26:49.281684 11069 11069 I DebugLoggerUI/MainActivity: -->dismissTagProgressDialog()
06-13 14:26:49.281818 11069 11069 I DebugLoggerUI/MainActivity: changeWaitingDialog() -> currentRunningStage is 0
06-13 14:26:49.282787 11069 11069 I DebugLoggerUI/LogControllerUtils: <--isAnyConnsysLogRunning()? false
06-13 14:26:49.279000  6997  6997 W pool-6-thread-4: type=1400 audit(0.0:3010): avc:  denied  { read } for  name="bthci" dev="dm-48" ino=16268 scontext=u:r:system_app:s0 tcontext=u:object_r:debuglog_data_file:s0:c512,c768 tclass=lnk_file permissive=0
06-13 14:26:49.283101  2677 21989 I MediaProvider: Scanned internal due to REASON_DEMAND, found 0 items in 6ms, 0 inserts 0 updates 0 deletes
06-13 14:26:49.283308  2230  3187 I UriTaskContentObserver: (REDACTED) Throttling content uri change event for %s
06-13 14:26:49.284603 11069  8287 W DebugLoggerUI/LogControllerUtils: getCanBeDeletedFileList() taglogFolder = /data/debuglogger/taglog is not exist!
06-13 14:26:49.279000  6997  6997 W pool-6-thread-4: type=1400 audit(0.0:3011): avc:  denied  { read } for  name="bthci" dev="dm-48" ino=16268 scontext=u:r:system_app:s0 tcontext=u:object_r:debuglog_data_file:s0:c512,c768 tclass=lnk_file permissive=0
06-13 14:26:49.279000  2677  2677 W binder:2677_7: type=1400 audit(0.0:3012): avc:  denied  { getattr } for  path="/data/debuglogger" dev="dm-48" ino=482 scontext=u:r:mediaprovider_app:s0:c195,c256,c512,c768 tcontext=u:object_r:debuglog_data_file:s0 tclass=dir permissive=0 app=com.google.android.providers.media.module
06-13 14:26:49.283000  2677  2677 W binder:2677_7: type=1400 audit(0.0:3013): avc:  denied  { getattr } for  path="/data/debuglogger" dev="dm-48" ino=482 scontext=u:r:mediaprovider_app:s0:c195,c256,c512,c768 tcontext=u:object_r:debuglog_data_file:s0 tclass=dir permissive=0 app=com.google.android.providers.media.module
06-13 14:26:49.287515  2677 21989 W ModernMediaScanner: Failed to visit /data/debuglogger/mobilelog/APLog_2025_0613_135557__27/pl_lk: java.nio.file.AccessDeniedException: /data/debuglogger/mobilelog/APLog_2025_0613_135557__27/pl_lk
06-13 14:26:49.292026  2677 11788 W MediaProvider: isAppCloneUserPair for user 0: false
06-13 14:26:49.292350  2677 21989 I MediaProvider: Scanned internal due to REASON_DEMAND, found 0 items in 6ms, 0 inserts 0 updates 0 deletes
06-13 14:26:49.293199 11069 11069 I DebugLoggerUI/MainActivity: Receive check existing log folder done message, result=true
06-13 14:26:49.293303  2677 11788 W MediaProvider: isAppCloneUserPair for user 0: false
06-13 14:26:49.291000  2677  2677 W binder:2677_7: type=1400 audit(0.0:3014): avc:  denied  { getattr } for  path="/data/debuglogger" dev="dm-48" ino=482 scontext=u:r:mediaprovider_app:s0:c195,c256,c512,c768 tcontext=u:object_r:debuglog_data_file:s0 tclass=dir permissive=0 app=com.google.android.providers.media.module
06-13 14:26:49.295548  2677 21989 W ModernMediaScanner: Failed to visit /data/debuglogger/mobilelog/APLog_2025_0613_135557__27/bootprof: java.nio.file.AccessDeniedException: /data/debuglogger/mobilelog/APLog_2025_0613_135557__27/bootprof
06-13 14:26:49.297917  2677 21989 I MediaProvider: Scanned internal due to REASON_DEMAND, found 0 items in 3ms, 0 inserts 0 updates 0 deletes
06-13 14:26:49.299944  2230  3187 I UriTaskContentObserver: (REDACTED) Throttling content uri change event for %s
06-13 14:26:49.300286  2677 21989 W ModernMediaScanner: Failed to visit /data/debuglogger/mobilelog/APLog_2025_0613_135557__27/radio_log_2__2025_0613_141622: java.nio.file.AccessDeniedException: /data/debuglogger/mobilelog/APLog_2025_0613_135557__27/radio_log_2__2025_0613_141622
06-13 14:26:49.302904  2677 21989 I MediaProvider: Scanned internal due to REASON_DEMAND, found 0 items in 3ms, 0 inserts 0 updates 0 deletes
06-13 14:26:49.305234  2677 21989 W ModernMediaScanner: Failed to visit /data/debuglogger/mobilelog/APLog_2025_0613_135557__27/events_log_3__2025_0613_141622: java.nio.file.AccessDeniedException: /data/debuglogger/mobilelog/APLog_2025_0613_135557__27/events_log_3__2025_0613_141622
06-13 14:26:49.307090  2677  5036 W MediaProvider: isAppCloneUserPair for user 0: false
06-13 14:26:49.307487  2677 21989 I MediaProvider: Scanned internal due to REASON_DEMAND, found 0 items in 3ms, 0 inserts 0 updates 0 deletes
06-13 14:26:49.309969  2677 21989 W ModernMediaScanner: Failed to visit /data/debuglogger/mobilelog/APLog_2025_0613_135557__27/sys_log_4__2025_0613_141622: java.nio.file.AccessDeniedException: /data/debuglogger/mobilelog/APLog_2025_0613_135557__27/sys_log_4__2025_0613_141622
06-13 14:26:49.312385   741   927 I hwcomposer: [HWCDisplay] [Display_0 (type:1)] fps:69.071014,dur:1129.27,max:142.45,min:10.18  
06-13 14:26:49.312738  2230  3187 I UriTaskContentObserver: (REDACTED) Throttling content uri change event for %s
06-13 14:26:49.312802  2677 21989 I MediaProvider: Scanned internal due to REASON_DEMAND, found 0 items in 3ms, 0 inserts 0 updates 0 deletes
06-13 14:26:49.315423  2677 21989 W ModernMediaScanner: Failed to visit /data/debuglogger/mobilelog/APLog_2025_0613_135557__27/crash_log_5__2025_0613_141622: java.nio.file.AccessDeniedException: /data/debuglogger/mobilelog/APLog_2025_0613_135557__27/crash_log_5__2025_0613_141622
06-13 14:26:49.317803  2677 21989 I MediaProvider: Scanned internal due to REASON_DEMAND, found 0 items in 3ms, 0 inserts 0 updates 0 deletes
06-13 14:26:49.320314  2677 21989 W ModernMediaScanner: Failed to visit /data/debuglogger/mobilelog/APLog_2025_0613_135557__27/kernel_log_6__2025_0613_141622: java.nio.file.AccessDeniedException: /data/debuglogger/mobilelog/APLog_2025_0613_135557__27/kernel_log_6__2025_0613_141622
06-13 14:26:49.322996  2677 21989 I MediaProvider: Scanned internal due to REASON_DEMAND, found 0 items in 3ms, 0 inserts 0 updates 0 deletes
06-13 14:26:49.325397  2677 21989 W ModernMediaScanner: Failed to visit /data/debuglogger/mobilelog/APLog_2025_0613_135557__27/atf_log_7__2025_0613_141622: java.nio.file.AccessDeniedException: /data/debuglogger/mobilelog/APLog_2025_0613_135557__27/atf_log_7__2025_0613_141622
06-13 14:26:49.325557  2677  3046 W MediaProvider: isAppCloneUserPair for user 0: false
06-13 14:26:49.327766  2677 21989 I MediaProvider: Scanned internal due to REASON_DEMAND, found 0 items in 3ms, 0 inserts 0 updates 0 deletes
06-13 14:26:49.330327  2677 21989 W ModernMediaScanner: Failed to visit /data/debuglogger/mobilelog/APLog_2025_0613_135557__27/gz_log_8__2025_0613_141622: java.nio.file.AccessDeniedException: /data/debuglogger/mobilelog/APLog_2025_0613_135557__27/gz_log_8__2025_0613_141622
06-13 14:26:49.332793  2677 21989 I MediaProvider: Scanned internal due to REASON_DEMAND, found 0 items in 3ms, 0 inserts 0 updates 0 deletes
06-13 14:26:49.333284  2230  3187 I UriTaskContentObserver: (REDACTED) Throttling content uri change event for %s
06-13 14:26:49.335298  2677 21989 W ModernMediaScanner: Failed to visit /data/debuglogger/mobilelog/APLog_2025_0613_135557__27/bsp_log_9__2025_0613_141622: java.nio.file.AccessDeniedException: /data/debuglogger/mobilelog/APLog_2025_0613_135557__27/bsp_log_9__2025_0613_141622
06-13 14:26:49.337924  2677 21989 I MediaProvider: Scanned internal due to REASON_DEMAND, found 0 items in 3ms, 0 inserts 0 updates 0 deletes
06-13 14:26:49.340383  2677 21989 W ModernMediaScanner: Failed to visit /data/debuglogger/mobilelog/APLog_2025_0613_135557__27/scp_log_10__2025_0613_141622: java.nio.file.AccessDeniedException: /data/debuglogger/mobilelog/APLog_2025_0613_135557__27/scp_log_10__2025_0613_141622
06-13 14:26:49.342916  2677 21989 I MediaProvider: Scanned internal due to REASON_DEMAND, found 0 items in 3ms, 0 inserts 0 updates 0 deletes
06-13 14:26:49.345594  2677 21989 W ModernMediaScanner: Failed to visit /data/debuglogger/mobilelog/APLog_2025_0613_135557__27/sspm_log_11__2025_0613_141622: java.nio.file.AccessDeniedException: /data/debuglogger/mobilelog/APLog_2025_0613_135557__27/sspm_log_11__2025_0613_141622
06-13 14:26:49.348066  2677 21989 I MediaProvider: Scanned internal due to REASON_DEMAND, found 0 items in 3ms, 0 inserts 0 updates 0 deletes
06-13 14:26:49.348114  2677 29595 W MediaProvider: isAppCloneUserPair for user 0: false
06-13 14:26:49.350686  2677 21989 W ModernMediaScanner: Failed to visit /data/debuglogger/mobilelog/APLog_2025_0613_135557__27/main_log_1__2025_0613_141622: java.nio.file.AccessDeniedException: /data/debuglogger/mobilelog/APLog_2025_0613_135557__27/main_log_1__2025_0613_141622
06-13 14:26:49.353075  2677 21989 I MediaProvider: Scanned internal due to REASON_DEMAND, found 0 items in 3ms, 0 inserts 0 updates 0 deletes
06-13 14:26:49.355134  2230  3187 I UriTaskContentObserver: (REDACTED) Throttling content uri change event for %s
06-13 14:26:49.355520  2677 21989 W ModernMediaScanner: Failed to visit /data/debuglogger/mobilelog/APLog_2025_0613_135557__27/connsys_picus_log_12__2025_0613_141622: java.nio.file.AccessDeniedException: /data/debuglogger/mobilelog/APLog_2025_0613_135557__27/connsys_picus_log_12__2025_0613_141622
06-13 14:26:49.357944  2677 21989 I MediaProvider: Scanned internal due to REASON_DEMAND, found 0 items in 3ms, 0 inserts 0 updates 0 deletes
06-13 14:26:49.360200  2677 21989 W ModernMediaScanner: Failed to visit /data/debuglogger/mobilelog/APLog_2025_0613_135557__27: java.nio.file.AccessDeniedException: /data/debuglogger/mobilelog/APLog_2025_0613_135557__27
06-13 14:26:49.362586  2677 21989 I MediaProvider: Scanned internal due to REASON_DEMAND, found 0 items in 3ms, 0 inserts 0 updates 0 deletes
06-13 14:26:49.364781  2677  3047 W MediaProvider: isAppCloneUserPair for user 0: false
06-13 14:26:49.364886  2677 21989 W ModernMediaScanner: Failed to visit /data/debuglogger/mobilelog/APLog_2025_0613_141728__28/mblog_history: java.nio.file.AccessDeniedException: /data/debuglogger/mobilelog/APLog_2025_0613_141728__28/mblog_history
06-13 14:26:49.367211  2677 21989 I MediaProvider: Scanned internal due to REASON_DEMAND, found 0 items in 3ms, 0 inserts 0 updates 0 deletes
06-13 14:26:49.369947  2677 21989 W ModernMediaScanner: Failed to visit /data/debuglogger/mobilelog/APLog_2025_0613_141728__28/properties: java.nio.file.AccessDeniedException: /data/debuglogger/mobilelog/APLog_2025_0613_141728__28/properties
06-13 14:26:49.372285  2677 21989 I MediaProvider: Scanned internal due to REASON_DEMAND, found 0 items in 3ms, 0 inserts 0 updates 0 deletes
06-13 14:26:49.374761  2677 21989 W ModernMediaScanner: Failed to visit /data/debuglogger/mobilelog/APLog_2025_0613_141728__28/pl_lk: java.nio.file.AccessDeniedException: /data/debuglogger/mobilelog/APLog_2025_0613_141728__28/pl_lk
06-13 14:26:49.377092  2677 21989 I MediaProvider: Scanned internal due to REASON_DEMAND, found 0 items in 2ms, 0 inserts 0 updates 0 deletes
06-13 14:26:49.379801  2677 21989 W ModernMediaScanner: Failed to visit /data/debuglogger/mobilelog/APLog_2025_0613_141728__28/bootprof: java.nio.file.AccessDeniedException: /data/debuglogger/mobilelog/APLog_2025_0613_141728__28/bootprof
06-13 14:26:49.382126  2677 21989 I MediaProvider: Scanned internal due to REASON_DEMAND, found 0 items in 2ms, 0 inserts 0 updates 0 deletes
06-13 14:26:49.384204  2677 21989 W ModernMediaScanner: Failed to visit /data/debuglogger/mobilelog/APLog_2025_0613_141728__28/radio_log_2__2025_0613_141754: java.nio.file.AccessDeniedException: /data/debuglogger/mobilelog/APLog_2025_0613_141728__28/radio_log_2__2025_0613_141754
06-13 14:26:49.386474  2677 21989 I MediaProvider: Scanned internal due to REASON_DEMAND, found 0 items in 3ms, 0 inserts 0 updates 0 deletes
06-13 14:26:49.388976  2677 21989 W ModernMediaScanner: Failed to visit /data/debuglogger/mobilelog/APLog_2025_0613_141728__28/events_log_3__2025_0613_141754: java.nio.file.AccessDeniedException: /data/debuglogger/mobilelog/APLog_2025_0613_141728__28/events_log_3__2025_0613_141754
06-13 14:26:49.391223  2677 21989 I MediaProvider: Scanned internal due to REASON_DEMAND, found 0 items in 3ms, 0 inserts 0 updates 0 deletes
06-13 14:26:49.393217  2677 21989 W ModernMediaScanner: Failed to visit /data/debuglogger/mobilelog/APLog_2025_0613_141728__28/sys_log_4__2025_0613_141754: java.nio.file.AccessDeniedException: /data/debuglogger/mobilelog/APLog_2025_0613_141728__28/sys_log_4__2025_0613_141754
06-13 14:26:49.395499  2677 21989 I MediaProvider: Scanned internal due to REASON_DEMAND, found 0 items in 3ms, 0 inserts 0 updates 0 deletes
06-13 14:26:49.397890  2677 21989 W ModernMediaScanner: Failed to visit /data/debuglogger/mobilelog/APLog_2025_0613_141728__28/crash_log_5__2025_0613_141754: java.nio.file.AccessDeniedException: /data/debuglogger/mobilelog/APLog_2025_0613_141728__28/crash_log_5__2025_0613_141754
06-13 14:26:49.400227  2677 21989 I MediaProvider: Scanned internal due to REASON_DEMAND, found 0 items in 3ms, 0 inserts 0 updates 0 deletes
06-13 14:26:49.402878  2677 21989 W ModernMediaScanner: Failed to visit /data/debuglogger/mobilelog/APLog_2025_0613_141728__28/kernel_log_6__2025_0613_141754: java.nio.file.AccessDeniedException: /data/debuglogger/mobilelog/APLog_2025_0613_141728__28/kernel_log_6__2025_0613_141754
06-13 14:26:49.405121  2677 21989 I MediaProvider: Scanned internal due to REASON_DEMAND, found 0 items in 2ms, 0 inserts 0 updates 0 deletes
06-13 14:26:49.407586  2677 21989 W ModernMediaScanner: Failed to visit /data/debuglogger/mobilelog/APLog_2025_0613_141728__28/atf_log_7__2025_0613_141754: java.nio.file.AccessDeniedException: /data/debuglogger/mobilelog/APLog_2025_0613_141728__28/atf_log_7__2025_0613_141754
06-13 14:26:49.409937  2677 21989 I MediaProvider: Scanned internal due to REASON_DEMAND, found 0 items in 3ms, 0 inserts 0 updates 0 deletes
06-13 14:26:49.412316  2677 21989 W ModernMediaScanner: Failed to visit /data/debuglogger/mobilelog/APLog_2025_0613_141728__28/gz_log_8__2025_0613_141754: java.nio.file.AccessDeniedException: /data/debuglogger/mobilelog/APLog_2025_0613_141728__28/gz_log_8__2025_0613_141754
06-13 14:26:49.414596  2677 21989 I MediaProvider: Scanned internal due to REASON_DEMAND, found 0 items in 3ms, 0 inserts 0 updates 0 deletes
06-13 14:26:49.417027  2677 21989 W ModernMediaScanner: Failed to visit /data/debuglogger/mobilelog/APLog_2025_0613_141728__28/bsp_log_9__2025_0613_141754: java.nio.file.AccessDeniedException: /data/debuglogger/mobilelog/APLog_2025_0613_141728__28/bsp_log_9__2025_0613_141754
06-13 14:26:49.419349  2677 21989 I MediaProvider: Scanned internal due to REASON_DEMAND, found 0 items in 3ms, 0 inserts 0 updates 0 deletes
06-13 14:26:49.421754  2677 21989 W ModernMediaScanner: Failed to visit /data/debuglogger/mobilelog/APLog_2025_0613_141728__28/scp_log_10__2025_0613_141754: java.nio.file.AccessDeniedException: /data/debuglogger/mobilelog/APLog_2025_0613_141728__28/scp_log_10__2025_0613_141754
06-13 14:26:49.424008  2677 21989 I MediaProvider: Scanned internal due to REASON_DEMAND, found 0 items in 2ms, 0 inserts 0 updates 0 deletes
06-13 14:26:49.426554  2677 21989 W ModernMediaScanner: Failed to visit /data/debuglogger/mobilelog/APLog_2025_0613_141728__28/sspm_log_11__2025_0613_141754: java.nio.file.AccessDeniedException: /data/debuglogger/mobilelog/APLog_2025_0613_141728__28/sspm_log_11__2025_0613_141754
06-13 14:26:49.428846  2677 21989 I MediaProvider: Scanned internal due to REASON_DEMAND, found 0 items in 3ms, 0 inserts 0 updates 0 deletes
06-13 14:26:49.431242  2677 21989 W ModernMediaScanner: Failed to visit /data/debuglogger/mobilelog/APLog_2025_0613_141728__28/main_log_1__2025_0613_141754: java.nio.file.AccessDeniedException: /data/debuglogger/mobilelog/APLog_2025_0613_141728__28/main_log_1__2025_0613_141754
06-13 14:26:49.433594  2677 21989 I MediaProvider: Scanned internal due to REASON_DEMAND, found 0 items in 3ms, 0 inserts 0 updates 0 deletes
06-13 14:26:49.435794  2677 21989 W ModernMediaScanner: Failed to visit /data/debuglogger/mobilelog/APLog_2025_0613_141728__28/connsys_picus_log_12__2025_0613_141754: java.nio.file.AccessDeniedException: /data/debuglogger/mobilelog/APLog_2025_0613_141728__28/connsys_picus_log_12__2025_0613_141754
06-13 14:26:49.438055  2677 21989 I MediaProvider: Scanned internal due to REASON_DEMAND, found 0 items in 2ms, 0 inserts 0 updates 0 deletes
06-13 14:26:49.438910  2677 11788 W MediaProvider: isAppCloneUserPair for user 0: false
06-13 14:26:49.440113  2677 21989 W ModernMediaScanner: Failed to visit /data/debuglogger/mobilelog/APLog_2025_0613_141728__28: java.nio.file.AccessDeniedException: /data/debuglogger/mobilelog/APLog_2025_0613_141728__28
06-13 14:26:49.442363  2677 21989 I MediaProvider: Scanned internal due to REASON_DEMAND, found 0 items in 3ms, 0 inserts 0 updates 0 deletes
06-13 14:26:49.444942  2677 21989 W ModernMediaScanner: Failed to visit /data/debuglogger/mdlog1/MDLog1_2025_0613_135558/MDLog1_2025_0613_135558.muxz: java.nio.file.AccessDeniedException: /data/debuglogger/mdlog1/MDLog1_2025_0613_135558/MDLog1_2025_0613_135558.muxz
06-13 14:26:49.446238  2230  3187 I UriTaskContentObserver: (REDACTED) Throttling content uri change event for %s
06-13 14:26:49.447202  2677 21989 I MediaProvider: Scanned internal due to REASON_DEMAND, found 0 items in 3ms, 0 inserts 0 updates 0 deletes
06-13 14:26:49.449528  2677 21989 W ModernMediaScanner: Failed to visit /data/debuglogger/mdlog1/MDLog1_2025_0613_135558/version_info.txt: java.nio.file.AccessDeniedException: /data/debuglogger/mdlog1/MDLog1_2025_0613_135558/version_info.txt
06-13 14:26:49.451811  2677 21989 I MediaProvider: Scanned internal due to REASON_DEMAND, found 0 items in 3ms, 0 inserts 0 updates 0 deletes
06-13 14:26:49.454221  2677 21989 W ModernMediaScanner: Failed to visit /data/debuglogger/mdlog1/MDLog1_2025_0613_135558/file_tree.txt: java.nio.file.AccessDeniedException: /data/debuglogger/mdlog1/MDLog1_2025_0613_135558/file_tree.txt
06-13 14:26:49.456437  2677 21989 I MediaProvider: Scanned internal due to REASON_DEMAND, found 0 items in 3ms, 0 inserts 0 updates 0 deletes
06-13 14:26:49.458907  2677 21989 W ModernMediaScanner: Failed to visit /data/debuglogger/mdlog1/MDLog1_2025_0613_135558/MDDB_PHONE_1_ulwtg_n.EDB: java.nio.file.AccessDeniedException: /data/debuglogger/mdlog1/MDLog1_2025_0613_135558/MDDB_PHONE_1_ulwtg_n.EDB
06-13 14:26:49.461339  2677 21989 I MediaProvider: Scanned internal due to REASON_DEMAND, found 0 items in 3ms, 0 inserts 0 updates 0 deletes
06-13 14:26:49.463579  2677 21989 W ModernMediaScanner: Failed to visit /data/debuglogger/mdlog1/MDLog1_2025_0613_135558: java.nio.file.AccessDeniedException: /data/debuglogger/mdlog1/MDLog1_2025_0613_135558
06-13 14:26:49.465846  2677 21989 I MediaProvider: Scanned internal due to REASON_DEMAND, found 0 items in 3ms, 0 inserts 0 updates 0 deletes
06-13 14:26:49.466503  2677  5036 W MediaProvider: isAppCloneUserPair for user 0: false
06-13 14:26:49.468108  2677 21989 W ModernMediaScanner: Failed to visit /data/debuglogger/mdlog1/MDLog1_2025_0613_141730/version_info.txt: java.nio.file.AccessDeniedException: /data/debuglogger/mdlog1/MDLog1_2025_0613_141730/version_info.txt
06-13 14:26:49.470451  2677 21989 I MediaProvider: Scanned internal due to REASON_DEMAND, found 0 items in 3ms, 0 inserts 0 updates 0 deletes
06-13 14:26:49.472879  2677 21989 W ModernMediaScanner: Failed to visit /data/debuglogger/mdlog1/MDLog1_2025_0613_141730/MDLog1_2025_0613_141730.muxz: java.nio.file.AccessDeniedException: /data/debuglogger/mdlog1/MDLog1_2025_0613_141730/MDLog1_2025_0613_141730.muxz
06-13 14:26:49.474521  2230  3187 I UriTaskContentObserver: (REDACTED) Throttling content uri change event for %s
06-13 14:26:49.475222  2677 21989 I MediaProvider: Scanned internal due to REASON_DEMAND, found 0 items in 3ms, 0 inserts 0 updates 0 deletes
06-13 14:26:49.477726  2677 21989 W ModernMediaScanner: Failed to visit /data/debuglogger/mdlog1/MDLog1_2025_0613_141730/file_tree.txt: java.nio.file.AccessDeniedException: /data/debuglogger/mdlog1/MDLog1_2025_0613_141730/file_tree.txt
06-13 14:26:49.479986  2677 21989 I MediaProvider: Scanned internal due to REASON_DEMAND, found 0 items in 3ms, 0 inserts 0 updates 0 deletes
06-13 14:26:49.482476  2677 21989 W ModernMediaScanner: Failed to visit /data/debuglogger/mdlog1/MDLog1_2025_0613_141730/MDDB_PHONE_1_ulwtg_n.EDB: java.nio.file.AccessDeniedException: /data/debuglogger/mdlog1/MDLog1_2025_0613_141730/MDDB_PHONE_1_ulwtg_n.EDB
06-13 14:26:49.484854  2677 21989 I MediaProvider: Scanned internal due to REASON_DEMAND, found 0 items in 3ms, 0 inserts 0 updates 0 deletes
06-13 14:26:49.487296  2677 21989 W ModernMediaScanner: Failed to visit /data/debuglogger/mdlog1/MDLog1_2025_0613_141730: java.nio.file.AccessDeniedException: /data/debuglogger/mdlog1/MDLog1_2025_0613_141730
06-13 14:26:49.489765  2677 21989 I MediaProvider: Scanned internal due to REASON_DEMAND, found 0 items in 3ms, 0 inserts 0 updates 0 deletes
06-13 14:26:49.490342   969   969 I thermal_repeater: [recvMdThermalInfo] ret=33, strLen=127,  2, 32767, -127, 111, 32767, 4046
06-13 14:26:49.492039  2677 21989 W ModernMediaScanner: Failed to visit /data/debuglogger/netlog/NTLog_2025_0613_142532/dump-stats-2025_0613_142643_stop.txt: java.nio.file.AccessDeniedException: /data/debuglogger/netlog/NTLog_2025_0613_142532/dump-stats-2025_0613_142643_stop.txt
06-13 14:26:49.494305  2677 21989 I MediaProvider: Scanned internal due to REASON_DEMAND, found 0 items in 3ms, 0 inserts 0 updates 0 deletes
06-13 14:26:49.496781  2677 21989 W ModernMediaScanner: Failed to visit /data/debuglogger/netlog/NTLog_2025_0613_142532/tcpdump_NTLog_V2_2025_0613_142532_start_1.cap: java.nio.file.AccessDeniedException: /data/debuglogger/netlog/NTLog_2025_0613_142532/tcpdump_NTLog_V2_2025_0613_142532_start_1.cap
06-13 14:26:49.499068  2677 21989 I MediaProvider: Scanned internal due to REASON_DEMAND, found 0 items in 2ms, 0 inserts 0 updates 0 deletes
06-13 14:26:49.501206  2677  3046 W MediaProvider: isAppCloneUserPair for user 0: false
06-13 14:26:49.501514  2677 21989 W ModernMediaScanner: Failed to visit /data/debuglogger/netlog/NTLog_2025_0613_142532: java.nio.file.AccessDeniedException: /data/debuglogger/netlog/NTLog_2025_0613_142532
06-13 14:26:49.503831  2677 21989 I MediaProvider: Scanned internal due to REASON_DEMAND, found 0 items in 3ms, 0 inserts 0 updates 0 deletes
06-13 14:26:49.506546  2677 21989 W ModernMediaScanner: Failed to visit /data/debuglogger/connsyslog/fw/CsLog_2025_0613_142533/FW_version.txt: java.nio.file.AccessDeniedException: /data/debuglogger/connsyslog/fw/CsLog_2025_0613_142533/FW_version.txt
06-13 14:26:49.508773  2677 21989 I MediaProvider: Scanned internal due to REASON_DEMAND, found 0 items in 3ms, 0 inserts 0 updates 0 deletes
06-13 14:26:49.511186  2677 21989 W ModernMediaScanner: Failed to visit /data/debuglogger/connsyslog/fw/CsLog_2025_0613_142533/file_tree.txt: java.nio.file.AccessDeniedException: /data/debuglogger/connsyslog/fw/CsLog_2025_0613_142533/file_tree.txt
06-13 14:26:49.513567  2677 21989 I MediaProvider: Scanned internal due to REASON_DEMAND, found 0 items in 3ms, 0 inserts 0 updates 0 deletes
06-13 14:26:49.515862  2677 21989 W ModernMediaScanner: Failed to visit /data/debuglogger/connsyslog/fw/CsLog_2025_0613_142533/WIFI_FW_2025_0613_142533.clog: java.nio.file.AccessDeniedException: /data/debuglogger/connsyslog/fw/CsLog_2025_0613_142533/WIFI_FW_2025_0613_142533.clog
06-13 14:26:49.518150  2677 21989 I MediaProvider: Scanned internal due to REASON_DEMAND, found 0 items in 2ms, 0 inserts 0 updates 0 deletes
06-13 14:26:49.520210  2677 21989 W ModernMediaScanner: Failed to visit /data/debuglogger/connsyslog/fw/CsLog_2025_0613_142533: java.nio.file.AccessDeniedException: /data/debuglogger/connsyslog/fw/CsLog_2025_0613_142533
06-13 14:26:49.522458  2677 11788 W MediaProvider: isAppCloneUserPair for user 0: false
06-13 14:26:49.522605  2677 21989 I MediaProvider: Scanned internal due to REASON_DEMAND, found 0 items in 3ms, 0 inserts 0 updates 0 deletes
06-13 14:26:49.524699  2677 21989 W ModernMediaScanner: Failed to visit /data/debuglogger/mobilelog/APLog_2025_0613_142531__29/mblog_history: java.nio.file.AccessDeniedException: /data/debuglogger/mobilelog/APLog_2025_0613_142531__29/mblog_history
06-13 14:26:49.527028  2677 21989 I MediaProvider: Scanned internal due to REASON_DEMAND, found 0 items in 2ms, 0 inserts 0 updates 0 deletes
06-13 14:26:49.529062  2677 21989 W ModernMediaScanner: Failed to visit /data/debuglogger/mobilelog/APLog_2025_0613_142531__29/properties: java.nio.file.AccessDeniedException: /data/debuglogger/mobilelog/APLog_2025_0613_142531__29/properties
06-13 14:26:49.530150  2230  3187 I UriTaskContentObserver: (REDACTED) Throttling content uri change event for %s
06-13 14:26:49.531420  2677 21989 I MediaProvider: Scanned internal due to REASON_DEMAND, found 0 items in 3ms, 0 inserts 0 updates 0 deletes
06-13 14:26:49.533908  2677 21989 W ModernMediaScanner: Failed to visit /data/debuglogger/mobilelog/APLog_2025_0613_142531__29/pl_lk: java.nio.file.AccessDeniedException: /data/debuglogger/mobilelog/APLog_2025_0613_142531__29/pl_lk
06-13 14:26:49.536137  2677 21989 I MediaProvider: Scanned internal due to REASON_DEMAND, found 0 items in 2ms, 0 inserts 0 updates 0 deletes
06-13 14:26:49.538793  2677 21989 W ModernMediaScanner: Failed to visit /data/debuglogger/mobilelog/APLog_2025_0613_142531__29/bootprof: java.nio.file.AccessDeniedException: /data/debuglogger/mobilelog/APLog_2025_0613_142531__29/bootprof
06-13 14:26:49.541190  2677 21989 I MediaProvider: Scanned internal due to REASON_DEMAND, found 0 items in 2ms, 0 inserts 0 updates 0 deletes
06-13 14:26:49.543571  2677 21989 W ModernMediaScanner: Failed to visit /data/debuglogger/mobilelog/APLog_2025_0613_142531__29/radio_log_2__2025_0613_142648: java.nio.file.AccessDeniedException: /data/debuglogger/mobilelog/APLog_2025_0613_142531__29/radio_log_2__2025_0613_142648
06-13 14:26:49.545901  2677 21989 I MediaProvider: Scanned internal due to REASON_DEMAND, found 0 items in 3ms, 0 inserts 0 updates 0 deletes
06-13 14:26:49.548320  2677 21989 W ModernMediaScanner: Failed to visit /data/debuglogger/mobilelog/APLog_2025_0613_142531__29/events_log_3__2025_0613_142648: java.nio.file.AccessDeniedException: /data/debuglogger/mobilelog/APLog_2025_0613_142531__29/events_log_3__2025_0613_142648
06-13 14:26:49.550685  2677 21989 I MediaProvider: Scanned internal due to REASON_DEMAND, found 0 items in 3ms, 0 inserts 0 updates 0 deletes
06-13 14:26:49.553130  2677 21989 W ModernMediaScanner: Failed to visit /data/debuglogger/mobilelog/APLog_2025_0613_142531__29/sys_log_4__2025_0613_142648: java.nio.file.AccessDeniedException: /data/debuglogger/mobilelog/APLog_2025_0613_142531__29/sys_log_4__2025_0613_142648
06-13 14:26:49.555427  2677 21989 I MediaProvider: Scanned internal due to REASON_DEMAND, found 0 items in 3ms, 0 inserts 0 updates 0 deletes
06-13 14:26:49.557976  2677 21989 W ModernMediaScanner: Failed to visit /data/debuglogger/mobilelog/APLog_2025_0613_142531__29/crash_log_5__2025_0613_142648: java.nio.file.AccessDeniedException: /data/debuglogger/mobilelog/APLog_2025_0613_142531__29/crash_log_5__2025_0613_142648
06-13 14:26:49.560257  2677 21989 I MediaProvider: Scanned internal due to REASON_DEMAND, found 0 items in 3ms, 0 inserts 0 updates 0 deletes
06-13 14:26:49.562686  2677 21989 W ModernMediaScanner: Failed to visit /data/debuglogger/mobilelog/APLog_2025_0613_142531__29/kernel_log_6__2025_0613_142648: java.nio.file.AccessDeniedException: /data/debuglogger/mobilelog/APLog_2025_0613_142531__29/kernel_log_6__2025_0613_142648
06-13 14:26:49.564932  2677 21989 I MediaProvider: Scanned internal due to REASON_DEMAND, found 0 items in 3ms, 0 inserts 0 updates 0 deletes
06-13 14:26:49.567307  2677 21989 W ModernMediaScanner: Failed to visit /data/debuglogger/mobilelog/APLog_2025_0613_142531__29/atf_log_7__2025_0613_142648: java.nio.file.AccessDeniedException: /data/debuglogger/mobilelog/APLog_2025_0613_142531__29/atf_log_7__2025_0613_142648
06-13 14:26:49.569544  2677 21989 I MediaProvider: Scanned internal due to REASON_DEMAND, found 0 items in 3ms, 0 inserts 0 updates 0 deletes
06-13 14:26:49.571791  2677 21989 W ModernMediaScanner: Failed to visit /data/debuglogger/mobilelog/APLog_2025_0613_142531__29/gz_log_8__2025_0613_142648: java.nio.file.AccessDeniedException: /data/debuglogger/mobilelog/APLog_2025_0613_142531__29/gz_log_8__2025_0613_142648
06-13 14:26:49.571999  2677  3047 W MediaProvider: isAppCloneUserPair for user 0: false
06-13 14:26:49.574147  2677 21989 I MediaProvider: Scanned internal due to REASON_DEMAND, found 0 items in 2ms, 0 inserts 0 updates 0 deletes
06-13 14:26:49.576578  2677 21989 W ModernMediaScanner: Failed to visit /data/debuglogger/mobilelog/APLog_2025_0613_142531__29/bsp_log_9__2025_0613_142648: java.nio.file.AccessDeniedException: /data/debuglogger/mobilelog/APLog_2025_0613_142531__29/bsp_log_9__2025_0613_142648
06-13 14:26:49.578833  2677 21989 I MediaProvider: Scanned internal due to REASON_DEMAND, found 0 items in 3ms, 0 inserts 0 updates 0 deletes
06-13 14:26:49.578845  2230  3187 I UriTaskContentObserver: (REDACTED) Throttling content uri change event for %s
06-13 14:26:49.580623   753   829 I libPerfCtl: xgfGetFPS pid:1692 fps:-1
06-13 14:26:49.580764   753   829 I libPerfCtl: xgfGetFPS pid:6760 fps:-1
06-13 14:26:49.580809   753   829 I libPerfCtl: xgfGetFPS pid:11069 fps:73
06-13 14:26:49.581658  2677 21989 W ModernMediaScanner: Failed to visit /data/debuglogger/mobilelog/APLog_2025_0613_142531__29/scp_log_10__2025_0613_142648: java.nio.file.AccessDeniedException: /data/debuglogger/mobilelog/APLog_2025_0613_142531__29/scp_log_10__2025_0613_142648
06-13 14:26:49.583855  2677 21989 I MediaProvider: Scanned internal due to REASON_DEMAND, found 0 items in 3ms, 0 inserts 0 updates 0 deletes
06-13 14:26:49.586102  2677 21989 W ModernMediaScanner: Failed to visit /data/debuglogger/mobilelog/APLog_2025_0613_142531__29/sspm_log_11__2025_0613_142648: java.nio.file.AccessDeniedException: /data/debuglogger/mobilelog/APLog_2025_0613_142531__29/sspm_log_11__2025_0613_142648
06-13 14:26:49.588260  2677 21989 I MediaProvider: Scanned internal due to REASON_DEMAND, found 0 items in 3ms, 0 inserts 0 updates 0 deletes
06-13 14:26:49.590542  2677 21989 W ModernMediaScanner: Failed to visit /data/debuglogger/mobilelog/APLog_2025_0613_142531__29/main_log_1__2025_0613_142648: java.nio.file.AccessDeniedException: /data/debuglogger/mobilelog/APLog_2025_0613_142531__29/main_log_1__2025_0613_142648
06-13 14:26:49.591295  2677 29595 W MediaProvider: isAppCloneUserPair for user 0: false
06-13 14:26:49.592721  2677 21989 I MediaProvider: Scanned internal due to REASON_DEMAND, found 0 items in 3ms, 0 inserts 0 updates 0 deletes
06-13 14:26:49.595180  2677 21989 W ModernMediaScanner: Failed to visit /data/debuglogger/mobilelog/APLog_2025_0613_142531__29/connsys_picus_log_12__2025_0613_142648: java.nio.file.AccessDeniedException: /data/debuglogger/mobilelog/APLog_2025_0613_142531__29/connsys_picus_log_12__2025_0613_142648
06-13 14:26:49.597538  2677 21989 I MediaProvider: Scanned internal due to REASON_DEMAND, found 0 items in 3ms, 0 inserts 0 updates 0 deletes
06-13 14:26:49.598155  2230  3187 I UriTaskContentObserver: (REDACTED) Throttling content uri change event for %s
06-13 14:26:49.600013  2677 21989 W ModernMediaScanner: Failed to visit /data/debuglogger/mobilelog/APLog_2025_0613_142531__29: java.nio.file.AccessDeniedException: /data/debuglogger/mobilelog/APLog_2025_0613_142531__29
06-13 14:26:49.602273  2677 21989 I MediaProvider: Scanned internal due to REASON_DEMAND, found 0 items in 3ms, 0 inserts 0 updates 0 deletes
06-13 14:26:49.604528  2677 21989 W ModernMediaScanner: Failed to visit /data/debuglogger/mdlog1/MDLog1_2025_0613_142533/version_info.txt: java.nio.file.AccessDeniedException: /data/debuglogger/mdlog1/MDLog1_2025_0613_142533/version_info.txt
06-13 14:26:49.606861  2677 21989 I MediaProvider: Scanned internal due to REASON_DEMAND, found 0 items in 3ms, 0 inserts 0 updates 0 deletes
06-13 14:26:49.609546  2677 21989 W ModernMediaScanner: Failed to visit /data/debuglogger/mdlog1/MDLog1_2025_0613_142533/MDLog1_2025_0613_142533.muxz: java.nio.file.AccessDeniedException: /data/debuglogger/mdlog1/MDLog1_2025_0613_142533/MDLog1_2025_0613_142533.muxz
06-13 14:26:49.611540  2677  5036 W MediaProvider: isAppCloneUserPair for user 0: false
06-13 14:26:49.611852  2677 21989 I MediaProvider: Scanned internal due to REASON_DEMAND, found 0 items in 3ms, 0 inserts 0 updates 0 deletes
06-13 14:26:49.613986  2677 21989 W ModernMediaScanner: Failed to visit /data/debuglogger/mdlog1/MDLog1_2025_0613_142533/file_tree.txt: java.nio.file.AccessDeniedException: /data/debuglogger/mdlog1/MDLog1_2025_0613_142533/file_tree.txt
06-13 14:26:49.616308  2677 21989 I MediaProvider: Scanned internal due to REASON_DEMAND, found 0 items in 3ms, 0 inserts 0 updates 0 deletes
06-13 14:26:49.618677  2677 21989 W ModernMediaScanner: Failed to visit /data/debuglogger/mdlog1/MDLog1_2025_0613_142533/MDDB_PHONE_1_ulwtg_n.EDB: java.nio.file.AccessDeniedException: /data/debuglogger/mdlog1/MDLog1_2025_0613_142533/MDDB_PHONE_1_ulwtg_n.EDB
06-13 14:26:49.621052  2677 21989 I MediaProvider: Scanned internal due to REASON_DEMAND, found 0 items in 3ms, 0 inserts 0 updates 0 deletes
06-13 14:26:49.624943  2677 21989 W ModernMediaScanner: Failed to visit /data/debuglogger/mdlog1/MDLog1_2025_0613_142533: java.nio.file.AccessDeniedException: /data/debuglogger/mdlog1/MDLog1_2025_0613_142533
06-13 14:26:49.627283  2677 21989 I MediaProvider: Scanned internal due to REASON_DEMAND, found 0 items in 3ms, 0 inserts 0 updates 0 deletes
06-13 14:26:49.642675  2677  3047 W MediaProvider: isAppCloneUserPair for user 0: false
06-13 14:26:49.652279  2230  3187 I UriTaskContentObserver: (REDACTED) Throttling content uri change event for %s
06-13 14:26:49.668040  2677 11788 W MediaProvider: isAppCloneUserPair for user 0: false
06-13 14:26:49.677933  2230  3187 I UriTaskContentObserver: (REDACTED) Throttling content uri change event for %s
06-13 14:26:49.692687  2677  3046 W MediaProvider: isAppCloneUserPair for user 0: false
06-13 14:26:49.701996  2230  3187 I UriTaskContentObserver: (REDACTED) Throttling content uri change event for %s
06-13 14:26:49.755924  2677 29595 W MediaProvider: isAppCloneUserPair for user 0: false
06-13 14:26:49.779117  2677  5036 W MediaProvider: isAppCloneUserPair for user 0: false
06-13 14:26:49.790542  2230  3187 I UriTaskContentObserver: (REDACTED) Throttling content uri change event for %s
06-13 14:26:49.806459  2677  5036 W MediaProvider: isAppCloneUserPair for user 0: false
06-13 14:26:49.833003  2230  3187 I UriTaskContentObserver: (REDACTED) Throttling content uri change event for %s
06-13 14:26:49.843665  2677 11788 W MediaProvider: isAppCloneUserPair for user 0: false
06-13 14:26:49.854036  2230  3187 I UriTaskContentObserver: (REDACTED) Throttling content uri change event for %s
06-13 14:26:49.876923  2677  5036 W MediaProvider: isAppCloneUserPair for user 0: false
06-13 14:26:49.879161  2677  5036 W MediaProvider: isAppCloneUserPair for user 0: false
06-13 14:26:49.903866  2677 11788 W MediaProvider: isAppCloneUserPair for user 0: false
06-13 14:26:49.913810  2230  3187 I UriTaskContentObserver: (REDACTED) Throttling content uri change event for %s
06-13 14:26:49.938476  2677 29595 W MediaProvider: isAppCloneUserPair for user 0: false
06-13 14:26:49.948415  2230  3187 I UriTaskContentObserver: (REDACTED) Throttling content uri change event for %s
06-13 14:26:49.963000  2677  5036 W MediaProvider: isAppCloneUserPair for user 0: false
06-13 14:26:49.972524  2230  3187 I UriTaskContentObserver: (REDACTED) Throttling content uri change event for %s
06-13 14:26:50.115245  2677 11788 W MediaProvider: isAppCloneUserPair for user 0: false
06-13 14:26:50.135485  2677  3047 W MediaProvider: isAppCloneUserPair for user 0: false
06-13 14:26:50.141810  2230  3187 I UriTaskContentObserver: (REDACTED) Throttling content uri change event for %s
06-13 14:26:50.145221   761   885 E BufferQueueDebug: [WindowToken{9e02609 type=2005 android.os.Binder@f51eb10}#2324](this:0xb4000073d83cf548,id:-1,api:0,p:-1,c:-1) id info cannot be read from 'WindowToken{9e02609 type=2005 android.os.Binder@f51eb10}#2324'
06-13 14:26:50.145432   761   885 I BufferQueueDebug: [WindowToken{9e02609 type=2005 android.os.Binder@f51eb10}#2324](this:0xb4000073d83cf548,id:-1,api:0,p:-1,c:-1) BufferQueue core=(761:/system/bin/surfaceflinger)
06-13 14:26:50.163580   761   885 E BufferQueueDebug: [d2a83c Toast#2325](this:0xb4000073d8379e68,id:-1,api:0,p:-1,c:-1) id info cannot be read from 'd2a83c Toast#2325'
06-13 14:26:50.163804   761   885 I BufferQueueDebug: [d2a83c Toast#2325](this:0xb4000073d8379e68,id:-1,api:0,p:-1,c:-1) BufferQueue core=(761:/system/bin/surfaceflinger)
06-13 14:26:50.175147   761   885 E BufferQueueDebug: [Toast#2326](this:0xb4000073d83cc7b8,id:-1,api:0,p:-1,c:-1) id info cannot be read from 'Toast#2326'
06-13 14:26:50.175387   761   885 I BufferQueueDebug: [Toast#2326](this:0xb4000073d83cc7b8,id:-1,api:0,p:-1,c:-1) BufferQueue core=(761:/system/bin/surfaceflinger)
06-13 14:26:50.186267  1692  1792 E OpenGLRenderer: Unable to match the desired swap behavior.
06-13 14:26:50.317908   741   927 I hwcomposer: [HWCDisplay] [Display_0 (type:1)] fps:15.912057,dur:1005.53,max:830.45,min:9.87  
06-13 14:26:50.580896   753   829 I libPerfCtl: xgfGetFPS pid:1692 fps:90
06-13 14:26:50.581097   753   829 I libPerfCtl: xgfGetFPS pid:6760 fps:-1
06-13 14:26:50.581262   753   829 I libPerfCtl: xgfGetFPS pid:11069 fps:-1
06-13 14:26:50.581310   753   829 I libPowerHal: [updateFPS] pid(11069) : 90 => -1
06-13 14:26:50.582224   753   837 I libPowerHal: [perfNotifyAppState] pack:com.debug.loggerui, act:com.debug.loggerui.MainActivity, state:5, pid:11069, uid:10181, fps:-1
06-13 14:26:50.582997   753   837 I UxUtility: notifyForegroundApp pack:com.debug.loggerui, uid:10181
06-13 14:26:50.583083   753   837 I TouchUtility: notifyAppState error = NULL
06-13 14:26:51.407639  2163  2233 I GED     : ged_boost_gpu_freq, level 100, eOrigin 2, final_idx 31, oppidx_max 31, oppidx_min 0
06-13 14:26:51.418043   748  1625 I android.hardware.usb@1.2-service-mediatekv2: uevent_event change@/devices/platform/battery/power_supply/battery
06-13 14:26:51.418478   748  1625 I android.hardware.usb@1.2-service-mediatekv2: uevent_event change@/devices/platform/battery/power_supply/battery
06-13 14:26:51.418752   748  1625 I android.hardware.usb@1.2-service-mediatekv2: uevent_event change@/devices/platform/battery/power_supply/battery
06-13 14:26:51.419008   748  1625 I android.hardware.usb@1.2-service-mediatekv2: uevent_event change@/devices/platform/battery/power_supply/battery
06-13 14:26:51.419268   748  1625 I android.hardware.usb@1.2-service-mediatekv2: uevent_event change@/devices/platform/battery/power_supply/battery
06-13 14:26:51.419495   748  1625 I android.hardware.usb@1.2-service-mediatekv2: uevent_event change@/devices/platform/battery/power_supply/battery
06-13 14:26:51.419752   748  1625 I android.hardware.usb@1.2-service-mediatekv2: uevent_event change@/devices/platform/battery/power_supply/battery
06-13 14:26:51.420020   748  1625 I android.hardware.usb@1.2-service-mediatekv2: uevent_event change@/devices/platform/battery/power_supply/battery
06-13 14:26:51.420290   748  1625 I android.hardware.usb@1.2-service-mediatekv2: uevent_event change@/devices/platform/battery/power_supply/battery
06-13 14:26:51.420552   748  1625 I android.hardware.usb@1.2-service-mediatekv2: uevent_event change@/devices/platform/battery/power_supply/battery
06-13 14:26:51.420810   748  1625 I android.hardware.usb@1.2-service-mediatekv2: uevent_event change@/devices/platform/battery/power_supply/battery
06-13 14:26:51.421066   748  1625 I android.hardware.usb@1.2-service-mediatekv2: uevent_event change@/devices/platform/battery/power_supply/battery
06-13 14:26:51.421551   748  1625 I android.hardware.usb@1.2-service-mediatekv2: uevent_event change@/devices/platform/battery/power_supply/battery
06-13 14:26:51.421826   748  1625 I android.hardware.usb@1.2-service-mediatekv2: uevent_event change@/devices/platform/battery/power_supply/battery
06-13 14:26:51.422095   748  1625 I android.hardware.usb@1.2-service-mediatekv2: uevent_event change@/devices/platform/battery/power_supply/battery
06-13 14:26:51.422372   748  1625 I android.hardware.usb@1.2-service-mediatekv2: uevent_event change@/devices/platform/battery/power_supply/battery
06-13 14:26:51.422638   748  1625 I android.hardware.usb@1.2-service-mediatekv2: uevent_event change@/devices/platform/battery/power_supply/battery
06-13 14:26:51.422896   748  1625 I android.hardware.usb@1.2-service-mediatekv2: uevent_event change@/devices/platform/battery/power_supply/battery
06-13 14:26:51.423151   748  1625 I android.hardware.usb@1.2-service-mediatekv2: uevent_event change@/devices/platform/battery/power_supply/battery
06-13 14:26:51.423416   748  1625 I android.hardware.usb@1.2-service-mediatekv2: uevent_event change@/devices/platform/battery/power_supply/battery
06-13 14:26:51.423674   748  1625 I android.hardware.usb@1.2-service-mediatekv2: uevent_event change@/devices/platform/battery/power_supply/battery
06-13 14:26:51.581639   753   829 I libPerfCtl: xgfGetFPS pid:1692 fps:-1
06-13 14:26:51.581834   753   829 I libPerfCtl: xgfGetFPS pid:11069 fps:-1
06-13 14:26:52.508130  2751  3445 I batq    : (REDACTED) getHotwordActive::active query: %s, watch: %s, devices connected: %s
06-13 14:26:52.510197   761   761 I BufferQueueProducer: [Toast#2326](this:0xb4000073d83cc7b8,id:-1,api:0,p:-1,c:761) queueBuffer: fps=12.99 dur=2308.77 max=1979.76 min=10.65
06-13 14:26:52.512940   741   927 I hwcomposer: [HWCDisplay] [Display_0 (type:1)] fps:9.111511,dur:2195.03,max:1980.18,min:10.10  
06-13 14:26:52.582231   753   829 I libPerfCtl: xgfGetFPS pid:1692 fps:85
06-13 14:26:52.582440   753   829 I libPerfCtl: xgfGetFPS pid:11069 fps:-1
06-13 14:26:52.745383  1692  1692 W WindowOnBackDispatcher: sendCancelIfRunning: isInProgress=falsecallback=android.view.ViewRootImpl$$ExternalSyntheticLambda19@ebf10f0
06-13 14:26:52.749744   771   771 I libPerfCtl: xgfGetCmd ioctl_ret:-1
06-13 14:26:52.750879  1449  3272 W InputManager-JNI: Input channel object 'd2a83c Toast (client)' was disposed without first being removed with the input manager!
06-13 14:26:52.775538   761   761 I BufferQueueDebug: [d2a83c Toast#2325](this:0xb4000073d8379e68,id:-1,api:0,p:-1,c:761) onDestructor()
06-13 14:26:52.776036   761   761 I BufferQueueDebug: [Toast#2326](this:0xb4000073d83cc7b8,id:-1,api:0,p:-1,c:761) onDestructor()
06-13 14:26:53.358182   748  1625 I android.hardware.usb@1.2-service-mediatekv2: uevent_event change@/devices/platform/11007000.i2c0/i2c-0/0-0064/power_supply/cw-bat
06-13 14:26:53.358652   748  1625 I android.hardware.usb@1.2-service-mediatekv2: uevent_event change@/devices/platform/11007000.i2c0/i2c-0/0-0064/power_supply/cw-bat
06-13 14:26:53.359027   748  1625 I android.hardware.usb@1.2-service-mediatekv2: uevent_event change@/devices/platform/11007000.i2c0/i2c-0/0-0064/power_supply/cw-bat
06-13 14:26:53.359289   748  1625 I android.hardware.usb@1.2-service-mediatekv2: uevent_event change@/devices/platform/11007000.i2c0/i2c-0/0-0064/power_supply/cw-bat
06-13 14:26:53.359538   748  1625 I android.hardware.usb@1.2-service-mediatekv2: uevent_event change@/devices/platform/11007000.i2c0/i2c-0/0-0064/power_supply/cw-bat
06-13 14:26:53.359779   748  1625 I android.hardware.usb@1.2-service-mediatekv2: uevent_event change@/devices/platform/11007000.i2c0/i2c-0/0-0064/power_supply/cw-bat
06-13 14:26:53.360029   748  1625 I android.hardware.usb@1.2-service-mediatekv2: uevent_event change@/devices/platform/11007000.i2c0/i2c-0/0-0064/power_supply/cw-bat
06-13 14:26:53.360272   748  1625 I android.hardware.usb@1.2-service-mediatekv2: uevent_event change@/devices/platform/11007000.i2c0/i2c-0/0-0064/power_supply/cw-bat
06-13 14:26:53.360511   748  1625 I android.hardware.usb@1.2-service-mediatekv2: uevent_event change@/devices/platform/11007000.i2c0/i2c-0/0-0064/power_supply/cw-bat
