06-13 14:26:43.895957  8072  8073 E Netdiag : [CommandListening] Write response to client side, fd=4, message=sub_tread_exit and reset flag
06-13 14:26:43.896196 11069 11114 I LogHandler/AbstractLogConnection: setResponseFromServer() mServerName = netdiag serverData = sub_tread_exit
06-13 14:26:43.903999  1190  1199 D connsyslogger: consyslogger select done
06-13 14:26:43.904107  1190  1199 I connsyslogger: consyslogger receive command deep_stop,read len=10
06-13 14:26:43.904122  1190  1199 D connsyslogger: executeCommand Handle request: deep Pause logging
06-13 14:26:43.904169 11069 11118 I LogHandler/AbstractLogConnection: setResponseFromServer() mServerName = connsysfwlogd serverData = autostart=0,0
06-13 14:26:43.904924  1190  1199 D connsyslogger: Set auto start mode: 0
06-13 14:26:43.904950   751  3875 D lbs_hidl_service: [1.13][mtk_mtklogger2mnld] sendToServer() size=[9]
06-13 14:26:43.904970  1190  1199 I connsyslogger: STOP Logging
06-13 14:26:43.905004  1190  1199 D connsyslogger: Thread thread (785ffc7cb0) is alive.
06-13 14:26:43.905012  1190  1199 D connsyslogger: LogWriter: log recycle thread is alive
06-13 14:26:43.905094  1190  8080 I connsyslogger: Logging Recycle Thread exit
06-13 14:26:43.905299   846   881 D MNLD    : mnld_main_thread: mtklogger2mnl_hdlr msg
06-13 14:26:43.905602 11069 11229 I LogHandler/AbstractLogConnection: setResponseFromServer() mServerName = mtk_mtklogger2mnld serverData = autostart=0,1
06-13 14:26:43.905791   846   881 D gps_dbg_log: mtklogger2mnl_hdlr: gps debug log not control by meta.
06-13 14:26:43.905829   846   881 D gps_dbg_log: mtklogger2mnl_hdlr: notify client, recv deep_stop from mtklogger, ans: deep_stop,1
06-13 14:26:43.905843   846   881 D gps_dbg_log: mtklogger2mnl_hdlr: gps_debuglog_state:16
06-13 14:26:43.907815   846   881 D mpe     : mnl2mpe_set_log_path: MPE not enable
06-13 14:26:43.907958   751   788 D lbs_hidl_service: [1.13][mtk_mnld2mtklogger] handleSocketEvent() ret=[11]
06-13 14:26:43.908329 11069 11229 W LogHandler/LbsHidlConnection: callbackToClient data = deep_stop,1
06-13 14:26:43.908434 11069 11229 I LogHandler/AbstractLogConnection: setResponseFromServer() mServerName = mtk_mtklogger2mnld serverData = deep_stop,1
06-13 14:26:43.919829   975  1183 D AAL     : 06-13 02:26:43.875 BL= 614,ESS= 256, 06-13 02:26:43.885 BL= 612,ESS= 256, 06-13 02:26:43.897 BL= 611,ESS= 256, 06-13 02:26:43.908 BL= 610,ESS= 256, 06-13 02:26:43.919 BL= 609,ESS= 256, 
06-13 14:26:43.938378   761   761 I BufferQueueDebug: [WindowToken{ef0c6f0 type=2032 android.os.Binder@b847333}#2073](this:0xb4000073d8365f78,id:-1,api:0,p:-1,c:761) onDestructor()
06-13 14:26:43.945104 25241 25282 I alcb    : NGA enabled in interactor.
06-13 14:26:43.945552 25241 25282 I alcb    : (REDACTED) Nga state changed to %s
06-13 14:26:43.945789 25241 25282 I alcb    : (REDACTED) isTngActive=%s
06-13 14:26:43.948369 25241  7778 I acld    : (REDACTED) Successfully received auth token for scope: %s in time %d ms
06-13 14:26:43.949557  2751  4390 I tqs     : Initializing all components
06-13 14:26:43.951019  2751  3450 I xpy     : (REDACTED) onIsEnabledChanged, isEnabled: %s
06-13 14:26:43.951607  2751  3450 W zuf     : Disposing empty manager. Did you forgot to subscribe observables?
06-13 14:26:43.951881  2751  3450 W zuf     : Disposing empty manager. Did you forgot to subscribe observables?
06-13 14:26:43.952396  2751  3450 W zuf     : Disposing empty manager. Did you forgot to subscribe observables?
06-13 14:26:43.953380 11069  8215 I LogHandler/AbstractLogInstance: getResponse, responseStr = setauto,0,0 and waiting time remaining = 14900
06-13 14:26:43.953497 11069  8215 I LogHandler/AbstractLogInstance: -->getValueFromServer(), command = getstatus
06-13 14:26:43.953545 11069  8215 I LogHandler/AbstractLogConnection: sendToServer() mServerName = com.mediatek.mdlogger.socket1 data = getstatus
06-13 14:26:43.953618  2751  3446 I wef     : (REDACTED) State changed: %s => %s by %s and %s with %s
06-13 14:26:43.954263  2751  3602 I udu     : (REDACTED) Nga on-device enabled based on TNG:MA active state: %b
06-13 14:26:43.954620  2751  3450 W zuf     : Disposing empty manager. Did you forgot to subscribe observables?
06-13 14:26:43.954795  2751  3450 W zuf     : Disposing empty manager. Did you forgot to subscribe observables?
06-13 14:26:43.954871  2751  3446 I wkc     : (REDACTED) Recognizer choice: (recognizer_type: %s, recognizer_mode: %s, choice_reason: %s)
06-13 14:26:43.955030  2751  3450 W zuf     : Disposing empty manager. Did you forgot to subscribe observables?
06-13 14:26:43.955182  2751  3450 W zuf     : Disposing empty manager. Did you forgot to subscribe observables?
06-13 14:26:43.955360  2751  3450 W zuf     : Disposing empty manager. Did you forgot to subscribe observables?
06-13 14:26:43.955466  2751  3450 W zuf     : Disposing empty manager. Did you forgot to subscribe observables?
06-13 14:26:43.955605  2751  3450 W zuf     : Disposing empty manager. Did you forgot to subscribe observables?
06-13 14:26:43.955759  2751  3602 I udu     : (REDACTED) Nga on-device enabled based on TNG:MA active state: %b
06-13 14:26:43.955883  2751  3450 W zuf     : Disposing empty manager. Did you forgot to subscribe observables?
06-13 14:26:43.956984  2751  3450 I yei     : (REDACTED) Setting session to type: %s
06-13 14:26:43.958551  2751  3446 I yat     : (REDACTED) onActiveStateChangeEvent: %s => %s
06-13 14:26:43.958730  2751  3450 W zuf     : Disposing empty manager. Did you forgot to subscribe observables?
06-13 14:26:43.959074  2751  3450 W zuf     : Disposing empty manager. Did you forgot to subscribe observables?
06-13 14:26:43.959367  2751  3450 W zuf     : Disposing empty manager. Did you forgot to subscribe observables?
06-13 14:26:43.959550  2751  3450 W zuf     : Disposing empty manager. Did you forgot to subscribe observables?
06-13 14:26:43.959760  2751  3446 I vzz     : (REDACTED) #onActiveStateChangeEvent, newState: %s, previousState: %s.
06-13 14:26:43.959893  2751  3450 W zuf     : Disposing empty manager. Did you forgot to subscribe observables?
06-13 14:26:43.961909  2751  3450 W zuf     : Disposing empty manager. Did you forgot to subscribe observables?
06-13 14:26:43.962322  2751  3450 I yfu     : (REDACTED) setNavBarVisible: %s
06-13 14:26:43.964688  2751  3446 I xix     : (REDACTED) stopListening(%s, %s)
06-13 14:26:43.966249  2751  3450 W zuf     : Disposing empty manager. Did you forgot to subscribe observables?
06-13 14:26:43.966706  2751  3450 W zuf     : Disposing empty manager. Did you forgot to subscribe observables?
06-13 14:26:43.966935  2751  3450 W zuf     : Disposing empty manager. Did you forgot to subscribe observables?
06-13 14:26:43.967794  2751  3450 W zuf     : Disposing empty manager. Did you forgot to subscribe observables?
06-13 14:26:43.968265  2751  3450 W zuf     : Disposing empty manager. Did you forgot to subscribe observables?
06-13 14:26:43.968546  2751  3450 W zuf     : Disposing empty manager. Did you forgot to subscribe observables?
06-13 14:26:43.968739  2751  3446 I ekxl    : showGestureNav
06-13 14:26:43.968932  2751  3446 I ekxj    : (REDACTED) setUiHints(hints = %s)
06-13 14:26:43.974182  2751  3450 I unf     : (REDACTED) on opa visibility changed %s
06-13 14:26:43.976126  2751  3602 I ubf     : Initialize
06-13 14:26:43.978598  2751  3602 I ekxj    : setUiHints: finished successfully
06-13 14:26:43.982683  2751  3446 I biig    : (REDACTED) #FCF: Managed profile check status : %s
06-13 14:26:43.983776  2751  3447 I biie    : (REDACTED) #FCF: Demo mode check status : %s
06-13 14:26:43.984665  2751  3447 I biky    : (REDACTED) #FCF evaluate: %s
06-13 14:26:43.984863  2751  3447 I biky    : (REDACTED) TngMaStatusChecker#evaluateInternal completed in %s millis
06-13 14:26:43.987567   975  1183 D AAL     : 06-13 02:26:43.931 BL= 608,ESS= 256, 06-13 02:26:43.942 BL= 607,ESS= 256, 06-13 02:26:43.964 BL= 606,ESS= 256, 06-13 02:26:43.976 BL= 605,ESS= 256, 06-13 02:26:43.987 BL= 604,ESS= 256, 
06-13 14:26:43.988017  2751  3602 I udu     : (REDACTED) Nga on-device enabled based on TNG:MA active state: %b
06-13 14:26:43.990111  2751  3602 I bphs    : #getOobeStatus: OptedIn [CONTEXT ratelimit_period="10 SECONDS" ]
06-13 14:26:43.990396  2751  3602 I bikm    : Robin is eligible and opted-in
06-13 14:26:43.990569  2751  3602 I bikm    : (REDACTED) Headphone Integration status: %s
06-13 14:26:43.996349  2751  3446 I unf     : (REDACTED) on opa visibility changed %s
06-13 14:26:43.997922  2751  3450 I tqs     : Successfully initialized all components
06-13 14:26:44.003864   955  1264 D EMDLOGGER1: mdlogger select done
06-13 14:26:44.004026   955  1264 I EMDLOGGER1: mdlogger receive command getstatus
06-13 14:26:44.004114   955  1264 I EMDLOGGER1: mdlogger send ACK getstatus,1
06-13 14:26:44.004362 11069 11110 I LogHandler/AbstractLogConnection: setResponseFromServer() mServerName = com.mediatek.mdlogger.socket1 serverData = getstatus,1
06-13 14:26:44.004547 11069 11110 I LogHandler/ModemLog: update, serverResponseStr = getstatus,1
06-13 14:26:44.005311  1190  1199 D connsyslogger: LogWriter: wait for log recycle thread quit. retry:49
06-13 14:26:44.005346  1190  1199 I connsyslogger: LogWriter: log data recycle thread isn't alive
06-13 14:26:44.005355  1190  1199 D connsyslogger: OnLoggingStop
06-13 14:26:44.005730 11069  8213 I LogHandler/AbstractLogInstance: getResponse, responseStr = deep_stop,1 and waiting time remaining = 14900
06-13 14:26:44.005867  1190  1199 D connsyslogger: sendIOCtrl: 0,done.cmd=0
06-13 14:26:44.005947  1190  1199 D connsyslogger: sendIOCtrl: 1,done.cmd=0
06-13 14:26:44.006013  1190  1199 D connsyslogger: sendIOCtrl: 2,done.cmd=0
06-13 14:26:44.033424  1190  1199 D connsyslogger: sendIOCtrl: 3,done.cmd=0
06-13 14:26:44.033481  1190  1199 I connsyslogger: radio 0 port close!
06-13 14:26:44.033527  1190  1199 I connsyslogger: radio 1 port close!
06-13 14:26:44.033537  1190  1199 I connsyslogger: radio 2 port close!
06-13 14:26:44.033544  1190  1199 I connsyslogger: radio 3 port close!
06-13 14:26:44.033550  1190  1199 D connsyslogger: OnLoggingStop: log port closed
06-13 14:26:44.033715  1190  8078 D connsyslogger: log stop ,select unlock,read status:0
06-13 14:26:44.033745  1190  8078 E connsyslogger: readLogs m_bTerminate=1 ,return
06-13 14:26:44.033787  1190  8078 I connsyslogger: Exit reader thread
06-13 14:26:44.034025  1190  8079 I connsyslogger: begin empty buffer....
06-13 14:26:44.034436  1190  8079 D connsyslogger: stop logging:empty buffer 0
06-13 14:26:44.034464  1190  8079 I connsyslogger: Exit writer thread
06-13 14:26:44.034735  1190  1199 D connsyslogger: setproperty vendor.connsysfw.running: 0.
06-13 14:26:44.034786  1190  1199 D connsyslogger: LogWriter: Logging is stoped
06-13 14:26:44.035188  1190  1199 D connsyslogger: Close log file: Success.
06-13 14:26:44.035269  1190  1199 D connsyslogger: File's new name is: /data/debuglogger/connsyslog/fw/CsLog_2025_0613_142533/WIFI_FW_2025_0613_142533.clog
06-13 14:26:44.035435  1190  1199 D connsyslogger: Close log file: Success.
06-13 14:26:44.035581  1190  1199 D connsyslogger: Success to delete empty log file /data/debuglogger/connsyslog/fw/CsLog_2025_0613_142533/BT_FW_2025_0613_142533.clog.curf.
06-13 14:26:44.035666  1190  1199 D connsyslogger: Close log file: Success.
06-13 14:26:44.035791  1190  1199 D connsyslogger: Success to delete empty log file /data/debuglogger/connsyslog/fw/CsLog_2025_0613_142533/GPS_FW_2025_0613_142533.clog.curf.
06-13 14:26:44.035859  1190  1199 D connsyslogger: Close log file: Success.
06-13 14:26:44.035943  1190  1199 D connsyslogger: Success to delete empty log file /data/debuglogger/connsyslog/fw/CsLog_2025_0613_142533/MCU_FW_2025_0613_142533.clog.curf.
06-13 14:26:44.036358  1190  1199 D connsyslogger: Stop Engine: done.
06-13 14:26:44.036369  1190  1199 D connsyslogger: Stop SD Logging: Engine stop OK
06-13 14:26:44.036375  1190  1199 I connsyslogger: ------>Deinit SD logging mode<------
06-13 14:26:44.036385  1190  1199 D connsyslogger: Deinit LogWriter: OK
06-13 14:26:44.036481  1190  1199 D connsyslogger: Deinit Engine: Deinit done
06-13 14:26:44.036493  1190  1199 I connsyslogger: Deinit Engine: OK
06-13 14:26:44.036499  1190  1199 D connsyslogger: OKOKOK >Deinit SD logging mode< OKOKOK
06-13 14:26:44.037390 11069 11118 I LogHandler/AbstractLogConnection: setResponseFromServer() mServerName = connsysfwlogd serverData = deep_stop,1
06-13 14:26:44.066499   975  1183 D AAL     : 06-13 02:26:44.009 BL= 603,ESS= 256, 06-13 02:26:44.021 BL= 602,ESS= 256, 06-13 02:26:44.032 BL= 601,ESS= 256, 06-13 02:26:44.055 BL= 600,ESS= 256, 06-13 02:26:44.066 BL= 599,ESS= 256, 
06-13 14:26:44.104096 11069  8215 I LogHandler/AbstractLogInstance: getResponse, responseStr = getstatus,1 and waiting time remaining = 14900
06-13 14:26:44.104228 11069  8215 I LogHandler/AbstractLogInstance: <--getValueFromServer(), serverValue = 1
06-13 14:26:44.104327 11069  8215 W DebugLoggerUI/IQDumpController: it's not support IQDump feature, cannot stop IQDump
06-13 14:26:44.104407 11069  8215 I LogHandler/AbstractLogInstance: -->executeCommand(), command = deep_pause, isWaitingResponse = true
06-13 14:26:44.104423 11069  8214 I LogHandler/AbstractLogInstance: getResponse, responseStr = deep_stop,1 and waiting time remaining = 14800
06-13 14:26:44.104443 11069  8215 I LogHandler/AbstractLogConnection: sendToServer() mServerName = com.mediatek.mdlogger.socket1 data = deep_pause
06-13 14:26:44.134194   975  1183 D AAL     : 06-13 02:26:44.077 BL= 598,ESS= 256, 06-13 02:26:44.089 BL= 597,ESS= 256, 06-13 02:26:44.111 BL= 596,ESS= 256, 06-13 02:26:44.122 BL= 595,ESS= 256, 06-13 02:26:44.134 BL= 594,ESS= 256, 
06-13 14:26:44.155045   955  1264 D EMDLOGGER1: mdlogger select done
06-13 14:26:44.155210   955  1264 I EMDLOGGER1: mdlogger receive command deep_pause
06-13 14:26:44.155237   955  1264 D EMDLOGGER1: executeCommand Handle request: deep Pause logging
06-13 14:26:44.159133   955  1264 D EMDLOGGER1: Set auto start mode: 0
06-13 14:26:44.159276   955  1264 D EMDLOGGER1: Get auto start mode: 0
06-13 14:26:44.159320   955  1264 I EMDLOGGER1: MDL: PAUSE Logging
06-13 14:26:44.159340   955  1264 D EMDLOGGER1: MDEngine pause logging: start, and USB mode stop handler first
06-13 14:26:44.159553   955  1264 D EMDLOGGER1: Thread thread (7258892cb0) is alive.
06-13 14:26:44.166456   741   927 I hwcomposer: [HWCDisplay] [Display_0 (type:1)] fps:34.890202,dur:1003.15,max:608.81,min:8.45  
06-13 14:26:44.213568   975  1183 D AAL     : 06-13 02:26:44.158 BL= 593,ESS= 256, 06-13 02:26:44.167 BL= 592,ESS= 256, 06-13 02:26:44.179 BL= 591,ESS= 256, 06-13 02:26:44.202 BL= 590,ESS= 256, 06-13 02:26:44.213 BL= 589,ESS= 256, 
06-13 14:26:44.259922   955  1264 D EMDLOGGER1: Thread thread (7258892cb0) is alive.
06-13 14:26:44.260092   955  8082 I EMDLOGGER1: Logging Recycle Thread exit
06-13 14:26:44.263846   761  1180 D SurfaceFlinger: calculateTimeoutTime, triggerInterval = 5 sec + 998299077 nsec
06-13 14:26:44.281280   975  1183 D AAL     : 06-13 02:26:44.224 BL= 588,ESS= 256, 06-13 02:26:44.236 BL= 587,ESS= 256, 06-13 02:26:44.258 BL= 586,ESS= 256, 06-13 02:26:44.270 BL= 585,ESS= 256, 06-13 02:26:44.281 BL= 584,ESS= 256, 
06-13 14:26:44.360308   955  1264 D EMDLOGGER1: LogWriter: wait for log recycle thread quit. retry:48
06-13 14:26:44.360404   955  1264 I EMDLOGGER1: MDEngine pause logging: signal reader then begin wait
06-13 14:26:44.360427   955  1264 I EMDLOGGER1: pause:m_WriteThreadStep=9,m_ReadThreadStep=10
06-13 14:26:44.360554   955  1264 I EMDLOGGER1: MDEngine pause logging: wait pause done
06-13 14:26:44.360712   955 11238 E EMDLOGGER1: MD reader: read error
06-13 14:26:44.360740   975  1183 D AAL     : 06-13 02:26:44.303 BL= 583,ESS= 256, 06-13 02:26:44.315 BL= 582,ESS= 256, 06-13 02:26:44.326 BL= 581,ESS= 256, 06-13 02:26:44.348 BL= 580,ESS= 256, 06-13 02:26:44.360 BL= 579,ESS= 256, 
06-13 14:26:44.426308  7747  7772 I TestRunner: finished: startServer(io.appium.uiautomator2.server.test.AppiumUiAutomator2Server)
06-13 14:26:44.427901   975  1183 D AAL     : 06-13 02:26:44.371 BL= 578,ESS= 256, 06-13 02:26:44.382 BL= 577,ESS= 256, 06-13 02:26:44.405 BL= 576,ESS= 256, 06-13 02:26:44.416 BL= 575,ESS= 256, 06-13 02:26:44.427 BL= 574,ESS= 256, 
06-13 14:26:44.441056  7747  7772 I TestRunner: run finished: 1 tests, 0 failed, 0 ignored
06-13 14:26:44.461410   975  1183 D AAL     : 06-13 02:26:44.450 BL= 573,ESS= 256, 
06-13 14:26:44.481895  1449  2869 I mtkpower_client: [Legacy][PowerHal_Wrap_notifyAppState] io.appium.uiautomator2.server/io.appium.uiautomator2.server pid=7747 state:3
06-13 14:26:44.482283   753   837 I libPowerHal: [perfNotifyAppState] pack:io.appium.uiautomator2.server, act:io.appium.uiautomator2.server, state:3, pid:7747, uid:10226, fps:-1
06-13 14:26:44.482423   753   837 I libPowerHal: [perfNotifyAppState] pack:io.appium.uiautomator2.server, pid:7747, STATE_DEAD
06-13 14:26:44.482446   753   837 D RilUtility: notify_rild_crash_pid_set certPid:-1, crash:7747, scn:0x0
06-13 14:26:44.483658  7747  7772 I Process : Sending signal. PID: 7747 SIG: 9
06-13 14:26:44.484170  1449  8261 W AES     : Exception Log handling...
06-13 14:26:44.485069  1449  8261 W AES     : Skipped - do not care third party apk
06-13 14:26:44.546890  1449  1487 I libprocessgroup: Successfully killed process cgroup uid 10226 pid 7747 in 0ms
06-13 14:26:44.547247   728   728 I Zygote  : Process 7747 exited due to signal 9 (Killed)
06-13 14:26:44.548764  1449  3260 I mtkpower_client: [Legacy][PowerHal_Wrap_notifyAppState] io.appium.uiautomator2.server/io.appium.uiautomator2.server pid=7747 state:3
06-13 14:26:44.552136   753   837 I libPowerHal: [perfNotifyAppState] pack:io.appium.uiautomator2.server, act:io.appium.uiautomator2.server, state:3, pid:7747, uid:10226, fps:-1
06-13 14:26:44.552261   753   837 I libPowerHal: [perfNotifyAppState] pack:io.appium.uiautomator2.server, pid:7747, STATE_DEAD
06-13 14:26:44.552315   753   837 D RilUtility: notify_rild_crash_pid_set certPid:-1, crash:7747, scn:0x0
06-13 14:26:44.560948   955 11238 I EMDLOGGER1: thrMDLogReader: enter pause state
06-13 14:26:44.561089   955 11238 D EMDLOGGER1: thrMDLogReader: signal writer pause
06-13 14:26:44.561221   955 11239 I EMDLOGGER1: thrMDLogWriter: enter pause state
06-13 14:26:44.561379   955  1264 I EMDLOGGER1: pause:m_WriteThreadStep=7,m_ReadThreadStep=2
06-13 14:26:44.561401   955  1264 D EMDLOGGER1: Thread thread (725bd78cb0) is alive.
06-13 14:26:44.564590   955  1264 D EMDLOGGER1: Thread thread (725bd78cb0) is alive.
06-13 14:26:44.564604   955  8081 I EMDLOGGER1: Detect filter thread terminated!
06-13 14:26:44.567788   955  1264 D EMDLOGGER1: stopDetectFilter: wait for m_thrFilterDetecter thread quit. retry:98
06-13 14:26:44.567855   955  1264 D EMDLOGGER1: MAL_ccb_OnLoggingPause
06-13 14:26:44.567918   955  1264 D ccci_lib: write done of user57 buffer0: OK, i=28 write=28, alloc=28, free=27, len=144
06-13 14:26:44.567961   955  1264 D EMDLOGGER1: MAL_ccb_OnLoggingPause: Send SPLM_A2M_AP_LOGGING_STOP
06-13 14:26:44.567991   955  1264 D ccci_lib: write done of user57 buffer0: OK, i=29 write=29, alloc=29, free=27, len=144
06-13 14:26:44.568014   955  1264 D ccci_lib: write done of user57 buffer0: OK, i=30 write=30, alloc=30, free=27, len=12
06-13 14:26:44.574117   955  1259 W EMDLOGGER1: mdlog_ccb_ctrl_reader_thread reader: unexpected response. (msg_id,token)expect:1,158 got:34,156 result=3
06-13 14:26:44.574255   955  1259 W EMDLOGGER1: mdlog_ccb_ctrl_reader_thread reader: unexpected response. (msg_id,token)expect:1,158 got:34,157 result=3
06-13 14:26:44.574543   955  1264 D EMDLOGGER1: MAL_ccb_ClearRxPages: mask:0x3fffc 
06-13 14:26:44.574609   955  1264 D EMDLOGGER1: MAL_ccb_ClearRxPages: Success!!
06-13 14:26:44.574626   955  1264 D EMDLOGGER1: LogWriter: Logging is paused, close log files, stop check SD card status
06-13 14:26:44.574643   955  1264 D EMDLOGGER1: Close log file and delete the pointer.
06-13 14:26:44.574657   955  1264 D EMDLOGGER1: Clean Close file /data/debuglogger/mdlog1/MDLog1_2025_0613_142533/MDLog1_2025_0613_142533.muxz.tmp.
06-13 14:26:44.578679   753   829 I libPerfCtl: xgfGetFPS pid:1692 fps:-1
06-13 14:26:44.578789   955  1264 D EMDLOGGER1: Close log file: Success.
06-13 14:26:44.578913   955  1264 D EMDLOGGER1: File's new name is: /data/debuglogger/mdlog1/MDLog1_2025_0613_142533/MDLog1_2025_0613_142533.muxz
06-13 14:26:44.578920   753   829 I libPerfCtl: xgfGetFPS pid:6760 fps:-1
06-13 14:26:44.579015   753   829 I libPerfCtl: xgfGetFPS pid:7261 fps:-1
06-13 14:26:44.579085   753   829 I libPerfCtl: xgfGetFPS pid:11069 fps:87
06-13 14:26:44.579111   753   829 I libPowerHal: [updateFPS] pid(11069) : -1 => 90
06-13 14:26:44.579147   955  1264 D EMDLOGGER1: MDEngine MAL_OnLoggingPause done.
06-13 14:26:44.579530   753   837 I libPowerHal: [perfNotifyAppState] pack:com.debug.loggerui, act:com.debug.loggerui.MainActivity, state:5, pid:11069, uid:10181, fps:90
06-13 14:26:44.580040   753   837 I UxUtility: notifyForegroundApp pack:com.debug.loggerui, uid:10181
06-13 14:26:44.580082   753   837 I TouchUtility: notifyAppState error = NULL
06-13 14:26:44.580869   955  1264 D EMDLOGGER1: setproperty vendor.mdlogger.Running: 0.
06-13 14:26:44.580936   955  1264 D EMDLOGGER1: MDEngine pause logging: done.
06-13 14:26:44.581652   955  1264 D EMDLOGGER1: getDumpType old: persist.sys.mdlog_dumpback=0
06-13 14:26:44.581713   955  1264 D EMDLOGGER1: custom value is 0,not start logger
06-13 14:26:44.581730   955  1264 D EMDLOGGER1: getCustomSetting is 0
06-13 14:26:44.581808   955  1264 I EMDLOGGER1: mdlogger send ACK deep_pause,1
06-13 14:26:44.582128 11069 11110 I LogHandler/AbstractLogConnection: setResponseFromServer() mServerName = com.mediatek.mdlogger.socket1 serverData = deep_pause,1
06-13 14:26:44.582283 11069 11110 I LogHandler/ModemLog: update, serverResponseStr = deep_pause,1
06-13 14:26:44.656331 11069  8215 I LogHandler/AbstractLogInstance: getResponse, responseStr = deep_pause,1 and waiting time remaining = 14500
06-13 14:26:44.829622   761   761 I BufferQueueProducer: [Stopping logs#2316](this:0xb4000073d8379e68,id:-1,api:0,p:-1,c:761) queueBuffer: fps=86.64 dur=1004.17 max=22.59 min=8.63
06-13 14:26:44.890983   962  1010 D Netdiag : Log saving path=[/data/debuglogger//netlog/NTLog_2025_0613_142532], need rename temp log file at stop time
06-13 14:26:44.893041   962  8263 D Netdiag : -->check_logfile_when_stop() begin1 apply_rohc_compress=0,is_support_rohc_compress=1
06-13 14:26:44.893329   962  8263 D Netdiag : New flow to [/data/debuglogger//netlog/NTLog_2025_0613_142532/tcpdump_NTLog_V2_2025_0613_142532_start_1.cap]
06-13 14:26:44.904441   962  8263 D Netdiag : Log is already stopped, change the last temp log file's name and stop.
06-13 14:26:44.904567   962  8263 D Netdiag : <--check_logfile_when_stop() end
06-13 14:26:44.904784   962  1010 I Netdiag : Wait rename log file thread done
06-13 14:26:44.904852   962  1010 I Netdiag :  At stop time,kill trace pid
06-13 14:26:44.905231  8072  8073 E Netdiag : Receive terminate signal for trace, signal = 15.
06-13 14:26:44.906292  8072  8073 D Netdiag : At stop time, property_get log index ok
06-13 14:26:44.908902   962  1010 E Netdiag : [CommandListening] child 8072 terminated. Receive signal in commandlistening. 
06-13 14:26:44.909056   962  1010 E Netdiag : [CommandListening] Write response to client side, fd=4, message=sub_tread_exit and reset flag
06-13 14:26:44.909080   962  1010 D Netdiag : Receive trace process exit signal, stop waiting in main process.
06-13 14:26:44.909115   962  1010 D Netdiag :  Waiting stop process finish, stop_finish = 1, remaining_time=13
06-13 14:26:44.909132   962  1010 D Netdiag : At stop time, reset log running flag to 0
06-13 14:26:44.909538 11069 11114 I LogHandler/AbstractLogConnection: setResponseFromServer() mServerName = netdiag serverData = sub_tread_exit
06-13 14:26:44.910296   962  1010 D Netdiag : At stop time, property_get reset log running flag to 0 ok
06-13 14:26:44.910493   962  1010 D Netdiag : run trace command, write to connection tcpdump_sdcard_stop_noping,1
06-13 14:26:44.910596   962  1010 E Netdiag : FD_CLR fd=4,index i:0
06-13 14:26:44.910627   962  1010 D Netdiag : Add listener on socket server whose id=29
06-13 14:26:44.910650   962  1010 D Netdiag : Add listener on former received socket client, fd=4
06-13 14:26:44.910670   962  1010 D Netdiag : commandlistening unlock exit
06-13 14:26:44.910945 11069 11114 I LogHandler/AbstractLogConnection: setResponseFromServer() mServerName = netdiag serverData = tcpdump_sdcard_stop_noping,1
06-13 14:26:44.957136 11069  8217 I LogHandler/AbstractLogInstance: getResponse, responseStr = tcpdump_sdcard_stop_noping,1 and waiting time remaining = 13900
06-13 14:26:44.957827 11069  8211 I LogHandler/AbstractLogInstance: -->executeCommand(), command = autostart=0, isWaitingResponse = false
06-13 14:26:44.957989 11069  8211 I LogHandler/AbstractLogConnection: sendToServer() mServerName = mobilelogd data = autostart=0
06-13 14:26:45.008621 11069  8211 I LogHandler/AbstractLogInstance: -->executeCommand(), command = deep_stop, isWaitingResponse = true
06-13 14:26:45.008757 11069  8211 I LogHandler/AbstractLogConnection: sendToServer() mServerName = mobilelogd data = deep_stop
06-13 14:26:45.009982   961   990 I MobileLogD: recv autostart=0 from 6
06-13 14:26:45.014557   961   990 D MobileLogD: write autostart=0,1 to client 6 
06-13 14:26:45.014719   961   990 D MobileLogD: write to client over
06-13 14:26:45.059402 11069 11108 I LogHandler/AbstractLogConnection: setResponseFromServer() mServerName = mobilelogd serverData = autostart=0,1
06-13 14:26:45.059549   961   990 I MobileLogD: recv deep_stop from 6
06-13 14:26:45.060058   961  8060 I mobile_log_d: a_read_thread finish close fd=26
06-13 14:26:45.101829   961  8059 I mobile_log_d: k_read_thread finish
06-13 14:26:45.158546   761   761 I BufferQueueProducer: [com.debug.loggerui/com.debug.loggerui.MainActivity#2305](this:0xb4000073d83b88c8,id:-1,api:0,p:-1,c:761) queueBuffer: fps=2.21 dur=1355.31 max=994.76 min=11.21
06-13 14:26:45.169811   748  1625 I android.hardware.usb@1.2-service-mediatekv2: uevent_event change@/devices/platform/11007000.i2c0/i2c-0/0-0064/power_supply/cw-bat
06-13 14:26:45.170190   748  1625 I android.hardware.usb@1.2-service-mediatekv2: uevent_event change@/devices/platform/11007000.i2c0/i2c-0/0-0064/power_supply/cw-bat
06-13 14:26:45.170385   748  1625 I android.hardware.usb@1.2-service-mediatekv2: uevent_event change@/devices/platform/11007000.i2c0/i2c-0/0-0064/power_supply/cw-bat
06-13 14:26:45.170562   748  1625 I android.hardware.usb@1.2-service-mediatekv2: uevent_event change@/devices/platform/11007000.i2c0/i2c-0/0-0064/power_supply/cw-bat
06-13 14:26:45.170738   748  1625 I android.hardware.usb@1.2-service-mediatekv2: uevent_event change@/devices/platform/11007000.i2c0/i2c-0/0-0064/power_supply/cw-bat
06-13 14:26:45.170911   748  1625 I android.hardware.usb@1.2-service-mediatekv2: uevent_event change@/devices/platform/11007000.i2c0/i2c-0/0-0064/power_supply/cw-bat
06-13 14:26:45.171084   748  1625 I android.hardware.usb@1.2-service-mediatekv2: uevent_event change@/devices/platform/11007000.i2c0/i2c-0/0-0064/power_supply/cw-bat
06-13 14:26:45.171259   748  1625 I android.hardware.usb@1.2-service-mediatekv2: uevent_event change@/devices/platform/11007000.i2c0/i2c-0/0-0064/power_supply/cw-bat
06-13 14:26:45.171434   748  1625 I android.hardware.usb@1.2-service-mediatekv2: uevent_event change@/devices/platform/11007000.i2c0/i2c-0/0-0064/power_supply/cw-bat
06-13 14:26:45.171562   741   927 I hwcomposer: [HWCDisplay] [Display_0 (type:1)] fps:87.550659,dur:1005.13,max:23.14,min:8.49  
06-13 14:26:45.171609   748  1625 I android.hardware.usb@1.2-service-mediatekv2: uevent_event change@/devices/platform/11007000.i2c0/i2c-0/0-0064/power_supply/cw-bat
06-13 14:26:45.171784   748  1625 I android.hardware.usb@1.2-service-mediatekv2: uevent_event change@/devices/platform/11007000.i2c0/i2c-0/0-0064/power_supply/cw-bat
06-13 14:26:45.172079   748  1625 I android.hardware.usb@1.2-service-mediatekv2: uevent_event change@/devices/platform/11007000.i2c0/i2c-0/0-0064/power_supply/cw-bat
06-13 14:26:45.172262   748  1625 I android.hardware.usb@1.2-service-mediatekv2: uevent_event change@/devices/platform/11007000.i2c0/i2c-0/0-0064/power_supply/cw-bat
06-13 14:26:45.172437   748  1625 I android.hardware.usb@1.2-service-mediatekv2: uevent_event change@/devices/platform/11007000.i2c0/i2c-0/0-0064/power_supply/cw-bat
06-13 14:26:45.214650  1449  1449 E PriBatteryTemperatureService: onReceive SHOW_STOP_CHARGING_TIPS=false,SHUTDOWN_BATTERY_HIGH_TEMP=600,SHUTDOWN_BATTERY_LOW_TEMP=-250,temperature=290
06-13 14:26:45.227041  1692  1692 I PowerUI : onReceive: mBatteryLevel = 100:plugged=trueisShutDialogShow:falseON:false
06-13 14:26:45.258308   761   761 I BufferQueueProducer: [StatusBar#78](this:0xb4000073d831ec68,id:-1,api:0,p:-1,c:761) queueBuffer: fps=3.30 dur=4242.13 max=4066.18 min=11.10
06-13 14:26:45.579087   753   829 I libPerfCtl: xgfGetFPS pid:1692 fps:-1
06-13 14:26:45.579254   753   829 I libPerfCtl: xgfGetFPS pid:6760 fps:-1
06-13 14:26:45.579328   753   829 I libPerfCtl: xgfGetFPS pid:11069 fps:87
06-13 14:26:45.833828   761   761 I BufferQueueProducer: [Stopping logs#2316](this:0xb4000073d8379e68,id:-1,api:0,p:-1,c:761) queueBuffer: fps=87.63 dur=1004.22 max=22.16 min=8.41
06-13 14:26:46.162112   761   761 I BufferQueueProducer: [com.debug.loggerui/com.debug.loggerui.MainActivity#2305](this:0xb4000073d83b88c8,id:-1,api:0,p:-1,c:761) queueBuffer: fps=1.00 dur=1003.55 max=1003.55 min=1003.55
06-13 14:26:46.175397   741   927 I hwcomposer: [HWCDisplay] [Display_0 (type:1)] fps:86.667046,dur:1003.84,max:22.31,min:8.40  
06-13 14:26:46.579487   753   829 I libPerfCtl: xgfGetFPS pid:1692 fps:-1
06-13 14:26:46.579670   753   829 I libPerfCtl: xgfGetFPS pid:6760 fps:-1
06-13 14:26:46.579740   753   829 I libPerfCtl: xgfGetFPS pid:11069 fps:87
06-13 14:26:46.838170   761   761 I BufferQueueProducer: [Stopping logs#2316](this:0xb4000073d8379e68,id:-1,api:0,p:-1,c:761) queueBuffer: fps=87.62 dur=1004.34 max=22.00 min=8.74
06-13 14:26:47.166104   761   761 I BufferQueueProducer: [com.debug.loggerui/com.debug.loggerui.MainActivity#2305](this:0xb4000073d83b88c8,id:-1,api:0,p:-1,c:761) queueBuffer: fps=1.00 dur=1003.99 max=1003.99 min=1003.99
06-13 14:26:47.176493   761   761 I BufferQueueProducer: [StatusBar#78](this:0xb4000073d831ec68,id:-1,api:0,p:-1,c:761) queueBuffer: fps=0.52 dur=1918.20 max=1918.20 min=1918.20
06-13 14:26:47.179413   741   927 I hwcomposer: [HWCDisplay] [Display_0 (type:1)] fps:88.643837,dur:1004.02,max:12.64,min:9.69  
06-13 14:26:47.579827   753   829 I libPerfCtl: xgfGetFPS pid:1692 fps:-1
06-13 14:26:47.580029   753   829 I libPerfCtl: xgfGetFPS pid:6760 fps:-1
06-13 14:26:47.580110   753   829 I libPerfCtl: xgfGetFPS pid:11069 fps:88
06-13 14:26:47.825871   748  1625 I android.hardware.usb@1.2-service-mediatekv2: uevent_event change@/devices/platform/battery/power_supply/battery
06-13 14:26:47.826589   748  1625 I android.hardware.usb@1.2-service-mediatekv2: uevent_event change@/devices/platform/battery/power_supply/battery
06-13 14:26:47.826867   748  1625 I android.hardware.usb@1.2-service-mediatekv2: uevent_event change@/devices/platform/battery/power_supply/battery
06-13 14:26:47.827072   748  1625 I android.hardware.usb@1.2-service-mediatekv2: uevent_event change@/devices/platform/battery/power_supply/battery
06-13 14:26:47.827271   748  1625 I android.hardware.usb@1.2-service-mediatekv2: uevent_event change@/devices/platform/battery/power_supply/battery
06-13 14:26:47.827467   748  1625 I android.hardware.usb@1.2-service-mediatekv2: uevent_event change@/devices/platform/battery/power_supply/battery
06-13 14:26:47.827675   748  1625 I android.hardware.usb@1.2-service-mediatekv2: uevent_event change@/devices/platform/battery/power_supply/battery
06-13 14:26:47.827868   748  1625 I android.hardware.usb@1.2-service-mediatekv2: uevent_event change@/devices/platform/battery/power_supply/battery
06-13 14:26:47.828067   748  1625 I android.hardware.usb@1.2-service-mediatekv2: uevent_event change@/devices/platform/battery/power_supply/battery
06-13 14:26:47.828289   748  1625 I android.hardware.usb@1.2-service-mediatekv2: uevent_event change@/devices/platform/battery/power_supply/battery
06-13 14:26:47.828583   748  1625 I android.hardware.usb@1.2-service-mediatekv2: uevent_event change@/devices/platform/battery/power_supply/battery
06-13 14:26:47.828791   748  1625 I android.hardware.usb@1.2-service-mediatekv2: uevent_event change@/devices/platform/battery/power_supply/battery
06-13 14:26:47.828989   748  1625 I android.hardware.usb@1.2-service-mediatekv2: uevent_event change@/devices/platform/battery/power_supply/battery
06-13 14:26:47.829518   748  1625 I android.hardware.usb@1.2-service-mediatekv2: uevent_event change@/devices/platform/battery/power_supply/battery
06-13 14:26:47.829831   748  1625 I android.hardware.usb@1.2-service-mediatekv2: uevent_event change@/devices/platform/battery/power_supply/battery
06-13 14:26:47.830169   748  1625 I android.hardware.usb@1.2-service-mediatekv2: uevent_event change@/devices/platform/battery/power_supply/battery
06-13 14:26:47.830545   748  1625 I android.hardware.usb@1.2-service-mediatekv2: uevent_event change@/devices/platform/battery/power_supply/battery
06-13 14:26:47.830914   748  1625 I android.hardware.usb@1.2-service-mediatekv2: uevent_event change@/devices/platform/battery/power_supply/battery
06-13 14:26:47.831240   748  1625 I android.hardware.usb@1.2-service-mediatekv2: uevent_event change@/devices/platform/battery/power_supply/battery
06-13 14:26:47.831540   748  1625 I android.hardware.usb@1.2-service-mediatekv2: uevent_event change@/devices/platform/battery/power_supply/battery
06-13 14:26:47.831839   748  1625 I android.hardware.usb@1.2-service-mediatekv2: uevent_event change@/devices/platform/battery/power_supply/battery
06-13 14:26:47.842031   761   761 I BufferQueueProducer: [Stopping logs#2316](this:0xb4000073d8379e68,id:-1,api:0,p:-1,c:761) queueBuffer: fps=88.66 dur=1003.87 max=11.84 min=10.76
06-13 14:26:48.183110   741   927 I hwcomposer: [HWCDisplay] [Display_0 (type:1)] fps:88.671478,dur:1003.70,max:12.36,min:10.06  
06-13 14:26:48.249838   961  8058 I mobile_log_d: stop logging begin
06-13 14:26:48.250144   961  8058 I MobileLogD: deinit debug
06-13 14:26:48.250820   961  8061 I mobile_log_d: k_read_thread stopped
06-13 14:26:48.251076   961  8061 I mobile_log_d: a_read_thread stopped
06-13 14:26:48.251309   961  8061 I mobile_log_d: flush mobilelog buffer begin
06-13 14:26:48.260215   961  8061 I mobile_log_d: flush mobilelog buffer end
06-13 14:26:48.260535   961  8061 I mobile_log_d: mobile_log_d.wr exit!
06-13 14:26:48.278016  8267  8267 W libc    : Access denied finding property "persist.vendor.aee.log.status"
06-13 14:26:48.278178  8267  8267 I AEE_AED : Built  commit b69cce00d4f9c3ebeb3e4e09a3f84ede21f90373
06-13 14:26:48.278418  8267  8267 W libc    : Access denied finding property "persist.vendor.aee.log.status"
06-13 14:26:48.278438  8267  8267 E AEE_AED : open boot mode file fail! (13, Permission denied)
06-13 14:26:48.275000  8267  8267 W aee     : type=1400 audit(0.0:2974): avc:  denied  { read } for  name="u:object_r:system_mtk_persist_aee_prop:s0" dev="tmpfs" ino=8677 scontext=u:r:mobile_log_d:s0 tcontext=u:object_r:system_mtk_persist_aee_prop:s0 tclass=file permissive=0
06-13 14:26:48.275000  8267  8267 W aee     : type=1400 audit(0.0:2975): avc:  denied  { read } for  name="u:object_r:system_mtk_persist_aee_prop:s0" dev="tmpfs" ino=8677 scontext=u:r:mobile_log_d:s0 tcontext=u:object_r:system_mtk_persist_aee_prop:s0 tclass=file permissive=0
06-13 14:26:48.282162   961  8058 I mobile_log_d: clear_all_lists end
06-13 14:26:48.384802   961  8058 I mobile_log_d: stop logging end
06-13 14:26:48.385111   961  8058 I mobile_log_d: mobile_log_d.rd exit!
06-13 14:26:48.406424  8275  8275 I MobileLogD: ftrace_buf_deinit rootpath=/sys/kernel/tracing/instances/bsp traceon=/sys/kernel/tracing/instances/bsp/tracing_on
06-13 14:26:48.411000  8276  8276 W sh      : type=1400 audit(0.0:2976): avc:  denied  { dac_override } for  capability=1  scontext=u:r:mobile_log_d:s0 tcontext=u:r:mobile_log_d:s0 tclass=capability permissive=0
06-13 14:26:48.556563  8275  8275 I MobileLogD: bsp ftrace_buf_deinit completely.
06-13 14:26:48.556616  8275  8275 I MobileLogD: ftrace_buf_deinit rootpath=/sys/kernel/tracing/instances/connsys traceon=/sys/kernel/tracing/instances/connsys/tracing_on
06-13 14:26:48.559000  8277  8277 W sh      : type=1400 audit(0.0:2977): avc:  denied  { dac_override } for  capability=1  scontext=u:r:mobile_log_d:s0 tcontext=u:r:mobile_log_d:s0 tclass=capability permissive=0
06-13 14:26:48.580166   753   829 I libPerfCtl: xgfGetFPS pid:1692 fps:-1
06-13 14:26:48.580519   753   829 I libPerfCtl: xgfGetFPS pid:6760 fps:-1
06-13 14:26:48.580590   753   829 I libPerfCtl: xgfGetFPS pid:11069 fps:88
06-13 14:26:48.704777  8275  8275 I MobileLogD: connsys ftrace_buf_deinit completely.
06-13 14:26:48.837695   761  1175 E SurfaceFlinger: MtkDuration override mode is disabled
06-13 14:26:48.851619   761   761 I BufferQueueProducer: [Stopping logs#2316](this:0xb4000073d8379e68,id:-1,api:0,p:-1,c:761) queueBuffer: fps=88.16 dur=1009.58 max=16.72 min=10.74
06-13 14:26:48.852676   741   927 I hwcomposer: [HWC] (0) displaySetActiveConfig config:0  
06-13 14:26:49.061512   961   990 I MobileLogD: wifistandalone log service
06-13 14:26:49.062257 11069 11108 I LogHandler/AbstractLogConnection: setResponseFromServer() mServerName = mobilelogd serverData = deep_stop,1
06-13 14:26:49.069692 11069  8211 I LogHandler/AbstractLogInstance: getResponse, responseStr = deep_stop,1 and waiting time remaining = 11000
06-13 14:26:49.069982 11069  8211 I DebugLoggerUI/ServiceStatusManager: statusChanged : LOG_STOPPING_DONE, old status = LOG_STOPPING
06-13 14:26:49.073136 11069  8211 I DebugLoggerUI/ServiceStatusManager: getAllRunningLogTypes() runningTypes.Size = 0
06-13 14:26:49.073374 11069  8211 W DebugLoggerUI/ServiceStatusManager: Notification is disabled, does not show any notification.
06-13 14:26:49.073477 11069  8211 I DebugLoggerUI/ServiceStatusManager: setNotificationsEnabledForPackage() enabled ? false
06-13 14:26:49.073573 11069  8211 I DebugLoggerUI/ServiceStatusManager: setNotificationsEnabledForPackage() enabled = false, applicationInfo.uid = 10181
06-13 14:26:49.076739 11069  8211 I DebugLoggerUI: isAutoTest()-> Monkey running flag is false, isUserAMonkey=false
06-13 14:26:49.078092 11069  8211 W DebugLoggerUI/ServiceStatusManager: showServiceNotification(), context = Warning : All logs are stopped!!!
06-13 14:26:49.083694 11069  8211 W DebugLoggerUI/ServiceStatusManager: Notification is disabled, does not show any notification.
06-13 14:26:49.083807 11069  8211 I DebugLoggerUI/ServiceStatusManager: setNotificationsEnabledForPackage() enabled ? false
06-13 14:26:49.083899 11069  8211 I DebugLoggerUI/ServiceStatusManager: setNotificationsEnabledForPackage() enabled = false, applicationInfo.uid = 10181
06-13 14:26:49.096357 11069  8211 I DebugLoggerUI/LogControllerUtils: <--isAnyControlledLogRunning()? false
06-13 14:26:49.096565 11069 11069 I DebugLoggerUI/MainActivity: EXTRA_RUNNING_STAGE_CHANGE_EVENT
06-13 14:26:49.096787 11069 11069 I DebugLoggerUI/MainActivity: -->dismissTagProgressDialog()
06-13 14:26:49.096875 11069  8088 W DebugLoggerUI/DebugLoggerUIService: Waiting check log folder been interrupted.
06-13 14:26:49.096939 11069 11069 I DebugLoggerUI/MainActivity: changeWaitingDialog() -> currentRunningStage is 0
06-13 14:26:49.097222 11069  8211 I DebugLoggerUI/DebugLoggerUIService: <--stopRecording(), result=true, sucessType = 119, failType = 0
06-13 14:26:49.097475 11069  8282 I DebugLoggerUI/LogControllerUtils: <--isAnyControlledLogRunning()? false
06-13 14:26:49.098692 11069  8282 I DebugLoggerUI/Utils: <--getPathFromFileTree() fileTree = /data/debuglogger/file_tree.txt, fileList.size = 73
06-13 14:26:49.103334 11069 11069 W WindowOnBackDispatcher: sendCancelIfRunning: isInProgress=falsecallback=android.view.ViewRootImpl$$ExternalSyntheticLambda19@478bfbd
06-13 14:26:49.106732  6997  8285 E CopyExceptonDbService: file has existed:/sdcard/debuglogger/pri/anr/temp_anr_4087838666272919297.txt
06-13 14:26:49.107204  6997  8284 E CopyExceptonDbService: file has existed:/sdcard/debuglogger/pri/vendor_aee_exp/db_history
06-13 14:26:49.107254  6997  8285 E CopyExceptonDbService: file has existed:/sdcard/debuglogger/pri/anr/temp_anr_8793433599743281073.txt
06-13 14:26:49.107511  6997  8285 E CopyExceptonDbService: file has existed:/sdcard/debuglogger/pri/anr/temp_anr_8567717477933670799.txt
06-13 14:26:49.107708  6997  8285 E CopyExceptonDbService: file has existed:/sdcard/debuglogger/pri/anr/temp_anr_2426963575233860079.txt
06-13 14:26:49.107872  6997  8285 E CopyExceptonDbService: file has existed:/sdcard/debuglogger/pri/anr/temp_anr_2994566266953219596.txt
06-13 14:26:49.111399 11069  8282 I DebugLoggerUI/Utils: -->updateLogFilesInMediaProviderSync(), pathArray.length=87
06-13 14:26:49.112557  1449  1465 W InputManager-JNI: Input channel object '85b9e3a Stopping logs (client)' was disposed without first being removed with the input manager!
06-13 14:26:49.111000  2677  2677 W binder:2677_7: type=1400 audit(0.0:2978): avc:  denied  { getattr } for  path="/data/debuglogger" dev="dm-48" ino=482 scontext=u:r:mediaprovider_app:s0:c195,c256,c512,c768 tcontext=u:object_r:debuglog_data_file:s0 tclass=dir permissive=0 app=com.google.android.providers.media.module
06-13 14:26:49.114204   761  1235 E BufferQueueDebug: [Surface(name=85b9e3a Stopping logs)/@0x4ef328c - animation-leash of window_animation#2320](this:0xb4000073d83cf548,id:-1,api:0,p:-1,c:-1) id info cannot be read from 'Surface(name=85b9e3a Stopping logs)/@0x4ef328c - animation-leash of window_animation#2320'
06-13 14:26:49.114696   761  1235 I BufferQueueDebug: [Surface(name=85b9e3a Stopping logs)/@0x4ef328c - animation-leash of window_animation#2320](this:0xb4000073d83cf548,id:-1,api:0,p:-1,c:-1) BufferQueue core=(761:/system/bin/surfaceflinger)
06-13 14:26:49.117258   761  1235 E BufferQueueDebug: [Surface(name=1ebb875 StatusBar)/@0x6243141 - animation-leash of insets_animation#2321](this:0xb4000073d8368d08,id:-1,api:0,p:-1,c:-1) id info cannot be read from 'Surface(name=1ebb875 StatusBar)/@0x6243141 - animation-leash of insets_animation#2321'
06-13 14:26:49.117334   761  1235 I BufferQueueDebug: [Surface(name=1ebb875 StatusBar)/@0x6243141 - animation-leash of insets_animation#2321](this:0xb4000073d8368d08,id:-1,api:0,p:-1,c:-1) BufferQueue core=(761:/system/bin/surfaceflinger)
06-13 14:26:49.117552  2677 21989 W ModernMediaScanner: Failed to visit /data/debuglogger/netlog/NTLog_2025_0613_135558/dump-stats-2025_0613_141619_stop.txt: java.nio.file.AccessDeniedException: /data/debuglogger/netlog/NTLog_2025_0613_135558/dump-stats-2025_0613_141619_stop.txt
06-13 14:26:49.118641   761  2042 E BufferQueueDebug: [Surface(name=a575898 NavigationBar0)/@0x6b1529 - animation-leash of insets_animation#2322](this:0xb4000073d8307fe8,id:-1,api:0,p:-1,c:-1) id info cannot be read from 'Surface(name=a575898 NavigationBar0)/@0x6b1529 - animation-leash of insets_animation#2322'
06-13 14:26:49.118834   761  2042 I BufferQueueDebug: [Surface(name=a575898 NavigationBar0)/@0x6b1529 - animation-leash of insets_animation#2322](this:0xb4000073d8307fe8,id:-1,api:0,p:-1,c:-1) BufferQueue core=(761:/system/bin/surfaceflinger)
06-13 14:26:49.122034   761  2042 E BufferQueueDebug: [Surface(name=Dim Layer for - Task=478)/@0xb9db4db - animation-leash of dimmer#2323](this:0xb4000073d8352088,id:-1,api:0,p:-1,c:-1) id info cannot be read from 'Surface(name=Dim Layer for - Task=478)/@0xb9db4db - animation-leash of dimmer#2323'
06-13 14:26:49.122261   761  2042 I BufferQueueDebug: [Surface(name=Dim Layer for - Task=478)/@0xb9db4db - animation-leash of dimmer#2323](this:0xb4000073d8352088,id:-1,api:0,p:-1,c:-1) BufferQueue core=(761:/system/bin/surfaceflinger)
06-13 14:26:49.126774  2677  3046 W MediaProvider: isAppCloneUserPair for user 0: false
06-13 14:26:49.126937 11069 11069 I DebugLoggerUI/MainActivity: ACTION_LOG_STATE_CHANGED
06-13 14:26:49.127393  2677 21989 I MediaProvider: Scanned internal due to REASON_DEMAND, found 0 items in 12ms, 0 inserts 0 updates 0 deletes
06-13 14:26:49.128579  2677  3046 W MediaProvider: isAppCloneUserPair for user 0: false
06-13 14:26:49.128605 11069  8206 I DebugLoggerUI: isAutoTest()-> Monkey running flag is false, isUserAMonkey=false
06-13 14:26:49.129017 11069  8206 I LogHandler/AbstractLogInstance: -->getValueFromServer(), command = getstatus
06-13 14:26:49.129115 11069  8206 I LogHandler/AbstractLogConnection: sendToServer() mServerName = com.mediatek.mdlogger.socket1 data = getstatus
06-13 14:26:49.132492  2677 21989 W ModernMediaScanner: Failed to visit /data/debuglogger/netlog/NTLog_2025_0613_135558/tcpdump_NTLog_V2_2025_0613_135558_start_1.cap: java.nio.file.AccessDeniedException: /data/debuglogger/netlog/NTLog_2025_0613_135558/tcpdump_NTLog_V2_2025_0613_135558_start_1.cap
06-13 14:26:49.134508   741   927 I hwcomposer: [HWC] (0) displaySetActiveConfig config:1  
06-13 14:26:49.140753  2677 21989 I MediaProvider: Scanned internal due to REASON_DEMAND, found 0 items in 10ms, 0 inserts 0 updates 0 deletes
06-13 14:26:49.144550  2677 21989 W ModernMediaScanner: Failed to visit /data/debuglogger/netlog/NTLog_2025_0613_135558: java.nio.file.AccessDeniedException: /data/debuglogger/netlog/NTLog_2025_0613_135558
06-13 14:26:49.147376  2677 29595 W MediaProvider: isAppCloneUserPair for user 0: false
06-13 14:26:49.148344   761   761 E SurfaceFlinger: MtkDuration override mode is disabled
06-13 14:26:49.150314   761   761 I BufferQueueDebug: [Surface(name=a575898 NavigationBar0)/@0x6b1529 - animation-leash of insets_animation#2315](this:0xb4000073d838dd58,id:-1,api:0,p:-1,c:761) onDestructor()
06-13 14:26:49.150535   761   761 I BufferQueueDebug: [Surface(name=1ebb875 StatusBar)/@0x6243141 - animation-leash of insets_animation#2314](this:0xb4000073d83cc7b8,id:-1,api:0,p:-1,c:761) onDestructor()
06-13 14:26:49.151632  2677 21989 I MediaProvider: Scanned internal due to REASON_DEMAND, found 0 items in 8ms, 0 inserts 0 updates 0 deletes
06-13 14:26:49.159598  1449  2874 I ImeTracker: com.debug.loggerui:3aaa88d4: onRequestHide at ORIGIN_SERVER_HIDE_INPUT reason HIDE_SAME_WINDOW_FOCUSED_WITHOUT_EDITOR
06-13 14:26:49.159870  1449  2874 I ImeTracker: com.debug.loggerui:3aaa88d4: onCancelled at PHASE_SERVER_SHOULD_HIDE
06-13 14:26:49.161744  2486  2486 I GoogleInputMethodService: GoogleInputMethodService.onFinishInput():1975 
06-13 14:26:49.162994  2486  2486 I Module  : DeviceLockedStatusModuleProvider$Module.updateDeviceLockedStatus():100 repeatCheckTimes = 0, locked = false
06-13 14:26:49.163929  2486  2486 I GoogleInputMethodService: GoogleInputMethodService.onStartInput():1247 onStartInput(EditorInfo{EditorInfo{packageName=com.debug.loggerui, inputType=0, inputTypeString=NULL, enableLearning=false, autoCorrection=false, autoComplete=false, imeOptions=0, privateImeOptions=null, actionName=UNSPECIFIED, actionLabel=null, initialSelStart=-1, initialSelEnd=-1, initialCapsMode=0, label=null, fieldId=0, fieldName=null, extras=null, hintText=null, hintLocales=[]}}, false)
06-13 14:26:49.164017  2677 21989 W ModernMediaScanner: Failed to visit /data/debuglogger/netlog/NTLog_2025_0613_141729/dump-stats-2025_0613_141751_stop.txt: java.nio.file.AccessDeniedException: /data/debuglogger/netlog/NTLog_2025_0613_141729/dump-stats-2025_0613_141751_stop.txt
06-13 14:26:49.165201   761   761 I BufferQueueProducer: [com.debug.loggerui/com.debug.loggerui.MainActivity#2305](this:0xb4000073d83b88c8,id:-1,api:0,p:-1,c:761) queueBuffer: fps=1.00 dur=1999.07 max=1006.71 min=992.36
06-13 14:26:49.165343  2486  2486 I Module  : DeviceLockedStatusModuleProvider$Module.updateDeviceLockedStatus():100 repeatCheckTimes = 1, locked = false
06-13 14:26:49.165567   761   761 I BufferQueueDebug: [85b9e3a Stopping logs#2313](this:0xb4000073d8310898,id:-1,api:0,p:-1,c:761) onDestructor()
06-13 14:26:49.165678   761   761 I BufferQueueDebug: [Dim Layer for - Task=478#2318](this:0xb4000073d832d038,id:-1,api:0,p:-1,c:761) onDestructor()
06-13 14:26:49.165760   761   761 I BufferQueueDebug: [Surface(name=Dim Layer for - Task=478)/@0xb9db4db - animation-leash of dimmer#2323](this:0xb4000073d8352088,id:-1,api:0,p:-1,c:761) onDestructor()
06-13 14:26:49.165995   761   761 I BufferQueueDebug: [Stopping logs#2316](this:0xb4000073d8379e68,id:-1,api:0,p:-1,c:761) onDestructor()
06-13 14:26:49.167158   761   761 I BufferQueueDebug: [Surface(name=85b9e3a Stopping logs)/@0x4ef328c - animation-leash of window_animation#2320](this:0xb4000073d83cf548,id:-1,api:0,p:-1,c:761) onDestructor()
06-13 14:26:49.171105  2677 21989 I MediaProvider: Scanned internal due to REASON_DEMAND, found 0 items in 9ms, 0 inserts 0 updates 0 deletes
06-13 14:26:49.174673  2677 21989 W ModernMediaScanner: Failed to visit /data/debuglogger/netlog/NTLog_2025_0613_141729/tcpdump_NTLog_V2_2025_0613_141729_start_1.cap: java.nio.file.AccessDeniedException: /data/debuglogger/netlog/NTLog_2025_0613_141729/tcpdump_NTLog_V2_2025_0613_141729_start_1.cap
06-13 14:26:49.179770  2677 21989 I MediaProvider: Scanned internal due to REASON_DEMAND, found 0 items in 6ms, 0 inserts 0 updates 0 deletes
06-13 14:26:49.180629   955  1264 I EMDLOGGER1: mdlogger receive command getstatus
06-13 14:26:49.180757   955  1264 I EMDLOGGER1: mdlogger send ACK getstatus,0
06-13 14:26:49.180993 11069 11110 I LogHandler/AbstractLogConnection: setResponseFromServer() mServerName = com.mediatek.mdlogger.socket1 serverData = getstatus,0
