06-13 14:26:53.360751   748  1625 I android.hardware.usb@1.2-service-mediatekv2: uevent_event change@/devices/platform/11007000.i2c0/i2c-0/0-0064/power_supply/cw-bat
06-13 14:26:53.361003   748  1625 I android.hardware.usb@1.2-service-mediatekv2: uevent_event change@/devices/platform/11007000.i2c0/i2c-0/0-0064/power_supply/cw-bat
06-13 14:26:53.361459   748  1625 I android.hardware.usb@1.2-service-mediatekv2: uevent_event change@/devices/platform/11007000.i2c0/i2c-0/0-0064/power_supply/cw-bat
06-13 14:26:53.361712   748  1625 I android.hardware.usb@1.2-service-mediatekv2: uevent_event change@/devices/platform/11007000.i2c0/i2c-0/0-0064/power_supply/cw-bat
06-13 14:26:53.361967   748  1625 I android.hardware.usb@1.2-service-mediatekv2: uevent_event change@/devices/platform/11007000.i2c0/i2c-0/0-0064/power_supply/cw-bat
06-13 14:26:53.401365  1449  1449 E PriBatteryTemperatureService: onReceive SHOW_STOP_CHARGING_TIPS=false,SHUTDOWN_BATTERY_HIGH_TEMP=600,SHUTDOWN_BATTERY_LOW_TEMP=-250,temperature=290
06-13 14:26:53.413706  1692  1692 I PowerUI : onReceive: mBatteryLevel = 100:plugged=trueisShutDialogShow:falseON:false
06-13 14:26:53.453245   761   761 I BufferQueueProducer: [StatusBar#78](this:0xb4000073d831ec68,id:-1,api:0,p:-1,c:761) queueBuffer: fps=0.16 dur=6276.66 max=6276.66 min=6276.66
06-13 14:26:53.582943   753   829 I libPerfCtl: xgfGetFPS pid:1692 fps:88
06-13 14:26:53.583140   753   829 I libPerfCtl: xgfGetFPS pid:11069 fps:-1
06-13 14:26:54.134214   761  1175 E SurfaceFlinger: MtkDuration override mode is disabled
06-13 14:26:54.136906   741   927 I hwcomposer: [HWC] (0) displaySetActiveConfig config:0  
06-13 14:26:54.140098   741   927 I hwcomposer: [HWCDisplay] [Display_0 (type:1)] fps:15.364155,dur:1627.16,max:684.48,min:9.62  
06-13 14:26:54.583323   753   829 I libPerfCtl: xgfGetFPS pid:1692 fps:-1
06-13 14:26:54.583491   753   829 I libPerfCtl: xgfGetFPS pid:11069 fps:-1
06-13 14:26:55.583942   753   829 I libPerfCtl: xgfGetFPS pid:1692 fps:-1
06-13 14:26:55.584127   753   829 I libPerfCtl: xgfGetFPS pid:11069 fps:-1
06-13 14:26:55.971560 11069  8203 I DebugLoggerUI/LogControllerUtils: <--isAnyConnsysLogRunning()? false
06-13 14:26:55.971738 11069  8203 I LogHandler/AbstractLogInstance: -->getValueFromServer(), command = getstatus
06-13 14:26:55.971814 11069  8203 I LogHandler/AbstractLogConnection: sendToServer() mServerName = com.mediatek.mdlogger.socket1 data = getstatus
06-13 14:26:56.023166   955  1264 I EMDLOGGER1: mdlogger receive command getstatus
06-13 14:26:56.023311   955  1264 I EMDLOGGER1: mdlogger send ACK getstatus,0
06-13 14:26:56.023754 11069 11110 I LogHandler/AbstractLogConnection: setResponseFromServer() mServerName = com.mediatek.mdlogger.socket1 serverData = getstatus,0
06-13 14:26:56.023908 11069 11110 I LogHandler/ModemLog: update, serverResponseStr = getstatus,0
06-13 14:26:56.123277 11069  8203 I LogHandler/AbstractLogInstance: getResponse, responseStr = getstatus,0 and waiting time remaining = 14900
06-13 14:26:56.123621 11069  8203 I LogHandler/AbstractLogInstance: <--getValueFromServer(), serverValue = 0
06-13 14:26:56.232515   761   761 I BufferQueueProducer: [StatusBar#78](this:0xb4000073d831ec68,id:-1,api:0,p:-1,c:761) queueBuffer: fps=0.36 dur=2779.33 max=2779.33 min=2779.33
06-13 14:26:56.235197   741   927 I hwcomposer: [HWCDisplay] [Display_0 (type:1)] fps:0.954626,dur:2095.06,max:2080.13,min:14.93  
06-13 14:26:56.584376   753   829 I libPerfCtl: xgfGetFPS pid:1692 fps:-1
06-13 14:26:56.584532   753   829 I libPerfCtl: xgfGetFPS pid:11069 fps:-1
06-13 14:26:56.881610   748  1625 I android.hardware.usb@1.2-service-mediatekv2: uevent_event change@/devices/virtual/misc/cpu_loading
06-13 14:26:56.881845   748  1625 I android.hardware.usb@1.2-service-mediatekv2: uevent_event change@/devices/virtual/misc/cpu_loading
06-13 14:26:56.882001   748  1625 I android.hardware.usb@1.2-service-mediatekv2: uevent_event change@/devices/virtual/misc/cpu_loading
06-13 14:26:56.882143   748  1625 I android.hardware.usb@1.2-service-mediatekv2: uevent_event change@/devices/virtual/misc/cpu_loading
06-13 14:26:56.882285   748  1625 I android.hardware.usb@1.2-service-mediatekv2: uevent_event change@/devices/virtual/misc/cpu_loading
06-13 14:26:56.882444   748  1625 I android.hardware.usb@1.2-service-mediatekv2: uevent_event change@/devices/virtual/misc/cpu_loading
06-13 14:26:56.882657   748  1625 I android.hardware.usb@1.2-service-mediatekv2: uevent_event change@/devices/virtual/misc/cpu_loading
06-13 14:26:56.882870   748  1625 I android.hardware.usb@1.2-service-mediatekv2: uevent_event change@/devices/virtual/misc/cpu_loading
06-13 14:26:56.883080   748  1625 I android.hardware.usb@1.2-service-mediatekv2: uevent_event change@/devices/virtual/misc/cpu_loading
06-13 14:26:56.883291   748  1625 I android.hardware.usb@1.2-service-mediatekv2: uevent_event change@/devices/virtual/misc/cpu_loading
06-13 14:26:56.883504   748  1625 I android.hardware.usb@1.2-service-mediatekv2: uevent_event change@/devices/virtual/misc/cpu_loading
06-13 14:26:57.147918   727  1206 I netd    : setProcSysNet(4, 2, wlan0, retrans_time_ms, 750) <0.66ms>
06-13 14:26:57.149330   727  1206 I netd    : setProcSysNet(4, 2, wlan0, ucast_solicit, 10) <0.51ms>
06-13 14:26:57.150438   727  1206 I netd    : setProcSysNet(6, 2, wlan0, retrans_time_ms, 750) <0.42ms>
06-13 14:26:57.151219   727  1206 I netd    : setProcSysNet(6, 2, wlan0, ucast_solicit, 10) <0.19ms>
06-13 14:26:57.584836   753   829 I libPerfCtl: xgfGetFPS pid:1692 fps:-1
06-13 14:26:57.585022   753   829 I libPerfCtl: xgfGetFPS pid:11069 fps:-1
06-13 14:26:58.585623   753   829 I libPerfCtl: xgfGetFPS pid:1692 fps:-1
06-13 14:26:58.585803   753   829 I libPerfCtl: xgfGetFPS pid:11069 fps:-1
06-13 14:26:59.509868   969   969 I thermal_repeater: [recvMdThermalInfo] ret=33, strLen=127,  2, 32767, -127, 111, 32767, 4046
06-13 14:26:59.585966   753   829 I libPerfCtl: xgfGetFPS pid:1692 fps:-1
06-13 14:27:00.032999   761   761 I BufferQueueProducer: [StatusBar#78](this:0xb4000073d831ec68,id:-1,api:0,p:-1,c:761) queueBuffer: fps=0.26 dur=3800.48 max=3800.48 min=3800.48
06-13 14:27:00.035578   741   927 I hwcomposer: [HWCDisplay] [Display_0 (type:1)] fps:0.263129,dur:3800.41,max:3800.41,min:3800.41  
06-13 14:27:00.586322   753   829 I libPerfCtl: xgfGetFPS pid:1692 fps:-1
06-13 14:27:01.486167   748  1625 I android.hardware.usb@1.2-service-mediatekv2: uevent_event change@/devices/platform/battery/power_supply/battery
06-13 14:27:01.486632   748  1625 I android.hardware.usb@1.2-service-mediatekv2: uevent_event change@/devices/platform/battery/power_supply/battery
06-13 14:27:01.487102   748  1625 I android.hardware.usb@1.2-service-mediatekv2: uevent_event change@/devices/platform/battery/power_supply/battery
06-13 14:27:01.487449   748  1625 I android.hardware.usb@1.2-service-mediatekv2: uevent_event change@/devices/platform/battery/power_supply/battery
06-13 14:27:01.487777   748  1625 I android.hardware.usb@1.2-service-mediatekv2: uevent_event change@/devices/platform/battery/power_supply/battery
06-13 14:27:01.488108   748  1625 I android.hardware.usb@1.2-service-mediatekv2: uevent_event change@/devices/platform/battery/power_supply/battery
06-13 14:27:01.488429   748  1625 I android.hardware.usb@1.2-service-mediatekv2: uevent_event change@/devices/platform/battery/power_supply/battery
06-13 14:27:01.488661   748  1625 I android.hardware.usb@1.2-service-mediatekv2: uevent_event change@/devices/platform/battery/power_supply/battery
06-13 14:27:01.488881   748  1625 I android.hardware.usb@1.2-service-mediatekv2: uevent_event change@/devices/platform/battery/power_supply/battery
06-13 14:27:01.489094   748  1625 I android.hardware.usb@1.2-service-mediatekv2: uevent_event change@/devices/platform/battery/power_supply/battery
06-13 14:27:01.489720   748  1625 I android.hardware.usb@1.2-service-mediatekv2: uevent_event change@/devices/platform/battery/power_supply/battery
06-13 14:27:01.490259   748  1625 I android.hardware.usb@1.2-service-mediatekv2: uevent_event change@/devices/platform/battery/power_supply/battery
06-13 14:27:01.490790   748  1625 I android.hardware.usb@1.2-service-mediatekv2: uevent_event change@/devices/platform/battery/power_supply/battery
06-13 14:27:01.491115   748  1625 I android.hardware.usb@1.2-service-mediatekv2: uevent_event change@/devices/platform/battery/power_supply/battery
06-13 14:27:01.491426   748  1625 I android.hardware.usb@1.2-service-mediatekv2: uevent_event change@/devices/platform/battery/power_supply/battery
06-13 14:27:01.491736   748  1625 I android.hardware.usb@1.2-service-mediatekv2: uevent_event change@/devices/platform/battery/power_supply/battery
06-13 14:27:01.492042   748  1625 I android.hardware.usb@1.2-service-mediatekv2: uevent_event change@/devices/platform/battery/power_supply/battery
06-13 14:27:01.492353   748  1625 I android.hardware.usb@1.2-service-mediatekv2: uevent_event change@/devices/platform/battery/power_supply/battery
06-13 14:27:01.492657   748  1625 I android.hardware.usb@1.2-service-mediatekv2: uevent_event change@/devices/platform/battery/power_supply/battery
06-13 14:27:01.492963   748  1625 I android.hardware.usb@1.2-service-mediatekv2: uevent_event change@/devices/platform/battery/power_supply/battery
06-13 14:27:01.493347   748  1625 I android.hardware.usb@1.2-service-mediatekv2: uevent_event change@/devices/platform/battery/power_supply/battery
06-13 14:27:01.550024   748  1625 I android.hardware.usb@1.2-service-mediatekv2: uevent_event change@/devices/platform/11007000.i2c0/i2c-0/0-0064/power_supply/cw-bat
06-13 14:27:01.550607   748  1625 I android.hardware.usb@1.2-service-mediatekv2: uevent_event change@/devices/platform/11007000.i2c0/i2c-0/0-0064/power_supply/cw-bat
06-13 14:27:01.551080   748  1625 I android.hardware.usb@1.2-service-mediatekv2: uevent_event change@/devices/platform/11007000.i2c0/i2c-0/0-0064/power_supply/cw-bat
06-13 14:27:01.551422   748  1625 I android.hardware.usb@1.2-service-mediatekv2: uevent_event change@/devices/platform/11007000.i2c0/i2c-0/0-0064/power_supply/cw-bat
06-13 14:27:01.551735   748  1625 I android.hardware.usb@1.2-service-mediatekv2: uevent_event change@/devices/platform/11007000.i2c0/i2c-0/0-0064/power_supply/cw-bat
06-13 14:27:01.552040   748  1625 I android.hardware.usb@1.2-service-mediatekv2: uevent_event change@/devices/platform/11007000.i2c0/i2c-0/0-0064/power_supply/cw-bat
06-13 14:27:01.552433   748  1625 I android.hardware.usb@1.2-service-mediatekv2: uevent_event change@/devices/platform/11007000.i2c0/i2c-0/0-0064/power_supply/cw-bat
06-13 14:27:01.552748   748  1625 I android.hardware.usb@1.2-service-mediatekv2: uevent_event change@/devices/platform/11007000.i2c0/i2c-0/0-0064/power_supply/cw-bat
06-13 14:27:01.553053   748  1625 I android.hardware.usb@1.2-service-mediatekv2: uevent_event change@/devices/platform/11007000.i2c0/i2c-0/0-0064/power_supply/cw-bat
06-13 14:27:01.553421   748  1625 I android.hardware.usb@1.2-service-mediatekv2: uevent_event change@/devices/platform/11007000.i2c0/i2c-0/0-0064/power_supply/cw-bat
06-13 14:27:01.553735   748  1625 I android.hardware.usb@1.2-service-mediatekv2: uevent_event change@/devices/platform/11007000.i2c0/i2c-0/0-0064/power_supply/cw-bat
06-13 14:27:01.554047   748  1625 I android.hardware.usb@1.2-service-mediatekv2: uevent_event change@/devices/platform/11007000.i2c0/i2c-0/0-0064/power_supply/cw-bat
06-13 14:27:01.554351   748  1625 I android.hardware.usb@1.2-service-mediatekv2: uevent_event change@/devices/platform/11007000.i2c0/i2c-0/0-0064/power_supply/cw-bat
06-13 14:27:01.554662   748  1625 I android.hardware.usb@1.2-service-mediatekv2: uevent_event change@/devices/platform/11007000.i2c0/i2c-0/0-0064/power_supply/cw-bat
06-13 14:27:01.586531   753   829 I libPerfCtl: xgfGetFPS pid:1692 fps:-1
06-13 14:27:02.587007   753   829 I libPerfCtl: xgfGetFPS pid:1692 fps:-1
06-13 14:27:03.521410   741   927 I hwcomposer: [HWCDisplay] [Display_0 (type:1)] fps:0.286876,dur:3485.83,max:3485.83,min:3485.83  
06-13 14:27:03.531403   761   761 I BufferQueueDebug: [WindowToken{9e02609 type=2005 android.os.Binder@f51eb10}#2324](this:0xb4000073d83cf548,id:-1,api:0,p:-1,c:761) onDestructor()
06-13 14:27:06.865966   748  1625 I android.hardware.usb@1.2-service-mediatekv2: uevent_event change@/devices/virtual/misc/cpu_loading
06-13 14:27:06.866362   748  1625 I android.hardware.usb@1.2-service-mediatekv2: uevent_event change@/devices/virtual/misc/cpu_loading
06-13 14:27:06.866553   748  1625 I android.hardware.usb@1.2-service-mediatekv2: uevent_event change@/devices/virtual/misc/cpu_loading
06-13 14:27:06.866787   748  1625 I android.hardware.usb@1.2-service-mediatekv2: uevent_event change@/devices/virtual/misc/cpu_loading
06-13 14:27:06.866980   748  1625 I android.hardware.usb@1.2-service-mediatekv2: uevent_event change@/devices/virtual/misc/cpu_loading
06-13 14:27:06.867226   748  1625 I android.hardware.usb@1.2-service-mediatekv2: uevent_event change@/devices/virtual/misc/cpu_loading
06-13 14:27:06.867418   748  1625 I android.hardware.usb@1.2-service-mediatekv2: uevent_event change@/devices/virtual/misc/cpu_loading
06-13 14:27:06.867606   748  1625 I android.hardware.usb@1.2-service-mediatekv2: uevent_event change@/devices/virtual/misc/cpu_loading
06-13 14:27:06.867791   748  1625 I android.hardware.usb@1.2-service-mediatekv2: uevent_event change@/devices/virtual/misc/cpu_loading
06-13 14:27:06.867971   748  1625 I android.hardware.usb@1.2-service-mediatekv2: uevent_event change@/devices/virtual/misc/cpu_loading
06-13 14:27:06.868151   748  1625 I android.hardware.usb@1.2-service-mediatekv2: uevent_event change@/devices/virtual/misc/cpu_loading
06-13 14:27:08.269735   761   761 I BufferQueueProducer: [StatusBar#78](this:0xb4000073d831ec68,id:-1,api:0,p:-1,c:761) queueBuffer: fps=0.12 dur=8236.74 max=8236.74 min=8236.74
06-13 14:27:08.272315   741   927 I hwcomposer: [HWCDisplay] [Display_0 (type:1)] fps:0.420974,dur:4750.88,max:4737.07,min:13.81  
06-13 14:27:09.258899  2230  8118 I NetworkScheduler.Stats: (REDACTED) Task %s/%s started execution. cause:%s exec_start_elapsed_seconds: %s
06-13 14:27:09.268422  2230  8243 I NetworkScheduler.Stats: (REDACTED) Task %s/%s finished executing. cause:%s result: %s elapsed_millis: %s uptime_millis: %s exec_start_elapsed_seconds: %s
06-13 14:27:09.269397   753   829 I libPerfCtl: xgfGetFPS pid:1692 fps:-1
06-13 14:27:09.271771 30079 30101 W BinderCallGmsPrvdr: Found invalid Chimera context. Getting Best guess RequestContext from trace. [CONTEXT service_id=357 ]
06-13 14:27:09.529506   969   969 I thermal_repeater: [recvMdThermalInfo] ret=33, strLen=127,  2, 32767, -127, 111, 32767, 4046
06-13 14:27:09.754409   748  1625 I android.hardware.usb@1.2-service-mediatekv2: uevent_event change@/devices/platform/11007000.i2c0/i2c-0/0-0064/power_supply/cw-bat
06-13 14:27:09.754852   748  1625 I android.hardware.usb@1.2-service-mediatekv2: uevent_event change@/devices/platform/11007000.i2c0/i2c-0/0-0064/power_supply/cw-bat
06-13 14:27:09.755193   748  1625 I android.hardware.usb@1.2-service-mediatekv2: uevent_event change@/devices/platform/11007000.i2c0/i2c-0/0-0064/power_supply/cw-bat
06-13 14:27:09.755539   748  1625 I android.hardware.usb@1.2-service-mediatekv2: uevent_event change@/devices/platform/11007000.i2c0/i2c-0/0-0064/power_supply/cw-bat
06-13 14:27:09.755764   748  1625 I android.hardware.usb@1.2-service-mediatekv2: uevent_event change@/devices/platform/11007000.i2c0/i2c-0/0-0064/power_supply/cw-bat
06-13 14:27:09.755982   748  1625 I android.hardware.usb@1.2-service-mediatekv2: uevent_event change@/devices/platform/11007000.i2c0/i2c-0/0-0064/power_supply/cw-bat
06-13 14:27:09.756200   748  1625 I android.hardware.usb@1.2-service-mediatekv2: uevent_event change@/devices/platform/11007000.i2c0/i2c-0/0-0064/power_supply/cw-bat
06-13 14:27:09.756411   748  1625 I android.hardware.usb@1.2-service-mediatekv2: uevent_event change@/devices/platform/11007000.i2c0/i2c-0/0-0064/power_supply/cw-bat
06-13 14:27:09.756625   748  1625 I android.hardware.usb@1.2-service-mediatekv2: uevent_event change@/devices/platform/11007000.i2c0/i2c-0/0-0064/power_supply/cw-bat
06-13 14:27:09.756836   748  1625 I android.hardware.usb@1.2-service-mediatekv2: uevent_event change@/devices/platform/11007000.i2c0/i2c-0/0-0064/power_supply/cw-bat
06-13 14:27:09.757047   748  1625 I android.hardware.usb@1.2-service-mediatekv2: uevent_event change@/devices/platform/11007000.i2c0/i2c-0/0-0064/power_supply/cw-bat
06-13 14:27:09.757347   748  1625 I android.hardware.usb@1.2-service-mediatekv2: uevent_event change@/devices/platform/11007000.i2c0/i2c-0/0-0064/power_supply/cw-bat
06-13 14:27:09.757567   748  1625 I android.hardware.usb@1.2-service-mediatekv2: uevent_event change@/devices/platform/11007000.i2c0/i2c-0/0-0064/power_supply/cw-bat
06-13 14:27:09.757782   748  1625 I android.hardware.usb@1.2-service-mediatekv2: uevent_event change@/devices/platform/11007000.i2c0/i2c-0/0-0064/power_supply/cw-bat
06-13 14:27:09.805463  1449  1449 E PriBatteryTemperatureService: onReceive SHOW_STOP_CHARGING_TIPS=false,SHUTDOWN_BATTERY_HIGH_TEMP=600,SHUTDOWN_BATTERY_LOW_TEMP=-250,temperature=290
06-13 14:27:09.816479  1692  1692 I PowerUI : onReceive: mBatteryLevel = 100:plugged=trueisShutDialogShow:falseON:false
06-13 14:27:09.862308   761   761 I BufferQueueProducer: [StatusBar#78](this:0xb4000073d831ec68,id:-1,api:0,p:-1,c:761) queueBuffer: fps=0.63 dur=1592.57 max=1592.57 min=1592.57
06-13 14:27:09.864774   741   927 I hwcomposer: [HWCDisplay] [Display_0 (type:1)] fps:0.627949,dur:1592.49,max:1592.49,min:1592.49  
06-13 14:27:10.270102   753   829 I libPerfCtl: xgfGetFPS pid:1692 fps:-1
06-13 14:27:11.019857   761   761 I BufferQueueProducer: [com.debug.loggerui/com.debug.loggerui.MainActivity#2305](this:0xb4000073d83b88c8,id:-1,api:0,p:-1,c:761) queueBuffer: fps=0.14 dur=21854.68 max=21697.61 min=11.31
06-13 14:27:11.022854   741   927 I hwcomposer: [HWCDisplay] [Display_0 (type:1)] fps:0.863496,dur:1158.08,max:1158.08,min:1158.08  
06-13 14:27:11.132344 11069  8203 I DebugLoggerUI/LogControllerUtils: <--isAnyConnsysLogRunning()? false
06-13 14:27:11.132575 11069  8203 I LogHandler/AbstractLogInstance: -->getValueFromServer(), command = getstatus
06-13 14:27:11.132671 11069  8203 I LogHandler/AbstractLogConnection: sendToServer() mServerName = com.mediatek.mdlogger.socket1 data = getstatus
06-13 14:27:11.183493   955  1264 I EMDLOGGER1: mdlogger receive command getstatus
06-13 14:27:11.183667   955  1264 I EMDLOGGER1: mdlogger send ACK getstatus,0
06-13 14:27:11.184387 11069 11110 I LogHandler/AbstractLogConnection: setResponseFromServer() mServerName = com.mediatek.mdlogger.socket1 serverData = getstatus,0
06-13 14:27:11.184807 11069 11110 I LogHandler/ModemLog: update, serverResponseStr = getstatus,0
06-13 14:27:11.270539   753   829 I libPerfCtl: xgfGetFPS pid:1692 fps:-1
06-13 14:27:11.270741   753   829 I libPerfCtl: xgfGetFPS pid:11069 fps:-1
06-13 14:27:11.283724 11069  8203 I LogHandler/AbstractLogInstance: getResponse, responseStr = getstatus,0 and waiting time remaining = 14900
06-13 14:27:11.283897 11069  8203 I LogHandler/AbstractLogInstance: <--getValueFromServer(), serverValue = 0
06-13 14:27:12.271059   753   829 I libPerfCtl: xgfGetFPS pid:1692 fps:-1
06-13 14:27:12.271231   753   829 I libPerfCtl: xgfGetFPS pid:11069 fps:-1
06-13 14:27:13.271606   753   829 I libPerfCtl: xgfGetFPS pid:1692 fps:-1
06-13 14:27:13.271782   753   829 I libPerfCtl: xgfGetFPS pid:11069 fps:-1
06-13 14:27:13.774744  2486  2486 I GoogleInputMethodService: GoogleInputMethodService.onFinishInput():1975 
06-13 14:27:13.777013  2486  2486 I Module  : DeviceLockedStatusModuleProvider$Module.updateDeviceLockedStatus():100 repeatCheckTimes = 0, locked = false
06-13 14:27:13.800213   761   885 E BufferQueueDebug: [ColorFade#2327](this:0xb4000073d8379e68,id:-1,api:0,p:-1,c:-1) id info cannot be read from 'ColorFade#2327'
06-13 14:27:13.800526   761   885 I BufferQueueDebug: [ColorFade#2327](this:0xb4000073d8379e68,id:-1,api:0,p:-1,c:-1) BufferQueue core=(761:/system/bin/surfaceflinger)
06-13 14:27:13.804203   761  2042 E BufferQueueDebug: [ColorFade BLAST#2328](this:0xb4000073d8352088,id:-1,api:0,p:-1,c:-1) id info cannot be read from 'ColorFade BLAST#2328'
06-13 14:27:13.804485   761  2042 I BufferQueueDebug: [ColorFade BLAST#2328](this:0xb4000073d8352088,id:-1,api:0,p:-1,c:-1) BufferQueue core=(761:/system/bin/surfaceflinger)
06-13 14:27:13.817613   741   927 I hwcomposer: [HWCDisplay] [Display_0 (type:1)] fps:0.357816,dur:2794.73,max:2794.73,min:2794.73  
06-13 14:27:13.835949  1692  1692 I vol.VolumeDialogImpl: mDialog.dismiss() reason: volume_controller from: com.android.systemui.volume.VolumeDialogImpl$7.onDismissRequested:3
06-13 14:27:13.842966   761   761 I BufferQueueProducer: [StatusBar#78](this:0xb4000073d831ec68,id:-1,api:0,p:-1,c:761) queueBuffer: fps=0.25 dur=3980.67 max=3980.67 min=3980.67
06-13 14:27:13.843287   761   761 I BufferQueueProducer: [NavigationBar0#77](this:0xb4000073d8327518,id:-1,api:0,p:-1,c:761) queueBuffer: fps=0.43 dur=32827.37 max=32651.26 min=11.06
06-13 14:27:13.966224   846   883 E flp     : mnld_screen_monitor_thread: Screen off
06-13 14:27:13.969694   761   761 E BufferQueueDebug: [Screenshot Parent#2329](this:0xb4000073d83cf548,id:-1,api:0,p:-1,c:-1) id info cannot be read from 'Screenshot Parent#2329'
06-13 14:27:13.970247   761   761 I BufferQueueDebug: [Screenshot Parent#2329](this:0xb4000073d83cf548,id:-1,api:0,p:-1,c:-1) BufferQueue core=(761:/system/bin/surfaceflinger)
06-13 14:27:13.991679   761   761 I BufferQueueDebug: [Screenshot Parent#2329](this:0xb4000073d83cf548,id:-1,api:0,p:-1,c:761) onDestructor()
06-13 14:27:14.000133  1449  1512 I PowerHalWrapper: amsBoostNotify pid:11069,activity:com.debug.loggerui.MainActivity, package:com.debug.loggerui, mProcessCreatePackcom.google.android.dialer 
06-13 14:27:14.000157  1449  1512 I PowerHalWrapper: state: 0 
06-13 14:27:14.000793  1449  1512 I mtkpower_client: [Legacy][PowerHal_Wrap_notifyAppState] com.debug.loggerui/com.debug.loggerui.MainActivity pid=11069 state:0
06-13 14:27:14.001519  1449  1512 I PowerHalWrapper: amsBoostNotify AMS_BOOST_PROCESS_CREATE_BOOST:false 
06-13 14:27:14.001539   753   837 I libPowerHal: [perfNotifyAppState] pack:com.debug.loggerui, act:com.debug.loggerui.MainActivity, state:0, pid:11069, uid:10181, fps:-1
06-13 14:27:14.004458  1449  5064 I GED     : ged_boost_gpu_freq, level 100, eOrigin 2, final_idx 31, oppidx_max 31, oppidx_min 0
06-13 14:27:14.009307   746   746 I Accelerometer: batch: handle:0, flag:0,samplingPeriodNs:80000000 maxBatchReportLatencyNs:2000000000
06-13 14:27:14.010001 11069 11069 I DebugLoggerUI/MainActivity: onPause
06-13 14:27:14.015186 11069 11069 I DebugLoggerUI/MainActivity: -->dismissTagProgressDialog()
06-13 14:27:14.019910   741   927 I hwcomposer: [HWCDisplay] Display(0) SetPowerMode(0) current mode(2)  
06-13 14:27:14.032921  1449  1474 I PowerHalWrapper: amsBoostNotify pid:11069,activity:com.debug.loggerui.MainActivity, package:com.debug.loggerui, mProcessCreatePackcom.google.android.dialer 
06-13 14:27:14.033077  1449  1474 I PowerHalWrapper: state: 0 
06-13 14:27:14.033869  1449  1474 I mtkpower_client: [Legacy][PowerHal_Wrap_notifyAppState] com.debug.loggerui/com.debug.loggerui.MainActivity pid=11069 state:0
06-13 14:27:14.034417   753   837 I libPowerHal: [perfNotifyAppState] pack:com.debug.loggerui, act:com.debug.loggerui.MainActivity, state:0, pid:11069, uid:10181, fps:-1
06-13 14:27:14.035359  1449  1474 I PowerHalWrapper: amsBoostNotify AMS_BOOST_PROCESS_CREATE_BOOST:false 
06-13 14:27:14.040142  1449  1474 I InputManager-JNI: Viewport [0] to add: local:0, isActive: false
06-13 14:27:14.041942  1449  1572 I InputReader: Reconfiguring input devices, changes=DISPLAY_INFO
06-13 14:27:14.042104  1449  1572 I InputReader: Disabling mtk-tpd (device 4) because the associated viewport is not active
06-13 14:27:14.042165  1449  1572 I InputReader: Device reconfigured: id=4, name='mtk-tpd', size 1081x2461, orientation 0, mode 0, display id 0
06-13 14:27:14.042534  1449  1572 I InputReader: Disabling mtk-tpd (device 4) because the associated viewport is not active
06-13 14:27:14.043297  1449  1475 W SurfaceControl: Invalid layer stack -1
06-13 14:27:14.046136  2230  2230 I NearbyDiscovery: (REDACTED) FastPairDisplayObserver: %s -> %s
06-13 14:27:14.048812  2230  3351 I NearbyDiscovery: (REDACTED) OffloadFastPairScanner: eventType=%s, isInternalReq=%s, isOffloadScanning=%s, isOffloadScanningAllowed=%s
06-13 14:27:14.051478  2230  3351 I NearbyDiscovery: (REDACTED) FastPairScanner: isScreenOn=%s, isLocationEnabled=%s, disableLocationRequirement=%s, isDiscoveryScanningEnabled=%s, during24GhzWifiWarmingUpPeriod=%s
06-13 14:27:14.052647  2230  6301 I NearbySharing: Screen is locked
06-13 14:27:14.053026  2230  6301 I NearbySharing: Stopping scanning because the screen is locked.
06-13 14:27:14.054568  2230  3351 I NearbyDiscovery: (REDACTED) FastPairScanner: eventType=%s, intReq=%s, scanning=%s, scanAllowed=%s, bleEnabled=%s, lockScanRate=%s, startScanningByLowPowerMode=%s
06-13 14:27:14.055508 11069 11088 I GED     : ged_boost_gpu_freq, level 100, eOrigin 2, final_idx 31, oppidx_max 31, oppidx_min 0
06-13 14:27:14.059033  2230  6301 I NearbySharing: Stopping Fast Init advertisement because Bluetooth is off.
06-13 14:27:14.062073  2230  6301 I NearbySharing: Stopping advertising because Bluetooth is disabled.
06-13 14:27:14.062504  2230  6301 I NearbySharing: Stopping FastInitiation scanning because the screen is locked.
06-13 14:27:14.062950 11069 11088 I GED     : ged_boost_gpu_freq, level 100, eOrigin 2, final_idx 31, oppidx_max 31, oppidx_min 0
06-13 14:27:14.063511 11069 11069 I DebugLoggerUI/MainActivity: onStop
06-13 14:27:14.064427  2230  6301 I NearbySharing: Fast Initiation Scanning has stopped
06-13 14:27:14.067728  2230  6301 I NearbySharing: Dismissing HUN as there's no device nearby.
06-13 14:27:14.271842   753   829 I libPerfCtl: xgfGetFPS pid:1449 fps:68
06-13 14:27:14.272129   753   829 I libPerfCtl: xgfGetFPS pid:1692 fps:70
06-13 14:27:14.272231   753   829 I libPerfCtl: xgfGetFPS pid:11069 fps:-1
06-13 14:27:14.342326  1011  1212 I [GF_HAL][gf_hal]: [gf_hal_screen_off]
06-13 14:27:14.344546   753   783 I mtkpower@impl: [setMode] type:9, enabled:1
06-13 14:27:14.344682   753   783 E mtkpower@impl: [setMode] unknown type
06-13 14:27:14.349806   753   783 I mtkpower@impl: [setMode] type:7, enabled:0
06-13 14:27:14.350734   761   761 I BufferQueueDebug: [b16b834 ActivityRecordInputSink com.debug.loggerui/.MainActivity#2304](this:0xb4000073d8354e18,id:-1,api:0,p:-1,c:761) onDestructor()
06-13 14:27:14.351166   761   761 I BufferQueueDebug: [com.debug.loggerui/com.debug.loggerui.MainActivity#2305](this:0xb4000073d83b88c8,id:-1,api:0,p:-1,c:761) onDestructor()
06-13 14:27:14.352011   753   837 I libPowerHal: [perfUserScnDisableAll] 
06-13 14:27:14.355999   746   746 I Situation: batch: handle:22, flag:0,samplingPeriodNs:1000000 maxBatchReportLatencyNs:0
06-13 14:27:14.357910   753   783 I mtkpower@impl: [setMode] Disable All
06-13 14:27:14.361676   746   746 I Situation: enable: handle:22, en:1 
06-13 14:27:14.377804  2041  2041 I Launcher3: StateManager, goToState: state = Normal; animated = false; delay = 0; isInState = true; fromState = Normal; getCurrentStableState = Normal; mRestState = null; mLastStableState = Normal; 
06-13 14:27:14.377804  2041  2041 I Launcher3:  java.lang.Throwable:  toState = Normal
06-13 14:27:14.377804  2041  2041 I Launcher3: 	at com.android.launcher3.statemanager.StateManager.goToState(StateManager.java:233)
06-13 14:27:14.377804  2041  2041 I Launcher3: 	at com.android.launcher3.statemanager.StateManager.goToState(StateManager.java:156)
06-13 14:27:14.377804  2041  2041 I Launcher3: 	at com.android.launcher3.statemanager.StateManager.goToState(StateManager.java:149)
06-13 14:27:14.377804  2041  2041 I Launcher3: 	at com.android.launcher3.Launcher.onScreenOnChanged(Launcher.java:2191)
06-13 14:27:14.377804  2041  2041 I Launcher3: 	at com.android.launcher3.uioverrides.QuickstepLauncher.onScreenOnChanged(QuickstepLauncher.java:731)
06-13 14:27:14.377804  2041  2041 I Launcher3: 	at com.android.launcher3.Launcher$$ExternalSyntheticLambda16.onScreenOnChanged(Unknown Source:2)
06-13 14:27:14.377804  2041  2041 I Launcher3: 	at com.android.launcher3.util.ScreenOnTracker.lambda$dispatchScreenOnChanged$0$com-android-launcher3-util-ScreenOnTracker(ScreenOnTracker.java:60)
06-13 14:27:14.377804  2041  2041 I Launcher3: 	at com.android.launcher3.util.ScreenOnTracker$$ExternalSyntheticLambda2.accept(Unknown Source:4)
06-13 14:27:14.377804  2041  2041 I Launcher3: 	at java.util.concurrent.CopyOnWriteArrayList.forEach(CopyOnWriteArrayList.java:811)
06-13 14:27:14.377804  2041  2041 I Launcher3: 	at com.android.launcher3.util.ScreenOnTracker.dispatchScreenOnChanged(ScreenOnTracker.java:60)
06-13 14:27:14.377804  2041  2041 I Launcher3: 	at com.android.launcher3.util.ScreenOnTracker.onReceive(ScreenOnTracker.java:53)
06-13 14:27:14.377804  2041  2041 I Launcher3: 	at com.android.launcher3.util.ScreenOnTracker.$r8$lambda$R3qR9Sq3BpGEFmkbSXX4hZ2yoxQ(Unknown Source:0)
06-13 14:27:14.377804  2041  2041 I Launcher3: 	at com.android.launcher3.util.ScreenOnTracker$$ExternalSyntheticLambda3.accept(Unknown Source:4)
06-13 14:27:14.377804  2041  2041 I Launcher3: 	at com.android.launcher3.util.SimpleBroadcastReceiver.onReceive(SimpleBroadcastReceiver.java:39)
06-13 14:27:14.377804  2041  2041 I Launcher3: 	at android.app.LoadedApk$ReceiverDispatcher$Args.lambda$getRunnable$0(LoadedApk.java:1826)
06-13 14:27:14.377804  2041  2041 I Launcher3: 	at android.app.LoadedApk$ReceiverDispatcher$Args.$r8$lambda$gDuJqgxY6Zb-ifyeubKeivTLAwk(Unknown Source:0)
06-13 14:27:14.377804  2041  2041 I Launcher3: 	at android.app.LoadedApk$ReceiverDispatcher$Args$$ExternalSyntheticLambda0.run(Unknown Source:2)
06-13 14:27:14.377804  2041  2041 I Launcher3: 	at android.os.Handler.handleCallback(Handler.java:958)
06-13 14:27:14.377804  2041  2041 I Launcher3: 	at android.os.Handler.dispatchMessage(Handler.java:99)
06-13 14:27:14.377804  2041  2041 I Launcher3: 	at android.os.Looper.loopOnce(Looper.java:205)
06-13 14:27:14.377804  2041  2041 I Launcher3: 	at android.os.Looper.loop(Looper.java:294)
06-13 14:27:14.377804  2041  2041 I Launcher3: 	at android.app.ActivityThread.main(ActivityThread.java:8233)
06-13 14:27:14.377804  2041  2041 I Launcher3: 	at java.lang.reflect.Method.invoke(Native Method)
06-13 14:27:14.377804  2041  2041 I Launcher3: 	at com.android.internal.os.RuntimeInit$MethodAndArgsCaller.run(RuntimeInit.java:573)
06-13 14:27:14.377804  2041  2041 I Launcher3: 	at com.android.internal.os.ZygoteInit.main(ZygoteInit.java:1058)
06-13 14:27:14.381286  2041  2041 I Launcher3: zhouerlong::::, isKeyguardLocked::false
06-13 14:27:14.382980  2041  2041 I Launcher3: zhouerlong::::, isKeyguardLocked::false
06-13 14:27:14.397856   746   746 I Accelerometer: enable: handle:0, en:0
06-13 14:27:14.398922  2812  2812 W libnfc_nci: [WARNING:StNativeNfcTag.cpp(1313)] nativeNfcTag_doDisconnect; tag already deactivated
06-13 14:27:14.407567  1692  1692 I vol.VolumeDialogImpl: mDialog.dismiss() reason: screen_off from: com.android.systemui.volume.VolumeDialogImpl$7.onScreenOff:4
06-13 14:27:14.407781  2894  2894 I whitelist: onReceive action:android.intent.action.SCREEN_OFF
06-13 14:27:14.407908  2894  2894 I whitelist: onReceive mScreenOffTime = 1749814034407, mNextUpdateTime = 1749824151000
06-13 14:27:14.413237  4457  4457 I PriChargeService: receiver  Intent.ACTION_SCREEN_OFF:::: 
06-13 14:27:14.423284  2486  8295 I DeviceStatusMonitor: DeviceStatusMonitor.handleBroadcast():123 onReceive() : Action = android.intent.action.SCREEN_OFF
06-13 14:27:14.423703  2486  8295 I DeviceStatusMonitor: DeviceStatusMonitor.updateCountryInfo():139 updateCountryInfo(), notifyAnyway = false
06-13 14:27:14.425375  2486  2486 I Module  : DeviceLockedStatusModuleProvider$Module.updateDeviceLockedStatus():100 repeatCheckTimes = 0, locked = false
06-13 14:27:14.426462  2486  2486 I OnDeviceRecognitionProvider: OnDeviceRecognitionProvider.maybeScheduleAutoPackDownload():286 maybeScheduleAutoPackDownload() : LanguageTag = en-US
06-13 14:27:14.427014  2486  2486 I SpeechPackManager: SpeechPackManager.isPackAvailableOnDisk():207 isPackAvailableOnDisk() : LanguageTag = en-US
06-13 14:27:14.427790  2486  2486 I InputBundle: InputBundle.consumeEvent():938 Skip consuming an event as imeStatus is 0
06-13 14:27:14.453644  2230  3351 I NearbyDiscovery: (REDACTED) FastPairHandler: Received action %s
06-13 14:27:14.456080  2751  3602 I xix     : (REDACTED) stopListening(%s, %s)
06-13 14:27:14.456273  2751  3444 I uho     : Disconnecting from SysUi, flag disabled [IVR-C]
06-13 14:27:14.456615  2751  3444 I uho     : Disconnecting from SysUi, VM not enabled [IVR-C]
06-13 14:27:14.456903  2751  3444 I uho     : Disconnecting from SysUi, LSPR/AOL not enabled and screen is locked [IVR-C]
06-13 14:27:14.457192  2230  3351 I NearbyDiscovery: (REDACTED) OffloadFastPairScanner: eventType=%s, isInternalReq=%s, isOffloadScanning=%s, isOffloadScanningAllowed=%s
06-13 14:27:14.457246  2751  3444 I uhj     : No binding to unbind [IVR-C]
06-13 14:27:14.457410  2751  3444 I uhj     : Disconnected from SysUi [IVR-C]
06-13 14:27:14.461507  2751  3602 I xix     : (REDACTED) stopListening(%s, %s)
06-13 14:27:14.464603  2751  3602 I zgu     : Ignoring as mutex already locked
06-13 14:27:14.465296  2230  3351 I NearbyDiscovery: (REDACTED) FastPairScanner: isScreenOn=%s, isLocationEnabled=%s, disableLocationRequirement=%s, isDiscoveryScanningEnabled=%s, during24GhzWifiWarmingUpPeriod=%s
06-13 14:27:14.466936  2230  3351 I NearbyDiscovery: (REDACTED) FastPairScanner: eventType=%s, intReq=%s, scanning=%s, scanAllowed=%s, bleEnabled=%s, lockScanRate=%s, startScanningByLowPowerMode=%s
06-13 14:27:14.468260  2230  3351 I NearbyDiscovery: FastPairController: onSystemStateChanged: skip due to flag disabled [CONTEXT service_id=265 ]
06-13 14:27:14.468288  1449  1449 I PriSysResMon: FM=2933, ScrOn=false
06-13 14:27:14.469413  2751  3444 I zgu     : Ignoring as prefetch was recently called
06-13 14:27:14.471800  1677  1677 I wpa_supplicant: wpa_driver_nl80211_driver_cmd: wlan0 recv cmd SETSUSPENDMODE 1
06-13 14:27:14.483413  1677  1677 I wpa_supplicant: wpa_driver_nl80211_driver_cmd: ret = 0 used = 2 total = 512 buf = 
06-13 14:27:14.490467  1449  3266 I WifiService: releaseMulticastLock uid=10122
06-13 14:27:14.490616  2230  3865 I NearbyUWB: (REDACTED) Screen unlocked: %s
06-13 14:27:14.493647  1677  1677 I wpa_supplicant: wpa_driver_nl80211_driver_cmd: wlan0 recv cmd RXFILTER-STOP
06-13 14:27:14.495338  1677  1677 I wpa_supplicant: wpa_driver_nl80211_driver_cmd: wlan0 recv cmd RXFILTER-REMOVE 2
06-13 14:27:14.496440  1677  1677 I wpa_supplicant: wpa_driver_nl80211_driver_cmd: wlan0 recv cmd RXFILTER-START
06-13 14:27:15.142444   748  1625 I android.hardware.usb@1.2-service-mediatekv2: uevent_event change@/devices/platform/battery/power_supply/battery
06-13 14:27:15.142916   748  1625 I android.hardware.usb@1.2-service-mediatekv2: uevent_event change@/devices/platform/battery/power_supply/battery
06-13 14:27:15.143319   748  1625 I android.hardware.usb@1.2-service-mediatekv2: uevent_event change@/devices/platform/battery/power_supply/battery
06-13 14:27:15.143704   748  1625 I android.hardware.usb@1.2-service-mediatekv2: uevent_event change@/devices/platform/battery/power_supply/battery
06-13 14:27:15.144087   748  1625 I android.hardware.usb@1.2-service-mediatekv2: uevent_event change@/devices/platform/battery/power_supply/battery
06-13 14:27:15.144478   748  1625 I android.hardware.usb@1.2-service-mediatekv2: uevent_event change@/devices/platform/battery/power_supply/battery
06-13 14:27:15.144859   748  1625 I android.hardware.usb@1.2-service-mediatekv2: uevent_event change@/devices/platform/battery/power_supply/battery
06-13 14:27:15.145320   748  1625 I android.hardware.usb@1.2-service-mediatekv2: uevent_event change@/devices/platform/battery/power_supply/battery
06-13 14:27:15.145715   748  1625 I android.hardware.usb@1.2-service-mediatekv2: uevent_event change@/devices/platform/battery/power_supply/battery
06-13 14:27:15.146104   748  1625 I android.hardware.usb@1.2-service-mediatekv2: uevent_event change@/devices/platform/battery/power_supply/battery
06-13 14:27:15.146500   748  1625 I android.hardware.usb@1.2-service-mediatekv2: uevent_event change@/devices/platform/battery/power_supply/battery
06-13 14:27:15.146879   748  1625 I android.hardware.usb@1.2-service-mediatekv2: uevent_event change@/devices/platform/battery/power_supply/battery
06-13 14:27:15.147255   748  1625 I android.hardware.usb@1.2-service-mediatekv2: uevent_event change@/devices/platform/battery/power_supply/battery
06-13 14:27:15.147645   748  1625 I android.hardware.usb@1.2-service-mediatekv2: uevent_event change@/devices/platform/battery/power_supply/battery
06-13 14:27:15.148027   748  1625 I android.hardware.usb@1.2-service-mediatekv2: uevent_event change@/devices/platform/battery/power_supply/battery
06-13 14:27:15.148415   748  1625 I android.hardware.usb@1.2-service-mediatekv2: uevent_event change@/devices/platform/battery/power_supply/battery
06-13 14:27:15.148815   748  1625 I android.hardware.usb@1.2-service-mediatekv2: uevent_event change@/devices/platform/battery/power_supply/battery
06-13 14:27:15.149274   748  1625 I android.hardware.usb@1.2-service-mediatekv2: uevent_event change@/devices/platform/battery/power_supply/battery
06-13 14:27:15.149678   748  1625 I android.hardware.usb@1.2-service-mediatekv2: uevent_event change@/devices/platform/battery/power_supply/battery
06-13 14:27:15.150070   748  1625 I android.hardware.usb@1.2-service-mediatekv2: uevent_event change@/devices/platform/battery/power_supply/battery
06-13 14:27:15.150455   748  1625 I android.hardware.usb@1.2-service-mediatekv2: uevent_event change@/devices/platform/battery/power_supply/battery
06-13 14:27:15.272568   753   829 I libPerfCtl: xgfGetFPS pid:1449 fps:-1
06-13 14:27:15.272762   753   829 I libPerfCtl: xgfGetFPS pid:1692 fps:-1
06-13 14:27:15.272831   753   829 I libPerfCtl: xgfGetFPS pid:11069 fps:-1
06-13 14:27:16.273138   753   829 I libPerfCtl: xgfGetFPS pid:1449 fps:-1
06-13 14:27:16.273455   753   829 I libPerfCtl: xgfGetFPS pid:1692 fps:-1
06-13 14:27:16.273589   753   829 I libPerfCtl: xgfGetFPS pid:11069 fps:-1
06-13 14:27:16.851589   748  1625 I android.hardware.usb@1.2-service-mediatekv2: uevent_event change@/devices/virtual/misc/cpu_loading
06-13 14:27:16.852077   748  1625 I android.hardware.usb@1.2-service-mediatekv2: uevent_event change@/devices/virtual/misc/cpu_loading
06-13 14:27:16.852545   748  1625 I android.hardware.usb@1.2-service-mediatekv2: uevent_event change@/devices/virtual/misc/cpu_loading
06-13 14:27:16.853033   748  1625 I android.hardware.usb@1.2-service-mediatekv2: uevent_event change@/devices/virtual/misc/cpu_loading
06-13 14:27:16.853286   748  1625 I android.hardware.usb@1.2-service-mediatekv2: uevent_event change@/devices/virtual/misc/cpu_loading
06-13 14:27:16.853427   748  1625 I android.hardware.usb@1.2-service-mediatekv2: uevent_event change@/devices/virtual/misc/cpu_loading
06-13 14:27:16.853569   748  1625 I android.hardware.usb@1.2-service-mediatekv2: uevent_event change@/devices/virtual/misc/cpu_loading
06-13 14:27:16.853719   748  1625 I android.hardware.usb@1.2-service-mediatekv2: uevent_event change@/devices/virtual/misc/cpu_loading
06-13 14:27:16.853870   748  1625 I android.hardware.usb@1.2-service-mediatekv2: uevent_event change@/devices/virtual/misc/cpu_loading
06-13 14:27:16.854008   748  1625 I android.hardware.usb@1.2-service-mediatekv2: uevent_event change@/devices/virtual/misc/cpu_loading
06-13 14:27:16.854150   748  1625 I android.hardware.usb@1.2-service-mediatekv2: uevent_event change@/devices/virtual/misc/cpu_loading
06-13 14:27:17.274538   753   829 I libPerfCtl: xgfGetFPS pid:1449 fps:-1
06-13 14:27:17.274730   753   829 I libPerfCtl: xgfGetFPS pid:1692 fps:-1
06-13 14:27:17.274798   753   829 I libPerfCtl: xgfGetFPS pid:11069 fps:-1
06-13 14:27:17.937468   748  1625 I android.hardware.usb@1.2-service-mediatekv2: uevent_event change@/devices/platform/11007000.i2c0/i2c-0/0-0064/power_supply/cw-bat
06-13 14:27:17.938071   748  1625 I android.hardware.usb@1.2-service-mediatekv2: uevent_event change@/devices/platform/11007000.i2c0/i2c-0/0-0064/power_supply/cw-bat
06-13 14:27:17.938530   748  1625 I android.hardware.usb@1.2-service-mediatekv2: uevent_event change@/devices/platform/11007000.i2c0/i2c-0/0-0064/power_supply/cw-bat
06-13 14:27:17.938980   748  1625 I android.hardware.usb@1.2-service-mediatekv2: uevent_event change@/devices/platform/11007000.i2c0/i2c-0/0-0064/power_supply/cw-bat
06-13 14:27:17.939428   748  1625 I android.hardware.usb@1.2-service-mediatekv2: uevent_event change@/devices/platform/11007000.i2c0/i2c-0/0-0064/power_supply/cw-bat
06-13 14:27:17.939877   748  1625 I android.hardware.usb@1.2-service-mediatekv2: uevent_event change@/devices/platform/11007000.i2c0/i2c-0/0-0064/power_supply/cw-bat
06-13 14:27:17.940328   748  1625 I android.hardware.usb@1.2-service-mediatekv2: uevent_event change@/devices/platform/11007000.i2c0/i2c-0/0-0064/power_supply/cw-bat
06-13 14:27:17.940774   748  1625 I android.hardware.usb@1.2-service-mediatekv2: uevent_event change@/devices/platform/11007000.i2c0/i2c-0/0-0064/power_supply/cw-bat
06-13 14:27:17.941386   748  1625 I android.hardware.usb@1.2-service-mediatekv2: uevent_event change@/devices/platform/11007000.i2c0/i2c-0/0-0064/power_supply/cw-bat
06-13 14:27:17.941841   748  1625 I android.hardware.usb@1.2-service-mediatekv2: uevent_event change@/devices/platform/11007000.i2c0/i2c-0/0-0064/power_supply/cw-bat
06-13 14:27:17.942293   748  1625 I android.hardware.usb@1.2-service-mediatekv2: uevent_event change@/devices/platform/11007000.i2c0/i2c-0/0-0064/power_supply/cw-bat
06-13 14:27:17.942738   748  1625 I android.hardware.usb@1.2-service-mediatekv2: uevent_event change@/devices/platform/11007000.i2c0/i2c-0/0-0064/power_supply/cw-bat
06-13 14:27:17.943188   748  1625 I android.hardware.usb@1.2-service-mediatekv2: uevent_event change@/devices/platform/11007000.i2c0/i2c-0/0-0064/power_supply/cw-bat
06-13 14:27:17.943632   748  1625 I android.hardware.usb@1.2-service-mediatekv2: uevent_event change@/devices/platform/11007000.i2c0/i2c-0/0-0064/power_supply/cw-bat
06-13 14:27:17.982279  1449  1449 E PriBatteryTemperatureService: onReceive SHOW_STOP_CHARGING_TIPS=false,SHUTDOWN_BATTERY_HIGH_TEMP=600,SHUTDOWN_BATTERY_LOW_TEMP=-250,temperature=290
06-13 14:27:18.022333  1692  1692 I PowerUI : onReceive: mBatteryLevel = 100:plugged=trueisShutDialogShow:falseON:false
06-13 14:27:18.275131   753   829 I libPerfCtl: xgfGetFPS pid:1449 fps:-1
06-13 14:27:18.275323   753   829 I libPerfCtl: xgfGetFPS pid:1692 fps:-1
06-13 14:27:18.275391   753   829 I libPerfCtl: xgfGetFPS pid:11069 fps:-1
06-13 14:27:19.267338 30079  8297 I GmscoreIpa: Starting mediastore instant index [CONTEXT service_id=255 ]
06-13 14:27:19.275190   753   829 I libPerfCtl: xgfGetFPS pid:1449 fps:-1
06-13 14:27:19.275282   753   829 I libPerfCtl: xgfGetFPS pid:1692 fps:-1
06-13 14:27:19.275305   753   829 I libPerfCtl: xgfGetFPS pid:11069 fps:-1
06-13 14:27:19.549499   969   969 I thermal_repeater: [recvMdThermalInfo] ret=33, strLen=127,  2, 32767, -127, 111, 32767, 4046
06-13 14:27:20.275848   753   829 I libPerfCtl: xgfGetFPS pid:1449 fps:-1
06-13 14:27:20.276043   753   829 I libPerfCtl: xgfGetFPS pid:1692 fps:-1
06-13 14:27:21.044837  2230  3865 I FusedLocation: (REDACTED) location delivery to %s blocked - too close
06-13 14:27:21.052721  2230  3865 I FusedLocation: (REDACTED) location delivery to %s blocked - too fast
06-13 14:27:21.172740  2230  8118 I TFLite-in-PlayServices: Created interpreter.
06-13 14:27:21.198485  2230  8118 I TFLite-in-PlayServices: Created interpreter.
06-13 14:27:21.220836  2230  8118 I SemanticLocation: (REDACTED) [Inferrer] %s%s
06-13 14:27:21.276042   753   829 I libPerfCtl: xgfGetFPS pid:1449 fps:-1
06-13 14:27:21.276158   753   829 I libPerfCtl: xgfGetFPS pid:1692 fps:-1
06-13 14:27:21.369618  2230  2312 W .gms.persistent: Profile data size exceeds 500000 bytes. It has 568907 bytes.
06-13 14:27:22.276772   753   829 I libPerfCtl: xgfGetFPS pid:1449 fps:-1
06-13 14:27:22.276966   753   829 I libPerfCtl: xgfGetFPS pid:1692 fps:-1
06-13 14:27:23.277333   753   829 I libPerfCtl: xgfGetFPS pid:1449 fps:-1
06-13 14:27:23.277514   753   829 I libPerfCtl: xgfGetFPS pid:1692 fps:-1
06-13 14:27:23.607903   768   792 W TeeEndorsementInstaller: Endorsement token not found, wait a bit longer [vendor/mediatek/proprietary/trustzone/trustonic/source/external/mobicore/common/500/Daemon/src/EndorsementInstaller.cpp:105]
06-13 14:27:24.494295  2230  6301 I NearbyPresence: (REDACTED) %s verified [==] new request %s equals to the old request
06-13 14:27:26.126635   748  1625 I android.hardware.usb@1.2-service-mediatekv2: uevent_event change@/devices/platform/11007000.i2c0/i2c-0/0-0064/power_supply/cw-bat
06-13 14:27:26.126965   748  1625 I android.hardware.usb@1.2-service-mediatekv2: uevent_event change@/devices/platform/11007000.i2c0/i2c-0/0-0064/power_supply/cw-bat
06-13 14:27:26.127199   748  1625 I android.hardware.usb@1.2-service-mediatekv2: uevent_event change@/devices/platform/11007000.i2c0/i2c-0/0-0064/power_supply/cw-bat
06-13 14:27:26.127420   748  1625 I android.hardware.usb@1.2-service-mediatekv2: uevent_event change@/devices/platform/11007000.i2c0/i2c-0/0-0064/power_supply/cw-bat
06-13 14:27:26.127633   748  1625 I android.hardware.usb@1.2-service-mediatekv2: uevent_event change@/devices/platform/11007000.i2c0/i2c-0/0-0064/power_supply/cw-bat
06-13 14:27:26.127847   748  1625 I android.hardware.usb@1.2-service-mediatekv2: uevent_event change@/devices/platform/11007000.i2c0/i2c-0/0-0064/power_supply/cw-bat
06-13 14:27:26.128064   748  1625 I android.hardware.usb@1.2-service-mediatekv2: uevent_event change@/devices/platform/11007000.i2c0/i2c-0/0-0064/power_supply/cw-bat
06-13 14:27:26.128274   748  1625 I android.hardware.usb@1.2-service-mediatekv2: uevent_event change@/devices/platform/11007000.i2c0/i2c-0/0-0064/power_supply/cw-bat
06-13 14:27:26.128486   748  1625 I android.hardware.usb@1.2-service-mediatekv2: uevent_event change@/devices/platform/11007000.i2c0/i2c-0/0-0064/power_supply/cw-bat
06-13 14:27:26.128698   748  1625 I android.hardware.usb@1.2-service-mediatekv2: uevent_event change@/devices/platform/11007000.i2c0/i2c-0/0-0064/power_supply/cw-bat
06-13 14:27:26.128909   748  1625 I android.hardware.usb@1.2-service-mediatekv2: uevent_event change@/devices/platform/11007000.i2c0/i2c-0/0-0064/power_supply/cw-bat
06-13 14:27:26.129119   748  1625 I android.hardware.usb@1.2-service-mediatekv2: uevent_event change@/devices/platform/11007000.i2c0/i2c-0/0-0064/power_supply/cw-bat
06-13 14:27:26.129388   748  1625 I android.hardware.usb@1.2-service-mediatekv2: uevent_event change@/devices/platform/11007000.i2c0/i2c-0/0-0064/power_supply/cw-bat
06-13 14:27:26.129607   748  1625 I android.hardware.usb@1.2-service-mediatekv2: uevent_event change@/devices/platform/11007000.i2c0/i2c-0/0-0064/power_supply/cw-bat
06-13 14:27:26.834197   748  1625 I android.hardware.usb@1.2-service-mediatekv2: uevent_event change@/devices/virtual/misc/cpu_loading
06-13 14:27:26.834837   748  1625 I android.hardware.usb@1.2-service-mediatekv2: uevent_event change@/devices/virtual/misc/cpu_loading
06-13 14:27:26.835185   748  1625 I android.hardware.usb@1.2-service-mediatekv2: uevent_event change@/devices/virtual/misc/cpu_loading
06-13 14:27:26.835499   748  1625 I android.hardware.usb@1.2-service-mediatekv2: uevent_event change@/devices/virtual/misc/cpu_loading
06-13 14:27:26.835806   748  1625 I android.hardware.usb@1.2-service-mediatekv2: uevent_event change@/devices/virtual/misc/cpu_loading
06-13 14:27:26.836111   748  1625 I android.hardware.usb@1.2-service-mediatekv2: uevent_event change@/devices/virtual/misc/cpu_loading
06-13 14:27:26.836442   748  1625 I android.hardware.usb@1.2-service-mediatekv2: uevent_event change@/devices/virtual/misc/cpu_loading
06-13 14:27:26.836755   748  1625 I android.hardware.usb@1.2-service-mediatekv2: uevent_event change@/devices/virtual/misc/cpu_loading
06-13 14:27:26.837125   748  1625 I android.hardware.usb@1.2-service-mediatekv2: uevent_event change@/devices/virtual/misc/cpu_loading
06-13 14:27:26.837676   748  1625 I android.hardware.usb@1.2-service-mediatekv2: uevent_event change@/devices/virtual/misc/cpu_loading
06-13 14:27:26.838134   748  1625 I android.hardware.usb@1.2-service-mediatekv2: uevent_event change@/devices/virtual/misc/cpu_loading
06-13 14:27:28.806264   748  1625 I android.hardware.usb@1.2-service-mediatekv2: uevent_event change@/devices/platform/battery/power_supply/battery
06-13 14:27:28.806723   748  1625 I android.hardware.usb@1.2-service-mediatekv2: uevent_event change@/devices/platform/battery/power_supply/battery
06-13 14:27:28.807064   748  1625 I android.hardware.usb@1.2-service-mediatekv2: uevent_event change@/devices/platform/battery/power_supply/battery
06-13 14:27:28.807391   748  1625 I android.hardware.usb@1.2-service-mediatekv2: uevent_event change@/devices/platform/battery/power_supply/battery
06-13 14:27:28.807716   748  1625 I android.hardware.usb@1.2-service-mediatekv2: uevent_event change@/devices/platform/battery/power_supply/battery
06-13 14:27:28.808046   748  1625 I android.hardware.usb@1.2-service-mediatekv2: uevent_event change@/devices/platform/battery/power_supply/battery
06-13 14:27:28.808369   748  1625 I android.hardware.usb@1.2-service-mediatekv2: uevent_event change@/devices/platform/battery/power_supply/battery
