----- timezone:Europe/Istanbul
06-13 14:26:52.250748  1723  1766 D InputTransport: Destroy ARC handle: 0xb400007c023f70d0
06-13 14:26:52.271034  1723  7921 D BLASTBufferQueue: [VRI[loggerui]#259](f:0,a:2) destructor()
06-13 14:26:52.271122  1723  7921 D BufferQueueConsumer: [VRI[loggerui]#259(BLAST Consumer)259](id:6bb00000104,api:0,p:-1,c:1723) disconnect
06-13 14:26:52.301411  1090  1228 D AAL     : 06-13 02:26:52.222 BL= 738,ESS= 256, 06-13 02:26:52.234 BL= 736,ESS= 256, 06-13 02:26:52.267 BL= 737,ESS= 256, 06-13 02:26:52.290 BL= 738,ESS= 256, 06-13 02:26:52.301 BL= 740,ESS= 256, 
06-13 14:26:52.315880  1477  1508 I PowerHalWrapper: amsBoostNotify pid:16425,activity:com.mediatek.engineermode.EngineerMode, package:com.mediatek.engineermode, mProcessCreatePackcom.mediatek.engineermode 
06-13 14:26:52.315920  1477  1508 I PowerHalWrapper: state: 0 
06-13 14:26:52.316189  1477  1508 I mtkpower_client: [Legacy][PowerHal_Wrap_notifyAppState] com.mediatek.engineermode/com.mediatek.engineermode.EngineerMode pid=16425 state:0
06-13 14:26:52.316680   776   871 I libPowerHal: [perfNotifyAppState] pack:com.mediatek.engineermode, act:com.mediatek.engineermode.EngineerMode, state:0, pid:16425, uid:10177, fps:90
06-13 14:26:52.316725  1477  1508 I PowerHalWrapper: amsBoostNotify AMS_BOOST_PROCESS_CREATE_BOOST:false 
06-13 14:26:52.322953  1477  5236 I GED     : ged_boost_gpu_freq, level 100, eOrigin 2, final_idx 31, oppidx_max 31, oppidx_min 0
06-13 14:26:52.328820  1723  1723 D WifiSignalController: isWifi6: false,wifiVisible: true
06-13 14:26:52.328936  1723  1723 D WifiSignalController: iconId: 2131233834
06-13 14:26:52.330354 16425 16448 I GED     : ged_boost_gpu_freq, level 100, eOrigin 2, final_idx 31, oppidx_max 31, oppidx_min 0
06-13 14:26:52.345679   784   784 I BufferQueueDebug: [Splash Screen com.debug.loggerui#3759](this:0xb40000707082a0f8,id:-1,api:0,p:-1,c:784) onDestructor()
06-13 14:26:52.345693 16425 16425 D BLASTBufferQueue: [VRI[EngineerMode]#0](f:0,a:2) destructor()
06-13 14:26:52.345977 16425 16425 D BufferQueueConsumer: [VRI[EngineerMode]#0(BLAST Consumer)0](id:402900000000,api:0,p:-1,c:16425) disconnect
06-13 14:26:52.346362   784   784 I BufferQueueDebug: [994098f Splash Screen com.debug.loggerui#3758](this:0xb40000707082fc18,id:-1,api:0,p:-1,c:784) onDestructor()
06-13 14:26:52.346599   784   784 I BufferQueueDebug: [animation-background#3763](this:0xb40000707083b258,id:-1,api:0,p:-1,c:784) onDestructor()
06-13 14:26:52.346681   784   784 I BufferQueueDebug: [5bfca23 ActivityRecordInputSink com.mediatek.engineermode/.EngineerMode#3745](this:0xb4000070708a4828,id:-1,api:0,p:-1,c:784) onDestructor()
06-13 14:26:52.346747   784   784 I BufferQueueDebug: [Surface(name=994098f Splash Screen com.debug.loggerui)/@0xb37314 - animation-leash of window_animation#3772](this:0xb4000070708c9878,id:-1,api:0,p:-1,c:784) onDestructor()
06-13 14:26:52.346823   784   784 I BufferQueueDebug: [Transition Root: Task=70#3760](this:0xb4000070708d7c48,id:-1,api:0,p:-1,c:784) onDestructor()
06-13 14:26:52.352373 16425 16448 I GED     : ged_boost_gpu_freq, level 100, eOrigin 2, final_idx 31, oppidx_max 31, oppidx_min 0
06-13 14:26:52.353441 16425 16448 I GED     : ged_boost_gpu_freq, level 100, eOrigin 2, final_idx 31, oppidx_max 31, oppidx_min 0
06-13 14:26:52.357753  1090  1228 D AAL     : 06-13 02:26:52.312 BL= 741,ESS= 256, 06-13 02:26:52.323 BL= 742,ESS= 256, 06-13 02:26:52.335 BL= 743,ESS= 256, 06-13 02:26:52.347 BL= 744,ESS= 256, 
06-13 14:26:52.375677   784   784 I BufferQueueProducer: [StatusBar#79](this:0xb400007070854c68,id:-1,api:0,p:-1,c:784) queueBuffer: fps=0.33 dur=3034.93 max=3034.93 min=3034.93
06-13 14:26:52.386411   784   784 I BufferQueueDebug: [com.mediatek.engineermode/com.mediatek.engineermode.EngineerMode#3748](this:0xb40000707085d518,id:-1,api:0,p:-1,c:784) onDestructor()
06-13 14:26:52.471596  1477  2027 I mtkpower_client: perf_lock_acq, hdl:2441, dur:0, num:2, pid:1477, tid:2027
06-13 14:26:52.471968  1477  2027 I mtkpower_client: ret_hdl:2443
06-13 14:26:52.472346   776   871 I libPowerHal: [perfLockAcq] idx:1 hdl:2443 hint:-1 pid:1477 duration:0 lock_user:system_server => ret_hdl:2443
06-13 14:26:52.472620  1477  2027 I mtkpower_client: perf_lock_rel, hdl:2443, tid:2027
06-13 14:26:52.474362   776   871 I libPowerHal: [PE] system_server update cmd:2004200, param:16448
06-13 14:26:52.474828   776   871 I libPowerHal: [perfLockRel] hdl:2443, idx:1
06-13 14:26:52.474880   776   871 I libPowerHal: [PD] system_server update cmd:2004200 param:0
06-13 14:26:52.602865 16297 16390 I DialerSingletonScopedExternalsLogging: com.google.android.dialershared.externals.logging.SingletonScopedExternalsLogging.recordCallMethodInvocation:75 event: BROADCAST_RECEIVER, function parameters: [Broadcast to com.android.dialer.voicemail.configui.VoicemailSecretCodeReceiver_Receiver android.provider.Telephony.SECRET_CODE,2025-06-13 14:26:47.139], return value: <empty>
06-13 14:26:52.603059 16297 16322 I DialerSingletonScopedExternalsLogging: com.google.android.dialershared.externals.logging.SingletonScopedExternalsLogging.recordCallMethodInvocation:75 event: BROADCAST_RECEIVER, function parameters: [Broadcast to com.android.dialer.app.calllog.MissedCallNotificationReceiver_Receiver android.telecom.action.SHOW_MISSED_CALLS_NOTIFICATION,2025-06-13 14:26:47.149], return value: <empty>
06-13 14:26:52.607827 16297 16321 I DialerSingletonScopedExternalsLogging: com.google.android.dialershared.externals.logging.SingletonScopedExternalsLogging.recordCallMethodInvocation:75 event: BROADCAST_RECEIVER, function parameters: [Broadcast to com.android.dialer.incall.answer.paw.impl.PawSecretCodeReceiver_Receiver android.provider.Telephony.SECRET_CODE,2025-06-13 14:26:47.066], return value: <empty>
06-13 14:26:52.610260   776   871 I mtkpower@impl: [powerd_req] TIMER_MSG_PERF_LOCK_TIMEOUT hdl:2442
06-13 14:26:52.610287   776   871 I libPowerHal: [perfLockRel] hdl:2442, idx:0
06-13 14:26:52.749580  2838  5337 I extl    : (REDACTED) appOpsListener %s %s
06-13 14:26:52.749676  2838  5337 I extl    : (REDACTED) Ignoring irrelevant audio permission changes for package %s
06-13 14:26:52.809036   776   854 I libPerfCtl: xgfGetFPS pid:1723 fps:56
06-13 14:26:52.809133   776   854 I libPerfCtl: xgfGetFPS pid:13675 fps:-1
06-13 14:26:52.809141   776   854 I libPowerHal: [updateFPS] pid(13675) : 90 => -1
06-13 14:26:52.809350   776   871 I libPowerHal: [perfNotifyAppState] pack:com.debug.loggerui, act:com.debug.loggerui.MainActivity, state:5, pid:13675, uid:10174, fps:-1
06-13 14:26:52.810334   776   871 I UxUtility: notifyForegroundApp pack:com.debug.loggerui, uid:10174
06-13 14:26:52.810359   776   871 I TouchUtility: notifyAppState error = NULL
06-13 14:26:52.810465   776   854 I libPerfCtl: xgfGetFPS pid:16297 fps:-1
06-13 14:26:52.810485   776   854 I libPerfCtl: xgfGetFPS pid:16425 fps:-1
06-13 14:26:52.823963  1070 13828 I EMDLOGGER1: MAL_ccb_ReadFromLogPort: Call count 2 in 6.130s
06-13 14:26:52.823995  1070 13828 I EMDLOGGER1: MAL_ccb_ReadFromLogPort: max latency = 3564.288ms, max_ccci_ccb_poll_t = 3564.140ms@1749814010.258501, max_ccci_ccb_read_get_t = 0.002ms, max_ccb_read_done_t = 0.001ms
06-13 14:26:52.933812 15524 15671 I appium  : AppiumResponse: {"sessionId":"970d2d80-9443-439f-99c7-5cce727c26dd","value":null}
06-13 14:26:52.950240 15524 15671 I appium  : channel read: POST /session/970d2d80-9443-439f-99c7-5cce727c26dd/element
06-13 14:26:52.950642 15524 15671 I appium  : FindElement command
06-13 14:26:52.952085 15524 15671 I appium  : method: 'xpath', selector: '//android.widget.ToggleButton[@resource-id="com.debug.loggerui:id/startStopToggleButton"]'
06-13 14:26:52.952222 15524 15671 I appium  : Waiting up to 10000ms for the device to idle
06-13 14:26:52.954599 15524 15671 I appium  : The following attributes will be included to the page source: [resource-id]
06-13 14:26:53.020593 15524 15671 I appium  : Took 0ms to retrieve 1 matches for '//android.widget.ToggleButton[@resource-id="com.debug.loggerui:id/startStopToggleButton"]' XPath2 query
06-13 14:26:53.023951 15524 15671 I appium  : AppiumResponse: {"sessionId":"970d2d80-9443-439f-99c7-5cce727c26dd","value":{"ELEMENT":"00000000-0000-0095-ffff-ffff0000028d","element-6066-11e4-a52e-4f735466cecf":"00000000-0000-0095-ffff-ffff0000028d"}}
06-13 14:26:53.039139 15524 15671 I appium  : channel read: GET /session/970d2d80-9443-439f-99c7-5cce727c26dd/element/00000000-0000-0095-ffff-ffff0000028d/attribute/displayed
06-13 14:26:53.039635 15524 15671 I appium  : GetElementAttribute command
06-13 14:26:53.045129 15524 15671 I appium  : AppiumResponse: {"sessionId":"970d2d80-9443-439f-99c7-5cce727c26dd","value":"true"}
06-13 14:26:53.058214 15524 15671 I appium  : channel read: GET /session/970d2d80-9443-439f-99c7-5cce727c26dd/element/00000000-0000-0095-ffff-ffff0000028d/attribute/enabled
06-13 14:26:53.058675 15524 15671 I appium  : GetElementAttribute command
06-13 14:26:53.063653 15524 15671 I appium  : AppiumResponse: {"sessionId":"970d2d80-9443-439f-99c7-5cce727c26dd","value":"true"}
06-13 14:26:53.074849 15524 15671 I appium  : channel read: POST /session/970d2d80-9443-439f-99c7-5cce727c26dd/element/00000000-0000-0095-ffff-ffff0000028d/click
06-13 14:26:53.075271 15524 15671 I appium  : Click command
06-13 14:26:53.087868   776   871 I libPowerHal: [perfLockAcq] idx:0 hdl:2444 hint:25 pid:776 duration:10000 lock_user:mtkpower@1.0-se => ret_hdl:2444
06-13 14:26:53.087963   776   871 I libPowerHal: [PE] MTKPOWER_HINT_APP_TOUCH update cmd:3408600 param:1
06-13 14:26:53.094343   776   871 I libPowerHal: [perfLockRel] hdl:2444, idx:0
06-13 14:26:53.094711   776   871 I libPowerHal: [PD] MTKPOWER_HINT_APP_TOUCH update cmd:3408600 param:0
06-13 14:26:53.101424 13675 13675 I DebugLoggerUI/MainActivity: stopLogs log:-1
06-13 14:26:53.102255 13675 16509 I DebugLoggerUI/DebugLoggerUIService: -->stopRecording(), logTypeCluster=-1, reason=from_ui
06-13 14:26:53.102344 13675 16509 I DebugLoggerUI/ServiceStatusManager: statusChanged : LOG_STOPPING, old status = LOG_STARTING_DONE
06-13 14:26:53.102477 13675 16509 W DebugLoggerUI/ServiceStatusManager: Notification is disabled, does not show any notification.
06-13 14:26:53.102504 13675 16509 I DebugLoggerUI/ServiceStatusManager: setNotificationsEnabledForPackage() enabled ? false
06-13 14:26:53.102550 13675 16509 I DebugLoggerUI/ServiceStatusManager: setNotificationsEnabledForPackage() enabled = false, applicationInfo.uid = 10174
06-13 14:26:53.103422 13675 13675 I DebugLoggerUI/MainActivity: -->dismissTagProgressDialog()
06-13 14:26:53.103520 13675 13675 I DebugLoggerUI/MainActivity: changeWaitingDialog() -> currentRunningStage is 2
06-13 14:26:53.104051 15524 15671 W GestureController: Gestures took longer than expected (24ms >> 10ms), device might be in a busy state.
06-13 14:26:53.104200 15524 15671 I appium  : Waiting up to 10000ms for the device to idle
06-13 14:26:53.104534 13675 16509 I DebugLoggerUI: isAutoTest()-> Monkey running flag is false, isUserAMonkey=false
06-13 14:26:53.104695  1989  1989 D ThemeReceiver: onReceive action = sendStopLog; intent = Intent { act=sendStopLog flg=0x10 pkg=com.android.launcher3 }
06-13 14:26:53.104818  1989  1989 I TAG     : onReceive: sendStopLog
06-13 14:26:53.105546 13675 16509 W DebugLoggerUI/ServiceStatusManager: showServiceNotification(), context = DebugLoggerUIService Stopping log...
06-13 14:26:53.108589 15524 15671 I appium  : AppiumResponse: {"sessionId":"970d2d80-9443-439f-99c7-5cce727c26dd","value":null}
06-13 14:26:53.110839 13675 16509 W DebugLoggerUI/ServiceStatusManager: Notification is disabled, does not show any notification.
06-13 14:26:53.110873 13675 16509 I DebugLoggerUI/ServiceStatusManager: setNotificationsEnabledForPackage() enabled ? false
06-13 14:26:53.110909 13675 16509 I DebugLoggerUI/ServiceStatusManager: setNotificationsEnabledForPackage() enabled = false, applicationInfo.uid = 10174
06-13 14:26:53.114580 13675 16511 I LogHandler/AbstractLogInstance: -->executeCommand(), command = autostart=0, isWaitingResponse = false
06-13 14:26:53.114634 13675 16511 I LogHandler/AbstractLogConnection: sendToServer() mServerName = connsysfwlogd data = autostart=0
06-13 14:26:53.114980 13675 16513 I LogHandler/AbstractLogInstance: -->executeCommand(), command = autostart=0, isWaitingResponse = false
06-13 14:26:53.115030 13675 16513 I LogHandler/AbstractLogConnection: sendToServer() mServerName = bthostlogd data = autostart=0
06-13 14:26:53.115063 13675 16512 I LogHandler/AbstractLogInstance: -->executeCommand(), command = autostart=0, isWaitingResponse = false
06-13 14:26:53.115139 13675 16512 I LogHandler/AbstractLogConnection: sendToServer() mServerName = mtk_mtklogger2mnld data = autostart=0
06-13 14:26:53.115688 13675 16514 I LogHandler/AbstractLogInstance: -->executeCommand(), command = tcpdump_sdcard_stop_noping, isWaitingResponse = true
06-13 14:26:53.115783 13675 16515 I LogHandler/AbstractLogInstance: -->executeCommand(), command = setauto,0, isWaitingResponse = true
06-13 14:26:53.115809 13675 16514 I LogHandler/AbstractLogConnection: sendToServer() mServerName = netdiag data = tcpdump_sdcard_stop_noping
06-13 14:26:53.115858 13675 16515 I LogHandler/AbstractLogConnection: sendToServer() mServerName = com.mediatek.mdlogger.socket1 data = setauto,0
06-13 14:26:53.117385   784  2106 D SurfaceFlinger: [SF client] NEW(0xb400006f00737240) for (13675:com.debug.loggerui)
06-13 14:26:53.119052 13675 13675 D VRI[Stopping logs]: hardware acceleration = true, forceHwAccelerated = false
06-13 14:26:53.120252   784   784 I BufferQueueProducer: [com.debug.loggerui/com.debug.loggerui.MainActivity#3765](this:0xb4000070708ffa28,id:-1,api:0,p:-1,c:784) queueBuffer: fps=3.90 dur=1026.42 max=883.45 min=10.39
06-13 14:26:53.120852   784  2106 E BufferQueueDebug: [b5bc7d6 Stopping logs#3773](this:0xb400007070888088,id:-1,api:0,p:-1,c:-1) id info cannot be read from 'b5bc7d6 Stopping logs#3773'
06-13 14:26:53.120960   784  2106 I BufferQueueDebug: [b5bc7d6 Stopping logs#3773](this:0xb400007070888088,id:-1,api:0,p:-1,c:-1) BufferQueue core=(784:/system/bin/surfaceflinger)
06-13 14:26:53.121964   764  1121 I hwcomposer: [HWCDisplay] [Display_0 (type:1)] fps:25.638992,dur:1014.08,max:696.90,min:4.86  
06-13 14:26:53.122735   784  2106 E BufferQueueDebug: [Surface(name=bf528e StatusBar)/@0x3de8cd9 - animation-leash of insets_animation#3774](this:0xb4000070708c9878,id:-1,api:0,p:-1,c:-1) id info cannot be read from 'Surface(name=bf528e StatusBar)/@0x3de8cd9 - animation-leash of insets_animation#3774'
06-13 14:26:53.122977   784  2106 I BufferQueueDebug: [Surface(name=bf528e StatusBar)/@0x3de8cd9 - animation-leash of insets_animation#3774](this:0xb4000070708c9878,id:-1,api:0,p:-1,c:-1) BufferQueue core=(784:/system/bin/surfaceflinger)
06-13 14:26:53.124990   784  2106 E BufferQueueDebug: [Surface(name=92de9f8 NavigationBar0)/@0xd82469e - animation-leash of insets_animation#3775](this:0xb4000070708a4828,id:-1,api:0,p:-1,c:-1) id info cannot be read from 'Surface(name=92de9f8 NavigationBar0)/@0xd82469e - animation-leash of insets_animation#3775'
06-13 14:26:53.125089   784  2106 I BufferQueueDebug: [Surface(name=92de9f8 NavigationBar0)/@0xd82469e - animation-leash of insets_animation#3775](this:0xb4000070708a4828,id:-1,api:0,p:-1,c:-1) BufferQueue core=(784:/system/bin/surfaceflinger)
06-13 14:26:53.128310 13675 13675 D InputTransport: Create ARC handle: 0xb400007c02357890
06-13 14:26:53.128368 13675 13675 D InputEventReceiver: Input log is disabled in InputEventReceiver.
06-13 14:26:53.128382 13675 13675 D InputTransport: Input log is disabled in InputChannel.
06-13 14:26:53.130975 13675 13675 I DebugLoggerUI/MainActivity: showWaitingDialog() -> title = Stopping logs, message = Waiting for stopping logs..., timeout = 25000
06-13 14:26:53.136454   784  2106 E BufferQueueDebug: [Stopping logs#3776](this:0xb40000707083b258,id:-1,api:0,p:-1,c:-1) id info cannot be read from 'Stopping logs#3776'
06-13 14:26:53.136596   784  2106 I BufferQueueDebug: [Stopping logs#3776](this:0xb40000707083b258,id:-1,api:0,p:-1,c:-1) BufferQueue core=(784:/system/bin/surfaceflinger)
06-13 14:26:53.137521 15524 15671 I appium  : channel read: DELETE /session/970d2d80-9443-439f-99c7-5cce727c26dd
06-13 14:26:53.138920 15524 15671 I appium  : DeleteSession command
06-13 14:26:53.141463 15524 15671 I appium  : Stopping uiautomator2 io.appium.uiautomator2.http io.appium.uiautomator2.server
06-13 14:26:53.142951 15524 15671 I appium  : AppiumResponse: {"sessionId":"970d2d80-9443-439f-99c7-5cce727c26dd","value":null}
06-13 14:26:53.144101  1477  1509 D SurfaceComposerClient: Transaction::apply InputWindowCommands.focusRequests timestamp=61746194775218, windowName=b5bc7d6 Stopping logs
06-13 14:26:53.145369 13675 13675 D BufferQueueConsumer: [](id:356b00000019,api:0,p:-1,c:13675) connect: controlledByApp=false
06-13 14:26:53.148418 13675 13689 E OpenGLRenderer: Unable to match the desired swap behavior.
06-13 14:26:53.154360   784   784 D SurfaceFlinger: Focus addInputWindowCommands timestamp=61746194775218, windowName=b5bc7d6 Stopping logs
06-13 14:26:53.155505   784   784 D SurfaceFlinger: Find Focus windowName=b5bc7d6 Stopping logs, notVisible=1
06-13 14:26:53.155658   784   784 D Layer   : Focus: Stopping logs#3776 isHiddenByPolicy s.flags&layer_state_t::eLayerHidden=1
06-13 14:26:53.155693   784   784 D SurfaceFlinger: Focus inVisible Reason:isVisibleForInput(){hasInputInfo()?canReceiveInput():isVisible()}=0 has=1 can{!isHiddenByPolicy()&&(mBuffer==nullptr||getAlpha()>0.0f)}=0 Hidden=1 Buf=1 getA=1
06-13 14:26:53.156648   784  1153 D SurfaceFlinger: updateWinowInfo=1, setFocusedWindow timestamp=61746194775218, windowName=b5bc7d6 Stopping logs
06-13 14:26:53.156670 13675 13689 D BLASTBufferQueue: [VRI[Stopping logs]#25](f:0,a:1) acquireNextBufferLocked size=1027x460 mFrameNumber=1 applyTransaction=true mTimestamp=61746208169371(auto) mPendingTransactions.size=0 graphicBufferId=58733677772979 transform=0
06-13 14:26:53.157422 13675 13675 I DebugLoggerUI/MainActivity: EXTRA_RUNNING_STAGE_CHANGE_EVENT
06-13 14:26:53.157531 13675 13675 I DebugLoggerUI/MainActivity: -->dismissTagProgressDialog()
06-13 14:26:53.157565 13675 13675 I DebugLoggerUI/MainActivity: changeWaitingDialog() -> currentRunningStage is 2
06-13 14:26:53.158116 13675 13675 I DebugLoggerUI/MainActivity: showWaitingDialog() -> title = Stopping logs, message = Waiting for stopping logs..., timeout = 25000
06-13 14:26:53.159550   784  1985 E BufferQueueDebug: [Surface(name=b5bc7d6 Stopping logs)/@0x1947f6b - animation-leash of window_animation#3777](this:0xb40000707085d518,id:-1,api:0,p:-1,c:-1) id info cannot be read from 'Surface(name=b5bc7d6 Stopping logs)/@0x1947f6b - animation-leash of window_animation#3777'
06-13 14:26:53.159820   784  1985 I BufferQueueDebug: [Surface(name=b5bc7d6 Stopping logs)/@0x1947f6b - animation-leash of window_animation#3777](this:0xb40000707085d518,id:-1,api:0,p:-1,c:-1) BufferQueue core=(784:/system/bin/surfaceflinger)
06-13 14:26:53.161770   784  1985 E BufferQueueDebug: [Dim Layer for - Task=70#3778](this:0xb4000070708d7c48,id:-1,api:0,p:-1,c:-1) id info cannot be read from 'Dim Layer for - Task=70#3778'
06-13 14:26:53.161885   784  1985 I BufferQueueDebug: [Dim Layer for - Task=70#3778](this:0xb4000070708d7c48,id:-1,api:0,p:-1,c:-1) BufferQueue core=(784:/system/bin/surfaceflinger)
06-13 14:26:53.163524   784  1985 E BufferQueueDebug: [Surface(name=Dim Layer for - Task=70)/@0x9d3d286 - animation-leash of dimmer#3779](this:0xb40000707082fc18,id:-1,api:0,p:-1,c:-1) id info cannot be read from 'Surface(name=Dim Layer for - Task=70)/@0x9d3d286 - animation-leash of dimmer#3779'
06-13 14:26:53.163708   784  1985 I BufferQueueDebug: [Surface(name=Dim Layer for - Task=70)/@0x9d3d286 - animation-leash of dimmer#3779](this:0xb40000707082fc18,id:-1,api:0,p:-1,c:-1) BufferQueue core=(784:/system/bin/surfaceflinger)
06-13 14:26:53.164984  1234  1243 D connsyslogger: consyslogger select done
06-13 14:26:53.165084 13675 16511 I LogHandler/AbstractLogInstance: -->executeCommand(), command = deep_stop, isWaitingResponse = true
06-13 14:26:53.165171 13675 16511 I LogHandler/AbstractLogConnection: sendToServer() mServerName = connsysfwlogd data = deep_stop
06-13 14:26:53.165244  1234  1243 I connsyslogger: consyslogger receive command autostart=0,read len=12
06-13 14:26:53.165267  1234  1243 D connsyslogger: Handle request: Set auto start logging mode
06-13 14:26:53.166025 13675 16513 I LogHandler/AbstractLogInstance: -->executeCommand(), command = deep_stop, isWaitingResponse = true
06-13 14:26:53.166066 13675 16513 I LogHandler/AbstractLogConnection: sendToServer() mServerName = bthostlogd data = deep_stop
06-13 14:26:53.166065  2457  2624 I mtk.bt.logtool-cmd-handler: command received: autostart=0
06-13 14:26:53.166575  1075  1123 E Netdiag : select out for fd=4,i=0  
06-13 14:26:53.166631  1075  1123 E Netdiag : commandlistening handle_message
06-13 14:26:53.166684  1075  1123 E Netdiag : commandlistening buffer tcpdump_sdcard_stop_noping
06-13 14:26:53.166698  1075  1123 E Netdiag : COMMAND = tcpdump
06-13 14:26:53.166717  1075  1123 E Netdiag : location = sdcard
06-13 14:26:53.166724  1075  1123 E Netdiag : action = stop
06-13 14:26:53.166731  1075  1123 E Netdiag : log size= noping
06-13 14:26:53.166727   784   784 I BufferQueueDebug: [Surface(name=bf528e StatusBar)/@0x3de8cd9 - animation-leash of insets_animation#3768](this:0xb400007070871408,id:-1,api:0,p:-1,c:784) onDestructor()
06-13 14:26:53.166779  1075  1123 D Netdiag : Ignore SIGPIPE to avoid possible NE
06-13 14:26:53.166790  1075  1123 E Netdiag : trace ENDING:2019-07-26
06-13 14:26:53.166789   784   784 I BufferQueueDebug: [Surface(name=92de9f8 NavigationBar0)/@0xd82469e - animation-leash of insets_animation#3769](this:0xb400007070932e48,id:-1,api:0,p:-1,c:784) onDestructor()
06-13 14:26:53.167041   774   800 D lbs_hidl_service: [1.13][mtk_mtklogger2mnld] sendToServer() size=[11]
06-13 14:26:53.167336  1070  1293 D EMDLOGGER1: mdlogger select done
06-13 14:26:53.167370  1070  1293 I EMDLOGGER1: mdlogger receive command setauto,0
06-13 14:26:53.167378  1070  1293 D EMDLOGGER1: Handle request: Set auto start logging mode
06-13 14:26:53.167534 13675 16512 I LogHandler/AbstractLogInstance: -->executeCommand(), command = deep_stop, isWaitingResponse = true
06-13 14:26:53.167577 13675 16512 I LogHandler/AbstractLogConnection: sendToServer() mServerName = mtk_mtklogger2mnld data = deep_stop
06-13 14:26:53.167628  1075 16030 D Netdiag : ===monitor_logging_folder exit===
06-13 14:26:53.167861   891   962 D MNLD    : mnld_main_thread: mtklogger2mnl_hdlr msg
06-13 14:26:53.167935   891   962 D gps_dbg_log: mtklogger2mnl_hdlr: gps debug log not control by meta.
06-13 14:26:53.167970   891   962 D gps_dbg_log: mtklogger2mnl_hdlr: notify client, recv autostart=0 from mtklogger, ans: autostart=0,1
06-13 14:26:53.168117   891   962 E gps_dbg_log: mtklogger2mnl_hdlr: unknown message: autostart=0
06-13 14:26:53.168148   774   802 D lbs_hidl_service: [1.13][mtk_mnld2mtklogger] handleSocketEvent() ret=[13]
06-13 14:26:53.168738 13675 13820 W LogHandler/LbsHidlConnection: callbackToClient data = autostart=0,1
06-13 14:26:53.175326  1234  1243 D connsyslogger: Set auto start mode: 0
06-13 14:26:53.175483  2457  2624 I mtk.bt.logtool-controller: SetAutoStartHciSnoop: BT HCI auto start update persist.vendor.bluetooth.btsnoopautostart to false!
06-13 14:26:53.175526  2457  2624 I bt_log_snoop_config: OnBtLogStateChanged: OnBtLogStateChanged : new size (2000) vs current size (2000).
06-13 14:26:53.175544  2457  2624 W bt_log_snoop_twrite: OnBtLogStateChanged: OnBtLogStateChanged ignore dup request current: 1 vs last: 1.
06-13 14:26:53.175886  1075  1123 D Netdiag : checkdir stop NTLog_name:/data/debuglogger//netlog/NTLog_2025_0613_142531 commandlistening full_test
06-13 14:26:53.179489  1075  1123 E Netdiag : kill trace pid = 16031
06-13 14:26:53.180774 16530 16530 D Netdiag :  full_test in sub-process begin.
06-13 14:26:53.180835 16530 16530 D Netdiag :  At stop time, parameter address=noping
06-13 14:26:53.180909 16530 16530 D Netdiag : isCustomerUserLoad()? 1,internal = 0,buildtype =user
06-13 14:26:53.180921 16530 16530 D Netdiag : is customer user load, not out put test files
06-13 14:26:53.180929 16530 16530 D Netdiag :  full_test in sub-process finish.
06-13 14:26:53.181312  1070  1293 D EMDLOGGER1: Set auto start mode: 0
06-13 14:26:53.181375  1070  1293 D EMDLOGGER1: Get auto start mode: 0
06-13 14:26:53.181718  1070  1293 I EMDLOGGER1: mdlogger send ACK setauto,0,0
06-13 14:26:53.181763  1075  1123 D Netdiag : -->stop_tcpdump(): setStopProp = 0
06-13 14:26:53.181793 16031 16031 E Netdiag : Receive terminate signal for trace, signal = 15.
06-13 14:26:53.181918  1075  1123 E Netdiag : [CommandListening] child 16530 terminated. Receive signal in commandlistening. 
06-13 14:26:53.181972  1075  1123 E Netdiag : [CommandListening] Write response to client side, fd=4, message=sub_tread_exit and reset flag
06-13 14:26:53.181982  1075  1123 D Netdiag : Receive stop_test process exit signal, stop waiting in main process.
06-13 14:26:53.182157 16031 16031 D Netdiag : At stop time, property_get log index ok
06-13 14:26:53.182187 13675 13710 I LogHandler/AbstractLogConnection: setResponseFromServer() mServerName = com.mediatek.mdlogger.socket1 serverData = setauto,0,0
06-13 14:26:53.182240 13675 13714 I LogHandler/AbstractLogConnection: setResponseFromServer() mServerName = netdiag serverData = sub_tread_exit
06-13 14:26:53.182275 13675 13710 I LogHandler/ModemLog: update, serverResponseStr = setauto,0,0
06-13 14:26:53.200429   784   784 I BufferQueueProducer: [FramebufferSurface](this:0xb400006f50712f50,id:-1,api:1,p:784,c:784) queueBuffer: fps=16.45 dur=1094.25 max=893.24 min=8.76
06-13 14:26:53.205756  1075  1123 I Netdiag : find trace/tcpdump process name: trace,pid: 16045
06-13 14:26:53.206511  1075  1123 D Netdiag : At stop time, find 1 running trace process
06-13 14:26:53.206540  1075  1123 D Netdiag : trace is running,pid is 16045, try to kill it now.
06-13 14:26:53.206852 16045 16045 D tcpdump : checkdir stop NTLog_name:/data/debuglogger//netlog/NTLog_2025_0613_142531 begin record
06-13 14:26:53.206884 16045 16045 D tcpdump : folder /data/debuglogger//netlog/NTLog_2025_0613_142531 exists
06-13 14:26:53.208380 16045 16045 E tcpdump : [compress_close_so] so_libcompress = 0x0; comp_handle_packet_f = 0x0
06-13 14:26:53.210627 16031 16032 E Netdiag : [CommandListening] child 16033 terminated. Receive signal in commandlistening. 
06-13 14:26:53.210717 16031 16032 E Netdiag : [CommandListening] Write response to client side, fd=4, message=sub_tread_exit and reset flag
06-13 14:26:53.210973 13675 13714 I LogHandler/AbstractLogConnection: setResponseFromServer() mServerName = netdiag serverData = sub_tread_exit
06-13 14:26:53.215911  1234  1243 D connsyslogger: consyslogger select done
06-13 14:26:53.216139  1234  1243 I connsyslogger: consyslogger receive command deep_stop,read len=10
06-13 14:26:53.216157  1234  1243 D connsyslogger: executeCommand Handle request: deep Pause logging
06-13 14:26:53.216462 13675 13718 I LogHandler/AbstractLogConnection: setResponseFromServer() mServerName = connsysfwlogd serverData = autostart=0,0
06-13 14:26:53.216900  1234  1243 D connsyslogger: Set auto start mode: 0
06-13 14:26:53.216918  1234  1243 I connsyslogger: STOP Logging
06-13 14:26:53.216926  1234  1243 D connsyslogger: Thread thread (7252c99cb0) is alive.
06-13 14:26:53.216931  1234  1243 D connsyslogger: LogWriter: log recycle thread is alive
06-13 14:26:53.218861  2457  2624 I mtk.bt.logtool-cmd-handler: command received: deep_stop
06-13 14:26:53.218957  2457  2624 I mtk.bt.logtool-controller: set_is_hci_log_enabled: update to disabled!
06-13 14:26:53.218984  2457  2624 I bt_log_snoop_config: OnBtLogStateChanged: OnBtLogStateChanged : new size (2000) vs current size (2000).
06-13 14:26:53.219003  2457  2624 I bt_log_snoop_twrite: OnBtLogStateChanged: OnBtLogStateChanged normal: new state: off vs current state: on.
06-13 14:26:53.219015  2457  2624 I bt_log_snoop_twrite: DoLogSwitch: DoLogSwitch is_on[0], snoop_boot_backup_helper_[exist]
06-13 14:26:53.219026  2457  2624 I bt_log_snoop_twrite: Stop: BtSnoopProxy: Stop
06-13 14:26:53.219034  2457  2624 I bt_log_snoop_twrite: Stop: Stop: BtSnoopImpl Stop
06-13 14:26:53.219064  2457  2624 I bt_log_snoop_twrite: Stop: Stop: BtSnoopHelper Stop
06-13 14:26:53.219327 13675 13716 I LogHandler/AbstractLogConnection: setResponseFromServer() mServerName = bthostlogd serverData = autostart,1
06-13 14:26:53.219391  2457 16048 I bt_log_file_controller: StopLogging: StopLogging
06-13 14:26:53.219431  2457 16048 I bt_log_writer: Close: Close
06-13 14:26:53.219637  1234 16058 I connsyslogger: Logging Recycle Thread exit
06-13 14:26:53.219877  2457 16048 I bt_log_file_controller: Rename: Rename try from /data/misc/bthci/CsLog_2025_0613_142531/BT_HCI_2025_0613_142531.cfa.curf to /data/misc/bthci/CsLog_2025_0613_142531/BT_HCI_2025_0613_142531.cfa
06-13 14:26:53.220065  2457 16048 W bt_log_file_controller: Rename: Rename from /data/misc/bthci/CsLog_2025_0613_142531/BT_HCI_2025_0613_142531.cfa.curf to /data/misc/bthci/CsLog_2025_0613_142531/BT_HCI_2025_0613_142531.cfa
06-13 14:26:53.220544  2457 16048 W bt_osi_thread: run_thread: run_thread: thread id 16048, thread name bt_log_snoop_hel exited
06-13 14:26:53.220788  2457  2624 I bt_logs_stats: ~LogStatistics: ~LogStatistics, teardowning
06-13 14:26:53.220955  2457 16047 W bt_osi_thread: run_thread: run_thread: thread id 16047, thread name bt_log_cleaner exited
06-13 14:26:53.222359   774   800 D lbs_hidl_service: [1.13][mtk_mtklogger2mnld] sendToServer() size=[9]
06-13 14:26:53.222788   891   962 D MNLD    : mnld_main_thread: mtklogger2mnl_hdlr msg
06-13 14:26:53.222853   891   962 D gps_dbg_log: mtklogger2mnl_hdlr: gps debug log not control by meta.
06-13 14:26:53.222884   891   962 D gps_dbg_log: mtklogger2mnl_hdlr: notify client, recv deep_stop from mtklogger, ans: deep_stop,1
06-13 14:26:53.222897   891   962 D gps_dbg_log: mtklogger2mnl_hdlr: gps_debuglog_state:16
06-13 14:26:53.223651 13675 13820 I LogHandler/AbstractLogConnection: setResponseFromServer() mServerName = mtk_mtklogger2mnld serverData = autostart=0,1
06-13 14:26:53.224168 13675 13716 I LogHandler/AbstractLogConnection: setResponseFromServer() mServerName = bthostlogd serverData = deep_stop,1
06-13 14:26:53.225014   891   962 D mpe     : mnl2mpe_set_log_path: MPE not enable
06-13 14:26:53.225096   774   802 D lbs_hidl_service: [1.13][mtk_mnld2mtklogger] handleSocketEvent() ret=[11]
06-13 14:26:53.225470 13675 13820 W LogHandler/LbsHidlConnection: callbackToClient data = deep_stop,1
06-13 14:26:53.225505 13675 13820 I LogHandler/AbstractLogConnection: setResponseFromServer() mServerName = mtk_mtklogger2mnld serverData = deep_stop,1
06-13 14:26:53.226800 16425 16532 D ProfileInstaller: Installing profile for com.mediatek.engineermode
06-13 14:26:53.231899   784   784 I BufferQueueDebug: [WindowToken{a7a989e type=2032 android.os.Binder@71ce6d9}#3525](this:0xb40000707086e678,id:-1,api:0,p:-1,c:784) onDestructor()
06-13 14:26:53.249667 15376 15405 W albc    : Invalid OAuth token. Skipping initial downloader.
06-13 14:26:53.253807 15376 15436 I acld    : (REDACTED) Successfully received auth token for scope: %s in time %d ms
06-13 14:26:53.254732 15376 15545 I acld    : (REDACTED) Successfully received auth token for scope: %s in time %d ms
06-13 14:26:53.257629 15376 15405 I alcb    : NGA enabled in interactor.
06-13 14:26:53.258390 15376 15405 I alcb    : (REDACTED) Nga state changed to %s
06-13 14:26:53.259025 15376 15405 I alcb    : (REDACTED) isTngActive=%s
06-13 14:26:53.264361 15376 15435 I acld    : (REDACTED) Successfully received auth token for scope: %s in time %d ms
06-13 14:26:53.266317 15376 15436 I acld    : (REDACTED) Successfully received auth token for scope: %s in time %d ms
06-13 14:26:53.266817 13675 16515 I LogHandler/AbstractLogInstance: getResponse, responseStr = setauto,0,0 and waiting time remaining = 14900
06-13 14:26:53.267354 13675 16515 I LogHandler/AbstractLogInstance: -->getValueFromServer(), command = getstatus
06-13 14:26:53.267394 13675 16515 I LogHandler/AbstractLogConnection: sendToServer() mServerName = com.mediatek.mdlogger.socket1 data = getstatus
06-13 14:26:53.269030 20915 22673 E AuthPII : [RequestTokenManager] getToken() -> BAD_AUTHENTICATION. App: com.google.android.googlequicksearchbox, Service: oauth2:https://www.googleapis.com/auth/googlenow
06-13 14:26:53.269030 20915 22673 E AuthPII : axhw: Long live credential not available.
06-13 14:26:53.269030 20915 22673 E AuthPII : 	at abja.a(:com.google.android.gms@252037029@25.20.37 (190400-766884605):1289)
06-13 14:26:53.269030 20915 22673 E AuthPII : 	at abjg.b(:com.google.android.gms@252037029@25.20.37 (190400-766884605):30)
06-13 14:26:53.269030 20915 22673 E AuthPII : 	at abje.a(:com.google.android.gms@252037029@25.20.37 (190400-766884605):557)
06-13 14:26:53.269030 20915 22673 E AuthPII : 	at abjd.b(:com.google.android.gms@252037029@25.20.37 (190400-766884605):104)
06-13 14:26:53.269030 20915 22673 E AuthPII : 	at uyv.d(:com.google.android.gms@252037029@25.20.37 (190400-766884605):529)
06-13 14:26:53.269030 20915 22673 E AuthPII : 	at abck.getAuthToken(:com.google.android.gms@252037029@25.20.37 (190400-766884605):410)
06-13 14:26:53.269030 20915 22673 E AuthPII : 	at android.accounts.AbstractAccountAuthenticator$Transport.getAuthToken(AbstractAccountAuthenticator.java:251)
06-13 14:26:53.269030 20915 22673 E AuthPII : 	at android.accounts.IAccountAuthenticator$Stub.onTransact(IAccountAuthenticator.java:253)
06-13 14:26:53.269030 20915 22673 E AuthPII : 	at android.os.Binder.transact(Binder.java:1183)
06-13 14:26:53.269030 20915 22673 E AuthPII : 	at byjb.onTransact(:com.google.android.gms@252037029@25.20.37 (190400-766884605):10)
06-13 14:26:53.269030 20915 22673 E AuthPII : 	at android.os.Binder.transact(Binder.java:1183)
06-13 14:26:53.269030 20915 22673 E AuthPII : 	at bopm.onTransact(:com.google.android.gms@252037029@25.20.37 (190400-766884605):148)
06-13 14:26:53.269030 20915 22673 E AuthPII : 	at android.os.Binder.execTransactInternal(Binder.java:1344)
06-13 14:26:53.269030 20915 22673 E AuthPII : 	at android.os.Binder.execTransact(Binder.java:1275)
06-13 14:26:53.269198 20915 22673 E AuthPII : Message is Long live credential not available.
06-13 14:26:53.269198 20915 22673 E AuthPII : axhw: Long live credential not available.
06-13 14:26:53.269198 20915 22673 E AuthPII : 	at abja.a(:com.google.android.gms@252037029@25.20.37 (190400-766884605):1289)
06-13 14:26:53.269198 20915 22673 E AuthPII : 	at abjg.b(:com.google.android.gms@252037029@25.20.37 (190400-766884605):30)
06-13 14:26:53.269198 20915 22673 E AuthPII : 	at abje.a(:com.google.android.gms@252037029@25.20.37 (190400-766884605):557)
06-13 14:26:53.269198 20915 22673 E AuthPII : 	at abjd.b(:com.google.android.gms@252037029@25.20.37 (190400-766884605):104)
06-13 14:26:53.269198 20915 22673 E AuthPII : 	at uyv.d(:com.google.android.gms@252037029@25.20.37 (190400-766884605):529)
06-13 14:26:53.269198 20915 22673 E AuthPII : 	at abck.getAuthToken(:com.google.android.gms@252037029@25.20.37 (190400-766884605):410)
06-13 14:26:53.269198 20915 22673 E AuthPII : 	at android.accounts.AbstractAccountAuthenticator$Transport.getAuthToken(AbstractAccountAuthenticator.java:251)
06-13 14:26:53.269198 20915 22673 E AuthPII : 	at android.accounts.IAccountAuthenticator$Stub.onTransact(IAccountAuthenticator.java:253)
06-13 14:26:53.269198 20915 22673 E AuthPII : 	at android.os.Binder.transact(Binder.java:1183)
06-13 14:26:53.269198 20915 22673 E AuthPII : 	at byjb.onTransact(:com.google.android.gms@252037029@25.20.37 (190400-766884605):10)
06-13 14:26:53.269198 20915 22673 E AuthPII : 	at android.os.Binder.transact(Binder.java:1183)
06-13 14:26:53.269198 20915 22673 E AuthPII : 	at bopm.onTransact(:com.google.android.gms@252037029@25.20.37 (190400-766884605):148)
06-13 14:26:53.269198 20915 22673 E AuthPII : 	at android.os.Binder.execTransactInternal(Binder.java:1344)
06-13 14:26:53.269198 20915 22673 E AuthPII : 	at android.os.Binder.execTransact(Binder.java:1275)
06-13 14:26:53.269607 20915 22673 W Auth    : [GetToken] GetToken failed with status code: BadAuthentication  [CONTEXT service_id=343 ]
06-13 14:26:53.278708  2838  3212 I unf     : (REDACTED) on opa visibility changed %s
06-13 14:26:53.284524  1090  1228 D AAL     : 06-13 02:26:53.237 BL= 742,ESS= 256, 06-13 02:26:53.249 BL= 741,ESS= 256, 06-13 02:26:53.260 BL= 739,ESS= 256, 06-13 02:26:53.272 BL= 738,ESS= 256, 06-13 02:26:53.284 BL= 737,ESS= 256, 
06-13 14:26:53.285121  2838  5337 I tqs     : Initializing all components
06-13 14:26:53.285729  2838  3222 I xpy     : (REDACTED) onIsEnabledChanged, isEnabled: %s
06-13 14:26:53.285845  2838  3222 W zuf     : Disposing empty manager. Did you forgot to subscribe observables?
06-13 14:26:53.285882  2838  3222 W zuf     : Disposing empty manager. Did you forgot to subscribe observables?
06-13 14:26:53.285991  2838  3222 W zuf     : Disposing empty manager. Did you forgot to subscribe observables?
06-13 14:26:53.286061  2838  3221 I udu     : (REDACTED) Nga on-device enabled based on TNG:MA active state: %b
06-13 14:26:53.286192  2838  3222 W zuf     : Disposing empty manager. Did you forgot to subscribe observables?
06-13 14:26:53.286259  2838  3222 W zuf     : Disposing empty manager. Did you forgot to subscribe observables?
06-13 14:26:53.286306  2838  3222 W zuf     : Disposing empty manager. Did you forgot to subscribe observables?
06-13 14:26:53.286364  2838  3222 W zuf     : Disposing empty manager. Did you forgot to subscribe observables?
06-13 14:26:53.286398  2838  3222 W zuf     : Disposing empty manager. Did you forgot to subscribe observables?
06-13 14:26:53.286439  2838  3222 W zuf     : Disposing empty manager. Did you forgot to subscribe observables?
06-13 14:26:53.286463  2838  3222 W zuf     : Disposing empty manager. Did you forgot to subscribe observables?
06-13 14:26:53.286497  2838  3222 W zuf     : Disposing empty manager. Did you forgot to subscribe observables?
06-13 14:26:53.286644  2838  3222 I yei     : (REDACTED) Setting session to type: %s
06-13 14:26:53.286709  2838  3222 W zuf     : Disposing empty manager. Did you forgot to subscribe observables?
06-13 14:26:53.286757  2838  3222 W zuf     : Disposing empty manager. Did you forgot to subscribe observables?
06-13 14:26:53.286819  2838  3222 W zuf     : Disposing empty manager. Did you forgot to subscribe observables?
06-13 14:26:53.286847  2838  3222 W zuf     : Disposing empty manager. Did you forgot to subscribe observables?
06-13 14:26:53.286901  2838  3221 I wef     : (REDACTED) State changed: %s => %s by %s and %s with %s
06-13 14:26:53.287312  2838  3214 I udu     : (REDACTED) Nga on-device enabled based on TNG:MA active state: %b
06-13 14:26:53.287467  2838  3222 W zuf     : Disposing empty manager. Did you forgot to subscribe observables?
06-13 14:26:53.287657  2838  3222 W zuf     : Disposing empty manager. Did you forgot to subscribe observables?
06-13 14:26:53.287886  2838  3222 I yfu     : (REDACTED) setNavBarVisible: %s
06-13 14:26:53.287977  2838  3221 I wkc     : (REDACTED) Recognizer choice: (recognizer_type: %s, recognizer_mode: %s, choice_reason: %s)
06-13 14:26:53.288335  2838  3222 W zuf     : Disposing empty manager. Did you forgot to subscribe observables?
06-13 14:26:53.288437  2838  3222 W zuf     : Disposing empty manager. Did you forgot to subscribe observables?
06-13 14:26:53.288488  2838  3222 W zuf     : Disposing empty manager. Did you forgot to subscribe observables?
06-13 14:26:53.288589  2838  3222 W zuf     : Disposing empty manager. Did you forgot to subscribe observables?
06-13 14:26:53.288682  2838  3222 W zuf     : Disposing empty manager. Did you forgot to subscribe observables?
06-13 14:26:53.288765  2838  3222 W zuf     : Disposing empty manager. Did you forgot to subscribe observables?
06-13 14:26:53.288823  2838  3221 I yat     : (REDACTED) onActiveStateChangeEvent: %s => %s
06-13 14:26:53.289072  2838  3212 I ekxl    : showGestureNav
06-13 14:26:53.289156  2838  3212 I ekxj    : (REDACTED) setUiHints(hints = %s)
06-13 14:26:53.291602  2838  3221 I vzz     : (REDACTED) #onActiveStateChangeEvent, newState: %s, previousState: %s.
06-13 14:26:53.295460  2838  3212 I xix     : (REDACTED) stopListening(%s, %s)
06-13 14:26:53.295637  2838  3222 I ekxj    : setUiHints: finished successfully
06-13 14:26:53.297693  2838  3221 I zgu     : Ignoring as prefetch was recently called
06-13 14:26:53.302747  2838  3222 I unf     : (REDACTED) on opa visibility changed %s
06-13 14:26:53.303028   784   784 I BufferQueueDebug: [Surface(name=Dim Layer for - Task=70)/@0x9d3d286 - animation-leash of dimmer#3779](this:0xb40000707082fc18,id:-1,api:0,p:-1,c:784) onDestructor()
06-13 14:26:53.303165   784   784 I BufferQueueDebug: [Surface(name=b5bc7d6 Stopping logs)/@0x1947f6b - animation-leash of window_animation#3777](this:0xb40000707085d518,id:-1,api:0,p:-1,c:784) onDestructor()
06-13 14:26:53.307240 20915 22673 W GLSActivity: [GmsAccountAuthenticatorImpl] error status while fetching token:BadAuthentication
06-13 14:26:53.310234 15376 15434 W acld    : (REDACTED) User recoverable exception for scope: %s
06-13 14:26:53.310234 15376 15434 W acld    : dpwk: AccountManager returned a recovery intent
06-13 14:26:53.310234 15376 15434 W acld    : 	at acky.c(PG:57)
06-13 14:26:53.310234 15376 15434 W acld    : 	at aclg.c(PG:12)
06-13 14:26:53.310234 15376 15434 W acld    : 	at aclc.call(PG:46)
06-13 14:26:53.310234 15376 15434 W acld    : 	at java.util.concurrent.FutureTask.run(FutureTask.java:264)
06-13 14:26:53.310234 15376 15434 W acld    : 	at agvo.run(PG:20)
06-13 14:26:53.310234 15376 15434 W acld    : 	at agwm.run(PG:3)
06-13 14:26:53.310234 15376 15434 W acld    : 	at agwm.run(PG:3)
06-13 14:26:53.310234 15376 15434 W acld    : 	at java.util.concurrent.ThreadPoolExecutor.runWorker(ThreadPoolExecutor.java:1145)
06-13 14:26:53.310234 15376 15434 W acld    : 	at java.util.concurrent.ThreadPoolExecutor$Worker.run(ThreadPoolExecutor.java:644)
06-13 14:26:53.310234 15376 15434 W acld    : 	at java.lang.Thread.run(Thread.java:1012)
06-13 14:26:53.310234 15376 15434 W acld    : 	at agvc.run(PG:42)
06-13 14:26:53.310800  2838  3214 I ubf     : Initialize
06-13 14:26:53.313656 20915 22673 E AuthPII : [RequestTokenManager] getToken() -> BAD_AUTHENTICATION. App: com.google.android.googlequicksearchbox, Service: oauth2:https://www.googleapis.com/auth/googlenow
06-13 14:26:53.313656 20915 22673 E AuthPII : axhw: Long live credential not available.
06-13 14:26:53.313656 20915 22673 E AuthPII : 	at abja.a(:com.google.android.gms@252037029@25.20.37 (190400-766884605):1289)
06-13 14:26:53.313656 20915 22673 E AuthPII : 	at abjg.b(:com.google.android.gms@252037029@25.20.37 (190400-766884605):30)
06-13 14:26:53.313656 20915 22673 E AuthPII : 	at abje.a(:com.google.android.gms@252037029@25.20.37 (190400-766884605):557)
06-13 14:26:53.313656 20915 22673 E AuthPII : 	at abjd.b(:com.google.android.gms@252037029@25.20.37 (190400-766884605):104)
06-13 14:26:53.313656 20915 22673 E AuthPII : 	at uyv.d(:com.google.android.gms@252037029@25.20.37 (190400-766884605):529)
06-13 14:26:53.313656 20915 22673 E AuthPII : 	at abck.getAuthToken(:com.google.android.gms@252037029@25.20.37 (190400-766884605):410)
06-13 14:26:53.313656 20915 22673 E AuthPII : 	at android.accounts.AbstractAccountAuthenticator$Transport.getAuthToken(AbstractAccountAuthenticator.java:251)
06-13 14:26:53.313656 20915 22673 E AuthPII : 	at android.accounts.IAccountAuthenticator$Stub.onTransact(IAccountAuthenticator.java:253)
06-13 14:26:53.313656 20915 22673 E AuthPII : 	at android.os.Binder.transact(Binder.java:1183)
06-13 14:26:53.313656 20915 22673 E AuthPII : 	at byjb.onTransact(:com.google.android.gms@252037029@25.20.37 (190400-766884605):10)
06-13 14:26:53.313656 20915 22673 E AuthPII : 	at android.os.Binder.transact(Binder.java:1183)
06-13 14:26:53.313656 20915 22673 E AuthPII : 	at bopm.onTransact(:com.google.android.gms@252037029@25.20.37 (190400-766884605):148)
06-13 14:26:53.313656 20915 22673 E AuthPII : 	at android.os.Binder.execTransactInternal(Binder.java:1344)
06-13 14:26:53.313656 20915 22673 E AuthPII : 	at android.os.Binder.execTransact(Binder.java:1275)
06-13 14:26:53.313769 20915 22673 E AuthPII : Message is Long live credential not available.
06-13 14:26:53.313769 20915 22673 E AuthPII : axhw: Long live credential not available.
06-13 14:26:53.313769 20915 22673 E AuthPII : 	at abja.a(:com.google.android.gms@252037029@25.20.37 (190400-766884605):1289)
06-13 14:26:53.313769 20915 22673 E AuthPII : 	at abjg.b(:com.google.android.gms@252037029@25.20.37 (190400-766884605):30)
06-13 14:26:53.313769 20915 22673 E AuthPII : 	at abje.a(:com.google.android.gms@252037029@25.20.37 (190400-766884605):557)
06-13 14:26:53.313769 20915 22673 E AuthPII : 	at abjd.b(:com.google.android.gms@252037029@25.20.37 (190400-766884605):104)
06-13 14:26:53.313769 20915 22673 E AuthPII : 	at uyv.d(:com.google.android.gms@252037029@25.20.37 (190400-766884605):529)
06-13 14:26:53.313769 20915 22673 E AuthPII : 	at abck.getAuthToken(:com.google.android.gms@252037029@25.20.37 (190400-766884605):410)
06-13 14:26:53.313769 20915 22673 E AuthPII : 	at android.accounts.AbstractAccountAuthenticator$Transport.getAuthToken(AbstractAccountAuthenticator.java:251)
06-13 14:26:53.313769 20915 22673 E AuthPII : 	at android.accounts.IAccountAuthenticator$Stub.onTransact(IAccountAuthenticator.java:253)
06-13 14:26:53.313769 20915 22673 E AuthPII : 	at android.os.Binder.transact(Binder.java:1183)
06-13 14:26:53.313769 20915 22673 E AuthPII : 	at byjb.onTransact(:com.google.android.gms@252037029@25.20.37 (190400-766884605):10)
06-13 14:26:53.313769 20915 22673 E AuthPII : 	at android.os.Binder.transact(Binder.java:1183)
06-13 14:26:53.313769 20915 22673 E AuthPII : 	at bopm.onTransact(:com.google.android.gms@252037029@25.20.37 (190400-766884605):148)
06-13 14:26:53.313769 20915 22673 E AuthPII : 	at android.os.Binder.execTransactInternal(Binder.java:1344)
06-13 14:26:53.313769 20915 22673 E AuthPII : 	at android.os.Binder.execTransact(Binder.java:1275)
06-13 14:26:53.314158 20915 22673 W Auth    : [GetToken] GetToken failed with status code: BadAuthentication  [CONTEXT service_id=343 ]
06-13 14:26:53.317180  1234  1243 D connsyslogger: LogWriter: wait for log recycle thread quit. retry:49
06-13 14:26:53.317237  1234  1243 I connsyslogger: LogWriter: log data recycle thread isn't alive
06-13 14:26:53.317248  1234  1243 D connsyslogger: OnLoggingStop
06-13 14:26:53.317874  1070  1293 D EMDLOGGER1: mdlogger select done
06-13 14:26:53.317939  1070  1293 I EMDLOGGER1: mdlogger receive command getstatus
06-13 14:26:53.317941  1234  1243 D connsyslogger: sendIOCtrl: 0,done.cmd=0
06-13 14:26:53.317974  1070  1293 I EMDLOGGER1: mdlogger send ACK getstatus,1
06-13 14:26:53.318005  1234  1243 D connsyslogger: sendIOCtrl: 1,done.cmd=0
06-13 14:26:53.318024  1234  1243 D connsyslogger: sendIOCtrl: 2,done.cmd=0
06-13 14:26:53.318139 13675 16513 I LogHandler/AbstractLogInstance: getResponse, responseStr = deep_stop,1 and waiting time remaining = 14900
06-13 14:26:53.318176 13675 13710 I LogHandler/AbstractLogConnection: setResponseFromServer() mServerName = com.mediatek.mdlogger.socket1 serverData = getstatus,1
06-13 14:26:53.318250 13675 13710 I LogHandler/ModemLog: update, serverResponseStr = getstatus,1
06-13 14:26:53.323586 13675 16512 I LogHandler/AbstractLogInstance: getResponse, responseStr = deep_stop,1 and waiting time remaining = 14900
06-13 14:26:53.327029  2838  3214 I tqs     : Successfully initialized all components
06-13 14:26:53.330391 20915 22673 W GLSActivity: [GmsAccountAuthenticatorImpl] error status while fetching token:BadAuthentication
06-13 14:26:53.338437 15376 15545 W acld    : (REDACTED) User recoverable exception for scope: %s
06-13 14:26:53.338437 15376 15545 W acld    : dpwk: AccountManager returned a recovery intent
06-13 14:26:53.338437 15376 15545 W acld    : 	at acky.c(PG:57)
06-13 14:26:53.338437 15376 15545 W acld    : 	at aclg.c(PG:12)
06-13 14:26:53.338437 15376 15545 W acld    : 	at aclc.call(PG:46)
06-13 14:26:53.338437 15376 15545 W acld    : 	at java.util.concurrent.FutureTask.run(FutureTask.java:264)
06-13 14:26:53.338437 15376 15545 W acld    : 	at agvo.run(PG:20)
06-13 14:26:53.338437 15376 15545 W acld    : 	at agwm.run(PG:3)
06-13 14:26:53.338437 15376 15545 W acld    : 	at agwm.run(PG:3)
06-13 14:26:53.338437 15376 15545 W acld    : 	at java.util.concurrent.ThreadPoolExecutor.runWorker(ThreadPoolExecutor.java:1145)
06-13 14:26:53.338437 15376 15545 W acld    : 	at java.util.concurrent.ThreadPoolExecutor$Worker.run(ThreadPoolExecutor.java:644)
06-13 14:26:53.338437 15376 15545 W acld    : 	at java.lang.Thread.run(Thread.java:1012)
06-13 14:26:53.338437 15376 15545 W acld    : 	at agvc.run(PG:42)
06-13 14:26:53.343945  1234  1243 D connsyslogger: sendIOCtrl: 3,done.cmd=0
06-13 14:26:53.344015  1234  1243 I connsyslogger: radio 0 port close!
06-13 14:26:53.344027  1234  1243 I connsyslogger: radio 1 port close!
06-13 14:26:53.344035  1234  1243 I connsyslogger: radio 2 port close!
06-13 14:26:53.344043  1234  1243 I connsyslogger: radio 3 port close!
06-13 14:26:53.344049  1234  1243 D connsyslogger: OnLoggingStop: log port closed
06-13 14:26:53.344292  1234 16050 D connsyslogger: log stop ,select unlock,read status:0
06-13 14:26:53.344317  1234 16050 E connsyslogger: readLogs m_bTerminate=1 ,return
06-13 14:26:53.344354  1234 16050 I connsyslogger: Exit reader thread
06-13 14:26:53.344480  1234 16051 I connsyslogger: begin empty buffer....
