06-13 14:26:57.430498 15852 16586 D CopyExceptonDbService: filePath=/data/vendor/aee_exp/db.fatal.03.HANG/ZZ_INTERNAL
06-13 14:26:57.425000  2812  2812 W binder:2812_5: type=1400 audit(0.0:12541): avc:  denied  { getattr } for  path="/data/debuglogger" dev="dm-48" ino=244 scontext=u:r:mediaprovider_app:s0:c193,c256,c512,c768 tcontext=u:object_r:debuglog_data_file:s0 tclass=dir permissive=0 app=com.google.android.providers.media.module
06-13 14:26:57.431374 15852 16586 E CopyExceptonDbService: file has existed:/sdcard/debuglogger/pri/vendor_aee_exp/db.fatal.03.HANG/ZZ_INTERNAL
06-13 14:26:57.431413 15852 16586 D CopyExceptonDbService: fileName=BUILD_INFO
06-13 14:26:57.431434 15852 16586 D CopyExceptonDbService: filePath=/data/vendor/aee_exp/db.fatal.03.HANG/BUILD_INFO
06-13 14:26:57.431904 15852 16586 E CopyExceptonDbService: file has existed:/sdcard/debuglogger/pri/vendor_aee_exp/db.fatal.03.HANG/BUILD_INFO
06-13 14:26:57.433658 13675 13675 D InputTransport: Destroy ARC handle: 0xb400007c02357890
06-13 14:26:57.434557 13675 13675 I DebugLoggerUI/MainActivity: ACTION_LOG_STATE_CHANGED
06-13 14:26:57.436070 13675 14593 D BLASTBufferQueue: [VRI[Stopping logs]#25](f:0,a:2) destructor()
06-13 14:26:57.436198 13675 14593 D BufferQueueConsumer: [VRI[Stopping logs]#25(BLAST Consumer)25](id:356b00000019,api:0,p:-1,c:13675) disconnect
06-13 14:26:57.436993 13675 16505 I DebugLoggerUI: isAutoTest()-> Monkey running flag is false, isUserAMonkey=false
06-13 14:26:57.437095 13675 16505 I LogHandler/AbstractLogInstance: -->getValueFromServer(), command = getstatus
06-13 14:26:57.437138 13675 16505 I LogHandler/AbstractLogConnection: sendToServer() mServerName = com.mediatek.mdlogger.socket1 data = getstatus
06-13 14:26:57.437649  2812  6513 W ModernMediaScanner: Failed to visit /data/debuglogger/connsyslog/fw/CsLog_2025_0613_141612/BT_FW_2025_0613_141612.clog: java.nio.file.AccessDeniedException: /data/debuglogger/connsyslog/fw/CsLog_2025_0613_141612/BT_FW_2025_0613_141612.clog
06-13 14:26:57.441950  2812 19072 W MediaProvider: isAppCloneUserPair for user 0: false
06-13 14:26:57.443425  2812 19072 W MediaProvider: isAppCloneUserPair for user 0: false
06-13 14:26:57.443425  1477  1509 D SurfaceComposerClient: Transaction::apply InputWindowCommands.focusRequests timestamp=61750488681679, windowName=cfa7c4c com.debug.loggerui/com.debug.loggerui.MainActivity
06-13 14:26:57.444009  2812  6513 I MediaProvider: Scanned internal due to REASON_DEMAND, found 0 items in 7ms, 0 inserts 0 updates 0 deletes
06-13 14:26:57.445270 13675 14452 D MediaScannerConnection: Scanned /data/debuglogger/connsyslog/fw/CsLog_2025_0613_141612/BT_FW_2025_0613_141612.clog to null
06-13 14:26:57.441000  2812  2812 W binder:2812_5: type=1400 audit(0.0:12542): avc:  denied  { getattr } for  path="/data/debuglogger" dev="dm-48" ino=244 scontext=u:r:mediaprovider_app:s0:c193,c256,c512,c768 tcontext=u:object_r:debuglog_data_file:s0 tclass=dir permissive=0 app=com.google.android.providers.media.module
06-13 14:26:57.448397  2812  6513 W ModernMediaScanner: Failed to visit /data/debuglogger/connsyslog/fw/CsLog_2025_0613_141612/FW_version.txt: java.nio.file.AccessDeniedException: /data/debuglogger/connsyslog/fw/CsLog_2025_0613_141612/FW_version.txt
06-13 14:26:57.453045   784   784 I BufferQueueProducer: [FramebufferSurface](this:0xb400006f50712f50,id:-1,api:1,p:784,c:784) queueBuffer: fps=0.94 dur=4252.62 max=4210.55 min=12.98
06-13 14:26:57.455950   784   784 D SurfaceFlinger: Focus addInputWindowCommands timestamp=61750488681679, windowName=cfa7c4c com.debug.loggerui/com.debug.loggerui.MainActivity
06-13 14:26:57.456239   784   784 I BufferQueueDebug: [Surface(name=92de9f8 NavigationBar0)/@0xd82469e - animation-leash of insets_animation#3775](this:0xb4000070708a4828,id:-1,api:0,p:-1,c:784) onDestructor()
06-13 14:26:57.456341   784   784 I BufferQueueDebug: [Surface(name=bf528e StatusBar)/@0x3de8cd9 - animation-leash of insets_animation#3774](this:0xb4000070708c9878,id:-1,api:0,p:-1,c:784) onDestructor()
06-13 14:26:57.457032  2812  6513 I MediaProvider: Scanned internal due to REASON_DEMAND, found 0 items in 10ms, 0 inserts 0 updates 0 deletes
06-13 14:26:57.458521   784  1153 D SurfaceFlinger: updateWinowInfo=1, setFocusedWindow timestamp=61750488681679, windowName=cfa7c4c com.debug.loggerui/com.debug.loggerui.MainActivity
06-13 14:26:57.459064 13675 14452 D MediaScannerConnection: Scanned /data/debuglogger/connsyslog/fw/CsLog_2025_0613_141612/FW_version.txt to null
06-13 14:26:57.462276  1477  2027 I ImeTracker: com.debug.loggerui:70de62ee: onRequestHide at ORIGIN_SERVER_HIDE_INPUT reason HIDE_SAME_WINDOW_FOCUSED_WITHOUT_EDITOR
06-13 14:26:57.462527  1477  2027 I ImeTracker: com.debug.loggerui:70de62ee: onCancelled at PHASE_SERVER_SHOULD_HIDE
06-13 14:26:57.465443  2812  6513 W ModernMediaScanner: Failed to visit /data/debuglogger/connsyslog/fw/CsLog_2025_0613_141612/file_tree.txt: java.nio.file.AccessDeniedException: /data/debuglogger/connsyslog/fw/CsLog_2025_0613_141612/file_tree.txt
06-13 14:26:57.465799 27466 27466 I GoogleInputMethodService: GoogleInputMethodService.onFinishInput():1984 
06-13 14:26:57.467406 27466 27466 I Module  : DeviceLockedStatusModuleProvider$Module.updateDeviceLockedStatus():100 repeatCheckTimes = 0, locked = false
06-13 14:26:57.468142 27466 27466 I GoogleInputMethodService: GoogleInputMethodService.onStartInput():1248 onStartInput(EditorInfo{EditorInfo{packageName=com.debug.loggerui, inputType=0, inputTypeString=NULL, enableLearning=false, autoCorrection=false, autoComplete=false, imeOptions=0, privateImeOptions=null, actionName=UNSPECIFIED, actionLabel=null, initialSelStart=-1, initialSelEnd=-1, initialCapsMode=0, label=null, fieldId=0, fieldName=null, extras=null, hintText=null, hintLocales=[]}}, false)
06-13 14:26:57.469357 27466 27466 I Module  : DeviceLockedStatusModuleProvider$Module.updateDeviceLockedStatus():100 repeatCheckTimes = 1, locked = false
06-13 14:26:57.472478 15852 16588 D CopyExceptonDbService: fileName=FW_version.txt
06-13 14:26:57.473538 15852 16588 D CopyExceptonDbService: filePath=/data/debuglogger/connsyslog/fw/CsLog_2025_0613_142531/FW_version.txt
06-13 14:26:57.474143  2812  6513 I MediaProvider: Scanned internal due to REASON_DEMAND, found 0 items in 13ms, 0 inserts 0 updates 0 deletes
06-13 14:26:57.476118 13675 14452 D MediaScannerConnection: Scanned /data/debuglogger/connsyslog/fw/CsLog_2025_0613_141612/file_tree.txt to null
06-13 14:26:57.479899  2812  6513 W ModernMediaScanner: Failed to visit /data/debuglogger/connsyslog/fw/CsLog_2025_0613_141612/WIFI_FW_2025_0613_141612.clog: java.nio.file.AccessDeniedException: /data/debuglogger/connsyslog/fw/CsLog_2025_0613_141612/WIFI_FW_2025_0613_141612.clog
06-13 14:26:57.482495  2812  3185 W MediaProvider: isAppCloneUserPair for user 0: false
06-13 14:26:57.485824  2812  6513 I MediaProvider: Scanned internal due to REASON_DEMAND, found 0 items in 7ms, 0 inserts 0 updates 0 deletes
06-13 14:26:57.487901  1070  1293 D EMDLOGGER1: mdlogger select done
06-13 14:26:57.488214  1070  1293 I EMDLOGGER1: mdlogger receive command getstatus
06-13 14:26:57.488280  1070  1293 I EMDLOGGER1: mdlogger send ACK getstatus,0
06-13 14:26:57.488645 13675 13710 I LogHandler/AbstractLogConnection: setResponseFromServer() mServerName = com.mediatek.mdlogger.socket1 serverData = getstatus,0
06-13 14:26:57.488761 13675 14452 D MediaScannerConnection: Scanned /data/debuglogger/connsyslog/fw/CsLog_2025_0613_141612/WIFI_FW_2025_0613_141612.clog to null
06-13 14:26:57.488850 13675 13710 I LogHandler/ModemLog: update, serverResponseStr = getstatus,0
06-13 14:26:57.491811  2812  6513 W ModernMediaScanner: Failed to visit /data/debuglogger/connsyslog/fw/CsLog_2025_0613_141612: java.nio.file.AccessDeniedException: /data/debuglogger/connsyslog/fw/CsLog_2025_0613_141612
06-13 14:26:57.493762 15852 16588 D CopyExceptonDbService: fileName=file_tree.txt
06-13 14:26:57.493835 15852 16588 D CopyExceptonDbService: filePath=/data/debuglogger/connsyslog/fw/CsLog_2025_0613_142531/file_tree.txt
06-13 14:26:57.498801  2812  6513 I MediaProvider: Scanned internal due to REASON_DEMAND, found 0 items in 8ms, 0 inserts 0 updates 0 deletes
06-13 14:26:57.500444 13675 14452 D MediaScannerConnection: Scanned /data/debuglogger/connsyslog/fw/CsLog_2025_0613_141612 to null
06-13 14:26:57.503356  2812  6513 W ModernMediaScanner: Failed to visit /data/misc/bthci/CsLog_2025_0613_141612/BT_HCI_2025_0613_141612.cfa: java.nio.file.AccessDeniedException: /data/misc/bthci/CsLog_2025_0613_141612/BT_HCI_2025_0613_141612.cfa
06-13 14:26:57.506683  2812  3936 W MediaProvider: isAppCloneUserPair for user 0: false
06-13 14:26:57.510698  2812  6513 I MediaProvider: Scanned internal due to REASON_DEMAND, found 0 items in 9ms, 0 inserts 0 updates 0 deletes
06-13 14:26:57.512098 13675 14452 D MediaScannerConnection: Scanned /data/debuglogger/connsyslog/bthci/CsLog_2025_0613_141612/BT_HCI_2025_0613_141612.cfa to null
06-13 14:26:57.516010  2812  6513 W ModernMediaScanner: Failed to visit /data/misc/bthci/CsLog_2025_0613_141612: java.nio.file.AccessDeniedException: /data/misc/bthci/CsLog_2025_0613_141612
06-13 14:26:57.517048 15852 16588 D CopyExceptonDbService: fileName=WIFI_FW_2025_0613_142531.clog
06-13 14:26:57.517099 15852 16588 D CopyExceptonDbService: filePath=/data/debuglogger/connsyslog/fw/CsLog_2025_0613_142531/WIFI_FW_2025_0613_142531.clog
06-13 14:26:57.522328  2812  6513 I MediaProvider: Scanned internal due to REASON_DEMAND, found 0 items in 7ms, 0 inserts 0 updates 0 deletes
06-13 14:26:57.523672 13675 14452 D MediaScannerConnection: Scanned /data/debuglogger/connsyslog/bthci/CsLog_2025_0613_141612 to null
06-13 14:26:57.525333  2812 19072 W MediaProvider: isAppCloneUserPair for user 0: false
06-13 14:26:57.527258  2812  6513 W ModernMediaScanner: Failed to visit /data/debuglogger/mdlog1/MDLog1_2025_0613_141612/version_info.txt: java.nio.file.AccessDeniedException: /data/debuglogger/mdlog1/MDLog1_2025_0613_141612/version_info.txt
06-13 14:26:57.532981 15852 16588 D CopyExceptonDbService: fileName=file_tree.txt
06-13 14:26:57.533083 15852 16588 D CopyExceptonDbService: filePath=/data/debuglogger/connsyslog/fw/file_tree.txt
06-13 14:26:57.536230  2812  6513 I MediaProvider: Scanned internal due to REASON_DEMAND, found 0 items in 10ms, 0 inserts 0 updates 0 deletes
06-13 14:26:57.537581 13675 14452 D MediaScannerConnection: Scanned /data/debuglogger/mdlog1/MDLog1_2025_0613_141612/version_info.txt to null
06-13 14:26:57.539972  2812  6513 W ModernMediaScanner: Failed to visit /data/debuglogger/mdlog1/MDLog1_2025_0613_141612/MDLog1_2025_0613_141612.muxz: java.nio.file.AccessDeniedException: /data/debuglogger/mdlog1/MDLog1_2025_0613_141612/MDLog1_2025_0613_141612.muxz
06-13 14:26:57.540113  2812  3186 W MediaProvider: isAppCloneUserPair for user 0: false
06-13 14:26:57.544368 15852 16588 D CopyExceptonDbService: fileName=bthci
06-13 14:26:57.544459 15852 16588 D CopyExceptonDbService: filePath=/data/debuglogger/connsyslog/bthci
06-13 14:26:57.544834 15852 16588 D CopyExceptonDbService: fileName=mdlog1_config
06-13 14:26:57.544890 15852 16588 D CopyExceptonDbService: filePath=/data/debuglogger/mdlog1_config
06-13 14:26:57.546025  2812  6513 I MediaProvider: Scanned internal due to REASON_DEMAND, found 0 items in 7ms, 0 inserts 0 updates 0 deletes
06-13 14:26:57.547330 13675 14452 D MediaScannerConnection: Scanned /data/debuglogger/mdlog1/MDLog1_2025_0613_141612/MDLog1_2025_0613_141612.muxz to null
06-13 14:26:57.551929  2812  6513 W ModernMediaScanner: Failed to visit /data/debuglogger/mdlog1/MDLog1_2025_0613_141612/file_tree.txt: java.nio.file.AccessDeniedException: /data/debuglogger/mdlog1/MDLog1_2025_0613_141612/file_tree.txt
06-13 14:26:57.553441 15852 16588 D CopyExceptonDbService: copyDirectory src=/data/debuglogger/mdlog1_config,dest=/sdcard/debuglogger/debuglogger/mdlog1_config
06-13 14:26:57.553765 15852 16588 D CopyExceptonDbService: fileName=filter_config
06-13 14:26:57.553889 15852 16588 D CopyExceptonDbService: filePath=/data/debuglogger/mdlog1_config/filter_config
06-13 14:26:57.554998 20915 20977 I UriTaskContentObserver: (REDACTED) Throttling content uri change event for %s
06-13 14:26:57.555469 20915 20977 I UriTaskContentObserver: (REDACTED) Throttling content uri change event for %s
06-13 14:26:57.555708   784   784 I BufferQueueDebug: [Stopping logs#3776](this:0xb40000707083b258,id:-1,api:0,p:-1,c:784) onDestructor()
06-13 14:26:57.555890 20915 20977 I UriTaskContentObserver: (REDACTED) Throttling content uri change event for %s
06-13 14:26:57.556226 20915 20977 I UriTaskContentObserver: (REDACTED) Throttling content uri change event for %s
06-13 14:26:57.556785   784   784 I BufferQueueDebug: [Surface(name=b5bc7d6 Stopping logs)/@0x1947f6b - animation-leash of window_animation#3780](this:0xb40000707085d518,id:-1,api:0,p:-1,c:784) onDestructor()
06-13 14:26:57.556890   784   784 I BufferQueueDebug: [b5bc7d6 Stopping logs#3773](this:0xb400007070888088,id:-1,api:0,p:-1,c:784) onDestructor()
06-13 14:26:57.558980 20915 16296 I NetworkScheduler.Stats: (REDACTED) Task %s/%s started execution. cause:%s exec_start_elapsed_seconds: %s
06-13 14:26:57.561754  2812  6513 I MediaProvider: Scanned internal due to REASON_DEMAND, found 0 items in 13ms, 0 inserts 0 updates 0 deletes
06-13 14:26:57.561950  6469  6487 W BinderCallGmsPrvdr: Found invalid Chimera context. Getting Best guess RequestContext from trace. [CONTEXT service_id=357 ]
06-13 14:26:57.563080 13675 14452 D MediaScannerConnection: Scanned /data/debuglogger/mdlog1/MDLog1_2025_0613_141612/file_tree.txt to null
06-13 14:26:57.565618  2812  3936 W MediaProvider: isAppCloneUserPair for user 0: false
06-13 14:26:57.566488   784   784 I BufferQueueDebug: [Surface(name=Dim Layer for - Task=70)/@0x9d3d286 - animation-leash of dimmer#3783](this:0xb400007070871408,id:-1,api:0,p:-1,c:784) onDestructor()
06-13 14:26:57.566648   784   784 I BufferQueueDebug: [Dim Layer for - Task=70#3778](this:0xb4000070708d7c48,id:-1,api:0,p:-1,c:784) onDestructor()
06-13 14:26:57.568278  2812  6513 W ModernMediaScanner: Failed to visit /data/debuglogger/mdlog1/MDLog1_2025_0613_141612/MDDB_PHONE_1_ulwtg_n.EDB: java.nio.file.AccessDeniedException: /data/debuglogger/mdlog1/MDLog1_2025_0613_141612/MDDB_PHONE_1_ulwtg_n.EDB
06-13 14:26:57.571238 15852 16588 D CopyExceptonDbService: fileName=filter_history
06-13 14:26:57.571336 15852 16588 D CopyExceptonDbService: filePath=/data/debuglogger/mdlog1_config/filter_history
06-13 14:26:57.571558 20915 16412 I NetworkScheduler.Stats: (REDACTED) Task %s/%s finished executing. cause:%s result: %s elapsed_millis: %s uptime_millis: %s exec_start_elapsed_seconds: %s
06-13 14:26:57.575175  2812  6513 I MediaProvider: Scanned internal due to REASON_DEMAND, found 0 items in 10ms, 0 inserts 0 updates 0 deletes
06-13 14:26:57.576339 13675 14452 D MediaScannerConnection: Scanned /data/debuglogger/mdlog1/MDLog1_2025_0613_141612/MDDB_PHONE_1_ulwtg_n.EDB to null
06-13 14:26:57.576600  2812 21827 W MediaProvider: isAppCloneUserPair for user 0: false
06-13 14:26:57.578756  2812  6513 W ModernMediaScanner: Failed to visit /data/debuglogger/mdlog1/MDLog1_2025_0613_141612: java.nio.file.AccessDeniedException: /data/debuglogger/mdlog1/MDLog1_2025_0613_141612
06-13 14:26:57.585067  2812  6513 I MediaProvider: Scanned internal due to REASON_DEMAND, found 0 items in 7ms, 0 inserts 0 updates 0 deletes
06-13 14:26:57.586514 13675 14452 D MediaScannerConnection: Scanned /data/debuglogger/mdlog1/MDLog1_2025_0613_141612 to null
06-13 14:26:57.588172 13675 16505 I LogHandler/AbstractLogInstance: getResponse, responseStr = getstatus,0 and waiting time remaining = 14900
06-13 14:26:57.588452 13675 16505 I LogHandler/AbstractLogInstance: <--getValueFromServer(), serverValue = 0
06-13 14:26:57.589036 13675 13675 I DebugLoggerUI/MainActivity: -->updateUI(), Update UI Start
06-13 14:26:57.589108 13675 13675 I DebugLoggerUI/MainActivity: -->dismissTagProgressDialog()
06-13 14:26:57.589143 13675 13675 I DebugLoggerUI/MainActivity: changeWaitingDialog() -> currentRunningStage is 0
06-13 14:26:57.589593  2812  6513 W ModernMediaScanner: Failed to visit /data/debuglogger/mobilelog/APLog_2025_0613_141611__2/mblog_history: java.nio.file.AccessDeniedException: /data/debuglogger/mobilelog/APLog_2025_0613_141611__2/mblog_history
06-13 14:26:57.590292 13675 13675 I DebugLoggerUI/LogControllerUtils: <--isAnyConnsysLogRunning()? false
06-13 14:26:57.590577 13675 13675 I DebugLoggerUI/MainActivity: timeString : 0:01:22
06-13 14:26:57.592209 15852 16588 D CopyExceptonDbService: fileName=mdlog1
06-13 14:26:57.592400 15852 16588 D CopyExceptonDbService: filePath=/data/debuglogger/mdlog1
06-13 14:26:57.592409 13675 16591 W DebugLoggerUI/LogControllerUtils: getCanBeDeletedFileList() taglogFolder = /data/debuglogger/taglog is not exist!
06-13 14:26:57.594292 13675 13675 I DebugLoggerUI/MainActivity: Receive check existing log folder done message, result=true
06-13 14:26:57.595334 15852 16588 D CopyExceptonDbService: copyDirectory src=/data/debuglogger/mdlog1,dest=/sdcard/debuglogger/debuglogger/mdlog1
06-13 14:26:57.595627 15852 16588 D CopyExceptonDbService: fileName=MDLog1_2025_0613_142531
06-13 14:26:57.595708 15852 16588 D CopyExceptonDbService: filePath=/data/debuglogger/mdlog1/MDLog1_2025_0613_142531
06-13 14:26:57.596632  2812  6513 I MediaProvider: Scanned internal due to REASON_DEMAND, found 0 items in 9ms, 0 inserts 0 updates 0 deletes
06-13 14:26:57.597723 13675 14452 D MediaScannerConnection: Scanned /data/debuglogger/mobilelog/APLog_2025_0613_141611__2/mblog_history to null
06-13 14:26:57.598361 15852 16588 D CopyExceptonDbService: copyDirectory src=/data/debuglogger/mdlog1/MDLog1_2025_0613_142531,dest=/sdcard/debuglogger/debuglogger/mdlog1/MDLog1_2025_0613_142531
06-13 14:26:57.598540 15852 16588 D CopyExceptonDbService: fileName=version_info.txt
06-13 14:26:57.598568 15852 16588 D CopyExceptonDbService: filePath=/data/debuglogger/mdlog1/MDLog1_2025_0613_142531/version_info.txt
06-13 14:26:57.600358  2812  6513 W ModernMediaScanner: Failed to visit /data/debuglogger/mobilelog/APLog_2025_0613_141611__2/properties: java.nio.file.AccessDeniedException: /data/debuglogger/mobilelog/APLog_2025_0613_141611__2/properties
06-13 14:26:57.604656  1090  1228 D AAL     : 06-13 02:26:57.503 BL= 690,ESS= 256, 06-13 02:26:57.548 BL= 691,ESS= 256, 06-13 02:26:57.582 BL= 695,ESS= 256, 06-13 02:26:57.593 BL= 698,ESS= 256, 06-13 02:26:57.604 BL= 700,ESS= 256, 
06-13 14:26:57.605040  2812  3186 W MediaProvider: isAppCloneUserPair for user 0: false
06-13 14:26:57.606287  2812  3186 W MediaProvider: isAppCloneUserPair for user 0: false
06-13 14:26:57.608071  2812  6513 I MediaProvider: Scanned internal due to REASON_DEMAND, found 0 items in 9ms, 0 inserts 0 updates 0 deletes
06-13 14:26:57.609367 13675 14452 D MediaScannerConnection: Scanned /data/debuglogger/mobilelog/APLog_2025_0613_141611__2/properties to null
06-13 14:26:57.611294   784   784 I BufferQueueProducer: [com.debug.loggerui/com.debug.loggerui.MainActivity#3765](this:0xb4000070708ffa28,id:-1,api:0,p:-1,c:784) queueBuffer: fps=1.44 dur=1386.33 max=992.56 min=393.76
06-13 14:26:57.612215  2812  6513 W ModernMediaScanner: Failed to visit /data/debuglogger/mobilelog/APLog_2025_0613_141611__2/pl_lk: java.nio.file.AccessDeniedException: /data/debuglogger/mobilelog/APLog_2025_0613_141611__2/pl_lk
06-13 14:26:57.613059 15852 16588 D CopyExceptonDbService: fileName=MDLog1_2025_0613_142531.muxz
06-13 14:26:57.613141 15852 16588 D CopyExceptonDbService: filePath=/data/debuglogger/mdlog1/MDLog1_2025_0613_142531/MDLog1_2025_0613_142531.muxz
06-13 14:26:57.614902  2812  6513 I MediaProvider: Scanned internal due to REASON_DEMAND, found 0 items in 4ms, 0 inserts 0 updates 0 deletes
06-13 14:26:57.615601 13675 14452 D MediaScannerConnection: Scanned /data/debuglogger/mobilelog/APLog_2025_0613_141611__2/pl_lk to null
06-13 14:26:57.617378  2812  6513 W ModernMediaScanner: Failed to visit /data/debuglogger/mobilelog/APLog_2025_0613_141611__2/bootprof: java.nio.file.AccessDeniedException: /data/debuglogger/mobilelog/APLog_2025_0613_141611__2/bootprof
06-13 14:26:57.619387  2812  3185 W MediaProvider: isAppCloneUserPair for user 0: false
06-13 14:26:57.620317  2812  6513 I MediaProvider: Scanned internal due to REASON_DEMAND, found 0 items in 3ms, 0 inserts 0 updates 0 deletes
06-13 14:26:57.621256 13675 14452 D MediaScannerConnection: Scanned /data/debuglogger/mobilelog/APLog_2025_0613_141611__2/bootprof to null
06-13 14:26:57.623070  2812  6513 W ModernMediaScanner: Failed to visit /data/debuglogger/mobilelog/APLog_2025_0613_141611__2/radio_log_2__2025_0613_141737: java.nio.file.AccessDeniedException: /data/debuglogger/mobilelog/APLog_2025_0613_141611__2/radio_log_2__2025_0613_141737
06-13 14:26:57.626041  2812  6513 I MediaProvider: Scanned internal due to REASON_DEMAND, found 0 items in 4ms, 0 inserts 0 updates 0 deletes
06-13 14:26:57.626606 20915 20977 I UriTaskContentObserver: (REDACTED) Throttling content uri change event for %s
06-13 14:26:57.627060 13675 14452 D MediaScannerConnection: Scanned /data/debuglogger/mobilelog/APLog_2025_0613_141611__2/radio_log_2__2025_0613_141737 to null
06-13 14:26:57.628933  2812  6513 W ModernMediaScanner: Failed to visit /data/debuglogger/mobilelog/APLog_2025_0613_141611__2/events_log_3__2025_0613_141737: java.nio.file.AccessDeniedException: /data/debuglogger/mobilelog/APLog_2025_0613_141611__2/events_log_3__2025_0613_141737
06-13 14:26:57.631164 15852 16588 D CopyExceptonDbService: fileName=file_tree.txt
06-13 14:26:57.631252 15852 16588 D CopyExceptonDbService: filePath=/data/debuglogger/mdlog1/MDLog1_2025_0613_142531/file_tree.txt
06-13 14:26:57.631874  2812  6513 I MediaProvider: Scanned internal due to REASON_DEMAND, found 0 items in 4ms, 0 inserts 0 updates 0 deletes
06-13 14:26:57.632725 13675 14452 D MediaScannerConnection: Scanned /data/debuglogger/mobilelog/APLog_2025_0613_141611__2/events_log_3__2025_0613_141737 to null
06-13 14:26:57.634263  2812  6513 W ModernMediaScanner: Failed to visit /data/debuglogger/mobilelog/APLog_2025_0613_141611__2/sys_log_4__2025_0613_141737: java.nio.file.AccessDeniedException: /data/debuglogger/mobilelog/APLog_2025_0613_141611__2/sys_log_4__2025_0613_141737
06-13 14:26:57.637053  2812  6513 I MediaProvider: Scanned internal due to REASON_DEMAND, found 0 items in 3ms, 0 inserts 0 updates 0 deletes
06-13 14:26:57.637622  2812  3936 W MediaProvider: isAppCloneUserPair for user 0: false
06-13 14:26:57.637995 13675 14452 D MediaScannerConnection: Scanned /data/debuglogger/mobilelog/APLog_2025_0613_141611__2/sys_log_4__2025_0613_141737 to null
06-13 14:26:57.639641  2812  6513 W ModernMediaScanner: Failed to visit /data/debuglogger/mobilelog/APLog_2025_0613_141611__2/crash_log_5__2025_0613_141737: java.nio.file.AccessDeniedException: /data/debuglogger/mobilelog/APLog_2025_0613_141611__2/crash_log_5__2025_0613_141737
06-13 14:26:57.642535  2812  6513 I MediaProvider: Scanned internal due to REASON_DEMAND, found 0 items in 4ms, 0 inserts 0 updates 0 deletes
06-13 14:26:57.643341 13675 14452 D MediaScannerConnection: Scanned /data/debuglogger/mobilelog/APLog_2025_0613_141611__2/crash_log_5__2025_0613_141737 to null
06-13 14:26:57.643343 15852 16588 D CopyExceptonDbService: fileName=MDDB_PHONE_1_ulwtg_n.EDB
06-13 14:26:57.643397 15852 16588 D CopyExceptonDbService: filePath=/data/debuglogger/mdlog1/MDLog1_2025_0613_142531/MDDB_PHONE_1_ulwtg_n.EDB
06-13 14:26:57.643561 20915 20977 I UriTaskContentObserver: (REDACTED) Throttling content uri change event for %s
06-13 14:26:57.645043  2812  6513 W ModernMediaScanner: Failed to visit /data/debuglogger/mobilelog/APLog_2025_0613_141611__2/kernel_log_6__2025_0613_141737: java.nio.file.AccessDeniedException: /data/debuglogger/mobilelog/APLog_2025_0613_141611__2/kernel_log_6__2025_0613_141737
06-13 14:26:57.647785  2812  6513 I MediaProvider: Scanned internal due to REASON_DEMAND, found 0 items in 3ms, 0 inserts 0 updates 0 deletes
06-13 14:26:57.648586 13675 14452 D MediaScannerConnection: Scanned /data/debuglogger/mobilelog/APLog_2025_0613_141611__2/kernel_log_6__2025_0613_141737 to null
06-13 14:26:57.650303  2812  6513 W ModernMediaScanner: Failed to visit /data/debuglogger/mobilelog/APLog_2025_0613_141611__2/atf_log_7__2025_0613_141737: java.nio.file.AccessDeniedException: /data/debuglogger/mobilelog/APLog_2025_0613_141611__2/atf_log_7__2025_0613_141737
06-13 14:26:57.650571  2812 19072 W MediaProvider: isAppCloneUserPair for user 0: false
06-13 14:26:57.653079  2812  6513 I MediaProvider: Scanned internal due to REASON_DEMAND, found 0 items in 3ms, 0 inserts 0 updates 0 deletes
06-13 14:26:57.654102 13675 14452 D MediaScannerConnection: Scanned /data/debuglogger/mobilelog/APLog_2025_0613_141611__2/atf_log_7__2025_0613_141737 to null
06-13 14:26:57.655861  2812  6513 W ModernMediaScanner: Failed to visit /data/debuglogger/mobilelog/APLog_2025_0613_141611__2/gz_log_8__2025_0613_141737: java.nio.file.AccessDeniedException: /data/debuglogger/mobilelog/APLog_2025_0613_141611__2/gz_log_8__2025_0613_141737
06-13 14:26:57.657039 20915 20977 I UriTaskContentObserver: (REDACTED) Throttling content uri change event for %s
06-13 14:26:57.658642  2812  6513 I MediaProvider: Scanned internal due to REASON_DEMAND, found 0 items in 4ms, 0 inserts 0 updates 0 deletes
06-13 14:26:57.659420 13675 14452 D MediaScannerConnection: Scanned /data/debuglogger/mobilelog/APLog_2025_0613_141611__2/gz_log_8__2025_0613_141737 to null
06-13 14:26:57.661098  1090  1228 D AAL     : 06-13 02:26:57.616 BL= 702,ESS= 256, 06-13 02:26:57.627 BL= 704,ESS= 256, 06-13 02:26:57.638 BL= 706,ESS= 256, 06-13 02:26:57.649 BL= 707,ESS= 256, 06-13 02:26:57.661 BL= 708,ESS= 256, 
06-13 14:26:57.661338  2812  6513 W ModernMediaScanner: Failed to visit /data/debuglogger/mobilelog/APLog_2025_0613_141611__2/bsp_log_9__2025_0613_141737: java.nio.file.AccessDeniedException: /data/debuglogger/mobilelog/APLog_2025_0613_141611__2/bsp_log_9__2025_0613_141737
06-13 14:26:57.664221  2812  6513 I MediaProvider: Scanned internal due to REASON_DEMAND, found 0 items in 3ms, 0 inserts 0 updates 0 deletes
06-13 14:26:57.665197 13675 14452 D MediaScannerConnection: Scanned /data/debuglogger/mobilelog/APLog_2025_0613_141611__2/bsp_log_9__2025_0613_141737 to null
06-13 14:26:57.666884  2812  6513 W ModernMediaScanner: Failed to visit /data/debuglogger/mobilelog/APLog_2025_0613_141611__2/scp_log_10__2025_0613_141737: java.nio.file.AccessDeniedException: /data/debuglogger/mobilelog/APLog_2025_0613_141611__2/scp_log_10__2025_0613_141737
06-13 14:26:57.669672  2812  6513 I MediaProvider: Scanned internal due to REASON_DEMAND, found 0 items in 4ms, 0 inserts 0 updates 0 deletes
06-13 14:26:57.670602 13675 14452 D MediaScannerConnection: Scanned /data/debuglogger/mobilelog/APLog_2025_0613_141611__2/scp_log_10__2025_0613_141737 to null
06-13 14:26:57.672646  2812  6513 W ModernMediaScanner: Failed to visit /data/debuglogger/mobilelog/APLog_2025_0613_141611__2/sspm_log_11__2025_0613_141737: java.nio.file.AccessDeniedException: /data/debuglogger/mobilelog/APLog_2025_0613_141611__2/sspm_log_11__2025_0613_141737
06-13 14:26:57.675108  2812  6513 I MediaProvider: Scanned internal due to REASON_DEMAND, found 0 items in 3ms, 0 inserts 0 updates 0 deletes
06-13 14:26:57.676212 13675 14452 D MediaScannerConnection: Scanned /data/debuglogger/mobilelog/APLog_2025_0613_141611__2/sspm_log_11__2025_0613_141737 to null
06-13 14:26:57.678278  2812  6513 W ModernMediaScanner: Failed to visit /data/debuglogger/mobilelog/APLog_2025_0613_141611__2/main_log_1__2025_0613_141737: java.nio.file.AccessDeniedException: /data/debuglogger/mobilelog/APLog_2025_0613_141611__2/main_log_1__2025_0613_141737
06-13 14:26:57.680937  2812  6513 I MediaProvider: Scanned internal due to REASON_DEMAND, found 0 items in 3ms, 0 inserts 0 updates 0 deletes
06-13 14:26:57.681742 13675 14452 D MediaScannerConnection: Scanned /data/debuglogger/mobilelog/APLog_2025_0613_141611__2/main_log_1__2025_0613_141737 to null
06-13 14:26:57.683484  2812  6513 W ModernMediaScanner: Failed to visit /data/debuglogger/mobilelog/APLog_2025_0613_141611__2/connsys_picus_log_12__2025_0613_141737: java.nio.file.AccessDeniedException: /data/debuglogger/mobilelog/APLog_2025_0613_141611__2/connsys_picus_log_12__2025_0613_141737
06-13 14:26:57.685948  2812  6513 I MediaProvider: Scanned internal due to REASON_DEMAND, found 0 items in 3ms, 0 inserts 0 updates 0 deletes
06-13 14:26:57.686930 13675 14452 D MediaScannerConnection: Scanned /data/debuglogger/mobilelog/APLog_2025_0613_141611__2/connsys_picus_log_12__2025_0613_141737 to null
06-13 14:26:57.688441  2812  6513 W ModernMediaScanner: Failed to visit /data/debuglogger/mobilelog/APLog_2025_0613_141611__2: java.nio.file.AccessDeniedException: /data/debuglogger/mobilelog/APLog_2025_0613_141611__2
06-13 14:26:57.690931  2812  6513 I MediaProvider: Scanned internal due to REASON_DEMAND, found 0 items in 3ms, 0 inserts 0 updates 0 deletes
06-13 14:26:57.691786 13675 14452 D MediaScannerConnection: Scanned /data/debuglogger/mobilelog/APLog_2025_0613_141611__2 to null
06-13 14:26:57.693468  2812  6513 W ModernMediaScanner: Failed to visit /data/debuglogger/netlog/NTLog_2025_0613_141612/dump-stats-2025_0613_141732_stop.txt: java.nio.file.AccessDeniedException: /data/debuglogger/netlog/NTLog_2025_0613_141612/dump-stats-2025_0613_141732_stop.txt
06-13 14:26:57.695976  2812  6513 I MediaProvider: Scanned internal due to REASON_DEMAND, found 0 items in 3ms, 0 inserts 0 updates 0 deletes
06-13 14:26:57.696717 13675 14452 D MediaScannerConnection: Scanned /data/debuglogger/netlog/NTLog_2025_0613_141612/dump-stats-2025_0613_141732_stop.txt to null
06-13 14:26:57.698371  2812  6513 W ModernMediaScanner: Failed to visit /data/debuglogger/netlog/NTLog_2025_0613_141612/tcpdump_NTLog_V2_2025_0613_141612_start_1.cap: java.nio.file.AccessDeniedException: /data/debuglogger/netlog/NTLog_2025_0613_141612/tcpdump_NTLog_V2_2025_0613_141612_start_1.cap
06-13 14:26:57.700927  2812  6513 I MediaProvider: Scanned internal due to REASON_DEMAND, found 0 items in 3ms, 0 inserts 0 updates 0 deletes
06-13 14:26:57.701698 13675 14452 D MediaScannerConnection: Scanned /data/debuglogger/netlog/NTLog_2025_0613_141612/tcpdump_NTLog_V2_2025_0613_141612_start_1.cap to null
06-13 14:26:57.703262  2812  6513 W ModernMediaScanner: Failed to visit /data/debuglogger/netlog/NTLog_2025_0613_141612: java.nio.file.AccessDeniedException: /data/debuglogger/netlog/NTLog_2025_0613_141612
06-13 14:26:57.705833  2812  6513 I MediaProvider: Scanned internal due to REASON_DEMAND, found 0 items in 3ms, 0 inserts 0 updates 0 deletes
06-13 14:26:57.706568 13675 14452 D MediaScannerConnection: Scanned /data/debuglogger/netlog/NTLog_2025_0613_141612 to null
06-13 14:26:57.708182  2812  6513 W ModernMediaScanner: Failed to visit /data/debuglogger/connsyslog/fw/CsLog_2025_0613_142531/BT_FW_2025_0613_142531.clog: java.nio.file.AccessDeniedException: /data/debuglogger/connsyslog/fw/CsLog_2025_0613_142531/BT_FW_2025_0613_142531.clog
06-13 14:26:57.710658  2812  6513 I MediaProvider: Scanned internal due to REASON_DEMAND, found 0 items in 3ms, 0 inserts 0 updates 0 deletes
06-13 14:26:57.711471 13675 14452 D MediaScannerConnection: Scanned /data/debuglogger/connsyslog/fw/CsLog_2025_0613_142531/BT_FW_2025_0613_142531.clog to null
06-13 14:26:57.713349  2812  6513 W ModernMediaScanner: Failed to visit /data/debuglogger/connsyslog/fw/CsLog_2025_0613_142531/FW_version.txt: java.nio.file.AccessDeniedException: /data/debuglogger/connsyslog/fw/CsLog_2025_0613_142531/FW_version.txt
06-13 14:26:57.715973  2812  6513 I MediaProvider: Scanned internal due to REASON_DEMAND, found 0 items in 3ms, 0 inserts 0 updates 0 deletes
06-13 14:26:57.716864 13675 14452 D MediaScannerConnection: Scanned /data/debuglogger/connsyslog/fw/CsLog_2025_0613_142531/FW_version.txt to null
06-13 14:26:57.718664  2812  6513 W ModernMediaScanner: Failed to visit /data/debuglogger/connsyslog/fw/CsLog_2025_0613_142531/file_tree.txt: java.nio.file.AccessDeniedException: /data/debuglogger/connsyslog/fw/CsLog_2025_0613_142531/file_tree.txt
06-13 14:26:57.721136  2812  6513 I MediaProvider: Scanned internal due to REASON_DEMAND, found 0 items in 3ms, 0 inserts 0 updates 0 deletes
06-13 14:26:57.721897 13675 14452 D MediaScannerConnection: Scanned /data/debuglogger/connsyslog/fw/CsLog_2025_0613_142531/file_tree.txt to null
06-13 14:26:57.723487  2812  6513 W ModernMediaScanner: Failed to visit /data/debuglogger/connsyslog/fw/CsLog_2025_0613_142531/WIFI_FW_2025_0613_142531.clog: java.nio.file.AccessDeniedException: /data/debuglogger/connsyslog/fw/CsLog_2025_0613_142531/WIFI_FW_2025_0613_142531.clog
06-13 14:26:57.726023  2812  6513 I MediaProvider: Scanned internal due to REASON_DEMAND, found 0 items in 3ms, 0 inserts 0 updates 0 deletes
06-13 14:26:57.726863 13675 14452 D MediaScannerConnection: Scanned /data/debuglogger/connsyslog/fw/CsLog_2025_0613_142531/WIFI_FW_2025_0613_142531.clog to null
06-13 14:26:57.728491  2812  6513 W ModernMediaScanner: Failed to visit /data/debuglogger/connsyslog/fw/CsLog_2025_0613_142531: java.nio.file.AccessDeniedException: /data/debuglogger/connsyslog/fw/CsLog_2025_0613_142531
06-13 14:26:57.728803  1090  1228 D AAL     : 06-13 02:26:57.683 BL= 709,ESS= 256, 06-13 02:26:57.694 BL= 710,ESS= 256, 06-13 02:26:57.717 BL= 711,ESS= 256, 06-13 02:26:57.718 BL= 712,ESS= 256, 06-13 02:26:57.728 BL= 713,ESS= 256, 
06-13 14:26:57.730928  2812  6513 I MediaProvider: Scanned internal due to REASON_DEMAND, found 0 items in 3ms, 0 inserts 0 updates 0 deletes
06-13 14:26:57.731705 13675 14452 D MediaScannerConnection: Scanned /data/debuglogger/connsyslog/fw/CsLog_2025_0613_142531 to null
06-13 14:26:57.733341  2812  6513 W ModernMediaScanner: Failed to visit /data/misc/bthci/CsLog_2025_0613_142531/BT_HCI_2025_0613_142531.cfa: java.nio.file.AccessDeniedException: /data/misc/bthci/CsLog_2025_0613_142531/BT_HCI_2025_0613_142531.cfa
06-13 14:26:57.735862  2812  6513 I MediaProvider: Scanned internal due to REASON_DEMAND, found 0 items in 3ms, 0 inserts 0 updates 0 deletes
06-13 14:26:57.736705 13675 14452 D MediaScannerConnection: Scanned /data/debuglogger/connsyslog/bthci/CsLog_2025_0613_142531/BT_HCI_2025_0613_142531.cfa to null
06-13 14:26:57.738187  2812  6513 W ModernMediaScanner: Failed to visit /data/misc/bthci/CsLog_2025_0613_142531: java.nio.file.AccessDeniedException: /data/misc/bthci/CsLog_2025_0613_142531
06-13 14:26:57.740692  2812  6513 I MediaProvider: Scanned internal due to REASON_DEMAND, found 0 items in 3ms, 0 inserts 0 updates 0 deletes
06-13 14:26:57.741491 13675 14452 D MediaScannerConnection: Scanned /data/debuglogger/connsyslog/bthci/CsLog_2025_0613_142531 to null
06-13 14:26:57.743017  2812  6513 W ModernMediaScanner: Failed to visit /data/debuglogger/mdlog1/MDLog1_2025_0613_142531/version_info.txt: java.nio.file.AccessDeniedException: /data/debuglogger/mdlog1/MDLog1_2025_0613_142531/version_info.txt
06-13 14:26:57.745573  2812  6513 I MediaProvider: Scanned internal due to REASON_DEMAND, found 0 items in 3ms, 0 inserts 0 updates 0 deletes
06-13 14:26:57.746408 13675 14452 D MediaScannerConnection: Scanned /data/debuglogger/mdlog1/MDLog1_2025_0613_142531/version_info.txt to null
06-13 14:26:57.747993  2812  6513 W ModernMediaScanner: Failed to visit /data/debuglogger/mdlog1/MDLog1_2025_0613_142531/MDLog1_2025_0613_142531.muxz: java.nio.file.AccessDeniedException: /data/debuglogger/mdlog1/MDLog1_2025_0613_142531/MDLog1_2025_0613_142531.muxz
06-13 14:26:57.750471  2812  6513 I MediaProvider: Scanned internal due to REASON_DEMAND, found 0 items in 3ms, 0 inserts 0 updates 0 deletes
06-13 14:26:57.751221 13675 14452 D MediaScannerConnection: Scanned /data/debuglogger/mdlog1/MDLog1_2025_0613_142531/MDLog1_2025_0613_142531.muxz to null
06-13 14:26:57.752828  2812  6513 W ModernMediaScanner: Failed to visit /data/debuglogger/mdlog1/MDLog1_2025_0613_142531/file_tree.txt: java.nio.file.AccessDeniedException: /data/debuglogger/mdlog1/MDLog1_2025_0613_142531/file_tree.txt
06-13 14:26:57.755287  2812  6513 I MediaProvider: Scanned internal due to REASON_DEMAND, found 0 items in 3ms, 0 inserts 0 updates 0 deletes
06-13 14:26:57.756157 13675 14452 D MediaScannerConnection: Scanned /data/debuglogger/mdlog1/MDLog1_2025_0613_142531/file_tree.txt to null
06-13 14:26:57.757656  2812  6513 W ModernMediaScanner: Failed to visit /data/debuglogger/mdlog1/MDLog1_2025_0613_142531/MDDB_PHONE_1_ulwtg_n.EDB: java.nio.file.AccessDeniedException: /data/debuglogger/mdlog1/MDLog1_2025_0613_142531/MDDB_PHONE_1_ulwtg_n.EDB
06-13 14:26:57.760171  2812  6513 I MediaProvider: Scanned internal due to REASON_DEMAND, found 0 items in 3ms, 0 inserts 0 updates 0 deletes
06-13 14:26:57.761018 13675 14452 D MediaScannerConnection: Scanned /data/debuglogger/mdlog1/MDLog1_2025_0613_142531/MDDB_PHONE_1_ulwtg_n.EDB to null
06-13 14:26:57.762616  2812  6513 W ModernMediaScanner: Failed to visit /data/debuglogger/mdlog1/MDLog1_2025_0613_142531: java.nio.file.AccessDeniedException: /data/debuglogger/mdlog1/MDLog1_2025_0613_142531
06-13 14:26:57.763544 15852 16588 D CopyExceptonDbService: fileName=file_tree.txt
06-13 14:26:57.763640 15852 16588 D CopyExceptonDbService: filePath=/data/debuglogger/mdlog1/file_tree.txt
06-13 14:26:57.765218  2812  6513 I MediaProvider: Scanned internal due to REASON_DEMAND, found 0 items in 3ms, 0 inserts 0 updates 0 deletes
06-13 14:26:57.766012 13675 14452 D MediaScannerConnection: Scanned /data/debuglogger/mdlog1/MDLog1_2025_0613_142531 to null
06-13 14:26:57.767496  2812  6513 W ModernMediaScanner: Failed to visit /data/debuglogger/mobilelog/APLog_2025_0613_142530__3/mblog_history: java.nio.file.AccessDeniedException: /data/debuglogger/mobilelog/APLog_2025_0613_142530__3/mblog_history
06-13 14:26:57.768780  2812 21827 W MediaProvider: isAppCloneUserPair for user 0: false
06-13 14:26:57.770132  2812  6513 I MediaProvider: Scanned internal due to REASON_DEMAND, found 0 items in 3ms, 0 inserts 0 updates 0 deletes
06-13 14:26:57.771127 13675 14452 D MediaScannerConnection: Scanned /data/debuglogger/mobilelog/APLog_2025_0613_142530__3/mblog_history to null
06-13 14:26:57.772674  2812  6513 W ModernMediaScanner: Failed to visit /data/debuglogger/mobilelog/APLog_2025_0613_142530__3/properties: java.nio.file.AccessDeniedException: /data/debuglogger/mobilelog/APLog_2025_0613_142530__3/properties
06-13 14:26:57.774347 15852 16588 D CopyExceptonDbService: fileName=file_tree.txt
06-13 14:26:57.774464 15852 16588 D CopyExceptonDbService: filePath=/data/debuglogger/file_tree.txt
06-13 14:26:57.775116  2812  6513 I MediaProvider: Scanned internal due to REASON_DEMAND, found 0 items in 3ms, 0 inserts 0 updates 0 deletes
06-13 14:26:57.775948 13675 14452 D MediaScannerConnection: Scanned /data/debuglogger/mobilelog/APLog_2025_0613_142530__3/properties to null
06-13 14:26:57.777412  2812  6513 W ModernMediaScanner: Failed to visit /data/debuglogger/mobilelog/APLog_2025_0613_142530__3/pl_lk: java.nio.file.AccessDeniedException: /data/debuglogger/mobilelog/APLog_2025_0613_142530__3/pl_lk
06-13 14:26:57.779915  2812  6513 I MediaProvider: Scanned internal due to REASON_DEMAND, found 0 items in 3ms, 0 inserts 0 updates 0 deletes
06-13 14:26:57.780016  2812  3186 W MediaProvider: isAppCloneUserPair for user 0: false
06-13 14:26:57.780828 13675 14452 D MediaScannerConnection: Scanned /data/debuglogger/mobilelog/APLog_2025_0613_142530__3/pl_lk to null
06-13 14:26:57.782400  2812  6513 W ModernMediaScanner: Failed to visit /data/debuglogger/mobilelog/APLog_2025_0613_142530__3/bootprof: java.nio.file.AccessDeniedException: /data/debuglogger/mobilelog/APLog_2025_0613_142530__3/bootprof
06-13 14:26:57.784927  2812  6513 I MediaProvider: Scanned internal due to REASON_DEMAND, found 0 items in 3ms, 0 inserts 0 updates 0 deletes
06-13 14:26:57.785237  1090  1228 D AAL     : 06-13 02:26:57.740 BL= 714,ESS= 256, 06-13 02:26:57.751 BL= 715,ESS= 256, 06-13 02:26:57.762 BL= 716,ESS= 256, 06-13 02:26:57.773 BL= 717,ESS= 256, 06-13 02:26:57.785 BL= 718,ESS= 256, 
06-13 14:26:57.785652 13675 14452 D MediaScannerConnection: Scanned /data/debuglogger/mobilelog/APLog_2025_0613_142530__3/bootprof to null
06-13 14:26:57.787286  2812  6513 W ModernMediaScanner: Failed to visit /data/debuglogger/mobilelog/APLog_2025_0613_142530__3/radio_log_2__2025_0613_142656: java.nio.file.AccessDeniedException: /data/debuglogger/mobilelog/APLog_2025_0613_142530__3/radio_log_2__2025_0613_142656
06-13 14:26:57.789740  2812  6513 I MediaProvider: Scanned internal due to REASON_DEMAND, found 0 items in 3ms, 0 inserts 0 updates 0 deletes
06-13 14:26:57.789777 15852 16588 D CopyExceptonDbService: fileName=mobilelog
06-13 14:26:57.789811 15852 16588 D CopyExceptonDbService: filePath=/data/debuglogger/mobilelog
06-13 14:26:57.790392 13675 14452 D MediaScannerConnection: Scanned /data/debuglogger/mobilelog/APLog_2025_0613_142530__3/radio_log_2__2025_0613_142656 to null
06-13 14:26:57.790978 20915 20977 I UriTaskContentObserver: (REDACTED) Throttling content uri change event for %s
06-13 14:26:57.791686 15852 16588 D CopyExceptonDbService: copyDirectory src=/data/debuglogger/mobilelog,dest=/sdcard/debuglogger/debuglogger/mobilelog
06-13 14:26:57.791939 15852 16588 D CopyExceptonDbService: fileName=APLog_2025_0613_142530__3
06-13 14:26:57.792002 15852 16588 D CopyExceptonDbService: filePath=/data/debuglogger/mobilelog/APLog_2025_0613_142530__3
06-13 14:26:57.792024  2812  6513 W ModernMediaScanner: Failed to visit /data/debuglogger/mobilelog/APLog_2025_0613_142530__3/events_log_3__2025_0613_142656: java.nio.file.AccessDeniedException: /data/debuglogger/mobilelog/APLog_2025_0613_142530__3/events_log_3__2025_0613_142656
06-13 14:26:57.794046 15852 16588 D CopyExceptonDbService: copyDirectory src=/data/debuglogger/mobilelog/APLog_2025_0613_142530__3,dest=/sdcard/debuglogger/debuglogger/mobilelog/APLog_2025_0613_142530__3
06-13 14:26:57.794278 15852 16588 D CopyExceptonDbService: fileName=mblog_history
06-13 14:26:57.794340 15852 16588 D CopyExceptonDbService: filePath=/data/debuglogger/mobilelog/APLog_2025_0613_142530__3/mblog_history
06-13 14:26:57.794518  2812  6513 I MediaProvider: Scanned internal due to REASON_DEMAND, found 0 items in 3ms, 0 inserts 0 updates 0 deletes
06-13 14:26:57.795288 13675 14452 D MediaScannerConnection: Scanned /data/debuglogger/mobilelog/APLog_2025_0613_142530__3/events_log_3__2025_0613_142656 to null
06-13 14:26:57.796662  2812  6513 W ModernMediaScanner: Failed to visit /data/debuglogger/mobilelog/APLog_2025_0613_142530__3/sys_log_4__2025_0613_142656: java.nio.file.AccessDeniedException: /data/debuglogger/mobilelog/APLog_2025_0613_142530__3/sys_log_4__2025_0613_142656
06-13 14:26:57.798934  2812  6513 I MediaProvider: Scanned internal due to REASON_DEMAND, found 0 items in 3ms, 0 inserts 0 updates 0 deletes
06-13 14:26:57.799438  2812  3936 W MediaProvider: isAppCloneUserPair for user 0: false
06-13 14:26:57.799875 13675 14452 D MediaScannerConnection: Scanned /data/debuglogger/mobilelog/APLog_2025_0613_142530__3/sys_log_4__2025_0613_142656 to null
06-13 14:26:57.800460  2812  3936 W MediaProvider: isAppCloneUserPair for user 0: false
06-13 14:26:57.801392  2812  6513 W ModernMediaScanner: Failed to visit /data/debuglogger/mobilelog/APLog_2025_0613_142530__3/crash_log_5__2025_0613_142656: java.nio.file.AccessDeniedException: /data/debuglogger/mobilelog/APLog_2025_0613_142530__3/crash_log_5__2025_0613_142656
06-13 14:26:57.803861  2812  6513 I MediaProvider: Scanned internal due to REASON_DEMAND, found 0 items in 3ms, 0 inserts 0 updates 0 deletes
06-13 14:26:57.804823 13675 14452 D MediaScannerConnection: Scanned /data/debuglogger/mobilelog/APLog_2025_0613_142530__3/crash_log_5__2025_0613_142656 to null
06-13 14:26:57.806531  2812  6513 W ModernMediaScanner: Failed to visit /data/debuglogger/mobilelog/APLog_2025_0613_142530__3/kernel_log_6__2025_0613_142656: java.nio.file.AccessDeniedException: /data/debuglogger/mobilelog/APLog_2025_0613_142530__3/kernel_log_6__2025_0613_142656
06-13 14:26:57.806630 15852 16588 D CopyExceptonDbService: fileName=properties
06-13 14:26:57.806663 15852 16588 D CopyExceptonDbService: filePath=/data/debuglogger/mobilelog/APLog_2025_0613_142530__3/properties
06-13 14:26:57.806861 20915 20977 I UriTaskContentObserver: (REDACTED) Throttling content uri change event for %s
06-13 14:26:57.809005  2812  6513 I MediaProvider: Scanned internal due to REASON_DEMAND, found 0 items in 3ms, 0 inserts 0 updates 0 deletes
06-13 14:26:57.809769 13675 14452 D MediaScannerConnection: Scanned /data/debuglogger/mobilelog/APLog_2025_0613_142530__3/kernel_log_6__2025_0613_142656 to null
06-13 14:26:57.811109  2812  6513 W ModernMediaScanner: Failed to visit /data/debuglogger/mobilelog/APLog_2025_0613_142530__3/atf_log_7__2025_0613_142656: java.nio.file.AccessDeniedException: /data/debuglogger/mobilelog/APLog_2025_0613_142530__3/atf_log_7__2025_0613_142656
06-13 14:26:57.811582  2812 19072 W MediaProvider: isAppCloneUserPair for user 0: false
06-13 14:26:57.811915   776   854 I libPerfCtl: xgfGetFPS pid:1723 fps:-1
06-13 14:26:57.812049   776   854 I libPerfCtl: xgfGetFPS pid:13675 fps:88
06-13 14:26:57.812122   776   854 I libPerfCtl: xgfGetFPS pid:16425 fps:-1
06-13 14:26:57.813633  2812  6513 I MediaProvider: Scanned internal due to REASON_DEMAND, found 0 items in 3ms, 0 inserts 0 updates 0 deletes
06-13 14:26:57.814474 13675 14452 D MediaScannerConnection: Scanned /data/debuglogger/mobilelog/APLog_2025_0613_142530__3/atf_log_7__2025_0613_142656 to null
06-13 14:26:57.816202  2812  6513 W ModernMediaScanner: Failed to visit /data/debuglogger/mobilelog/APLog_2025_0613_142530__3/gz_log_8__2025_0613_142656: java.nio.file.AccessDeniedException: /data/debuglogger/mobilelog/APLog_2025_0613_142530__3/gz_log_8__2025_0613_142656
06-13 14:26:57.816904 20915 20977 I UriTaskContentObserver: (REDACTED) Throttling content uri change event for %s
06-13 14:26:57.817301 15852 16588 D CopyExceptonDbService: fileName=pl_lk
06-13 14:26:57.817376 15852 16588 D CopyExceptonDbService: filePath=/data/debuglogger/mobilelog/APLog_2025_0613_142530__3/pl_lk
06-13 14:26:57.818698  2812  6513 I MediaProvider: Scanned internal due to REASON_DEMAND, found 0 items in 3ms, 0 inserts 0 updates 0 deletes
06-13 14:26:57.819366 13675 14452 D MediaScannerConnection: Scanned /data/debuglogger/mobilelog/APLog_2025_0613_142530__3/gz_log_8__2025_0613_142656 to null
06-13 14:26:57.820909  2812  6513 W ModernMediaScanner: Failed to visit /data/debuglogger/mobilelog/APLog_2025_0613_142530__3/bsp_log_9__2025_0613_142656: java.nio.file.AccessDeniedException: /data/debuglogger/mobilelog/APLog_2025_0613_142530__3/bsp_log_9__2025_0613_142656
06-13 14:26:57.822186  2812 21827 W MediaProvider: isAppCloneUserPair for user 0: false
06-13 14:26:57.823347  2812  6513 I MediaProvider: Scanned internal due to REASON_DEMAND, found 0 items in 3ms, 0 inserts 0 updates 0 deletes
06-13 14:26:57.824134 13675 14452 D MediaScannerConnection: Scanned /data/debuglogger/mobilelog/APLog_2025_0613_142530__3/bsp_log_9__2025_0613_142656 to null
06-13 14:26:57.825648  2812  6513 W ModernMediaScanner: Failed to visit /data/debuglogger/mobilelog/APLog_2025_0613_142530__3/scp_log_10__2025_0613_142656: java.nio.file.AccessDeniedException: /data/debuglogger/mobilelog/APLog_2025_0613_142530__3/scp_log_10__2025_0613_142656
06-13 14:26:57.827243 20915 20977 I UriTaskContentObserver: (REDACTED) Throttling content uri change event for %s
06-13 14:26:57.828328  2812  6513 I MediaProvider: Scanned internal due to REASON_DEMAND, found 0 items in 3ms, 0 inserts 0 updates 0 deletes
06-13 14:26:57.828737 15852 16588 D CopyExceptonDbService: fileName=bootprof
06-13 14:26:57.828784 15852 16588 D CopyExceptonDbService: filePath=/data/debuglogger/mobilelog/APLog_2025_0613_142530__3/bootprof
06-13 14:26:57.829041 13675 14452 D MediaScannerConnection: Scanned /data/debuglogger/mobilelog/APLog_2025_0613_142530__3/scp_log_10__2025_0613_142656 to null
06-13 14:26:57.830557  2812  6513 W ModernMediaScanner: Failed to visit /data/debuglogger/mobilelog/APLog_2025_0613_142530__3/sspm_log_11__2025_0613_142656: java.nio.file.AccessDeniedException: /data/debuglogger/mobilelog/APLog_2025_0613_142530__3/sspm_log_11__2025_0613_142656
06-13 14:26:57.833027  2812  6513 I MediaProvider: Scanned internal due to REASON_DEMAND, found 0 items in 3ms, 0 inserts 0 updates 0 deletes
06-13 14:26:57.833813 13675 14452 D MediaScannerConnection: Scanned /data/debuglogger/mobilelog/APLog_2025_0613_142530__3/sspm_log_11__2025_0613_142656 to null
06-13 14:26:57.833904  2812  3186 W MediaProvider: isAppCloneUserPair for user 0: false
06-13 14:26:57.835200  2812  6513 W ModernMediaScanner: Failed to visit /data/debuglogger/mobilelog/APLog_2025_0613_142530__3/main_log_1__2025_0613_142656: java.nio.file.AccessDeniedException: /data/debuglogger/mobilelog/APLog_2025_0613_142530__3/main_log_1__2025_0613_142656
06-13 14:26:57.837693  2812  6513 I MediaProvider: Scanned internal due to REASON_DEMAND, found 0 items in 3ms, 0 inserts 0 updates 0 deletes
06-13 14:26:57.838404 13675 14452 D MediaScannerConnection: Scanned /data/debuglogger/mobilelog/APLog_2025_0613_142530__3/main_log_1__2025_0613_142656 to null
06-13 14:26:57.838694 15852 16588 D CopyExceptonDbService: fileName=radio_log_2__2025_0613_142656
06-13 14:26:57.838742 15852 16588 D CopyExceptonDbService: filePath=/data/debuglogger/mobilelog/APLog_2025_0613_142530__3/radio_log_2__2025_0613_142656
06-13 14:26:57.839606 20915 20977 I UriTaskContentObserver: (REDACTED) Throttling content uri change event for %s
