06-13 14:28:08.791213   784   784 D SurfaceFlinger: Focus addInputWindowCommands timestamp=61821833520684, windowName=<null>
06-13 14:28:08.791264  1477  1523 W libprocessgroup: SetCgroup::ExecuteForProcess: failed to open /dev/blkio//cgroup.procs: No such file or directory
06-13 14:28:08.792702   784   784 D SurfaceFlinger: Find Focus windowName=<null>, notVisible=1
06-13 14:28:08.792755 15376 15376 D BufferQueueConsumer: [](id:3c1000000003,api:0,p:-1,c:15376) connect: controlledByApp=false
06-13 14:28:08.792826   784   784 D Layer   : Focus: com.android.systemui.wallpapers.ImageWallpaper#62 isHiddenByPolicy s.flags&layer_state_t::eLayerHidden=1
06-13 14:28:08.792840   784   784 D Layer   : Focus: isHiddenByPolicy parent com.android.systemui.wallpapers.ImageWallpaper#62 is hidden cause not visible
06-13 14:28:08.792867   784   784 D SurfaceFlinger: Focus inVisible Reason:isVisibleForInput(){hasInputInfo()?canReceiveInput():isVisible()}=0 has=1 can{!isHiddenByPolicy()&&(mBuffer==nullptr||getAlpha()>0.0f)}=0 Hidden=1 Buf=0 getA=1
06-13 14:28:08.793214   784  1153 D SurfaceFlinger: updateWinowInfo=1, setFocusedWindow timestamp=61821833520684, windowName=<null>
06-13 14:28:08.794902 15376 15685 E OpenGLRenderer: Unable to match the desired swap behavior.
06-13 14:28:08.797116   784  1985 E BufferQueueDebug: [com.android.launcher3/com.android.searchlauncher.SearchLauncher#3842](this:0xb40000707082a0f8,id:-1,api:0,p:-1,c:-1) id info cannot be read from 'com.android.launcher3/com.android.searchlauncher.SearchLauncher#3842'
06-13 14:28:08.797214   784  1985 I BufferQueueDebug: [com.android.launcher3/com.android.searchlauncher.SearchLauncher#3842](this:0xb40000707082a0f8,id:-1,api:0,p:-1,c:-1) BufferQueue core=(784:/system/bin/surfaceflinger)
06-13 14:28:08.801490 15376 15685 D BLASTBufferQueue: [VRI[0 fl=}]#3](f:0,a:1) acquireNextBufferLocked size=1080x2460 mFrameNumber=1 applyTransaction=true mTimestamp=61821852820760(auto) mPendingTransactions.size=0 graphicBufferId=66039417143319 transform=0
06-13 14:28:08.803623   784   975 E BufferQueueDebug: [Surface(name=bf528e StatusBar)/@0x3de8cd9 - animation-leash of insets_animation#3843](this:0xb4000070709300b8,id:-1,api:0,p:-1,c:-1) id info cannot be read from 'Surface(name=bf528e StatusBar)/@0x3de8cd9 - animation-leash of insets_animation#3843'
06-13 14:28:08.803842   784   975 I BufferQueueDebug: [Surface(name=bf528e StatusBar)/@0x3de8cd9 - animation-leash of insets_animation#3843](this:0xb4000070709300b8,id:-1,api:0,p:-1,c:-1) BufferQueue core=(784:/system/bin/surfaceflinger)
06-13 14:28:08.804072 15376 15376 I cnka    : onStart
06-13 14:28:08.805121   784   784 I BpBinder: onLastStrongRef automatically unlinking death recipients: 
06-13 14:28:08.806087   784  2106 E BufferQueueDebug: [Surface(name=92de9f8 NavigationBar0)/@0xd82469e - animation-leash of insets_animation#3844](this:0xb40000707088dba8,id:-1,api:0,p:-1,c:-1) id info cannot be read from 'Surface(name=92de9f8 NavigationBar0)/@0xd82469e - animation-leash of insets_animation#3844'
06-13 14:28:08.806107 15376 15376 I cljb    : (REDACTED) [%s] onStart()
06-13 14:28:08.806210 15376 15376 I cllc    : Reloading theme data
06-13 14:28:08.806236   784  2106 I BufferQueueDebug: [Surface(name=92de9f8 NavigationBar0)/@0xd82469e - animation-leash of insets_animation#3844](this:0xb40000707088dba8,id:-1,api:0,p:-1,c:-1) BufferQueue core=(784:/system/bin/surfaceflinger)
06-13 14:28:08.807968 15376 15376 I cnka    : onResume
06-13 14:28:08.811033  1989  1989 D BufferQueueConsumer: [](id:7c500000044,api:0,p:-1,c:1989) connect: controlledByApp=false
06-13 14:28:08.811416  1477  1509 D SurfaceComposerClient: Transaction::apply InputWindowCommands.focusRequests timestamp=61821862642914, windowName=90b7389 com.android.launcher3/com.android.searchlauncher.SearchLauncher
06-13 14:28:08.813093  1989  3014 E OpenGLRenderer: Unable to match the desired swap behavior.
06-13 14:28:08.815282   784   784 D SurfaceFlinger: Focus addInputWindowCommands timestamp=61821862642914, windowName=90b7389 com.android.launcher3/com.android.searchlauncher.SearchLauncher
06-13 14:28:08.816005   784   784 I BufferQueueDebug: [(1-1)-Window{308d13a alpha=1.0 fl=}#3701](this:0xb4000070708e6018,id:-1,api:0,p:-1,c:784) onDestructor()
06-13 14:28:08.817825   784   784 D SurfaceFlinger: Find Focus windowName=90b7389 com.android.launcher3/com.android.searchlauncher.SearchLauncher, notVisible=1
06-13 14:28:08.817903   784   784 D Layer   : Focus: Task=1#46 isHiddenByPolicy s.flags&layer_state_t::eLayerHidden=1
06-13 14:28:08.817915   784   784 D Layer   : Focus: isHiddenByPolicy parent Task=1#46 is hidden cause not visible
06-13 14:28:08.817942   784   784 D SurfaceFlinger: Focus inVisible Reason:isVisibleForInput(){hasInputInfo()?canReceiveInput():isVisible()}=0 has=1 can{!isHiddenByPolicy()&&(mBuffer==nullptr||getAlpha()>0.0f)}=0 Hidden=1 Buf=1 getA=1
06-13 14:28:08.818784   784  1153 D SurfaceFlinger: updateWinowInfo=1, setFocusedWindow timestamp=61821862642914, windowName=90b7389 com.android.launcher3/com.android.searchlauncher.SearchLauncher
06-13 14:28:08.823518  1723  1723 I vol.VolumeDialogImpl: mDialog.dismiss() reason: volume_controller from: com.android.systemui.volume.VolumeDialogImpl$7.onDismissRequested:3
06-13 14:28:08.823877  1723  1723 D vol.VolumeDialogImpl: dismissH: skipping dismiss because isAnimatingDismiss is true and showingStateInconsistent is false
06-13 14:28:08.826513   784   784 I BufferQueueDebug: [Surface(name=bf528e StatusBar)/@0x3de8cd9 - animation-leash of insets_animation#3826](this:0xb400007070888088,id:-1,api:0,p:-1,c:784) onDestructor()
06-13 14:28:08.826668   784   784 I BufferQueueDebug: [Surface(name=92de9f8 NavigationBar0)/@0xd82469e - animation-leash of insets_animation#3827](this:0xb400007070932e48,id:-1,api:0,p:-1,c:784) onDestructor()
06-13 14:28:08.827364  1989  3014 D BLASTBufferQueue: [VRI[SearchLauncher]#53](f:0,a:1) acquireNextBufferLocked size=1080x2460 mFrameNumber=1 applyTransaction=true mTimestamp=61821879116453(auto) mPendingTransactions.size=0 graphicBufferId=8542689952379 transform=0
06-13 14:28:08.832910  6469  6469 D BoundBrokerSvc: onBind: Intent { act=com.google.android.gms.inappreach.service.START dat=chimera-action:/... cmp=com.google.android.gms/.chimera.GmsApiService }
06-13 14:28:08.833009  6469  6469 D BoundBrokerSvc: Loading bound service for intent: Intent { act=com.google.android.gms.inappreach.service.START dat=chimera-action:/... cmp=com.google.android.gms/.chimera.GmsApiService }
06-13 14:28:08.836041   784   975 E BufferQueueDebug: [Transition Root: Task=1#3845](this:0xb400007070932e48,id:-1,api:0,p:-1,c:-1) id info cannot be read from 'Transition Root: Task=1#3845'
06-13 14:28:08.836360   784   975 I BufferQueueDebug: [Transition Root: Task=1#3845](this:0xb400007070932e48,id:-1,api:0,p:-1,c:-1) BufferQueue core=(784:/system/bin/surfaceflinger)
06-13 14:28:08.841144  1989  2036 D QuickstepModelDelegate: notifyAppTargetEvent action=1 launchLocation=workspace/0/[-1,-1]/[1,1]
06-13 14:28:08.841633   784   784 E BufferQueueDebug: [Screenshot Parent#3846](this:0xb4000070708e6018,id:-1,api:0,p:-1,c:-1) id info cannot be read from 'Screenshot Parent#3846'
06-13 14:28:08.841772   784   784 I BufferQueueDebug: [Screenshot Parent#3846](this:0xb4000070708e6018,id:-1,api:0,p:-1,c:-1) BufferQueue core=(784:/system/bin/surfaceflinger)
06-13 14:28:08.848949   784   784 I BufferQueueDebug: [Screenshot Parent#3846](this:0xb4000070708e6018,id:-1,api:0,p:-1,c:784) onDestructor()
06-13 14:28:08.854585   784   975 E BufferQueueDebug: [130527e ActivityRecordInputSink com.android.launcher3/com.android.searchlauncher.SearchLauncher#3847](this:0xb4000070708d7c48,id:-1,api:0,p:-1,c:-1) id info cannot be read from '130527e ActivityRecordInputSink com.android.launcher3/com.android.searchlauncher.SearchLauncher#3847'
06-13 14:28:08.854721   784   975 I BufferQueueDebug: [130527e ActivityRecordInputSink com.android.launcher3/com.android.searchlauncher.SearchLauncher#3847](this:0xb4000070708d7c48,id:-1,api:0,p:-1,c:-1) BufferQueue core=(784:/system/bin/surfaceflinger)
06-13 14:28:08.858463  1477  2030 I PowerHalWrapper: amsBoostStop AMS_BOOST_PACK_SWITCH:true, AMS_BOOST_ACT_SWITCH:false, AMS_BOOST_PROCESS_CREATE:false 
06-13 14:28:08.858534   776   817 I mtkpower@impl: [setMode] type:5, enabled:0
06-13 14:28:08.858690   776   816 I mtkpower@impl: [mtkPowerHint] hint:22, hold:500, ext:0, ext_hold:0
06-13 14:28:08.858997   784   975 E BufferQueueDebug: [Surface(name=Task=1)/@0xec2204a_transition-leash#3848](this:0xb400007070879cb8,id:-1,api:0,p:-1,c:-1) id info cannot be read from 'Surface(name=Task=1)/@0xec2204a_transition-leash#3848'
06-13 14:28:08.859109   784   975 I BufferQueueDebug: [Surface(name=Task=1)/@0xec2204a_transition-leash#3848](this:0xb400007070879cb8,id:-1,api:0,p:-1,c:-1) BufferQueue core=(784:/system/bin/surfaceflinger)
06-13 14:28:08.859244   776   871 I libPowerHal: [perfLockRel] hdl:2455, idx:0
06-13 14:28:08.860684   784  2106 E BufferQueueDebug: [Surface(name=Task=70)/@0xbbbd8d8_transition-leash#3849](this:0xb4000070708e6018,id:-1,api:0,p:-1,c:-1) id info cannot be read from 'Surface(name=Task=70)/@0xbbbd8d8_transition-leash#3849'
06-13 14:28:08.860823   784  2106 I BufferQueueDebug: [Surface(name=Task=70)/@0xbbbd8d8_transition-leash#3849](this:0xb4000070708e6018,id:-1,api:0,p:-1,c:-1) BufferQueue core=(784:/system/bin/surfaceflinger)
06-13 14:28:08.861737   784   975 E BufferQueueDebug: [Surface(name=WallpaperWindowToken{c966cfc token=android.os.Binder@f72a6ce})/@0xd09f716_transition-leash#3850](this:0xb4000070708c9878,id:-1,api:0,p:-1,c:-1) id info cannot be read from 'Surface(name=WallpaperWindowToken{c966cfc token=android.os.Binder@f72a6ce})/@0xd09f716_transition-leash#3850'
06-13 14:28:08.861857   784   975 I BufferQueueDebug: [Surface(name=WallpaperWindowToken{c966cfc token=android.os.Binder@f72a6ce})/@0xd09f716_transition-leash#3850](this:0xb4000070708c9878,id:-1,api:0,p:-1,c:-1) BufferQueue core=(784:/system/bin/surfaceflinger)
06-13 14:28:08.862304   776   871 I libPowerHal: [perfLockAcq] idx:2 hdl:2457 hint:22 pid:776 duration:500 lock_user:mtkpower@1.0-se => ret_hdl:2457
06-13 14:28:08.865419   776   871 I libPowerHal: [perfLockRel] hdl:2456, idx:1
06-13 14:28:08.900639  1477  2030 I ImeTracker: com.android.launcher3:a2d12949: onRequestHide at ORIGIN_SERVER_HIDE_INPUT reason HIDE_UNSPECIFIED_WINDOW
06-13 14:28:08.900848  1477  2030 I ImeTracker: com.android.launcher3:a2d12949: onCancelled at PHASE_SERVER_SHOULD_HIDE
06-13 14:28:08.903061 27466 27466 I GoogleInputMethodService: GoogleInputMethodService.onFinishInput():1984 
06-13 14:28:08.903827   784   975 E BufferQueueDebug: [Surface(name=cb3d52a InputMethod)/@0x6dc8b8 - animation-leash of insets_animation#3851](this:0xb400007070888088,id:-1,api:0,p:-1,c:-1) id info cannot be read from 'Surface(name=cb3d52a InputMethod)/@0x6dc8b8 - animation-leash of insets_animation#3851'
06-13 14:28:08.903905 27466 27466 I Module  : DeviceLockedStatusModuleProvider$Module.updateDeviceLockedStatus():100 repeatCheckTimes = 0, locked = false
06-13 14:28:08.904016   784   975 I BufferQueueDebug: [Surface(name=cb3d52a InputMethod)/@0x6dc8b8 - animation-leash of insets_animation#3851](this:0xb400007070888088,id:-1,api:0,p:-1,c:-1) BufferQueue core=(784:/system/bin/surfaceflinger)
06-13 14:28:08.904566 27466 27466 I GoogleInputMethodService: GoogleInputMethodService.onStartInput():1248 onStartInput(EditorInfo{EditorInfo{packageName=com.android.launcher3, inputType=0, inputTypeString=NULL, enableLearning=false, autoCorrection=false, autoComplete=false, imeOptions=0, privateImeOptions=null, actionName=UNSPECIFIED, actionLabel=null, initialSelStart=-1, initialSelEnd=-1, initialCapsMode=0, label=null, fieldId=0, fieldName=null, extras=null, hintText=null, hintLocales=[]}}, false)
06-13 14:28:08.905441 27466 27466 I Module  : DeviceLockedStatusModuleProvider$Module.updateDeviceLockedStatus():100 repeatCheckTimes = 1, locked = false
06-13 14:28:08.928451   784   784 I BufferQueueDebug: [Surface(name=cb3d52a InputMethod)/@0x6dc8b8 - animation-leash of insets_animation#3834](this:0xb40000707085d518,id:-1,api:0,p:-1,c:784) onDestructor()
06-13 14:28:09.011475  1090  1228 D AAL     : 06-13 02:28:08.967 BL= 742,ESS= 256, 06-13 02:28:08.977 BL= 741,ESS= 256, 06-13 02:28:08.988 BL= 739,ESS= 256, 06-13 02:28:09.000 BL= 737,ESS= 256, 06-13 02:28:09.011 BL= 736,ESS= 256, 
06-13 14:28:09.060779  1477  1508 I PowerHalWrapper: amsBoostNotify pid:13675,activity:com.debug.loggerui.MainActivity, package:com.debug.loggerui, mProcessCreatePackcom.mediatek.engineermode 
06-13 14:28:09.060825  1477  1508 I PowerHalWrapper: state: 0 
06-13 14:28:09.061088  1477  1508 I mtkpower_client: [Legacy][PowerHal_Wrap_notifyAppState] com.debug.loggerui/com.debug.loggerui.MainActivity pid=13675 state:0
06-13 14:28:09.061515  1477  1508 I PowerHalWrapper: amsBoostNotify AMS_BOOST_PROCESS_CREATE_BOOST:false 
06-13 14:28:09.061529   776   871 I libPowerHal: [perfNotifyAppState] pack:com.debug.loggerui, act:com.debug.loggerui.MainActivity, state:0, pid:13675, uid:10174, fps:-1
06-13 14:28:09.066887  1477  5236 I GED     : ged_boost_gpu_freq, level 100, eOrigin 2, final_idx 31, oppidx_max 31, oppidx_min 0
06-13 14:28:09.070528 13675 13689 I GED     : ged_boost_gpu_freq, level 100, eOrigin 2, final_idx 31, oppidx_max 31, oppidx_min 0
06-13 14:28:09.077024   784   784 I BufferQueueDebug: [Transition Root: Task=1#3845](this:0xb400007070932e48,id:-1,api:0,p:-1,c:784) onDestructor()
06-13 14:28:09.082119 13675 13675 D BLASTBufferQueue: [VRI[MainActivity]#29](f:0,a:2) destructor()
06-13 14:28:09.082286 13675 13675 D BufferQueueConsumer: [VRI[MainActivity]#29(BLAST Consumer)29](id:356b0000001d,api:0,p:-1,c:13675) disconnect
06-13 14:28:09.084444 13675 13689 I GED     : ged_boost_gpu_freq, level 100, eOrigin 2, final_idx 31, oppidx_max 31, oppidx_min 0
06-13 14:28:09.085643 13675 13675 I DebugLoggerUI/MainActivity: onStop
06-13 14:28:09.086165   784   784 I BufferQueueDebug: [e06ca2 ActivityRecordInputSink com.debug.loggerui/.MainActivity#3829](this:0xb4000070708ee8c8,id:-1,api:0,p:-1,c:784) onDestructor()
06-13 14:28:09.108774   784   784 I BufferQueueDebug: [com.debug.loggerui/com.debug.loggerui.MainActivity#3825](this:0xb4000070708ffa28,id:-1,api:0,p:-1,c:784) onDestructor()
06-13 14:28:09.124336  1090  1228 D AAL     : 06-13 02:28:09.022 BL= 734,ESS= 256, 06-13 02:28:09.045 BL= 733,ESS= 256, 06-13 02:28:09.056 BL= 732,ESS= 256, 06-13 02:28:09.112 BL= 731,ESS= 256, 06-13 02:28:09.124 BL= 730,ESS= 256, 
06-13 14:28:09.181387  1090  1228 D AAL     : 06-13 02:28:09.135 BL= 729,ESS= 256, 06-13 02:28:09.146 BL= 728,ESS= 256, 06-13 02:28:09.158 BL= 727,ESS= 256, 06-13 02:28:09.181 BL= 726,ESS= 256, 06-13 02:28:09.181 BL= 725,ESS= 256, 
06-13 14:28:09.196312   771  1649 I android.hardware.usb@1.2-service-mediatekv2: uevent_event change@/devices/platform/11007000.i2c0/i2c-0/0-0064/power_supply/cw-bat
06-13 14:28:09.196510   771  1649 I android.hardware.usb@1.2-service-mediatekv2: uevent_event change@/devices/platform/11007000.i2c0/i2c-0/0-0064/power_supply/cw-bat
06-13 14:28:09.196655   771  1649 I android.hardware.usb@1.2-service-mediatekv2: uevent_event change@/devices/platform/11007000.i2c0/i2c-0/0-0064/power_supply/cw-bat
06-13 14:28:09.196784   771  1649 I android.hardware.usb@1.2-service-mediatekv2: uevent_event change@/devices/platform/11007000.i2c0/i2c-0/0-0064/power_supply/cw-bat
06-13 14:28:09.196883   771  1649 I android.hardware.usb@1.2-service-mediatekv2: uevent_event change@/devices/platform/11007000.i2c0/i2c-0/0-0064/power_supply/cw-bat
06-13 14:28:09.196977   771  1649 I android.hardware.usb@1.2-service-mediatekv2: uevent_event change@/devices/platform/11007000.i2c0/i2c-0/0-0064/power_supply/cw-bat
06-13 14:28:09.197108   771  1649 I android.hardware.usb@1.2-service-mediatekv2: uevent_event change@/devices/platform/11007000.i2c0/i2c-0/0-0064/power_supply/cw-bat
06-13 14:28:09.197204   771  1649 I android.hardware.usb@1.2-service-mediatekv2: uevent_event change@/devices/platform/11007000.i2c0/i2c-0/0-0064/power_supply/cw-bat
06-13 14:28:09.197298   771  1649 I android.hardware.usb@1.2-service-mediatekv2: uevent_event change@/devices/platform/11007000.i2c0/i2c-0/0-0064/power_supply/cw-bat
06-13 14:28:09.197417   771  1649 I android.hardware.usb@1.2-service-mediatekv2: uevent_event change@/devices/platform/11007000.i2c0/i2c-0/0-0064/power_supply/cw-bat
06-13 14:28:09.197535   771  1649 I android.hardware.usb@1.2-service-mediatekv2: uevent_event change@/devices/platform/11007000.i2c0/i2c-0/0-0064/power_supply/cw-bat
06-13 14:28:09.197631   771  1649 I android.hardware.usb@1.2-service-mediatekv2: uevent_event change@/devices/platform/11007000.i2c0/i2c-0/0-0064/power_supply/cw-bat
06-13 14:28:09.197749   771  1649 I android.hardware.usb@1.2-service-mediatekv2: uevent_event change@/devices/platform/11007000.i2c0/i2c-0/0-0064/power_supply/cw-bat
06-13 14:28:09.197868   771  1649 I android.hardware.usb@1.2-service-mediatekv2: uevent_event change@/devices/platform/11007000.i2c0/i2c-0/0-0064/power_supply/cw-bat
06-13 14:28:09.247938  1477  1477 E PriBatteryTemperatureService: onReceive SHOW_STOP_CHARGING_TIPS=false,SHUTDOWN_BATTERY_HIGH_TEMP=600,SHUTDOWN_BATTERY_LOW_TEMP=-250,temperature=305
06-13 14:28:09.248541  1090  1228 D AAL     : 06-13 02:28:09.192 BL= 724,ESS= 256, 06-13 02:28:09.203 BL= 723,ESS= 256, 06-13 02:28:09.214 BL= 722,ESS= 256, 06-13 02:28:09.237 BL= 721,ESS= 256, 06-13 02:28:09.248 BL= 720,ESS= 256, 
06-13 14:28:09.249288  1723  1723 I PowerUI : onReceive: mBatteryLevel = 10:plugged=trueisShutDialogShow:falseON:false
06-13 14:28:09.277860   784   784 I BufferQueueProducer: [StatusBar#79](this:0xb400007070854c68,id:-1,api:0,p:-1,c:784) queueBuffer: fps=0.12 dur=8175.15 max=8175.15 min=8175.15
06-13 14:28:09.304882  1090  1228 D AAL     : 06-13 02:28:09.259 BL= 719,ESS= 256, 06-13 02:28:09.270 BL= 718,ESS= 256, 06-13 02:28:09.282 BL= 717,ESS= 256, 06-13 02:28:09.293 BL= 716,ESS= 256, 06-13 02:28:09.304 BL= 715,ESS= 256, 
06-13 14:28:09.361246  1090  1228 D AAL     : 06-13 02:28:09.316 BL= 714,ESS= 256, 06-13 02:28:09.327 BL= 713,ESS= 256, 06-13 02:28:09.350 BL= 712,ESS= 256, 06-13 02:28:09.350 BL= 711,ESS= 256, 06-13 02:28:09.361 BL= 710,ESS= 256, 
06-13 14:28:09.363000   776   871 I mtkpower@impl: [powerd_req] TIMER_MSG_PERF_LOCK_TIMEOUT hdl:2457
06-13 14:28:09.363057   776   871 I libPowerHal: [perfLockRel] hdl:2457, idx:2
06-13 14:28:09.363341   776   871 I libPowerHal: MTKPOWER_HINT_PACK_SWITCH: cpu_ctrl set cpu freq: -1 -1 -1 -1
06-13 14:28:09.363407   776   871 I libPowerHal: [PD] MTKPOWER_HINT_PACK_SWITCH update cmd:1000000, param:-1
06-13 14:28:09.363499   776   871 I libPowerHal: [PD] MTKPOWER_HINT_PACK_SWITCH update cmd:1408300 param:0
06-13 14:28:09.364092   776   871 I libPowerHal: [PD] MTKPOWER_HINT_PACK_SWITCH update cmd:1000000 param:-1
06-13 14:28:09.429541  1090  1228 D AAL     : 06-13 02:28:09.373 BL= 709,ESS= 256, 06-13 02:28:09.384 BL= 708,ESS= 256, 06-13 02:28:09.407 BL= 707,ESS= 256, 06-13 02:28:09.418 BL= 706,ESS= 256, 06-13 02:28:09.429 BL= 705,ESS= 256, 
06-13 14:28:09.485905  1090  1228 D AAL     : 06-13 02:28:09.440 BL= 704,ESS= 256, 06-13 02:28:09.452 BL= 703,ESS= 256, 06-13 02:28:09.463 BL= 702,ESS= 256, 06-13 02:28:09.474 BL= 701,ESS= 256, 06-13 02:28:09.485 BL= 700,ESS= 256, 
06-13 14:28:09.542276  1090  1228 D AAL     : 06-13 02:28:09.497 BL= 699,ESS= 256, 06-13 02:28:09.508 BL= 698,ESS= 256, 06-13 02:28:09.519 BL= 697,ESS= 256, 06-13 02:28:09.531 BL= 696,ESS= 256, 06-13 02:28:09.542 BL= 695,ESS= 256, 
06-13 14:28:09.610156  1090  1228 D AAL     : 06-13 02:28:09.553 BL= 694,ESS= 256, 06-13 02:28:09.576 BL= 693,ESS= 256, 06-13 02:28:09.587 BL= 692,ESS= 256, 06-13 02:28:09.598 BL= 691,ESS= 256, 06-13 02:28:09.610 BL= 690,ESS= 256, 
06-13 14:28:09.666496  1090  1228 D AAL     : 06-13 02:28:09.621 BL= 689,ESS= 256, 06-13 02:28:09.632 BL= 688,ESS= 256, 06-13 02:28:09.643 BL= 687,ESS= 256, 06-13 02:28:09.655 BL= 686,ESS= 256, 06-13 02:28:09.666 BL= 685,ESS= 256, 
06-13 14:28:09.722784   776   854 I libPerfCtl: xgfGetFPS pid:1723 fps:85
06-13 14:28:09.722849  1090  1228 D AAL     : 06-13 02:28:09.677 BL= 684,ESS= 256, 06-13 02:28:09.688 BL= 683,ESS= 256, 06-13 02:28:09.700 BL= 682,ESS= 256, 06-13 02:28:09.711 BL= 681,ESS= 256, 06-13 02:28:09.722 BL= 680,ESS= 256, 
06-13 14:28:09.723033   776   854 I libPerfCtl: xgfGetFPS pid:1989 fps:73
06-13 14:28:09.723079   776   854 I libPowerHal: [updateFPS] pid(1989) : -1 => 90
06-13 14:28:09.723694   776   871 I libPowerHal: [perfNotifyAppState] pack:com.android.launcher3, act:com.android.searchlauncher.SearchLauncher, state:5, pid:1989, uid:1000, fps:90
06-13 14:28:09.724299   776   871 I UxUtility: notifyForegroundApp pack:com.android.launcher3, uid:1000
06-13 14:28:09.724403   776   871 I TouchUtility: notifyAppState error = NULL
06-13 14:28:09.724795   776   854 I libPerfCtl: xgfGetFPS pid:15376 fps:-1
06-13 14:28:09.790432  1090  1228 D AAL     : 06-13 02:28:09.745 BL= 679,ESS= 256, 06-13 02:28:09.756 BL= 678,ESS= 256, 06-13 02:28:09.767 BL= 677,ESS= 256, 06-13 02:28:09.779 BL= 676,ESS= 256, 06-13 02:28:09.790 BL= 675,ESS= 256, 
06-13 14:28:09.846947  1090  1228 D AAL     : 06-13 02:28:09.801 BL= 674,ESS= 256, 06-13 02:28:09.812 BL= 673,ESS= 256, 06-13 02:28:09.824 BL= 672,ESS= 256, 06-13 02:28:09.835 BL= 671,ESS= 256, 06-13 02:28:09.846 BL= 670,ESS= 256, 
06-13 14:28:09.903359  1090  1228 D AAL     : 06-13 02:28:09.858 BL= 669,ESS= 256, 06-13 02:28:09.869 BL= 668,ESS= 256, 06-13 02:28:09.880 BL= 667,ESS= 256, 06-13 02:28:09.892 BL= 666,ESS= 256, 06-13 02:28:09.903 BL= 665,ESS= 256, 
06-13 14:28:09.971097  1090  1228 D AAL     : 06-13 02:28:09.925 BL= 664,ESS= 256, 06-13 02:28:09.937 BL= 663,ESS= 256, 06-13 02:28:09.948 BL= 662,ESS= 256, 06-13 02:28:09.959 BL= 661,ESS= 256, 06-13 02:28:09.971 BL= 660,ESS= 256, 
06-13 14:28:10.027709  1090  1228 D AAL     : 06-13 02:28:09.982 BL= 659,ESS= 256, 06-13 02:28:09.993 BL= 658,ESS= 256, 06-13 02:28:10.004 BL= 657,ESS= 256, 06-13 02:28:10.016 BL= 656,ESS= 256, 06-13 02:28:10.027 BL= 655,ESS= 256, 
06-13 14:28:10.095238  1090  1228 D AAL     : 06-13 02:28:10.038 BL= 654,ESS= 256, 06-13 02:28:10.050 BL= 653,ESS= 256, 06-13 02:28:10.061 BL= 652,ESS= 256, 06-13 02:28:10.072 BL= 651,ESS= 256, 06-13 02:28:10.095 BL= 650,ESS= 256, 
06-13 14:28:10.140048  1090  1228 D AAL     : 06-13 02:28:10.106 BL= 649,ESS= 256, 06-13 02:28:10.117 BL= 648,ESS= 256, 
06-13 14:28:10.723296   776   854 I libPerfCtl: xgfGetFPS pid:1723 fps:-1
06-13 14:28:10.723890   776   854 I libPerfCtl: xgfGetFPS pid:1989 fps:-1
06-13 14:28:10.724125   776   854 I libPowerHal: [updateFPS] pid(1989) : 90 => -1
06-13 14:28:10.724835   776   871 I libPowerHal: [perfNotifyAppState] pack:com.android.launcher3, act:com.android.searchlauncher.SearchLauncher, state:5, pid:1989, uid:1000, fps:-1
06-13 14:28:10.725387   776   871 I UxUtility: notifyForegroundApp pack:com.android.launcher3, uid:1000
06-13 14:28:10.725442   776   871 I TouchUtility: notifyAppState error = NULL
06-13 14:28:10.725892   776   854 I libPerfCtl: xgfGetFPS pid:15376 fps:-1
06-13 14:28:11.723888   776   854 I libPerfCtl: xgfGetFPS pid:1723 fps:-1
06-13 14:28:11.724289   776   854 I libPerfCtl: xgfGetFPS pid:1989 fps:-1
06-13 14:28:11.724476   776   854 I libPerfCtl: xgfGetFPS pid:15376 fps:-1
06-13 14:28:12.275870  1083  1083 I thermal_repeater: [recvMdThermalInfo] ret=33, strLen=127,  2, 32767, -127, 111, 32767, 4046
06-13 14:28:12.724214   776   854 I libPerfCtl: xgfGetFPS pid:1723 fps:-1
06-13 14:28:12.724615   776   854 I libPerfCtl: xgfGetFPS pid:1989 fps:-1
06-13 14:28:12.724905   776   854 I libPerfCtl: xgfGetFPS pid:15376 fps:-1
06-13 14:28:13.676946  1723  1723 D WifiSignalController: isWifi6: false,wifiVisible: true
06-13 14:28:13.677321  1723  1723 D WifiSignalController: iconId: 2131233834
06-13 14:28:13.722505   784   784 I BufferQueueProducer: [StatusBar#79](this:0xb400007070854c68,id:-1,api:0,p:-1,c:784) queueBuffer: fps=0.22 dur=4444.62 max=4444.62 min=4444.62
06-13 14:28:13.724416   776   854 I libPerfCtl: xgfGetFPS pid:1723 fps:-1
06-13 14:28:13.724805   776   854 I libPerfCtl: xgfGetFPS pid:1989 fps:-1
06-13 14:28:13.725007   776   854 I libPerfCtl: xgfGetFPS pid:15376 fps:-1
06-13 14:28:13.725504   764  1020 I hwcomposer: [HWCDisplay] [Display_0 (type:1)] fps:6.958773,dur:5317.03,max:4446.18,min:7.95  
06-13 14:28:13.761499   784  1140 D SurfaceFlinger: MtkOverrideDuration: update vsync 60
06-13 14:28:13.761610   784  1140 E SurfaceFlinger: MtkDuration override mode is disabled
06-13 14:28:13.761638   784  1140 D SurfaceFlinger: MtkOverrideDuration: reset override duration
06-13 14:28:13.773267   764  1020 I hwcomposer: [HWC] (0) displaySetActiveConfig config:0  
06-13 14:28:13.984428   771  1649 I android.hardware.usb@1.2-service-mediatekv2: uevent_event change@/devices/virtual/misc/cpu_loading
06-13 14:28:13.984892   771  1649 I android.hardware.usb@1.2-service-mediatekv2: uevent_event change@/devices/virtual/misc/cpu_loading
06-13 14:28:13.985236   771  1649 I android.hardware.usb@1.2-service-mediatekv2: uevent_event change@/devices/virtual/misc/cpu_loading
06-13 14:28:13.985570   771  1649 I android.hardware.usb@1.2-service-mediatekv2: uevent_event change@/devices/virtual/misc/cpu_loading
06-13 14:28:13.985899   771  1649 I android.hardware.usb@1.2-service-mediatekv2: uevent_event change@/devices/virtual/misc/cpu_loading
06-13 14:28:13.986228   771  1649 I android.hardware.usb@1.2-service-mediatekv2: uevent_event change@/devices/virtual/misc/cpu_loading
06-13 14:28:13.986557   771  1649 I android.hardware.usb@1.2-service-mediatekv2: uevent_event change@/devices/virtual/misc/cpu_loading
06-13 14:28:13.986887   771  1649 I android.hardware.usb@1.2-service-mediatekv2: uevent_event change@/devices/virtual/misc/cpu_loading
06-13 14:28:13.987215   771  1649 I android.hardware.usb@1.2-service-mediatekv2: uevent_event change@/devices/virtual/misc/cpu_loading
06-13 14:28:13.987542   771  1649 I android.hardware.usb@1.2-service-mediatekv2: uevent_event change@/devices/virtual/misc/cpu_loading
06-13 14:28:13.988625   771  1649 I android.hardware.usb@1.2-service-mediatekv2: uevent_event change@/devices/virtual/misc/cpu_loading
06-13 14:28:14.406114   784  1145 D SurfaceFlinger: calculateTimeoutTime, triggerInterval = 5 sec + 414092385 nsec
06-13 14:28:14.417520   771  1649 I android.hardware.usb@1.2-service-mediatekv2: uevent_event change@/devices/platform/battery/power_supply/battery
06-13 14:28:14.417729   771  1649 I android.hardware.usb@1.2-service-mediatekv2: uevent_event change@/devices/platform/battery/power_supply/battery
06-13 14:28:14.417851   771  1649 I android.hardware.usb@1.2-service-mediatekv2: uevent_event change@/devices/platform/battery/power_supply/battery
06-13 14:28:14.417967   771  1649 I android.hardware.usb@1.2-service-mediatekv2: uevent_event change@/devices/platform/battery/power_supply/battery
06-13 14:28:14.418084   771  1649 I android.hardware.usb@1.2-service-mediatekv2: uevent_event change@/devices/platform/battery/power_supply/battery
06-13 14:28:14.418211   771  1649 I android.hardware.usb@1.2-service-mediatekv2: uevent_event change@/devices/platform/battery/power_supply/battery
06-13 14:28:14.418354   771  1649 I android.hardware.usb@1.2-service-mediatekv2: uevent_event change@/devices/platform/battery/power_supply/battery
06-13 14:28:14.418497   771  1649 I android.hardware.usb@1.2-service-mediatekv2: uevent_event change@/devices/platform/battery/power_supply/battery
06-13 14:28:14.418639   771  1649 I android.hardware.usb@1.2-service-mediatekv2: uevent_event change@/devices/platform/battery/power_supply/battery
06-13 14:28:14.418780   771  1649 I android.hardware.usb@1.2-service-mediatekv2: uevent_event change@/devices/platform/battery/power_supply/battery
06-13 14:28:14.418921   771  1649 I android.hardware.usb@1.2-service-mediatekv2: uevent_event change@/devices/platform/battery/power_supply/battery
06-13 14:28:14.419063   771  1649 I android.hardware.usb@1.2-service-mediatekv2: uevent_event change@/devices/platform/battery/power_supply/battery
06-13 14:28:14.419204   771  1649 I android.hardware.usb@1.2-service-mediatekv2: uevent_event change@/devices/platform/battery/power_supply/battery
06-13 14:28:14.419345   771  1649 I android.hardware.usb@1.2-service-mediatekv2: uevent_event change@/devices/platform/battery/power_supply/battery
06-13 14:28:14.419488   771  1649 I android.hardware.usb@1.2-service-mediatekv2: uevent_event change@/devices/platform/battery/power_supply/battery
06-13 14:28:14.419629   771  1649 I android.hardware.usb@1.2-service-mediatekv2: uevent_event change@/devices/platform/battery/power_supply/battery
06-13 14:28:14.419845   771  1649 I android.hardware.usb@1.2-service-mediatekv2: uevent_event change@/devices/platform/battery/power_supply/battery
06-13 14:28:14.419997   771  1649 I android.hardware.usb@1.2-service-mediatekv2: uevent_event change@/devices/platform/battery/power_supply/battery
06-13 14:28:14.420143   771  1649 I android.hardware.usb@1.2-service-mediatekv2: uevent_event change@/devices/platform/battery/power_supply/battery
06-13 14:28:14.420287   771  1649 I android.hardware.usb@1.2-service-mediatekv2: uevent_event change@/devices/platform/battery/power_supply/battery
06-13 14:28:14.420436   771  1649 I android.hardware.usb@1.2-service-mediatekv2: uevent_event change@/devices/platform/battery/power_supply/battery
06-13 14:28:14.686212 20915 16412 I NetworkScheduler.Stats: (REDACTED) Task %s/%s started execution. cause:%s exec_start_elapsed_seconds: %s
06-13 14:28:14.687596  6469  6487 W BinderCallGmsPrvdr: Found invalid Chimera context. Getting Best guess RequestContext from trace. [CONTEXT service_id=357 ]
06-13 14:28:14.694775 20915 16627 I NetworkScheduler.Stats: (REDACTED) Task %s/%s finished executing. cause:%s result: %s elapsed_millis: %s uptime_millis: %s exec_start_elapsed_seconds: %s
06-13 14:28:14.724952   776   854 I libPerfCtl: xgfGetFPS pid:1723 fps:-1
06-13 14:28:14.725123   776   854 I libPerfCtl: xgfGetFPS pid:1989 fps:-1
06-13 14:28:14.725191   776   854 I libPerfCtl: xgfGetFPS pid:15376 fps:-1
06-13 14:28:15.725251   776   854 I libPerfCtl: xgfGetFPS pid:1723 fps:-1
06-13 14:28:15.725444   776   854 I libPerfCtl: xgfGetFPS pid:1989 fps:-1
06-13 14:28:15.725512   776   854 I libPerfCtl: xgfGetFPS pid:15376 fps:-1
06-13 14:28:15.802876   771  1649 I android.hardware.usb@1.2-service-mediatekv2: uevent_event change@/devices/platform/battery/power_supply/battery
06-13 14:28:15.803355   771  1649 I android.hardware.usb@1.2-service-mediatekv2: uevent_event change@/devices/platform/battery/power_supply/battery
06-13 14:28:15.803694   771  1649 I android.hardware.usb@1.2-service-mediatekv2: uevent_event change@/devices/platform/battery/power_supply/battery
06-13 14:28:15.803972   771  1649 I android.hardware.usb@1.2-service-mediatekv2: uevent_event change@/devices/platform/battery/power_supply/battery
06-13 14:28:15.804197   771  1649 I android.hardware.usb@1.2-service-mediatekv2: uevent_event change@/devices/platform/battery/power_supply/battery
06-13 14:28:15.804436   771  1649 I android.hardware.usb@1.2-service-mediatekv2: uevent_event change@/devices/platform/battery/power_supply/battery
06-13 14:28:15.804653   771  1649 I android.hardware.usb@1.2-service-mediatekv2: uevent_event change@/devices/platform/battery/power_supply/battery
06-13 14:28:15.804867   771  1649 I android.hardware.usb@1.2-service-mediatekv2: uevent_event change@/devices/platform/battery/power_supply/battery
06-13 14:28:15.805081   771  1649 I android.hardware.usb@1.2-service-mediatekv2: uevent_event change@/devices/platform/battery/power_supply/battery
06-13 14:28:15.805295   771  1649 I android.hardware.usb@1.2-service-mediatekv2: uevent_event change@/devices/platform/battery/power_supply/battery
06-13 14:28:15.805508   771  1649 I android.hardware.usb@1.2-service-mediatekv2: uevent_event change@/devices/platform/battery/power_supply/battery
06-13 14:28:15.805723   771  1649 I android.hardware.usb@1.2-service-mediatekv2: uevent_event change@/devices/platform/battery/power_supply/battery
06-13 14:28:15.805938   771  1649 I android.hardware.usb@1.2-service-mediatekv2: uevent_event change@/devices/platform/battery/power_supply/battery
06-13 14:28:15.806151   771  1649 I android.hardware.usb@1.2-service-mediatekv2: uevent_event change@/devices/platform/battery/power_supply/battery
06-13 14:28:15.806366   771  1649 I android.hardware.usb@1.2-service-mediatekv2: uevent_event change@/devices/platform/battery/power_supply/battery
06-13 14:28:15.806579   771  1649 I android.hardware.usb@1.2-service-mediatekv2: uevent_event change@/devices/platform/battery/power_supply/battery
06-13 14:28:15.806793   771  1649 I android.hardware.usb@1.2-service-mediatekv2: uevent_event change@/devices/platform/battery/power_supply/battery
06-13 14:28:15.807008   771  1649 I android.hardware.usb@1.2-service-mediatekv2: uevent_event change@/devices/platform/battery/power_supply/battery
06-13 14:28:15.807221   771  1649 I android.hardware.usb@1.2-service-mediatekv2: uevent_event change@/devices/platform/battery/power_supply/battery
06-13 14:28:15.807435   771  1649 I android.hardware.usb@1.2-service-mediatekv2: uevent_event change@/devices/platform/battery/power_supply/battery
06-13 14:28:15.807649   771  1649 I android.hardware.usb@1.2-service-mediatekv2: uevent_event change@/devices/platform/battery/power_supply/battery
06-13 14:28:16.548199   787   830 D ccci_mdinit: (1):monitor_time_update_thread round:17217 ########
06-13 14:28:16.689674  1723  1723 D WifiSignalController: isWifi6: false,wifiVisible: true
06-13 14:28:16.689808  1723  1723 D WifiSignalController: iconId: 2131233834
06-13 14:28:16.725790   776   854 I libPerfCtl: xgfGetFPS pid:1723 fps:-1
06-13 14:28:16.725980   776   854 I libPerfCtl: xgfGetFPS pid:1989 fps:-1
06-13 14:28:16.726056   776   854 I libPerfCtl: xgfGetFPS pid:15376 fps:-1
06-13 14:28:16.748192   784   784 I BufferQueueProducer: [StatusBar#79](this:0xb400007070854c68,id:-1,api:0,p:-1,c:784) queueBuffer: fps=0.33 dur=3025.67 max=3025.67 min=3025.67
06-13 14:28:16.751035   764  1020 I hwcomposer: [HWCDisplay] [Display_0 (type:1)] fps:0.991564,dur:3025.52,max:2959.73,min:14.52  
06-13 14:28:17.372890   771  1649 I android.hardware.usb@1.2-service-mediatekv2: uevent_event change@/devices/platform/11007000.i2c0/i2c-0/0-0064/power_supply/cw-bat
06-13 14:28:17.373412   771  1649 I android.hardware.usb@1.2-service-mediatekv2: uevent_event change@/devices/platform/11007000.i2c0/i2c-0/0-0064/power_supply/cw-bat
06-13 14:28:17.373644   771  1649 I android.hardware.usb@1.2-service-mediatekv2: uevent_event change@/devices/platform/11007000.i2c0/i2c-0/0-0064/power_supply/cw-bat
06-13 14:28:17.373865   771  1649 I android.hardware.usb@1.2-service-mediatekv2: uevent_event change@/devices/platform/11007000.i2c0/i2c-0/0-0064/power_supply/cw-bat
06-13 14:28:17.374081   771  1649 I android.hardware.usb@1.2-service-mediatekv2: uevent_event change@/devices/platform/11007000.i2c0/i2c-0/0-0064/power_supply/cw-bat
06-13 14:28:17.374296   771  1649 I android.hardware.usb@1.2-service-mediatekv2: uevent_event change@/devices/platform/11007000.i2c0/i2c-0/0-0064/power_supply/cw-bat
06-13 14:28:17.374511   771  1649 I android.hardware.usb@1.2-service-mediatekv2: uevent_event change@/devices/platform/11007000.i2c0/i2c-0/0-0064/power_supply/cw-bat
06-13 14:28:17.374724   771  1649 I android.hardware.usb@1.2-service-mediatekv2: uevent_event change@/devices/platform/11007000.i2c0/i2c-0/0-0064/power_supply/cw-bat
06-13 14:28:17.374938   771  1649 I android.hardware.usb@1.2-service-mediatekv2: uevent_event change@/devices/platform/11007000.i2c0/i2c-0/0-0064/power_supply/cw-bat
06-13 14:28:17.375153   771  1649 I android.hardware.usb@1.2-service-mediatekv2: uevent_event change@/devices/platform/11007000.i2c0/i2c-0/0-0064/power_supply/cw-bat
06-13 14:28:17.375366   771  1649 I android.hardware.usb@1.2-service-mediatekv2: uevent_event change@/devices/platform/11007000.i2c0/i2c-0/0-0064/power_supply/cw-bat
06-13 14:28:17.375580   771  1649 I android.hardware.usb@1.2-service-mediatekv2: uevent_event change@/devices/platform/11007000.i2c0/i2c-0/0-0064/power_supply/cw-bat
06-13 14:28:17.377219   771  1649 I android.hardware.usb@1.2-service-mediatekv2: uevent_event change@/devices/platform/11007000.i2c0/i2c-0/0-0064/power_supply/cw-bat
06-13 14:28:17.377947   771  1649 I android.hardware.usb@1.2-service-mediatekv2: uevent_event change@/devices/platform/11007000.i2c0/i2c-0/0-0064/power_supply/cw-bat
06-13 14:28:17.429989  1477  1477 E PriBatteryTemperatureService: onReceive SHOW_STOP_CHARGING_TIPS=false,SHUTDOWN_BATTERY_HIGH_TEMP=600,SHUTDOWN_BATTERY_LOW_TEMP=-250,temperature=305
06-13 14:28:17.432563  1723  1723 I PowerUI : onReceive: mBatteryLevel = 10:plugged=trueisShutDialogShow:falseON:false
06-13 14:28:17.726255   776   854 I libPerfCtl: xgfGetFPS pid:1723 fps:-1
06-13 14:28:17.726469   776   854 I libPerfCtl: xgfGetFPS pid:1989 fps:-1
06-13 14:28:17.726540   776   854 I libPerfCtl: xgfGetFPS pid:15376 fps:-1
06-13 14:28:18.290479 14488 14488 I artd    : Dex parent of /data/app/~~d2FvihzERq8Zc52hdtKDDg==/io.appium.settings-ifNWf4LLboExfasVXxfi9Q==/base.apk is not writable: Permission denied
06-13 14:28:18.290659 14488 14488 I artd    : GetBestInfo checking odex in dalvik-cache (/data/dalvik-cache/arm64/data@app@~~d2FvihzERq8Zc52hdtKDDg==@io.appium.settings-ifNWf4LLboExfasVXxfi9Q==@base.apk@classes.dex)
06-13 14:28:18.290721 14488 14488 I artd    : Loading /data/dalvik-cache/arm64/data@app@~~d2FvihzERq8Zc52hdtKDDg==@io.appium.settings-ifNWf4LLboExfasVXxfi9Q==@base.apk@classes.dex with executable: 0
06-13 14:28:18.295211 14488 14488 I artd    : OatFileAssistant test for existing oat file /data/dalvik-cache/arm64/data@app@~~d2FvihzERq8Zc52hdtKDDg==@io.appium.settings-ifNWf4LLboExfasVXxfi9Q==@base.apk@classes.dex: File /data/dalvik-cache/arm64/data@app@~~d2FvihzERq8Zc52hdtKDDg==@io.appium.settings-ifNWf4LLboExfasVXxfi9Q==@base.apk@classes.vdex does not exist.
06-13 14:28:18.295349 14488 14488 I artd    : GetBestInfo checking odex next to the dex file (/data/app/~~d2FvihzERq8Zc52hdtKDDg==/io.appium.settings-ifNWf4LLboExfasVXxfi9Q==/oat/arm64/base.odex)
06-13 14:28:18.295416 14488 14488 I artd    : Loading /data/app/~~d2FvihzERq8Zc52hdtKDDg==/io.appium.settings-ifNWf4LLboExfasVXxfi9Q==/oat/arm64/base.odex with executable: 0
06-13 14:28:18.296209 14488 14488 I artd    : OatFileAssistant test for existing oat file /data/app/~~d2FvihzERq8Zc52hdtKDDg==/io.appium.settings-ifNWf4LLboExfasVXxfi9Q==/oat/arm64/base.odex: File /data/app/~~d2FvihzERq8Zc52hdtKDDg==/io.appium.settings-ifNWf4LLboExfasVXxfi9Q==/oat/arm64/base.vdex does not exist.
06-13 14:28:18.296313 14488 14488 I artd    : GetBestInfo checking vdex in dalvik-cache (/data/dalvik-cache/arm64/data@app@~~d2FvihzERq8Zc52hdtKDDg==@io.appium.settings-ifNWf4LLboExfasVXxfi9Q==@base.apk@classes.vdex)
06-13 14:28:18.296394 14488 14488 I artd    : unable to open vdex file /data/dalvik-cache/arm64/data@app@~~d2FvihzERq8Zc52hdtKDDg==@io.appium.settings-ifNWf4LLboExfasVXxfi9Q==@base.apk@classes.vdex: File /data/dalvik-cache/arm64/data@app@~~d2FvihzERq8Zc52hdtKDDg==@io.appium.settings-ifNWf4LLboExfasVXxfi9Q==@base.apk@classes.vdex does not exist.
06-13 14:28:18.296484 14488 14488 I artd    : OatFileAssistant test for existing oat file /data/dalvik-cache/arm64/data@app@~~d2FvihzERq8Zc52hdtKDDg==@io.appium.settings-ifNWf4LLboExfasVXxfi9Q==@base.apk@classes.vdex: File /data/dalvik-cache/arm64/data@app@~~d2FvihzERq8Zc52hdtKDDg==@io.appium.settings-ifNWf4LLboExfasVXxfi9Q==@base.apk@classes.vdex does not exist.
06-13 14:28:18.296520 14488 14488 I artd    : GetBestInfo checking vdex next to the dex file (/data/app/~~d2FvihzERq8Zc52hdtKDDg==/io.appium.settings-ifNWf4LLboExfasVXxfi9Q==/oat/arm64/base.vdex)
06-13 14:28:18.296578 14488 14488 I artd    : unable to open vdex file /data/app/~~d2FvihzERq8Zc52hdtKDDg==/io.appium.settings-ifNWf4LLboExfasVXxfi9Q==/oat/arm64/base.vdex: File /data/app/~~d2FvihzERq8Zc52hdtKDDg==/io.appium.settings-ifNWf4LLboExfasVXxfi9Q==/oat/arm64/base.vdex does not exist.
06-13 14:28:18.296609 14488 14488 I artd    : OatFileAssistant test for existing oat file /data/app/~~d2FvihzERq8Zc52hdtKDDg==/io.appium.settings-ifNWf4LLboExfasVXxfi9Q==/oat/arm64/base.vdex: File /data/app/~~d2FvihzERq8Zc52hdtKDDg==/io.appium.settings-ifNWf4LLboExfasVXxfi9Q==/oat/arm64/base.vdex does not exist.
06-13 14:28:18.296638 14488 14488 I artd    : GetBestInfo checking dm (/data/app/~~d2FvihzERq8Zc52hdtKDDg==/io.appium.settings-ifNWf4LLboExfasVXxfi9Q==/base.dm)
06-13 14:28:18.296831 14488 14488 W ziparchive: Unable to open '/data/app/~~d2FvihzERq8Zc52hdtKDDg==/io.appium.settings-ifNWf4LLboExfasVXxfi9Q==/base.dm': No such file or directory
06-13 14:28:18.296937 14488 14488 I artd    : OatFileAssistant test for existing oat file /data/app/~~d2FvihzERq8Zc52hdtKDDg==/io.appium.settings-ifNWf4LLboExfasVXxfi9Q==/base.dm: I/O error
06-13 14:28:18.296977 14488 14488 I artd    : GetBestInfo checking dm (/data/app/~~d2FvihzERq8Zc52hdtKDDg==/io.appium.settings-ifNWf4LLboExfasVXxfi9Q==/base.dm)
06-13 14:28:18.297045 14488 14488 W ziparchive: Unable to open '/data/app/~~d2FvihzERq8Zc52hdtKDDg==/io.appium.settings-ifNWf4LLboExfasVXxfi9Q==/base.dm': No such file or directory
06-13 14:28:18.297087 14488 14488 I artd    : OatFileAssistant test for existing oat file /data/app/~~d2FvihzERq8Zc52hdtKDDg==/io.appium.settings-ifNWf4LLboExfasVXxfi9Q==/base.dm: I/O error
06-13 14:28:18.297114 14488 14488 I artd    : GetBestInfo no usable artifacts
06-13 14:28:18.726624   776   854 I libPerfCtl: xgfGetFPS pid:1723 fps:-1
06-13 14:28:18.726794   776   854 I libPerfCtl: xgfGetFPS pid:1989 fps:-1
06-13 14:28:19.358966   810   810 E adbd    : failed to connect to socket 'tcp:6790': Connection refused
06-13 14:28:19.627075   810   810 E adbd    : failed to connect to socket 'tcp:6790': Connection refused
06-13 14:28:19.630305   810   810 E adbd    : failed to connect to socket 'tcp:6790': Connection refused
06-13 14:28:19.670367 14488 14488 I artd    : Dex parent of /data/app/~~nb5Pzua1NT6vr6v4lOMI8Q==/io.appium.uiautomator2.server-3rfTzWOhugVxouCeT0lWFw==/base.apk is not writable: Permission denied
06-13 14:28:19.670436 14488 14488 I artd    : GetBestInfo checking odex in dalvik-cache (/data/dalvik-cache/arm64/data@app@~~nb5Pzua1NT6vr6v4lOMI8Q==@io.appium.uiautomator2.server-3rfTzWOhugVxouCeT0lWFw==@base.apk@classes.dex)
06-13 14:28:19.670472 14488 14488 I artd    : Loading /data/dalvik-cache/arm64/data@app@~~nb5Pzua1NT6vr6v4lOMI8Q==@io.appium.uiautomator2.server-3rfTzWOhugVxouCeT0lWFw==@base.apk@classes.dex with executable: 0
06-13 14:28:19.670547 14488 14488 I artd    : OatFileAssistant test for existing oat file /data/dalvik-cache/arm64/data@app@~~nb5Pzua1NT6vr6v4lOMI8Q==@io.appium.uiautomator2.server-3rfTzWOhugVxouCeT0lWFw==@base.apk@classes.dex: File /data/dalvik-cache/arm64/data@app@~~nb5Pzua1NT6vr6v4lOMI8Q==@io.appium.uiautomator2.server-3rfTzWOhugVxouCeT0lWFw==@base.apk@classes.vdex does not exist.
06-13 14:28:19.670571 14488 14488 I artd    : GetBestInfo checking odex next to the dex file (/data/app/~~nb5Pzua1NT6vr6v4lOMI8Q==/io.appium.uiautomator2.server-3rfTzWOhugVxouCeT0lWFw==/oat/arm64/base.odex)
06-13 14:28:19.670595 14488 14488 I artd    : Loading /data/app/~~nb5Pzua1NT6vr6v4lOMI8Q==/io.appium.uiautomator2.server-3rfTzWOhugVxouCeT0lWFw==/oat/arm64/base.odex with executable: 0
06-13 14:28:19.670644 14488 14488 I artd    : OatFileAssistant test for existing oat file /data/app/~~nb5Pzua1NT6vr6v4lOMI8Q==/io.appium.uiautomator2.server-3rfTzWOhugVxouCeT0lWFw==/oat/arm64/base.odex: File /data/app/~~nb5Pzua1NT6vr6v4lOMI8Q==/io.appium.uiautomator2.server-3rfTzWOhugVxouCeT0lWFw==/oat/arm64/base.vdex does not exist.
06-13 14:28:19.670687 14488 14488 I artd    : GetBestInfo checking vdex in dalvik-cache (/data/dalvik-cache/arm64/data@app@~~nb5Pzua1NT6vr6v4lOMI8Q==@io.appium.uiautomator2.server-3rfTzWOhugVxouCeT0lWFw==@base.apk@classes.vdex)
06-13 14:28:19.670723 14488 14488 I artd    : unable to open vdex file /data/dalvik-cache/arm64/data@app@~~nb5Pzua1NT6vr6v4lOMI8Q==@io.appium.uiautomator2.server-3rfTzWOhugVxouCeT0lWFw==@base.apk@classes.vdex: File /data/dalvik-cache/arm64/data@app@~~nb5Pzua1NT6vr6v4lOMI8Q==@io.appium.uiautomator2.server-3rfTzWOhugVxouCeT0lWFw==@base.apk@classes.vdex does not exist.
06-13 14:28:19.670743 14488 14488 I artd    : OatFileAssistant test for existing oat file /data/dalvik-cache/arm64/data@app@~~nb5Pzua1NT6vr6v4lOMI8Q==@io.appium.uiautomator2.server-3rfTzWOhugVxouCeT0lWFw==@base.apk@classes.vdex: File /data/dalvik-cache/arm64/data@app@~~nb5Pzua1NT6vr6v4lOMI8Q==@io.appium.uiautomator2.server-3rfTzWOhugVxouCeT0lWFw==@base.apk@classes.vdex does not exist.
06-13 14:28:19.670764 14488 14488 I artd    : GetBestInfo checking vdex next to the dex file (/data/app/~~nb5Pzua1NT6vr6v4lOMI8Q==/io.appium.uiautomator2.server-3rfTzWOhugVxouCeT0lWFw==/oat/arm64/base.vdex)
06-13 14:28:19.670796 14488 14488 I artd    : unable to open vdex file /data/app/~~nb5Pzua1NT6vr6v4lOMI8Q==/io.appium.uiautomator2.server-3rfTzWOhugVxouCeT0lWFw==/oat/arm64/base.vdex: File /data/app/~~nb5Pzua1NT6vr6v4lOMI8Q==/io.appium.uiautomator2.server-3rfTzWOhugVxouCeT0lWFw==/oat/arm64/base.vdex does not exist.
06-13 14:28:19.670815 14488 14488 I artd    : OatFileAssistant test for existing oat file /data/app/~~nb5Pzua1NT6vr6v4lOMI8Q==/io.appium.uiautomator2.server-3rfTzWOhugVxouCeT0lWFw==/oat/arm64/base.vdex: File /data/app/~~nb5Pzua1NT6vr6v4lOMI8Q==/io.appium.uiautomator2.server-3rfTzWOhugVxouCeT0lWFw==/oat/arm64/base.vdex does not exist.
06-13 14:28:19.670835 14488 14488 I artd    : GetBestInfo checking dm (/data/app/~~nb5Pzua1NT6vr6v4lOMI8Q==/io.appium.uiautomator2.server-3rfTzWOhugVxouCeT0lWFw==/base.dm)
06-13 14:28:19.670901 14488 14488 W ziparchive: Unable to open '/data/app/~~nb5Pzua1NT6vr6v4lOMI8Q==/io.appium.uiautomator2.server-3rfTzWOhugVxouCeT0lWFw==/base.dm': No such file or directory
06-13 14:28:19.670928 14488 14488 I artd    : OatFileAssistant test for existing oat file /data/app/~~nb5Pzua1NT6vr6v4lOMI8Q==/io.appium.uiautomator2.server-3rfTzWOhugVxouCeT0lWFw==/base.dm: I/O error
06-13 14:28:19.670948 14488 14488 I artd    : GetBestInfo checking dm (/data/app/~~nb5Pzua1NT6vr6v4lOMI8Q==/io.appium.uiautomator2.server-3rfTzWOhugVxouCeT0lWFw==/base.dm)
06-13 14:28:19.670983 14488 14488 W ziparchive: Unable to open '/data/app/~~nb5Pzua1NT6vr6v4lOMI8Q==/io.appium.uiautomator2.server-3rfTzWOhugVxouCeT0lWFw==/base.dm': No such file or directory
06-13 14:28:19.671007 14488 14488 I artd    : OatFileAssistant test for existing oat file /data/app/~~nb5Pzua1NT6vr6v4lOMI8Q==/io.appium.uiautomator2.server-3rfTzWOhugVxouCeT0lWFw==/base.dm: I/O error
06-13 14:28:19.671025 14488 14488 I artd    : GetBestInfo no usable artifacts
06-13 14:28:19.726716   776   854 I libPerfCtl: xgfGetFPS pid:1723 fps:-1
06-13 14:28:19.820613   784  1145 D SurfaceFlinger: calculateTimeoutTime, triggerInterval = 3 sec + 659634461 nsec
06-13 14:28:19.855271   810   810 E adbd    : failed to connect to socket 'tcp:6790': Connection refused
06-13 14:28:19.859261   810   810 E adbd    : failed to connect to socket 'tcp:6790': Connection refused
06-13 14:28:20.356378   810   810 E adbd    : failed to connect to socket 'tcp:6790': Connection refused
06-13 14:28:20.546332  1953  1953 D CarrierSvcBindHelper: onHandleForceStop: [io.appium.uiautomator2.server]
06-13 14:28:20.547652  1953  1953 D CarrierSvcBindHelper: No carrier app for: 0
06-13 14:28:20.549880  1953  1953 D CarrierSvcBindHelper: No carrier app for: 1
06-13 14:28:20.560622  2879  2879 D RegisteredNfcFServicesCache: invalidateCache() - Service unchanged, not updating
06-13 14:28:20.576755  1477 10130 E libprocessgroup: No such cgroup attribute: /sys/fs/cgroup/uid_10246/cgroup.freeze
06-13 14:28:20.576904  1477 10130 W libprocessgroup: Failed to apply Frozen process profile: No such file or directory
06-13 14:28:20.578647  1477 10130 E libprocessgroup: No such cgroup attribute: /sys/fs/cgroup/uid_10246/cgroup.freeze
06-13 14:28:20.579016  1477 10130 W libprocessgroup: Failed to apply Unfrozen process profile: No such file or directory
06-13 14:28:20.597481  1953  1953 D CarrierSvcBindHelper: onHandleForceStop: [io.appium.uiautomator2.server.test]
06-13 14:28:20.598861  1953  1953 D CarrierSvcBindHelper: No carrier app for: 0
06-13 14:28:20.599110  1953  1953 D CarrierSvcBindHelper: No carrier app for: 1
06-13 14:28:20.602023   810   810 E adbd    : failed to connect to socket 'tcp:6790': Connection refused
06-13 14:28:20.609994  2879  2879 D RegisteredNfcFServicesCache: invalidateCache() - Service unchanged, not updating
06-13 14:28:20.662156   810   810 E adbd    : failed to connect to socket 'tcp:6790': Connection refused
06-13 14:28:20.727060   776   854 I libPerfCtl: xgfGetFPS pid:1723 fps:-1
06-13 14:28:20.914512 16712 16712 D AndroidRuntime: >>>>>> START com.android.internal.os.RuntimeInit uid 2000 <<<<<<
06-13 14:28:20.921709 16712 16712 I AndroidRuntime: Using default boot image
06-13 14:28:20.921753 16712 16712 I AndroidRuntime: Leaving lock profiling enabled
06-13 14:28:20.927391 16712 16712 I app_process: Using CollectorTypeCC GC.
06-13 14:28:21.053423 16712 16712 D nativeloader: InitDefaultPublicLibraries for_preload=1: libandroid.so:libaaudio.so:libamidi.so:libbinder_ndk.so:libc.so:libcamera2ndk.so:libdl.so:libEGL.so:libGLESv1_CM.so:libGLESv2.so:libGLESv3.so:libicu.so:libicui18n.so:libicuuc.so:libjnigraphics.so:liblog.so:libmediandk.so:libm.so:libnativehelper.so:libnativewindow.so:libOpenMAXAL.so:libOpenSLES.so:libRS.so:libstdc++.so:libsync.so:libvulkan.so:libwebviewchromium_plat_support.so:libz.so
