06-13 14:27:54.914108   776   871 I libPowerHal: MTKPOWER_HINT_ACT_SWITCH: cpu_ctrl set cpu freq: 1800000 -1 2000000 -1
06-13 14:27:54.914204   776   871 I libPowerHal: [PE] MTKPOWER_HINT_ACT_SWITCH update cmd:1000000, param:0
06-13 14:27:54.914474   776   871 I libPowerHal: [PE] MTKPOWER_HINT_ACT_SWITCH update cmd:1408300, param:100
06-13 14:27:54.914539   776   871 I libPowerHal: [PE] MTKPOWER_HINT_ACT_SWITCH update cmd:1000000 param:0
06-13 14:27:54.918382  2812  3185 I MediaProvider: Deleted 1 0 0 0 0 0 0 items on external_primary due to com.android.keychain
06-13 14:27:54.918412   784  1985 E BufferQueueDebug: [Surface(name=bf528e StatusBar)/@0x3de8cd9 - animation-leash of insets_animation#3823](this:0xb4000070708b5988,id:-1,api:0,p:-1,c:-1) id info cannot be read from 'Surface(name=bf528e StatusBar)/@0x3de8cd9 - animation-leash of insets_animation#3823'
06-13 14:27:54.918526   784  1985 I BufferQueueDebug: [Surface(name=bf528e StatusBar)/@0x3de8cd9 - animation-leash of insets_animation#3823](this:0xb4000070708b5988,id:-1,api:0,p:-1,c:-1) BufferQueue core=(784:/system/bin/surfaceflinger)
06-13 14:27:54.919581 20915 20977 I UriTaskContentObserver: (REDACTED) Throttling content uri change event for %s
06-13 14:27:54.920867   784  1272 E BufferQueueDebug: [Surface(name=92de9f8 NavigationBar0)/@0xd82469e - animation-leash of insets_animation#3824](this:0xb400007070871408,id:-1,api:0,p:-1,c:-1) id info cannot be read from 'Surface(name=92de9f8 NavigationBar0)/@0xd82469e - animation-leash of insets_animation#3824'
06-13 14:27:54.920999   784  1272 I BufferQueueDebug: [Surface(name=92de9f8 NavigationBar0)/@0xd82469e - animation-leash of insets_animation#3824](this:0xb400007070871408,id:-1,api:0,p:-1,c:-1) BufferQueue core=(784:/system/bin/surfaceflinger)
06-13 14:27:54.922888  1477  6267 I PowerHalWrapper: amsBoostNotify pid:13675,activity:com.debug.loggerui.MainActivity, package:com.debug.loggerui, mProcessCreatePackcom.mediatek.engineermode 
06-13 14:27:54.922924  1477  6267 I PowerHalWrapper: state: 1 
06-13 14:27:54.923291  1477  6267 I mtkpower_client: [Legacy][PowerHal_Wrap_notifyAppState] com.debug.loggerui/com.debug.loggerui.MainActivity pid=13675 state:1
06-13 14:27:54.923930  1477  6267 I PowerHalWrapper: amsBoostNotify AMS_BOOST_PROCESS_CREATE_BOOST:false 
06-13 14:27:54.924121   776   871 I libPowerHal: [perfNotifyAppState] pack:com.debug.loggerui, act:com.debug.loggerui.MainActivity, state:1, pid:13675, uid:10174, fps:120
06-13 14:27:54.924256   776   816 I mtkpower@impl: [notifyAppState] act com.debug.loggerui.LogFolderListActivity => com.debug.loggerui.MainActivity
06-13 14:27:54.926549  2812 21827 I MediaProvider: Deleted 1 0 0 0 0 0 0 items on external_primary due to com.android.keychain
06-13 14:27:54.928060 20915 20977 I UriTaskContentObserver: (REDACTED) Throttling content uri change event for %s
06-13 14:27:54.934112 13675 13675 I DebugLoggerUI/MainActivity: -->onResume
06-13 14:27:54.935029  2812 19072 I MediaProvider: Deleted 1 0 0 0 0 0 0 items on external_primary due to com.android.keychain
06-13 14:27:54.938591 20915 20977 I UriTaskContentObserver: (REDACTED) Throttling content uri change event for %s
06-13 14:27:54.938612 13675 16505 I DebugLoggerUI: isAutoTest()-> Monkey running flag is false, isUserAMonkey=false
06-13 14:27:54.938661 13675 16505 I LogHandler/AbstractLogInstance: -->getValueFromServer(), command = getstatus
06-13 14:27:54.938681 13675 16505 I LogHandler/AbstractLogConnection: sendToServer() mServerName = com.mediatek.mdlogger.socket1 data = getstatus
06-13 14:27:54.940821   784  1272 E BufferQueueDebug: [com.debug.loggerui/com.debug.loggerui.MainActivity#3825](this:0xb4000070708ffa28,id:-1,api:0,p:-1,c:-1) id info cannot be read from 'com.debug.loggerui/com.debug.loggerui.MainActivity#3825'
06-13 14:27:54.940937   784  1272 I BufferQueueDebug: [com.debug.loggerui/com.debug.loggerui.MainActivity#3825](this:0xb4000070708ffa28,id:-1,api:0,p:-1,c:-1) BufferQueue core=(784:/system/bin/surfaceflinger)
06-13 14:27:54.943487   784   784 I BufferQueueDebug: [Surface(name=92de9f8 NavigationBar0)/@0xd82469e - animation-leash of insets_animation#3815](this:0xb40000707085d518,id:-1,api:0,p:-1,c:784) onDestructor()
06-13 14:27:54.943596   784   784 I BufferQueueDebug: [Surface(name=bf528e StatusBar)/@0x3de8cd9 - animation-leash of insets_animation#3814](this:0xb4000070708ee8c8,id:-1,api:0,p:-1,c:784) onDestructor()
06-13 14:27:54.944694   784  2106 E BufferQueueDebug: [Surface(name=bf528e StatusBar)/@0x3de8cd9 - animation-leash of insets_animation#3826](this:0xb400007070888088,id:-1,api:0,p:-1,c:-1) id info cannot be read from 'Surface(name=bf528e StatusBar)/@0x3de8cd9 - animation-leash of insets_animation#3826'
06-13 14:27:54.944845   784  2106 I BufferQueueDebug: [Surface(name=bf528e StatusBar)/@0x3de8cd9 - animation-leash of insets_animation#3826](this:0xb400007070888088,id:-1,api:0,p:-1,c:-1) BufferQueue core=(784:/system/bin/surfaceflinger)
06-13 14:27:54.946540   784  2106 E BufferQueueDebug: [Surface(name=92de9f8 NavigationBar0)/@0xd82469e - animation-leash of insets_animation#3827](this:0xb400007070932e48,id:-1,api:0,p:-1,c:-1) id info cannot be read from 'Surface(name=92de9f8 NavigationBar0)/@0xd82469e - animation-leash of insets_animation#3827'
06-13 14:27:54.946734   784  2106 I BufferQueueDebug: [Surface(name=92de9f8 NavigationBar0)/@0xd82469e - animation-leash of insets_animation#3827](this:0xb400007070932e48,id:-1,api:0,p:-1,c:-1) BufferQueue core=(784:/system/bin/surfaceflinger)
06-13 14:27:54.949906 13675 13675 D BufferQueueConsumer: [](id:356b0000001d,api:0,p:-1,c:13675) connect: controlledByApp=false
06-13 14:27:54.951102  2812  3186 I MediaProvider: Deleted 1 0 0 0 0 0 0 items on external_primary due to com.android.keychain
06-13 14:27:54.951194 13675 13689 E OpenGLRenderer: Unable to match the desired swap behavior.
06-13 14:27:54.954721  1477  1509 D SurfaceComposerClient: Transaction::apply InputWindowCommands.focusRequests timestamp=61808001416144, windowName=cfa7c4c com.debug.loggerui/com.debug.loggerui.MainActivity
06-13 14:27:54.958261 13675 13689 D BLASTBufferQueue: [VRI[MainActivity]#29](f:0,a:1) acquireNextBufferLocked size=1080x2460 mFrameNumber=1 applyTransaction=true mTimestamp=61808010099221(auto) mPendingTransactions.size=0 graphicBufferId=58733677773003 transform=0
06-13 14:27:54.962041   784  2106 E BufferQueueDebug: [Transition Root: ActivityRecord{20359b9 u0 com.debug.loggerui/.LogFolderListActivity t70 f}}#3828](this:0xb4000070708a4828,id:-1,api:0,p:-1,c:-1) id info cannot be read from 'Transition Root: ActivityRecord{20359b9 u0 com.debug.loggerui/.LogFolderListActivity t70 f}}#3828'
06-13 14:27:54.962179   784  2106 I BufferQueueDebug: [Transition Root: ActivityRecord{20359b9 u0 com.debug.loggerui/.LogFolderListActivity t70 f}}#3828](this:0xb4000070708a4828,id:-1,api:0,p:-1,c:-1) BufferQueue core=(784:/system/bin/surfaceflinger)
06-13 14:27:54.964710  2812  3186 I MediaProvider: Deleted 0 0 0 0 0 0 1 items on external_primary due to com.android.keychain
06-13 14:27:54.966577   784   784 D SurfaceFlinger: Focus addInputWindowCommands timestamp=61808001416144, windowName=cfa7c4c com.debug.loggerui/com.debug.loggerui.MainActivity
06-13 14:27:54.967701   784  1985 E BufferQueueDebug: [e06ca2 ActivityRecordInputSink com.debug.loggerui/.MainActivity#3829](this:0xb4000070708ee8c8,id:-1,api:0,p:-1,c:-1) id info cannot be read from 'e06ca2 ActivityRecordInputSink com.debug.loggerui/.MainActivity#3829'
06-13 14:27:54.967837   784  1985 I BufferQueueDebug: [e06ca2 ActivityRecordInputSink com.debug.loggerui/.MainActivity#3829](this:0xb4000070708ee8c8,id:-1,api:0,p:-1,c:-1) BufferQueue core=(784:/system/bin/surfaceflinger)
06-13 14:27:54.967558 20915 20977 I UriTaskContentObserver: (REDACTED) Throttling content uri change event for %s
06-13 14:27:54.968641   784   784 D SurfaceFlinger: Find Focus windowName=cfa7c4c com.debug.loggerui/com.debug.loggerui.MainActivity, notVisible=1
06-13 14:27:54.968734   784   784 D Layer   : Focus: ActivityRecord{7f3cd33 u0 com.debug.loggerui/.MainActivity#3757 isHiddenByPolicy s.flags&layer_state_t::eLayerHidden=1
06-13 14:27:54.968748   784   784 D Layer   : Focus: isHiddenByPolicy parent ActivityRecord{7f3cd33 u0 com.debug.loggerui/.MainActivity#3757 is hidden cause not visible
06-13 14:27:54.968770   784   784 D SurfaceFlinger: Focus inVisible Reason:isVisibleForInput(){hasInputInfo()?canReceiveInput():isVisible()}=0 has=1 can{!isHiddenByPolicy()&&(mBuffer==nullptr||getAlpha()>0.0f)}=0 Hidden=1 Buf=0 getA=1
06-13 14:27:54.969226   784  1153 D SurfaceFlinger: updateWinowInfo=1, setFocusedWindow timestamp=61808001416144, windowName=cfa7c4c com.debug.loggerui/com.debug.loggerui.MainActivity
06-13 14:27:54.971878  1477  6239 I PowerHalWrapper: amsBoostStop AMS_BOOST_PACK_SWITCH:false, AMS_BOOST_ACT_SWITCH:true, AMS_BOOST_PROCESS_CREATE:false 
06-13 14:27:54.972405   776   816 I mtkpower@impl: [mtkPowerHint] hint:23, hold:0, ext:30, ext_hold:5000
06-13 14:27:54.973271   776   871 I libPowerHal: [perfLockRel] hdl:2452, idx:1
06-13 14:27:54.973513   776   871 I libPowerHal: MTKPOWER_HINT_ACT_SWITCH: cpu_ctrl set cpu freq: -1 -1 -1 -1
06-13 14:27:54.973561   776   871 I libPowerHal: [PD] MTKPOWER_HINT_ACT_SWITCH update cmd:1000000, param:-1
06-13 14:27:54.973627   776   871 I libPowerHal: [PD] MTKPOWER_HINT_ACT_SWITCH update cmd:1408300 param:0
06-13 14:27:54.973806   784   784 E BufferQueueDebug: [Screenshot Parent#3830](this:0xb40000707085d518,id:-1,api:0,p:-1,c:-1) id info cannot be read from 'Screenshot Parent#3830'
06-13 14:27:54.973992   784   784 I BufferQueueDebug: [Screenshot Parent#3830](this:0xb40000707085d518,id:-1,api:0,p:-1,c:-1) BufferQueue core=(784:/system/bin/surfaceflinger)
06-13 14:27:54.974086   776   871 I libPowerHal: [PD] MTKPOWER_HINT_ACT_SWITCH update cmd:1000000 param:-1
06-13 14:27:54.974638   776   871 I libPowerHal: [perfLockAcq] idx:0 hdl:2453 hint:30 pid:776 duration:5000 lock_user:mtkpower@1.0-se => ret_hdl:2453
06-13 14:27:54.974751   776   871 I libPowerHal: [PE] MTKPOWER_HINT_EXT_LAUNCH update cmd:1000000, param:1
06-13 14:27:54.974811   776   871 I libPowerHal: [PE] MTKPOWER_HINT_EXT_LAUNCH update cmd:2020000, param:15
06-13 14:27:54.975071   776   871 I libPowerHal: [PE] MTKPOWER_HINT_EXT_LAUNCH update cmd:1408300, param:40
06-13 14:27:54.975176   776   871 I libPowerHal: [PE] MTKPOWER_HINT_EXT_LAUNCH update cmd:1000000 param:1
06-13 14:27:54.979402   784   784 I BufferQueueDebug: [Screenshot Parent#3830](this:0xb40000707085d518,id:-1,api:0,p:-1,c:784) onDestructor()
06-13 14:27:54.980480   784   784 I BufferQueueDebug: [Surface(name=92de9f8 NavigationBar0)/@0xd82469e - animation-leash of insets_animation#3824](this:0xb400007070871408,id:-1,api:0,p:-1,c:784) onDestructor()
06-13 14:27:54.980586   784   784 I BufferQueueDebug: [Surface(name=bf528e StatusBar)/@0x3de8cd9 - animation-leash of insets_animation#3823](this:0xb4000070708b5988,id:-1,api:0,p:-1,c:784) onDestructor()
06-13 14:27:54.980809   784  1985 E BufferQueueDebug: [Left Edge Extension#3831](this:0xb4000070708b5988,id:-1,api:0,p:-1,c:-1) id info cannot be read from 'Left Edge Extension#3831'
06-13 14:27:54.980966   784  1985 I BufferQueueDebug: [Left Edge Extension#3831](this:0xb4000070708b5988,id:-1,api:0,p:-1,c:-1) BufferQueue core=(784:/system/bin/surfaceflinger)
06-13 14:27:54.981502  1090  1228 D AAL     : 06-13 02:27:54.936 BL= 700,ESS= 256, 06-13 02:27:54.947 BL= 699,ESS= 256, 06-13 02:27:54.958 BL= 698,ESS= 256, 06-13 02:27:54.970 BL= 697,ESS= 256, 06-13 02:27:54.981 BL= 696,ESS= 256, 
06-13 14:27:54.982511   784  1985 E BufferQueueDebug: [bbq-wrapper#3832](this:0xb400007070871408,id:-1,api:0,p:-1,c:-1) id info cannot be read from 'bbq-wrapper#3832'
06-13 14:27:54.982731   784  1985 I BufferQueueDebug: [bbq-wrapper#3832](this:0xb400007070871408,id:-1,api:0,p:-1,c:-1) BufferQueue core=(784:/system/bin/surfaceflinger)
06-13 14:27:54.983485  1723  1757 D BufferQueueConsumer: [](id:6bb00000108,api:0,p:-1,c:1723) connect: controlledByApp=false
06-13 14:27:54.984059  1723  1757 D BLASTBufferQueue: [bbq-adapter#263](f:0,a:0) constructor() width=108 height=2460 format=-1
06-13 14:27:54.984633  1723  1757 D Surface : lockHardwareCanvas
06-13 14:27:54.989074  1070  1293 D EMDLOGGER1: mdlogger select done
06-13 14:27:54.989222  1070  1293 I EMDLOGGER1: mdlogger receive command getstatus
06-13 14:27:54.989259  1070  1293 I EMDLOGGER1: mdlogger send ACK getstatus,0
06-13 14:27:54.989625 13675 13710 I LogHandler/AbstractLogConnection: setResponseFromServer() mServerName = com.mediatek.mdlogger.socket1 serverData = getstatus,0
06-13 14:27:54.989716 13675 13710 I LogHandler/ModemLog: update, serverResponseStr = getstatus,0
06-13 14:27:54.993038  2812 19072 I MediaProvider: Deleted 0 0 0 0 0 0 1 items on external_primary due to com.android.keychain
06-13 14:27:54.993298  1723  1795 D BLASTBufferQueue: [bbq-adapter#263](f:0,a:1) acquireNextBufferLocked size=108x2460 mFrameNumber=1 applyTransaction=true mTimestamp=61808044391760(auto) mPendingTransactions.size=0 graphicBufferId=7400228656022 transform=0
06-13 14:27:54.995229 20915 20977 I UriTaskContentObserver: (REDACTED) Throttling content uri change event for %s
06-13 14:27:55.004655  1477  6239 I ImeTracker: com.debug.loggerui:a708af1: onRequestHide at ORIGIN_SERVER_HIDE_INPUT reason HIDE_UNSPECIFIED_WINDOW
06-13 14:27:55.004964   784   784 E BufferQueueDebug: [Screenshot Parent#3833](this:0xb40000707090b068,id:-1,api:0,p:-1,c:-1) id info cannot be read from 'Screenshot Parent#3833'
06-13 14:27:55.005098  1477  6239 I ImeTracker: com.debug.loggerui:a708af1: onCancelled at PHASE_SERVER_SHOULD_HIDE
06-13 14:27:55.005112   784   784 I BufferQueueDebug: [Screenshot Parent#3833](this:0xb40000707090b068,id:-1,api:0,p:-1,c:-1) BufferQueue core=(784:/system/bin/surfaceflinger)
06-13 14:27:55.005425  2812  3186 I MediaProvider: Deleted 1 0 0 0 0 0 0 items on external_primary due to com.android.keychain
06-13 14:27:55.006869 27466 27466 I GoogleInputMethodService: GoogleInputMethodService.onFinishInput():1984 
06-13 14:27:55.008136 27466 27466 I Module  : DeviceLockedStatusModuleProvider$Module.updateDeviceLockedStatus():100 repeatCheckTimes = 0, locked = false
06-13 14:27:55.008411   784   975 E BufferQueueDebug: [Surface(name=cb3d52a InputMethod)/@0x6dc8b8 - animation-leash of insets_animation#3834](this:0xb40000707085d518,id:-1,api:0,p:-1,c:-1) id info cannot be read from 'Surface(name=cb3d52a InputMethod)/@0x6dc8b8 - animation-leash of insets_animation#3834'
06-13 14:27:55.008527   784   975 I BufferQueueDebug: [Surface(name=cb3d52a InputMethod)/@0x6dc8b8 - animation-leash of insets_animation#3834](this:0xb40000707085d518,id:-1,api:0,p:-1,c:-1) BufferQueue core=(784:/system/bin/surfaceflinger)
06-13 14:27:55.008594 20915 20977 I UriTaskContentObserver: (REDACTED) Throttling content uri change event for %s
06-13 14:27:55.008880 27466 27466 I GoogleInputMethodService: GoogleInputMethodService.onStartInput():1248 onStartInput(EditorInfo{EditorInfo{packageName=com.debug.loggerui, inputType=0, inputTypeString=NULL, enableLearning=false, autoCorrection=false, autoComplete=false, imeOptions=0, privateImeOptions=null, actionName=UNSPECIFIED, actionLabel=null, initialSelStart=-1, initialSelEnd=-1, initialCapsMode=0, label=null, fieldId=0, fieldName=null, extras=null, hintText=null, hintLocales=[]}}, false)
06-13 14:27:55.009940 27466 27466 I Module  : DeviceLockedStatusModuleProvider$Module.updateDeviceLockedStatus():100 repeatCheckTimes = 1, locked = false
06-13 14:27:55.011096   784   784 I BufferQueueDebug: [Screenshot Parent#3833](this:0xb40000707090b068,id:-1,api:0,p:-1,c:784) onDestructor()
06-13 14:27:55.013154   784  1272 E BufferQueueDebug: [Right Edge Extension#3835](this:0xb40000707086e678,id:-1,api:0,p:-1,c:-1) id info cannot be read from 'Right Edge Extension#3835'
06-13 14:27:55.013298   784  1272 I BufferQueueDebug: [Right Edge Extension#3835](this:0xb40000707086e678,id:-1,api:0,p:-1,c:-1) BufferQueue core=(784:/system/bin/surfaceflinger)
06-13 14:27:55.014474   784  1272 E BufferQueueDebug: [bbq-wrapper#3836](this:0xb40000707093b6f8,id:-1,api:0,p:-1,c:-1) id info cannot be read from 'bbq-wrapper#3836'
06-13 14:27:55.014625   784  1272 I BufferQueueDebug: [bbq-wrapper#3836](this:0xb40000707093b6f8,id:-1,api:0,p:-1,c:-1) BufferQueue core=(784:/system/bin/surfaceflinger)
06-13 14:27:55.016340  1723  1757 D BufferQueueConsumer: [](id:6bb00000109,api:0,p:-1,c:1723) connect: controlledByApp=false
06-13 14:27:55.016880  1723  1757 D BLASTBufferQueue: [bbq-adapter#264](f:0,a:0) constructor() width=108 height=2460 format=-1
06-13 14:27:55.017024  1723  1757 D Surface : lockHardwareCanvas
06-13 14:27:55.020929  2812 19072 I MediaProvider: Deleted 0 0 0 0 0 0 1 items on external_primary due to com.android.keychain
06-13 14:27:55.022760   784   784 I BufferQueueDebug: [Surface(name=cb3d52a InputMethod)/@0x6dc8b8 - animation-leash of insets_animation#3805](this:0xb40000707082a0f8,id:-1,api:0,p:-1,c:784) onDestructor()
06-13 14:27:55.024048 20915 20977 I UriTaskContentObserver: (REDACTED) Throttling content uri change event for %s
06-13 14:27:55.026906  1723  1795 D BLASTBufferQueue: [bbq-adapter#264](f:0,a:1) acquireNextBufferLocked size=108x2460 mFrameNumber=1 applyTransaction=true mTimestamp=61808076398221(auto) mPendingTransactions.size=0 graphicBufferId=7400228656024 transform=0
06-13 14:27:55.034289   784  1272 E BufferQueueDebug: [WindowToken{370be0b type=2005 android.os.Binder@659b9da}#3837](this:0xb40000707082a0f8,id:-1,api:0,p:-1,c:-1) id info cannot be read from 'WindowToken{370be0b type=2005 android.os.Binder@659b9da}#3837'
06-13 14:27:55.034466   784  1272 I BufferQueueDebug: [WindowToken{370be0b type=2005 android.os.Binder@659b9da}#3837](this:0xb40000707082a0f8,id:-1,api:0,p:-1,c:-1) BufferQueue core=(784:/system/bin/surfaceflinger)
06-13 14:27:55.037977  1090  1228 D AAL     : 06-13 02:27:54.993 BL= 697,ESS= 256, 06-13 02:27:55.004 BL= 698,ESS= 256, 06-13 02:27:55.015 BL= 699,ESS= 256, 06-13 02:27:55.027 BL= 700,ESS= 256, 06-13 02:27:55.037 BL= 701,ESS= 256, 
06-13 14:27:55.047495   784   975 D SurfaceFlinger: [SF client] NEW(0xb400006f0075ac10) for (1723:com.android.systemui)
06-13 14:27:55.049875  1723  1723 D VRI[Toast]: hardware acceleration = true, forceHwAccelerated = false
06-13 14:27:55.053648   784  2106 E BufferQueueDebug: [ca999a6 Toast#3838](this:0xb40000707090b068,id:-1,api:0,p:-1,c:-1) id info cannot be read from 'ca999a6 Toast#3838'
06-13 14:27:55.053827   784  2106 I BufferQueueDebug: [ca999a6 Toast#3838](this:0xb40000707090b068,id:-1,api:0,p:-1,c:-1) BufferQueue core=(784:/system/bin/surfaceflinger)
06-13 14:27:55.060185  1723  1723 D InputTransport: Create ARC handle: 0xb400007c023f9c50
06-13 14:27:55.060289  1723  1723 D InputEventReceiver: Input log is disabled in InputEventReceiver.
06-13 14:27:55.060316  1723  1723 D InputTransport: Input log is disabled in InputChannel.
06-13 14:27:55.064939   784  2106 E BufferQueueDebug: [Toast#3839](this:0xb4000070709300b8,id:-1,api:0,p:-1,c:-1) id info cannot be read from 'Toast#3839'
06-13 14:27:55.065143   784  2106 I BufferQueueDebug: [Toast#3839](this:0xb4000070709300b8,id:-1,api:0,p:-1,c:-1) BufferQueue core=(784:/system/bin/surfaceflinger)
06-13 14:27:55.069488 20915 32460 I NearbyDiscovery: FastPair: isDestroyable: Scanner is alive. [CONTEXT service_id=265 ]
06-13 14:27:55.069599 20915 32460 I NearbyDiscovery: DiscoveryService: Skip stopSelf(), fast pair controller is not destroyable. [CONTEXT service_id=265 ]
06-13 14:27:55.070712  1723  1723 D BufferQueueConsumer: [](id:6bb0000010a,api:0,p:-1,c:1723) connect: controlledByApp=false
06-13 14:27:55.072557   776   817 I mtkpower@impl: [setMode] type:6, enabled:1
06-13 14:27:55.072615   776   817 E mtkpower@impl: [setMode] unknown type
06-13 14:27:55.074005  1723  1795 E OpenGLRenderer: Unable to match the desired swap behavior.
06-13 14:27:55.081374  1723  1795 D BLASTBufferQueue: [VRI[Toast]#265](f:0,a:1) acquireNextBufferLocked size=364x146 mFrameNumber=1 applyTransaction=true mTimestamp=61808132935144(auto) mPendingTransactions.size=0 graphicBufferId=7400228656028 transform=0
06-13 14:27:55.089218 13675 16505 I LogHandler/AbstractLogInstance: getResponse, responseStr = getstatus,0 and waiting time remaining = 14900
06-13 14:27:55.089315 13675 16505 I LogHandler/AbstractLogInstance: <--getValueFromServer(), serverValue = 0
06-13 14:27:55.089505 13675 13675 I DebugLoggerUI/MainActivity: -->updateUI(), Update UI Start
06-13 14:27:55.089543 13675 13675 I DebugLoggerUI/MainActivity: -->dismissTagProgressDialog()
06-13 14:27:55.089570 13675 13675 I DebugLoggerUI/MainActivity: changeWaitingDialog() -> currentRunningStage is 0
06-13 14:27:55.091317 13675 13675 I DebugLoggerUI/LogControllerUtils: <--isAnyConnsysLogRunning()? false
06-13 14:27:55.091711 13675 13675 I DebugLoggerUI/MainActivity: timeString : 0:01:22
06-13 14:27:55.095005 13675 16637 W DebugLoggerUI/LogControllerUtils: getCanBeDeletedFileList() taglogFolder = /data/debuglogger/taglog is not exist!
06-13 14:27:55.105707  1090  1228 D AAL     : 06-13 02:27:55.060 BL= 702,ESS= 256, 06-13 02:27:55.071 BL= 703,ESS= 256, 06-13 02:27:55.083 BL= 704,ESS= 256, 06-13 02:27:55.094 BL= 705,ESS= 256, 06-13 02:27:55.105 BL= 706,ESS= 256, 
06-13 14:27:55.108273 13675 13675 I DebugLoggerUI/MainActivity: Receive check existing log folder done message, result=false
06-13 14:27:55.141423   776   817 I mtkpower@impl: [setMode] type:6, enabled:0
06-13 14:27:55.141504   776   817 E mtkpower@impl: [setMode] unknown type
06-13 14:27:55.158064   784   784 I BufferQueueDebug: [Surface(name=Dim Layer for - Task=70)/@0xc4fc2ed - animation-leash of dimmer#3822](this:0xb40000707082fc18,id:-1,api:0,p:-1,c:784) onDestructor()
06-13 14:27:55.158182   784   784 I BufferQueueDebug: [Dim Layer for - Task=70#3820](this:0xb400007070946d38,id:-1,api:0,p:-1,c:784) onDestructor()
06-13 14:27:55.195856  1090  1228 D AAL     : 06-13 02:27:55.128 BL= 707,ESS= 256, 06-13 02:27:55.161 BL= 709,ESS= 256, 06-13 02:27:55.173 BL= 711,ESS= 256, 06-13 02:27:55.184 BL= 713,ESS= 256, 06-13 02:27:55.195 BL= 715,ESS= 256, 
06-13 14:27:55.206444   764  1020 I hwcomposer: [HWCDisplay] [Display_0 (type:1)] fps:81.727165,dur:1003.34,max:54.78,min:6.82  
06-13 14:27:55.252290  1090  1228 D AAL     : 06-13 02:27:55.207 BL= 717,ESS= 256, 06-13 02:27:55.218 BL= 718,ESS= 256, 06-13 02:27:55.229 BL= 719,ESS= 256, 06-13 02:27:55.240 BL= 720,ESS= 256, 06-13 02:27:55.252 BL= 721,ESS= 256, 
06-13 14:27:55.265506  1723  1757 D BLASTBufferQueue: [bbq-adapter#264](f:0,a:1) destructor()
06-13 14:27:55.265664  1723  1757 D BufferQueueConsumer: [bbq-adapter#264(BLAST Consumer)264](id:6bb00000109,api:0,p:-1,c:1723) disconnect
06-13 14:27:55.266340  1723  1757 D BLASTBufferQueue: [bbq-adapter#263](f:0,a:1) destructor()
06-13 14:27:55.266437  1723  1757 D BufferQueueConsumer: [bbq-adapter#263(BLAST Consumer)263](id:6bb00000108,api:0,p:-1,c:1723) disconnect
06-13 14:27:55.270227   784  2106 E BufferQueueDebug: [Surface(name=b018427 Clearing log)/@0x8618596 - animation-leash of window_animation#3840](this:0xb400007070946d38,id:-1,api:0,p:-1,c:-1) id info cannot be read from 'Surface(name=b018427 Clearing log)/@0x8618596 - animation-leash of window_animation#3840'
06-13 14:27:55.270591   784  2106 I BufferQueueDebug: [Surface(name=b018427 Clearing log)/@0x8618596 - animation-leash of window_animation#3840](this:0xb400007070946d38,id:-1,api:0,p:-1,c:-1) BufferQueue core=(784:/system/bin/surfaceflinger)
06-13 14:27:55.275165  1477  1508 I PowerHalWrapper: amsBoostNotify pid:13675,activity:com.debug.loggerui.LogFolderListActivity, package:com.debug.loggerui, mProcessCreatePackcom.mediatek.engineermode 
06-13 14:27:55.275215  1477  1508 I PowerHalWrapper: state: 0 
06-13 14:27:55.275529  1477  1508 I mtkpower_client: [Legacy][PowerHal_Wrap_notifyAppState] com.debug.loggerui/com.debug.loggerui.LogFolderListActivity pid=13675 state:0
06-13 14:27:55.275917   776   871 I libPowerHal: [perfNotifyAppState] pack:com.debug.loggerui, act:com.debug.loggerui.LogFolderListActivity, state:0, pid:13675, uid:10174, fps:120
06-13 14:27:55.276045  1477  1508 I PowerHalWrapper: amsBoostNotify AMS_BOOST_PROCESS_CREATE_BOOST:false 
06-13 14:27:55.293589   784   784 I BufferQueueDebug: [Right Edge Extension#3835](this:0xb40000707086e678,id:-1,api:0,p:-1,c:784) onDestructor()
06-13 14:27:55.293824   784   784 I BufferQueueDebug: [bbq-wrapper#3836](this:0xb40000707093b6f8,id:-1,api:0,p:-1,c:784) onDestructor()
06-13 14:27:55.293926   784   784 I BufferQueueDebug: [Transition Root: ActivityRecord{20359b9 u0 com.debug.loggerui/.LogFolderListActivity t70 f}}#3828](this:0xb4000070708a4828,id:-1,api:0,p:-1,c:784) onDestructor()
06-13 14:27:55.293996   784   784 I BufferQueueDebug: [Left Edge Extension#3831](this:0xb4000070708b5988,id:-1,api:0,p:-1,c:784) onDestructor()
06-13 14:27:55.294138   784   784 I BufferQueueDebug: [bbq-wrapper#3832](this:0xb400007070871408,id:-1,api:0,p:-1,c:784) onDestructor()
06-13 14:27:55.298995 13675 13675 D BLASTBufferQueue: [VRI[LogFolderListActivity]#26](f:0,a:2) destructor()
06-13 14:27:55.299121 13675 13675 D BufferQueueConsumer: [VRI[LogFolderListActivity]#26(BLAST Consumer)26](id:356b0000001a,api:0,p:-1,c:13675) disconnect
06-13 14:27:55.302188 13675 13675 W WindowOnBackDispatcher: sendCancelIfRunning: isInProgress=falsecallback=android.view.ViewRootImpl$$ExternalSyntheticLambda19@88ea6a5
06-13 14:27:55.303347 13675 13675 D View    : [Warning] assignParent to null: this = DecorView@7189a59[Clearing log]
06-13 14:27:55.304044  1477  6239 W InputManager-JNI: Input channel object 'b018427 Clearing log (client)' was disposed without first being removed with the input manager!
06-13 14:27:55.305630   784   784 I BufferQueueDebug: [fd7df80 ActivityRecordInputSink com.debug.loggerui/.LogFolderListActivity#3798](this:0xb4000070708c9878,id:-1,api:0,p:-1,c:784) onDestructor()
06-13 14:27:55.307181 13675 13675 D InputTransport: Destroy ARC handle: 0xb400007c02364b80
06-13 14:27:55.308069 13675 13675 W WindowOnBackDispatcher: sendCancelIfRunning: isInProgress=falsecallback=android.view.ViewRootImpl$$ExternalSyntheticLambda19@c961bd3
06-13 14:27:55.308986  1090  1228 D AAL     : 06-13 02:27:55.263 BL= 722,ESS= 256, 06-13 02:27:55.275 BL= 723,ESS= 256, 06-13 02:27:55.286 BL= 724,ESS= 256, 06-13 02:27:55.297 BL= 725,ESS= 256, 06-13 02:27:55.308 BL= 726,ESS= 256, 
06-13 14:27:55.309111 13675 13675 D View    : [Warning] assignParent to null: this = DecorView@e57061e[LogFolderListActivity]
06-13 14:27:55.309726  1477  6267 W InputManager-JNI: Input channel object '89b73ac com.debug.loggerui/com.debug.loggerui.LogFolderListActivity (client)' was disposed without first being removed with the input manager!
06-13 14:27:55.312457 13675 14593 D BLASTBufferQueue: [VRI[Clearing log]#28](f:0,a:2) destructor()
06-13 14:27:55.312528 13675 14593 D BufferQueueConsumer: [VRI[Clearing log]#28(BLAST Consumer)28](id:356b0000001c,api:0,p:-1,c:13675) disconnect
06-13 14:27:55.313030 13675 13675 D InputTransport: Destroy ARC handle: 0xb400007c02366c80
06-13 14:27:55.328001   784   784 I BufferQueueDebug: [com.debug.loggerui/com.debug.loggerui.LogFolderListActivity#3794](this:0xb400007070879cb8,id:-1,api:0,p:-1,c:784) onDestructor()
06-13 14:27:55.328704   784   784 I BufferQueueDebug: [89b73ac com.debug.loggerui/com.debug.loggerui.LogFolderListActivity#3788](this:0xb4000070708d7c48,id:-1,api:0,p:-1,c:784) onDestructor()
06-13 14:27:55.338138   784   784 I BufferQueueDebug: [b018427 Clearing log#3813](this:0xb40000707088dba8,id:-1,api:0,p:-1,c:784) onDestructor()
06-13 14:27:55.338313   784   784 I BufferQueueDebug: [Surface(name=b018427 Clearing log)/@0x8618596 - animation-leash of window_animation#3840](this:0xb400007070946d38,id:-1,api:0,p:-1,c:784) onDestructor()
06-13 14:27:55.338577   784   784 I BufferQueueDebug: [Clearing log#3818](this:0xb400007070952378,id:-1,api:0,p:-1,c:784) onDestructor()
06-13 14:27:55.376850  1090  1228 D AAL     : 06-13 02:27:55.320 BL= 727,ESS= 256, 06-13 02:27:55.331 BL= 728,ESS= 256, 06-13 02:27:55.343 BL= 729,ESS= 256, 06-13 02:27:55.365 BL= 730,ESS= 256, 06-13 02:27:55.376 BL= 731,ESS= 256, 
06-13 14:27:55.433336  1090  1228 D AAL     : 06-13 02:27:55.388 BL= 732,ESS= 256, 06-13 02:27:55.399 BL= 733,ESS= 256, 06-13 02:27:55.422 BL= 734,ESS= 256, 06-13 02:27:55.423 BL= 735,ESS= 256, 06-13 02:27:55.433 BL= 736,ESS= 256, 
06-13 14:27:55.489620  1090  1228 D AAL     : 06-13 02:27:55.444 BL= 737,ESS= 256, 06-13 02:27:55.455 BL= 738,ESS= 256, 06-13 02:27:55.467 BL= 739,ESS= 256, 06-13 02:27:55.478 BL= 740,ESS= 256, 06-13 02:27:55.489 BL= 741,ESS= 256, 
06-13 14:27:55.545628  1090  1228 D AAL     : 06-13 02:27:55.500 BL= 742,ESS= 256, 06-13 02:27:55.512 BL= 743,ESS= 256, 06-13 02:27:55.534 BL= 744,ESS= 256, 
06-13 14:27:55.621655   784  1145 D SurfaceFlinger: calculateTimeoutTime, triggerInterval = 5 sec + 708561615 nsec
06-13 14:27:55.624939   776   854 I libPerfCtl: xgfGetFPS pid:1723 fps:92
06-13 14:27:55.625104   776   854 I libPerfCtl: xgfGetFPS pid:13675 fps:85
06-13 14:27:55.625146   776   854 I libPowerHal: [updateFPS] pid(13675) : 120 => 90
06-13 14:27:55.625762   776   871 I libPowerHal: [perfNotifyAppState] pack:com.debug.loggerui, act:com.debug.loggerui.MainActivity, state:5, pid:13675, uid:10174, fps:90
06-13 14:27:55.626369   776   871 I UxUtility: notifyForegroundApp pack:com.debug.loggerui, uid:10174
06-13 14:27:55.626487   776   871 I TouchUtility: notifyAppState error = NULL
06-13 14:27:56.625451   776   854 I libPerfCtl: xgfGetFPS pid:1723 fps:-1
06-13 14:27:56.625651   776   854 I libPerfCtl: xgfGetFPS pid:13675 fps:-1
06-13 14:27:56.625695   776   854 I libPowerHal: [updateFPS] pid(13675) : 90 => -1
06-13 14:27:56.626488   776   871 I libPowerHal: [perfNotifyAppState] pack:com.debug.loggerui, act:com.debug.loggerui.MainActivity, state:5, pid:13675, uid:10174, fps:-1
06-13 14:27:56.627007   776   871 I UxUtility: notifyForegroundApp pack:com.debug.loggerui, uid:10174
06-13 14:27:56.627061   776   871 I TouchUtility: notifyAppState error = NULL
06-13 14:27:56.831046  2838  3213 I batq    : (REDACTED) getHotwordActive::active query: %s, watch: %s, devices connected: %s
06-13 14:27:57.394685   784   784 I BufferQueueProducer: [Toast#3839](this:0xb4000070709300b8,id:-1,api:0,p:-1,c:784) queueBuffer: fps=6.53 dur=2297.00 max=2135.14 min=9.56
06-13 14:27:57.397210   764  1020 I hwcomposer: [HWCDisplay] [Display_0 (type:1)] fps:5.933976,dur:2190.77,max:2053.95,min:7.96  
06-13 14:27:57.508001  1723  1723 W WindowOnBackDispatcher: sendCancelIfRunning: isInProgress=falsecallback=android.view.ViewRootImpl$$ExternalSyntheticLambda19@8c2af0e
06-13 14:27:57.510767  1723  1723 D View    : [Warning] assignParent to null: this = android.widget.LinearLayout{1225841 V.E...... ......ID 0,0-340,122}
06-13 14:27:57.512059  1477  6267 W InputManager-JNI: Input channel object 'ca999a6 Toast (client)' was disposed without first being removed with the input manager!
06-13 14:27:57.521699  1723  1723 D InputTransport: Destroy ARC handle: 0xb400007c023f9c50
06-13 14:27:57.538506  1723  2500 D BLASTBufferQueue: [VRI[Toast]#265](f:0,a:2) destructor()
06-13 14:27:57.539008  1723  2500 D BufferQueueConsumer: [VRI[Toast]#265(BLAST Consumer)265](id:6bb0000010a,api:0,p:-1,c:1723) disconnect
06-13 14:27:57.539069   784   784 I BufferQueueDebug: [ca999a6 Toast#3838](this:0xb40000707090b068,id:-1,api:0,p:-1,c:784) onDestructor()
06-13 14:27:57.550672   784   784 I BufferQueueDebug: [Toast#3839](this:0xb4000070709300b8,id:-1,api:0,p:-1,c:784) onDestructor()
06-13 14:27:57.625752   776   854 I libPerfCtl: xgfGetFPS pid:1723 fps:92
06-13 14:27:57.626061   776   854 I libPerfCtl: xgfGetFPS pid:13675 fps:-1
06-13 14:27:57.806056   784  1140 D SurfaceFlinger: calculateTimeoutTime, triggerInterval = 4 sec + 711231769 nsec
06-13 14:27:58.627084   776   854 I libPerfCtl: xgfGetFPS pid:1723 fps:-1
06-13 14:27:58.627276   776   854 I libPerfCtl: xgfGetFPS pid:13675 fps:-1
06-13 14:27:59.627374   776   854 I libPerfCtl: xgfGetFPS pid:1723 fps:-1
06-13 14:27:59.627564   776   854 I libPerfCtl: xgfGetFPS pid:13675 fps:-1
06-13 14:27:59.979091   776   871 I mtkpower@impl: [powerd_req] TIMER_MSG_PERF_LOCK_TIMEOUT hdl:2453
06-13 14:27:59.979240   776   871 I libPowerHal: [perfLockRel] hdl:2453, idx:0
06-13 14:27:59.979449   776   871 I libPowerHal: [PD] MTKPOWER_HINT_EXT_LAUNCH update cmd:1000000, param:-1
06-13 14:27:59.979636   776   871 I libPowerHal: [PD] MTKPOWER_HINT_EXT_LAUNCH update cmd:2020000 param:1
06-13 14:27:59.980009   776   871 I libPowerHal: [PD] MTKPOWER_HINT_EXT_LAUNCH update cmd:1408300 param:0
06-13 14:27:59.981020   776   871 I libPowerHal: [PD] MTKPOWER_HINT_EXT_LAUNCH update cmd:1000000 param:-1
06-13 14:28:00.076996   784   784 I BufferQueueProducer: [StatusBar#79](this:0xb400007070854c68,id:-1,api:0,p:-1,c:784) queueBuffer: fps=0.27 dur=7449.85 max=7199.99 min=249.86
06-13 14:28:00.079587   764  1020 I hwcomposer: [HWCDisplay] [Display_0 (type:1)] fps:5.219303,dur:2682.35,max:2523.88,min:7.50  
06-13 14:28:00.243934  1477  1512 D AES     : AEEIOCTL_GET/SET_SF_STATE IOCTL,cmd= 1074294797, lParam=0. 
06-13 14:28:00.244153  1477  1512 D AES     : AEEIOCTL_RT_MON_Kick IOCTL,cmd= 2147774474, lParam=300. 
06-13 14:28:00.627861   776   854 I libPerfCtl: xgfGetFPS pid:1723 fps:-1
06-13 14:28:00.628342   776   854 I libPerfCtl: xgfGetFPS pid:13675 fps:-1
06-13 14:28:00.988788   771  1649 I android.hardware.usb@1.2-service-mediatekv2: uevent_event change@/devices/platform/11007000.i2c0/i2c-0/0-0064/power_supply/cw-bat
06-13 14:28:00.989256   771  1649 I android.hardware.usb@1.2-service-mediatekv2: uevent_event change@/devices/platform/11007000.i2c0/i2c-0/0-0064/power_supply/cw-bat
06-13 14:28:00.989595   771  1649 I android.hardware.usb@1.2-service-mediatekv2: uevent_event change@/devices/platform/11007000.i2c0/i2c-0/0-0064/power_supply/cw-bat
06-13 14:28:00.989929   771  1649 I android.hardware.usb@1.2-service-mediatekv2: uevent_event change@/devices/platform/11007000.i2c0/i2c-0/0-0064/power_supply/cw-bat
06-13 14:28:00.990259   771  1649 I android.hardware.usb@1.2-service-mediatekv2: uevent_event change@/devices/platform/11007000.i2c0/i2c-0/0-0064/power_supply/cw-bat
06-13 14:28:00.990591   771  1649 I android.hardware.usb@1.2-service-mediatekv2: uevent_event change@/devices/platform/11007000.i2c0/i2c-0/0-0064/power_supply/cw-bat
06-13 14:28:00.990919   771  1649 I android.hardware.usb@1.2-service-mediatekv2: uevent_event change@/devices/platform/11007000.i2c0/i2c-0/0-0064/power_supply/cw-bat
06-13 14:28:00.991248   771  1649 I android.hardware.usb@1.2-service-mediatekv2: uevent_event change@/devices/platform/11007000.i2c0/i2c-0/0-0064/power_supply/cw-bat
06-13 14:28:00.991577   771  1649 I android.hardware.usb@1.2-service-mediatekv2: uevent_event change@/devices/platform/11007000.i2c0/i2c-0/0-0064/power_supply/cw-bat
06-13 14:28:00.992015   771  1649 I android.hardware.usb@1.2-service-mediatekv2: uevent_event change@/devices/platform/11007000.i2c0/i2c-0/0-0064/power_supply/cw-bat
06-13 14:28:00.992355   771  1649 I android.hardware.usb@1.2-service-mediatekv2: uevent_event change@/devices/platform/11007000.i2c0/i2c-0/0-0064/power_supply/cw-bat
06-13 14:28:00.992688   771  1649 I android.hardware.usb@1.2-service-mediatekv2: uevent_event change@/devices/platform/11007000.i2c0/i2c-0/0-0064/power_supply/cw-bat
06-13 14:28:00.993261   771  1649 I android.hardware.usb@1.2-service-mediatekv2: uevent_event change@/devices/platform/11007000.i2c0/i2c-0/0-0064/power_supply/cw-bat
06-13 14:28:00.993732   771  1649 I android.hardware.usb@1.2-service-mediatekv2: uevent_event change@/devices/platform/11007000.i2c0/i2c-0/0-0064/power_supply/cw-bat
06-13 14:28:01.045519  1477  1477 E PriBatteryTemperatureService: onReceive SHOW_STOP_CHARGING_TIPS=false,SHUTDOWN_BATTERY_HIGH_TEMP=600,SHUTDOWN_BATTERY_LOW_TEMP=-250,temperature=305
06-13 14:28:01.048714  1723  1723 I PowerUI : onReceive: mBatteryLevel = 10:plugged=trueisShutDialogShow:falseON:false
06-13 14:28:01.102731   784   784 I BufferQueueProducer: [StatusBar#79](this:0xb400007070854c68,id:-1,api:0,p:-1,c:784) queueBuffer: fps=0.97 dur=1025.75 max=1025.75 min=1025.75
06-13 14:28:01.105504   764  1020 I hwcomposer: [HWCDisplay] [Display_0 (type:1)] fps:0.974768,dur:1025.88,max:1025.88,min:1025.88  
06-13 14:28:01.330572   784  1145 D SurfaceFlinger: calculateTimeoutTime, triggerInterval = 5 sec + 760335153 nsec
06-13 14:28:01.629239   776   854 I libPerfCtl: xgfGetFPS pid:1723 fps:-1
06-13 14:28:01.629415   776   854 I libPerfCtl: xgfGetFPS pid:13675 fps:-1
06-13 14:28:02.143706   771  1649 I android.hardware.usb@1.2-service-mediatekv2: uevent_event change@/devices/platform/battery/power_supply/battery
06-13 14:28:02.144243   771  1649 I android.hardware.usb@1.2-service-mediatekv2: uevent_event change@/devices/platform/battery/power_supply/battery
06-13 14:28:02.144586   771  1649 I android.hardware.usb@1.2-service-mediatekv2: uevent_event change@/devices/platform/battery/power_supply/battery
06-13 14:28:02.144920   771  1649 I android.hardware.usb@1.2-service-mediatekv2: uevent_event change@/devices/platform/battery/power_supply/battery
06-13 14:28:02.145250   771  1649 I android.hardware.usb@1.2-service-mediatekv2: uevent_event change@/devices/platform/battery/power_supply/battery
06-13 14:28:02.145581   771  1649 I android.hardware.usb@1.2-service-mediatekv2: uevent_event change@/devices/platform/battery/power_supply/battery
06-13 14:28:02.145911   771  1649 I android.hardware.usb@1.2-service-mediatekv2: uevent_event change@/devices/platform/battery/power_supply/battery
06-13 14:28:02.146238   771  1649 I android.hardware.usb@1.2-service-mediatekv2: uevent_event change@/devices/platform/battery/power_supply/battery
06-13 14:28:02.146567   771  1649 I android.hardware.usb@1.2-service-mediatekv2: uevent_event change@/devices/platform/battery/power_supply/battery
06-13 14:28:02.146896   771  1649 I android.hardware.usb@1.2-service-mediatekv2: uevent_event change@/devices/platform/battery/power_supply/battery
06-13 14:28:02.147224   771  1649 I android.hardware.usb@1.2-service-mediatekv2: uevent_event change@/devices/platform/battery/power_supply/battery
06-13 14:28:02.147552   771  1649 I android.hardware.usb@1.2-service-mediatekv2: uevent_event change@/devices/platform/battery/power_supply/battery
06-13 14:28:02.148410   771  1649 I android.hardware.usb@1.2-service-mediatekv2: uevent_event change@/devices/platform/battery/power_supply/battery
06-13 14:28:02.148941   771  1649 I android.hardware.usb@1.2-service-mediatekv2: uevent_event change@/devices/platform/battery/power_supply/battery
06-13 14:28:02.149407   771  1649 I android.hardware.usb@1.2-service-mediatekv2: uevent_event change@/devices/platform/battery/power_supply/battery
06-13 14:28:02.149843   771  1649 I android.hardware.usb@1.2-service-mediatekv2: uevent_event change@/devices/platform/battery/power_supply/battery
06-13 14:28:02.150200   771  1649 I android.hardware.usb@1.2-service-mediatekv2: uevent_event change@/devices/platform/battery/power_supply/battery
06-13 14:28:02.150559   771  1649 I android.hardware.usb@1.2-service-mediatekv2: uevent_event change@/devices/platform/battery/power_supply/battery
06-13 14:28:02.150914   771  1649 I android.hardware.usb@1.2-service-mediatekv2: uevent_event change@/devices/platform/battery/power_supply/battery
06-13 14:28:02.151360   771  1649 I android.hardware.usb@1.2-service-mediatekv2: uevent_event change@/devices/platform/battery/power_supply/battery
06-13 14:28:02.151937   771  1649 I android.hardware.usb@1.2-service-mediatekv2: uevent_event change@/devices/platform/battery/power_supply/battery
06-13 14:28:02.255542  1083  1083 I thermal_repeater: [recvMdThermalInfo] ret=33, strLen=127,  2, 32767, -127, 111, 32767, 4046
06-13 14:28:02.518284   784  1140 D SurfaceFlinger: MtkOverrideDuration: update vsync 60
06-13 14:28:02.518387   784  1140 E SurfaceFlinger: MtkDuration override mode is disabled
06-13 14:28:02.518414   784  1140 D SurfaceFlinger: MtkOverrideDuration: reset override duration
06-13 14:28:02.536830   764  1020 I hwcomposer: [HWC] (0) displaySetActiveConfig config:0  
06-13 14:28:02.540320   764  1020 I hwcomposer: [HWCDisplay] [Display_0 (type:1)] fps:0.696939,dur:1434.85,max:1434.85,min:1434.85  
06-13 14:28:02.629821   776   854 I libPerfCtl: xgfGetFPS pid:1723 fps:-1
06-13 14:28:02.629982   776   854 I libPerfCtl: xgfGetFPS pid:13675 fps:-1
06-13 14:28:02.838056   794   794 I libPerfCtl: xgfGetCmd ioctl_ret:-1
06-13 14:28:03.630310   776   854 I libPerfCtl: xgfGetFPS pid:1723 fps:-1
06-13 14:28:03.630500   776   854 I libPerfCtl: xgfGetFPS pid:13675 fps:-1
06-13 14:28:04.000520   771  1649 I android.hardware.usb@1.2-service-mediatekv2: uevent_event change@/devices/virtual/misc/cpu_loading
06-13 14:28:04.001306   771  1649 I android.hardware.usb@1.2-service-mediatekv2: uevent_event change@/devices/virtual/misc/cpu_loading
06-13 14:28:04.001854   771  1649 I android.hardware.usb@1.2-service-mediatekv2: uevent_event change@/devices/virtual/misc/cpu_loading
06-13 14:28:04.002384   771  1649 I android.hardware.usb@1.2-service-mediatekv2: uevent_event change@/devices/virtual/misc/cpu_loading
06-13 14:28:04.002757   771  1649 I android.hardware.usb@1.2-service-mediatekv2: uevent_event change@/devices/virtual/misc/cpu_loading
06-13 14:28:04.003117   771  1649 I android.hardware.usb@1.2-service-mediatekv2: uevent_event change@/devices/virtual/misc/cpu_loading
06-13 14:28:04.003865   771  1649 I android.hardware.usb@1.2-service-mediatekv2: uevent_event change@/devices/virtual/misc/cpu_loading
06-13 14:28:04.004458   771  1649 I android.hardware.usb@1.2-service-mediatekv2: uevent_event change@/devices/virtual/misc/cpu_loading
06-13 14:28:04.005013   771  1649 I android.hardware.usb@1.2-service-mediatekv2: uevent_event change@/devices/virtual/misc/cpu_loading
06-13 14:28:04.005547   771  1649 I android.hardware.usb@1.2-service-mediatekv2: uevent_event change@/devices/virtual/misc/cpu_loading
06-13 14:28:04.006073   771  1649 I android.hardware.usb@1.2-service-mediatekv2: uevent_event change@/devices/virtual/misc/cpu_loading
06-13 14:28:04.631067   776   854 I libPerfCtl: xgfGetFPS pid:1723 fps:-1
06-13 14:28:04.631258   776   854 I libPerfCtl: xgfGetFPS pid:13675 fps:-1
06-13 14:28:05.631351   776   854 I libPerfCtl: xgfGetFPS pid:1723 fps:-1
06-13 14:28:06.632019   776   854 I libPerfCtl: xgfGetFPS pid:1723 fps:-1
06-13 14:28:07.091379   784  1145 D SurfaceFlinger: calculateTimeoutTime, triggerInterval = 1 sec + 486449230 nsec
06-13 14:28:07.497481   791   813 W TeeEndorsementInstaller: Endorsement token not found, wait a bit longer [vendor/mediatek/proprietary/trustzone/trustonic/source/external/mobicore/common/500/Daemon/src/EndorsementInstaller.cpp:105]
06-13 14:28:07.632697   776   854 I libPerfCtl: xgfGetFPS pid:1723 fps:-1
06-13 14:28:08.408487   764  1020 I hwcomposer: [HWCDisplay] [Display_0 (type:1)] fps:0.340824,dur:5868.13,max:5853.32,min:14.81  
06-13 14:28:08.420695   784   784 I BufferQueueDebug: [WindowToken{370be0b type=2005 android.os.Binder@659b9da}#3837](this:0xb40000707082a0f8,id:-1,api:0,p:-1,c:784) onDestructor()
06-13 14:28:08.578468   784  1145 D SurfaceFlinger: calculateTimeoutTime, triggerInterval = 5 sec + 827282231 nsec
06-13 14:28:08.702535   776   871 I libPowerHal: [perfLockAcq] idx:0 hdl:2454 hint:25 pid:776 duration:10000 lock_user:mtkpower@1.0-se => ret_hdl:2454
06-13 14:28:08.703343   776   871 I libPowerHal: [PE] MTKPOWER_HINT_APP_TOUCH update cmd:3408600 param:1
06-13 14:28:08.704030   784  1140 D SurfaceFlinger: calculateTimeoutTime, triggerInterval = 5 sec + 0 nsec
06-13 14:28:08.704062   784  1140 D SurfaceFlinger: calculateTimeoutTime, triggerInterval = 4 sec + 999958385 nsec
06-13 14:28:08.710952   780   780 D Vibrator: Vibrator perform 1, 0
06-13 14:28:08.711053   780   780 I Vibrator: Vibrator on for timeoutMs: 70
06-13 14:28:08.711993   780   780 D Vibrator: Vibrator using LED trigger
06-13 14:28:08.712744   764  1020 I hwcomposer: [HWC] (0) displaySetActiveConfig config:1  
06-13 14:28:08.728690   784   784 D SurfaceFlinger: MtkOverrideDuration: update vsync 90
06-13 14:28:08.728752   784   784 E SurfaceFlinger: MtkDuration override mode is disabled
06-13 14:28:08.728764   784   784 D SurfaceFlinger: MtkOverrideDuration: reset override duration
06-13 14:28:08.729076   784   784 I BufferQueueProducer: [NavigationBar0#75](this:0xb40000707084c3b8,id:-1,api:0,p:-1,c:784) queueBuffer: fps=0.76 dur=86822.80 max=86067.06 min=10.49
06-13 14:28:08.754738   776   871 I libPowerHal: [perfLockRel] hdl:2454, idx:0
06-13 14:28:08.755175   776   871 I libPowerHal: [PD] MTKPOWER_HINT_APP_TOUCH update cmd:3408600 param:0
06-13 14:28:08.761652  1723  1723 I vol.VolumeDialogImpl: mDialog.dismiss() reason: volume_controller from: com.android.systemui.volume.VolumeDialogImpl$7.onDismissRequested:3
06-13 14:28:08.768620   776   817 I mtkpower@impl: [setMode] type:5, enabled:1
06-13 14:28:08.769340   776   871 I libPowerHal: [perfLockAcq] idx:0 hdl:2455 hint:11 pid:776 duration:30000 lock_user:mtkpower@1.0-se => ret_hdl:2455
06-13 14:28:08.769579   776   871 I libPowerHal: LAUNCH: cpu_ctrl set cpu freq: 1800000 -1 2000000 -1
06-13 14:28:08.769733   776   871 I libPowerHal: [PE] LAUNCH update cmd:1000000, param:0
06-13 14:28:08.769993   776   871 I libPowerHal: [PE] LAUNCH update cmd:1408300, param:100
06-13 14:28:08.770067   776   871 I libPowerHal: [PE] LAUNCH update cmd:1000000 param:0
06-13 14:28:08.771622  1477  1506 I PowerHalWrapper: amsBoostNotify pid:13675,activity:com.debug.loggerui.MainActivity, package:com.debug.loggerui, mProcessCreatePackcom.mediatek.engineermode 
06-13 14:28:08.771814  1477  1506 I PowerHalWrapper: state: 0 
06-13 14:28:08.772447  1477  1506 I mtkpower_client: [Legacy][PowerHal_Wrap_notifyAppState] com.debug.loggerui/com.debug.loggerui.MainActivity pid=13675 state:0
06-13 14:28:08.772792   776   871 I libPowerHal: [perfNotifyAppState] pack:com.debug.loggerui, act:com.debug.loggerui.MainActivity, state:0, pid:13675, uid:10174, fps:-1
06-13 14:28:08.773480  1477  1506 I PowerHalWrapper: amsBoostNotify AMS_BOOST_PROCESS_CREATE_BOOST:false 
06-13 14:28:08.775055  1477  1506 I PowerHalWrapper: <amsBoostResume> last:com.debug.loggerui, next:com.android.launcher3 
06-13 14:28:08.776233  1477  1506 D PriAppSwitchManagerService: LAU in: 90.0
06-13 14:28:08.776461   776   871 I libPowerHal: [perfLockRel] hdl:2453, idx:-1
06-13 14:28:08.776654  1477  1528 I PriSysResMon: Scene-PriDecisionMaker:Current scene: SCENE_LAUNCHER, has rules count: 5 freeM:2217
06-13 14:28:08.776881   776   871 I libPowerHal: [perfLockAcq] idx:1 hdl:2456 hint:22 pid:776 duration:10000 lock_user:mtkpower@1.0-se => ret_hdl:2456
06-13 14:28:08.777388   776   871 I libPowerHal: [perfLockRel] hdl:2442, idx:-1
06-13 14:28:08.781701  1477 10130 I PowerHalWrapper: amsBoostNotify pid:1989,activity:com.android.searchlauncher.SearchLauncher, package:com.android.launcher3, mProcessCreatePackcom.mediatek.engineermode 
06-13 14:28:08.781750  1477 10130 I PowerHalWrapper: state: 1 
06-13 14:28:08.782112  1477 10130 I mtkpower_client: [Legacy][PowerHal_Wrap_notifyAppState] com.android.launcher3/com.android.searchlauncher.SearchLauncher pid=1989 state:1
06-13 14:28:08.782805  1477 10130 I PowerHalWrapper: amsBoostNotify AMS_BOOST_PROCESS_CREATE_BOOST:false 
06-13 14:28:08.782804   776   871 I libPowerHal: [perfNotifyAppState] pack:com.android.launcher3, act:com.android.searchlauncher.SearchLauncher, state:1, pid:1989, uid:1000, fps:-1
06-13 14:28:08.783040   776   871 I libPowerHal: [perfNotifyAppState] foreground:com.android.launcher3, pid:1989, uid:1000
06-13 14:28:08.783336 13675 13675 I DebugLoggerUI/MainActivity: onPause
06-13 14:28:08.783354   776   871 I UxUtility: notifyForegroundApp pack:com.android.launcher3, uid:1000
06-13 14:28:08.783380   776   871 I TouchUtility: notifyAppState error = NULL
06-13 14:28:08.784447   776   816 I mtkpower@impl: [notifyAppState] pc:0, com.debug.loggerui => com.android.launcher3
06-13 14:28:08.785804   784  1985 E BufferQueueDebug: [(1-1)-Window{308d13a alpha=1.0 fl=}#3841](this:0xb40000707082fc18,id:-1,api:0,p:-1,c:-1) id info cannot be read from '(1-1)-Window{308d13a alpha=1.0 fl=}#3841'
06-13 14:28:08.785919   784  1985 I BufferQueueDebug: [(1-1)-Window{308d13a alpha=1.0 fl=}#3841](this:0xb40000707082fc18,id:-1,api:0,p:-1,c:-1) BufferQueue core=(784:/system/bin/surfaceflinger)
06-13 14:28:08.786790 13675 13675 I DebugLoggerUI/MainActivity: -->dismissTagProgressDialog()
06-13 14:28:08.786928   780   780 D Vibrator: Vibrator off
06-13 14:28:08.786978  1477  1523 W libprocessgroup: SetCgroup::ExecuteForProcess: failed to open /dev/blkio//cgroup.procs: No such file or directory
06-13 14:28:08.787070   780   780 D Vibrator: Vibrator using LED trigger
06-13 14:28:08.788846  1477  1559 D SurfaceComposerClient: Transaction::apply InputWindowCommands.focusRequests timestamp=61821833520684, windowName=<null>
06-13 14:28:08.789364  1989  1989 D Launcher3: ActivityTracker, ActivityTracker222 handleIntent alreadyOnHome = true;  mCallbacks.size() = 0
06-13 14:28:08.789444  1989  1989 D Launcher3: ActivityTracker, Launcher onNewIntent internalStateHandled = false; isActionMain = true; state = Normal
06-13 14:28:08.790541  1989  1989 D Launcher3: Launcher, PrizeLauncher onResume--------------------; getState() = Normal; this = com.android.searchlauncher.SearchLauncher@311cdd6
06-13 14:28:08.790636  1989  1989 I Launcher3: UiController, applyScreenStyle: mScreenStyle false screnstyle  false
06-13 14:28:08.790651  1989  1989 I Launcher3: PrizeStateBarStateManag, backSearch isSearchMode = false; getCurrentStableState() = Normal
