06-13 12:08:42.928878  1423  1473 D RmcNwHdlr: [0] handleSignalStrength, gsm_signal_strength: 99, gsm_bit_error_rate: 99, gsm_timing_advance: 2147483647, cdma_dbm: 2147483647, cdma_ecio: 2147483647, evdo_dbm: 2147483647, evdo_ecio: 2147483647, evdo_snr: 2147483647, lte_signal_strength: 99, lte_rsrp: 2147483647, lte_rsrq: 2147483647, lte_rssnr: 2147483647, lte_cqi: 2147483647, lte_timing_advance: 2147483647, tdscdma_signal_strength: 99, tdscdma_bit_error_rate: 99, tdscdma_rscp: 255, wcdma_signal_strength: 22, wcdma_bit_error_rate: 99, wcdma_scdma_rscp: 53, wcdma_ecno: 42, ssRsrp: 2147483647, ssRsrq: 2147483647, ssSinr: 2147483647, csiRsrp: 2147483647, csiRsrq: 2147483647, csiSinr: 2147483647
06-13 12:08:45.804256  1423  1529 I RilClient: initialize: commandFd is 93
06-13 12:08:45.804855  1423  1529 I RilClient: start listen on fd: 30, socket name: rild-oem
06-13 12:08:45.806135  1423  1478 I RmcOemHandler: requestQueryThermal Enter: -1
06-13 12:08:45.806294  1423  1478 I AT      : [0] AT> AT+ETHERMAL (RIL_CMD_READER_1 tid:487591455984)
06-13 12:08:45.810166  1423  1477 I AT      : [0] AT< +ETHERMAL: 2, 32767, -127, 111, 32767, 4046 (RIL_CMD_READER_1, tid:487592492272)
06-13 12:08:45.810289  1423  1477 I AT      : [0] AT< OK (RIL_CMD_READER_1, tid:487592492272)
06-13 12:08:45.810587  1423  1478 I RmcOemHandler: requestQueryThermal success
06-13 12:08:48.048289  1423  1472 I AT      : [0] AT< +ECSQ: 53,39,1,-272,-19,1,1,4,32767,1 (RIL_URC_READER, tid:487597673712)
06-13 12:08:48.049812  1423  1473 D RmcNwHdlr: [0] requestSignalStrength:sigRegisted[0000], sigUpdated[0X04]
06-13 12:08:48.049939  1423  1473 D RmcNwHdlr: [0] handleSignalStrength, gsm_signal_strength: 99, gsm_bit_error_rate: 99, gsm_timing_advance: 2147483647, cdma_dbm: 2147483647, cdma_ecio: 2147483647, evdo_dbm: 2147483647, evdo_ecio: 2147483647, evdo_snr: 2147483647, lte_signal_strength: 99, lte_rsrp: 2147483647, lte_rsrq: 2147483647, lte_rssnr: 2147483647, lte_cqi: 2147483647, lte_timing_advance: 2147483647, tdscdma_signal_strength: 99, tdscdma_bit_error_rate: 99, tdscdma_rscp: 255, wcdma_signal_strength: 22, wcdma_bit_error_rate: 99, wcdma_scdma_rscp: 53, wcdma_ecno: 39, ssRsrp: 2147483647, ssRsrq: 2147483647, ssSinr: 2147483647, csiRsrp: 2147483647, csiRsrq: 2147483647, csiSinr: 2147483647
06-13 12:08:53.169774  1423  1472 I AT      : [0] AT< +ECSQ: 52,41,1,-273,-16,1,1,4,32767,1 (RIL_URC_READER, tid:487597673712)
06-13 12:08:53.171415  1423  1473 D RmcNwHdlr: [0] requestSignalStrength:sigRegisted[0000], sigUpdated[0X04]
06-13 12:08:53.171681  1423  1473 D RmcNwHdlr: [0] handleSignalStrength, gsm_signal_strength: 99, gsm_bit_error_rate: 99, gsm_timing_advance: 2147483647, cdma_dbm: 2147483647, cdma_ecio: 2147483647, evdo_dbm: 2147483647, evdo_ecio: 2147483647, evdo_snr: 2147483647, lte_signal_strength: 99, lte_rsrp: 2147483647, lte_rsrq: 2147483647, lte_rssnr: 2147483647, lte_cqi: 2147483647, lte_timing_advance: 2147483647, tdscdma_signal_strength: 99, tdscdma_bit_error_rate: 99, tdscdma_rscp: 255, wcdma_signal_strength: 22, wcdma_bit_error_rate: 99, wcdma_scdma_rscp: 52, wcdma_ecno: 41, ssRsrp: 2147483647, ssRsrq: 2147483647, ssSinr: 2147483647, csiRsrp: 2147483647, csiRsrq: 2147483647, csiSinr: 2147483647
06-13 12:08:55.818461  1423  1529 I RilClient: initialize: commandFd is 96
06-13 12:08:55.819053  1423  1529 I RilClient: start listen on fd: 30, socket name: rild-oem
06-13 12:08:55.820435  1423  1478 I RmcOemHandler: requestQueryThermal Enter: -1
06-13 12:08:55.820593  1423  1478 I AT      : [0] AT> AT+ETHERMAL (RIL_CMD_READER_1 tid:487591455984)
06-13 12:08:55.829837  1423  1477 I AT      : [0] AT< +ETHERMAL: 2, 32767, -127, 111, 32767, 4046 (RIL_CMD_READER_1, tid:487592492272)
06-13 12:08:55.829959  1423  1477 I AT      : [0] AT< OK (RIL_CMD_READER_1, tid:487592492272)
06-13 12:08:55.830257  1423  1478 I RmcOemHandler: requestQueryThermal success
06-13 12:08:58.291129  1423  1472 I AT      : [0] AT< +ECSQ: 53,42,1,-269,-14,1,1,4,32767,1 (RIL_URC_READER, tid:487597673712)
06-13 12:08:58.292856  1423  1473 D RmcNwHdlr: [0] requestSignalStrength:sigRegisted[0000], sigUpdated[0X04]
06-13 12:08:58.293128  1423  1473 D RmcNwHdlr: [0] handleSignalStrength, gsm_signal_strength: 99, gsm_bit_error_rate: 99, gsm_timing_advance: 2147483647, cdma_dbm: 2147483647, cdma_ecio: 2147483647, evdo_dbm: 2147483647, evdo_ecio: 2147483647, evdo_snr: 2147483647, lte_signal_strength: 99, lte_rsrp: 2147483647, lte_rsrq: 2147483647, lte_rssnr: 2147483647, lte_cqi: 2147483647, lte_timing_advance: 2147483647, tdscdma_signal_strength: 99, tdscdma_bit_error_rate: 99, tdscdma_rscp: 255, wcdma_signal_strength: 22, wcdma_bit_error_rate: 99, wcdma_scdma_rscp: 53, wcdma_ecno: 42, ssRsrp: 2147483647, ssRsrq: 2147483647, ssSinr: 2147483647, csiRsrp: 2147483647, csiRsrq: 2147483647, csiSinr: 2147483647
06-13 12:09:03.412060  1423  1472 I AT      : [0] AT< +ECSQ: 52,40,1,-273,-17,1,1,4,32767,1 (RIL_URC_READER, tid:487597673712)
06-13 12:09:03.413597  1423  1473 D RmcNwHdlr: [0] requestSignalStrength:sigRegisted[0000], sigUpdated[0X04]
06-13 12:09:03.413724  1423  1473 D RmcNwHdlr: [0] handleSignalStrength, gsm_signal_strength: 99, gsm_bit_error_rate: 99, gsm_timing_advance: 2147483647, cdma_dbm: 2147483647, cdma_ecio: 2147483647, evdo_dbm: 2147483647, evdo_ecio: 2147483647, evdo_snr: 2147483647, lte_signal_strength: 99, lte_rsrp: 2147483647, lte_rsrq: 2147483647, lte_rssnr: 2147483647, lte_cqi: 2147483647, lte_timing_advance: 2147483647, tdscdma_signal_strength: 99, tdscdma_bit_error_rate: 99, tdscdma_rscp: 255, wcdma_signal_strength: 22, wcdma_bit_error_rate: 99, wcdma_scdma_rscp: 52, wcdma_ecno: 40, ssRsrp: 2147483647, ssRsrq: 2147483647, ssSinr: 2147483647, csiRsrp: 2147483647, csiRsrq: 2147483647, csiSinr: 2147483647
06-13 12:09:05.838010  1423  1529 I RilClient: initialize: commandFd is 93
06-13 12:09:05.838609  1423  1529 I RilClient: start listen on fd: 30, socket name: rild-oem
06-13 12:09:05.839860  1423  1478 I RmcOemHandler: requestQueryThermal Enter: -1
06-13 12:09:05.840018  1423  1478 I AT      : [0] AT> AT+ETHERMAL (RIL_CMD_READER_1 tid:487591455984)
06-13 12:09:05.849893  1423  1477 I AT      : [0] AT< +ETHERMAL: 2, 32767, -127, 111, 32767, 4046 (RIL_CMD_READER_1, tid:487592492272)
06-13 12:09:05.850056  1423  1477 I AT      : [0] AT< OK (RIL_CMD_READER_1, tid:487592492272)
06-13 12:09:05.850383  1423  1478 I RmcOemHandler: requestQueryThermal success
06-13 12:09:08.533275  1423  1472 I AT      : [0] AT< +ECSQ: 51,40,1,-278,-18,1,1,4,32767,1 (RIL_URC_READER, tid:487597673712)
06-13 12:09:08.534832  1423  1473 D RmcNwHdlr: [0] requestSignalStrength:sigRegisted[0000], sigUpdated[0X04]
06-13 12:09:08.534974  1423  1473 D RmcNwHdlr: [0] handleSignalStrength, gsm_signal_strength: 99, gsm_bit_error_rate: 99, gsm_timing_advance: 2147483647, cdma_dbm: 2147483647, cdma_ecio: 2147483647, evdo_dbm: 2147483647, evdo_ecio: 2147483647, evdo_snr: 2147483647, lte_signal_strength: 99, lte_rsrp: 2147483647, lte_rsrq: 2147483647, lte_rssnr: 2147483647, lte_cqi: 2147483647, lte_timing_advance: 2147483647, tdscdma_signal_strength: 99, tdscdma_bit_error_rate: 99, tdscdma_rscp: 255, wcdma_signal_strength: 21, wcdma_bit_error_rate: 99, wcdma_scdma_rscp: 51, wcdma_ecno: 40, ssRsrp: 2147483647, ssRsrq: 2147483647, ssSinr: 2147483647, csiRsrp: 2147483647, csiRsrq: 2147483647, csiSinr: 2147483647
06-13 12:09:13.644948  1423  1472 I AT      : [0] AT< +ECSQ: 54,44,1,-267,-9,1,1,4,32767,1 (RIL_URC_READER, tid:487597673712)
06-13 12:09:13.646608  1423  1473 D RmcNwHdlr: [0] requestSignalStrength:sigRegisted[0000], sigUpdated[0X04]
06-13 12:09:13.646734  1423  1473 D RmcNwHdlr: [0] handleSignalStrength, gsm_signal_strength: 99, gsm_bit_error_rate: 99, gsm_timing_advance: 2147483647, cdma_dbm: 2147483647, cdma_ecio: 2147483647, evdo_dbm: 2147483647, evdo_ecio: 2147483647, evdo_snr: 2147483647, lte_signal_strength: 99, lte_rsrp: 2147483647, lte_rsrq: 2147483647, lte_rssnr: 2147483647, lte_cqi: 2147483647, lte_timing_advance: 2147483647, tdscdma_signal_strength: 99, tdscdma_bit_error_rate: 99, tdscdma_rscp: 255, wcdma_signal_strength: 23, wcdma_bit_error_rate: 99, wcdma_scdma_rscp: 54, wcdma_ecno: 44, ssRsrp: 2147483647, ssRsrq: 2147483647, ssSinr: 2147483647, csiRsrp: 2147483647, csiRsrq: 2147483647, csiSinr: 2147483647
06-13 12:09:15.857724  1423  1529 I RilClient: initialize: commandFd is 96
06-13 12:09:15.858478  1423  1529 I RilClient: start listen on fd: 30, socket name: rild-oem
06-13 12:09:15.859773  1423  1478 I RmcOemHandler: requestQueryThermal Enter: -1
06-13 12:09:15.859932  1423  1478 I AT      : [0] AT> AT+ETHERMAL (RIL_CMD_READER_1 tid:487591455984)
06-13 12:09:15.869437  1423  1477 I AT      : [0] AT< +ETHERMAL: 2, 32767, -127, 111, 32767, 4046 (RIL_CMD_READER_1, tid:487592492272)
06-13 12:09:15.869562  1423  1477 I AT      : [0] AT< OK (RIL_CMD_READER_1, tid:487592492272)
06-13 12:09:15.869863  1423  1478 I RmcOemHandler: requestQueryThermal success
06-13 12:09:18.766208  1423  1472 I AT      : [0] AT< +ECSQ: 52,38,1,-274,-22,1,1,4,32767,1 (RIL_URC_READER, tid:487597673712)
06-13 12:09:18.767888  1423  1473 D RmcNwHdlr: [0] requestSignalStrength:sigRegisted[0000], sigUpdated[0X04]
06-13 12:09:18.768017  1423  1473 D RmcNwHdlr: [0] handleSignalStrength, gsm_signal_strength: 99, gsm_bit_error_rate: 99, gsm_timing_advance: 2147483647, cdma_dbm: 2147483647, cdma_ecio: 2147483647, evdo_dbm: 2147483647, evdo_ecio: 2147483647, evdo_snr: 2147483647, lte_signal_strength: 99, lte_rsrp: 2147483647, lte_rsrq: 2147483647, lte_rssnr: 2147483647, lte_cqi: 2147483647, lte_timing_advance: 2147483647, tdscdma_signal_strength: 99, tdscdma_bit_error_rate: 99, tdscdma_rscp: 255, wcdma_signal_strength: 22, wcdma_bit_error_rate: 99, wcdma_scdma_rscp: 52, wcdma_ecno: 38, ssRsrp: 2147483647, ssRsrq: 2147483647, ssSinr: 2147483647, csiRsrp: 2147483647, csiRsrq: 2147483647, csiSinr: 2147483647
06-13 12:09:23.887078  1423  1472 I AT      : [0] AT< +ECSQ: 52,36,1,-276,-26,1,1,4,32767,1 (RIL_URC_READER, tid:487597673712)
06-13 12:09:23.888678  1423  1473 D RmcNwHdlr: [0] requestSignalStrength:sigRegisted[0000], sigUpdated[0X04]
06-13 12:09:23.888808  1423  1473 D RmcNwHdlr: [0] handleSignalStrength, gsm_signal_strength: 99, gsm_bit_error_rate: 99, gsm_timing_advance: 2147483647, cdma_dbm: 2147483647, cdma_ecio: 2147483647, evdo_dbm: 2147483647, evdo_ecio: 2147483647, evdo_snr: 2147483647, lte_signal_strength: 99, lte_rsrp: 2147483647, lte_rsrq: 2147483647, lte_rssnr: 2147483647, lte_cqi: 2147483647, lte_timing_advance: 2147483647, tdscdma_signal_strength: 99, tdscdma_bit_error_rate: 99, tdscdma_rscp: 255, wcdma_signal_strength: 22, wcdma_bit_error_rate: 99, wcdma_scdma_rscp: 52, wcdma_ecno: 36, ssRsrp: 2147483647, ssRsrq: 2147483647, ssSinr: 2147483647, csiRsrp: 2147483647, csiRsrq: 2147483647, csiSinr: 2147483647
06-13 12:09:25.877508  1423  1529 I RilClient: initialize: commandFd is 93
06-13 12:09:25.878111  1423  1529 I RilClient: start listen on fd: 30, socket name: rild-oem
06-13 12:09:25.879468  1423  1478 I RmcOemHandler: requestQueryThermal Enter: -1
06-13 12:09:25.879632  1423  1478 I AT      : [0] AT> AT+ETHERMAL (RIL_CMD_READER_1 tid:487591455984)
06-13 12:09:25.889366  1423  1477 I AT      : [0] AT< +ETHERMAL: 2, 32767, -127, 111, 32767, 4046 (RIL_CMD_READER_1, tid:487592492272)
06-13 12:09:25.889508  1423  1477 I AT      : [0] AT< OK (RIL_CMD_READER_1, tid:487592492272)
06-13 12:09:25.889832  1423  1478 I RmcOemHandler: requestQueryThermal success
06-13 12:09:29.007972  1423  1472 I AT      : [0] AT< +ECSQ: 52,40,1,-275,-18,1,1,4,32767,1 (RIL_URC_READER, tid:487597673712)
06-13 12:09:29.009476  1423  1473 D RmcNwHdlr: [0] requestSignalStrength:sigRegisted[0000], sigUpdated[0X04]
06-13 12:09:29.009605  1423  1473 D RmcNwHdlr: [0] handleSignalStrength, gsm_signal_strength: 99, gsm_bit_error_rate: 99, gsm_timing_advance: 2147483647, cdma_dbm: 2147483647, cdma_ecio: 2147483647, evdo_dbm: 2147483647, evdo_ecio: 2147483647, evdo_snr: 2147483647, lte_signal_strength: 99, lte_rsrp: 2147483647, lte_rsrq: 2147483647, lte_rssnr: 2147483647, lte_cqi: 2147483647, lte_timing_advance: 2147483647, tdscdma_signal_strength: 99, tdscdma_bit_error_rate: 99, tdscdma_rscp: 255, wcdma_signal_strength: 22, wcdma_bit_error_rate: 99, wcdma_scdma_rscp: 52, wcdma_ecno: 40, ssRsrp: 2147483647, ssRsrq: 2147483647, ssSinr: 2147483647, csiRsrp: 2147483647, csiRsrq: 2147483647, csiSinr: 2147483647
06-13 12:09:34.129740  1423  1472 I AT      : [0] AT< +ECSQ: 52,41,1,-275,-15,1,1,4,32767,1 (RIL_URC_READER, tid:487597673712)
06-13 12:09:34.131583  1423  1473 D RmcNwHdlr: [0] requestSignalStrength:sigRegisted[0000], sigUpdated[0X04]
06-13 12:09:34.131710  1423  1473 D RmcNwHdlr: [0] handleSignalStrength, gsm_signal_strength: 99, gsm_bit_error_rate: 99, gsm_timing_advance: 2147483647, cdma_dbm: 2147483647, cdma_ecio: 2147483647, evdo_dbm: 2147483647, evdo_ecio: 2147483647, evdo_snr: 2147483647, lte_signal_strength: 99, lte_rsrp: 2147483647, lte_rsrq: 2147483647, lte_rssnr: 2147483647, lte_cqi: 2147483647, lte_timing_advance: 2147483647, tdscdma_signal_strength: 99, tdscdma_bit_error_rate: 99, tdscdma_rscp: 255, wcdma_signal_strength: 22, wcdma_bit_error_rate: 99, wcdma_scdma_rscp: 52, wcdma_ecno: 41, ssRsrp: 2147483647, ssRsrq: 2147483647, ssSinr: 2147483647, csiRsrp: 2147483647, csiRsrq: 2147483647, csiSinr: 2147483647
06-13 12:09:35.897475  1423  1529 I RilClient: initialize: commandFd is 96
06-13 12:09:35.898073  1423  1529 I RilClient: start listen on fd: 30, socket name: rild-oem
06-13 12:09:35.899503  1423  1478 I RmcOemHandler: requestQueryThermal Enter: -1
06-13 12:09:35.899660  1423  1478 I AT      : [0] AT> AT+ETHERMAL (RIL_CMD_READER_1 tid:487591455984)
06-13 12:09:35.909355  1423  1477 I AT      : [0] AT< +ETHERMAL: 2, 32767, -127, 111, 32767, 4046 (RIL_CMD_READER_1, tid:487592492272)
06-13 12:09:35.909478  1423  1477 I AT      : [0] AT< OK (RIL_CMD_READER_1, tid:487592492272)
06-13 12:09:35.909783  1423  1478 I RmcOemHandler: requestQueryThermal success
06-13 12:09:39.251008  1423  1472 I AT      : [0] AT< +ECSQ: 51,40,1,-277,-18,1,1,4,32767,1 (RIL_URC_READER, tid:487597673712)
06-13 12:09:39.252614  1423  1473 D RmcNwHdlr: [0] requestSignalStrength:sigRegisted[0000], sigUpdated[0X04]
06-13 12:09:39.252742  1423  1473 D RmcNwHdlr: [0] handleSignalStrength, gsm_signal_strength: 99, gsm_bit_error_rate: 99, gsm_timing_advance: 2147483647, cdma_dbm: 2147483647, cdma_ecio: 2147483647, evdo_dbm: 2147483647, evdo_ecio: 2147483647, evdo_snr: 2147483647, lte_signal_strength: 99, lte_rsrp: 2147483647, lte_rsrq: 2147483647, lte_rssnr: 2147483647, lte_cqi: 2147483647, lte_timing_advance: 2147483647, tdscdma_signal_strength: 99, tdscdma_bit_error_rate: 99, tdscdma_rscp: 255, wcdma_signal_strength: 21, wcdma_bit_error_rate: 99, wcdma_scdma_rscp: 51, wcdma_ecno: 40, ssRsrp: 2147483647, ssRsrq: 2147483647, ssSinr: 2147483647, csiRsrp: 2147483647, csiRsrq: 2147483647, csiSinr: 2147483647
06-13 12:09:44.372103  1423  1472 I AT      : [0] AT< +ECSQ: 53,42,1,-270,-13,1,1,4,32767,1 (RIL_URC_READER, tid:487597673712)
06-13 12:09:44.373646  1423  1473 D RmcNwHdlr: [0] requestSignalStrength:sigRegisted[0000], sigUpdated[0X04]
06-13 12:09:44.373773  1423  1473 D RmcNwHdlr: [0] handleSignalStrength, gsm_signal_strength: 99, gsm_bit_error_rate: 99, gsm_timing_advance: 2147483647, cdma_dbm: 2147483647, cdma_ecio: 2147483647, evdo_dbm: 2147483647, evdo_ecio: 2147483647, evdo_snr: 2147483647, lte_signal_strength: 99, lte_rsrp: 2147483647, lte_rsrq: 2147483647, lte_rssnr: 2147483647, lte_cqi: 2147483647, lte_timing_advance: 2147483647, tdscdma_signal_strength: 99, tdscdma_bit_error_rate: 99, tdscdma_rscp: 255, wcdma_signal_strength: 22, wcdma_bit_error_rate: 99, wcdma_scdma_rscp: 53, wcdma_ecno: 42, ssRsrp: 2147483647, ssRsrq: 2147483647, ssSinr: 2147483647, csiRsrp: 2147483647, csiRsrq: 2147483647, csiSinr: 2147483647
06-13 12:09:45.917561  1423  1529 I RilClient: initialize: commandFd is 93
06-13 12:09:45.918154  1423  1529 I RilClient: start listen on fd: 30, socket name: rild-oem
06-13 12:09:45.919498  1423  1478 I RmcOemHandler: requestQueryThermal Enter: -1
06-13 12:09:45.919658  1423  1478 I AT      : [0] AT> AT+ETHERMAL (RIL_CMD_READER_1 tid:487591455984)
06-13 12:09:45.929469  1423  1477 I AT      : [0] AT< +ETHERMAL: 2, 32767, -127, 111, 32767, 4046 (RIL_CMD_READER_1, tid:487592492272)
06-13 12:09:45.929945  1423  1477 I AT      : [0] AT< OK (RIL_CMD_READER_1, tid:487592492272)
06-13 12:09:45.930301  1423  1478 I RmcOemHandler: requestQueryThermal success
06-13 12:09:49.493232  1423  1472 I AT      : [0] AT< +ECSQ: 52,40,1,-275,-18,1,1,4,32767,1 (RIL_URC_READER, tid:487597673712)
06-13 12:09:49.494738  1423  1473 D RmcNwHdlr: [0] requestSignalStrength:sigRegisted[0000], sigUpdated[0X04]
06-13 12:09:49.494865  1423  1473 D RmcNwHdlr: [0] handleSignalStrength, gsm_signal_strength: 99, gsm_bit_error_rate: 99, gsm_timing_advance: 2147483647, cdma_dbm: 2147483647, cdma_ecio: 2147483647, evdo_dbm: 2147483647, evdo_ecio: 2147483647, evdo_snr: 2147483647, lte_signal_strength: 99, lte_rsrp: 2147483647, lte_rsrq: 2147483647, lte_rssnr: 2147483647, lte_cqi: 2147483647, lte_timing_advance: 2147483647, tdscdma_signal_strength: 99, tdscdma_bit_error_rate: 99, tdscdma_rscp: 255, wcdma_signal_strength: 22, wcdma_bit_error_rate: 99, wcdma_scdma_rscp: 52, wcdma_ecno: 40, ssRsrp: 2147483647, ssRsrq: 2147483647, ssSinr: 2147483647, csiRsrp: 2147483647, csiRsrq: 2147483647, csiSinr: 2147483647
06-13 12:09:54.605003  1423  1472 I AT      : [0] AT< +ECSQ: 52,38,1,-275,-22,1,1,4,32767,1 (RIL_URC_READER, tid:487597673712)
06-13 12:09:54.606537  1423  1473 D RmcNwHdlr: [0] requestSignalStrength:sigRegisted[0000], sigUpdated[0X04]
06-13 12:09:54.606800  1423  1473 D RmcNwHdlr: [0] handleSignalStrength, gsm_signal_strength: 99, gsm_bit_error_rate: 99, gsm_timing_advance: 2147483647, cdma_dbm: 2147483647, cdma_ecio: 2147483647, evdo_dbm: 2147483647, evdo_ecio: 2147483647, evdo_snr: 2147483647, lte_signal_strength: 99, lte_rsrp: 2147483647, lte_rsrq: 2147483647, lte_rssnr: 2147483647, lte_cqi: 2147483647, lte_timing_advance: 2147483647, tdscdma_signal_strength: 99, tdscdma_bit_error_rate: 99, tdscdma_rscp: 255, wcdma_signal_strength: 22, wcdma_bit_error_rate: 99, wcdma_scdma_rscp: 52, wcdma_ecno: 38, ssRsrp: 2147483647, ssRsrq: 2147483647, ssSinr: 2147483647, csiRsrp: 2147483647, csiRsrq: 2147483647, csiSinr: 2147483647
06-13 12:09:55.938159  1423  1529 I RilClient: initialize: commandFd is 96
06-13 12:09:55.938751  1423  1529 I RilClient: start listen on fd: 30, socket name: rild-oem
06-13 12:09:55.940145  1423  1478 I RmcOemHandler: requestQueryThermal Enter: -1
06-13 12:09:55.940304  1423  1478 I AT      : [0] AT> AT+ETHERMAL (RIL_CMD_READER_1 tid:487591455984)
06-13 12:09:55.949849  1423  1477 I AT      : [0] AT< +ETHERMAL: 2, 32767, -127, 111, 32767, 4046 (RIL_CMD_READER_1, tid:487592492272)
06-13 12:09:55.949989  1423  1477 I AT      : [0] AT< OK (RIL_CMD_READER_1, tid:487592492272)
06-13 12:09:55.950292  1423  1478 I RmcOemHandler: requestQueryThermal success
06-13 12:09:59.726109  1423  1472 I AT      : [0] AT< +ECSQ: 53,40,1,-271,-18,1,1,4,32767,1 (RIL_URC_READER, tid:487597673712)
06-13 12:09:59.727728  1423  1473 D RmcNwHdlr: [0] requestSignalStrength:sigRegisted[0000], sigUpdated[0X04]
06-13 12:09:59.727858  1423  1473 D RmcNwHdlr: [0] handleSignalStrength, gsm_signal_strength: 99, gsm_bit_error_rate: 99, gsm_timing_advance: 2147483647, cdma_dbm: 2147483647, cdma_ecio: 2147483647, evdo_dbm: 2147483647, evdo_ecio: 2147483647, evdo_snr: 2147483647, lte_signal_strength: 99, lte_rsrp: 2147483647, lte_rsrq: 2147483647, lte_rssnr: 2147483647, lte_cqi: 2147483647, lte_timing_advance: 2147483647, tdscdma_signal_strength: 99, tdscdma_bit_error_rate: 99, tdscdma_rscp: 255, wcdma_signal_strength: 22, wcdma_bit_error_rate: 99, wcdma_scdma_rscp: 53, wcdma_ecno: 40, ssRsrp: 2147483647, ssRsrq: 2147483647, ssSinr: 2147483647, csiRsrp: 2147483647, csiRsrq: 2147483647, csiSinr: 2147483647
06-13 12:10:04.847112  1423  1472 I AT      : [0] AT< +ECSQ: 53,42,1,-269,-14,1,1,4,32767,1 (RIL_URC_READER, tid:487597673712)
06-13 12:10:04.848733  1423  1473 D RmcNwHdlr: [0] requestSignalStrength:sigRegisted[0000], sigUpdated[0X04]
06-13 12:10:04.848859  1423  1473 D RmcNwHdlr: [0] handleSignalStrength, gsm_signal_strength: 99, gsm_bit_error_rate: 99, gsm_timing_advance: 2147483647, cdma_dbm: 2147483647, cdma_ecio: 2147483647, evdo_dbm: 2147483647, evdo_ecio: 2147483647, evdo_snr: 2147483647, lte_signal_strength: 99, lte_rsrp: 2147483647, lte_rsrq: 2147483647, lte_rssnr: 2147483647, lte_cqi: 2147483647, lte_timing_advance: 2147483647, tdscdma_signal_strength: 99, tdscdma_bit_error_rate: 99, tdscdma_rscp: 255, wcdma_signal_strength: 22, wcdma_bit_error_rate: 99, wcdma_scdma_rscp: 53, wcdma_ecno: 42, ssRsrp: 2147483647, ssRsrq: 2147483647, ssSinr: 2147483647, csiRsrp: 2147483647, csiRsrq: 2147483647, csiSinr: 2147483647
06-13 12:10:05.957819  1423  1529 I RilClient: initialize: commandFd is 93
06-13 12:10:05.958411  1423  1529 I RilClient: start listen on fd: 30, socket name: rild-oem
06-13 12:10:05.959717  1423  1478 I RmcOemHandler: requestQueryThermal Enter: -1
06-13 12:10:05.959878  1423  1478 I AT      : [0] AT> AT+ETHERMAL (RIL_CMD_READER_1 tid:487591455984)
06-13 12:10:05.969468  1423  1477 I AT      : [0] AT< +ETHERMAL: 2, 32767, -127, 111, 32767, 4046 (RIL_CMD_READER_1, tid:487592492272)
06-13 12:10:05.969591  1423  1477 I AT      : [0] AT< OK (RIL_CMD_READER_1, tid:487592492272)
06-13 12:10:05.969894  1423  1478 I RmcOemHandler: requestQueryThermal success
06-13 12:10:09.968353  1423  1472 I AT      : [0] AT< +ECSQ: 51,39,1,-280,-20,1,1,4,32767,1 (RIL_URC_READER, tid:487597673712)
06-13 12:10:09.969908  1423  1473 D RmcNwHdlr: [0] requestSignalStrength:sigRegisted[0000], sigUpdated[0X04]
06-13 12:10:09.970037  1423  1473 D RmcNwHdlr: [0] handleSignalStrength, gsm_signal_strength: 99, gsm_bit_error_rate: 99, gsm_timing_advance: 2147483647, cdma_dbm: 2147483647, cdma_ecio: 2147483647, evdo_dbm: 2147483647, evdo_ecio: 2147483647, evdo_snr: 2147483647, lte_signal_strength: 99, lte_rsrp: 2147483647, lte_rsrq: 2147483647, lte_rssnr: 2147483647, lte_cqi: 2147483647, lte_timing_advance: 2147483647, tdscdma_signal_strength: 99, tdscdma_bit_error_rate: 99, tdscdma_rscp: 255, wcdma_signal_strength: 21, wcdma_bit_error_rate: 99, wcdma_scdma_rscp: 51, wcdma_ecno: 39, ssRsrp: 2147483647, ssRsrq: 2147483647, ssSinr: 2147483647, csiRsrp: 2147483647, csiRsrq: 2147483647, csiSinr: 2147483647
06-13 12:10:15.089655  1423  1472 I AT      : [0] AT< +ECSQ: 51,38,1,-278,-21,1,1,4,32767,1 (RIL_URC_READER, tid:487597673712)
06-13 12:10:15.091204  1423  1473 D RmcNwHdlr: [0] requestSignalStrength:sigRegisted[0000], sigUpdated[0X04]
06-13 12:10:15.091426  1423  1473 D RmcNwHdlr: [0] handleSignalStrength, gsm_signal_strength: 99, gsm_bit_error_rate: 99, gsm_timing_advance: 2147483647, cdma_dbm: 2147483647, cdma_ecio: 2147483647, evdo_dbm: 2147483647, evdo_ecio: 2147483647, evdo_snr: 2147483647, lte_signal_strength: 99, lte_rsrp: 2147483647, lte_rsrq: 2147483647, lte_rssnr: 2147483647, lte_cqi: 2147483647, lte_timing_advance: 2147483647, tdscdma_signal_strength: 99, tdscdma_bit_error_rate: 99, tdscdma_rscp: 255, wcdma_signal_strength: 21, wcdma_bit_error_rate: 99, wcdma_scdma_rscp: 51, wcdma_ecno: 38, ssRsrp: 2147483647, ssRsrq: 2147483647, ssSinr: 2147483647, csiRsrp: 2147483647, csiRsrq: 2147483647, csiSinr: 2147483647
06-13 12:10:15.977079  1423  1529 I RilClient: initialize: commandFd is 96
06-13 12:10:15.977673  1423  1529 I RilClient: start listen on fd: 30, socket name: rild-oem
06-13 12:10:15.978921  1423  1478 I RmcOemHandler: requestQueryThermal Enter: -1
06-13 12:10:15.979080  1423  1478 I AT      : [0] AT> AT+ETHERMAL (RIL_CMD_READER_1 tid:487591455984)
06-13 12:10:15.988504  1423  1477 I AT      : [0] AT< +ETHERMAL: 2, 32767, -127, 111, 32767, 4046 (RIL_CMD_READER_1, tid:487592492272)
06-13 12:10:15.988646  1423  1477 I AT      : [0] AT< OK (RIL_CMD_READER_1, tid:487592492272)
06-13 12:10:15.988860  1423  1478 I RmcOemHandler: requestQueryThermal success
06-13 12:10:20.210220  1423  1472 I AT      : [0] AT< +ECSQ: 52,41,1,-274,-16,1,1,4,32767,1 (RIL_URC_READER, tid:487597673712)
06-13 12:10:20.211888  1423  1473 D RmcNwHdlr: [0] requestSignalStrength:sigRegisted[0000], sigUpdated[0X04]
06-13 12:10:20.212200  1423  1473 D RmcNwHdlr: [0] handleSignalStrength, gsm_signal_strength: 99, gsm_bit_error_rate: 99, gsm_timing_advance: 2147483647, cdma_dbm: 2147483647, cdma_ecio: 2147483647, evdo_dbm: 2147483647, evdo_ecio: 2147483647, evdo_snr: 2147483647, lte_signal_strength: 99, lte_rsrp: 2147483647, lte_rsrq: 2147483647, lte_rssnr: 2147483647, lte_cqi: 2147483647, lte_timing_advance: 2147483647, tdscdma_signal_strength: 99, tdscdma_bit_error_rate: 99, tdscdma_rscp: 255, wcdma_signal_strength: 22, wcdma_bit_error_rate: 99, wcdma_scdma_rscp: 52, wcdma_ecno: 41, ssRsrp: 2147483647, ssRsrq: 2147483647, ssSinr: 2147483647, csiRsrp: 2147483647, csiRsrq: 2147483647, csiSinr: 2147483647
06-13 12:10:25.332010  1423  1472 I AT      : [0] AT< +ECSQ: 52,39,1,-274,-19,1,1,4,32767,1 (RIL_URC_READER, tid:487597673712)
06-13 12:10:25.333549  1423  1473 D RmcNwHdlr: [0] requestSignalStrength:sigRegisted[0000], sigUpdated[0X04]
06-13 12:10:25.333813  1423  1473 D RmcNwHdlr: [0] handleSignalStrength, gsm_signal_strength: 99, gsm_bit_error_rate: 99, gsm_timing_advance: 2147483647, cdma_dbm: 2147483647, cdma_ecio: 2147483647, evdo_dbm: 2147483647, evdo_ecio: 2147483647, evdo_snr: 2147483647, lte_signal_strength: 99, lte_rsrp: 2147483647, lte_rsrq: 2147483647, lte_rssnr: 2147483647, lte_cqi: 2147483647, lte_timing_advance: 2147483647, tdscdma_signal_strength: 99, tdscdma_bit_error_rate: 99, tdscdma_rscp: 255, wcdma_signal_strength: 22, wcdma_bit_error_rate: 99, wcdma_scdma_rscp: 52, wcdma_ecno: 39, ssRsrp: 2147483647, ssRsrq: 2147483647, ssSinr: 2147483647, csiRsrp: 2147483647, csiRsrq: 2147483647, csiSinr: 2147483647
06-13 12:10:25.995928  1423  1529 I RilClient: initialize: commandFd is 93
06-13 12:10:25.996522  1423  1529 I RilClient: start listen on fd: 30, socket name: rild-oem
06-13 12:10:25.997767  1423  1478 I RmcOemHandler: requestQueryThermal Enter: -1
06-13 12:10:25.997926  1423  1478 I AT      : [0] AT> AT+ETHERMAL (RIL_CMD_READER_1 tid:487591455984)
06-13 12:10:26.007618  1423  1477 I AT      : [0] AT< +ETHERMAL: 2, 32767, -127, 111, 32767, 4046 (RIL_CMD_READER_1, tid:487592492272)
06-13 12:10:26.007797  1423  1477 I AT      : [0] AT< OK (RIL_CMD_READER_1, tid:487592492272)
06-13 12:10:26.008124  1423  1478 I RmcOemHandler: requestQueryThermal success
06-13 12:10:30.452481  1423  1472 I AT      : [0] AT< +ECSQ: 52,38,1,-276,-21,1,1,4,32767,1 (RIL_URC_READER, tid:487597673712)
06-13 12:10:30.453768  1423  1473 D RmcNwHdlr: [0] requestSignalStrength:sigRegisted[0000], sigUpdated[0X04]
06-13 12:10:30.454054  1423  1473 D RmcNwHdlr: [0] handleSignalStrength, gsm_signal_strength: 99, gsm_bit_error_rate: 99, gsm_timing_advance: 2147483647, cdma_dbm: 2147483647, cdma_ecio: 2147483647, evdo_dbm: 2147483647, evdo_ecio: 2147483647, evdo_snr: 2147483647, lte_signal_strength: 99, lte_rsrp: 2147483647, lte_rsrq: 2147483647, lte_rssnr: 2147483647, lte_cqi: 2147483647, lte_timing_advance: 2147483647, tdscdma_signal_strength: 99, tdscdma_bit_error_rate: 99, tdscdma_rscp: 255, wcdma_signal_strength: 22, wcdma_bit_error_rate: 99, wcdma_scdma_rscp: 52, wcdma_ecno: 38, ssRsrp: 2147483647, ssRsrq: 2147483647, ssSinr: 2147483647, csiRsrp: 2147483647, csiRsrq: 2147483647, csiSinr: 2147483647
06-13 12:10:35.565067  1423  1472 I AT      : [0] AT< +ECSQ: 52,42,1,-273,-13,1,1,4,32767,1 (RIL_URC_READER, tid:487597673712)
06-13 12:10:35.566614  1423  1473 D RmcNwHdlr: [0] requestSignalStrength:sigRegisted[0000], sigUpdated[0X04]
06-13 12:10:35.566882  1423  1473 D RmcNwHdlr: [0] handleSignalStrength, gsm_signal_strength: 99, gsm_bit_error_rate: 99, gsm_timing_advance: 2147483647, cdma_dbm: 2147483647, cdma_ecio: 2147483647, evdo_dbm: 2147483647, evdo_ecio: 2147483647, evdo_snr: 2147483647, lte_signal_strength: 99, lte_rsrp: 2147483647, lte_rsrq: 2147483647, lte_rssnr: 2147483647, lte_cqi: 2147483647, lte_timing_advance: 2147483647, tdscdma_signal_strength: 99, tdscdma_bit_error_rate: 99, tdscdma_rscp: 255, wcdma_signal_strength: 22, wcdma_bit_error_rate: 99, wcdma_scdma_rscp: 52, wcdma_ecno: 42, ssRsrp: 2147483647, ssRsrq: 2147483647, ssSinr: 2147483647, csiRsrp: 2147483647, csiRsrq: 2147483647, csiSinr: 2147483647
06-13 12:10:36.012774  1423  1529 I RilClient: initialize: commandFd is 96
06-13 12:10:36.013371  1423  1529 I RilClient: start listen on fd: 30, socket name: rild-oem
06-13 12:10:36.014637  1423  1478 I RmcOemHandler: requestQueryThermal Enter: -1
06-13 12:10:36.014796  1423  1478 I AT      : [0] AT> AT+ETHERMAL (RIL_CMD_READER_1 tid:487591455984)
06-13 12:10:36.024465  1423  1477 I AT      : [0] AT< +ETHERMAL: 2, 32767, -127, 111, 32767, 4046 (RIL_CMD_READER_1, tid:487592492272)
06-13 12:10:36.024589  1423  1477 I AT      : [0] AT< OK (RIL_CMD_READER_1, tid:487592492272)
06-13 12:10:36.024846  1423  1478 I RmcOemHandler: requestQueryThermal success
06-13 12:10:40.685944  1423  1472 I AT      : [0] AT< +ECSQ: 52,40,1,-274,-18,1,1,4,32767,1 (RIL_URC_READER, tid:487597673712)
06-13 12:10:40.687572  1423  1473 D RmcNwHdlr: [0] requestSignalStrength:sigRegisted[0000], sigUpdated[0X04]
06-13 12:10:40.687854  1423  1473 D RmcNwHdlr: [0] handleSignalStrength, gsm_signal_strength: 99, gsm_bit_error_rate: 99, gsm_timing_advance: 2147483647, cdma_dbm: 2147483647, cdma_ecio: 2147483647, evdo_dbm: 2147483647, evdo_ecio: 2147483647, evdo_snr: 2147483647, lte_signal_strength: 99, lte_rsrp: 2147483647, lte_rsrq: 2147483647, lte_rssnr: 2147483647, lte_cqi: 2147483647, lte_timing_advance: 2147483647, tdscdma_signal_strength: 99, tdscdma_bit_error_rate: 99, tdscdma_rscp: 255, wcdma_signal_strength: 22, wcdma_bit_error_rate: 99, wcdma_scdma_rscp: 52, wcdma_ecno: 40, ssRsrp: 2147483647, ssRsrq: 2147483647, ssSinr: 2147483647, csiRsrp: 2147483647, csiRsrq: 2147483647, csiSinr: 2147483647
06-13 12:10:45.807119  1423  1472 I AT      : [0] AT< +ECSQ: 51,35,1,-278,-28,1,1,4,32767,1 (RIL_URC_READER, tid:487597673712)
06-13 12:10:45.808757  1423  1473 D RmcNwHdlr: [0] requestSignalStrength:sigRegisted[0000], sigUpdated[0X04]
06-13 12:10:45.809027  1423  1473 D RmcNwHdlr: [0] handleSignalStrength, gsm_signal_strength: 99, gsm_bit_error_rate: 99, gsm_timing_advance: 2147483647, cdma_dbm: 2147483647, cdma_ecio: 2147483647, evdo_dbm: 2147483647, evdo_ecio: 2147483647, evdo_snr: 2147483647, lte_signal_strength: 99, lte_rsrp: 2147483647, lte_rsrq: 2147483647, lte_rssnr: 2147483647, lte_cqi: 2147483647, lte_timing_advance: 2147483647, tdscdma_signal_strength: 99, tdscdma_bit_error_rate: 99, tdscdma_rscp: 255, wcdma_signal_strength: 21, wcdma_bit_error_rate: 99, wcdma_scdma_rscp: 51, wcdma_ecno: 35, ssRsrp: 2147483647, ssRsrq: 2147483647, ssSinr: 2147483647, csiRsrp: 2147483647, csiRsrq: 2147483647, csiSinr: 2147483647
06-13 12:10:46.032089  1423  1529 I RilClient: initialize: commandFd is 93
06-13 12:10:46.032688  1423  1529 I RilClient: start listen on fd: 30, socket name: rild-oem
06-13 12:10:46.033951  1423  1478 I RmcOemHandler: requestQueryThermal Enter: -1
06-13 12:10:46.034113  1423  1478 I AT      : [0] AT> AT+ETHERMAL (RIL_CMD_READER_1 tid:487591455984)
06-13 12:10:46.043627  1423  1477 I AT      : [0] AT< +ETHERMAL: 2, 32767, -127, 111, 32767, 4046 (RIL_CMD_READER_1, tid:487592492272)
06-13 12:10:46.043772  1423  1477 I AT      : [0] AT< OK (RIL_CMD_READER_1, tid:487592492272)
06-13 12:10:46.044082  1423  1478 I RmcOemHandler: requestQueryThermal success
06-13 12:10:50.927663  1423  1472 I AT      : [0] AT< +ECSQ: 51,34,1,-279,-30,1,1,4,32767,1 (RIL_URC_READER, tid:487597673712)
06-13 12:10:50.929199  1423  1473 D RmcNwHdlr: [0] requestSignalStrength:sigRegisted[0000], sigUpdated[0X04]
06-13 12:10:50.929469  1423  1473 D RmcNwHdlr: [0] handleSignalStrength, gsm_signal_strength: 99, gsm_bit_error_rate: 99, gsm_timing_advance: 2147483647, cdma_dbm: 2147483647, cdma_ecio: 2147483647, evdo_dbm: 2147483647, evdo_ecio: 2147483647, evdo_snr: 2147483647, lte_signal_strength: 99, lte_rsrp: 2147483647, lte_rsrq: 2147483647, lte_rssnr: 2147483647, lte_cqi: 2147483647, lte_timing_advance: 2147483647, tdscdma_signal_strength: 99, tdscdma_bit_error_rate: 99, tdscdma_rscp: 255, wcdma_signal_strength: 21, wcdma_bit_error_rate: 99, wcdma_scdma_rscp: 51, wcdma_ecno: 34, ssRsrp: 2147483647, ssRsrq: 2147483647, ssSinr: 2147483647, csiRsrp: 2147483647, csiRsrq: 2147483647, csiSinr: 2147483647
06-13 12:10:56.049746  1423  1472 I AT      : [0] AT< +ECSQ: 51,37,1,-278,-24,1,1,4,32767,1 (RIL_URC_READER, tid:487597673712)
06-13 12:10:56.051009  1423  1529 I RilClient: initialize: commandFd is 96
06-13 12:10:56.051482  1423  1473 D RmcNwHdlr: [0] requestSignalStrength:sigRegisted[0000], sigUpdated[0X04]
06-13 12:10:56.051579  1423  1473 D RmcNwHdlr: [0] handleSignalStrength, gsm_signal_strength: 99, gsm_bit_error_rate: 99, gsm_timing_advance: 2147483647, cdma_dbm: 2147483647, cdma_ecio: 2147483647, evdo_dbm: 2147483647, evdo_ecio: 2147483647, evdo_snr: 2147483647, lte_signal_strength: 99, lte_rsrp: 2147483647, lte_rsrq: 2147483647, lte_rssnr: 2147483647, lte_cqi: 2147483647, lte_timing_advance: 2147483647, tdscdma_signal_strength: 99, tdscdma_bit_error_rate: 99, tdscdma_rscp: 255, wcdma_signal_strength: 21, wcdma_bit_error_rate: 99, wcdma_scdma_rscp: 51, wcdma_ecno: 37, ssRsrp: 2147483647, ssRsrq: 2147483647, ssSinr: 2147483647, csiRsrp: 2147483647, csiRsrq: 2147483647, csiSinr: 2147483647
06-13 12:10:56.051715  1423  1529 I RilClient: start listen on fd: 30, socket name: rild-oem
06-13 12:10:56.052767  1423  1478 I RmcOemHandler: requestQueryThermal Enter: -1
06-13 12:10:56.052936  1423  1478 I AT      : [0] AT> AT+ETHERMAL (RIL_CMD_READER_1 tid:487591455984)
06-13 12:10:56.057953  1423  1477 I AT      : [0] AT< +ETHERMAL: 2, 32767, -127, 111, 32767, 4046 (RIL_CMD_READER_1, tid:487592492272)
06-13 12:10:56.058105  1423  1477 I AT      : [0] AT< OK (RIL_CMD_READER_1, tid:487592492272)
06-13 12:10:56.058442  1423  1478 I RmcOemHandler: requestQueryThermal success
06-13 12:11:01.174672  1423  1472 I AT      : [0] AT< +ECSQ: 52,39,1,-275,-19,1,1,4,32767,1 (RIL_URC_READER, tid:487597673712)
06-13 12:11:01.176491  1423  1473 D RmcNwHdlr: [0] requestSignalStrength:sigRegisted[0000], sigUpdated[0X04]
06-13 12:11:01.176761  1423  1473 D RmcNwHdlr: [0] handleSignalStrength, gsm_signal_strength: 99, gsm_bit_error_rate: 99, gsm_timing_advance: 2147483647, cdma_dbm: 2147483647, cdma_ecio: 2147483647, evdo_dbm: 2147483647, evdo_ecio: 2147483647, evdo_snr: 2147483647, lte_signal_strength: 99, lte_rsrp: 2147483647, lte_rsrq: 2147483647, lte_rssnr: 2147483647, lte_cqi: 2147483647, lte_timing_advance: 2147483647, tdscdma_signal_strength: 99, tdscdma_bit_error_rate: 99, tdscdma_rscp: 255, wcdma_signal_strength: 22, wcdma_bit_error_rate: 99, wcdma_scdma_rscp: 52, wcdma_ecno: 39, ssRsrp: 2147483647, ssRsrq: 2147483647, ssSinr: 2147483647, csiRsrp: 2147483647, csiRsrq: 2147483647, csiSinr: 2147483647
06-13 12:11:06.066204  1423  1529 I RilClient: initialize: commandFd is 93
06-13 12:11:06.066805  1423  1529 I RilClient: start listen on fd: 30, socket name: rild-oem
06-13 12:11:06.068222  1423  1478 I RmcOemHandler: requestQueryThermal Enter: -1
06-13 12:11:06.068380  1423  1478 I AT      : [0] AT> AT+ETHERMAL (RIL_CMD_READER_1 tid:487591455984)
06-13 12:11:06.077853  1423  1477 I AT      : [0] AT< +ETHERMAL: 2, 32767, -127, 111, 32767, 4046 (RIL_CMD_READER_1, tid:487592492272)
06-13 12:11:06.077977  1423  1477 I AT      : [0] AT< OK (RIL_CMD_READER_1, tid:487592492272)
06-13 12:11:06.078280  1423  1478 I RmcOemHandler: requestQueryThermal success
06-13 12:11:06.292051  1423  1472 I AT      : [0] AT< +ECSQ: 51,37,1,-277,-23,1,1,4,32767,1 (RIL_URC_READER, tid:487597673712)
06-13 12:11:06.293571  1423  1473 D RmcNwHdlr: [0] requestSignalStrength:sigRegisted[0000], sigUpdated[0X04]
06-13 12:11:06.293699  1423  1473 D RmcNwHdlr: [0] handleSignalStrength, gsm_signal_strength: 99, gsm_bit_error_rate: 99, gsm_timing_advance: 2147483647, cdma_dbm: 2147483647, cdma_ecio: 2147483647, evdo_dbm: 2147483647, evdo_ecio: 2147483647, evdo_snr: 2147483647, lte_signal_strength: 99, lte_rsrp: 2147483647, lte_rsrq: 2147483647, lte_rssnr: 2147483647, lte_cqi: 2147483647, lte_timing_advance: 2147483647, tdscdma_signal_strength: 99, tdscdma_bit_error_rate: 99, tdscdma_rscp: 255, wcdma_signal_strength: 21, wcdma_bit_error_rate: 99, wcdma_scdma_rscp: 51, wcdma_ecno: 37, ssRsrp: 2147483647, ssRsrq: 2147483647, ssSinr: 2147483647, csiRsrp: 2147483647, csiRsrq: 2147483647, csiSinr: 2147483647
06-13 12:11:11.413171  1423  1472 I AT      : [0] AT< +ECSQ: 51,36,1,-278,-26,1,1,4,32767,1 (RIL_URC_READER, tid:487597673712)
06-13 12:11:11.414733  1423  1473 D RmcNwHdlr: [0] requestSignalStrength:sigRegisted[0000], sigUpdated[0X04]
06-13 12:11:11.414861  1423  1473 D RmcNwHdlr: [0] handleSignalStrength, gsm_signal_strength: 99, gsm_bit_error_rate: 99, gsm_timing_advance: 2147483647, cdma_dbm: 2147483647, cdma_ecio: 2147483647, evdo_dbm: 2147483647, evdo_ecio: 2147483647, evdo_snr: 2147483647, lte_signal_strength: 99, lte_rsrp: 2147483647, lte_rsrq: 2147483647, lte_rssnr: 2147483647, lte_cqi: 2147483647, lte_timing_advance: 2147483647, tdscdma_signal_strength: 99, tdscdma_bit_error_rate: 99, tdscdma_rscp: 255, wcdma_signal_strength: 21, wcdma_bit_error_rate: 99, wcdma_scdma_rscp: 51, wcdma_ecno: 36, ssRsrp: 2147483647, ssRsrq: 2147483647, ssSinr: 2147483647, csiRsrp: 2147483647, csiRsrq: 2147483647, csiSinr: 2147483647
06-13 12:11:16.086073  1423  1529 I RilClient: initialize: commandFd is 96
06-13 12:11:16.086682  1423  1529 I RilClient: start listen on fd: 30, socket name: rild-oem
06-13 12:11:16.088152  1423  1478 I RmcOemHandler: requestQueryThermal Enter: -1
06-13 12:11:16.088313  1423  1478 I AT      : [0] AT> AT+ETHERMAL (RIL_CMD_READER_1 tid:487591455984)
06-13 12:11:16.097937  1423  1477 I AT      : [0] AT< +ETHERMAL: 2, 32767, -127, 111, 32767, 4046 (RIL_CMD_READER_1, tid:487592492272)
06-13 12:11:16.098105  1423  1477 I AT      : [0] AT< OK (RIL_CMD_READER_1, tid:487592492272)
06-13 12:11:16.098439  1423  1478 I RmcOemHandler: requestQueryThermal success
06-13 12:11:16.524891  1423  1472 I AT      : [0] AT< +ECSQ: 53,39,1,-272,-19,1,1,4,32767,1 (RIL_URC_READER, tid:487597673712)
06-13 12:11:16.526416  1423  1473 D RmcNwHdlr: [0] requestSignalStrength:sigRegisted[0000], sigUpdated[0X04]
06-13 12:11:16.526687  1423  1473 D RmcNwHdlr: [0] handleSignalStrength, gsm_signal_strength: 99, gsm_bit_error_rate: 99, gsm_timing_advance: 2147483647, cdma_dbm: 2147483647, cdma_ecio: 2147483647, evdo_dbm: 2147483647, evdo_ecio: 2147483647, evdo_snr: 2147483647, lte_signal_strength: 99, lte_rsrp: 2147483647, lte_rsrq: 2147483647, lte_rssnr: 2147483647, lte_cqi: 2147483647, lte_timing_advance: 2147483647, tdscdma_signal_strength: 99, tdscdma_bit_error_rate: 99, tdscdma_rscp: 255, wcdma_signal_strength: 22, wcdma_bit_error_rate: 99, wcdma_scdma_rscp: 53, wcdma_ecno: 39, ssRsrp: 2147483647, ssRsrq: 2147483647, ssSinr: 2147483647, csiRsrp: 2147483647, csiRsrq: 2147483647, csiSinr: 2147483647
06-13 12:11:21.646244  1423  1472 I AT      : [0] AT< +ECSQ: 51,37,1,-278,-23,1,1,4,32767,1 (RIL_URC_READER, tid:487597673712)
06-13 12:11:21.647880  1423  1473 D RmcNwHdlr: [0] requestSignalStrength:sigRegisted[0000], sigUpdated[0X04]
06-13 12:11:21.648154  1423  1473 D RmcNwHdlr: [0] handleSignalStrength, gsm_signal_strength: 99, gsm_bit_error_rate: 99, gsm_timing_advance: 2147483647, cdma_dbm: 2147483647, cdma_ecio: 2147483647, evdo_dbm: 2147483647, evdo_ecio: 2147483647, evdo_snr: 2147483647, lte_signal_strength: 99, lte_rsrp: 2147483647, lte_rsrq: 2147483647, lte_rssnr: 2147483647, lte_cqi: 2147483647, lte_timing_advance: 2147483647, tdscdma_signal_strength: 99, tdscdma_bit_error_rate: 99, tdscdma_rscp: 255, wcdma_signal_strength: 21, wcdma_bit_error_rate: 99, wcdma_scdma_rscp: 51, wcdma_ecno: 37, ssRsrp: 2147483647, ssRsrq: 2147483647, ssSinr: 2147483647, csiRsrp: 2147483647, csiRsrq: 2147483647, csiSinr: 2147483647
06-13 12:11:26.106363  1423  1529 I RilClient: initialize: commandFd is 93
06-13 12:11:26.106939  1423  1529 I RilClient: start listen on fd: 30, socket name: rild-oem
06-13 12:11:26.108399  1423  1478 I RmcOemHandler: requestQueryThermal Enter: -1
06-13 12:11:26.108561  1423  1478 I AT      : [0] AT> AT+ETHERMAL (RIL_CMD_READER_1 tid:487591455984)
06-13 12:11:26.118141  1423  1477 I AT      : [0] AT< +ETHERMAL: 2, 32767, -127, 111, 32767, 4046 (RIL_CMD_READER_1, tid:487592492272)
06-13 12:11:26.118266  1423  1477 I AT      : [0] AT< OK (RIL_CMD_READER_1, tid:487592492272)
06-13 12:11:26.118568  1423  1478 I RmcOemHandler: requestQueryThermal success
06-13 12:11:26.766130  1423  1472 I AT      : [0] AT< +ECSQ: 51,36,1,-277,-26,1,1,4,32767,1 (RIL_URC_READER, tid:487597673712)
06-13 12:11:26.766834  1423  1473 D RmcNwHdlr: [0] requestSignalStrength:sigRegisted[0000], sigUpdated[0X04]
06-13 12:11:26.766890  1423  1473 D RmcNwHdlr: [0] handleSignalStrength, gsm_signal_strength: 99, gsm_bit_error_rate: 99, gsm_timing_advance: 2147483647, cdma_dbm: 2147483647, cdma_ecio: 2147483647, evdo_dbm: 2147483647, evdo_ecio: 2147483647, evdo_snr: 2147483647, lte_signal_strength: 99, lte_rsrp: 2147483647, lte_rsrq: 2147483647, lte_rssnr: 2147483647, lte_cqi: 2147483647, lte_timing_advance: 2147483647, tdscdma_signal_strength: 99, tdscdma_bit_error_rate: 99, tdscdma_rscp: 255, wcdma_signal_strength: 21, wcdma_bit_error_rate: 99, wcdma_scdma_rscp: 51, wcdma_ecno: 36, ssRsrp: 2147483647, ssRsrq: 2147483647, ssSinr: 2147483647, csiRsrp: 2147483647, csiRsrq: 2147483647, csiSinr: 2147483647
06-13 12:11:31.888464  1423  1472 I AT      : [0] AT< +ECSQ: 52,35,1,-275,-27,1,1,4,32767,1 (RIL_URC_READER, tid:487597673712)
06-13 12:11:31.890006  1423  1473 D RmcNwHdlr: [0] requestSignalStrength:sigRegisted[0000], sigUpdated[0X04]
06-13 12:11:31.890131  1423  1473 D RmcNwHdlr: [0] handleSignalStrength, gsm_signal_strength: 99, gsm_bit_error_rate: 99, gsm_timing_advance: 2147483647, cdma_dbm: 2147483647, cdma_ecio: 2147483647, evdo_dbm: 2147483647, evdo_ecio: 2147483647, evdo_snr: 2147483647, lte_signal_strength: 99, lte_rsrp: 2147483647, lte_rsrq: 2147483647, lte_rssnr: 2147483647, lte_cqi: 2147483647, lte_timing_advance: 2147483647, tdscdma_signal_strength: 99, tdscdma_bit_error_rate: 99, tdscdma_rscp: 255, wcdma_signal_strength: 22, wcdma_bit_error_rate: 99, wcdma_scdma_rscp: 52, wcdma_ecno: 35, ssRsrp: 2147483647, ssRsrq: 2147483647, ssSinr: 2147483647, csiRsrp: 2147483647, csiRsrq: 2147483647, csiSinr: 2147483647
06-13 12:11:36.124529  1423  1529 I RilClient: initialize: commandFd is 96
06-13 12:11:36.125132  1423  1529 I RilClient: start listen on fd: 30, socket name: rild-oem
06-13 12:11:36.126424  1423  1478 I RmcOemHandler: requestQueryThermal Enter: -1
06-13 12:11:36.126585  1423  1478 I AT      : [0] AT> AT+ETHERMAL (RIL_CMD_READER_1 tid:487591455984)
06-13 12:11:36.136097  1423  1477 I AT      : [0] AT< +ETHERMAL: 2, 32767, -127, 111, 32767, 4046 (RIL_CMD_READER_1, tid:487592492272)
06-13 12:11:36.136222  1423  1477 I AT      : [0] AT< OK (RIL_CMD_READER_1, tid:487592492272)
06-13 12:11:36.136525  1423  1478 I RmcOemHandler: requestQueryThermal success
06-13 12:11:37.009715  1423  1472 I AT      : [0] AT< +ECSQ: 51,38,1,-277,-22,1,1,4,32767,1 (RIL_URC_READER, tid:487597673712)
06-13 12:11:37.011328  1423  1473 D RmcNwHdlr: [0] requestSignalStrength:sigRegisted[0000], sigUpdated[0X04]
06-13 12:11:37.011470  1423  1473 D RmcNwHdlr: [0] handleSignalStrength, gsm_signal_strength: 99, gsm_bit_error_rate: 99, gsm_timing_advance: 2147483647, cdma_dbm: 2147483647, cdma_ecio: 2147483647, evdo_dbm: 2147483647, evdo_ecio: 2147483647, evdo_snr: 2147483647, lte_signal_strength: 99, lte_rsrp: 2147483647, lte_rsrq: 2147483647, lte_rssnr: 2147483647, lte_cqi: 2147483647, lte_timing_advance: 2147483647, tdscdma_signal_strength: 99, tdscdma_bit_error_rate: 99, tdscdma_rscp: 255, wcdma_signal_strength: 21, wcdma_bit_error_rate: 99, wcdma_scdma_rscp: 51, wcdma_ecno: 38, ssRsrp: 2147483647, ssRsrq: 2147483647, ssSinr: 2147483647, csiRsrp: 2147483647, csiRsrq: 2147483647, csiSinr: 2147483647
06-13 12:11:42.131028  1423  1472 I AT      : [0] AT< +ECSQ: 53,41,1,-271,-16,1,1,4,32767,1 (RIL_URC_READER, tid:487597673712)
06-13 12:11:42.132581  1423  1473 D RmcNwHdlr: [0] requestSignalStrength:sigRegisted[0000], sigUpdated[0X04]
06-13 12:11:42.132717  1423  1473 D RmcNwHdlr: [0] handleSignalStrength, gsm_signal_strength: 99, gsm_bit_error_rate: 99, gsm_timing_advance: 2147483647, cdma_dbm: 2147483647, cdma_ecio: 2147483647, evdo_dbm: 2147483647, evdo_ecio: 2147483647, evdo_snr: 2147483647, lte_signal_strength: 99, lte_rsrp: 2147483647, lte_rsrq: 2147483647, lte_rssnr: 2147483647, lte_cqi: 2147483647, lte_timing_advance: 2147483647, tdscdma_signal_strength: 99, tdscdma_bit_error_rate: 99, tdscdma_rscp: 255, wcdma_signal_strength: 22, wcdma_bit_error_rate: 99, wcdma_scdma_rscp: 53, wcdma_ecno: 41, ssRsrp: 2147483647, ssRsrq: 2147483647, ssSinr: 2147483647, csiRsrp: 2147483647, csiRsrq: 2147483647, csiSinr: 2147483647
06-13 12:11:46.143982  1423  1529 I RilClient: initialize: commandFd is 93
06-13 12:11:46.144583  1423  1529 I RilClient: start listen on fd: 30, socket name: rild-oem
06-13 12:11:46.145816  1423  1478 I RmcOemHandler: requestQueryThermal Enter: -1
06-13 12:11:46.145976  1423  1478 I AT      : [0] AT> AT+ETHERMAL (RIL_CMD_READER_1 tid:487591455984)
06-13 12:11:46.155538  1423  1477 I AT      : [0] AT< +ETHERMAL: 2, 32767, -127, 111, 32767, 4046 (RIL_CMD_READER_1, tid:487592492272)
06-13 12:11:46.155664  1423  1477 I AT      : [0] AT< OK (RIL_CMD_READER_1, tid:487592492272)
06-13 12:11:46.155973  1423  1478 I RmcOemHandler: requestQueryThermal success
06-13 12:11:47.252150  1423  1472 I AT      : [0] AT< +ECSQ: 50,35,1,-284,-28,1,1,4,32767,1 (RIL_URC_READER, tid:487597673712)
06-13 12:11:47.253689  1423  1473 D RmcNwHdlr: [0] requestSignalStrength:sigRegisted[0000], sigUpdated[0X04]
06-13 12:11:47.253818  1423  1473 D RmcNwHdlr: [0] handleSignalStrength, gsm_signal_strength: 99, gsm_bit_error_rate: 99, gsm_timing_advance: 2147483647, cdma_dbm: 2147483647, cdma_ecio: 2147483647, evdo_dbm: 2147483647, evdo_ecio: 2147483647, evdo_snr: 2147483647, lte_signal_strength: 99, lte_rsrp: 2147483647, lte_rsrq: 2147483647, lte_rssnr: 2147483647, lte_cqi: 2147483647, lte_timing_advance: 2147483647, tdscdma_signal_strength: 99, tdscdma_bit_error_rate: 99, tdscdma_rscp: 255, wcdma_signal_strength: 21, wcdma_bit_error_rate: 99, wcdma_scdma_rscp: 50, wcdma_ecno: 35, ssRsrp: 2147483647, ssRsrq: 2147483647, ssSinr: 2147483647, csiRsrp: 2147483647, csiRsrq: 2147483647, csiSinr: 2147483647
06-13 12:11:52.373250  1423  1472 I AT      : [0] AT< +ECSQ: 52,39,1,-274,-19,1,1,4,32767,1 (RIL_URC_READER, tid:487597673712)
06-13 12:11:52.374793  1423  1473 D RmcNwHdlr: [0] requestSignalStrength:sigRegisted[0000], sigUpdated[0X04]
06-13 12:11:52.374921  1423  1473 D RmcNwHdlr: [0] handleSignalStrength, gsm_signal_strength: 99, gsm_bit_error_rate: 99, gsm_timing_advance: 2147483647, cdma_dbm: 2147483647, cdma_ecio: 2147483647, evdo_dbm: 2147483647, evdo_ecio: 2147483647, evdo_snr: 2147483647, lte_signal_strength: 99, lte_rsrp: 2147483647, lte_rsrq: 2147483647, lte_rssnr: 2147483647, lte_cqi: 2147483647, lte_timing_advance: 2147483647, tdscdma_signal_strength: 99, tdscdma_bit_error_rate: 99, tdscdma_rscp: 255, wcdma_signal_strength: 22, wcdma_bit_error_rate: 99, wcdma_scdma_rscp: 52, wcdma_ecno: 39, ssRsrp: 2147483647, ssRsrq: 2147483647, ssSinr: 2147483647, csiRsrp: 2147483647, csiRsrq: 2147483647, csiSinr: 2147483647
06-13 12:11:56.163624  1423  1529 I RilClient: initialize: commandFd is 96
06-13 12:11:56.164216  1423  1529 I RilClient: start listen on fd: 30, socket name: rild-oem
06-13 12:11:56.165459  1423  1478 I RmcOemHandler: requestQueryThermal Enter: -1
06-13 12:11:56.165618  1423  1478 I AT      : [0] AT> AT+ETHERMAL (RIL_CMD_READER_1 tid:487591455984)
06-13 12:11:56.175225  1423  1477 I AT      : [0] AT< +ETHERMAL: 2, 32767, -127, 111, 32767, 4046 (RIL_CMD_READER_1, tid:487592492272)
06-13 12:11:56.175419  1423  1477 I AT      : [0] AT< OK (RIL_CMD_READER_1, tid:487592492272)
06-13 12:11:56.175728  1423  1478 I RmcOemHandler: requestQueryThermal success
06-13 12:11:57.016988  1423  1478 I AT      : [0] AT> AT+ECELL (RIL_CMD_READER_1 tid:487591455984)
06-13 12:11:57.026430  1423  1477 I AT      : [0] AT< +ECELL=*** (RIL_CMD_READER_1, tid:487592492272)
06-13 12:11:57.026557  1423  1477 I AT      : [0] AT< OK (RIL_CMD_READER_1, tid:487592492272)
06-13 12:11:57.026921  1423  1478 D RmcNwHdlr: [0] act=2,cid=***4CD7,mcc=286,mnc=1,mnc_len=2,lacTac=**42,pscPci=*BE,sig1=52,sig2=39,rsrp=-276,rsrq=-20,ta=2147483647,rssnr=2147483647,cqi=2147483647,bsic=0,arfcn=10813
06-13 12:11:57.027189  1423  1478 E RmcNwHdlr: [0] rscp=52, ecno=39
06-13 12:11:57.027463  1423  1478 D RmcNwHdlr: [0] act=2,cid=***4CD7,mcc=286,mnc=1,mnc_len=2,lacTac=**42,pscPci=*BE,sig1=47,sig2=39,rsrp=-296,rsrq=-20,ta=2147483647,rssnr=2147483647,cqi=2147483647,bsic=0,arfcn=10813
06-13 12:11:57.027637  1423  1478 E RmcNwHdlr: [0] rscp=47, ecno=39
06-13 12:11:57.484971  1423  1472 I AT      : [0] AT< +ECSQ: 52,41,1,-273,-16,1,1,4,32767,1 (RIL_URC_READER, tid:487597673712)
06-13 12:11:57.486479  1423  1473 D RmcNwHdlr: [0] requestSignalStrength:sigRegisted[0000], sigUpdated[0X04]
