----- timezone:Europe/Istanbul
06-13 12:01:32.853634  1423  1473 D RmcNwHdlr: [0] handleSignalStrength, gsm_signal_strength: 99, gsm_bit_error_rate: 99, gsm_timing_advance: 2147483647, cdma_dbm: 2147483647, cdma_ecio: 2147483647, evdo_dbm: 2147483647, evdo_ecio: 2147483647, evdo_snr: 2147483647, lte_signal_strength: 99, lte_rsrp: 2147483647, lte_rsrq: 2147483647, lte_rssnr: 2147483647, lte_cqi: 2147483647, lte_timing_advance: 2147483647, tdscdma_signal_strength: 99, tdscdma_bit_error_rate: 99, tdscdma_rscp: 255, wcdma_signal_strength: 21, wcdma_bit_error_rate: 99, wcdma_scdma_rscp: 50, wcdma_ecno: 38, ssRsrp: 2147483647, ssRsrq: 2147483647, ssSinr: 2147483647, csiRsrp: 2147483647, csiRsrq: 2147483647, csiSinr: 2147483647
06-13 12:01:34.957369  1423  1529 I RilClient: initialize: commandFd is 96
06-13 12:01:34.957963  1423  1529 I RilClient: start listen on fd: 30, socket name: rild-oem
06-13 12:01:34.959381  1423  1478 I RmcOemHandler: requestQueryThermal Enter: -1
06-13 12:01:34.959544  1423  1478 I AT      : [0] AT> AT+ETHERMAL (RIL_CMD_READER_1 tid:487591455984)
06-13 12:01:34.969074  1423  1477 I AT      : [0] AT< +ETHERMAL: 2, 32767, -127, 111, 32767, 4046 (RIL_CMD_READER_1, tid:487592492272)
06-13 12:01:34.969235  1423  1477 I AT      : [0] AT< OK (RIL_CMD_READER_1, tid:487592492272)
06-13 12:01:34.969576  1423  1478 I RmcOemHandler: requestQueryThermal success
06-13 12:01:37.973125  1423  1472 I AT      : [0] AT< +ECSQ: 51,38,1,-277,-22,1,1,4,32767,1 (RIL_URC_READER, tid:487597673712)
06-13 12:01:37.974661  1423  1473 D RmcNwHdlr: [0] requestSignalStrength:sigRegisted[0000], sigUpdated[0X04]
06-13 12:01:37.974789  1423  1473 D RmcNwHdlr: [0] handleSignalStrength, gsm_signal_strength: 99, gsm_bit_error_rate: 99, gsm_timing_advance: 2147483647, cdma_dbm: 2147483647, cdma_ecio: 2147483647, evdo_dbm: 2147483647, evdo_ecio: 2147483647, evdo_snr: 2147483647, lte_signal_strength: 99, lte_rsrp: 2147483647, lte_rsrq: 2147483647, lte_rssnr: 2147483647, lte_cqi: 2147483647, lte_timing_advance: 2147483647, tdscdma_signal_strength: 99, tdscdma_bit_error_rate: 99, tdscdma_rscp: 255, wcdma_signal_strength: 21, wcdma_bit_error_rate: 99, wcdma_scdma_rscp: 51, wcdma_ecno: 38, ssRsrp: 2147483647, ssRsrq: 2147483647, ssSinr: 2147483647, csiRsrp: 2147483647, csiRsrq: 2147483647, csiSinr: 2147483647
06-13 12:01:43.085176  1423  1472 I AT      : [0] AT< +ECSQ: 52,36,1,-276,-26,1,1,4,32767,1 (RIL_URC_READER, tid:487597673712)
06-13 12:01:43.086899  1423  1473 D RmcNwHdlr: [0] requestSignalStrength:sigRegisted[0000], sigUpdated[0X04]
06-13 12:01:43.087027  1423  1473 D RmcNwHdlr: [0] handleSignalStrength, gsm_signal_strength: 99, gsm_bit_error_rate: 99, gsm_timing_advance: 2147483647, cdma_dbm: 2147483647, cdma_ecio: 2147483647, evdo_dbm: 2147483647, evdo_ecio: 2147483647, evdo_snr: 2147483647, lte_signal_strength: 99, lte_rsrp: 2147483647, lte_rsrq: 2147483647, lte_rssnr: 2147483647, lte_cqi: 2147483647, lte_timing_advance: 2147483647, tdscdma_signal_strength: 99, tdscdma_bit_error_rate: 99, tdscdma_rscp: 255, wcdma_signal_strength: 22, wcdma_bit_error_rate: 99, wcdma_scdma_rscp: 52, wcdma_ecno: 36, ssRsrp: 2147483647, ssRsrq: 2147483647, ssSinr: 2147483647, csiRsrp: 2147483647, csiRsrq: 2147483647, csiSinr: 2147483647
06-13 12:01:44.977067  1423  1529 I RilClient: initialize: commandFd is 93
06-13 12:01:44.977673  1423  1529 I RilClient: start listen on fd: 30, socket name: rild-oem
06-13 12:01:44.978949  1423  1478 I RmcOemHandler: requestQueryThermal Enter: -1
06-13 12:01:44.979109  1423  1478 I AT      : [0] AT> AT+ETHERMAL (RIL_CMD_READER_1 tid:487591455984)
06-13 12:01:44.988794  1423  1477 I AT      : [0] AT< +ETHERMAL: 2, 32767, -127, 111, 32767, 4046 (RIL_CMD_READER_1, tid:487592492272)
06-13 12:01:44.988957  1423  1477 I AT      : [0] AT< OK (RIL_CMD_READER_1, tid:487592492272)
06-13 12:01:44.989285  1423  1478 I RmcOemHandler: requestQueryThermal success
06-13 12:01:48.206301  1423  1472 I AT      : [0] AT< +ECSQ: 51,35,1,-278,-27,1,1,4,32767,1 (RIL_URC_READER, tid:487597673712)
06-13 12:01:48.208065  1423  1473 D RmcNwHdlr: [0] requestSignalStrength:sigRegisted[0000], sigUpdated[0X04]
06-13 12:01:48.208338  1423  1473 D RmcNwHdlr: [0] handleSignalStrength, gsm_signal_strength: 99, gsm_bit_error_rate: 99, gsm_timing_advance: 2147483647, cdma_dbm: 2147483647, cdma_ecio: 2147483647, evdo_dbm: 2147483647, evdo_ecio: 2147483647, evdo_snr: 2147483647, lte_signal_strength: 99, lte_rsrp: 2147483647, lte_rsrq: 2147483647, lte_rssnr: 2147483647, lte_cqi: 2147483647, lte_timing_advance: 2147483647, tdscdma_signal_strength: 99, tdscdma_bit_error_rate: 99, tdscdma_rscp: 255, wcdma_signal_strength: 21, wcdma_bit_error_rate: 99, wcdma_scdma_rscp: 51, wcdma_ecno: 35, ssRsrp: 2147483647, ssRsrq: 2147483647, ssSinr: 2147483647, csiRsrp: 2147483647, csiRsrq: 2147483647, csiSinr: 2147483647
06-13 12:01:53.327002  1423  1472 I AT      : [0] AT< +ECSQ: 52,38,1,-276,-22,1,1,4,32767,1 (RIL_URC_READER, tid:487597673712)
06-13 12:01:53.328795  1423  1473 D RmcNwHdlr: [0] requestSignalStrength:sigRegisted[0000], sigUpdated[0X04]
06-13 12:01:53.328926  1423  1473 D RmcNwHdlr: [0] handleSignalStrength, gsm_signal_strength: 99, gsm_bit_error_rate: 99, gsm_timing_advance: 2147483647, cdma_dbm: 2147483647, cdma_ecio: 2147483647, evdo_dbm: 2147483647, evdo_ecio: 2147483647, evdo_snr: 2147483647, lte_signal_strength: 99, lte_rsrp: 2147483647, lte_rsrq: 2147483647, lte_rssnr: 2147483647, lte_cqi: 2147483647, lte_timing_advance: 2147483647, tdscdma_signal_strength: 99, tdscdma_bit_error_rate: 99, tdscdma_rscp: 255, wcdma_signal_strength: 22, wcdma_bit_error_rate: 99, wcdma_scdma_rscp: 52, wcdma_ecno: 38, ssRsrp: 2147483647, ssRsrq: 2147483647, ssSinr: 2147483647, csiRsrp: 2147483647, csiRsrq: 2147483647, csiSinr: 2147483647
06-13 12:01:54.997233  1423  1529 I RilClient: initialize: commandFd is 96
06-13 12:01:54.997840  1423  1529 I RilClient: start listen on fd: 30, socket name: rild-oem
06-13 12:01:54.999115  1423  1478 I RmcOemHandler: requestQueryThermal Enter: -1
06-13 12:01:54.999366  1423  1478 I AT      : [0] AT> AT+ETHERMAL (RIL_CMD_READER_1 tid:487591455984)
06-13 12:01:55.008679  1423  1477 I AT      : [0] AT< +ETHERMAL: 2, 32767, -127, 111, 32767, 4046 (RIL_CMD_READER_1, tid:487592492272)
06-13 12:01:55.008802  1423  1477 I AT      : [0] AT< OK (RIL_CMD_READER_1, tid:487592492272)
06-13 12:01:55.009110  1423  1478 I RmcOemHandler: requestQueryThermal success
06-13 12:01:56.994981  1423  1478 I AT      : [0] AT> AT+ECELL (RIL_CMD_READER_1 tid:487591455984)
06-13 12:01:56.998770  1423  1477 I AT      : [0] AT< +ECELL=*** (RIL_CMD_READER_1, tid:487592492272)
06-13 12:01:56.998901  1423  1477 I AT      : [0] AT< OK (RIL_CMD_READER_1, tid:487592492272)
06-13 12:01:56.999361  1423  1478 D RmcNwHdlr: [0] act=2,cid=***4CD7,mcc=286,mnc=1,mnc_len=2,lacTac=**42,pscPci=*BE,sig1=52,sig2=38,rsrp=-276,rsrq=-22,ta=2147483647,rssnr=2147483647,cqi=2147483647,bsic=0,arfcn=10813
06-13 12:01:56.999478  1423  1478 E RmcNwHdlr: [0] rscp=52, ecno=38
06-13 12:01:56.999555  1423  1478 D RmcNwHdlr: [0] act=2,cid=***4CD7,mcc=286,mnc=1,mnc_len=2,lacTac=**42,pscPci=*BE,sig1=47,sig2=38,rsrp=-296,rsrq=-22,ta=2147483647,rssnr=2147483647,cqi=2147483647,bsic=0,arfcn=10813
06-13 12:01:56.999606  1423  1478 E RmcNwHdlr: [0] rscp=47, ecno=38
06-13 12:01:58.448474  1423  1472 I AT      : [0] AT< +ECSQ: 52,36,1,-276,-25,1,1,4,32767,1 (RIL_URC_READER, tid:487597673712)
06-13 12:01:58.450041  1423  1473 D RmcNwHdlr: [0] requestSignalStrength:sigRegisted[0000], sigUpdated[0X04]
06-13 12:01:58.450169  1423  1473 D RmcNwHdlr: [0] handleSignalStrength, gsm_signal_strength: 99, gsm_bit_error_rate: 99, gsm_timing_advance: 2147483647, cdma_dbm: 2147483647, cdma_ecio: 2147483647, evdo_dbm: 2147483647, evdo_ecio: 2147483647, evdo_snr: 2147483647, lte_signal_strength: 99, lte_rsrp: 2147483647, lte_rsrq: 2147483647, lte_rssnr: 2147483647, lte_cqi: 2147483647, lte_timing_advance: 2147483647, tdscdma_signal_strength: 99, tdscdma_bit_error_rate: 99, tdscdma_rscp: 255, wcdma_signal_strength: 22, wcdma_bit_error_rate: 99, wcdma_scdma_rscp: 52, wcdma_ecno: 36, ssRsrp: 2147483647, ssRsrq: 2147483647, ssSinr: 2147483647, csiRsrp: 2147483647, csiRsrq: 2147483647, csiSinr: 2147483647
06-13 12:02:03.569979  1423  1472 I AT      : [0] AT< +ECSQ: 53,40,1,-269,-17,1,1,4,32767,1 (RIL_URC_READER, tid:487597673712)
06-13 12:02:03.571643  1423  1473 D RmcNwHdlr: [0] requestSignalStrength:sigRegisted[0000], sigUpdated[0X04]
06-13 12:02:03.571772  1423  1473 D RmcNwHdlr: [0] handleSignalStrength, gsm_signal_strength: 99, gsm_bit_error_rate: 99, gsm_timing_advance: 2147483647, cdma_dbm: 2147483647, cdma_ecio: 2147483647, evdo_dbm: 2147483647, evdo_ecio: 2147483647, evdo_snr: 2147483647, lte_signal_strength: 99, lte_rsrp: 2147483647, lte_rsrq: 2147483647, lte_rssnr: 2147483647, lte_cqi: 2147483647, lte_timing_advance: 2147483647, tdscdma_signal_strength: 99, tdscdma_bit_error_rate: 99, tdscdma_rscp: 255, wcdma_signal_strength: 22, wcdma_bit_error_rate: 99, wcdma_scdma_rscp: 53, wcdma_ecno: 40, ssRsrp: 2147483647, ssRsrq: 2147483647, ssSinr: 2147483647, csiRsrp: 2147483647, csiRsrq: 2147483647, csiSinr: 2147483647
06-13 12:02:05.016795  1423  1529 I RilClient: initialize: commandFd is 93
06-13 12:02:05.017400  1423  1529 I RilClient: start listen on fd: 30, socket name: rild-oem
06-13 12:02:05.018737  1423  1478 I RmcOemHandler: requestQueryThermal Enter: -1
06-13 12:02:05.018898  1423  1478 I AT      : [0] AT> AT+ETHERMAL (RIL_CMD_READER_1 tid:487591455984)
06-13 12:02:05.028599  1423  1477 I AT      : [0] AT< +ETHERMAL: 2, 32767, -127, 111, 32767, 4046 (RIL_CMD_READER_1, tid:487592492272)
06-13 12:02:05.028718  1423  1477 I AT      : [0] AT< OK (RIL_CMD_READER_1, tid:487592492272)
06-13 12:02:05.029024  1423  1478 I RmcOemHandler: requestQueryThermal success
06-13 12:02:08.691066  1423  1472 I AT      : [0] AT< +ECSQ: 53,38,1,-272,-22,1,1,4,32767,1 (RIL_URC_READER, tid:487597673712)
06-13 12:02:08.692694  1423  1473 D RmcNwHdlr: [0] requestSignalStrength:sigRegisted[0000], sigUpdated[0X04]
06-13 12:02:08.692834  1423  1473 D RmcNwHdlr: [0] handleSignalStrength, gsm_signal_strength: 99, gsm_bit_error_rate: 99, gsm_timing_advance: 2147483647, cdma_dbm: 2147483647, cdma_ecio: 2147483647, evdo_dbm: 2147483647, evdo_ecio: 2147483647, evdo_snr: 2147483647, lte_signal_strength: 99, lte_rsrp: 2147483647, lte_rsrq: 2147483647, lte_rssnr: 2147483647, lte_cqi: 2147483647, lte_timing_advance: 2147483647, tdscdma_signal_strength: 99, tdscdma_bit_error_rate: 99, tdscdma_rscp: 255, wcdma_signal_strength: 22, wcdma_bit_error_rate: 99, wcdma_scdma_rscp: 53, wcdma_ecno: 38, ssRsrp: 2147483647, ssRsrq: 2147483647, ssSinr: 2147483647, csiRsrp: 2147483647, csiRsrq: 2147483647, csiSinr: 2147483647
06-13 12:02:13.812148  1423  1472 I AT      : [0] AT< +ECSQ: 51,37,1,-280,-24,1,1,4,32767,1 (RIL_URC_READER, tid:487597673712)
06-13 12:02:13.813851  1423  1473 D RmcNwHdlr: [0] requestSignalStrength:sigRegisted[0000], sigUpdated[0X04]
06-13 12:02:13.813979  1423  1473 D RmcNwHdlr: [0] handleSignalStrength, gsm_signal_strength: 99, gsm_bit_error_rate: 99, gsm_timing_advance: 2147483647, cdma_dbm: 2147483647, cdma_ecio: 2147483647, evdo_dbm: 2147483647, evdo_ecio: 2147483647, evdo_snr: 2147483647, lte_signal_strength: 99, lte_rsrp: 2147483647, lte_rsrq: 2147483647, lte_rssnr: 2147483647, lte_cqi: 2147483647, lte_timing_advance: 2147483647, tdscdma_signal_strength: 99, tdscdma_bit_error_rate: 99, tdscdma_rscp: 255, wcdma_signal_strength: 21, wcdma_bit_error_rate: 99, wcdma_scdma_rscp: 51, wcdma_ecno: 37, ssRsrp: 2147483647, ssRsrq: 2147483647, ssSinr: 2147483647, csiRsrp: 2147483647, csiRsrq: 2147483647, csiSinr: 2147483647
06-13 12:02:15.036841  1423  1529 I RilClient: initialize: commandFd is 96
06-13 12:02:15.037442  1423  1529 I RilClient: start listen on fd: 30, socket name: rild-oem
06-13 12:02:15.038706  1423  1478 I RmcOemHandler: requestQueryThermal Enter: -1
06-13 12:02:15.038866  1423  1478 I AT      : [0] AT> AT+ETHERMAL (RIL_CMD_READER_1 tid:487591455984)
06-13 12:02:15.048524  1423  1477 I AT      : [0] AT< +ETHERMAL: 2, 32767, -127, 111, 32767, 4046 (RIL_CMD_READER_1, tid:487592492272)
06-13 12:02:15.048644  1423  1477 I AT      : [0] AT< OK (RIL_CMD_READER_1, tid:487592492272)
06-13 12:02:15.048942  1423  1478 I RmcOemHandler: requestQueryThermal success
06-13 12:02:18.933193  1423  1472 I AT      : [0] AT< +ECSQ: 52,40,1,-276,-18,1,1,4,32767,1 (RIL_URC_READER, tid:487597673712)
06-13 12:02:18.934901  1423  1473 D RmcNwHdlr: [0] requestSignalStrength:sigRegisted[0000], sigUpdated[0X04]
06-13 12:02:18.935030  1423  1473 D RmcNwHdlr: [0] handleSignalStrength, gsm_signal_strength: 99, gsm_bit_error_rate: 99, gsm_timing_advance: 2147483647, cdma_dbm: 2147483647, cdma_ecio: 2147483647, evdo_dbm: 2147483647, evdo_ecio: 2147483647, evdo_snr: 2147483647, lte_signal_strength: 99, lte_rsrp: 2147483647, lte_rsrq: 2147483647, lte_rssnr: 2147483647, lte_cqi: 2147483647, lte_timing_advance: 2147483647, tdscdma_signal_strength: 99, tdscdma_bit_error_rate: 99, tdscdma_rscp: 255, wcdma_signal_strength: 22, wcdma_bit_error_rate: 99, wcdma_scdma_rscp: 52, wcdma_ecno: 40, ssRsrp: 2147483647, ssRsrq: 2147483647, ssSinr: 2147483647, csiRsrp: 2147483647, csiRsrq: 2147483647, csiSinr: 2147483647
06-13 12:02:24.045076  1423  1472 I AT      : [0] AT< +ECSQ: 51,36,1,-278,-26,1,1,4,32767,1 (RIL_URC_READER, tid:487597673712)
06-13 12:02:24.046606  1423  1473 D RmcNwHdlr: [0] requestSignalStrength:sigRegisted[0000], sigUpdated[0X04]
06-13 12:02:24.046877  1423  1473 D RmcNwHdlr: [0] handleSignalStrength, gsm_signal_strength: 99, gsm_bit_error_rate: 99, gsm_timing_advance: 2147483647, cdma_dbm: 2147483647, cdma_ecio: 2147483647, evdo_dbm: 2147483647, evdo_ecio: 2147483647, evdo_snr: 2147483647, lte_signal_strength: 99, lte_rsrp: 2147483647, lte_rsrq: 2147483647, lte_rssnr: 2147483647, lte_cqi: 2147483647, lte_timing_advance: 2147483647, tdscdma_signal_strength: 99, tdscdma_bit_error_rate: 99, tdscdma_rscp: 255, wcdma_signal_strength: 21, wcdma_bit_error_rate: 99, wcdma_scdma_rscp: 51, wcdma_ecno: 36, ssRsrp: 2147483647, ssRsrq: 2147483647, ssSinr: 2147483647, csiRsrp: 2147483647, csiRsrq: 2147483647, csiSinr: 2147483647
06-13 12:02:25.056647  1423  1529 I RilClient: initialize: commandFd is 93
06-13 12:02:25.057243  1423  1529 I RilClient: start listen on fd: 30, socket name: rild-oem
06-13 12:02:25.058495  1423  1478 I RmcOemHandler: requestQueryThermal Enter: -1
06-13 12:02:25.058654  1423  1478 I AT      : [0] AT> AT+ETHERMAL (RIL_CMD_READER_1 tid:487591455984)
06-13 12:02:25.068571  1423  1477 I AT      : [0] AT< +ETHERMAL: 2, 32767, -127, 111, 32767, 4046 (RIL_CMD_READER_1, tid:487592492272)
06-13 12:02:25.068732  1423  1477 I AT      : [0] AT< OK (RIL_CMD_READER_1, tid:487592492272)
06-13 12:02:25.069071  1423  1478 I RmcOemHandler: requestQueryThermal success
06-13 12:02:29.166020  1423  1472 I AT      : [0] AT< +ECSQ: 53,38,1,-271,-22,1,1,4,32767,1 (RIL_URC_READER, tid:487597673712)
06-13 12:02:29.167664  1423  1473 D RmcNwHdlr: [0] requestSignalStrength:sigRegisted[0000], sigUpdated[0X04]
06-13 12:02:29.167933  1423  1473 D RmcNwHdlr: [0] handleSignalStrength, gsm_signal_strength: 99, gsm_bit_error_rate: 99, gsm_timing_advance: 2147483647, cdma_dbm: 2147483647, cdma_ecio: 2147483647, evdo_dbm: 2147483647, evdo_ecio: 2147483647, evdo_snr: 2147483647, lte_signal_strength: 99, lte_rsrp: 2147483647, lte_rsrq: 2147483647, lte_rssnr: 2147483647, lte_cqi: 2147483647, lte_timing_advance: 2147483647, tdscdma_signal_strength: 99, tdscdma_bit_error_rate: 99, tdscdma_rscp: 255, wcdma_signal_strength: 22, wcdma_bit_error_rate: 99, wcdma_scdma_rscp: 53, wcdma_ecno: 38, ssRsrp: 2147483647, ssRsrq: 2147483647, ssSinr: 2147483647, csiRsrp: 2147483647, csiRsrq: 2147483647, csiSinr: 2147483647
06-13 12:02:34.287339  1423  1472 I AT      : [0] AT< +ECSQ: 53,36,1,-272,-25,1,1,4,32767,1 (RIL_URC_READER, tid:487597673712)
06-13 12:02:34.288865  1423  1473 D RmcNwHdlr: [0] requestSignalStrength:sigRegisted[0000], sigUpdated[0X04]
06-13 12:02:34.289141  1423  1473 D RmcNwHdlr: [0] handleSignalStrength, gsm_signal_strength: 99, gsm_bit_error_rate: 99, gsm_timing_advance: 2147483647, cdma_dbm: 2147483647, cdma_ecio: 2147483647, evdo_dbm: 2147483647, evdo_ecio: 2147483647, evdo_snr: 2147483647, lte_signal_strength: 99, lte_rsrp: 2147483647, lte_rsrq: 2147483647, lte_rssnr: 2147483647, lte_cqi: 2147483647, lte_timing_advance: 2147483647, tdscdma_signal_strength: 99, tdscdma_bit_error_rate: 99, tdscdma_rscp: 255, wcdma_signal_strength: 22, wcdma_bit_error_rate: 99, wcdma_scdma_rscp: 53, wcdma_ecno: 36, ssRsrp: 2147483647, ssRsrq: 2147483647, ssSinr: 2147483647, csiRsrp: 2147483647, csiRsrq: 2147483647, csiSinr: 2147483647
06-13 12:02:35.076727  1423  1529 I RilClient: initialize: commandFd is 96
06-13 12:02:35.077325  1423  1529 I RilClient: start listen on fd: 30, socket name: rild-oem
06-13 12:02:35.078576  1423  1478 I RmcOemHandler: requestQueryThermal Enter: -1
06-13 12:02:35.078736  1423  1478 I AT      : [0] AT> AT+ETHERMAL (RIL_CMD_READER_1 tid:487591455984)
06-13 12:02:35.088573  1423  1477 I AT      : [0] AT< +ETHERMAL: 2, 32767, -127, 111, 32767, 4046 (RIL_CMD_READER_1, tid:487592492272)
06-13 12:02:35.088735  1423  1477 I AT      : [0] AT< OK (RIL_CMD_READER_1, tid:487592492272)
06-13 12:02:35.089057  1423  1478 I RmcOemHandler: requestQueryThermal success
06-13 12:02:44.529873  1423  1472 I AT      : [0] AT< +ECSQ: 53,36,1,-271,-25,1,1,4,32767,1 (RIL_URC_READER, tid:487597673712)
06-13 12:02:45.096773  1423  1529 I RilClient: initialize: commandFd is 93
06-13 12:02:45.097356  1423  1529 I RilClient: start listen on fd: 30, socket name: rild-oem
06-13 12:02:45.098621  1423  1478 I RmcOemHandler: requestQueryThermal Enter: -1
06-13 12:02:45.098783  1423  1478 I AT      : [0] AT> AT+ETHERMAL (RIL_CMD_READER_1 tid:487591455984)
06-13 12:02:45.108613  1423  1477 I AT      : [0] AT< +ETHERMAL: 2, 32767, -127, 111, 32767, 4046 (RIL_CMD_READER_1, tid:487592492272)
06-13 12:02:45.108774  1423  1477 I AT      : [0] AT< OK (RIL_CMD_READER_1, tid:487592492272)
06-13 12:02:45.109115  1423  1478 I RmcOemHandler: requestQueryThermal success
06-13 12:02:49.651014  1423  1472 I AT      : [0] AT< +ECSQ: 53,39,1,-270,-19,1,1,4,32767,1 (RIL_URC_READER, tid:487597673712)
06-13 12:02:49.652685  1423  1473 D RmcNwHdlr: [0] requestSignalStrength:sigRegisted[0000], sigUpdated[0X04]
06-13 12:02:49.652834  1423  1473 D RmcNwHdlr: [0] handleSignalStrength, gsm_signal_strength: 99, gsm_bit_error_rate: 99, gsm_timing_advance: 2147483647, cdma_dbm: 2147483647, cdma_ecio: 2147483647, evdo_dbm: 2147483647, evdo_ecio: 2147483647, evdo_snr: 2147483647, lte_signal_strength: 99, lte_rsrp: 2147483647, lte_rsrq: 2147483647, lte_rssnr: 2147483647, lte_cqi: 2147483647, lte_timing_advance: 2147483647, tdscdma_signal_strength: 99, tdscdma_bit_error_rate: 99, tdscdma_rscp: 255, wcdma_signal_strength: 22, wcdma_bit_error_rate: 99, wcdma_scdma_rscp: 53, wcdma_ecno: 39, ssRsrp: 2147483647, ssRsrq: 2147483647, ssSinr: 2147483647, csiRsrp: 2147483647, csiRsrq: 2147483647, csiSinr: 2147483647
06-13 12:02:54.772114  1423  1472 I AT      : [0] AT< +ECSQ: 52,35,1,-273,-27,1,1,4,32767,1 (RIL_URC_READER, tid:487597673712)
06-13 12:02:54.773639  1423  1473 D RmcNwHdlr: [0] requestSignalStrength:sigRegisted[0000], sigUpdated[0X04]
06-13 12:02:54.773767  1423  1473 D RmcNwHdlr: [0] handleSignalStrength, gsm_signal_strength: 99, gsm_bit_error_rate: 99, gsm_timing_advance: 2147483647, cdma_dbm: 2147483647, cdma_ecio: 2147483647, evdo_dbm: 2147483647, evdo_ecio: 2147483647, evdo_snr: 2147483647, lte_signal_strength: 99, lte_rsrp: 2147483647, lte_rsrq: 2147483647, lte_rssnr: 2147483647, lte_cqi: 2147483647, lte_timing_advance: 2147483647, tdscdma_signal_strength: 99, tdscdma_bit_error_rate: 99, tdscdma_rscp: 255, wcdma_signal_strength: 22, wcdma_bit_error_rate: 99, wcdma_scdma_rscp: 52, wcdma_ecno: 35, ssRsrp: 2147483647, ssRsrq: 2147483647, ssSinr: 2147483647, csiRsrp: 2147483647, csiRsrq: 2147483647, csiSinr: 2147483647
06-13 12:02:55.116940  1423  1529 I RilClient: initialize: commandFd is 96
06-13 12:02:55.117540  1423  1529 I RilClient: start listen on fd: 30, socket name: rild-oem
06-13 12:02:55.118800  1423  1478 I RmcOemHandler: requestQueryThermal Enter: -1
06-13 12:02:55.118960  1423  1478 I AT      : [0] AT> AT+ETHERMAL (RIL_CMD_READER_1 tid:487591455984)
06-13 12:02:55.128546  1423  1477 I AT      : [0] AT< +ETHERMAL: 2, 32767, -127, 111, 32767, 4046 (RIL_CMD_READER_1, tid:487592492272)
06-13 12:02:55.128708  1423  1477 I AT      : [0] AT< OK (RIL_CMD_READER_1, tid:487592492272)
06-13 12:02:55.129032  1423  1478 I RmcOemHandler: requestQueryThermal success
06-13 12:02:59.892874  1423  1472 I AT      : [0] AT< +ECSQ: 53,36,1,-271,-25,1,1,4,32767,1 (RIL_URC_READER, tid:487597673712)
06-13 12:02:59.894411  1423  1473 D RmcNwHdlr: [0] requestSignalStrength:sigRegisted[0000], sigUpdated[0X04]
06-13 12:02:59.894538  1423  1473 D RmcNwHdlr: [0] handleSignalStrength, gsm_signal_strength: 99, gsm_bit_error_rate: 99, gsm_timing_advance: 2147483647, cdma_dbm: 2147483647, cdma_ecio: 2147483647, evdo_dbm: 2147483647, evdo_ecio: 2147483647, evdo_snr: 2147483647, lte_signal_strength: 99, lte_rsrp: 2147483647, lte_rsrq: 2147483647, lte_rssnr: 2147483647, lte_cqi: 2147483647, lte_timing_advance: 2147483647, tdscdma_signal_strength: 99, tdscdma_bit_error_rate: 99, tdscdma_rscp: 255, wcdma_signal_strength: 22, wcdma_bit_error_rate: 99, wcdma_scdma_rscp: 53, wcdma_ecno: 36, ssRsrp: 2147483647, ssRsrq: 2147483647, ssSinr: 2147483647, csiRsrp: 2147483647, csiRsrq: 2147483647, csiSinr: 2147483647
06-13 12:03:05.005123  1423  1472 I AT      : [0] AT< +ECSQ: 53,39,1,-271,-19,1,1,4,32767,1 (RIL_URC_READER, tid:487597673712)
06-13 12:03:05.006662  1423  1473 D RmcNwHdlr: [0] requestSignalStrength:sigRegisted[0000], sigUpdated[0X04]
06-13 12:03:05.006790  1423  1473 D RmcNwHdlr: [0] handleSignalStrength, gsm_signal_strength: 99, gsm_bit_error_rate: 99, gsm_timing_advance: 2147483647, cdma_dbm: 2147483647, cdma_ecio: 2147483647, evdo_dbm: 2147483647, evdo_ecio: 2147483647, evdo_snr: 2147483647, lte_signal_strength: 99, lte_rsrp: 2147483647, lte_rsrq: 2147483647, lte_rssnr: 2147483647, lte_cqi: 2147483647, lte_timing_advance: 2147483647, tdscdma_signal_strength: 99, tdscdma_bit_error_rate: 99, tdscdma_rscp: 255, wcdma_signal_strength: 22, wcdma_bit_error_rate: 99, wcdma_scdma_rscp: 53, wcdma_ecno: 39, ssRsrp: 2147483647, ssRsrq: 2147483647, ssSinr: 2147483647, csiRsrp: 2147483647, csiRsrq: 2147483647, csiSinr: 2147483647
06-13 12:03:05.136864  1423  1529 I RilClient: initialize: commandFd is 93
06-13 12:03:05.137463  1423  1529 I RilClient: start listen on fd: 30, socket name: rild-oem
06-13 12:03:05.138727  1423  1478 I RmcOemHandler: requestQueryThermal Enter: -1
06-13 12:03:05.138887  1423  1478 I AT      : [0] AT> AT+ETHERMAL (RIL_CMD_READER_1 tid:487591455984)
06-13 12:03:05.148376  1423  1477 I AT      : [0] AT< +ETHERMAL: 2, 32767, -127, 111, 32767, 4046 (RIL_CMD_READER_1, tid:487592492272)
06-13 12:03:05.148495  1423  1477 I AT      : [0] AT< OK (RIL_CMD_READER_1, tid:487592492272)
06-13 12:03:05.148798  1423  1478 I RmcOemHandler: requestQueryThermal success
06-13 12:03:10.126378  1423  1472 I AT      : [0] AT< +ECSQ: 53,42,1,-271,-14,1,1,4,32767,1 (RIL_URC_READER, tid:487597673712)
06-13 12:03:10.127995  1423  1473 D RmcNwHdlr: [0] requestSignalStrength:sigRegisted[0000], sigUpdated[0X04]
06-13 12:03:10.128125  1423  1473 D RmcNwHdlr: [0] handleSignalStrength, gsm_signal_strength: 99, gsm_bit_error_rate: 99, gsm_timing_advance: 2147483647, cdma_dbm: 2147483647, cdma_ecio: 2147483647, evdo_dbm: 2147483647, evdo_ecio: 2147483647, evdo_snr: 2147483647, lte_signal_strength: 99, lte_rsrp: 2147483647, lte_rsrq: 2147483647, lte_rssnr: 2147483647, lte_cqi: 2147483647, lte_timing_advance: 2147483647, tdscdma_signal_strength: 99, tdscdma_bit_error_rate: 99, tdscdma_rscp: 255, wcdma_signal_strength: 22, wcdma_bit_error_rate: 99, wcdma_scdma_rscp: 53, wcdma_ecno: 42, ssRsrp: 2147483647, ssRsrq: 2147483647, ssSinr: 2147483647, csiRsrp: 2147483647, csiRsrq: 2147483647, csiSinr: 2147483647
06-13 12:03:15.156167  1423  1529 I RilClient: initialize: commandFd is 96
06-13 12:03:15.156742  1423  1529 I RilClient: start listen on fd: 30, socket name: rild-oem
06-13 12:03:15.157973  1423  1478 I RmcOemHandler: requestQueryThermal Enter: -1
06-13 12:03:15.158136  1423  1478 I AT      : [0] AT> AT+ETHERMAL (RIL_CMD_READER_1 tid:487591455984)
06-13 12:03:15.167933  1423  1477 I AT      : [0] AT< +ETHERMAL: 2, 32767, -127, 111, 32767, 4046 (RIL_CMD_READER_1, tid:487592492272)
06-13 12:03:15.168060  1423  1477 I AT      : [0] AT< OK (RIL_CMD_READER_1, tid:487592492272)
06-13 12:03:15.168367  1423  1478 I RmcOemHandler: requestQueryThermal success
06-13 12:03:15.247203  1423  1472 I AT      : [0] AT< +ECSQ: 53,40,1,-269,-17,1,1,4,32767,1 (RIL_URC_READER, tid:487597673712)
06-13 12:03:15.248828  1423  1473 D RmcNwHdlr: [0] requestSignalStrength:sigRegisted[0000], sigUpdated[0X04]
06-13 12:03:15.248959  1423  1473 D RmcNwHdlr: [0] handleSignalStrength, gsm_signal_strength: 99, gsm_bit_error_rate: 99, gsm_timing_advance: 2147483647, cdma_dbm: 2147483647, cdma_ecio: 2147483647, evdo_dbm: 2147483647, evdo_ecio: 2147483647, evdo_snr: 2147483647, lte_signal_strength: 99, lte_rsrp: 2147483647, lte_rsrq: 2147483647, lte_rssnr: 2147483647, lte_cqi: 2147483647, lte_timing_advance: 2147483647, tdscdma_signal_strength: 99, tdscdma_bit_error_rate: 99, tdscdma_rscp: 255, wcdma_signal_strength: 22, wcdma_bit_error_rate: 99, wcdma_scdma_rscp: 53, wcdma_ecno: 40, ssRsrp: 2147483647, ssRsrq: 2147483647, ssSinr: 2147483647, csiRsrp: 2147483647, csiRsrq: 2147483647, csiSinr: 2147483647
06-13 12:03:20.368351  1423  1472 I AT      : [0] AT< +ECSQ: 52,36,1,-273,-26,1,1,4,32767,1 (RIL_URC_READER, tid:487597673712)
06-13 12:03:20.369889  1423  1473 D RmcNwHdlr: [0] requestSignalStrength:sigRegisted[0000], sigUpdated[0X04]
06-13 12:03:20.370017  1423  1473 D RmcNwHdlr: [0] handleSignalStrength, gsm_signal_strength: 99, gsm_bit_error_rate: 99, gsm_timing_advance: 2147483647, cdma_dbm: 2147483647, cdma_ecio: 2147483647, evdo_dbm: 2147483647, evdo_ecio: 2147483647, evdo_snr: 2147483647, lte_signal_strength: 99, lte_rsrp: 2147483647, lte_rsrq: 2147483647, lte_rssnr: 2147483647, lte_cqi: 2147483647, lte_timing_advance: 2147483647, tdscdma_signal_strength: 99, tdscdma_bit_error_rate: 99, tdscdma_rscp: 255, wcdma_signal_strength: 22, wcdma_bit_error_rate: 99, wcdma_scdma_rscp: 52, wcdma_ecno: 36, ssRsrp: 2147483647, ssRsrq: 2147483647, ssSinr: 2147483647, csiRsrp: 2147483647, csiRsrq: 2147483647, csiSinr: 2147483647
06-13 12:03:25.176177  1423  1529 I RilClient: initialize: commandFd is 93
06-13 12:03:25.176776  1423  1529 I RilClient: start listen on fd: 30, socket name: rild-oem
06-13 12:03:25.178046  1423  1478 I RmcOemHandler: requestQueryThermal Enter: -1
06-13 12:03:25.178206  1423  1478 I AT      : [0] AT> AT+ETHERMAL (RIL_CMD_READER_1 tid:487591455984)
06-13 12:03:25.187931  1423  1477 I AT      : [0] AT< +ETHERMAL: 2, 32767, -127, 111, 32767, 4046 (RIL_CMD_READER_1, tid:487592492272)
06-13 12:03:25.188071  1423  1477 I AT      : [0] AT< OK (RIL_CMD_READER_1, tid:487592492272)
06-13 12:03:25.188316  1423  1478 I RmcOemHandler: requestQueryThermal success
06-13 12:03:25.489876  1423  1472 I AT      : [0] AT< +ECSQ: 53,36,1,-271,-25,1,1,4,32767,1 (RIL_URC_READER, tid:487597673712)
06-13 12:03:25.491693  1423  1473 D RmcNwHdlr: [0] requestSignalStrength:sigRegisted[0000], sigUpdated[0X04]
06-13 12:03:25.491826  1423  1473 D RmcNwHdlr: [0] handleSignalStrength, gsm_signal_strength: 99, gsm_bit_error_rate: 99, gsm_timing_advance: 2147483647, cdma_dbm: 2147483647, cdma_ecio: 2147483647, evdo_dbm: 2147483647, evdo_ecio: 2147483647, evdo_snr: 2147483647, lte_signal_strength: 99, lte_rsrp: 2147483647, lte_rsrq: 2147483647, lte_rssnr: 2147483647, lte_cqi: 2147483647, lte_timing_advance: 2147483647, tdscdma_signal_strength: 99, tdscdma_bit_error_rate: 99, tdscdma_rscp: 255, wcdma_signal_strength: 22, wcdma_bit_error_rate: 99, wcdma_scdma_rscp: 53, wcdma_ecno: 36, ssRsrp: 2147483647, ssRsrq: 2147483647, ssSinr: 2147483647, csiRsrp: 2147483647, csiRsrq: 2147483647, csiSinr: 2147483647
06-13 12:03:30.611088  1423  1472 I AT      : [0] AT< +ECSQ: 52,35,1,-274,-28,1,1,4,32767,1 (RIL_URC_READER, tid:487597673712)
06-13 12:03:30.612885  1423  1473 D RmcNwHdlr: [0] requestSignalStrength:sigRegisted[0000], sigUpdated[0X04]
06-13 12:03:30.613013  1423  1473 D RmcNwHdlr: [0] handleSignalStrength, gsm_signal_strength: 99, gsm_bit_error_rate: 99, gsm_timing_advance: 2147483647, cdma_dbm: 2147483647, cdma_ecio: 2147483647, evdo_dbm: 2147483647, evdo_ecio: 2147483647, evdo_snr: 2147483647, lte_signal_strength: 99, lte_rsrp: 2147483647, lte_rsrq: 2147483647, lte_rssnr: 2147483647, lte_cqi: 2147483647, lte_timing_advance: 2147483647, tdscdma_signal_strength: 99, tdscdma_bit_error_rate: 99, tdscdma_rscp: 255, wcdma_signal_strength: 22, wcdma_bit_error_rate: 99, wcdma_scdma_rscp: 52, wcdma_ecno: 35, ssRsrp: 2147483647, ssRsrq: 2147483647, ssSinr: 2147483647, csiRsrp: 2147483647, csiRsrq: 2147483647, csiSinr: 2147483647
06-13 12:03:35.196214  1423  1529 I RilClient: initialize: commandFd is 96
06-13 12:03:35.196820  1423  1529 I RilClient: start listen on fd: 30, socket name: rild-oem
06-13 12:03:35.198086  1423  1478 I RmcOemHandler: requestQueryThermal Enter: -1
06-13 12:03:35.198246  1423  1478 I AT      : [0] AT> AT+ETHERMAL (RIL_CMD_READER_1 tid:487591455984)
06-13 12:03:35.207906  1423  1477 I AT      : [0] AT< +ETHERMAL: 2, 32767, -127, 111, 32767, 4046 (RIL_CMD_READER_1, tid:487592492272)
06-13 12:03:35.208026  1423  1477 I AT      : [0] AT< OK (RIL_CMD_READER_1, tid:487592492272)
06-13 12:03:35.208324  1423  1478 I RmcOemHandler: requestQueryThermal success
06-13 12:03:35.732126  1423  1472 I AT      : [0] AT< +ECSQ: 53,39,1,-270,-19,1,1,4,32767,1 (RIL_URC_READER, tid:487597673712)
06-13 12:03:35.733645  1423  1473 D RmcNwHdlr: [0] requestSignalStrength:sigRegisted[0000], sigUpdated[0X04]
06-13 12:03:35.733774  1423  1473 D RmcNwHdlr: [0] handleSignalStrength, gsm_signal_strength: 99, gsm_bit_error_rate: 99, gsm_timing_advance: 2147483647, cdma_dbm: 2147483647, cdma_ecio: 2147483647, evdo_dbm: 2147483647, evdo_ecio: 2147483647, evdo_snr: 2147483647, lte_signal_strength: 99, lte_rsrp: 2147483647, lte_rsrq: 2147483647, lte_rssnr: 2147483647, lte_cqi: 2147483647, lte_timing_advance: 2147483647, tdscdma_signal_strength: 99, tdscdma_bit_error_rate: 99, tdscdma_rscp: 255, wcdma_signal_strength: 22, wcdma_bit_error_rate: 99, wcdma_scdma_rscp: 53, wcdma_ecno: 39, ssRsrp: 2147483647, ssRsrq: 2147483647, ssSinr: 2147483647, csiRsrp: 2147483647, csiRsrq: 2147483647, csiSinr: 2147483647
06-13 12:03:40.853257  1423  1472 I AT      : [0] AT< +ECSQ: 53,37,1,-271,-23,1,1,4,32767,1 (RIL_URC_READER, tid:487597673712)
06-13 12:03:40.854802  1423  1473 D RmcNwHdlr: [0] requestSignalStrength:sigRegisted[0000], sigUpdated[0X04]
06-13 12:03:40.854931  1423  1473 D RmcNwHdlr: [0] handleSignalStrength, gsm_signal_strength: 99, gsm_bit_error_rate: 99, gsm_timing_advance: 2147483647, cdma_dbm: 2147483647, cdma_ecio: 2147483647, evdo_dbm: 2147483647, evdo_ecio: 2147483647, evdo_snr: 2147483647, lte_signal_strength: 99, lte_rsrp: 2147483647, lte_rsrq: 2147483647, lte_rssnr: 2147483647, lte_cqi: 2147483647, lte_timing_advance: 2147483647, tdscdma_signal_strength: 99, tdscdma_bit_error_rate: 99, tdscdma_rscp: 255, wcdma_signal_strength: 22, wcdma_bit_error_rate: 99, wcdma_scdma_rscp: 53, wcdma_ecno: 37, ssRsrp: 2147483647, ssRsrq: 2147483647, ssSinr: 2147483647, csiRsrp: 2147483647, csiRsrq: 2147483647, csiSinr: 2147483647
06-13 12:03:45.216095  1423  1529 I RilClient: initialize: commandFd is 93
06-13 12:03:45.216705  1423  1529 I RilClient: start listen on fd: 30, socket name: rild-oem
06-13 12:03:45.217967  1423  1478 I RmcOemHandler: requestQueryThermal Enter: -1
06-13 12:03:45.218129  1423  1478 I AT      : [0] AT> AT+ETHERMAL (RIL_CMD_READER_1 tid:487591455984)
06-13 12:03:45.227648  1423  1477 I AT      : [0] AT< +ETHERMAL: 2, 32767, -127, 111, 32767, 4046 (RIL_CMD_READER_1, tid:487592492272)
06-13 12:03:45.227788  1423  1477 I AT      : [0] AT< OK (RIL_CMD_READER_1, tid:487592492272)
06-13 12:03:45.228083  1423  1478 I RmcOemHandler: requestQueryThermal success
06-13 12:03:45.965157  1423  1472 I AT      : [0] AT< +ECSQ: 52,36,1,-275,-26,1,1,4,32767,1 (RIL_URC_READER, tid:487597673712)
06-13 12:03:45.966689  1423  1473 D RmcNwHdlr: [0] requestSignalStrength:sigRegisted[0000], sigUpdated[0X04]
06-13 12:03:45.966820  1423  1473 D RmcNwHdlr: [0] handleSignalStrength, gsm_signal_strength: 99, gsm_bit_error_rate: 99, gsm_timing_advance: 2147483647, cdma_dbm: 2147483647, cdma_ecio: 2147483647, evdo_dbm: 2147483647, evdo_ecio: 2147483647, evdo_snr: 2147483647, lte_signal_strength: 99, lte_rsrp: 2147483647, lte_rsrq: 2147483647, lte_rssnr: 2147483647, lte_cqi: 2147483647, lte_timing_advance: 2147483647, tdscdma_signal_strength: 99, tdscdma_bit_error_rate: 99, tdscdma_rscp: 255, wcdma_signal_strength: 22, wcdma_bit_error_rate: 99, wcdma_scdma_rscp: 52, wcdma_ecno: 36, ssRsrp: 2147483647, ssRsrq: 2147483647, ssSinr: 2147483647, csiRsrp: 2147483647, csiRsrq: 2147483647, csiSinr: 2147483647
06-13 12:03:51.086416  1423  1472 I AT      : [0] AT< +ECSQ: 52,38,1,-273,-21,1,1,4,32767,1 (RIL_URC_READER, tid:487597673712)
06-13 12:03:51.088138  1423  1473 D RmcNwHdlr: [0] requestSignalStrength:sigRegisted[0000], sigUpdated[0X04]
06-13 12:03:51.088266  1423  1473 D RmcNwHdlr: [0] handleSignalStrength, gsm_signal_strength: 99, gsm_bit_error_rate: 99, gsm_timing_advance: 2147483647, cdma_dbm: 2147483647, cdma_ecio: 2147483647, evdo_dbm: 2147483647, evdo_ecio: 2147483647, evdo_snr: 2147483647, lte_signal_strength: 99, lte_rsrp: 2147483647, lte_rsrq: 2147483647, lte_rssnr: 2147483647, lte_cqi: 2147483647, lte_timing_advance: 2147483647, tdscdma_signal_strength: 99, tdscdma_bit_error_rate: 99, tdscdma_rscp: 255, wcdma_signal_strength: 22, wcdma_bit_error_rate: 99, wcdma_scdma_rscp: 52, wcdma_ecno: 38, ssRsrp: 2147483647, ssRsrq: 2147483647, ssSinr: 2147483647, csiRsrp: 2147483647, csiRsrq: 2147483647, csiSinr: 2147483647
06-13 12:03:55.235944  1423  1529 I RilClient: initialize: commandFd is 96
06-13 12:03:55.236553  1423  1529 I RilClient: start listen on fd: 30, socket name: rild-oem
06-13 12:03:55.237801  1423  1478 I RmcOemHandler: requestQueryThermal Enter: -1
06-13 12:03:55.237960  1423  1478 I AT      : [0] AT> AT+ETHERMAL (RIL_CMD_READER_1 tid:487591455984)
06-13 12:03:55.247835  1423  1477 I AT      : [0] AT< +ETHERMAL: 2, 32767, -127, 111, 32767, 4046 (RIL_CMD_READER_1, tid:487592492272)
06-13 12:03:55.248000  1423  1477 I AT      : [0] AT< OK (RIL_CMD_READER_1, tid:487592492272)
06-13 12:03:55.248329  1423  1478 I RmcOemHandler: requestQueryThermal success
06-13 12:03:56.207139  1423  1472 I AT      : [0] AT< +ECSQ: 52,36,1,-275,-26,1,1,4,32767,1 (RIL_URC_READER, tid:487597673712)
06-13 12:03:56.208935  1423  1473 D RmcNwHdlr: [0] requestSignalStrength:sigRegisted[0000], sigUpdated[0X04]
06-13 12:03:56.209082  1423  1473 D RmcNwHdlr: [0] handleSignalStrength, gsm_signal_strength: 99, gsm_bit_error_rate: 99, gsm_timing_advance: 2147483647, cdma_dbm: 2147483647, cdma_ecio: 2147483647, evdo_dbm: 2147483647, evdo_ecio: 2147483647, evdo_snr: 2147483647, lte_signal_strength: 99, lte_rsrp: 2147483647, lte_rsrq: 2147483647, lte_rssnr: 2147483647, lte_cqi: 2147483647, lte_timing_advance: 2147483647, tdscdma_signal_strength: 99, tdscdma_bit_error_rate: 99, tdscdma_rscp: 255, wcdma_signal_strength: 22, wcdma_bit_error_rate: 99, wcdma_scdma_rscp: 52, wcdma_ecno: 36, ssRsrp: 2147483647, ssRsrq: 2147483647, ssSinr: 2147483647, csiRsrp: 2147483647, csiRsrq: 2147483647, csiSinr: 2147483647
06-13 12:04:01.328215  1423  1472 I AT      : [0] AT< +ECSQ: 52,36,1,-273,-26,1,1,4,32767,1 (RIL_URC_READER, tid:487597673712)
06-13 12:04:05.256324  1423  1529 I RilClient: initialize: commandFd is 93
06-13 12:04:05.256925  1423  1529 I RilClient: start listen on fd: 30, socket name: rild-oem
06-13 12:04:05.258203  1423  1478 I RmcOemHandler: requestQueryThermal Enter: -1
06-13 12:04:05.258365  1423  1478 I AT      : [0] AT> AT+ETHERMAL (RIL_CMD_READER_1 tid:487591455984)
06-13 12:04:05.268105  1423  1477 I AT      : [0] AT< +ETHERMAL: 2, 32767, -127, 111, 32767, 4046 (RIL_CMD_READER_1, tid:487592492272)
06-13 12:04:05.268224  1423  1477 I AT      : [0] AT< OK (RIL_CMD_READER_1, tid:487592492272)
06-13 12:04:05.268528  1423  1478 I RmcOemHandler: requestQueryThermal success
06-13 12:04:06.449668  1423  1472 I AT      : [0] AT< +ECSQ: 52,36,1,-273,-25,1,1,4,32767,1 (RIL_URC_READER, tid:487597673712)
06-13 12:04:11.570840  1423  1472 I AT      : [0] AT< +ECSQ: 52,36,1,-276,-26,1,1,4,32767,1 (RIL_URC_READER, tid:487597673712)
06-13 12:04:15.276423  1423  1529 I RilClient: initialize: commandFd is 96
06-13 12:04:15.277215  1423  1529 I RilClient: start listen on fd: 30, socket name: rild-oem
06-13 12:04:15.278465  1423  1478 I RmcOemHandler: requestQueryThermal Enter: -1
06-13 12:04:15.278626  1423  1478 I AT      : [0] AT> AT+ETHERMAL (RIL_CMD_READER_1 tid:487591455984)
06-13 12:04:15.288447  1423  1477 I AT      : [0] AT< +ETHERMAL: 2, 32767, -127, 111, 32767, 4046 (RIL_CMD_READER_1, tid:487592492272)
06-13 12:04:15.288568  1423  1477 I AT      : [0] AT< OK (RIL_CMD_READER_1, tid:487592492272)
06-13 12:04:15.288876  1423  1478 I RmcOemHandler: requestQueryThermal success
06-13 12:04:16.692073  1423  1472 I AT      : [0] AT< +ECSQ: 52,36,1,-276,-25,1,1,4,32767,1 (RIL_URC_READER, tid:487597673712)
06-13 12:04:21.813130  1423  1472 I AT      : [0] AT< +ECSQ: 53,41,1,-270,-16,1,1,4,32767,1 (RIL_URC_READER, tid:487597673712)
06-13 12:04:21.814827  1423  1473 D RmcNwHdlr: [0] requestSignalStrength:sigRegisted[0000], sigUpdated[0X04]
06-13 12:04:21.814955  1423  1473 D RmcNwHdlr: [0] handleSignalStrength, gsm_signal_strength: 99, gsm_bit_error_rate: 99, gsm_timing_advance: 2147483647, cdma_dbm: 2147483647, cdma_ecio: 2147483647, evdo_dbm: 2147483647, evdo_ecio: 2147483647, evdo_snr: 2147483647, lte_signal_strength: 99, lte_rsrp: 2147483647, lte_rsrq: 2147483647, lte_rssnr: 2147483647, lte_cqi: 2147483647, lte_timing_advance: 2147483647, tdscdma_signal_strength: 99, tdscdma_bit_error_rate: 99, tdscdma_rscp: 255, wcdma_signal_strength: 22, wcdma_bit_error_rate: 99, wcdma_scdma_rscp: 53, wcdma_ecno: 41, ssRsrp: 2147483647, ssRsrq: 2147483647, ssSinr: 2147483647, csiRsrp: 2147483647, csiRsrq: 2147483647, csiSinr: 2147483647
06-13 12:04:25.296566  1423  1529 I RilClient: initialize: commandFd is 93
06-13 12:04:25.297159  1423  1529 I RilClient: start listen on fd: 30, socket name: rild-oem
06-13 12:04:25.298497  1423  1478 I RmcOemHandler: requestQueryThermal Enter: -1
06-13 12:04:25.298660  1423  1478 I AT      : [0] AT> AT+ETHERMAL (RIL_CMD_READER_1 tid:487591455984)
06-13 12:04:25.308424  1423  1477 I AT      : [0] AT< +ETHERMAL: 2, 32767, -127, 111, 32767, 4046 (RIL_CMD_READER_1, tid:487592492272)
06-13 12:04:25.308546  1423  1477 I AT      : [0] AT< OK (RIL_CMD_READER_1, tid:487592492272)
06-13 12:04:25.308848  1423  1478 I RmcOemHandler: requestQueryThermal success
06-13 12:04:26.925120  1423  1472 I AT      : [0] AT< +ECSQ: 53,41,1,-271,-15,1,1,4,32767,1 (RIL_URC_READER, tid:487597673712)
06-13 12:04:32.046217  1423  1472 I AT      : [0] AT< +ECSQ: 51,39,1,-279,-20,1,1,4,32767,1 (RIL_URC_READER, tid:487597673712)
06-13 12:04:32.048029  1423  1473 D RmcNwHdlr: [0] requestSignalStrength:sigRegisted[0000], sigUpdated[0X04]
06-13 12:04:32.048157  1423  1473 D RmcNwHdlr: [0] handleSignalStrength, gsm_signal_strength: 99, gsm_bit_error_rate: 99, gsm_timing_advance: 2147483647, cdma_dbm: 2147483647, cdma_ecio: 2147483647, evdo_dbm: 2147483647, evdo_ecio: 2147483647, evdo_snr: 2147483647, lte_signal_strength: 99, lte_rsrp: 2147483647, lte_rsrq: 2147483647, lte_rssnr: 2147483647, lte_cqi: 2147483647, lte_timing_advance: 2147483647, tdscdma_signal_strength: 99, tdscdma_bit_error_rate: 99, tdscdma_rscp: 255, wcdma_signal_strength: 21, wcdma_bit_error_rate: 99, wcdma_scdma_rscp: 51, wcdma_ecno: 39, ssRsrp: 2147483647, ssRsrq: 2147483647, ssSinr: 2147483647, csiRsrp: 2147483647, csiRsrq: 2147483647, csiSinr: 2147483647
06-13 12:04:35.316613  1423  1529 I RilClient: initialize: commandFd is 96
06-13 12:04:35.317216  1423  1529 I RilClient: start listen on fd: 30, socket name: rild-oem
06-13 12:04:35.318482  1423  1478 I RmcOemHandler: requestQueryThermal Enter: -1
06-13 12:04:35.318643  1423  1478 I AT      : [0] AT> AT+ETHERMAL (RIL_CMD_READER_1 tid:487591455984)
06-13 12:04:35.328653  1423  1477 I AT      : [0] AT< +ETHERMAL: 2, 32767, -127, 111, 32767, 4046 (RIL_CMD_READER_1, tid:487592492272)
06-13 12:04:35.328815  1423  1477 I AT      : [0] AT< OK (RIL_CMD_READER_1, tid:487592492272)
06-13 12:04:35.329147  1423  1478 I RmcOemHandler: requestQueryThermal success
06-13 12:04:37.167027  1423  1472 I AT      : [0] AT< +ECSQ: 52,41,1,-274,-16,1,1,4,32767,1 (RIL_URC_READER, tid:487597673712)
06-13 12:04:37.168836  1423  1473 D RmcNwHdlr: [0] requestSignalStrength:sigRegisted[0000], sigUpdated[0X04]
06-13 12:04:37.168965  1423  1473 D RmcNwHdlr: [0] handleSignalStrength, gsm_signal_strength: 99, gsm_bit_error_rate: 99, gsm_timing_advance: 2147483647, cdma_dbm: 2147483647, cdma_ecio: 2147483647, evdo_dbm: 2147483647, evdo_ecio: 2147483647, evdo_snr: 2147483647, lte_signal_strength: 99, lte_rsrp: 2147483647, lte_rsrq: 2147483647, lte_rssnr: 2147483647, lte_cqi: 2147483647, lte_timing_advance: 2147483647, tdscdma_signal_strength: 99, tdscdma_bit_error_rate: 99, tdscdma_rscp: 255, wcdma_signal_strength: 22, wcdma_bit_error_rate: 99, wcdma_scdma_rscp: 52, wcdma_ecno: 41, ssRsrp: 2147483647, ssRsrq: 2147483647, ssSinr: 2147483647, csiRsrp: 2147483647, csiRsrq: 2147483647, csiSinr: 2147483647
06-13 12:04:42.287982  1423  1472 I AT      : [0] AT< +ECSQ: 51,38,1,-279,-21,1,1,4,32767,1 (RIL_URC_READER, tid:487597673712)
06-13 12:04:42.289698  1423  1473 D RmcNwHdlr: [0] requestSignalStrength:sigRegisted[0000], sigUpdated[0X04]
06-13 12:04:42.289863  1423  1473 D RmcNwHdlr: [0] handleSignalStrength, gsm_signal_strength: 99, gsm_bit_error_rate: 99, gsm_timing_advance: 2147483647, cdma_dbm: 2147483647, cdma_ecio: 2147483647, evdo_dbm: 2147483647, evdo_ecio: 2147483647, evdo_snr: 2147483647, lte_signal_strength: 99, lte_rsrp: 2147483647, lte_rsrq: 2147483647, lte_rssnr: 2147483647, lte_cqi: 2147483647, lte_timing_advance: 2147483647, tdscdma_signal_strength: 99, tdscdma_bit_error_rate: 99, tdscdma_rscp: 255, wcdma_signal_strength: 21, wcdma_bit_error_rate: 99, wcdma_scdma_rscp: 51, wcdma_ecno: 38, ssRsrp: 2147483647, ssRsrq: 2147483647, ssSinr: 2147483647, csiRsrp: 2147483647, csiRsrq: 2147483647, csiSinr: 2147483647
06-13 12:04:45.336835  1423  1529 I RilClient: initialize: commandFd is 93
06-13 12:04:45.337440  1423  1529 I RilClient: start listen on fd: 30, socket name: rild-oem
06-13 12:04:45.338707  1423  1478 I RmcOemHandler: requestQueryThermal Enter: -1
06-13 12:04:45.338867  1423  1478 I AT      : [0] AT> AT+ETHERMAL (RIL_CMD_READER_1 tid:487591455984)
06-13 12:04:45.348511  1423  1477 I AT      : [0] AT< +ETHERMAL: 2, 32767, -127, 111, 32767, 4046 (RIL_CMD_READER_1, tid:487592492272)
06-13 12:04:45.348630  1423  1477 I AT      : [0] AT< OK (RIL_CMD_READER_1, tid:487592492272)
06-13 12:04:45.348934  1423  1478 I RmcOemHandler: requestQueryThermal success
06-13 12:04:47.409811  1423  1472 I AT      : [0] AT< +ECSQ: 53,37,1,-272,-23,1,1,4,32767,1 (RIL_URC_READER, tid:487597673712)
06-13 12:04:47.411636  1423  1473 D RmcNwHdlr: [0] requestSignalStrength:sigRegisted[0000], sigUpdated[0X04]
06-13 12:04:47.411763  1423  1473 D RmcNwHdlr: [0] handleSignalStrength, gsm_signal_strength: 99, gsm_bit_error_rate: 99, gsm_timing_advance: 2147483647, cdma_dbm: 2147483647, cdma_ecio: 2147483647, evdo_dbm: 2147483647, evdo_ecio: 2147483647, evdo_snr: 2147483647, lte_signal_strength: 99, lte_rsrp: 2147483647, lte_rsrq: 2147483647, lte_rssnr: 2147483647, lte_cqi: 2147483647, lte_timing_advance: 2147483647, tdscdma_signal_strength: 99, tdscdma_bit_error_rate: 99, tdscdma_rscp: 255, wcdma_signal_strength: 22, wcdma_bit_error_rate: 99, wcdma_scdma_rscp: 53, wcdma_ecno: 37, ssRsrp: 2147483647, ssRsrq: 2147483647, ssSinr: 2147483647, csiRsrp: 2147483647, csiRsrq: 2147483647, csiSinr: 2147483647
06-13 12:04:52.530873  1423  1472 I AT      : [0] AT< +ECSQ: 53,39,1,-271,-19,1,1,4,32767,1 (RIL_URC_READER, tid:487597673712)
06-13 12:04:52.532411  1423  1473 D RmcNwHdlr: [0] requestSignalStrength:sigRegisted[0000], sigUpdated[0X04]
06-13 12:04:52.532539  1423  1473 D RmcNwHdlr: [0] handleSignalStrength, gsm_signal_strength: 99, gsm_bit_error_rate: 99, gsm_timing_advance: 2147483647, cdma_dbm: 2147483647, cdma_ecio: 2147483647, evdo_dbm: 2147483647, evdo_ecio: 2147483647, evdo_snr: 2147483647, lte_signal_strength: 99, lte_rsrp: 2147483647, lte_rsrq: 2147483647, lte_rssnr: 2147483647, lte_cqi: 2147483647, lte_timing_advance: 2147483647, tdscdma_signal_strength: 99, tdscdma_bit_error_rate: 99, tdscdma_rscp: 255, wcdma_signal_strength: 22, wcdma_bit_error_rate: 99, wcdma_scdma_rscp: 53, wcdma_ecno: 39, ssRsrp: 2147483647, ssRsrq: 2147483647, ssSinr: 2147483647, csiRsrp: 2147483647, csiRsrq: 2147483647, csiSinr: 2147483647
06-13 12:04:55.356654  1423  1529 I RilClient: initialize: commandFd is 96
06-13 12:04:55.357253  1423  1529 I RilClient: start listen on fd: 30, socket name: rild-oem
06-13 12:04:55.358665  1423  1478 I RmcOemHandler: requestQueryThermal Enter: -1
06-13 12:04:55.358828  1423  1478 I AT      : [0] AT> AT+ETHERMAL (RIL_CMD_READER_1 tid:487591455984)
06-13 12:04:55.368316  1423  1477 I AT      : [0] AT< +ETHERMAL: 2, 32767, -127, 111, 32767, 4046 (RIL_CMD_READER_1, tid:487592492272)
06-13 12:04:55.368439  1423  1477 I AT      : [0] AT< OK (RIL_CMD_READER_1, tid:487592492272)
06-13 12:04:55.368743  1423  1478 I RmcOemHandler: requestQueryThermal success
06-13 12:04:57.650929  1423  1472 I AT      : [0] AT< +ECSQ: 52,38,1,-274,-22,1,1,4,32767,1 (RIL_URC_READER, tid:487597673712)
06-13 12:04:57.651651  1423  1473 D RmcNwHdlr: [0] requestSignalStrength:sigRegisted[0000], sigUpdated[0X04]
06-13 12:04:57.651709  1423  1473 D RmcNwHdlr: [0] handleSignalStrength, gsm_signal_strength: 99, gsm_bit_error_rate: 99, gsm_timing_advance: 2147483647, cdma_dbm: 2147483647, cdma_ecio: 2147483647, evdo_dbm: 2147483647, evdo_ecio: 2147483647, evdo_snr: 2147483647, lte_signal_strength: 99, lte_rsrp: 2147483647, lte_rsrq: 2147483647, lte_rssnr: 2147483647, lte_cqi: 2147483647, lte_timing_advance: 2147483647, tdscdma_signal_strength: 99, tdscdma_bit_error_rate: 99, tdscdma_rscp: 255, wcdma_signal_strength: 22, wcdma_bit_error_rate: 99, wcdma_scdma_rscp: 52, wcdma_ecno: 38, ssRsrp: 2147483647, ssRsrq: 2147483647, ssSinr: 2147483647, csiRsrp: 2147483647, csiRsrq: 2147483647, csiSinr: 2147483647
06-13 12:05:02.773061  1423  1472 I AT      : [0] AT< +ECSQ: 55,42,1,-262,-13,1,1,4,32767,1 (RIL_URC_READER, tid:487597673712)
06-13 12:05:02.774641  1423  1473 D RmcNwHdlr: [0] requestSignalStrength:sigRegisted[0000], sigUpdated[0X04]
06-13 12:05:02.774777  1423  1473 D RmcNwHdlr: [0] handleSignalStrength, gsm_signal_strength: 99, gsm_bit_error_rate: 99, gsm_timing_advance: 2147483647, cdma_dbm: 2147483647, cdma_ecio: 2147483647, evdo_dbm: 2147483647, evdo_ecio: 2147483647, evdo_snr: 2147483647, lte_signal_strength: 99, lte_rsrp: 2147483647, lte_rsrq: 2147483647, lte_rssnr: 2147483647, lte_cqi: 2147483647, lte_timing_advance: 2147483647, tdscdma_signal_strength: 99, tdscdma_bit_error_rate: 99, tdscdma_rscp: 255, wcdma_signal_strength: 23, wcdma_bit_error_rate: 99, wcdma_scdma_rscp: 55, wcdma_ecno: 42, ssRsrp: 2147483647, ssRsrq: 2147483647, ssSinr: 2147483647, csiRsrp: 2147483647, csiRsrq: 2147483647, csiSinr: 2147483647
06-13 12:05:05.376345  1423  1529 I RilClient: initialize: commandFd is 93
06-13 12:05:05.376941  1423  1529 I RilClient: start listen on fd: 30, socket name: rild-oem
06-13 12:05:05.378216  1423  1478 I RmcOemHandler: requestQueryThermal Enter: -1
06-13 12:05:05.378377  1423  1478 I AT      : [0] AT> AT+ETHERMAL (RIL_CMD_READER_1 tid:487591455984)
06-13 12:05:05.382236  1423  1477 I AT      : [0] AT< +ETHERMAL: 2, 32767, -127, 111, 32767, 4046 (RIL_CMD_READER_1, tid:487592492272)
06-13 12:05:05.382358  1423  1477 I AT      : [0] AT< OK (RIL_CMD_READER_1, tid:487592492272)
06-13 12:05:05.382662  1423  1478 I RmcOemHandler: requestQueryThermal success
06-13 12:05:07.885091  1423  1472 I AT      : [0] AT< +ECSQ: 52,40,1,-275,-17,1,1,4,32767,1 (RIL_URC_READER, tid:487597673712)
06-13 12:05:07.886629  1423  1473 D RmcNwHdlr: [0] requestSignalStrength:sigRegisted[0000], sigUpdated[0X04]
06-13 12:05:07.886756  1423  1473 D RmcNwHdlr: [0] handleSignalStrength, gsm_signal_strength: 99, gsm_bit_error_rate: 99, gsm_timing_advance: 2147483647, cdma_dbm: 2147483647, cdma_ecio: 2147483647, evdo_dbm: 2147483647, evdo_ecio: 2147483647, evdo_snr: 2147483647, lte_signal_strength: 99, lte_rsrp: 2147483647, lte_rsrq: 2147483647, lte_rssnr: 2147483647, lte_cqi: 2147483647, lte_timing_advance: 2147483647, tdscdma_signal_strength: 99, tdscdma_bit_error_rate: 99, tdscdma_rscp: 255, wcdma_signal_strength: 22, wcdma_bit_error_rate: 99, wcdma_scdma_rscp: 52, wcdma_ecno: 40, ssRsrp: 2147483647, ssRsrq: 2147483647, ssSinr: 2147483647, csiRsrp: 2147483647, csiRsrq: 2147483647, csiSinr: 2147483647
06-13 12:05:13.006254  1423  1472 I AT      : [0] AT< +ECSQ: 50,34,1,-283,-29,1,1,4,32767,1 (RIL_URC_READER, tid:487597673712)
06-13 12:05:13.008001  1423  1473 D RmcNwHdlr: [0] requestSignalStrength:sigRegisted[0000], sigUpdated[0X04]
