06-13 12:11:57.486623  1423  1473 D RmcNwHdlr: [0] handleSignalStrength, gsm_signal_strength: 99, gsm_bit_error_rate: 99, gsm_timing_advance: 2147483647, cdma_dbm: 2147483647, cdma_ecio: 2147483647, evdo_dbm: 2147483647, evdo_ecio: 2147483647, evdo_snr: 2147483647, lte_signal_strength: 99, lte_rsrp: 2147483647, lte_rsrq: 2147483647, lte_rssnr: 2147483647, lte_cqi: 2147483647, lte_timing_advance: 2147483647, tdscdma_signal_strength: 99, tdscdma_bit_error_rate: 99, tdscdma_rscp: 255, wcdma_signal_strength: 22, wcdma_bit_error_rate: 99, wcdma_scdma_rscp: 52, wcdma_ecno: 41, ssRsrp: 2147483647, ssRsrq: 2147483647, ssSinr: 2147483647, csiRsrp: 2147483647, csiRsrq: 2147483647, csiSinr: 2147483647
06-13 12:12:02.606165  1423  1472 I AT      : [0] AT< +ECSQ: 50,35,1,-281,-27,1,1,4,32767,1 (RIL_URC_READER, tid:487597673712)
06-13 12:12:02.607805  1423  1473 D RmcNwHdlr: [0] requestSignalStrength:sigRegisted[0000], sigUpdated[0X04]
06-13 12:12:02.607949  1423  1473 D RmcNwHdlr: [0] handleSignalStrength, gsm_signal_strength: 99, gsm_bit_error_rate: 99, gsm_timing_advance: 2147483647, cdma_dbm: 2147483647, cdma_ecio: 2147483647, evdo_dbm: 2147483647, evdo_ecio: 2147483647, evdo_snr: 2147483647, lte_signal_strength: 99, lte_rsrp: 2147483647, lte_rsrq: 2147483647, lte_rssnr: 2147483647, lte_cqi: 2147483647, lte_timing_advance: 2147483647, tdscdma_signal_strength: 99, tdscdma_bit_error_rate: 99, tdscdma_rscp: 255, wcdma_signal_strength: 21, wcdma_bit_error_rate: 99, wcdma_scdma_rscp: 50, wcdma_ecno: 35, ssRsrp: 2147483647, ssRsrq: 2147483647, ssSinr: 2147483647, csiRsrp: 2147483647, csiRsrq: 2147483647, csiSinr: 2147483647
06-13 12:12:06.180512  1423  1529 I RilClient: initialize: commandFd is 93
06-13 12:12:06.181114  1423  1529 I RilClient: start listen on fd: 30, socket name: rild-oem
06-13 12:12:06.182374  1423  1478 I RmcOemHandler: requestQueryThermal Enter: -1
06-13 12:12:06.182533  1423  1478 I AT      : [0] AT> AT+ETHERMAL (RIL_CMD_READER_1 tid:487591455984)
06-13 12:12:06.192149  1423  1477 I AT      : [0] AT< +ETHERMAL: 2, 32767, -127, 111, 32767, 4046 (RIL_CMD_READER_1, tid:487592492272)
06-13 12:12:06.192275  1423  1477 I AT      : [0] AT< OK (RIL_CMD_READER_1, tid:487592492272)
06-13 12:12:06.192583  1423  1478 I RmcOemHandler: requestQueryThermal success
06-13 12:12:07.727154  1423  1472 I AT      : [0] AT< +ECSQ: 53,42,1,-270,-14,1,1,4,32767,1 (RIL_URC_READER, tid:487597673712)
06-13 12:12:07.728776  1423  1473 D RmcNwHdlr: [0] requestSignalStrength:sigRegisted[0000], sigUpdated[0X04]
06-13 12:12:07.728903  1423  1473 D RmcNwHdlr: [0] handleSignalStrength, gsm_signal_strength: 99, gsm_bit_error_rate: 99, gsm_timing_advance: 2147483647, cdma_dbm: 2147483647, cdma_ecio: 2147483647, evdo_dbm: 2147483647, evdo_ecio: 2147483647, evdo_snr: 2147483647, lte_signal_strength: 99, lte_rsrp: 2147483647, lte_rsrq: 2147483647, lte_rssnr: 2147483647, lte_cqi: 2147483647, lte_timing_advance: 2147483647, tdscdma_signal_strength: 99, tdscdma_bit_error_rate: 99, tdscdma_rscp: 255, wcdma_signal_strength: 22, wcdma_bit_error_rate: 99, wcdma_scdma_rscp: 53, wcdma_ecno: 42, ssRsrp: 2147483647, ssRsrq: 2147483647, ssSinr: 2147483647, csiRsrp: 2147483647, csiRsrq: 2147483647, csiSinr: 2147483647
06-13 12:12:12.848274  1423  1472 I AT      : [0] AT< +ECSQ: 51,36,1,-279,-25,1,1,4,32767,1 (RIL_URC_READER, tid:487597673712)
06-13 12:12:12.849808  1423  1473 D RmcNwHdlr: [0] requestSignalStrength:sigRegisted[0000], sigUpdated[0X04]
06-13 12:12:12.849936  1423  1473 D RmcNwHdlr: [0] handleSignalStrength, gsm_signal_strength: 99, gsm_bit_error_rate: 99, gsm_timing_advance: 2147483647, cdma_dbm: 2147483647, cdma_ecio: 2147483647, evdo_dbm: 2147483647, evdo_ecio: 2147483647, evdo_snr: 2147483647, lte_signal_strength: 99, lte_rsrp: 2147483647, lte_rsrq: 2147483647, lte_rssnr: 2147483647, lte_cqi: 2147483647, lte_timing_advance: 2147483647, tdscdma_signal_strength: 99, tdscdma_bit_error_rate: 99, tdscdma_rscp: 255, wcdma_signal_strength: 21, wcdma_bit_error_rate: 99, wcdma_scdma_rscp: 51, wcdma_ecno: 36, ssRsrp: 2147483647, ssRsrq: 2147483647, ssSinr: 2147483647, csiRsrp: 2147483647, csiRsrq: 2147483647, csiSinr: 2147483647
06-13 12:12:16.200618  1423  1529 I RilClient: initialize: commandFd is 96
06-13 12:12:16.201217  1423  1529 I RilClient: start listen on fd: 30, socket name: rild-oem
06-13 12:12:16.202478  1423  1478 I RmcOemHandler: requestQueryThermal Enter: -1
06-13 12:12:16.202637  1423  1478 I AT      : [0] AT> AT+ETHERMAL (RIL_CMD_READER_1 tid:487591455984)
06-13 12:12:16.212474  1423  1477 I AT      : [0] AT< +ETHERMAL: 2, 32767, -127, 111, 32767, 4046 (RIL_CMD_READER_1, tid:487592492272)
06-13 12:12:16.212600  1423  1477 I AT      : [0] AT< OK (RIL_CMD_READER_1, tid:487592492272)
06-13 12:12:16.212920  1423  1478 I RmcOemHandler: requestQueryThermal success
06-13 12:12:17.969897  1423  1472 I AT      : [0] AT< +ECSQ: 52,36,1,-276,-25,1,1,4,32767,1 (RIL_URC_READER, tid:487597673712)
06-13 12:12:17.971513  1423  1473 D RmcNwHdlr: [0] requestSignalStrength:sigRegisted[0000], sigUpdated[0X04]
06-13 12:12:17.971658  1423  1473 D RmcNwHdlr: [0] handleSignalStrength, gsm_signal_strength: 99, gsm_bit_error_rate: 99, gsm_timing_advance: 2147483647, cdma_dbm: 2147483647, cdma_ecio: 2147483647, evdo_dbm: 2147483647, evdo_ecio: 2147483647, evdo_snr: 2147483647, lte_signal_strength: 99, lte_rsrp: 2147483647, lte_rsrq: 2147483647, lte_rssnr: 2147483647, lte_cqi: 2147483647, lte_timing_advance: 2147483647, tdscdma_signal_strength: 99, tdscdma_bit_error_rate: 99, tdscdma_rscp: 255, wcdma_signal_strength: 22, wcdma_bit_error_rate: 99, wcdma_scdma_rscp: 52, wcdma_ecno: 36, ssRsrp: 2147483647, ssRsrq: 2147483647, ssSinr: 2147483647, csiRsrp: 2147483647, csiRsrq: 2147483647, csiSinr: 2147483647
06-13 12:12:23.091094  1423  1472 I AT      : [0] AT< +ECSQ: 53,40,1,-269,-17,1,1,4,32767,1 (RIL_URC_READER, tid:487597673712)
06-13 12:12:23.092709  1423  1473 D RmcNwHdlr: [0] requestSignalStrength:sigRegisted[0000], sigUpdated[0X04]
06-13 12:12:23.092853  1423  1473 D RmcNwHdlr: [0] handleSignalStrength, gsm_signal_strength: 99, gsm_bit_error_rate: 99, gsm_timing_advance: 2147483647, cdma_dbm: 2147483647, cdma_ecio: 2147483647, evdo_dbm: 2147483647, evdo_ecio: 2147483647, evdo_snr: 2147483647, lte_signal_strength: 99, lte_rsrp: 2147483647, lte_rsrq: 2147483647, lte_rssnr: 2147483647, lte_cqi: 2147483647, lte_timing_advance: 2147483647, tdscdma_signal_strength: 99, tdscdma_bit_error_rate: 99, tdscdma_rscp: 255, wcdma_signal_strength: 22, wcdma_bit_error_rate: 99, wcdma_scdma_rscp: 53, wcdma_ecno: 40, ssRsrp: 2147483647, ssRsrq: 2147483647, ssSinr: 2147483647, csiRsrp: 2147483647, csiRsrq: 2147483647, csiSinr: 2147483647
06-13 12:12:26.220493  1423  1529 I RilClient: initialize: commandFd is 93
06-13 12:12:26.221095  1423  1529 I RilClient: start listen on fd: 30, socket name: rild-oem
06-13 12:12:26.222339  1423  1478 I RmcOemHandler: requestQueryThermal Enter: -1
06-13 12:12:26.222502  1423  1478 I AT      : [0] AT> AT+ETHERMAL (RIL_CMD_READER_1 tid:487591455984)
06-13 12:12:26.226073  1423  1477 I AT      : [0] AT< +ETHERMAL: 2, 32767, -127, 111, 32767, 4046 (RIL_CMD_READER_1, tid:487592492272)
06-13 12:12:26.226199  1423  1477 I AT      : [0] AT< OK (RIL_CMD_READER_1, tid:487592492272)
06-13 12:12:26.226508  1423  1478 I RmcOemHandler: requestQueryThermal success
06-13 12:12:28.212057  1423  1472 I AT      : [0] AT< +ECSQ: 51,39,1,-277,-20,1,1,4,32767,1 (RIL_URC_READER, tid:487597673712)
06-13 12:12:28.213579  1423  1473 D RmcNwHdlr: [0] requestSignalStrength:sigRegisted[0000], sigUpdated[0X04]
06-13 12:12:28.213710  1423  1473 D RmcNwHdlr: [0] handleSignalStrength, gsm_signal_strength: 99, gsm_bit_error_rate: 99, gsm_timing_advance: 2147483647, cdma_dbm: 2147483647, cdma_ecio: 2147483647, evdo_dbm: 2147483647, evdo_ecio: 2147483647, evdo_snr: 2147483647, lte_signal_strength: 99, lte_rsrp: 2147483647, lte_rsrq: 2147483647, lte_rssnr: 2147483647, lte_cqi: 2147483647, lte_timing_advance: 2147483647, tdscdma_signal_strength: 99, tdscdma_bit_error_rate: 99, tdscdma_rscp: 255, wcdma_signal_strength: 21, wcdma_bit_error_rate: 99, wcdma_scdma_rscp: 51, wcdma_ecno: 39, ssRsrp: 2147483647, ssRsrq: 2147483647, ssSinr: 2147483647, csiRsrp: 2147483647, csiRsrq: 2147483647, csiSinr: 2147483647
06-13 12:12:33.333136  1423  1472 I AT      : [0] AT< +ECSQ: 51,39,1,-278,-20,1,1,4,32767,1 (RIL_URC_READER, tid:487597673712)
06-13 12:12:36.234115  1423  1529 I RilClient: initialize: commandFd is 96
06-13 12:12:36.234698  1423  1529 I RilClient: start listen on fd: 30, socket name: rild-oem
06-13 12:12:36.236071  1423  1478 I RmcOemHandler: requestQueryThermal Enter: -1
06-13 12:12:36.236231  1423  1478 I AT      : [0] AT> AT+ETHERMAL (RIL_CMD_READER_1 tid:487591455984)
06-13 12:12:36.245825  1423  1477 I AT      : [0] AT< +ETHERMAL: 2, 32767, -127, 111, 32767, 4046 (RIL_CMD_READER_1, tid:487592492272)
06-13 12:12:36.245950  1423  1477 I AT      : [0] AT< OK (RIL_CMD_READER_1, tid:487592492272)
06-13 12:12:36.246248  1423  1478 I RmcOemHandler: requestQueryThermal success
06-13 12:12:38.445049  1423  1472 I AT      : [0] AT< +ECSQ: 51,36,1,-279,-26,1,1,4,32767,1 (RIL_URC_READER, tid:487597673712)
06-13 12:12:38.446556  1423  1473 D RmcNwHdlr: [0] requestSignalStrength:sigRegisted[0000], sigUpdated[0X04]
06-13 12:12:38.446687  1423  1473 D RmcNwHdlr: [0] handleSignalStrength, gsm_signal_strength: 99, gsm_bit_error_rate: 99, gsm_timing_advance: 2147483647, cdma_dbm: 2147483647, cdma_ecio: 2147483647, evdo_dbm: 2147483647, evdo_ecio: 2147483647, evdo_snr: 2147483647, lte_signal_strength: 99, lte_rsrp: 2147483647, lte_rsrq: 2147483647, lte_rssnr: 2147483647, lte_cqi: 2147483647, lte_timing_advance: 2147483647, tdscdma_signal_strength: 99, tdscdma_bit_error_rate: 99, tdscdma_rscp: 255, wcdma_signal_strength: 21, wcdma_bit_error_rate: 99, wcdma_scdma_rscp: 51, wcdma_ecno: 36, ssRsrp: 2147483647, ssRsrq: 2147483647, ssSinr: 2147483647, csiRsrp: 2147483647, csiRsrq: 2147483647, csiSinr: 2147483647
06-13 12:12:43.566067  1423  1472 I AT      : [0] AT< +ECSQ: 50,35,1,-281,-28,1,1,4,32767,1 (RIL_URC_READER, tid:487597673712)
06-13 12:12:43.567747  1423  1473 D RmcNwHdlr: [0] requestSignalStrength:sigRegisted[0000], sigUpdated[0X04]
06-13 12:12:43.568016  1423  1473 D RmcNwHdlr: [0] handleSignalStrength, gsm_signal_strength: 99, gsm_bit_error_rate: 99, gsm_timing_advance: 2147483647, cdma_dbm: 2147483647, cdma_ecio: 2147483647, evdo_dbm: 2147483647, evdo_ecio: 2147483647, evdo_snr: 2147483647, lte_signal_strength: 99, lte_rsrp: 2147483647, lte_rsrq: 2147483647, lte_rssnr: 2147483647, lte_cqi: 2147483647, lte_timing_advance: 2147483647, tdscdma_signal_strength: 99, tdscdma_bit_error_rate: 99, tdscdma_rscp: 255, wcdma_signal_strength: 21, wcdma_bit_error_rate: 99, wcdma_scdma_rscp: 50, wcdma_ecno: 35, ssRsrp: 2147483647, ssRsrq: 2147483647, ssSinr: 2147483647, csiRsrp: 2147483647, csiRsrq: 2147483647, csiSinr: 2147483647
06-13 12:12:46.254087  1423  1529 I RilClient: initialize: commandFd is 93
06-13 12:12:46.254737  1423  1529 I RilClient: start listen on fd: 30, socket name: rild-oem
06-13 12:12:46.256132  1423  1478 I RmcOemHandler: requestQueryThermal Enter: -1
06-13 12:12:46.256294  1423  1478 I AT      : [0] AT> AT+ETHERMAL (RIL_CMD_READER_1 tid:487591455984)
06-13 12:12:46.267781  1423  1477 I AT      : [0] AT< +ETHERMAL: 2, 32767, -127, 111, 32767, 4046 (RIL_CMD_READER_1, tid:487592492272)
06-13 12:12:46.267921  1423  1477 I AT      : [0] AT< OK (RIL_CMD_READER_1, tid:487592492272)
06-13 12:12:46.268170  1423  1478 I RmcOemHandler: requestQueryThermal success
06-13 12:12:48.687032  1423  1472 I AT      : [0] AT< +ECSQ: 52,41,1,-274,-16,1,1,4,32767,1 (RIL_URC_READER, tid:487597673712)
06-13 12:12:48.688673  1423  1473 D RmcNwHdlr: [0] requestSignalStrength:sigRegisted[0000], sigUpdated[0X04]
06-13 12:12:48.688942  1423  1473 D RmcNwHdlr: [0] handleSignalStrength, gsm_signal_strength: 99, gsm_bit_error_rate: 99, gsm_timing_advance: 2147483647, cdma_dbm: 2147483647, cdma_ecio: 2147483647, evdo_dbm: 2147483647, evdo_ecio: 2147483647, evdo_snr: 2147483647, lte_signal_strength: 99, lte_rsrp: 2147483647, lte_rsrq: 2147483647, lte_rssnr: 2147483647, lte_cqi: 2147483647, lte_timing_advance: 2147483647, tdscdma_signal_strength: 99, tdscdma_bit_error_rate: 99, tdscdma_rscp: 255, wcdma_signal_strength: 22, wcdma_bit_error_rate: 99, wcdma_scdma_rscp: 52, wcdma_ecno: 41, ssRsrp: 2147483647, ssRsrq: 2147483647, ssSinr: 2147483647, csiRsrp: 2147483647, csiRsrq: 2147483647, csiSinr: 2147483647
06-13 12:12:53.808136  1423  1472 I AT      : [0] AT< +ECSQ: 52,38,1,-274,-22,1,1,4,32767,1 (RIL_URC_READER, tid:487597673712)
06-13 12:12:53.809670  1423  1473 D RmcNwHdlr: [0] requestSignalStrength:sigRegisted[0000], sigUpdated[0X04]
06-13 12:12:53.809816  1423  1473 D RmcNwHdlr: [0] handleSignalStrength, gsm_signal_strength: 99, gsm_bit_error_rate: 99, gsm_timing_advance: 2147483647, cdma_dbm: 2147483647, cdma_ecio: 2147483647, evdo_dbm: 2147483647, evdo_ecio: 2147483647, evdo_snr: 2147483647, lte_signal_strength: 99, lte_rsrp: 2147483647, lte_rsrq: 2147483647, lte_rssnr: 2147483647, lte_cqi: 2147483647, lte_timing_advance: 2147483647, tdscdma_signal_strength: 99, tdscdma_bit_error_rate: 99, tdscdma_rscp: 255, wcdma_signal_strength: 22, wcdma_bit_error_rate: 99, wcdma_scdma_rscp: 52, wcdma_ecno: 38, ssRsrp: 2147483647, ssRsrq: 2147483647, ssSinr: 2147483647, csiRsrp: 2147483647, csiRsrq: 2147483647, csiSinr: 2147483647
06-13 12:12:56.275723  1423  1529 I RilClient: initialize: commandFd is 96
06-13 12:12:56.276320  1423  1529 I RilClient: start listen on fd: 30, socket name: rild-oem
06-13 12:12:56.277550  1423  1478 I RmcOemHandler: requestQueryThermal Enter: -1
06-13 12:12:56.277711  1423  1478 I AT      : [0] AT> AT+ETHERMAL (RIL_CMD_READER_1 tid:487591455984)
06-13 12:12:56.287154  1423  1477 I AT      : [0] AT< +ETHERMAL: 2, 32767, -127, 111, 32767, 4046 (RIL_CMD_READER_1, tid:487592492272)
06-13 12:12:56.287370  1423  1477 I AT      : [0] AT< OK (RIL_CMD_READER_1, tid:487592492272)
06-13 12:12:56.287669  1423  1478 I RmcOemHandler: requestQueryThermal success
06-13 12:12:58.929724  1423  1472 I AT      : [0] AT< +ECSQ: 53,41,1,-270,-15,1,1,4,32767,1 (RIL_URC_READER, tid:487597673712)
06-13 12:12:58.931359  1423  1473 D RmcNwHdlr: [0] requestSignalStrength:sigRegisted[0000], sigUpdated[0X04]
06-13 12:12:58.931623  1423  1473 D RmcNwHdlr: [0] handleSignalStrength, gsm_signal_strength: 99, gsm_bit_error_rate: 99, gsm_timing_advance: 2147483647, cdma_dbm: 2147483647, cdma_ecio: 2147483647, evdo_dbm: 2147483647, evdo_ecio: 2147483647, evdo_snr: 2147483647, lte_signal_strength: 99, lte_rsrp: 2147483647, lte_rsrq: 2147483647, lte_rssnr: 2147483647, lte_cqi: 2147483647, lte_timing_advance: 2147483647, tdscdma_signal_strength: 99, tdscdma_bit_error_rate: 99, tdscdma_rscp: 255, wcdma_signal_strength: 22, wcdma_bit_error_rate: 99, wcdma_scdma_rscp: 53, wcdma_ecno: 41, ssRsrp: 2147483647, ssRsrq: 2147483647, ssSinr: 2147483647, csiRsrp: 2147483647, csiRsrq: 2147483647, csiSinr: 2147483647
06-13 12:13:04.050843  1423  1472 I AT      : [0] AT< +ECSQ: 51,39,1,-277,-19,1,1,4,32767,1 (RIL_URC_READER, tid:487597673712)
06-13 12:13:04.052482  1423  1473 D RmcNwHdlr: [0] requestSignalStrength:sigRegisted[0000], sigUpdated[0X04]
06-13 12:13:04.052610  1423  1473 D RmcNwHdlr: [0] handleSignalStrength, gsm_signal_strength: 99, gsm_bit_error_rate: 99, gsm_timing_advance: 2147483647, cdma_dbm: 2147483647, cdma_ecio: 2147483647, evdo_dbm: 2147483647, evdo_ecio: 2147483647, evdo_snr: 2147483647, lte_signal_strength: 99, lte_rsrp: 2147483647, lte_rsrq: 2147483647, lte_rssnr: 2147483647, lte_cqi: 2147483647, lte_timing_advance: 2147483647, tdscdma_signal_strength: 99, tdscdma_bit_error_rate: 99, tdscdma_rscp: 255, wcdma_signal_strength: 21, wcdma_bit_error_rate: 99, wcdma_scdma_rscp: 51, wcdma_ecno: 39, ssRsrp: 2147483647, ssRsrq: 2147483647, ssSinr: 2147483647, csiRsrp: 2147483647, csiRsrq: 2147483647, csiSinr: 2147483647
06-13 12:13:06.295649  1423  1529 I RilClient: initialize: commandFd is 93
06-13 12:13:06.296242  1423  1529 I RilClient: start listen on fd: 30, socket name: rild-oem
06-13 12:13:06.297486  1423  1478 I RmcOemHandler: requestQueryThermal Enter: -1
06-13 12:13:06.297645  1423  1478 I AT      : [0] AT> AT+ETHERMAL (RIL_CMD_READER_1 tid:487591455984)
06-13 12:13:06.307122  1423  1477 I AT      : [0] AT< +ETHERMAL: 2, 32767, -127, 111, 32767, 4046 (RIL_CMD_READER_1, tid:487592492272)
06-13 12:13:06.307323  1423  1477 I AT      : [0] AT< OK (RIL_CMD_READER_1, tid:487592492272)
06-13 12:13:06.307626  1423  1478 I RmcOemHandler: requestQueryThermal success
06-13 12:13:09.172141  1423  1472 I AT      : [0] AT< +ECSQ: 51,40,1,-277,-17,1,1,4,32767,1 (RIL_URC_READER, tid:487597673712)
06-13 12:13:09.173650  1423  1473 D RmcNwHdlr: [0] requestSignalStrength:sigRegisted[0000], sigUpdated[0X04]
06-13 12:13:09.173778  1423  1473 D RmcNwHdlr: [0] handleSignalStrength, gsm_signal_strength: 99, gsm_bit_error_rate: 99, gsm_timing_advance: 2147483647, cdma_dbm: 2147483647, cdma_ecio: 2147483647, evdo_dbm: 2147483647, evdo_ecio: 2147483647, evdo_snr: 2147483647, lte_signal_strength: 99, lte_rsrp: 2147483647, lte_rsrq: 2147483647, lte_rssnr: 2147483647, lte_cqi: 2147483647, lte_timing_advance: 2147483647, tdscdma_signal_strength: 99, tdscdma_bit_error_rate: 99, tdscdma_rscp: 255, wcdma_signal_strength: 21, wcdma_bit_error_rate: 99, wcdma_scdma_rscp: 51, wcdma_ecno: 40, ssRsrp: 2147483647, ssRsrq: 2147483647, ssSinr: 2147483647, csiRsrp: 2147483647, csiRsrq: 2147483647, csiSinr: 2147483647
06-13 12:13:14.293259  1423  1472 I AT      : [0] AT< +ECSQ: 52,40,1,-275,-18,1,1,4,32767,1 (RIL_URC_READER, tid:487597673712)
06-13 12:13:14.294811  1423  1473 D RmcNwHdlr: [0] requestSignalStrength:sigRegisted[0000], sigUpdated[0X04]
06-13 12:13:14.294941  1423  1473 D RmcNwHdlr: [0] handleSignalStrength, gsm_signal_strength: 99, gsm_bit_error_rate: 99, gsm_timing_advance: 2147483647, cdma_dbm: 2147483647, cdma_ecio: 2147483647, evdo_dbm: 2147483647, evdo_ecio: 2147483647, evdo_snr: 2147483647, lte_signal_strength: 99, lte_rsrp: 2147483647, lte_rsrq: 2147483647, lte_rssnr: 2147483647, lte_cqi: 2147483647, lte_timing_advance: 2147483647, tdscdma_signal_strength: 99, tdscdma_bit_error_rate: 99, tdscdma_rscp: 255, wcdma_signal_strength: 22, wcdma_bit_error_rate: 99, wcdma_scdma_rscp: 52, wcdma_ecno: 40, ssRsrp: 2147483647, ssRsrq: 2147483647, ssSinr: 2147483647, csiRsrp: 2147483647, csiRsrq: 2147483647, csiSinr: 2147483647
06-13 12:13:16.315033  1423  1529 I RilClient: initialize: commandFd is 96
06-13 12:13:16.315881  1423  1529 I RilClient: start listen on fd: 30, socket name: rild-oem
06-13 12:13:16.317101  1423  1478 I RmcOemHandler: requestQueryThermal Enter: -1
06-13 12:13:16.317266  1423  1478 I AT      : [0] AT> AT+ETHERMAL (RIL_CMD_READER_1 tid:487591455984)
06-13 12:13:16.326780  1423  1477 I AT      : [0] AT< +ETHERMAL: 2, 32767, -127, 111, 32767, 4046 (RIL_CMD_READER_1, tid:487592492272)
06-13 12:13:16.326907  1423  1477 I AT      : [0] AT< OK (RIL_CMD_READER_1, tid:487592492272)
06-13 12:13:16.327211  1423  1478 I RmcOemHandler: requestQueryThermal success
06-13 12:13:19.405078  1423  1472 I AT      : [0] AT< +ECSQ: 51,36,1,-278,-26,1,1,4,32767,1 (RIL_URC_READER, tid:487597673712)
06-13 12:13:19.406610  1423  1473 D RmcNwHdlr: [0] requestSignalStrength:sigRegisted[0000], sigUpdated[0X04]
06-13 12:13:19.406739  1423  1473 D RmcNwHdlr: [0] handleSignalStrength, gsm_signal_strength: 99, gsm_bit_error_rate: 99, gsm_timing_advance: 2147483647, cdma_dbm: 2147483647, cdma_ecio: 2147483647, evdo_dbm: 2147483647, evdo_ecio: 2147483647, evdo_snr: 2147483647, lte_signal_strength: 99, lte_rsrp: 2147483647, lte_rsrq: 2147483647, lte_rssnr: 2147483647, lte_cqi: 2147483647, lte_timing_advance: 2147483647, tdscdma_signal_strength: 99, tdscdma_bit_error_rate: 99, tdscdma_rscp: 255, wcdma_signal_strength: 21, wcdma_bit_error_rate: 99, wcdma_scdma_rscp: 51, wcdma_ecno: 36, ssRsrp: 2147483647, ssRsrq: 2147483647, ssSinr: 2147483647, csiRsrp: 2147483647, csiRsrq: 2147483647, csiSinr: 2147483647
06-13 12:13:24.526403  1423  1472 I AT      : [0] AT< +ECSQ: 52,38,1,-276,-22,1,1,4,32767,1 (RIL_URC_READER, tid:487597673712)
06-13 12:13:24.528035  1423  1473 D RmcNwHdlr: [0] requestSignalStrength:sigRegisted[0000], sigUpdated[0X04]
06-13 12:13:24.528162  1423  1473 D RmcNwHdlr: [0] handleSignalStrength, gsm_signal_strength: 99, gsm_bit_error_rate: 99, gsm_timing_advance: 2147483647, cdma_dbm: 2147483647, cdma_ecio: 2147483647, evdo_dbm: 2147483647, evdo_ecio: 2147483647, evdo_snr: 2147483647, lte_signal_strength: 99, lte_rsrp: 2147483647, lte_rsrq: 2147483647, lte_rssnr: 2147483647, lte_cqi: 2147483647, lte_timing_advance: 2147483647, tdscdma_signal_strength: 99, tdscdma_bit_error_rate: 99, tdscdma_rscp: 255, wcdma_signal_strength: 22, wcdma_bit_error_rate: 99, wcdma_scdma_rscp: 52, wcdma_ecno: 38, ssRsrp: 2147483647, ssRsrq: 2147483647, ssSinr: 2147483647, csiRsrp: 2147483647, csiRsrq: 2147483647, csiSinr: 2147483647
06-13 12:13:26.334588  1423  1529 I RilClient: initialize: commandFd is 93
06-13 12:13:26.335124  1423  1529 I RilClient: start listen on fd: 30, socket name: rild-oem
06-13 12:13:26.335877  1423  1478 I RmcOemHandler: requestQueryThermal Enter: -1
06-13 12:13:26.336003  1423  1478 I AT      : [0] AT> AT+ETHERMAL (RIL_CMD_READER_1 tid:487591455984)
06-13 12:13:26.345143  1423  1477 I AT      : [0] AT< +ETHERMAL: 2, 32767, -127, 111, 32767, 4046 (RIL_CMD_READER_1, tid:487592492272)
06-13 12:13:26.345284  1423  1477 I AT      : [0] AT< OK (RIL_CMD_READER_1, tid:487592492272)
06-13 12:13:26.345652  1423  1478 I RmcOemHandler: requestQueryThermal success
06-13 12:13:29.647507  1423  1472 I AT      : [0] AT< +ECSQ: 52,40,1,-273,-17,1,1,4,32767,1 (RIL_URC_READER, tid:487597673712)
06-13 12:13:29.648801  1423  1473 D RmcNwHdlr: [0] requestSignalStrength:sigRegisted[0000], sigUpdated[0X04]
06-13 12:13:29.648903  1423  1473 D RmcNwHdlr: [0] handleSignalStrength, gsm_signal_strength: 99, gsm_bit_error_rate: 99, gsm_timing_advance: 2147483647, cdma_dbm: 2147483647, cdma_ecio: 2147483647, evdo_dbm: 2147483647, evdo_ecio: 2147483647, evdo_snr: 2147483647, lte_signal_strength: 99, lte_rsrp: 2147483647, lte_rsrq: 2147483647, lte_rssnr: 2147483647, lte_cqi: 2147483647, lte_timing_advance: 2147483647, tdscdma_signal_strength: 99, tdscdma_bit_error_rate: 99, tdscdma_rscp: 255, wcdma_signal_strength: 22, wcdma_bit_error_rate: 99, wcdma_scdma_rscp: 52, wcdma_ecno: 40, ssRsrp: 2147483647, ssRsrq: 2147483647, ssSinr: 2147483647, csiRsrp: 2147483647, csiRsrq: 2147483647, csiSinr: 2147483647
06-13 12:13:34.767745  1423  1472 I AT      : [0] AT< +ECSQ: 51,37,1,-280,-23,1,1,4,32767,1 (RIL_URC_READER, tid:487597673712)
06-13 12:13:34.769087  1423  1473 D RmcNwHdlr: [0] requestSignalStrength:sigRegisted[0000], sigUpdated[0X04]
06-13 12:13:34.769210  1423  1473 D RmcNwHdlr: [0] handleSignalStrength, gsm_signal_strength: 99, gsm_bit_error_rate: 99, gsm_timing_advance: 2147483647, cdma_dbm: 2147483647, cdma_ecio: 2147483647, evdo_dbm: 2147483647, evdo_ecio: 2147483647, evdo_snr: 2147483647, lte_signal_strength: 99, lte_rsrp: 2147483647, lte_rsrq: 2147483647, lte_rssnr: 2147483647, lte_cqi: 2147483647, lte_timing_advance: 2147483647, tdscdma_signal_strength: 99, tdscdma_bit_error_rate: 99, tdscdma_rscp: 255, wcdma_signal_strength: 21, wcdma_bit_error_rate: 99, wcdma_scdma_rscp: 51, wcdma_ecno: 37, ssRsrp: 2147483647, ssRsrq: 2147483647, ssSinr: 2147483647, csiRsrp: 2147483647, csiRsrq: 2147483647, csiSinr: 2147483647
06-13 12:13:36.352830  1423  1529 I RilClient: initialize: commandFd is 96
06-13 12:13:36.353418  1423  1529 I RilClient: start listen on fd: 30, socket name: rild-oem
06-13 12:13:36.354701  1423  1478 I RmcOemHandler: requestQueryThermal Enter: -1
06-13 12:13:36.354859  1423  1478 I AT      : [0] AT> AT+ETHERMAL (RIL_CMD_READER_1 tid:487591455984)
06-13 12:13:36.364318  1423  1477 I AT      : [0] AT< +ETHERMAL: 2, 32767, -127, 111, 32767, 4046 (RIL_CMD_READER_1, tid:487592492272)
06-13 12:13:36.364442  1423  1477 I AT      : [0] AT< OK (RIL_CMD_READER_1, tid:487592492272)
06-13 12:13:36.364750  1423  1478 I RmcOemHandler: requestQueryThermal success
06-13 12:13:39.889760  1423  1472 I AT      : [0] AT< +ECSQ: 51,35,1,-278,-28,1,1,4,32767,1 (RIL_URC_READER, tid:487597673712)
06-13 12:13:39.891364  1423  1473 D RmcNwHdlr: [0] requestSignalStrength:sigRegisted[0000], sigUpdated[0X04]
06-13 12:13:39.891503  1423  1473 D RmcNwHdlr: [0] handleSignalStrength, gsm_signal_strength: 99, gsm_bit_error_rate: 99, gsm_timing_advance: 2147483647, cdma_dbm: 2147483647, cdma_ecio: 2147483647, evdo_dbm: 2147483647, evdo_ecio: 2147483647, evdo_snr: 2147483647, lte_signal_strength: 99, lte_rsrp: 2147483647, lte_rsrq: 2147483647, lte_rssnr: 2147483647, lte_cqi: 2147483647, lte_timing_advance: 2147483647, tdscdma_signal_strength: 99, tdscdma_bit_error_rate: 99, tdscdma_rscp: 255, wcdma_signal_strength: 21, wcdma_bit_error_rate: 99, wcdma_scdma_rscp: 51, wcdma_ecno: 35, ssRsrp: 2147483647, ssRsrq: 2147483647, ssSinr: 2147483647, csiRsrp: 2147483647, csiRsrq: 2147483647, csiSinr: 2147483647
06-13 12:13:45.010446  1423  1472 I AT      : [0] AT< +ECSQ: 54,38,1,-265,-21,1,1,4,32767,1 (RIL_URC_READER, tid:487597673712)
06-13 12:13:45.011665  1423  1473 D RmcNwHdlr: [0] requestSignalStrength:sigRegisted[0000], sigUpdated[0X04]
06-13 12:13:45.011760  1423  1473 D RmcNwHdlr: [0] handleSignalStrength, gsm_signal_strength: 99, gsm_bit_error_rate: 99, gsm_timing_advance: 2147483647, cdma_dbm: 2147483647, cdma_ecio: 2147483647, evdo_dbm: 2147483647, evdo_ecio: 2147483647, evdo_snr: 2147483647, lte_signal_strength: 99, lte_rsrp: 2147483647, lte_rsrq: 2147483647, lte_rssnr: 2147483647, lte_cqi: 2147483647, lte_timing_advance: 2147483647, tdscdma_signal_strength: 99, tdscdma_bit_error_rate: 99, tdscdma_rscp: 255, wcdma_signal_strength: 23, wcdma_bit_error_rate: 99, wcdma_scdma_rscp: 54, wcdma_ecno: 38, ssRsrp: 2147483647, ssRsrq: 2147483647, ssSinr: 2147483647, csiRsrp: 2147483647, csiRsrq: 2147483647, csiSinr: 2147483647
06-13 12:13:46.372405  1423  1529 I RilClient: initialize: commandFd is 93
06-13 12:13:46.373001  1423  1529 I RilClient: start listen on fd: 30, socket name: rild-oem
06-13 12:13:46.374320  1423  1478 I RmcOemHandler: requestQueryThermal Enter: -1
06-13 12:13:46.374481  1423  1478 I AT      : [0] AT> AT+ETHERMAL (RIL_CMD_READER_1 tid:487591455984)
06-13 12:13:46.384032  1423  1477 I AT      : [0] AT< +ETHERMAL: 2, 32767, -127, 111, 32767, 4046 (RIL_CMD_READER_1, tid:487592492272)
06-13 12:13:46.384154  1423  1477 I AT      : [0] AT< OK (RIL_CMD_READER_1, tid:487592492272)
06-13 12:13:46.384461  1423  1478 I RmcOemHandler: requestQueryThermal success
06-13 12:13:50.131886  1423  1472 I AT      : [0] AT< +ECSQ: 52,36,1,-273,-25,1,1,4,32767,1 (RIL_URC_READER, tid:487597673712)
06-13 12:13:50.133554  1423  1473 D RmcNwHdlr: [0] requestSignalStrength:sigRegisted[0000], sigUpdated[0X04]
06-13 12:13:50.133693  1423  1473 D RmcNwHdlr: [0] handleSignalStrength, gsm_signal_strength: 99, gsm_bit_error_rate: 99, gsm_timing_advance: 2147483647, cdma_dbm: 2147483647, cdma_ecio: 2147483647, evdo_dbm: 2147483647, evdo_ecio: 2147483647, evdo_snr: 2147483647, lte_signal_strength: 99, lte_rsrp: 2147483647, lte_rsrq: 2147483647, lte_rssnr: 2147483647, lte_cqi: 2147483647, lte_timing_advance: 2147483647, tdscdma_signal_strength: 99, tdscdma_bit_error_rate: 99, tdscdma_rscp: 255, wcdma_signal_strength: 22, wcdma_bit_error_rate: 99, wcdma_scdma_rscp: 52, wcdma_ecno: 36, ssRsrp: 2147483647, ssRsrq: 2147483647, ssSinr: 2147483647, csiRsrp: 2147483647, csiRsrq: 2147483647, csiSinr: 2147483647
06-13 12:13:55.253002  1423  1472 I AT      : [0] AT< +ECSQ: 53,38,1,-270,-21,1,1,4,32767,1 (RIL_URC_READER, tid:487597673712)
06-13 12:13:55.254666  1423  1473 D RmcNwHdlr: [0] requestSignalStrength:sigRegisted[0000], sigUpdated[0X04]
06-13 12:13:55.254802  1423  1473 D RmcNwHdlr: [0] handleSignalStrength, gsm_signal_strength: 99, gsm_bit_error_rate: 99, gsm_timing_advance: 2147483647, cdma_dbm: 2147483647, cdma_ecio: 2147483647, evdo_dbm: 2147483647, evdo_ecio: 2147483647, evdo_snr: 2147483647, lte_signal_strength: 99, lte_rsrp: 2147483647, lte_rsrq: 2147483647, lte_rssnr: 2147483647, lte_cqi: 2147483647, lte_timing_advance: 2147483647, tdscdma_signal_strength: 99, tdscdma_bit_error_rate: 99, tdscdma_rscp: 255, wcdma_signal_strength: 22, wcdma_bit_error_rate: 99, wcdma_scdma_rscp: 53, wcdma_ecno: 38, ssRsrp: 2147483647, ssRsrq: 2147483647, ssSinr: 2147483647, csiRsrp: 2147483647, csiRsrq: 2147483647, csiSinr: 2147483647
06-13 12:13:56.392254  1423  1529 I RilClient: initialize: commandFd is 96
06-13 12:13:56.392857  1423  1529 I RilClient: start listen on fd: 30, socket name: rild-oem
06-13 12:13:56.394109  1423  1478 I RmcOemHandler: requestQueryThermal Enter: -1
06-13 12:13:56.394268  1423  1478 I AT      : [0] AT> AT+ETHERMAL (RIL_CMD_READER_1 tid:487591455984)
06-13 12:13:56.403807  1423  1477 I AT      : [0] AT< +ETHERMAL: 2, 32767, -127, 111, 32767, 4046 (RIL_CMD_READER_1, tid:487592492272)
06-13 12:13:56.403930  1423  1477 I AT      : [0] AT< OK (RIL_CMD_READER_1, tid:487592492272)
06-13 12:13:56.404235  1423  1478 I RmcOemHandler: requestQueryThermal success
06-13 12:14:00.364546  1423  1472 I AT      : [0] AT< +ECSQ: 52,37,1,-273,-23,1,1,4,32767,1 (RIL_URC_READER, tid:487597673712)
06-13 12:14:00.366061  1423  1473 D RmcNwHdlr: [0] requestSignalStrength:sigRegisted[0000], sigUpdated[0X04]
06-13 12:14:00.366198  1423  1473 D RmcNwHdlr: [0] handleSignalStrength, gsm_signal_strength: 99, gsm_bit_error_rate: 99, gsm_timing_advance: 2147483647, cdma_dbm: 2147483647, cdma_ecio: 2147483647, evdo_dbm: 2147483647, evdo_ecio: 2147483647, evdo_snr: 2147483647, lte_signal_strength: 99, lte_rsrp: 2147483647, lte_rsrq: 2147483647, lte_rssnr: 2147483647, lte_cqi: 2147483647, lte_timing_advance: 2147483647, tdscdma_signal_strength: 99, tdscdma_bit_error_rate: 99, tdscdma_rscp: 255, wcdma_signal_strength: 22, wcdma_bit_error_rate: 99, wcdma_scdma_rscp: 52, wcdma_ecno: 37, ssRsrp: 2147483647, ssRsrq: 2147483647, ssSinr: 2147483647, csiRsrp: 2147483647, csiRsrq: 2147483647, csiSinr: 2147483647
06-13 12:14:05.486188  1423  1472 I AT      : [0] AT< +ECSQ: 52,35,1,-276,-28,1,1,4,32767,1 (RIL_URC_READER, tid:487597673712)
06-13 12:14:05.487944  1423  1473 D RmcNwHdlr: [0] requestSignalStrength:sigRegisted[0000], sigUpdated[0X04]
06-13 12:14:05.488071  1423  1473 D RmcNwHdlr: [0] handleSignalStrength, gsm_signal_strength: 99, gsm_bit_error_rate: 99, gsm_timing_advance: 2147483647, cdma_dbm: 2147483647, cdma_ecio: 2147483647, evdo_dbm: 2147483647, evdo_ecio: 2147483647, evdo_snr: 2147483647, lte_signal_strength: 99, lte_rsrp: 2147483647, lte_rsrq: 2147483647, lte_rssnr: 2147483647, lte_cqi: 2147483647, lte_timing_advance: 2147483647, tdscdma_signal_strength: 99, tdscdma_bit_error_rate: 99, tdscdma_rscp: 255, wcdma_signal_strength: 22, wcdma_bit_error_rate: 99, wcdma_scdma_rscp: 52, wcdma_ecno: 35, ssRsrp: 2147483647, ssRsrq: 2147483647, ssSinr: 2147483647, csiRsrp: 2147483647, csiRsrq: 2147483647, csiSinr: 2147483647
06-13 12:14:06.412023  1423  1529 I RilClient: initialize: commandFd is 93
06-13 12:14:06.412614  1423  1529 I RilClient: start listen on fd: 30, socket name: rild-oem
06-13 12:14:06.413832  1423  1478 I RmcOemHandler: requestQueryThermal Enter: -1
06-13 12:14:06.413990  1423  1478 I AT      : [0] AT> AT+ETHERMAL (RIL_CMD_READER_1 tid:487591455984)
06-13 12:14:06.423358  1423  1477 I AT      : [0] AT< +ETHERMAL: 2, 32767, -127, 111, 32767, 4046 (RIL_CMD_READER_1, tid:487592492272)
06-13 12:14:06.423478  1423  1477 I AT      : [0] AT< OK (RIL_CMD_READER_1, tid:487592492272)
06-13 12:14:06.423788  1423  1478 I RmcOemHandler: requestQueryThermal success
06-13 12:14:10.606944  1423  1472 I AT      : [0] AT< +ECSQ: 51,34,1,-277,-29,1,1,4,32767,1 (RIL_URC_READER, tid:487597673712)
06-13 12:14:10.608805  1423  1473 D RmcNwHdlr: [0] requestSignalStrength:sigRegisted[0000], sigUpdated[0X04]
06-13 12:14:10.608941  1423  1473 D RmcNwHdlr: [0] handleSignalStrength, gsm_signal_strength: 99, gsm_bit_error_rate: 99, gsm_timing_advance: 2147483647, cdma_dbm: 2147483647, cdma_ecio: 2147483647, evdo_dbm: 2147483647, evdo_ecio: 2147483647, evdo_snr: 2147483647, lte_signal_strength: 99, lte_rsrp: 2147483647, lte_rsrq: 2147483647, lte_rssnr: 2147483647, lte_cqi: 2147483647, lte_timing_advance: 2147483647, tdscdma_signal_strength: 99, tdscdma_bit_error_rate: 99, tdscdma_rscp: 255, wcdma_signal_strength: 21, wcdma_bit_error_rate: 99, wcdma_scdma_rscp: 51, wcdma_ecno: 34, ssRsrp: 2147483647, ssRsrq: 2147483647, ssSinr: 2147483647, csiRsrp: 2147483647, csiRsrq: 2147483647, csiSinr: 2147483647
06-13 12:14:15.728384  1423  1472 I AT      : [0] AT< +ECSQ: 53,39,1,-271,-19,1,1,4,32767,1 (RIL_URC_READER, tid:487597673712)
06-13 12:14:15.730157  1423  1473 D RmcNwHdlr: [0] requestSignalStrength:sigRegisted[0000], sigUpdated[0X04]
06-13 12:14:15.730293  1423  1473 D RmcNwHdlr: [0] handleSignalStrength, gsm_signal_strength: 99, gsm_bit_error_rate: 99, gsm_timing_advance: 2147483647, cdma_dbm: 2147483647, cdma_ecio: 2147483647, evdo_dbm: 2147483647, evdo_ecio: 2147483647, evdo_snr: 2147483647, lte_signal_strength: 99, lte_rsrp: 2147483647, lte_rsrq: 2147483647, lte_rssnr: 2147483647, lte_cqi: 2147483647, lte_timing_advance: 2147483647, tdscdma_signal_strength: 99, tdscdma_bit_error_rate: 99, tdscdma_rscp: 255, wcdma_signal_strength: 22, wcdma_bit_error_rate: 99, wcdma_scdma_rscp: 53, wcdma_ecno: 39, ssRsrp: 2147483647, ssRsrq: 2147483647, ssSinr: 2147483647, csiRsrp: 2147483647, csiRsrq: 2147483647, csiSinr: 2147483647
06-13 12:14:16.431767  1423  1529 I RilClient: initialize: commandFd is 96
06-13 12:14:16.432412  1423  1529 I RilClient: start listen on fd: 30, socket name: rild-oem
06-13 12:14:16.433739  1423  1478 I RmcOemHandler: requestQueryThermal Enter: -1
06-13 12:14:16.433902  1423  1478 I AT      : [0] AT> AT+ETHERMAL (RIL_CMD_READER_1 tid:487591455984)
06-13 12:14:16.443677  1423  1477 I AT      : [0] AT< +ETHERMAL: 2, 32767, -127, 111, 32767, 4046 (RIL_CMD_READER_1, tid:487592492272)
06-13 12:14:16.443857  1423  1477 I AT      : [0] AT< OK (RIL_CMD_READER_1, tid:487592492272)
06-13 12:14:16.444186  1423  1478 I RmcOemHandler: requestQueryThermal success
06-13 12:14:20.849678  1423  1472 I AT      : [0] AT< +ECSQ: 54,40,1,-268,-18,1,1,4,32767,1 (RIL_URC_READER, tid:487597673712)
06-13 12:14:20.851460  1423  1473 D RmcNwHdlr: [0] requestSignalStrength:sigRegisted[0000], sigUpdated[0X04]
06-13 12:14:20.851598  1423  1473 D RmcNwHdlr: [0] handleSignalStrength, gsm_signal_strength: 99, gsm_bit_error_rate: 99, gsm_timing_advance: 2147483647, cdma_dbm: 2147483647, cdma_ecio: 2147483647, evdo_dbm: 2147483647, evdo_ecio: 2147483647, evdo_snr: 2147483647, lte_signal_strength: 99, lte_rsrp: 2147483647, lte_rsrq: 2147483647, lte_rssnr: 2147483647, lte_cqi: 2147483647, lte_timing_advance: 2147483647, tdscdma_signal_strength: 99, tdscdma_bit_error_rate: 99, tdscdma_rscp: 255, wcdma_signal_strength: 23, wcdma_bit_error_rate: 99, wcdma_scdma_rscp: 54, wcdma_ecno: 40, ssRsrp: 2147483647, ssRsrq: 2147483647, ssSinr: 2147483647, csiRsrp: 2147483647, csiRsrq: 2147483647, csiSinr: 2147483647
06-13 12:14:25.970914  1423  1472 I AT      : [0] AT< +ECSQ: 54,39,1,-268,-19,1,1,4,32767,1 (RIL_URC_READER, tid:487597673712)
06-13 12:14:25.972678  1423  1473 D RmcNwHdlr: [0] requestSignalStrength:sigRegisted[0000], sigUpdated[0X04]
06-13 12:14:25.972956  1423  1473 D RmcNwHdlr: [0] handleSignalStrength, gsm_signal_strength: 99, gsm_bit_error_rate: 99, gsm_timing_advance: 2147483647, cdma_dbm: 2147483647, cdma_ecio: 2147483647, evdo_dbm: 2147483647, evdo_ecio: 2147483647, evdo_snr: 2147483647, lte_signal_strength: 99, lte_rsrp: 2147483647, lte_rsrq: 2147483647, lte_rssnr: 2147483647, lte_cqi: 2147483647, lte_timing_advance: 2147483647, tdscdma_signal_strength: 99, tdscdma_bit_error_rate: 99, tdscdma_rscp: 255, wcdma_signal_strength: 23, wcdma_bit_error_rate: 99, wcdma_scdma_rscp: 54, wcdma_ecno: 39, ssRsrp: 2147483647, ssRsrq: 2147483647, ssSinr: 2147483647, csiRsrp: 2147483647, csiRsrq: 2147483647, csiSinr: 2147483647
06-13 12:14:26.448678  1423  1529 I RilClient: initialize: commandFd is 93
06-13 12:14:26.449270  1423  1529 I RilClient: start listen on fd: 30, socket name: rild-oem
06-13 12:14:26.450604  1423  1478 I RmcOemHandler: requestQueryThermal Enter: -1
06-13 12:14:26.450766  1423  1478 I AT      : [0] AT> AT+ETHERMAL (RIL_CMD_READER_1 tid:487591455984)
06-13 12:14:26.460081  1423  1477 I AT      : [0] AT< +ETHERMAL: 2, 32767, -127, 111, 32767, 4046 (RIL_CMD_READER_1, tid:487592492272)
06-13 12:14:26.460494  1423  1477 I AT      : [0] AT< OK (RIL_CMD_READER_1, tid:487592492272)
06-13 12:14:26.460827  1423  1478 I RmcOemHandler: requestQueryThermal success
06-13 12:14:31.091544  1423  1472 I AT      : [0] AT< +ECSQ: 53,38,1,-271,-21,1,1,4,32767,1 (RIL_URC_READER, tid:487597673712)
06-13 12:14:31.093201  1423  1473 D RmcNwHdlr: [0] requestSignalStrength:sigRegisted[0000], sigUpdated[0X04]
06-13 12:14:31.093468  1423  1473 D RmcNwHdlr: [0] handleSignalStrength, gsm_signal_strength: 99, gsm_bit_error_rate: 99, gsm_timing_advance: 2147483647, cdma_dbm: 2147483647, cdma_ecio: 2147483647, evdo_dbm: 2147483647, evdo_ecio: 2147483647, evdo_snr: 2147483647, lte_signal_strength: 99, lte_rsrp: 2147483647, lte_rsrq: 2147483647, lte_rssnr: 2147483647, lte_cqi: 2147483647, lte_timing_advance: 2147483647, tdscdma_signal_strength: 99, tdscdma_bit_error_rate: 99, tdscdma_rscp: 255, wcdma_signal_strength: 22, wcdma_bit_error_rate: 99, wcdma_scdma_rscp: 53, wcdma_ecno: 38, ssRsrp: 2147483647, ssRsrq: 2147483647, ssSinr: 2147483647, csiRsrp: 2147483647, csiRsrq: 2147483647, csiSinr: 2147483647
06-13 12:14:36.213063  1423  1472 I AT      : [0] AT< +ECSQ: 51,36,1,-278,-25,1,1,4,32767,1 (RIL_URC_READER, tid:487597673712)
06-13 12:14:36.214819  1423  1473 D RmcNwHdlr: [0] requestSignalStrength:sigRegisted[0000], sigUpdated[0X04]
06-13 12:14:36.214955  1423  1473 D RmcNwHdlr: [0] handleSignalStrength, gsm_signal_strength: 99, gsm_bit_error_rate: 99, gsm_timing_advance: 2147483647, cdma_dbm: 2147483647, cdma_ecio: 2147483647, evdo_dbm: 2147483647, evdo_ecio: 2147483647, evdo_snr: 2147483647, lte_signal_strength: 99, lte_rsrp: 2147483647, lte_rsrq: 2147483647, lte_rssnr: 2147483647, lte_cqi: 2147483647, lte_timing_advance: 2147483647, tdscdma_signal_strength: 99, tdscdma_bit_error_rate: 99, tdscdma_rscp: 255, wcdma_signal_strength: 21, wcdma_bit_error_rate: 99, wcdma_scdma_rscp: 51, wcdma_ecno: 36, ssRsrp: 2147483647, ssRsrq: 2147483647, ssSinr: 2147483647, csiRsrp: 2147483647, csiRsrq: 2147483647, csiSinr: 2147483647
06-13 12:14:36.468338  1423  1529 I RilClient: initialize: commandFd is 96
06-13 12:14:36.468923  1423  1529 I RilClient: start listen on fd: 30, socket name: rild-oem
06-13 12:14:36.470257  1423  1478 I RmcOemHandler: requestQueryThermal Enter: -1
06-13 12:14:36.470425  1423  1478 I AT      : [0] AT> AT+ETHERMAL (RIL_CMD_READER_1 tid:487591455984)
06-13 12:14:36.480012  1423  1477 I AT      : [0] AT< +ETHERMAL: 2, 32767, -127, 111, 32767, 4046 (RIL_CMD_READER_1, tid:487592492272)
06-13 12:14:36.480135  1423  1477 I AT      : [0] AT< OK (RIL_CMD_READER_1, tid:487592492272)
06-13 12:14:36.480456  1423  1478 I RmcOemHandler: requestQueryThermal success
06-13 12:14:41.325053  1423  1472 I AT      : [0] AT< +ECSQ: 52,36,1,-275,-26,1,1,4,32767,1 (RIL_URC_READER, tid:487597673712)
06-13 12:14:41.326708  1423  1473 D RmcNwHdlr: [0] requestSignalStrength:sigRegisted[0000], sigUpdated[0X04]
06-13 12:14:41.326843  1423  1473 D RmcNwHdlr: [0] handleSignalStrength, gsm_signal_strength: 99, gsm_bit_error_rate: 99, gsm_timing_advance: 2147483647, cdma_dbm: 2147483647, cdma_ecio: 2147483647, evdo_dbm: 2147483647, evdo_ecio: 2147483647, evdo_snr: 2147483647, lte_signal_strength: 99, lte_rsrp: 2147483647, lte_rsrq: 2147483647, lte_rssnr: 2147483647, lte_cqi: 2147483647, lte_timing_advance: 2147483647, tdscdma_signal_strength: 99, tdscdma_bit_error_rate: 99, tdscdma_rscp: 255, wcdma_signal_strength: 22, wcdma_bit_error_rate: 99, wcdma_scdma_rscp: 52, wcdma_ecno: 36, ssRsrp: 2147483647, ssRsrq: 2147483647, ssSinr: 2147483647, csiRsrp: 2147483647, csiRsrq: 2147483647, csiSinr: 2147483647
06-13 12:14:46.446166  1423  1472 I AT      : [0] AT< +ECSQ: 51,35,1,-277,-27,1,1,4,32767,1 (RIL_URC_READER, tid:487597673712)
06-13 12:14:46.447938  1423  1473 D RmcNwHdlr: [0] requestSignalStrength:sigRegisted[0000], sigUpdated[0X04]
06-13 12:14:46.448076  1423  1473 D RmcNwHdlr: [0] handleSignalStrength, gsm_signal_strength: 99, gsm_bit_error_rate: 99, gsm_timing_advance: 2147483647, cdma_dbm: 2147483647, cdma_ecio: 2147483647, evdo_dbm: 2147483647, evdo_ecio: 2147483647, evdo_snr: 2147483647, lte_signal_strength: 99, lte_rsrp: 2147483647, lte_rsrq: 2147483647, lte_rssnr: 2147483647, lte_cqi: 2147483647, lte_timing_advance: 2147483647, tdscdma_signal_strength: 99, tdscdma_bit_error_rate: 99, tdscdma_rscp: 255, wcdma_signal_strength: 21, wcdma_bit_error_rate: 99, wcdma_scdma_rscp: 51, wcdma_ecno: 35, ssRsrp: 2147483647, ssRsrq: 2147483647, ssSinr: 2147483647, csiRsrp: 2147483647, csiRsrq: 2147483647, csiSinr: 2147483647
06-13 12:14:46.488042  1423  1529 I RilClient: initialize: commandFd is 93
06-13 12:14:46.488624  1423  1529 I RilClient: start listen on fd: 30, socket name: rild-oem
06-13 12:14:46.489968  1423  1478 I RmcOemHandler: requestQueryThermal Enter: -1
06-13 12:14:46.490134  1423  1478 I AT      : [0] AT> AT+ETHERMAL (RIL_CMD_READER_1 tid:487591455984)
06-13 12:14:46.499793  1423  1477 I AT      : [0] AT< +ETHERMAL: 2, 32767, -127, 111, 32767, 4046 (RIL_CMD_READER_1, tid:487592492272)
06-13 12:14:46.499958  1423  1477 I AT      : [0] AT< OK (RIL_CMD_READER_1, tid:487592492272)
06-13 12:14:46.500288  1423  1478 I RmcOemHandler: requestQueryThermal success
06-13 12:14:51.567108  1423  1472 I AT      : [0] AT< +ECSQ: 52,35,1,-275,-27,1,1,4,32767,1 (RIL_URC_READER, tid:487597673712)
06-13 12:14:51.568868  1423  1473 D RmcNwHdlr: [0] requestSignalStrength:sigRegisted[0000], sigUpdated[0X04]
06-13 12:14:51.569005  1423  1473 D RmcNwHdlr: [0] handleSignalStrength, gsm_signal_strength: 99, gsm_bit_error_rate: 99, gsm_timing_advance: 2147483647, cdma_dbm: 2147483647, cdma_ecio: 2147483647, evdo_dbm: 2147483647, evdo_ecio: 2147483647, evdo_snr: 2147483647, lte_signal_strength: 99, lte_rsrp: 2147483647, lte_rsrq: 2147483647, lte_rssnr: 2147483647, lte_cqi: 2147483647, lte_timing_advance: 2147483647, tdscdma_signal_strength: 99, tdscdma_bit_error_rate: 99, tdscdma_rscp: 255, wcdma_signal_strength: 22, wcdma_bit_error_rate: 99, wcdma_scdma_rscp: 52, wcdma_ecno: 35, ssRsrp: 2147483647, ssRsrq: 2147483647, ssSinr: 2147483647, csiRsrp: 2147483647, csiRsrq: 2147483647, csiSinr: 2147483647
06-13 12:14:56.508023  1423  1529 I RilClient: initialize: commandFd is 96
06-13 12:14:56.508618  1423  1529 I RilClient: start listen on fd: 30, socket name: rild-oem
06-13 12:14:56.509976  1423  1478 I RmcOemHandler: requestQueryThermal Enter: -1
06-13 12:14:56.510138  1423  1478 I AT      : [0] AT> AT+ETHERMAL (RIL_CMD_READER_1 tid:487591455984)
06-13 12:14:56.519824  1423  1477 I AT      : [0] AT< +ETHERMAL: 2, 32767, -127, 111, 32767, 4046 (RIL_CMD_READER_1, tid:487592492272)
06-13 12:14:56.519946  1423  1477 I AT      : [0] AT< OK (RIL_CMD_READER_1, tid:487592492272)
06-13 12:14:56.520251  1423  1478 I RmcOemHandler: requestQueryThermal success
06-13 12:14:56.688353  1423  1472 I AT      : [0] AT< +ECSQ: 54,39,1,-268,-19,1,1,4,32767,1 (RIL_URC_READER, tid:487597673712)
06-13 12:14:56.689858  1423  1473 D RmcNwHdlr: [0] requestSignalStrength:sigRegisted[0000], sigUpdated[0X04]
06-13 12:14:56.690134  1423  1473 D RmcNwHdlr: [0] handleSignalStrength, gsm_signal_strength: 99, gsm_bit_error_rate: 99, gsm_timing_advance: 2147483647, cdma_dbm: 2147483647, cdma_ecio: 2147483647, evdo_dbm: 2147483647, evdo_ecio: 2147483647, evdo_snr: 2147483647, lte_signal_strength: 99, lte_rsrp: 2147483647, lte_rsrq: 2147483647, lte_rssnr: 2147483647, lte_cqi: 2147483647, lte_timing_advance: 2147483647, tdscdma_signal_strength: 99, tdscdma_bit_error_rate: 99, tdscdma_rscp: 255, wcdma_signal_strength: 23, wcdma_bit_error_rate: 99, wcdma_scdma_rscp: 54, wcdma_ecno: 39, ssRsrp: 2147483647, ssRsrq: 2147483647, ssSinr: 2147483647, csiRsrp: 2147483647, csiRsrq: 2147483647, csiSinr: 2147483647
06-13 12:15:01.809766  1423  1472 I AT      : [0] AT< +ECSQ: 52,36,1,-273,-26,1,1,4,32767,1 (RIL_URC_READER, tid:487597673712)
06-13 12:15:01.811560  1423  1473 D RmcNwHdlr: [0] requestSignalStrength:sigRegisted[0000], sigUpdated[0X04]
06-13 12:15:01.811710  1423  1473 D RmcNwHdlr: [0] handleSignalStrength, gsm_signal_strength: 99, gsm_bit_error_rate: 99, gsm_timing_advance: 2147483647, cdma_dbm: 2147483647, cdma_ecio: 2147483647, evdo_dbm: 2147483647, evdo_ecio: 2147483647, evdo_snr: 2147483647, lte_signal_strength: 99, lte_rsrp: 2147483647, lte_rsrq: 2147483647, lte_rssnr: 2147483647, lte_cqi: 2147483647, lte_timing_advance: 2147483647, tdscdma_signal_strength: 99, tdscdma_bit_error_rate: 99, tdscdma_rscp: 255, wcdma_signal_strength: 22, wcdma_bit_error_rate: 99, wcdma_scdma_rscp: 52, wcdma_ecno: 36, ssRsrp: 2147483647, ssRsrq: 2147483647, ssSinr: 2147483647, csiRsrp: 2147483647, csiRsrq: 2147483647, csiSinr: 2147483647
06-13 12:15:06.528276  1423  1529 I RilClient: initialize: commandFd is 93
06-13 12:15:06.528856  1423  1529 I RilClient: start listen on fd: 30, socket name: rild-oem
06-13 12:15:06.530234  1423  1478 I RmcOemHandler: requestQueryThermal Enter: -1
06-13 12:15:06.530399  1423  1478 I AT      : [0] AT> AT+ETHERMAL (RIL_CMD_READER_1 tid:487591455984)
06-13 12:15:06.539789  1423  1477 I AT      : [0] AT< +ETHERMAL: 2, 32767, -127, 111, 32767, 4046 (RIL_CMD_READER_1, tid:487592492272)
06-13 12:15:06.540082  1423  1477 I AT      : [0] AT< OK (RIL_CMD_READER_1, tid:487592492272)
06-13 12:15:06.540411  1423  1478 I RmcOemHandler: requestQueryThermal success
06-13 12:15:06.930905  1423  1472 I AT      : [0] AT< +ECSQ: 53,36,1,-272,-25,1,1,4,32767,1 (RIL_URC_READER, tid:487597673712)
06-13 12:15:06.932668  1423  1473 D RmcNwHdlr: [0] requestSignalStrength:sigRegisted[0000], sigUpdated[0X04]
06-13 12:15:06.932813  1423  1473 D RmcNwHdlr: [0] handleSignalStrength, gsm_signal_strength: 99, gsm_bit_error_rate: 99, gsm_timing_advance: 2147483647, cdma_dbm: 2147483647, cdma_ecio: 2147483647, evdo_dbm: 2147483647, evdo_ecio: 2147483647, evdo_snr: 2147483647, lte_signal_strength: 99, lte_rsrp: 2147483647, lte_rsrq: 2147483647, lte_rssnr: 2147483647, lte_cqi: 2147483647, lte_timing_advance: 2147483647, tdscdma_signal_strength: 99, tdscdma_bit_error_rate: 99, tdscdma_rscp: 255, wcdma_signal_strength: 22, wcdma_bit_error_rate: 99, wcdma_scdma_rscp: 53, wcdma_ecno: 36, ssRsrp: 2147483647, ssRsrq: 2147483647, ssSinr: 2147483647, csiRsrp: 2147483647, csiRsrq: 2147483647, csiSinr: 2147483647
06-13 12:15:12.052028  1423  1472 I AT      : [0] AT< +ECSQ: 52,36,1,-273,-26,1,1,4,32767,1 (RIL_URC_READER, tid:487597673712)
06-13 12:15:12.053535  1423  1473 D RmcNwHdlr: [0] requestSignalStrength:sigRegisted[0000], sigUpdated[0X04]
06-13 12:15:12.053670  1423  1473 D RmcNwHdlr: [0] handleSignalStrength, gsm_signal_strength: 99, gsm_bit_error_rate: 99, gsm_timing_advance: 2147483647, cdma_dbm: 2147483647, cdma_ecio: 2147483647, evdo_dbm: 2147483647, evdo_ecio: 2147483647, evdo_snr: 2147483647, lte_signal_strength: 99, lte_rsrp: 2147483647, lte_rsrq: 2147483647, lte_rssnr: 2147483647, lte_cqi: 2147483647, lte_timing_advance: 2147483647, tdscdma_signal_strength: 99, tdscdma_bit_error_rate: 99, tdscdma_rscp: 255, wcdma_signal_strength: 22, wcdma_bit_error_rate: 99, wcdma_scdma_rscp: 52, wcdma_ecno: 36, ssRsrp: 2147483647, ssRsrq: 2147483647, ssSinr: 2147483647, csiRsrp: 2147483647, csiRsrq: 2147483647, csiSinr: 2147483647
06-13 12:15:16.547863  1423  1529 I RilClient: initialize: commandFd is 96
06-13 12:15:16.548372  1423  1529 I RilClient: start listen on fd: 30, socket name: rild-oem
06-13 12:15:16.549439  1423  1478 I RmcOemHandler: requestQueryThermal Enter: -1
06-13 12:15:16.549573  1423  1478 I AT      : [0] AT> AT+ETHERMAL (RIL_CMD_READER_1 tid:487591455984)
06-13 12:15:16.558723  1423  1477 I AT      : [0] AT< +ETHERMAL: 2, 32767, -127, 111, 32767, 4046 (RIL_CMD_READER_1, tid:487592492272)
06-13 12:15:16.558885  1423  1477 I AT      : [0] AT< OK (RIL_CMD_READER_1, tid:487592492272)
06-13 12:15:16.559134  1423  1478 I RmcOemHandler: requestQueryThermal success
06-13 12:15:17.173194  1423  1472 I AT      : [0] AT< +ECSQ: 53,39,1,-272,-19,1,1,4,32767,1 (RIL_URC_READER, tid:487597673712)
06-13 12:15:17.174704  1423  1473 D RmcNwHdlr: [0] requestSignalStrength:sigRegisted[0000], sigUpdated[0X04]
06-13 12:15:17.174978  1423  1473 D RmcNwHdlr: [0] handleSignalStrength, gsm_signal_strength: 99, gsm_bit_error_rate: 99, gsm_timing_advance: 2147483647, cdma_dbm: 2147483647, cdma_ecio: 2147483647, evdo_dbm: 2147483647, evdo_ecio: 2147483647, evdo_snr: 2147483647, lte_signal_strength: 99, lte_rsrp: 2147483647, lte_rsrq: 2147483647, lte_rssnr: 2147483647, lte_cqi: 2147483647, lte_timing_advance: 2147483647, tdscdma_signal_strength: 99, tdscdma_bit_error_rate: 99, tdscdma_rscp: 255, wcdma_signal_strength: 22, wcdma_bit_error_rate: 99, wcdma_scdma_rscp: 53, wcdma_ecno: 39, ssRsrp: 2147483647, ssRsrq: 2147483647, ssSinr: 2147483647, csiRsrp: 2147483647, csiRsrq: 2147483647, csiSinr: 2147483647
06-13 12:15:22.285026  1423  1472 I AT      : [0] AT< +ECSQ: 52,36,1,-274,-25,1,1,4,32767,1 (RIL_URC_READER, tid:487597673712)
06-13 12:15:22.286697  1423  1473 D RmcNwHdlr: [0] requestSignalStrength:sigRegisted[0000], sigUpdated[0X04]
