06-13 12:15:22.286833  1423  1473 D RmcNwHdlr: [0] handleSignalStrength, gsm_signal_strength: 99, gsm_bit_error_rate: 99, gsm_timing_advance: 2147483647, cdma_dbm: 2147483647, cdma_ecio: 2147483647, evdo_dbm: 2147483647, evdo_ecio: 2147483647, evdo_snr: 2147483647, lte_signal_strength: 99, lte_rsrp: 2147483647, lte_rsrq: 2147483647, lte_rssnr: 2147483647, lte_cqi: 2147483647, lte_timing_advance: 2147483647, tdscdma_signal_strength: 99, tdscdma_bit_error_rate: 99, tdscdma_rscp: 255, wcdma_signal_strength: 22, wcdma_bit_error_rate: 99, wcdma_scdma_rscp: 52, wcdma_ecno: 36, ssRsrp: 2147483647, ssRsrq: 2147483647, ssSinr: 2147483647, csiRsrp: 2147483647, csiRsrq: 2147483647, csiSinr: 2147483647
06-13 12:15:26.566833  1423  1529 I RilClient: initialize: commandFd is 93
06-13 12:15:26.567614  1423  1529 I RilClient: start listen on fd: 30, socket name: rild-oem
06-13 12:15:26.568949  1423  1478 I RmcOemHandler: requestQueryThermal Enter: -1
06-13 12:15:26.569113  1423  1478 I AT      : [0] AT> AT+ETHERMAL (RIL_CMD_READER_1 tid:487591455984)
06-13 12:15:26.578634  1423  1477 I AT      : [0] AT< +ETHERMAL: 2, 32767, -127, 111, 32767, 4046 (RIL_CMD_READER_1, tid:487592492272)
06-13 12:15:26.578758  1423  1477 I AT      : [0] AT< OK (RIL_CMD_READER_1, tid:487592492272)
06-13 12:15:26.579065  1423  1478 I RmcOemHandler: requestQueryThermal success
06-13 12:15:27.406181  1423  1472 I AT      : [0] AT< +ECSQ: 52,35,1,-275,-28,1,1,4,32767,1 (RIL_URC_READER, tid:487597673712)
06-13 12:15:27.407969  1423  1473 D RmcNwHdlr: [0] requestSignalStrength:sigRegisted[0000], sigUpdated[0X04]
06-13 12:15:27.408106  1423  1473 D RmcNwHdlr: [0] handleSignalStrength, gsm_signal_strength: 99, gsm_bit_error_rate: 99, gsm_timing_advance: 2147483647, cdma_dbm: 2147483647, cdma_ecio: 2147483647, evdo_dbm: 2147483647, evdo_ecio: 2147483647, evdo_snr: 2147483647, lte_signal_strength: 99, lte_rsrp: 2147483647, lte_rsrq: 2147483647, lte_rssnr: 2147483647, lte_cqi: 2147483647, lte_timing_advance: 2147483647, tdscdma_signal_strength: 99, tdscdma_bit_error_rate: 99, tdscdma_rscp: 255, wcdma_signal_strength: 22, wcdma_bit_error_rate: 99, wcdma_scdma_rscp: 52, wcdma_ecno: 35, ssRsrp: 2147483647, ssRsrq: 2147483647, ssSinr: 2147483647, csiRsrp: 2147483647, csiRsrq: 2147483647, csiSinr: 2147483647
06-13 12:15:32.527072  1423  1472 I AT      : [0] AT< +ECSQ: 53,40,1,-270,-18,1,1,4,32767,1 (RIL_URC_READER, tid:487597673712)
06-13 12:15:32.528837  1423  1473 D RmcNwHdlr: [0] requestSignalStrength:sigRegisted[0000], sigUpdated[0X04]
06-13 12:15:32.528976  1423  1473 D RmcNwHdlr: [0] handleSignalStrength, gsm_signal_strength: 99, gsm_bit_error_rate: 99, gsm_timing_advance: 2147483647, cdma_dbm: 2147483647, cdma_ecio: 2147483647, evdo_dbm: 2147483647, evdo_ecio: 2147483647, evdo_snr: 2147483647, lte_signal_strength: 99, lte_rsrp: 2147483647, lte_rsrq: 2147483647, lte_rssnr: 2147483647, lte_cqi: 2147483647, lte_timing_advance: 2147483647, tdscdma_signal_strength: 99, tdscdma_bit_error_rate: 99, tdscdma_rscp: 255, wcdma_signal_strength: 22, wcdma_bit_error_rate: 99, wcdma_scdma_rscp: 53, wcdma_ecno: 40, ssRsrp: 2147483647, ssRsrq: 2147483647, ssSinr: 2147483647, csiRsrp: 2147483647, csiRsrq: 2147483647, csiSinr: 2147483647
06-13 12:15:36.586497  1423  1529 I RilClient: initialize: commandFd is 96
06-13 12:15:36.587094  1423  1529 I RilClient: start listen on fd: 30, socket name: rild-oem
06-13 12:15:36.588561  1423  1478 I RmcOemHandler: requestQueryThermal Enter: -1
06-13 12:15:36.588723  1423  1478 I AT      : [0] AT> AT+ETHERMAL (RIL_CMD_READER_1 tid:487591455984)
06-13 12:15:36.598223  1423  1477 I AT      : [0] AT< +ETHERMAL: 2, 32767, -127, 111, 32767, 4046 (RIL_CMD_READER_1, tid:487592492272)
06-13 12:15:36.598345  1423  1477 I AT      : [0] AT< OK (RIL_CMD_READER_1, tid:487592492272)
06-13 12:15:36.598646  1423  1478 I RmcOemHandler: requestQueryThermal success
06-13 12:15:37.648518  1423  1472 I AT      : [0] AT< +ECSQ: 52,37,1,-275,-23,1,1,4,32767,1 (RIL_URC_READER, tid:487597673712)
06-13 12:15:37.650185  1423  1473 D RmcNwHdlr: [0] requestSignalStrength:sigRegisted[0000], sigUpdated[0X04]
06-13 12:15:37.650321  1423  1473 D RmcNwHdlr: [0] handleSignalStrength, gsm_signal_strength: 99, gsm_bit_error_rate: 99, gsm_timing_advance: 2147483647, cdma_dbm: 2147483647, cdma_ecio: 2147483647, evdo_dbm: 2147483647, evdo_ecio: 2147483647, evdo_snr: 2147483647, lte_signal_strength: 99, lte_rsrp: 2147483647, lte_rsrq: 2147483647, lte_rssnr: 2147483647, lte_cqi: 2147483647, lte_timing_advance: 2147483647, tdscdma_signal_strength: 99, tdscdma_bit_error_rate: 99, tdscdma_rscp: 255, wcdma_signal_strength: 22, wcdma_bit_error_rate: 99, wcdma_scdma_rscp: 52, wcdma_ecno: 37, ssRsrp: 2147483647, ssRsrq: 2147483647, ssSinr: 2147483647, csiRsrp: 2147483647, csiRsrq: 2147483647, csiSinr: 2147483647
06-13 12:15:42.769684  1423  1472 I AT      : [0] AT< +ECSQ: 53,40,1,-272,-18,1,1,4,32767,1 (RIL_URC_READER, tid:487597673712)
06-13 12:15:42.771458  1423  1473 D RmcNwHdlr: [0] requestSignalStrength:sigRegisted[0000], sigUpdated[0X04]
06-13 12:15:42.771595  1423  1473 D RmcNwHdlr: [0] handleSignalStrength, gsm_signal_strength: 99, gsm_bit_error_rate: 99, gsm_timing_advance: 2147483647, cdma_dbm: 2147483647, cdma_ecio: 2147483647, evdo_dbm: 2147483647, evdo_ecio: 2147483647, evdo_snr: 2147483647, lte_signal_strength: 99, lte_rsrp: 2147483647, lte_rsrq: 2147483647, lte_rssnr: 2147483647, lte_cqi: 2147483647, lte_timing_advance: 2147483647, tdscdma_signal_strength: 99, tdscdma_bit_error_rate: 99, tdscdma_rscp: 255, wcdma_signal_strength: 22, wcdma_bit_error_rate: 99, wcdma_scdma_rscp: 53, wcdma_ecno: 40, ssRsrp: 2147483647, ssRsrq: 2147483647, ssSinr: 2147483647, csiRsrp: 2147483647, csiRsrq: 2147483647, csiSinr: 2147483647
06-13 12:15:46.606327  1423  1529 I RilClient: initialize: commandFd is 93
06-13 12:15:46.606913  1423  1529 I RilClient: start listen on fd: 30, socket name: rild-oem
06-13 12:15:46.608374  1423  1478 I RmcOemHandler: requestQueryThermal Enter: -1
06-13 12:15:46.608538  1423  1478 I AT      : [0] AT> AT+ETHERMAL (RIL_CMD_READER_1 tid:487591455984)
06-13 12:15:46.618057  1423  1477 I AT      : [0] AT< +ETHERMAL: 2, 32767, -127, 111, 32767, 4046 (RIL_CMD_READER_1, tid:487592492272)
06-13 12:15:46.618189  1423  1477 I AT      : [0] AT< OK (RIL_CMD_READER_1, tid:487592492272)
06-13 12:15:46.618498  1423  1478 I RmcOemHandler: requestQueryThermal success
06-13 12:15:47.891107  1423  1472 I AT      : [0] AT< +ECSQ: 54,42,1,-267,-13,1,1,4,32767,1 (RIL_URC_READER, tid:487597673712)
06-13 12:15:47.892718  1423  1473 D RmcNwHdlr: [0] requestSignalStrength:sigRegisted[0000], sigUpdated[0X04]
06-13 12:15:47.892856  1423  1473 D RmcNwHdlr: [0] handleSignalStrength, gsm_signal_strength: 99, gsm_bit_error_rate: 99, gsm_timing_advance: 2147483647, cdma_dbm: 2147483647, cdma_ecio: 2147483647, evdo_dbm: 2147483647, evdo_ecio: 2147483647, evdo_snr: 2147483647, lte_signal_strength: 99, lte_rsrp: 2147483647, lte_rsrq: 2147483647, lte_rssnr: 2147483647, lte_cqi: 2147483647, lte_timing_advance: 2147483647, tdscdma_signal_strength: 99, tdscdma_bit_error_rate: 99, tdscdma_rscp: 255, wcdma_signal_strength: 23, wcdma_bit_error_rate: 99, wcdma_scdma_rscp: 54, wcdma_ecno: 42, ssRsrp: 2147483647, ssRsrq: 2147483647, ssSinr: 2147483647, csiRsrp: 2147483647, csiRsrq: 2147483647, csiSinr: 2147483647
06-13 12:15:53.011893  1423  1472 I AT      : [0] AT< +ECSQ: 54,43,1,-267,-11,1,1,4,32767,1 (RIL_URC_READER, tid:487597673712)
06-13 12:15:53.013403  1423  1473 D RmcNwHdlr: [0] requestSignalStrength:sigRegisted[0000], sigUpdated[0X04]
06-13 12:15:53.013549  1423  1473 D RmcNwHdlr: [0] handleSignalStrength, gsm_signal_strength: 99, gsm_bit_error_rate: 99, gsm_timing_advance: 2147483647, cdma_dbm: 2147483647, cdma_ecio: 2147483647, evdo_dbm: 2147483647, evdo_ecio: 2147483647, evdo_snr: 2147483647, lte_signal_strength: 99, lte_rsrp: 2147483647, lte_rsrq: 2147483647, lte_rssnr: 2147483647, lte_cqi: 2147483647, lte_timing_advance: 2147483647, tdscdma_signal_strength: 99, tdscdma_bit_error_rate: 99, tdscdma_rscp: 255, wcdma_signal_strength: 23, wcdma_bit_error_rate: 99, wcdma_scdma_rscp: 54, wcdma_ecno: 43, ssRsrp: 2147483647, ssRsrq: 2147483647, ssSinr: 2147483647, csiRsrp: 2147483647, csiRsrq: 2147483647, csiSinr: 2147483647
06-13 12:15:56.626474  1423  1529 I RilClient: initialize: commandFd is 96
06-13 12:15:56.627076  1423  1529 I RilClient: start listen on fd: 30, socket name: rild-oem
06-13 12:15:56.628534  1423  1478 I RmcOemHandler: requestQueryThermal Enter: -1
06-13 12:15:56.628706  1423  1478 I AT      : [0] AT> AT+ETHERMAL (RIL_CMD_READER_1 tid:487591455984)
06-13 12:15:56.638405  1423  1477 I AT      : [0] AT< +ETHERMAL: 2, 32767, -127, 111, 32767, 4046 (RIL_CMD_READER_1, tid:487592492272)
06-13 12:15:56.638683  1423  1477 I AT      : [0] AT< OK (RIL_CMD_READER_1, tid:487592492272)
06-13 12:15:56.639013  1423  1478 I RmcOemHandler: requestQueryThermal success
06-13 12:15:58.133187  1423  1472 I AT      : [0] AT< +ECSQ: 52,36,1,-276,-25,1,1,4,32767,1 (RIL_URC_READER, tid:487597673712)
06-13 12:15:58.134844  1423  1473 D RmcNwHdlr: [0] requestSignalStrength:sigRegisted[0000], sigUpdated[0X04]
06-13 12:15:58.134980  1423  1473 D RmcNwHdlr: [0] handleSignalStrength, gsm_signal_strength: 99, gsm_bit_error_rate: 99, gsm_timing_advance: 2147483647, cdma_dbm: 2147483647, cdma_ecio: 2147483647, evdo_dbm: 2147483647, evdo_ecio: 2147483647, evdo_snr: 2147483647, lte_signal_strength: 99, lte_rsrp: 2147483647, lte_rsrq: 2147483647, lte_rssnr: 2147483647, lte_cqi: 2147483647, lte_timing_advance: 2147483647, tdscdma_signal_strength: 99, tdscdma_bit_error_rate: 99, tdscdma_rscp: 255, wcdma_signal_strength: 22, wcdma_bit_error_rate: 99, wcdma_scdma_rscp: 52, wcdma_ecno: 36, ssRsrp: 2147483647, ssRsrq: 2147483647, ssSinr: 2147483647, csiRsrp: 2147483647, csiRsrq: 2147483647, csiSinr: 2147483647
06-13 12:16:03.244977  1423  1472 I AT      : [0] AT< +ECSQ: 53,39,1,-271,-20,1,1,4,32767,1 (RIL_URC_READER, tid:487597673712)
06-13 12:16:03.246474  1423  1473 D RmcNwHdlr: [0] requestSignalStrength:sigRegisted[0000], sigUpdated[0X04]
06-13 12:16:03.246620  1423  1473 D RmcNwHdlr: [0] handleSignalStrength, gsm_signal_strength: 99, gsm_bit_error_rate: 99, gsm_timing_advance: 2147483647, cdma_dbm: 2147483647, cdma_ecio: 2147483647, evdo_dbm: 2147483647, evdo_ecio: 2147483647, evdo_snr: 2147483647, lte_signal_strength: 99, lte_rsrp: 2147483647, lte_rsrq: 2147483647, lte_rssnr: 2147483647, lte_cqi: 2147483647, lte_timing_advance: 2147483647, tdscdma_signal_strength: 99, tdscdma_bit_error_rate: 99, tdscdma_rscp: 255, wcdma_signal_strength: 22, wcdma_bit_error_rate: 99, wcdma_scdma_rscp: 53, wcdma_ecno: 39, ssRsrp: 2147483647, ssRsrq: 2147483647, ssSinr: 2147483647, csiRsrp: 2147483647, csiRsrq: 2147483647, csiSinr: 2147483647
06-13 12:16:06.646573  1423  1529 I RilClient: initialize: commandFd is 93
06-13 12:16:06.647170  1423  1529 I RilClient: start listen on fd: 30, socket name: rild-oem
06-13 12:16:06.648609  1423  1478 I RmcOemHandler: requestQueryThermal Enter: -1
06-13 12:16:06.648772  1423  1478 I AT      : [0] AT> AT+ETHERMAL (RIL_CMD_READER_1 tid:487591455984)
06-13 12:16:06.658186  1423  1477 I AT      : [0] AT< +ETHERMAL: 2, 32767, -127, 111, 32767, 4046 (RIL_CMD_READER_1, tid:487592492272)
06-13 12:16:06.658307  1423  1477 I AT      : [0] AT< OK (RIL_CMD_READER_1, tid:487592492272)
06-13 12:16:06.658608  1423  1478 I RmcOemHandler: requestQueryThermal success
06-13 12:16:08.366225  1423  1472 I AT      : [0] AT< +ECSQ: 52,38,1,-274,-21,1,1,4,32767,1 (RIL_URC_READER, tid:487597673712)
06-13 12:16:08.367976  1423  1473 D RmcNwHdlr: [0] requestSignalStrength:sigRegisted[0000], sigUpdated[0X04]
06-13 12:16:08.368114  1423  1473 D RmcNwHdlr: [0] handleSignalStrength, gsm_signal_strength: 99, gsm_bit_error_rate: 99, gsm_timing_advance: 2147483647, cdma_dbm: 2147483647, cdma_ecio: 2147483647, evdo_dbm: 2147483647, evdo_ecio: 2147483647, evdo_snr: 2147483647, lte_signal_strength: 99, lte_rsrp: 2147483647, lte_rsrq: 2147483647, lte_rssnr: 2147483647, lte_cqi: 2147483647, lte_timing_advance: 2147483647, tdscdma_signal_strength: 99, tdscdma_bit_error_rate: 99, tdscdma_rscp: 255, wcdma_signal_strength: 22, wcdma_bit_error_rate: 99, wcdma_scdma_rscp: 52, wcdma_ecno: 38, ssRsrp: 2147483647, ssRsrq: 2147483647, ssSinr: 2147483647, csiRsrp: 2147483647, csiRsrq: 2147483647, csiSinr: 2147483647
06-13 12:16:16.663034  1423  1529 I RilClient: initialize: commandFd is 96
06-13 12:16:16.663790  1423  1529 I RilClient: start listen on fd: 30, socket name: rild-oem
06-13 12:16:16.665139  1423  1478 I RmcOemHandler: requestQueryThermal Enter: -1
06-13 12:16:16.665303  1423  1478 I AT      : [0] AT> AT+ETHERMAL (RIL_CMD_READER_1 tid:487591455984)
06-13 12:16:16.674836  1423  1477 I AT      : [0] AT< +ETHERMAL: 2, 32767, -127, 111, 32767, 4046 (RIL_CMD_READER_1, tid:487592492272)
06-13 12:16:16.674959  1423  1477 I AT      : [0] AT< OK (RIL_CMD_READER_1, tid:487592492272)
06-13 12:16:16.675341  1423  1478 I RmcOemHandler: requestQueryThermal success
06-13 12:16:18.608528  1423  1472 I AT      : [0] AT< +ECSQ: 53,42,1,-272,-13,1,1,4,32767,1 (RIL_URC_READER, tid:487597673712)
06-13 12:16:18.610046  1423  1473 D RmcNwHdlr: [0] requestSignalStrength:sigRegisted[0000], sigUpdated[0X04]
06-13 12:16:18.610183  1423  1473 D RmcNwHdlr: [0] handleSignalStrength, gsm_signal_strength: 99, gsm_bit_error_rate: 99, gsm_timing_advance: 2147483647, cdma_dbm: 2147483647, cdma_ecio: 2147483647, evdo_dbm: 2147483647, evdo_ecio: 2147483647, evdo_snr: 2147483647, lte_signal_strength: 99, lte_rsrp: 2147483647, lte_rsrq: 2147483647, lte_rssnr: 2147483647, lte_cqi: 2147483647, lte_timing_advance: 2147483647, tdscdma_signal_strength: 99, tdscdma_bit_error_rate: 99, tdscdma_rscp: 255, wcdma_signal_strength: 22, wcdma_bit_error_rate: 99, wcdma_scdma_rscp: 53, wcdma_ecno: 42, ssRsrp: 2147483647, ssRsrq: 2147483647, ssSinr: 2147483647, csiRsrp: 2147483647, csiRsrq: 2147483647, csiSinr: 2147483647
06-13 12:16:23.729583  1423  1472 I AT      : [0] AT< +ECSQ: 51,37,1,-277,-23,1,1,4,32767,1 (RIL_URC_READER, tid:487597673712)
06-13 12:16:23.731379  1423  1473 D RmcNwHdlr: [0] requestSignalStrength:sigRegisted[0000], sigUpdated[0X04]
06-13 12:16:23.731518  1423  1473 D RmcNwHdlr: [0] handleSignalStrength, gsm_signal_strength: 99, gsm_bit_error_rate: 99, gsm_timing_advance: 2147483647, cdma_dbm: 2147483647, cdma_ecio: 2147483647, evdo_dbm: 2147483647, evdo_ecio: 2147483647, evdo_snr: 2147483647, lte_signal_strength: 99, lte_rsrp: 2147483647, lte_rsrq: 2147483647, lte_rssnr: 2147483647, lte_cqi: 2147483647, lte_timing_advance: 2147483647, tdscdma_signal_strength: 99, tdscdma_bit_error_rate: 99, tdscdma_rscp: 255, wcdma_signal_strength: 21, wcdma_bit_error_rate: 99, wcdma_scdma_rscp: 51, wcdma_ecno: 37, ssRsrp: 2147483647, ssRsrq: 2147483647, ssSinr: 2147483647, csiRsrp: 2147483647, csiRsrq: 2147483647, csiSinr: 2147483647
06-13 12:16:26.683141  1423  1529 I RilClient: initialize: commandFd is 93
06-13 12:16:26.683886  1423  1529 I RilClient: start listen on fd: 30, socket name: rild-oem
06-13 12:16:26.685244  1423  1478 I RmcOemHandler: requestQueryThermal Enter: -1
06-13 12:16:26.685407  1423  1478 I AT      : [0] AT> AT+ETHERMAL (RIL_CMD_READER_1 tid:487591455984)
06-13 12:16:26.694870  1423  1477 I AT      : [0] AT< +ETHERMAL: 2, 32767, -127, 111, 32767, 4046 (RIL_CMD_READER_1, tid:487592492272)
06-13 12:16:26.694993  1423  1477 I AT      : [0] AT< OK (RIL_CMD_READER_1, tid:487592492272)
06-13 12:16:26.695389  1423  1478 I RmcOemHandler: requestQueryThermal success
06-13 12:16:28.850626  1423  1472 I AT      : [0] AT< +ECSQ: 52,36,1,-276,-25,1,1,4,32767,1 (RIL_URC_READER, tid:487597673712)
06-13 12:16:28.852442  1423  1473 D RmcNwHdlr: [0] requestSignalStrength:sigRegisted[0000], sigUpdated[0X04]
06-13 12:16:28.852580  1423  1473 D RmcNwHdlr: [0] handleSignalStrength, gsm_signal_strength: 99, gsm_bit_error_rate: 99, gsm_timing_advance: 2147483647, cdma_dbm: 2147483647, cdma_ecio: 2147483647, evdo_dbm: 2147483647, evdo_ecio: 2147483647, evdo_snr: 2147483647, lte_signal_strength: 99, lte_rsrp: 2147483647, lte_rsrq: 2147483647, lte_rssnr: 2147483647, lte_cqi: 2147483647, lte_timing_advance: 2147483647, tdscdma_signal_strength: 99, tdscdma_bit_error_rate: 99, tdscdma_rscp: 255, wcdma_signal_strength: 22, wcdma_bit_error_rate: 99, wcdma_scdma_rscp: 52, wcdma_ecno: 36, ssRsrp: 2147483647, ssRsrq: 2147483647, ssSinr: 2147483647, csiRsrp: 2147483647, csiRsrq: 2147483647, csiSinr: 2147483647
06-13 12:16:33.971910  1423  1472 I AT      : [0] AT< +ECSQ: 52,39,1,-274,-19,1,1,4,32767,1 (RIL_URC_READER, tid:487597673712)
06-13 12:16:33.973564  1423  1473 D RmcNwHdlr: [0] requestSignalStrength:sigRegisted[0000], sigUpdated[0X04]
06-13 12:16:33.973703  1423  1473 D RmcNwHdlr: [0] handleSignalStrength, gsm_signal_strength: 99, gsm_bit_error_rate: 99, gsm_timing_advance: 2147483647, cdma_dbm: 2147483647, cdma_ecio: 2147483647, evdo_dbm: 2147483647, evdo_ecio: 2147483647, evdo_snr: 2147483647, lte_signal_strength: 99, lte_rsrp: 2147483647, lte_rsrq: 2147483647, lte_rssnr: 2147483647, lte_cqi: 2147483647, lte_timing_advance: 2147483647, tdscdma_signal_strength: 99, tdscdma_bit_error_rate: 99, tdscdma_rscp: 255, wcdma_signal_strength: 22, wcdma_bit_error_rate: 99, wcdma_scdma_rscp: 52, wcdma_ecno: 39, ssRsrp: 2147483647, ssRsrq: 2147483647, ssSinr: 2147483647, csiRsrp: 2147483647, csiRsrq: 2147483647, csiSinr: 2147483647
06-13 12:16:36.703181  1423  1529 I RilClient: initialize: commandFd is 96
06-13 12:16:36.703923  1423  1529 I RilClient: start listen on fd: 30, socket name: rild-oem
06-13 12:16:36.705265  1423  1478 I RmcOemHandler: requestQueryThermal Enter: -1
06-13 12:16:36.705425  1423  1478 I AT      : [0] AT> AT+ETHERMAL (RIL_CMD_READER_1 tid:487591455984)
06-13 12:16:36.709286  1423  1477 I AT      : [0] AT< +ETHERMAL: 2, 32767, -127, 111, 32767, 4046 (RIL_CMD_READER_1, tid:487592492272)
06-13 12:16:36.709408  1423  1477 I AT      : [0] AT< OK (RIL_CMD_READER_1, tid:487592492272)
06-13 12:16:36.709710  1423  1478 I RmcOemHandler: requestQueryThermal success
06-13 12:16:39.093142  1423  1472 I AT      : [0] AT< +ECSQ: 51,35,1,-277,-27,1,1,4,32767,1 (RIL_URC_READER, tid:487597673712)
06-13 12:16:39.094798  1423  1473 D RmcNwHdlr: [0] requestSignalStrength:sigRegisted[0000], sigUpdated[0X04]
06-13 12:16:39.094933  1423  1473 D RmcNwHdlr: [0] handleSignalStrength, gsm_signal_strength: 99, gsm_bit_error_rate: 99, gsm_timing_advance: 2147483647, cdma_dbm: 2147483647, cdma_ecio: 2147483647, evdo_dbm: 2147483647, evdo_ecio: 2147483647, evdo_snr: 2147483647, lte_signal_strength: 99, lte_rsrp: 2147483647, lte_rsrq: 2147483647, lte_rssnr: 2147483647, lte_cqi: 2147483647, lte_timing_advance: 2147483647, tdscdma_signal_strength: 99, tdscdma_bit_error_rate: 99, tdscdma_rscp: 255, wcdma_signal_strength: 21, wcdma_bit_error_rate: 99, wcdma_scdma_rscp: 51, wcdma_ecno: 35, ssRsrp: 2147483647, ssRsrq: 2147483647, ssSinr: 2147483647, csiRsrp: 2147483647, csiRsrq: 2147483647, csiSinr: 2147483647
06-13 12:16:44.204929  1423  1472 I AT      : [0] AT< +ECSQ: 53,38,1,-270,-22,1,1,4,32767,1 (RIL_URC_READER, tid:487597673712)
06-13 12:16:44.206587  1423  1473 D RmcNwHdlr: [0] requestSignalStrength:sigRegisted[0000], sigUpdated[0X04]
06-13 12:16:44.206724  1423  1473 D RmcNwHdlr: [0] handleSignalStrength, gsm_signal_strength: 99, gsm_bit_error_rate: 99, gsm_timing_advance: 2147483647, cdma_dbm: 2147483647, cdma_ecio: 2147483647, evdo_dbm: 2147483647, evdo_ecio: 2147483647, evdo_snr: 2147483647, lte_signal_strength: 99, lte_rsrp: 2147483647, lte_rsrq: 2147483647, lte_rssnr: 2147483647, lte_cqi: 2147483647, lte_timing_advance: 2147483647, tdscdma_signal_strength: 99, tdscdma_bit_error_rate: 99, tdscdma_rscp: 255, wcdma_signal_strength: 22, wcdma_bit_error_rate: 99, wcdma_scdma_rscp: 53, wcdma_ecno: 38, ssRsrp: 2147483647, ssRsrq: 2147483647, ssSinr: 2147483647, csiRsrp: 2147483647, csiRsrq: 2147483647, csiSinr: 2147483647
06-13 12:16:46.717302  1423  1529 I RilClient: initialize: commandFd is 93
06-13 12:16:46.717900  1423  1529 I RilClient: start listen on fd: 30, socket name: rild-oem
06-13 12:16:46.719369  1423  1478 I RmcOemHandler: requestQueryThermal Enter: -1
06-13 12:16:46.719531  1423  1478 I AT      : [0] AT> AT+ETHERMAL (RIL_CMD_READER_1 tid:487591455984)
06-13 12:16:46.729024  1423  1477 I AT      : [0] AT< +ETHERMAL: 2, 32767, -127, 111, 32767, 4046 (RIL_CMD_READER_1, tid:487592492272)
06-13 12:16:46.729146  1423  1477 I AT      : [0] AT< OK (RIL_CMD_READER_1, tid:487592492272)
06-13 12:16:46.729448  1423  1478 I RmcOemHandler: requestQueryThermal success
06-13 12:16:49.326063  1423  1472 I AT      : [0] AT< +ECSQ: 52,39,1,-274,-19,1,1,4,32767,1 (RIL_URC_READER, tid:487597673712)
06-13 12:16:49.327782  1423  1473 D RmcNwHdlr: [0] requestSignalStrength:sigRegisted[0000], sigUpdated[0X04]
06-13 12:16:49.327919  1423  1473 D RmcNwHdlr: [0] handleSignalStrength, gsm_signal_strength: 99, gsm_bit_error_rate: 99, gsm_timing_advance: 2147483647, cdma_dbm: 2147483647, cdma_ecio: 2147483647, evdo_dbm: 2147483647, evdo_ecio: 2147483647, evdo_snr: 2147483647, lte_signal_strength: 99, lte_rsrp: 2147483647, lte_rsrq: 2147483647, lte_rssnr: 2147483647, lte_cqi: 2147483647, lte_timing_advance: 2147483647, tdscdma_signal_strength: 99, tdscdma_bit_error_rate: 99, tdscdma_rscp: 255, wcdma_signal_strength: 22, wcdma_bit_error_rate: 99, wcdma_scdma_rscp: 52, wcdma_ecno: 39, ssRsrp: 2147483647, ssRsrq: 2147483647, ssSinr: 2147483647, csiRsrp: 2147483647, csiRsrq: 2147483647, csiSinr: 2147483647
06-13 12:16:54.447104  1423  1472 I AT      : [0] AT< +ECSQ: 53,40,1,-271,-18,1,1,4,32767,1 (RIL_URC_READER, tid:487597673712)
06-13 12:16:54.448709  1423  1473 D RmcNwHdlr: [0] requestSignalStrength:sigRegisted[0000], sigUpdated[0X04]
06-13 12:16:54.448845  1423  1473 D RmcNwHdlr: [0] handleSignalStrength, gsm_signal_strength: 99, gsm_bit_error_rate: 99, gsm_timing_advance: 2147483647, cdma_dbm: 2147483647, cdma_ecio: 2147483647, evdo_dbm: 2147483647, evdo_ecio: 2147483647, evdo_snr: 2147483647, lte_signal_strength: 99, lte_rsrp: 2147483647, lte_rsrq: 2147483647, lte_rssnr: 2147483647, lte_cqi: 2147483647, lte_timing_advance: 2147483647, tdscdma_signal_strength: 99, tdscdma_bit_error_rate: 99, tdscdma_rscp: 255, wcdma_signal_strength: 22, wcdma_bit_error_rate: 99, wcdma_scdma_rscp: 53, wcdma_ecno: 40, ssRsrp: 2147483647, ssRsrq: 2147483647, ssSinr: 2147483647, csiRsrp: 2147483647, csiRsrq: 2147483647, csiSinr: 2147483647
06-13 12:16:56.732503  1423  1529 I RilClient: initialize: commandFd is 96
06-13 12:16:56.733098  1423  1529 I RilClient: start listen on fd: 30, socket name: rild-oem
06-13 12:16:56.734474  1423  1478 I RmcOemHandler: requestQueryThermal Enter: -1
06-13 12:16:56.734637  1423  1478 I AT      : [0] AT> AT+ETHERMAL (RIL_CMD_READER_1 tid:487591455984)
06-13 12:16:56.744142  1423  1477 I AT      : [0] AT< +ETHERMAL: 2, 32767, -127, 111, 32767, 4046 (RIL_CMD_READER_1, tid:487592492272)
06-13 12:16:56.744268  1423  1477 I AT      : [0] AT< OK (RIL_CMD_READER_1, tid:487592492272)
06-13 12:16:56.744568  1423  1478 I RmcOemHandler: requestQueryThermal success
06-13 12:16:59.568415  1423  1472 I AT      : [0] AT< +ECSQ: 52,35,1,-276,-28,1,1,4,32767,1 (RIL_URC_READER, tid:487597673712)
06-13 12:16:59.570081  1423  1473 D RmcNwHdlr: [0] requestSignalStrength:sigRegisted[0000], sigUpdated[0X04]
06-13 12:16:59.570218  1423  1473 D RmcNwHdlr: [0] handleSignalStrength, gsm_signal_strength: 99, gsm_bit_error_rate: 99, gsm_timing_advance: 2147483647, cdma_dbm: 2147483647, cdma_ecio: 2147483647, evdo_dbm: 2147483647, evdo_ecio: 2147483647, evdo_snr: 2147483647, lte_signal_strength: 99, lte_rsrp: 2147483647, lte_rsrq: 2147483647, lte_rssnr: 2147483647, lte_cqi: 2147483647, lte_timing_advance: 2147483647, tdscdma_signal_strength: 99, tdscdma_bit_error_rate: 99, tdscdma_rscp: 255, wcdma_signal_strength: 22, wcdma_bit_error_rate: 99, wcdma_scdma_rscp: 52, wcdma_ecno: 35, ssRsrp: 2147483647, ssRsrq: 2147483647, ssSinr: 2147483647, csiRsrp: 2147483647, csiRsrq: 2147483647, csiSinr: 2147483647
06-13 12:17:04.689732  1423  1472 I AT      : [0] AT< +ECSQ: 53,40,1,-269,-18,1,1,4,32767,1 (RIL_URC_READER, tid:487597673712)
06-13 12:17:04.691479  1423  1473 D RmcNwHdlr: [0] requestSignalStrength:sigRegisted[0000], sigUpdated[0X04]
06-13 12:17:04.691615  1423  1473 D RmcNwHdlr: [0] handleSignalStrength, gsm_signal_strength: 99, gsm_bit_error_rate: 99, gsm_timing_advance: 2147483647, cdma_dbm: 2147483647, cdma_ecio: 2147483647, evdo_dbm: 2147483647, evdo_ecio: 2147483647, evdo_snr: 2147483647, lte_signal_strength: 99, lte_rsrp: 2147483647, lte_rsrq: 2147483647, lte_rssnr: 2147483647, lte_cqi: 2147483647, lte_timing_advance: 2147483647, tdscdma_signal_strength: 99, tdscdma_bit_error_rate: 99, tdscdma_rscp: 255, wcdma_signal_strength: 22, wcdma_bit_error_rate: 99, wcdma_scdma_rscp: 53, wcdma_ecno: 40, ssRsrp: 2147483647, ssRsrq: 2147483647, ssSinr: 2147483647, csiRsrp: 2147483647, csiRsrq: 2147483647, csiSinr: 2147483647
06-13 12:17:06.752250  1423  1529 I RilClient: initialize: commandFd is 93
06-13 12:17:06.752846  1423  1529 I RilClient: start listen on fd: 30, socket name: rild-oem
06-13 12:17:06.754202  1423  1478 I RmcOemHandler: requestQueryThermal Enter: -1
06-13 12:17:06.754365  1423  1478 I AT      : [0] AT> AT+ETHERMAL (RIL_CMD_READER_1 tid:487591455984)
06-13 12:17:06.763818  1423  1477 I AT      : [0] AT< +ETHERMAL: 2, 32767, -127, 111, 32767, 4046 (RIL_CMD_READER_1, tid:487592492272)
06-13 12:17:06.763942  1423  1477 I AT      : [0] AT< OK (RIL_CMD_READER_1, tid:487592492272)
06-13 12:17:06.764243  1423  1478 I RmcOemHandler: requestQueryThermal success
06-13 12:17:09.810758  1423  1472 I AT      : [0] AT< +ECSQ: 52,37,1,-275,-23,1,1,4,32767,1 (RIL_URC_READER, tid:487597673712)
06-13 12:17:09.812572  1423  1473 D RmcNwHdlr: [0] requestSignalStrength:sigRegisted[0000], sigUpdated[0X04]
06-13 12:17:09.812709  1423  1473 D RmcNwHdlr: [0] handleSignalStrength, gsm_signal_strength: 99, gsm_bit_error_rate: 99, gsm_timing_advance: 2147483647, cdma_dbm: 2147483647, cdma_ecio: 2147483647, evdo_dbm: 2147483647, evdo_ecio: 2147483647, evdo_snr: 2147483647, lte_signal_strength: 99, lte_rsrp: 2147483647, lte_rsrq: 2147483647, lte_rssnr: 2147483647, lte_cqi: 2147483647, lte_timing_advance: 2147483647, tdscdma_signal_strength: 99, tdscdma_bit_error_rate: 99, tdscdma_rscp: 255, wcdma_signal_strength: 22, wcdma_bit_error_rate: 99, wcdma_scdma_rscp: 52, wcdma_ecno: 37, ssRsrp: 2147483647, ssRsrq: 2147483647, ssSinr: 2147483647, csiRsrp: 2147483647, csiRsrq: 2147483647, csiSinr: 2147483647
06-13 12:17:14.932024  1423  1472 I AT      : [0] AT< +ECSQ: 51,35,1,-277,-28,1,1,4,32767,1 (RIL_URC_READER, tid:487597673712)
06-13 12:17:14.933680  1423  1473 D RmcNwHdlr: [0] requestSignalStrength:sigRegisted[0000], sigUpdated[0X04]
06-13 12:17:14.933818  1423  1473 D RmcNwHdlr: [0] handleSignalStrength, gsm_signal_strength: 99, gsm_bit_error_rate: 99, gsm_timing_advance: 2147483647, cdma_dbm: 2147483647, cdma_ecio: 2147483647, evdo_dbm: 2147483647, evdo_ecio: 2147483647, evdo_snr: 2147483647, lte_signal_strength: 99, lte_rsrp: 2147483647, lte_rsrq: 2147483647, lte_rssnr: 2147483647, lte_cqi: 2147483647, lte_timing_advance: 2147483647, tdscdma_signal_strength: 99, tdscdma_bit_error_rate: 99, tdscdma_rscp: 255, wcdma_signal_strength: 21, wcdma_bit_error_rate: 99, wcdma_scdma_rscp: 51, wcdma_ecno: 35, ssRsrp: 2147483647, ssRsrq: 2147483647, ssSinr: 2147483647, csiRsrp: 2147483647, csiRsrq: 2147483647, csiSinr: 2147483647
06-13 12:17:16.771855  1423  1529 I RilClient: initialize: commandFd is 96
06-13 12:17:16.772408  1423  1529 I RilClient: start listen on fd: 30, socket name: rild-oem
06-13 12:17:16.773722  1423  1478 I RmcOemHandler: requestQueryThermal Enter: -1
06-13 12:17:16.773888  1423  1478 I AT      : [0] AT> AT+ETHERMAL (RIL_CMD_READER_1 tid:487591455984)
06-13 12:17:16.783393  1423  1477 I AT      : [0] AT< +ETHERMAL: 2, 32767, -127, 111, 32767, 4046 (RIL_CMD_READER_1, tid:487592492272)
06-13 12:17:16.783518  1423  1477 I AT      : [0] AT< OK (RIL_CMD_READER_1, tid:487592492272)
06-13 12:17:16.783834  1423  1478 I RmcOemHandler: requestQueryThermal success
06-13 12:17:20.053064  1423  1472 I AT      : [0] AT< +ECSQ: 52,37,1,-274,-24,1,1,4,32767,1 (RIL_URC_READER, tid:487597673712)
06-13 12:17:20.054758  1423  1473 D RmcNwHdlr: [0] requestSignalStrength:sigRegisted[0000], sigUpdated[0X04]
06-13 12:17:20.054895  1423  1473 D RmcNwHdlr: [0] handleSignalStrength, gsm_signal_strength: 99, gsm_bit_error_rate: 99, gsm_timing_advance: 2147483647, cdma_dbm: 2147483647, cdma_ecio: 2147483647, evdo_dbm: 2147483647, evdo_ecio: 2147483647, evdo_snr: 2147483647, lte_signal_strength: 99, lte_rsrp: 2147483647, lte_rsrq: 2147483647, lte_rssnr: 2147483647, lte_cqi: 2147483647, lte_timing_advance: 2147483647, tdscdma_signal_strength: 99, tdscdma_bit_error_rate: 99, tdscdma_rscp: 255, wcdma_signal_strength: 22, wcdma_bit_error_rate: 99, wcdma_scdma_rscp: 52, wcdma_ecno: 37, ssRsrp: 2147483647, ssRsrq: 2147483647, ssSinr: 2147483647, csiRsrp: 2147483647, csiRsrq: 2147483647, csiSinr: 2147483647
06-13 12:17:25.191678  1423  1472 I AT      : [0] AT< +ECSQ: 52,34,1,-275,-30,1,1,4,32767,1 (RIL_URC_READER, tid:487597673712)
06-13 12:17:25.193212  1423  1473 D RmcNwHdlr: [0] requestSignalStrength:sigRegisted[0000], sigUpdated[0X04]
06-13 12:17:25.193350  1423  1473 D RmcNwHdlr: [0] handleSignalStrength, gsm_signal_strength: 99, gsm_bit_error_rate: 99, gsm_timing_advance: 2147483647, cdma_dbm: 2147483647, cdma_ecio: 2147483647, evdo_dbm: 2147483647, evdo_ecio: 2147483647, evdo_snr: 2147483647, lte_signal_strength: 99, lte_rsrp: 2147483647, lte_rsrq: 2147483647, lte_rssnr: 2147483647, lte_cqi: 2147483647, lte_timing_advance: 2147483647, tdscdma_signal_strength: 99, tdscdma_bit_error_rate: 99, tdscdma_rscp: 255, wcdma_signal_strength: 22, wcdma_bit_error_rate: 99, wcdma_scdma_rscp: 52, wcdma_ecno: 34, ssRsrp: 2147483647, ssRsrq: 2147483647, ssSinr: 2147483647, csiRsrp: 2147483647, csiRsrq: 2147483647, csiSinr: 2147483647
06-13 12:17:26.791201  1423  1529 I RilClient: initialize: commandFd is 93
06-13 12:17:26.791926  1423  1529 I RilClient: start listen on fd: 30, socket name: rild-oem
06-13 12:17:26.793249  1423  1478 I RmcOemHandler: requestQueryThermal Enter: -1
06-13 12:17:26.793411  1423  1478 I AT      : [0] AT> AT+ETHERMAL (RIL_CMD_READER_1 tid:487591455984)
06-13 12:17:26.802917  1423  1477 I AT      : [0] AT< +ETHERMAL: 2, 32767, -127, 111, 32767, 4046 (RIL_CMD_READER_1, tid:487592492272)
06-13 12:17:26.803042  1423  1477 I AT      : [0] AT< OK (RIL_CMD_READER_1, tid:487592492272)
06-13 12:17:26.803388  1423  1478 I RmcOemHandler: requestQueryThermal success
06-13 12:17:30.286348  1423  1472 I AT      : [0] AT< +ECSQ: 53,39,1,-272,-19,1,1,4,32767,1 (RIL_URC_READER, tid:487597673712)
06-13 12:17:30.287928  1423  1473 D RmcNwHdlr: [0] requestSignalStrength:sigRegisted[0000], sigUpdated[0X04]
06-13 12:17:30.288063  1423  1473 D RmcNwHdlr: [0] handleSignalStrength, gsm_signal_strength: 99, gsm_bit_error_rate: 99, gsm_timing_advance: 2147483647, cdma_dbm: 2147483647, cdma_ecio: 2147483647, evdo_dbm: 2147483647, evdo_ecio: 2147483647, evdo_snr: 2147483647, lte_signal_strength: 99, lte_rsrp: 2147483647, lte_rsrq: 2147483647, lte_rssnr: 2147483647, lte_cqi: 2147483647, lte_timing_advance: 2147483647, tdscdma_signal_strength: 99, tdscdma_bit_error_rate: 99, tdscdma_rscp: 255, wcdma_signal_strength: 22, wcdma_bit_error_rate: 99, wcdma_scdma_rscp: 53, wcdma_ecno: 39, ssRsrp: 2147483647, ssRsrq: 2147483647, ssSinr: 2147483647, csiRsrp: 2147483647, csiRsrq: 2147483647, csiSinr: 2147483647
06-13 12:17:35.407094  1423  1472 I AT      : [0] AT< +ECSQ: 51,37,1,-279,-24,1,1,4,32767,1 (RIL_URC_READER, tid:487597673712)
06-13 12:17:35.408834  1423  1473 D RmcNwHdlr: [0] requestSignalStrength:sigRegisted[0000], sigUpdated[0X04]
06-13 12:17:35.408973  1423  1473 D RmcNwHdlr: [0] handleSignalStrength, gsm_signal_strength: 99, gsm_bit_error_rate: 99, gsm_timing_advance: 2147483647, cdma_dbm: 2147483647, cdma_ecio: 2147483647, evdo_dbm: 2147483647, evdo_ecio: 2147483647, evdo_snr: 2147483647, lte_signal_strength: 99, lte_rsrp: 2147483647, lte_rsrq: 2147483647, lte_rssnr: 2147483647, lte_cqi: 2147483647, lte_timing_advance: 2147483647, tdscdma_signal_strength: 99, tdscdma_bit_error_rate: 99, tdscdma_rscp: 255, wcdma_signal_strength: 21, wcdma_bit_error_rate: 99, wcdma_scdma_rscp: 51, wcdma_ecno: 37, ssRsrp: 2147483647, ssRsrq: 2147483647, ssSinr: 2147483647, csiRsrp: 2147483647, csiRsrq: 2147483647, csiSinr: 2147483647
06-13 12:17:36.810977  1423  1529 I RilClient: initialize: commandFd is 96
06-13 12:17:36.811809  1423  1529 I RilClient: start listen on fd: 30, socket name: rild-oem
06-13 12:17:36.813170  1423  1478 I RmcOemHandler: requestQueryThermal Enter: -1
06-13 12:17:36.813333  1423  1478 I AT      : [0] AT> AT+ETHERMAL (RIL_CMD_READER_1 tid:487591455984)
06-13 12:17:36.822753  1423  1477 I AT      : [0] AT< +ETHERMAL: 2, 32767, -127, 111, 32767, 4046 (RIL_CMD_READER_1, tid:487592492272)
06-13 12:17:36.822877  1423  1477 I AT      : [0] AT< OK (RIL_CMD_READER_1, tid:487592492272)
06-13 12:17:36.823180  1423  1478 I RmcOemHandler: requestQueryThermal success
06-13 12:17:40.528002  1423  1472 I AT      : [0] AT< +ECSQ: 52,41,1,-276,-16,1,1,4,32767,1 (RIL_URC_READER, tid:487597673712)
06-13 12:17:40.529489  1423  1473 D RmcNwHdlr: [0] requestSignalStrength:sigRegisted[0000], sigUpdated[0X04]
06-13 12:17:40.529624  1423  1473 D RmcNwHdlr: [0] handleSignalStrength, gsm_signal_strength: 99, gsm_bit_error_rate: 99, gsm_timing_advance: 2147483647, cdma_dbm: 2147483647, cdma_ecio: 2147483647, evdo_dbm: 2147483647, evdo_ecio: 2147483647, evdo_snr: 2147483647, lte_signal_strength: 99, lte_rsrp: 2147483647, lte_rsrq: 2147483647, lte_rssnr: 2147483647, lte_cqi: 2147483647, lte_timing_advance: 2147483647, tdscdma_signal_strength: 99, tdscdma_bit_error_rate: 99, tdscdma_rscp: 255, wcdma_signal_strength: 22, wcdma_bit_error_rate: 99, wcdma_scdma_rscp: 52, wcdma_ecno: 41, ssRsrp: 2147483647, ssRsrq: 2147483647, ssSinr: 2147483647, csiRsrp: 2147483647, csiRsrq: 2147483647, csiSinr: 2147483647
06-13 12:17:45.649641  1423  1472 I AT      : [0] AT< +ECSQ: 51,37,1,-280,-23,1,1,4,32767,1 (RIL_URC_READER, tid:487597673712)
06-13 12:17:45.651401  1423  1473 D RmcNwHdlr: [0] requestSignalStrength:sigRegisted[0000], sigUpdated[0X04]
06-13 12:17:45.651542  1423  1473 D RmcNwHdlr: [0] handleSignalStrength, gsm_signal_strength: 99, gsm_bit_error_rate: 99, gsm_timing_advance: 2147483647, cdma_dbm: 2147483647, cdma_ecio: 2147483647, evdo_dbm: 2147483647, evdo_ecio: 2147483647, evdo_snr: 2147483647, lte_signal_strength: 99, lte_rsrp: 2147483647, lte_rsrq: 2147483647, lte_rssnr: 2147483647, lte_cqi: 2147483647, lte_timing_advance: 2147483647, tdscdma_signal_strength: 99, tdscdma_bit_error_rate: 99, tdscdma_rscp: 255, wcdma_signal_strength: 21, wcdma_bit_error_rate: 99, wcdma_scdma_rscp: 51, wcdma_ecno: 37, ssRsrp: 2147483647, ssRsrq: 2147483647, ssSinr: 2147483647, csiRsrp: 2147483647, csiRsrq: 2147483647, csiSinr: 2147483647
06-13 12:17:46.830765  1423  1529 I RilClient: initialize: commandFd is 93
06-13 12:17:46.831594  1423  1529 I RilClient: start listen on fd: 30, socket name: rild-oem
06-13 12:17:46.832859  1423  1478 I RmcOemHandler: requestQueryThermal Enter: -1
06-13 12:17:46.833022  1423  1478 I AT      : [0] AT> AT+ETHERMAL (RIL_CMD_READER_1 tid:487591455984)
06-13 12:17:46.842398  1423  1477 I AT      : [0] AT< +ETHERMAL: 2, 32767, -127, 111, 32767, 4046 (RIL_CMD_READER_1, tid:487592492272)
06-13 12:17:46.842520  1423  1477 I AT      : [0] AT< OK (RIL_CMD_READER_1, tid:487592492272)
06-13 12:17:46.842819  1423  1478 I RmcOemHandler: requestQueryThermal success
06-13 12:17:50.771001  1423  1472 I AT      : [0] AT< +ECSQ: 50,35,1,-282,-28,1,1,4,32767,1 (RIL_URC_READER, tid:487597673712)
06-13 12:17:50.772621  1423  1473 D RmcNwHdlr: [0] requestSignalStrength:sigRegisted[0000], sigUpdated[0X04]
06-13 12:17:50.772757  1423  1473 D RmcNwHdlr: [0] handleSignalStrength, gsm_signal_strength: 99, gsm_bit_error_rate: 99, gsm_timing_advance: 2147483647, cdma_dbm: 2147483647, cdma_ecio: 2147483647, evdo_dbm: 2147483647, evdo_ecio: 2147483647, evdo_snr: 2147483647, lte_signal_strength: 99, lte_rsrp: 2147483647, lte_rsrq: 2147483647, lte_rssnr: 2147483647, lte_cqi: 2147483647, lte_timing_advance: 2147483647, tdscdma_signal_strength: 99, tdscdma_bit_error_rate: 99, tdscdma_rscp: 255, wcdma_signal_strength: 21, wcdma_bit_error_rate: 99, wcdma_scdma_rscp: 50, wcdma_ecno: 35, ssRsrp: 2147483647, ssRsrq: 2147483647, ssSinr: 2147483647, csiRsrp: 2147483647, csiRsrq: 2147483647, csiSinr: 2147483647
06-13 12:17:55.892023  1423  1472 I AT      : [0] AT< +ECSQ: 51,35,1,-280,-27,1,1,4,32767,1 (RIL_URC_READER, tid:487597673712)
06-13 12:17:55.893683  1423  1473 D RmcNwHdlr: [0] requestSignalStrength:sigRegisted[0000], sigUpdated[0X04]
06-13 12:17:55.893821  1423  1473 D RmcNwHdlr: [0] handleSignalStrength, gsm_signal_strength: 99, gsm_bit_error_rate: 99, gsm_timing_advance: 2147483647, cdma_dbm: 2147483647, cdma_ecio: 2147483647, evdo_dbm: 2147483647, evdo_ecio: 2147483647, evdo_snr: 2147483647, lte_signal_strength: 99, lte_rsrp: 2147483647, lte_rsrq: 2147483647, lte_rssnr: 2147483647, lte_cqi: 2147483647, lte_timing_advance: 2147483647, tdscdma_signal_strength: 99, tdscdma_bit_error_rate: 99, tdscdma_rscp: 255, wcdma_signal_strength: 21, wcdma_bit_error_rate: 99, wcdma_scdma_rscp: 51, wcdma_ecno: 35, ssRsrp: 2147483647, ssRsrq: 2147483647, ssSinr: 2147483647, csiRsrp: 2147483647, csiRsrq: 2147483647, csiSinr: 2147483647
06-13 12:17:56.850541  1423  1529 I RilClient: initialize: commandFd is 96
06-13 12:17:56.851135  1423  1529 I RilClient: start listen on fd: 30, socket name: rild-oem
06-13 12:17:56.852594  1423  1478 I RmcOemHandler: requestQueryThermal Enter: -1
06-13 12:17:56.852758  1423  1478 I AT      : [0] AT> AT+ETHERMAL (RIL_CMD_READER_1 tid:487591455984)
06-13 12:17:56.862242  1423  1477 I AT      : [0] AT< +ETHERMAL: 2, 32767, -127, 111, 32767, 4046 (RIL_CMD_READER_1, tid:487592492272)
06-13 12:17:56.862367  1423  1477 I AT      : [0] AT< OK (RIL_CMD_READER_1, tid:487592492272)
06-13 12:17:56.862669  1423  1478 I RmcOemHandler: requestQueryThermal success
06-13 12:18:01.013149  1423  1472 I AT      : [0] AT< +ECSQ: 50,37,1,-281,-23,1,1,4,32767,1 (RIL_URC_READER, tid:487597673712)
06-13 12:18:01.014820  1423  1473 D RmcNwHdlr: [0] requestSignalStrength:sigRegisted[0000], sigUpdated[0X04]
06-13 12:18:01.014960  1423  1473 D RmcNwHdlr: [0] handleSignalStrength, gsm_signal_strength: 99, gsm_bit_error_rate: 99, gsm_timing_advance: 2147483647, cdma_dbm: 2147483647, cdma_ecio: 2147483647, evdo_dbm: 2147483647, evdo_ecio: 2147483647, evdo_snr: 2147483647, lte_signal_strength: 99, lte_rsrp: 2147483647, lte_rsrq: 2147483647, lte_rssnr: 2147483647, lte_cqi: 2147483647, lte_timing_advance: 2147483647, tdscdma_signal_strength: 99, tdscdma_bit_error_rate: 99, tdscdma_rscp: 255, wcdma_signal_strength: 21, wcdma_bit_error_rate: 99, wcdma_scdma_rscp: 50, wcdma_ecno: 37, ssRsrp: 2147483647, ssRsrq: 2147483647, ssSinr: 2147483647, csiRsrp: 2147483647, csiRsrq: 2147483647, csiSinr: 2147483647
06-13 12:18:06.124767  1423  1472 I AT      : [0] AT< +ECSQ: 52,42,1,-275,-14,1,1,4,32767,1 (RIL_URC_READER, tid:487597673712)
06-13 12:18:06.126288  1423  1473 D RmcNwHdlr: [0] requestSignalStrength:sigRegisted[0000], sigUpdated[0X04]
06-13 12:18:06.126415  1423  1473 D RmcNwHdlr: [0] handleSignalStrength, gsm_signal_strength: 99, gsm_bit_error_rate: 99, gsm_timing_advance: 2147483647, cdma_dbm: 2147483647, cdma_ecio: 2147483647, evdo_dbm: 2147483647, evdo_ecio: 2147483647, evdo_snr: 2147483647, lte_signal_strength: 99, lte_rsrp: 2147483647, lte_rsrq: 2147483647, lte_rssnr: 2147483647, lte_cqi: 2147483647, lte_timing_advance: 2147483647, tdscdma_signal_strength: 99, tdscdma_bit_error_rate: 99, tdscdma_rscp: 255, wcdma_signal_strength: 22, wcdma_bit_error_rate: 99, wcdma_scdma_rscp: 52, wcdma_ecno: 42, ssRsrp: 2147483647, ssRsrq: 2147483647, ssSinr: 2147483647, csiRsrp: 2147483647, csiRsrq: 2147483647, csiSinr: 2147483647
06-13 12:18:06.870388  1423  1529 I RilClient: initialize: commandFd is 93
06-13 12:18:06.870990  1423  1529 I RilClient: start listen on fd: 30, socket name: rild-oem
06-13 12:18:06.872573  1423  1478 I RmcOemHandler: requestQueryThermal Enter: -1
06-13 12:18:06.872734  1423  1478 I AT      : [0] AT> AT+ETHERMAL (RIL_CMD_READER_1 tid:487591455984)
06-13 12:18:06.882107  1423  1477 I AT      : [0] AT< +ETHERMAL: 2, 32767, -127, 111, 32767, 4046 (RIL_CMD_READER_1, tid:487592492272)
06-13 12:18:06.882230  1423  1477 I AT      : [0] AT< OK (RIL_CMD_READER_1, tid:487592492272)
06-13 12:18:06.882528  1423  1478 I RmcOemHandler: requestQueryThermal success
06-13 12:18:11.245701  1423  1472 I AT      : [0] AT< +ECSQ: 52,38,1,-276,-21,1,1,4,32767,1 (RIL_URC_READER, tid:487597673712)
06-13 12:18:11.247376  1423  1473 D RmcNwHdlr: [0] requestSignalStrength:sigRegisted[0000], sigUpdated[0X04]
06-13 12:18:11.247514  1423  1473 D RmcNwHdlr: [0] handleSignalStrength, gsm_signal_strength: 99, gsm_bit_error_rate: 99, gsm_timing_advance: 2147483647, cdma_dbm: 2147483647, cdma_ecio: 2147483647, evdo_dbm: 2147483647, evdo_ecio: 2147483647, evdo_snr: 2147483647, lte_signal_strength: 99, lte_rsrp: 2147483647, lte_rsrq: 2147483647, lte_rssnr: 2147483647, lte_cqi: 2147483647, lte_timing_advance: 2147483647, tdscdma_signal_strength: 99, tdscdma_bit_error_rate: 99, tdscdma_rscp: 255, wcdma_signal_strength: 22, wcdma_bit_error_rate: 99, wcdma_scdma_rscp: 52, wcdma_ecno: 38, ssRsrp: 2147483647, ssRsrq: 2147483647, ssSinr: 2147483647, csiRsrp: 2147483647, csiRsrq: 2147483647, csiSinr: 2147483647
06-13 12:18:16.367012  1423  1472 I AT      : [0] AT< +ECSQ: 52,40,1,-276,-17,1,1,4,32767,1 (RIL_URC_READER, tid:487597673712)
06-13 12:18:16.368691  1423  1473 D RmcNwHdlr: [0] requestSignalStrength:sigRegisted[0000], sigUpdated[0X04]
06-13 12:18:16.368817  1423  1473 D RmcNwHdlr: [0] handleSignalStrength, gsm_signal_strength: 99, gsm_bit_error_rate: 99, gsm_timing_advance: 2147483647, cdma_dbm: 2147483647, cdma_ecio: 2147483647, evdo_dbm: 2147483647, evdo_ecio: 2147483647, evdo_snr: 2147483647, lte_signal_strength: 99, lte_rsrp: 2147483647, lte_rsrq: 2147483647, lte_rssnr: 2147483647, lte_cqi: 2147483647, lte_timing_advance: 2147483647, tdscdma_signal_strength: 99, tdscdma_bit_error_rate: 99, tdscdma_rscp: 255, wcdma_signal_strength: 22, wcdma_bit_error_rate: 99, wcdma_scdma_rscp: 52, wcdma_ecno: 40, ssRsrp: 2147483647, ssRsrq: 2147483647, ssSinr: 2147483647, csiRsrp: 2147483647, csiRsrq: 2147483647, csiSinr: 2147483647
06-13 12:18:16.890328  1423  1529 I RilClient: initialize: commandFd is 96
06-13 12:18:16.890924  1423  1529 I RilClient: start listen on fd: 30, socket name: rild-oem
06-13 12:18:16.892433  1423  1478 I RmcOemHandler: requestQueryThermal Enter: -1
06-13 12:18:16.892596  1423  1478 I AT      : [0] AT> AT+ETHERMAL (RIL_CMD_READER_1 tid:487591455984)
06-13 12:18:16.902050  1423  1477 I AT      : [0] AT< +ETHERMAL: 2, 32767, -127, 111, 32767, 4046 (RIL_CMD_READER_1, tid:487592492272)
06-13 12:18:16.902177  1423  1477 I AT      : [0] AT< OK (RIL_CMD_READER_1, tid:487592492272)
06-13 12:18:16.902478  1423  1478 I RmcOemHandler: requestQueryThermal success
06-13 12:18:21.488219  1423  1472 I AT      : [0] AT< +ECSQ: 52,41,1,-275,-15,1,1,4,32767,1 (RIL_URC_READER, tid:487597673712)
06-13 12:18:21.489728  1423  1473 D RmcNwHdlr: [0] requestSignalStrength:sigRegisted[0000], sigUpdated[0X04]
06-13 12:18:21.489855  1423  1473 D RmcNwHdlr: [0] handleSignalStrength, gsm_signal_strength: 99, gsm_bit_error_rate: 99, gsm_timing_advance: 2147483647, cdma_dbm: 2147483647, cdma_ecio: 2147483647, evdo_dbm: 2147483647, evdo_ecio: 2147483647, evdo_snr: 2147483647, lte_signal_strength: 99, lte_rsrp: 2147483647, lte_rsrq: 2147483647, lte_rssnr: 2147483647, lte_cqi: 2147483647, lte_timing_advance: 2147483647, tdscdma_signal_strength: 99, tdscdma_bit_error_rate: 99, tdscdma_rscp: 255, wcdma_signal_strength: 22, wcdma_bit_error_rate: 99, wcdma_scdma_rscp: 52, wcdma_ecno: 41, ssRsrp: 2147483647, ssRsrq: 2147483647, ssSinr: 2147483647, csiRsrp: 2147483647, csiRsrq: 2147483647, csiSinr: 2147483647
06-13 12:18:26.609662  1423  1472 I AT      : [0] AT< +ECSQ: 52,40,1,-276,-17,1,1,4,32767,1 (RIL_URC_READER, tid:487597673712)
06-13 12:18:26.611178  1423  1473 D RmcNwHdlr: [0] requestSignalStrength:sigRegisted[0000], sigUpdated[0X04]
06-13 12:18:26.611380  1423  1473 D RmcNwHdlr: [0] handleSignalStrength, gsm_signal_strength: 99, gsm_bit_error_rate: 99, gsm_timing_advance: 2147483647, cdma_dbm: 2147483647, cdma_ecio: 2147483647, evdo_dbm: 2147483647, evdo_ecio: 2147483647, evdo_snr: 2147483647, lte_signal_strength: 99, lte_rsrp: 2147483647, lte_rsrq: 2147483647, lte_rssnr: 2147483647, lte_cqi: 2147483647, lte_timing_advance: 2147483647, tdscdma_signal_strength: 99, tdscdma_bit_error_rate: 99, tdscdma_rscp: 255, wcdma_signal_strength: 22, wcdma_bit_error_rate: 99, wcdma_scdma_rscp: 52, wcdma_ecno: 40, ssRsrp: 2147483647, ssRsrq: 2147483647, ssSinr: 2147483647, csiRsrp: 2147483647, csiRsrq: 2147483647, csiSinr: 2147483647
06-13 12:18:26.910362  1423  1529 I RilClient: initialize: commandFd is 93
06-13 12:18:26.910961  1423  1529 I RilClient: start listen on fd: 30, socket name: rild-oem
06-13 12:18:26.912425  1423  1478 I RmcOemHandler: requestQueryThermal Enter: -1
06-13 12:18:26.912587  1423  1478 I AT      : [0] AT> AT+ETHERMAL (RIL_CMD_READER_1 tid:487591455984)
06-13 12:18:26.921994  1423  1477 I AT      : [0] AT< +ETHERMAL: 2, 32767, -127, 111, 32767, 4046 (RIL_CMD_READER_1, tid:487592492272)
06-13 12:18:26.922115  1423  1477 I AT      : [0] AT< OK (RIL_CMD_READER_1, tid:487592492272)
06-13 12:18:26.922417  1423  1478 I RmcOemHandler: requestQueryThermal success
06-13 12:18:31.730634  1423  1472 I AT      : [0] AT< +ECSQ: 51,39,1,-279,-19,1,1,4,32767,1 (RIL_URC_READER, tid:487597673712)
06-13 12:18:31.732243  1423  1473 D RmcNwHdlr: [0] requestSignalStrength:sigRegisted[0000], sigUpdated[0X04]
06-13 12:18:31.732370  1423  1473 D RmcNwHdlr: [0] handleSignalStrength, gsm_signal_strength: 99, gsm_bit_error_rate: 99, gsm_timing_advance: 2147483647, cdma_dbm: 2147483647, cdma_ecio: 2147483647, evdo_dbm: 2147483647, evdo_ecio: 2147483647, evdo_snr: 2147483647, lte_signal_strength: 99, lte_rsrp: 2147483647, lte_rsrq: 2147483647, lte_rssnr: 2147483647, lte_cqi: 2147483647, lte_timing_advance: 2147483647, tdscdma_signal_strength: 99, tdscdma_bit_error_rate: 99, tdscdma_rscp: 255, wcdma_signal_strength: 21, wcdma_bit_error_rate: 99, wcdma_scdma_rscp: 51, wcdma_ecno: 39, ssRsrp: 2147483647, ssRsrq: 2147483647, ssSinr: 2147483647, csiRsrp: 2147483647, csiRsrq: 2147483647, csiSinr: 2147483647
06-13 12:18:36.851902  1423  1472 I AT      : [0] AT< +ECSQ: 50,34,1,-282,-29,1,1,4,32767,1 (RIL_URC_READER, tid:487597673712)
06-13 12:18:36.853398  1423  1473 D RmcNwHdlr: [0] requestSignalStrength:sigRegisted[0000], sigUpdated[0X04]
06-13 12:18:36.853527  1423  1473 D RmcNwHdlr: [0] handleSignalStrength, gsm_signal_strength: 99, gsm_bit_error_rate: 99, gsm_timing_advance: 2147483647, cdma_dbm: 2147483647, cdma_ecio: 2147483647, evdo_dbm: 2147483647, evdo_ecio: 2147483647, evdo_snr: 2147483647, lte_signal_strength: 99, lte_rsrp: 2147483647, lte_rsrq: 2147483647, lte_rssnr: 2147483647, lte_cqi: 2147483647, lte_timing_advance: 2147483647, tdscdma_signal_strength: 99, tdscdma_bit_error_rate: 99, tdscdma_rscp: 255, wcdma_signal_strength: 21, wcdma_bit_error_rate: 99, wcdma_scdma_rscp: 50, wcdma_ecno: 34, ssRsrp: 2147483647, ssRsrq: 2147483647, ssSinr: 2147483647, csiRsrp: 2147483647, csiRsrq: 2147483647, csiSinr: 2147483647
06-13 12:18:36.930096  1423  1529 I RilClient: initialize: commandFd is 96
06-13 12:18:36.930693  1423  1529 I RilClient: start listen on fd: 30, socket name: rild-oem
06-13 12:18:36.932187  1423  1478 I RmcOemHandler: requestQueryThermal Enter: -1
06-13 12:18:36.932349  1423  1478 I AT      : [0] AT> AT+ETHERMAL (RIL_CMD_READER_1 tid:487591455984)
06-13 12:18:36.941794  1423  1477 I AT      : [0] AT< +ETHERMAL: 2, 32767, -127, 111, 32767, 4046 (RIL_CMD_READER_1, tid:487592492272)
06-13 12:18:36.941919  1423  1477 I AT      : [0] AT< OK (RIL_CMD_READER_1, tid:487592492272)
06-13 12:18:36.942141  1423  1478 I RmcOemHandler: requestQueryThermal success
06-13 12:18:41.973155  1423  1472 I AT      : [0] AT< +ECSQ: 51,36,1,-277,-25,1,1,4,32767,1 (RIL_URC_READER, tid:487597673712)
06-13 12:18:41.974648  1423  1473 D RmcNwHdlr: [0] requestSignalStrength:sigRegisted[0000], sigUpdated[0X04]
06-13 12:18:41.974773  1423  1473 D RmcNwHdlr: [0] handleSignalStrength, gsm_signal_strength: 99, gsm_bit_error_rate: 99, gsm_timing_advance: 2147483647, cdma_dbm: 2147483647, cdma_ecio: 2147483647, evdo_dbm: 2147483647, evdo_ecio: 2147483647, evdo_snr: 2147483647, lte_signal_strength: 99, lte_rsrp: 2147483647, lte_rsrq: 2147483647, lte_rssnr: 2147483647, lte_cqi: 2147483647, lte_timing_advance: 2147483647, tdscdma_signal_strength: 99, tdscdma_bit_error_rate: 99, tdscdma_rscp: 255, wcdma_signal_strength: 21, wcdma_bit_error_rate: 99, wcdma_scdma_rscp: 51, wcdma_ecno: 36, ssRsrp: 2147483647, ssRsrq: 2147483647, ssSinr: 2147483647, csiRsrp: 2147483647, csiRsrq: 2147483647, csiSinr: 2147483647
06-13 12:18:46.949730  1423  1529 I RilClient: initialize: commandFd is 93
06-13 12:18:46.950338  1423  1529 I RilClient: start listen on fd: 30, socket name: rild-oem
06-13 12:18:46.951886  1423  1478 I RmcOemHandler: requestQueryThermal Enter: -1
06-13 12:18:46.952049  1423  1478 I AT      : [0] AT> AT+ETHERMAL (RIL_CMD_READER_1 tid:487591455984)
06-13 12:18:46.961501  1423  1477 I AT      : [0] AT< +ETHERMAL: 2, 32767, -127, 111, 32767, 4046 (RIL_CMD_READER_1, tid:487592492272)
