06-13 11:59:23.524224  1449  1484 I am_pss  : [23557,10149,com.google.android.youtube,356395008,332316672,654336,516628480,2,19,28]
06-13 11:59:23.531387  1449  1484 I am_pss  : [29739,10122,com.google.process.gservices,10289152,7176192,791552,80596992,2,19,6]
06-13 11:59:23.539754  1449  1484 I am_pss  : [29711,10125,com.google.android.apps.wellbeing,35627008,32182272,787456,107913216,2,19,7]
06-13 11:59:23.546948  1449  1484 I am_pss  : [29691,10042,android.process.media,10938368,7720960,791552,81760256,2,19,6]
06-13 11:59:23.562942  1449  1484 I am_pss  : [2574,10122,com.google.android.gms,124684288,92782592,5816320,243064832,2,19,15]
06-13 11:59:23.580360  1449  1484 I am_pss  : [29385,10122,com.google.android.gms.unstable,78349312,44974080,732160,240603136,2,19,16]
06-13 11:59:23.588059  1449  1484 I am_pss  : [2686,10113,com.google.android.as,30209024,24268800,3213312,97169408,2,5,7]
06-13 11:59:23.595840  1449  1484 I am_pss  : [28980,1000,com.pri.factorytest,16664576,12992512,782336,91242496,2,19,7]
06-13 11:59:23.604242  1449  1484 I am_pss  : [2677,10195,com.google.android.providers.media.module,44350464,39096320,2459648,113381376,2,0,7]
06-13 11:59:23.612016  1449  1484 I am_pss  : [28838,10039,android.process.acore,16182272,12115968,749568,94769152,2,19,6]
06-13 11:59:23.622708  1449  1484 I am_pss  : [2486,10156,com.google.android.inputmethod.latin,69474304,46592000,18911232,129900544,2,7,9]
06-13 11:59:23.630245  1449  1484 I am_pss  : [2773,10130,com.google.android.apps.messaging:rcs,49431552,37261312,10257408,105226240,2,5,6]
06-13 11:59:23.636368  1449  1484 I am_pss  : [2006,10205,com.google.android.ext.services,10203136,6029312,2401280,68603904,2,5,6]
06-13 11:59:23.648315  1449  1484 I am_pss  : [9494,10229,io.appium.settings,39921664,31830016,580608,133718016,2,4,10]
06-13 11:59:23.656689  1449  1484 I am_pss  : [4457,1000,com.pri.charginganimation:remote,5686272,1904640,2321408,59596800,2,0,7]
06-13 11:59:23.662491  1449  1484 I am_pss  : [4402,1000,com.pri.charginganimation,5483520,1679360,2354176,59502592,2,0,5]
06-13 11:59:23.668651  1449  1484 I am_pss  : [2894,1000,com.pri.cloudlist,8859648,4952064,1754112,74596352,2,0,5]
06-13 11:59:23.674337  1449  1484 I am_pss  : [2826,1000,com.mediatek.voicecommand,5520384,1785856,2294784,58961920,2,0,4]
06-13 11:59:23.680817  1449  1484 I am_pss  : [2812,1027,com.android.nfc,14465024,10518528,2275328,73408512,2,0,5]
06-13 11:59:23.686333  1449  1484 I am_pss  : [2837,1000,com.pri.permissioncontroller,5363712,1597440,2359296,58183680,2,0,4]
06-13 11:59:23.692231  1449  1484 I am_pss  : [2803,1000,com.pri.screenoff.killer,8925184,5279744,1904640,67391488,2,0,5]
06-13 11:59:23.700632  1449  1484 I am_pss  : [1973,1001,com.android.phone,34938880,26972160,4675584,105467904,2,0,7]
06-13 11:59:23.706664  1449  1484 I am_pss  : [1945,1068,com.android.se,5616640,1908736,2274304,59416576,2,0,4]
06-13 11:59:23.712318  1449  1484 I am_pss  : [1944,1001,com.mediatek.smartratswitch,6017024,2183168,2320384,61808640,2,0,4]
06-13 11:59:23.720911  1449  1484 I am_pss  : [1939,10180,com.mediatek.camera,6528000,1843200,3052544,63803392,2,0,7]
06-13 11:59:23.727489  1449  1484 I am_pss  : [1893,1001,com.mediatek.ims,9438208,4644864,2996224,67624960,2,0,6]
06-13 11:59:23.735307  1449  1484 I am_pss  : [1802,1073,com.android.networkstack.process,33768448,28475392,2977792,99749888,2,0,7]
06-13 11:59:23.748656  1449  1484 I am_pss  : [1692,10173,com.android.systemui,112761856,93749248,10286080,207634432,2,0,12]
06-13 11:59:23.770458  1449  1484 I am_pss  : [1449,1000,system,218753024,189423616,13727744,329932800,2,0,20]
06-13 12:00:00.034870  1449  1486 I am_proc_start: [0,29790,1000,com.android.settings,broadcast,{com.android.settings/com.android.settings.fuelgauge.batteryusage.PeriodicJobReceiver}]
06-13 12:00:00.055000 29790 29790 I auditd  : type=1400 audit(0.0:1089): avc:  denied  { read } for  comm="main" name="u:object_r:vendor_prize_fp_prop:s0" dev="tmpfs" ino=8979 scontext=u:r:system_app:s0 tcontext=u:object_r:vendor_prize_fp_prop:s0 tclass=file permissive=0
06-13 12:00:00.072236  1449  1922 I am_proc_bound: [0,29790,com.android.settings]
06-13 12:00:00.185123  1449  1538 I am_kill : [0,28838,android.process.acore,995,empty #11]
06-13 12:00:00.209686  1449  2806 I am_proc_died: [0,28838,android.process.acore,995,19]
06-13 12:00:00.210378  1449  2806 I am_kill : [0,20107,com.google.android.dialer,300,depends on provider com.android.providers.contacts/.ContactsProvider2 in dying proc android.process.acore (adj -10000)]
06-13 12:00:00.212507  1449  2806 I am_uid_stopped: 10039
06-13 12:00:00.283668  1449  2969 I am_proc_died: [0,20107,com.google.android.dialer,300,16]
06-13 12:00:00.284542  1449  2969 I am_uid_stopped: 10118
06-13 12:00:01.190635   497   497 I killinfo: [28980,1000,995,0,86856,1,354404,2929632,19176,5208,20428,5148,3214484,2844032,806024,364396,1895340,1019528,77680,173936,44512,71512,0,0,10236,0,44,0,0,28600,0,0,3,0.000000,0.000000,0.000000,0.000000,0.180000]
06-13 12:00:01.224121  1449  3260 I am_proc_died: [0,28980,com.pri.factorytest,995,19]
06-13 12:00:07.019477  1449 21692 I commit_sys_config_file: [appops_accesses,7253122]
06-13 12:03:24.807121  1449  1547 I am_uid_running: 10115
06-13 12:03:24.835795  1449  1486 I am_proc_start: [0,29831,10115,com.google.android.as.oss,service,{com.google.android.as.oss/com.google.android.gms.learning.internal.training.InAppJobService}]
06-13 12:03:24.847000 29831 29831 I auditd  : type=1400 audit(0.0:1090): avc:  denied  { read } for  comm="main" name="u:object_r:vendor_prize_fp_prop:s0" dev="tmpfs" ino=8979 scontext=u:r:priv_app:s0:c512,c768 tcontext=u:object_r:vendor_prize_fp_prop:s0 tclass=file permissive=0 app=com.google.android.as.oss
06-13 12:03:24.862448  1449  3282 I am_proc_bound: [0,29831,com.google.android.as.oss]
06-13 12:03:24.980686  1449  1486 I am_proc_start: [0,29854,10115,com.google.android.as.oss:learning_bg,service,{com.google.android.as.oss/com.google.android.gms.learning.internal.training.InAppTrainingService}]
06-13 12:03:24.991000 29854 29854 I auditd  : type=1400 audit(0.0:1091): avc:  denied  { read } for  comm="main" name="u:object_r:vendor_prize_fp_prop:s0" dev="tmpfs" ino=8979 scontext=u:r:priv_app:s0:c512,c768 tcontext=u:object_r:vendor_prize_fp_prop:s0 tclass=file permissive=0 app=com.google.android.as.oss
06-13 12:03:25.007451  1449  3282 I am_proc_bound: [0,29854,com.google.android.as.oss:learning_bg]
06-13 12:03:29.504909  1449  1473 I commit_sys_config_file: [jobs,8]
06-13 12:03:39.211129  1449  3282 I am_kill : [0,29385,com.google.android.gms.unstable,935,empty #11]
06-13 12:03:39.278091  1449  1918 I am_proc_died: [0,29385,com.google.android.gms.unstable,935,19]
06-13 12:03:39.304060  1449  1484 I am_pss  : [29790,1000,com.android.settings,41121792,36864000,766976,119537664,0,19,18]
06-13 12:03:39.316066  1449  1484 I am_pss  : [29739,10122,com.google.process.gservices,10408960,7176192,808960,80596992,0,19,10]
06-13 12:03:39.328245  1449  1484 I am_pss  : [29691,10042,android.process.media,11089920,7729152,807936,81760256,0,19,10]
06-13 12:07:55.584118  2230 29905 I c2dm    : [0,,7,7]
06-13 12:07:55.593661  1449  1547 I am_uid_running: 10120
06-13 12:07:55.604440  1449  1547 I am_uid_running: 10047
06-13 12:07:55.607294  1449  1588 I netstats_mobile_sample: [0,0,0,0,0,0,0,0,1749805676617]
06-13 12:07:55.610692  1449  1588 I netstats_wifi_sample: [80845952,4427193,81695,17222,80217800,4370099,74475,16502,1749805676617]
06-13 12:07:55.620327  1449  1486 I am_proc_start: [0,29919,10120,com.google.android.partnersetup,service,{com.google.android.partnersetup/com.google.android.partnersetup.InstalledAppJobService}]
06-13 12:07:55.638941  1449  1486 I am_proc_start: [0,29922,10047,com.google.android.apps.turbo:aab,service,{com.google.android.apps.turbo/com.google.android.libraries.smartbattery.appusage.library.InferAppBucketsJob}]
06-13 12:07:55.639000 29919 29919 I auditd  : type=1400 audit(0.0:1092): avc:  denied  { read } for  comm="main" name="u:object_r:vendor_prize_fp_prop:s0" dev="tmpfs" ino=8979 scontext=u:r:priv_app:s0:c512,c768 tcontext=u:object_r:vendor_prize_fp_prop:s0 tclass=file permissive=0 app=com.google.android.partnersetup
06-13 12:07:55.647000 29922 29922 I auditd  : type=1400 audit(0.0:1093): avc:  denied  { read } for  comm="main" name="u:object_r:vendor_prize_fp_prop:s0" dev="tmpfs" ino=8979 scontext=u:r:priv_app:s0:c512,c768 tcontext=u:object_r:vendor_prize_fp_prop:s0 tclass=file permissive=0 app=com.google.android.apps.turbo
06-13 12:07:55.656797  1449  1930 I am_proc_bound: [0,29919,com.google.android.partnersetup]
06-13 12:07:55.667682  1449  1805 I am_proc_bound: [0,29922,com.google.android.apps.turbo:aab]
06-13 12:07:55.788423  1449  1930 I am_kill : [0,29691,android.process.media,985,empty #11]
06-13 12:07:55.810019  1449  1538 I am_proc_died: [0,29691,android.process.media,985,19]
06-13 12:07:55.810554  1449  1538 I am_uid_stopped: 10042
06-13 12:07:55.827135  1449  1484 I am_pss  : [29790,1000,com.android.settings,41042944,36864000,747520,119537664,0,19,9]
06-13 12:07:55.960864  1449  1805 I am_kill : [0,29711,com.google.android.apps.wellbeing,955,empty #11]
06-13 12:07:55.992288  1449  1665 I am_proc_died: [0,29711,com.google.android.apps.wellbeing,955,19]
06-13 12:07:55.993836  1449  1665 I am_schedule_service_restart: [0,com.google.android.apps.wellbeing/.screen.ui.GrayscaleTileService,1000]
06-13 12:07:55.994067  1449  1665 I am_uid_stopped: 10125
06-13 12:07:56.178477  1449  1486 I am_proc_start: [0,29981,10122,com.google.process.gapps,content provider,{com.google.android.gsf/com.google.android.gsf.settings.GoogleSettingsProvider}]
06-13 12:07:56.195000 29981 29981 I auditd  : type=1400 audit(0.0:1094): avc:  denied  { read } for  comm="main" name="u:object_r:vendor_prize_fp_prop:s0" dev="tmpfs" ino=8979 scontext=u:r:priv_app:s0:c512,c768 tcontext=u:object_r:vendor_prize_fp_prop:s0 tclass=file permissive=0 app=com.google.android.gms
06-13 12:07:56.213620  1449  1805 I am_proc_bound: [0,29981,com.google.process.gapps]
06-13 12:07:56.272500   498   498 I auditd  : avc:  denied  { find } for pid=29981 uid=10122 name=vendor.mediatek.hardware.mbrain.IMBrain/default scontext=u:r:priv_app:s0:c512,c768 tcontext=u:object_r:default_android_service:s0 tclass=service_manager permissive=0
06-13 12:07:56.366623  1449  1485 I am_uid_running: 10152
06-13 12:07:56.380172  1449  1486 I am_proc_start: [0,30001,10152,com.android.chrome,broadcast,{com.android.chrome/com.google.android.apps.chrome.rlz.RevenueStatsConfigurationUpdateReceiver}]
06-13 12:07:56.387000 30001 30001 I auditd  : type=1400 audit(0.0:1095): avc:  denied  { read } for  comm="main" name="u:object_r:vendor_prize_fp_prop:s0" dev="tmpfs" ino=8979 scontext=u:r:untrusted_app:s0:c152,c256,c512,c768 tcontext=u:object_r:vendor_prize_fp_prop:s0 tclass=file permissive=0 app=com.android.chrome
06-13 12:07:56.403009  1449  1805 I am_proc_bound: [0,30001,com.android.chrome]
06-13 12:07:56.422178  1449  1538 I am_kill : [0,29790,com.android.settings,975,empty #11]
06-13 12:07:56.451691  1449  1538 I am_proc_died: [0,29790,com.android.settings,975,19]
06-13 12:07:56.512480  1449  3276 I am_kill : [0,28836,com.google.android.apps.tachyon,995,empty #11]
06-13 12:07:56.566356  1449  1805 I am_proc_died: [0,28836,com.google.android.apps.tachyon,995,19]
06-13 12:07:56.567361  1449  1805 I am_uid_stopped: 10139
06-13 12:07:56.994847  1449  1485 I am_uid_running: 10125
06-13 12:07:57.020692  1449  1486 I am_proc_start: [0,30032,10125,com.google.android.apps.wellbeing,service,{com.google.android.apps.wellbeing/com.google.android.apps.wellbeing.screen.ui.GrayscaleTileService}]
06-13 12:07:57.031000 30032 30032 I auditd  : type=1400 audit(0.0:1096): avc:  denied  { read } for  comm="main" name="u:object_r:vendor_prize_fp_prop:s0" dev="tmpfs" ino=8979 scontext=u:r:priv_app:s0:c512,c768 tcontext=u:object_r:vendor_prize_fp_prop:s0 tclass=file permissive=0 app=com.google.android.apps.wellbeing
06-13 12:07:57.049878  1449  3278 I am_proc_bound: [0,30032,com.google.android.apps.wellbeing]
06-13 12:07:57.175125  1449  3278 I am_kill : [0,2574,com.google.android.gms,955,empty #11]
06-13 12:07:57.240572  1449  1805 I am_proc_died: [0,2574,com.google.android.gms,955,19]
06-13 12:07:57.662992  1449  1473 I commit_sys_config_file: [jobs,4]
06-13 12:09:08.320576  1449  1484 I am_pss  : [30032,10125,com.google.android.apps.wellbeing,35613696,32063488,798720,107741184,0,19,17]
06-13 12:09:08.335331  1449  1484 I am_pss  : [29919,10120,com.google.android.partnersetup,10973184,7385088,798720,84340736,0,19,12]
06-13 12:10:08.349511  1449  1484 I am_pss  : [30032,10125,com.google.android.apps.wellbeing,35613696,32063488,798720,107741184,0,19,14]
06-13 12:10:08.365573  1449  1484 I am_pss  : [29919,10120,com.google.android.partnersetup,10874880,7286784,798720,84242432,0,19,14]
06-13 12:10:26.588572  1449  1486 I am_proc_start: [0,30079,10122,com.google.android.gms,service,{com.google.android.gms/com.google.android.gms.chimera.GmsApiService}]
06-13 12:10:26.599000 30079 30079 I auditd  : type=1400 audit(0.0:1097): avc:  denied  { read } for  comm="main" name="u:object_r:vendor_prize_fp_prop:s0" dev="tmpfs" ino=8979 scontext=u:r:gmscore_app:s0:c512,c768 tcontext=u:object_r:vendor_prize_fp_prop:s0 tclass=file permissive=0 app=com.google.android.gms
06-13 12:10:26.614356  1449  2874 I am_proc_bound: [0,30079,com.google.android.gms]
06-13 12:10:26.909447  1449  2874 I am_kill : [0,23557,com.google.android.youtube,300,empty #11]
06-13 12:10:27.069376  1449  3259 I am_proc_died: [0,23557,com.google.android.youtube,300,19]
06-13 12:10:27.076817  1449  3259 I am_uid_stopped: 10149
06-13 12:10:27.088681  1449  1484 I am_pss  : [30001,10152,com.android.chrome,31310848,26533888,791552,105336832,0,19,8]
06-13 12:10:27.096115  1449  1484 I am_pss  : [29981,10122,com.google.process.gapps,9836544,4972544,791552,85385216,0,19,6]
06-13 12:10:27.104132  1449  1484 I am_pss  : [29922,10047,com.google.android.apps.turbo:aab,19041280,14131200,788480,98615296,0,19,7]
06-13 12:10:27.112800  1449  1484 I am_pss  : [29831,10115,com.google.android.as.oss,13047808,6406144,796672,86007808,0,19,7]
06-13 12:10:27.122604  1449  1484 I am_pss  : [29854,10115,com.google.android.as.oss:learning_bg,25453568,17911808,762880,104615936,0,19,8]
06-13 12:12:55.246116  1449  1484 I am_pss  : [30079,10122,com.google.android.gms,72074240,40460288,778240,175837184,0,19,23]
06-13 12:13:55.310092  1449  1484 I am_pss  : [30079,10122,com.google.android.gms,73265152,41644032,777216,177238016,0,19,22]
06-13 12:14:25.375642  1449  1484 I am_pss  : [25241,10131,com.google.android.googlequicksearchbox:search,221770752,178360320,712704,372244480,0,17,41]
06-13 12:20:10.881828  1449  1484 I am_pss  : [30032,10125,com.google.android.apps.wellbeing,35629056,32083968,795648,107761664,0,19,15]
06-13 12:20:10.897830  1449  1484 I am_pss  : [29919,10120,com.google.android.partnersetup,10906624,7335936,795648,84242432,0,19,14]
06-13 12:21:37.727000   552   552 I auditd  : type=1400 audit(0.0:1098): avc:  denied  { read } for  comm="binder:552_7" name="wakeup126" dev="sysfs" ino=37179 scontext=u:r:system_suspend:s0 tcontext=u:object_r:sysfs:s0 tclass=dir permissive=0
06-13 12:21:37.763000   552   552 I auditd  : type=1400 audit(0.0:1099): avc:  denied  { read } for  comm="binder:552_7" name="wakeup130" dev="sysfs" ino=38008 scontext=u:r:system_suspend:s0 tcontext=u:object_r:sysfs:s0 tclass=dir permissive=0
06-13 12:21:37.775000   552   552 I auditd  : type=1400 audit(0.0:1100): avc:  denied  { read } for  comm="binder:552_7" name="wakeup129" dev="sysfs" ino=37961 scontext=u:r:system_suspend:s0 tcontext=u:object_r:sysfs:s0 tclass=dir permissive=0
06-13 12:21:37.779000   552   552 I auditd  : type=1400 audit(0.0:1101): avc:  denied  { read } for  comm="binder:552_7" name="wakeup147" dev="sysfs" ino=41955 scontext=u:r:system_suspend:s0 tcontext=u:object_r:sysfs:s0 tclass=dir permissive=0
06-13 12:21:37.787000   552   552 I auditd  : type=1400 audit(0.0:1102): avc:  denied  { read } for  comm="binder:552_7" name="wakeup145" dev="sysfs" ino=41917 scontext=u:r:system_suspend:s0 tcontext=u:object_r:sysfs:s0 tclass=dir permissive=0
06-13 12:21:37.807000   552   552 I auditd  : type=1400 audit(0.0:1103): avc:  denied  { read } for  comm="binder:552_7" name="wakeup148" dev="sysfs" ino=42186 scontext=u:r:system_suspend:s0 tcontext=u:object_r:sysfs:s0 tclass=dir permissive=0
06-13 12:23:56.373809  1449  1484 I am_pss  : [30079,10122,com.google.android.gms,73668608,41795584,776192,178241536,0,19,23]
06-13 12:28:45.983000   552   552 I auditd  : type=1400 audit(0.0:1104): avc:  denied  { read } for  comm="binder:552_7" name="wakeup126" dev="sysfs" ino=37179 scontext=u:r:system_suspend:s0 tcontext=u:object_r:sysfs:s0 tclass=dir permissive=0
06-13 12:28:46.019000   552   552 I auditd  : type=1400 audit(0.0:1105): avc:  denied  { read } for  comm="binder:552_7" name="wakeup130" dev="sysfs" ino=38008 scontext=u:r:system_suspend:s0 tcontext=u:object_r:sysfs:s0 tclass=dir permissive=0
06-13 12:28:46.031000   552   552 I auditd  : type=1400 audit(0.0:1106): avc:  denied  { read } for  comm="binder:552_7" name="wakeup129" dev="sysfs" ino=37961 scontext=u:r:system_suspend:s0 tcontext=u:object_r:sysfs:s0 tclass=dir permissive=0
06-13 12:28:46.035000   552   552 I auditd  : type=1400 audit(0.0:1107): avc:  denied  { read } for  comm="binder:552_7" name="wakeup147" dev="sysfs" ino=41955 scontext=u:r:system_suspend:s0 tcontext=u:object_r:sysfs:s0 tclass=dir permissive=0
06-13 12:28:46.043000   552   552 I auditd  : type=1400 audit(0.0:1108): avc:  denied  { read } for  comm="binder:552_7" name="wakeup145" dev="sysfs" ino=41917 scontext=u:r:system_suspend:s0 tcontext=u:object_r:sysfs:s0 tclass=dir permissive=0
06-13 12:28:46.114147  1449  1484 I commit_sys_config_file: [batterystats,13]
06-13 12:28:46.120739  1449  1484 I commit_sys_config_file: [batterystats,4]
06-13 12:29:26.843867  1449  1484 I commit_sys_config_file: [procstats,11]
06-13 12:30:08.308460  1449  1547 I job_deferred_execution: 12365854
06-13 12:30:08.314266  1449  1547 I am_uid_running: 10137
06-13 12:30:08.321949  1449  1588 I netstats_mobile_sample: [0,0,0,0,0,0,0,0,1749807009332]
06-13 12:30:08.324091  1449  1547 I job_deferred_execution: 12365869
06-13 12:30:08.327201  1449  1588 I netstats_wifi_sample: [81239341,4576854,82163,17591,80611109,4519760,74941,16871,1749807009332]
06-13 12:30:08.332409  1449  1547 I job_deferred_execution: 12365878
06-13 12:30:08.341350  1449  1547 I job_deferred_execution: 12365887
06-13 12:30:08.347062  1449  1486 I am_proc_start: [0,30245,10137,com.google.android.contacts,service,{com.google.android.contacts/com.google.android.apps.contacts.operation.ContactsService}]
06-13 12:30:08.359000 30245 30245 I auditd  : type=1400 audit(0.0:1110): avc:  denied  { read } for  comm="main" name="u:object_r:vendor_prize_fp_prop:s0" dev="tmpfs" ino=8979 scontext=u:r:untrusted_app:s0:c137,c256,c512,c768 tcontext=u:object_r:vendor_prize_fp_prop:s0 tclass=file permissive=0 app=com.google.android.contacts
06-13 12:30:08.380391  1449  3259 I am_proc_bound: [0,30245,com.google.android.contacts]
06-13 12:30:08.420252  1449  1485 I am_wtf  : [0,1449,system_server,-1,JobScheduler.JobStatus,App com.google.android.inputmethod.latin became active but still in NEVER bucket]
06-13 12:30:08.429252  1449  1486 I am_proc_start: [0,30270,10156,com.google.android.inputmethod.latin:train,service,{com.google.android.inputmethod.latin/com.google.android.gms.learning.internal.training.InAppTrainingService}]
06-13 12:30:08.443194  1449  1485 I am_wtf  : [0,1449,system_server,-1,JobScheduler.JobStatus,App com.google.android.inputmethod.latin became active but still in NEVER bucket]
06-13 12:30:08.445825  1449  1486 I am_proc_start: [0,30272,10130,com.google.android.apps.messaging,service,{com.google.android.apps.messaging/androidx.work.impl.background.systemjob.SystemJobService}]
06-13 12:30:08.447000 30270 30270 I auditd  : type=1400 audit(0.0:1111): avc:  denied  { read } for  comm="main" name="u:object_r:vendor_prize_fp_prop:s0" dev="tmpfs" ino=8979 scontext=u:r:untrusted_app:s0:c156,c256,c512,c768 tcontext=u:object_r:vendor_prize_fp_prop:s0 tclass=file permissive=0 app=com.google.android.inputmethod.latin
06-13 12:30:08.464833  1449  1485 I am_wtf  : [0,1449,system_server,-1,JobScheduler.JobStatus,App com.google.android.inputmethod.latin became active but still in NEVER bucket]
06-13 12:30:08.467000 30272 30272 I auditd  : type=1400 audit(0.0:1112): avc:  denied  { read } for  comm="main" name="u:object_r:vendor_prize_fp_prop:s0" dev="tmpfs" ino=8979 scontext=u:r:priv_app:s0:c512,c768 tcontext=u:object_r:vendor_prize_fp_prop:s0 tclass=file permissive=0 app=com.google.android.apps.messaging
06-13 12:30:08.471930  1449  3259 I am_proc_bound: [0,30270,com.google.android.inputmethod.latin:train]
06-13 12:30:08.484564  1449  1485 I am_wtf  : [0,1449,system_server,-1,JobScheduler.JobStatus,App com.google.android.inputmethod.latin became active but still in NEVER bucket]
06-13 12:30:08.492717  1449  1665 I job_deferred_execution: 5022007
06-13 12:30:08.495857  1449  1665 I am_uid_running: 10059
06-13 12:30:08.502351  1449  3259 I am_proc_bound: [0,30272,com.google.android.apps.messaging]
06-13 12:30:08.507502  1449  1485 I am_wtf  : [0,1449,system_server,-1,JobScheduler.JobStatus,App com.google.android.inputmethod.latin became active but still in NEVER bucket]
06-13 12:30:08.517248  1449  3275 I job_deferred_execution: 5020232
06-13 12:30:08.527482  1449  1486 I am_proc_start: [0,30322,10059,com.gm.rt,service,{com.gm.rt/androidx.work.impl.background.systemjob.SystemJobService}]
06-13 12:30:08.530234  1449  1485 I am_wtf  : [0,1449,system_server,-1,JobScheduler.JobStatus,App com.google.android.inputmethod.latin became active but still in NEVER bucket]
06-13 12:30:08.536062  1449  3259 I job_deferred_execution: 5017581
06-13 12:30:08.538394  1449  3259 I am_uid_running: 10116
06-13 12:30:08.546970  1449  3268 I am_uid_running: 10039
06-13 12:30:08.573019  1449  1486 I am_proc_start: [0,30334,10116,com.google.android.apps.nbu.files,service,{com.google.android.apps.nbu.files/androidx.work.impl.background.systemjob.SystemJobService}]
06-13 12:30:08.567000 30322 30322 I auditd  : type=1400 audit(0.0:1113): avc:  denied  { read } for  comm="main" name="u:object_r:vendor_prize_fp_prop:s0" dev="tmpfs" ino=8979 scontext=u:r:priv_app:s0:c512,c768 tcontext=u:object_r:vendor_prize_fp_prop:s0 tclass=file permissive=0 app=com.gm.rt
06-13 12:30:08.584830  1449  1486 I am_proc_start: [0,30340,10039,android.process.acore,content provider,{com.android.providers.contacts/com.android.providers.contacts.ContactsProvider2}]
06-13 12:30:08.595000 30340 30340 I auditd  : type=1400 audit(0.0:1114): avc:  denied  { read } for  comm="main" name="u:object_r:vendor_prize_fp_prop:s0" dev="tmpfs" ino=8979 scontext=u:r:priv_app:s0:c512,c768 tcontext=u:object_r:vendor_prize_fp_prop:s0 tclass=file permissive=0 app=com.android.calllogbackup
06-13 12:30:08.612787  1449  3275 I am_proc_bound: [0,30340,android.process.acore]
06-13 12:30:08.623353  1449  3259 I am_proc_bound: [0,30322,com.gm.rt]
06-13 12:30:08.632674  1449  2869 I am_proc_bound: [0,30334,com.google.android.apps.nbu.files]
06-13 12:30:08.714237   498   498 I auditd  : avc:  denied  { find } for pid=30272 uid=10130 name=vendor.mediatek.hardware.mbrain.IMBrain/default scontext=u:r:priv_app:s0:c512,c768 tcontext=u:object_r:default_android_service:s0 tclass=service_manager permissive=0
06-13 12:30:08.853941  1449  3275 I backup_transport_lifecycle: [com.google.android.gms/.backup.BackupTransportService,1]
06-13 12:30:08.891738  1449  1449 I backup_transport_connection: [com.google.android.gms/.backup.BackupTransportService,1]
06-13 12:30:08.894830  1449  3275 I backup_transport_lifecycle: [com.google.android.gms/.backup.BackupTransportService,0]
06-13 12:30:08.894857  1449  3275 I backup_transport_connection: [com.google.android.gms/.backup.BackupTransportService,0]
06-13 12:30:08.901025  1449  3281 I backup_transport_lifecycle: [com.google.android.gms/.backup.BackupTransportService,1]
06-13 12:30:08.949807  1449  1449 I backup_transport_connection: [com.google.android.gms/.backup.BackupTransportService,1]
06-13 12:30:08.952255  1449  3281 I backup_transport_lifecycle: [com.google.android.gms/.backup.BackupTransportService,0]
06-13 12:30:08.952294  1449  3281 I backup_transport_connection: [com.google.android.gms/.backup.BackupTransportService,0]
06-13 12:30:08.984423  1449  3281 I backup_transport_lifecycle: [com.google.android.gms/.backup.BackupTransportService,1]
06-13 12:30:09.004116  1449  1449 I backup_transport_connection: [com.google.android.gms/.backup.BackupTransportService,1]
06-13 12:30:09.007394  1449  3281 I backup_transport_lifecycle: [com.google.android.gms/.backup.BackupTransportService,0]
06-13 12:30:09.007725  1449  3281 I backup_transport_connection: [com.google.android.gms/.backup.BackupTransportService,0]
06-13 12:30:09.031187  1449  3281 I backup_transport_lifecycle: [com.google.android.gms/.backup.BackupTransportService,1]
06-13 12:30:09.045769  1449 21692 I commit_sys_config_file: [appops_accesses,9055148]
06-13 12:30:09.065040  1449  1449 I backup_transport_connection: [com.google.android.gms/.backup.BackupTransportService,1]
06-13 12:30:09.069760  1449  3281 I backup_transport_lifecycle: [com.google.android.gms/.backup.BackupTransportService,0]
06-13 12:30:09.069834  1449  3281 I backup_transport_connection: [com.google.android.gms/.backup.BackupTransportService,0]
06-13 12:30:09.087929  1449  3281 I backup_transport_lifecycle: [com.google.android.gms/.backup.BackupTransportService,1]
06-13 12:30:09.121407  1449  1486 I am_proc_start: [0,30510,10137,com.google.android.contacts:learning_bg,service,{com.google.android.contacts/com.google.android.gms.learning.internal.training.InAppTrainingService}]
06-13 12:30:09.127135  1449  1449 I backup_transport_connection: [com.google.android.gms/.backup.BackupTransportService,1]
06-13 12:30:09.130699  1449  3281 I backup_transport_lifecycle: [com.google.android.gms/.backup.BackupTransportService,0]
06-13 12:30:09.130734  1449  3281 I backup_transport_connection: [com.google.android.gms/.backup.BackupTransportService,0]
06-13 12:30:09.145131  1449  3281 I backup_transport_lifecycle: [com.google.android.gms/.backup.BackupTransportService,1]
06-13 12:30:09.157813  1449  3266 I am_proc_bound: [0,30510,com.google.android.contacts:learning_bg]
06-13 12:30:09.164614  1449  1449 I backup_transport_connection: [com.google.android.gms/.backup.BackupTransportService,1]
06-13 12:30:09.167820  1449  3281 I backup_transport_lifecycle: [com.google.android.gms/.backup.BackupTransportService,0]
06-13 12:30:09.167861  1449  3281 I backup_transport_connection: [com.google.android.gms/.backup.BackupTransportService,0]
06-13 12:30:09.174029  1449  3281 I backup_transport_lifecycle: [com.google.android.gms/.backup.BackupTransportService,1]
06-13 12:30:09.203913  1449  3275 I job_deferred_execution: 51
06-13 12:30:09.213810  1449  1449 I backup_transport_connection: [com.google.android.gms/.backup.BackupTransportService,1]
06-13 12:30:09.217203  1449  3281 I backup_transport_lifecycle: [com.google.android.gms/.backup.BackupTransportService,0]
06-13 12:30:09.217237  1449  3281 I backup_transport_connection: [com.google.android.gms/.backup.BackupTransportService,0]
06-13 12:30:09.231717  1449  3266 I backup_transport_lifecycle: [com.google.android.gms/.backup.BackupTransportService,1]
06-13 12:30:09.237658  1449  3275 I job_deferred_execution: 79
06-13 12:30:09.252987  1449  3260 I job_deferred_execution: 72
06-13 12:30:09.277996  1449  1449 I backup_transport_connection: [com.google.android.gms/.backup.BackupTransportService,1]
06-13 12:30:09.280139  1449  3266 I backup_transport_lifecycle: [com.google.android.gms/.backup.BackupTransportService,0]
06-13 12:30:09.280179  1449  3266 I backup_transport_connection: [com.google.android.gms/.backup.BackupTransportService,0]
06-13 12:30:09.296011  1449  3259 I backup_transport_lifecycle: [com.google.android.gms/.backup.BackupTransportService,1]
06-13 12:30:09.299405  1449  2869 I job_deferred_execution: 84
06-13 12:30:09.334840  1449  1449 I backup_transport_connection: [com.google.android.gms/.backup.BackupTransportService,1]
06-13 12:30:09.337411  1449  3259 I backup_transport_lifecycle: [com.google.android.gms/.backup.BackupTransportService,0]
06-13 12:30:09.337454  1449  3259 I backup_transport_connection: [com.google.android.gms/.backup.BackupTransportService,0]
06-13 12:30:09.348067  1449  3259 I backup_transport_lifecycle: [com.google.android.gms/.backup.BackupTransportService,1]
06-13 12:30:09.381417  1449  1449 I backup_transport_connection: [com.google.android.gms/.backup.BackupTransportService,1]
06-13 12:30:09.383587  1449  3259 I backup_transport_lifecycle: [com.google.android.gms/.backup.BackupTransportService,0]
06-13 12:30:09.383642  1449  3259 I backup_transport_connection: [com.google.android.gms/.backup.BackupTransportService,0]
06-13 12:30:09.392739  1449  2880 I backup_transport_lifecycle: [com.google.android.gms/.backup.BackupTransportService,1]
06-13 12:30:09.412315  1449  3259 I am_uid_active: 10039
06-13 12:30:09.417889  1449  2869 I job_deferred_execution: 3
06-13 12:30:09.427033  1449  1449 I backup_transport_connection: [com.google.android.gms/.backup.BackupTransportService,1]
06-13 12:30:09.437563  1449  2880 I backup_transport_lifecycle: [com.google.android.gms/.backup.BackupTransportService,0]
06-13 12:30:09.437602  1449  2880 I backup_transport_connection: [com.google.android.gms/.backup.BackupTransportService,0]
06-13 12:30:09.456689  1449  3259 I backup_transport_lifecycle: [com.google.android.gms/.backup.BackupTransportService,1]
06-13 12:30:09.515514  1449  1449 I backup_transport_connection: [com.google.android.gms/.backup.BackupTransportService,1]
06-13 12:30:09.517707  1449  3259 I backup_transport_lifecycle: [com.google.android.gms/.backup.BackupTransportService,0]
06-13 12:30:09.517745  1449  3259 I backup_transport_connection: [com.google.android.gms/.backup.BackupTransportService,0]
06-13 12:30:09.523802  1449  3259 I backup_transport_lifecycle: [com.google.android.gms/.backup.BackupTransportService,1]
06-13 12:30:09.552683  1449  3275 I am_uid_running: 10136
06-13 12:30:09.559661  1449  2850 I am_uid_running: 99004
06-13 12:30:09.578327  1449  1449 I backup_transport_connection: [com.google.android.gms/.backup.BackupTransportService,1]
06-13 12:30:09.580539  1449  3259 I backup_transport_lifecycle: [com.google.android.gms/.backup.BackupTransportService,0]
06-13 12:30:09.580585  1449  3259 I backup_transport_connection: [com.google.android.gms/.backup.BackupTransportService,0]
06-13 12:30:09.587507  1449  3281 I backup_transport_lifecycle: [com.google.android.gms/.backup.BackupTransportService,1]
06-13 12:30:09.592224  1449  1486 I am_proc_start: [0,30623,10136,com.google.android.webview:webview_service,service,{com.google.android.webview/org.chromium.android_webview.services.VariationsSeedServer}]
06-13 12:30:09.630420  1449  1449 I backup_transport_connection: [com.google.android.gms/.backup.BackupTransportService,1]
06-13 12:30:09.634249  1449  3281 I backup_transport_lifecycle: [com.google.android.gms/.backup.BackupTransportService,0]
06-13 12:30:09.634290  1449  3281 I backup_transport_connection: [com.google.android.gms/.backup.BackupTransportService,0]
06-13 12:30:09.641139  1449  3281 I backup_transport_lifecycle: [com.google.android.gms/.backup.BackupTransportService,1]
06-13 12:30:09.639000 30623 30623 I auditd  : type=1400 audit(0.0:1117): avc:  denied  { read } for  comm="main" name="u:object_r:vendor_prize_fp_prop:s0" dev="tmpfs" ino=8979 scontext=u:r:untrusted_app:s0:c136,c256,c512,c768 tcontext=u:object_r:vendor_prize_fp_prop:s0 tclass=file permissive=0 app=com.google.android.webview
06-13 12:30:09.643872  1449  1486 I am_proc_start: [0,30627,99004,com.google.android.webview:sandboxed_process0:org.chromium.content.app.SandboxedProcessService0:0,,{com.gm.rt/org.chromium.content.app.SandboxedProcessService0:0}]
06-13 12:30:09.666875  1449  3268 I am_proc_bound: [0,30623,com.google.android.webview:webview_service]
06-13 12:30:09.663000 30627 30627 I auditd  : type=1400 audit(0.0:1118): avc:  denied  { read } for  comm="webview_zygote" name="u:object_r:vendor_prize_fp_prop:s0" dev="tmpfs" ino=8979 scontext=u:r:isolated_app:s0:c512,c768 tcontext=u:object_r:vendor_prize_fp_prop:s0 tclass=file permissive=0
06-13 12:30:09.703355  1449  2806 I am_proc_bound: [0,30627,com.google.android.webview:sandboxed_process0:org.chromium.content.app.SandboxedProcessService0:0]
06-13 12:30:09.738342  1449  1449 I backup_transport_connection: [com.google.android.gms/.backup.BackupTransportService,1]
06-13 12:30:09.741926  1449  3281 I backup_transport_lifecycle: [com.google.android.gms/.backup.BackupTransportService,0]
06-13 12:30:09.741967  1449  3281 I backup_transport_connection: [com.google.android.gms/.backup.BackupTransportService,0]
06-13 12:30:09.748049  1449  3281 I backup_transport_lifecycle: [com.google.android.gms/.backup.BackupTransportService,1]
06-13 12:30:09.775253  1449  1449 I backup_transport_connection: [com.google.android.gms/.backup.BackupTransportService,1]
06-13 12:30:09.777142  1449  3281 I backup_transport_lifecycle: [com.google.android.gms/.backup.BackupTransportService,0]
06-13 12:30:09.777207  1449  3281 I backup_transport_connection: [com.google.android.gms/.backup.BackupTransportService,0]
06-13 12:30:09.782555  1449  3281 I backup_transport_lifecycle: [com.google.android.gms/.backup.BackupTransportService,1]
06-13 12:30:09.823024  1449  1449 I backup_transport_connection: [com.google.android.gms/.backup.BackupTransportService,1]
06-13 12:30:09.825399  1449  3281 I backup_transport_lifecycle: [com.google.android.gms/.backup.BackupTransportService,0]
06-13 12:30:09.825435  1449  3281 I backup_transport_connection: [com.google.android.gms/.backup.BackupTransportService,0]
06-13 12:30:09.849501  1449  3281 I backup_transport_lifecycle: [com.google.android.gms/.backup.BackupTransportService,1]
06-13 12:30:09.880253  1449  1449 I backup_transport_connection: [com.google.android.gms/.backup.BackupTransportService,1]
06-13 12:30:09.891478  1449  3281 I backup_transport_lifecycle: [com.google.android.gms/.backup.BackupTransportService,0]
06-13 12:30:09.891700  1449  3281 I backup_transport_connection: [com.google.android.gms/.backup.BackupTransportService,0]
06-13 12:30:09.911667  1449  3281 I backup_transport_lifecycle: [com.google.android.gms/.backup.BackupTransportService,1]
06-13 12:30:09.915820  1449  3260 I am_kill : [0,29922,com.google.android.apps.turbo:aab,945,empty #11]
06-13 12:30:09.942583  1449  2850 I am_kill : [0,29981,com.google.process.gapps,935,empty #11]
06-13 12:30:09.964982  1449  1449 I backup_transport_connection: [com.google.android.gms/.backup.BackupTransportService,1]
06-13 12:30:09.968938  1449  3281 I backup_transport_lifecycle: [com.google.android.gms/.backup.BackupTransportService,0]
06-13 12:30:09.969220  1449  3281 I backup_transport_connection: [com.google.android.gms/.backup.BackupTransportService,0]
06-13 12:30:09.991029  1449  3260 I backup_transport_lifecycle: [com.google.android.gms/.backup.BackupTransportService,1]
06-13 12:30:10.028628  1449  1449 I backup_transport_connection: [com.google.android.gms/.backup.BackupTransportService,1]
06-13 12:30:10.031550  1449  3260 I backup_transport_lifecycle: [com.google.android.gms/.backup.BackupTransportService,0]
06-13 12:30:10.031770  1449  3260 I backup_transport_connection: [com.google.android.gms/.backup.BackupTransportService,0]
06-13 12:30:10.062265  1449  3259 I backup_transport_lifecycle: [com.google.android.gms/.backup.BackupTransportService,1]
06-13 12:30:10.063912  1449  1486 I am_proc_start: [0,30734,10122,com.google.android.gms.unstable,service,{com.google.android.gms/com.google.android.gms.droidguard.DroidGuardService}]
06-13 12:30:10.067312  1449  2869 I am_proc_died: [0,29922,com.google.android.apps.turbo:aab,945,19]
06-13 12:30:10.067868  1449  2869 I am_uid_stopped: 10047
06-13 12:30:10.083000 30734 30734 I auditd  : type=1400 audit(0.0:1119): avc:  denied  { read } for  comm="main" name="u:object_r:vendor_prize_fp_prop:s0" dev="tmpfs" ino=8979 scontext=u:r:gmscore_app:s0:c512,c768 tcontext=u:object_r:vendor_prize_fp_prop:s0 tclass=file permissive=0 app=com.google.android.gms
06-13 12:30:10.089920  1449  1449 I backup_transport_connection: [com.google.android.gms/.backup.BackupTransportService,1]
06-13 12:30:10.093497  1449  3259 I backup_transport_lifecycle: [com.google.android.gms/.backup.BackupTransportService,0]
06-13 12:30:10.093539  1449  3259 I backup_transport_connection: [com.google.android.gms/.backup.BackupTransportService,0]
06-13 12:30:10.102603  1449  1484 I am_pss  : [29045,10182,com.mediatek.engineermode,55971840,40816640,601088,174247936,0,15,12]
06-13 12:30:10.104459  1449  3259 I backup_transport_lifecycle: [com.google.android.gms/.backup.BackupTransportService,1]
06-13 12:30:10.110657  1449  2806 I am_proc_bound: [0,30734,com.google.android.gms.unstable]
06-13 12:30:10.113237  1449  1484 I am_pss  : [30001,10152,com.android.chrome,30190592,26271744,655360,105353216,0,19,8]
06-13 12:30:10.119572  1449  3268 I am_proc_died: [0,29981,com.google.process.gapps,935,19]
06-13 12:30:10.133721  1449  1449 I backup_transport_connection: [com.google.android.gms/.backup.BackupTransportService,1]
06-13 12:30:10.136339  1449  3259 I backup_transport_lifecycle: [com.google.android.gms/.backup.BackupTransportService,0]
06-13 12:30:10.136380  1449  3259 I backup_transport_connection: [com.google.android.gms/.backup.BackupTransportService,0]
06-13 12:30:10.152439  1449  3259 I backup_transport_lifecycle: [com.google.android.gms/.backup.BackupTransportService,1]
06-13 12:30:10.154579  1449  3274 I force_gc: Binder
06-13 12:30:10.172661  1449  1449 I backup_transport_connection: [com.google.android.gms/.backup.BackupTransportService,1]
06-13 12:30:10.174698  1449  3259 I backup_transport_lifecycle: [com.google.android.gms/.backup.BackupTransportService,0]
06-13 12:30:10.174740  1449  3259 I backup_transport_connection: [com.google.android.gms/.backup.BackupTransportService,0]
06-13 12:30:10.198355  1449  2806 I backup_transport_lifecycle: [com.google.android.gms/.backup.BackupTransportService,1]
06-13 12:30:10.209692  1449  1449 I backup_transport_connection: [com.google.android.gms/.backup.BackupTransportService,1]
06-13 12:30:10.211993  1449  2806 I backup_transport_lifecycle: [com.google.android.gms/.backup.BackupTransportService,0]
06-13 12:30:10.212019  1449  2806 I backup_transport_connection: [com.google.android.gms/.backup.BackupTransportService,0]
06-13 12:30:10.223677  1449  2869 I backup_transport_lifecycle: [com.google.android.gms/.backup.BackupTransportService,1]
06-13 12:30:10.237063  1449  1449 I backup_transport_connection: [com.google.android.gms/.backup.BackupTransportService,1]
06-13 12:30:10.241936  1449  2869 I backup_transport_lifecycle: [com.google.android.gms/.backup.BackupTransportService,0]
06-13 12:30:10.242146  1449  2869 I backup_transport_connection: [com.google.android.gms/.backup.BackupTransportService,0]
06-13 12:30:10.255111  1449  2869 I backup_transport_lifecycle: [com.google.android.gms/.backup.BackupTransportService,1]
06-13 12:30:10.264942  1449  1449 I backup_transport_connection: [com.google.android.gms/.backup.BackupTransportService,1]
06-13 12:30:10.268157  1449  2869 I backup_transport_lifecycle: [com.google.android.gms/.backup.BackupTransportService,0]
06-13 12:30:10.268253  1449  2869 I backup_transport_connection: [com.google.android.gms/.backup.BackupTransportService,0]
06-13 12:30:10.284840  1449  3274 I backup_transport_lifecycle: [com.google.android.gms/.backup.BackupTransportService,1]
06-13 12:30:10.296192  1449  1449 I backup_transport_connection: [com.google.android.gms/.backup.BackupTransportService,1]
06-13 12:30:10.301777  1449  3274 I backup_transport_lifecycle: [com.google.android.gms/.backup.BackupTransportService,0]
06-13 12:30:10.301995  1449  3274 I backup_transport_connection: [com.google.android.gms/.backup.BackupTransportService,0]
06-13 12:30:10.314927  1449  3268 I backup_transport_lifecycle: [com.google.android.gms/.backup.BackupTransportService,1]
06-13 12:30:10.339235  1449  1449 I backup_transport_connection: [com.google.android.gms/.backup.BackupTransportService,1]
06-13 12:30:10.342189  1449  3268 I backup_transport_lifecycle: [com.google.android.gms/.backup.BackupTransportService,0]
06-13 12:30:10.342302  1449  3268 I backup_transport_connection: [com.google.android.gms/.backup.BackupTransportService,0]
06-13 12:30:10.354577  1449  3268 I backup_transport_lifecycle: [com.google.android.gms/.backup.BackupTransportService,1]
06-13 12:30:10.370069  1449  1449 I backup_transport_connection: [com.google.android.gms/.backup.BackupTransportService,1]
06-13 12:30:10.375072  1449  3268 I backup_transport_lifecycle: [com.google.android.gms/.backup.BackupTransportService,0]
06-13 12:30:10.375292  1449  3268 I backup_transport_connection: [com.google.android.gms/.backup.BackupTransportService,0]
06-13 12:30:10.410366  1449  3259 I backup_transport_lifecycle: [com.google.android.gms/.backup.BackupTransportService,1]
06-13 12:30:10.429507  1449  1449 I backup_transport_connection: [com.google.android.gms/.backup.BackupTransportService,1]
06-13 12:30:10.432691  1449  3259 I backup_transport_lifecycle: [com.google.android.gms/.backup.BackupTransportService,0]
06-13 12:30:10.432730  1449  3259 I backup_transport_connection: [com.google.android.gms/.backup.BackupTransportService,0]
06-13 12:30:10.438052  1449  1473 I commit_sys_config_file: [jobs,10]
06-13 12:30:10.441593  1449  1473 I commit_sys_config_file: [jobs,3]
06-13 12:30:10.445659  1449  1473 I commit_sys_config_file: [jobs,4]
06-13 12:30:10.447641  1449  3274 I backup_transport_lifecycle: [com.google.android.gms/.backup.BackupTransportService,1]
06-13 12:30:10.464817  1449  1473 I commit_sys_config_file: [jobs,10]
06-13 12:30:10.482171  1449  1449 I backup_transport_connection: [com.google.android.gms/.backup.BackupTransportService,1]
06-13 12:30:10.486038  1449  3274 I backup_transport_lifecycle: [com.google.android.gms/.backup.BackupTransportService,0]
06-13 12:30:10.486252  1449  3274 I backup_transport_connection: [com.google.android.gms/.backup.BackupTransportService,0]
06-13 12:30:10.505481  1449  3274 I backup_transport_lifecycle: [com.google.android.gms/.backup.BackupTransportService,1]
06-13 12:30:10.550297  1449  1449 I backup_transport_connection: [com.google.android.gms/.backup.BackupTransportService,1]
06-13 12:30:10.554819  1449  3274 I backup_transport_lifecycle: [com.google.android.gms/.backup.BackupTransportService,0]
06-13 12:30:10.554859  1449  3274 I backup_transport_connection: [com.google.android.gms/.backup.BackupTransportService,0]
06-13 12:30:10.559836  1449  3274 I backup_transport_lifecycle: [com.google.android.gms/.backup.BackupTransportService,1]
06-13 12:30:10.575530  1449  1449 I backup_transport_connection: [com.google.android.gms/.backup.BackupTransportService,1]
06-13 12:30:10.579270  1449  3274 I backup_transport_lifecycle: [com.google.android.gms/.backup.BackupTransportService,0]
06-13 12:30:10.579311  1449  3274 I backup_transport_connection: [com.google.android.gms/.backup.BackupTransportService,0]
06-13 12:30:10.585076  1449  3274 I backup_transport_lifecycle: [com.google.android.gms/.backup.BackupTransportService,1]
06-13 12:30:10.598827  1449  1449 I backup_transport_connection: [com.google.android.gms/.backup.BackupTransportService,1]
06-13 12:30:10.601069  1449  3274 I backup_transport_lifecycle: [com.google.android.gms/.backup.BackupTransportService,0]
06-13 12:30:10.601108  1449  3274 I backup_transport_connection: [com.google.android.gms/.backup.BackupTransportService,0]
06-13 12:30:10.607413  1449  3274 I backup_transport_lifecycle: [com.google.android.gms/.backup.BackupTransportService,1]
06-13 12:30:10.618051  1449  1449 I backup_transport_connection: [com.google.android.gms/.backup.BackupTransportService,1]
06-13 12:30:10.621387  1449  3274 I backup_transport_lifecycle: [com.google.android.gms/.backup.BackupTransportService,0]
06-13 12:30:10.621417  1449  3274 I backup_transport_connection: [com.google.android.gms/.backup.BackupTransportService,0]
06-13 12:30:10.634708  1449  3275 I backup_transport_lifecycle: [com.google.android.gms/.backup.BackupTransportService,1]
06-13 12:30:10.645497  1449  1449 I backup_transport_connection: [com.google.android.gms/.backup.BackupTransportService,1]
06-13 12:30:10.649133  1449  3275 I backup_transport_lifecycle: [com.google.android.gms/.backup.BackupTransportService,0]
06-13 12:30:10.649215  1449  3275 I backup_transport_connection: [com.google.android.gms/.backup.BackupTransportService,0]
06-13 12:30:10.657402  1449  2850 I backup_transport_lifecycle: [com.google.android.gms/.backup.BackupTransportService,1]
06-13 12:30:10.668063  1449  1449 I backup_transport_connection: [com.google.android.gms/.backup.BackupTransportService,1]
06-13 12:30:10.671087  1449  2850 I backup_transport_lifecycle: [com.google.android.gms/.backup.BackupTransportService,0]
06-13 12:30:10.671110  1449  2850 I backup_transport_connection: [com.google.android.gms/.backup.BackupTransportService,0]
06-13 12:30:10.683257  1449  2850 I backup_transport_lifecycle: [com.google.android.gms/.backup.BackupTransportService,1]
06-13 12:30:10.692328  1449  1449 I backup_transport_connection: [com.google.android.gms/.backup.BackupTransportService,1]
06-13 12:30:10.695166  1449  2850 I backup_transport_lifecycle: [com.google.android.gms/.backup.BackupTransportService,0]
06-13 12:30:10.695365  1449  2850 I backup_transport_connection: [com.google.android.gms/.backup.BackupTransportService,0]
06-13 12:30:10.705465  1449  3278 I backup_transport_lifecycle: [com.google.android.gms/.backup.BackupTransportService,1]
06-13 12:30:10.717299  1449  1449 I backup_transport_connection: [com.google.android.gms/.backup.BackupTransportService,1]
06-13 12:30:10.720442  1449  3278 I backup_transport_lifecycle: [com.google.android.gms/.backup.BackupTransportService,0]
06-13 12:30:10.720680  1449  3278 I backup_transport_connection: [com.google.android.gms/.backup.BackupTransportService,0]
06-13 12:30:10.732088  1449  2850 I backup_transport_lifecycle: [com.google.android.gms/.backup.BackupTransportService,1]
06-13 12:30:10.739746  1449  1449 I backup_transport_connection: [com.google.android.gms/.backup.BackupTransportService,1]
06-13 12:30:10.744056  1449  2850 I backup_transport_lifecycle: [com.google.android.gms/.backup.BackupTransportService,0]
06-13 12:30:10.744108  1449  2850 I backup_transport_connection: [com.google.android.gms/.backup.BackupTransportService,0]
06-13 12:30:10.751561  1449  3274 I backup_transport_lifecycle: [com.google.android.gms/.backup.BackupTransportService,1]
06-13 12:30:10.762396  1449  1449 I backup_transport_connection: [com.google.android.gms/.backup.BackupTransportService,1]
06-13 12:30:10.764943  1449  3274 I backup_transport_lifecycle: [com.google.android.gms/.backup.BackupTransportService,0]
06-13 12:30:10.765018  1449  3274 I backup_transport_connection: [com.google.android.gms/.backup.BackupTransportService,0]
06-13 12:30:10.779486  1449  3274 I backup_transport_lifecycle: [com.google.android.gms/.backup.BackupTransportService,1]
06-13 12:30:10.802330  1449  1449 I backup_transport_connection: [com.google.android.gms/.backup.BackupTransportService,1]
06-13 12:30:10.805126  1449  3274 I backup_transport_lifecycle: [com.google.android.gms/.backup.BackupTransportService,0]
06-13 12:30:10.805222  1449  3274 I backup_transport_connection: [com.google.android.gms/.backup.BackupTransportService,0]
06-13 12:30:10.811229  1449  2806 I backup_transport_lifecycle: [com.google.android.gms/.backup.BackupTransportService,1]
06-13 12:30:10.829484  1449  1449 I backup_transport_connection: [com.google.android.gms/.backup.BackupTransportService,1]
06-13 12:30:10.832101  1449  2806 I backup_transport_lifecycle: [com.google.android.gms/.backup.BackupTransportService,0]
06-13 12:30:10.832167  1449  2806 I backup_transport_connection: [com.google.android.gms/.backup.BackupTransportService,0]
06-13 12:30:10.839144  1449  3273 I job_deferred_execution: 6
06-13 12:30:10.844121  1449  2850 I backup_transport_lifecycle: [com.google.android.gms/.backup.BackupTransportService,1]
06-13 12:30:10.863326  1449  1449 I backup_transport_connection: [com.google.android.gms/.backup.BackupTransportService,1]
06-13 12:30:10.866981  1449  2850 I backup_transport_lifecycle: [com.google.android.gms/.backup.BackupTransportService,0]
06-13 12:30:10.867046  1449  2850 I backup_transport_connection: [com.google.android.gms/.backup.BackupTransportService,0]
06-13 12:30:10.876960  1449  3278 I backup_transport_lifecycle: [com.google.android.gms/.backup.BackupTransportService,1]
06-13 12:30:10.888220  1449  1918 I am_kill : [0,29919,com.google.android.partnersetup,965,empty #11]
06-13 12:30:10.888370  1449  1918 I am_kill : [0,30001,com.android.chrome,985,empty #12]
06-13 12:30:10.888642  1449  3274 I job_deferred_execution: 1
06-13 12:30:10.905584  1449  1449 I backup_transport_connection: [com.google.android.gms/.backup.BackupTransportService,1]
06-13 12:30:10.907454  1449  3278 I backup_transport_lifecycle: [com.google.android.gms/.backup.BackupTransportService,0]
06-13 12:30:10.907501  1449  3278 I backup_transport_connection: [com.google.android.gms/.backup.BackupTransportService,0]
06-13 12:30:10.913386  1449  3260 I backup_transport_lifecycle: [com.google.android.gms/.backup.BackupTransportService,1]
06-13 12:30:10.922925  1449  2880 I job_deferred_execution: 3
