----- timezone:Europe/Istanbul
06-13 11:41:12.187298  1449  1471 I power_screen_broadcast_done: [0,88,1]
06-13 11:41:12.391217  1692  1752 I jank_cuj_events_end_request: [55,1749804072391034000,9831643937154,6146609893212]
06-13 11:41:30.538407  1449  1485 I am_uid_idle: 10125
06-13 11:41:44.621788  1449  1557 I commit_sys_config_file: [settings-0-0,10]
06-13 11:41:46.377460  1449  1449 I notification_cancel_all: [1000,1449,io.appium.uiautomator2.server,0,0,0,5,NULL]
06-13 11:41:46.408993  1449  1449 I notification_cancel_all: [1000,1449,io.appium.uiautomator2.server.test,0,0,0,5,NULL]
06-13 11:41:46.843000 26561 26561 I auditd  : type=1400 audit(0.0:836): avc:  denied  { read } for  comm="main" name="u:object_r:build_attestation_prop:s0" dev="tmpfs" ino=8398 scontext=u:r:shell:s0 tcontext=u:object_r:build_attestation_prop:s0 tclass=file permissive=0
06-13 11:41:46.843000 26561 26561 I auditd  : type=1400 audit(0.0:837): avc:  denied  { read } for  comm="main" name="u:object_r:build_attestation_prop:s0" dev="tmpfs" ino=8398 scontext=u:r:shell:s0 tcontext=u:object_r:build_attestation_prop:s0 tclass=file permissive=0
06-13 11:41:46.843000 26561 26561 I auditd  : type=1400 audit(0.0:838): avc:  denied  { read } for  comm="main" name="u:object_r:build_attestation_prop:s0" dev="tmpfs" ino=8398 scontext=u:r:shell:s0 tcontext=u:object_r:build_attestation_prop:s0 tclass=file permissive=0
06-13 11:41:46.843000 26561 26561 I auditd  : type=1400 audit(0.0:839): avc:  denied  { read } for  comm="main" name="u:object_r:system_mtk_app32_boost_prop:s0" dev="tmpfs" ino=8618 scontext=u:r:shell:s0 tcontext=u:object_r:system_mtk_app32_boost_prop:s0 tclass=file permissive=0
06-13 11:41:46.843000 26561 26561 I auditd  : type=1400 audit(0.0:840): avc:  denied  { read } for  comm="main" name="u:object_r:system_mtk_app32_boost_prop:s0" dev="tmpfs" ino=8618 scontext=u:r:shell:s0 tcontext=u:object_r:system_mtk_app32_boost_prop:s0 tclass=file permissive=0
06-13 11:41:46.843000 26561 26561 I auditd  : type=1400 audit(0.0:841): avc:  denied  { read } for  comm="main" name="u:object_r:system_mtk_app32_boost_prop:s0" dev="tmpfs" ino=8618 scontext=u:r:shell:s0 tcontext=u:object_r:system_mtk_app32_boost_prop:s0 tclass=file permissive=0
06-13 11:41:46.870119 26561 26561 I service_manager_slow: [12,activity]
06-13 11:41:46.885071  1449  1539 I am_uid_running: 10226
06-13 11:41:46.903212  1449  1486 I am_proc_start: [0,26576,10226,io.appium.uiautomator2.server,added application,io.appium.uiautomator2.server]
06-13 11:41:46.959724  1449  1539 I am_proc_bound: [0,26576,io.appium.uiautomator2.server]
06-13 11:41:46.963433  1449  1539 I am_uid_active: 10226
06-13 11:41:48.283673  1449  1449 I screen_toggled: 1
06-13 11:41:48.294822  1449  1449 I power_screen_broadcast_send: 1
06-13 11:41:48.303559  1449  1512 I wm_set_resumed_activity: [0,com.google.android.youtube/.app.honeycomb.Shell$HomeActivity,resumeTopActivity - onActivityStateChanged]
06-13 11:41:48.307042  1449  1512 I wm_resume_activity: [0,83863691,434,com.google.android.youtube/.app.honeycomb.Shell$HomeActivity]
06-13 11:41:48.309085 23557 23557 I wm_on_restart_called: [83863691,com.google.android.youtube.app.honeycomb.Shell$HomeActivity,performRestart,0]
06-13 11:41:48.316311  1449  1512 I sysui_multi_action: [757,1696,758,6,759,3]
06-13 11:41:48.317612   498   498 I auditd  : avc:  denied  { add } for pid=1449 uid=1000 name=vendor.mediatek.hardware.mbrainj.IMBrainJava/default scontext=u:r:system_server:s0 tcontext=u:object_r:default_android_service:s0 tclass=service_manager permissive=0
06-13 11:41:48.361341  1449  1449 I battery_saving_stats: [0,0,0,36223,0,0,4891858,-58920,-2]
06-13 11:41:48.363127 23557 23557 I wm_on_start_called: [83863691,com.google.android.youtube.app.honeycomb.Shell$HomeActivity,handleStartActivity,53]
06-13 11:41:48.390887 23557 23557 I wm_on_resume_called: [83863691,com.google.android.youtube.app.honeycomb.Shell$HomeActivity,RESUME_ACTIVITY,2]
06-13 11:41:48.412643  1449  3268 I am_uid_active: 10125
06-13 11:41:48.412798 23557 23557 I wm_on_top_resumed_gained_called: [83863691,com.google.android.youtube.app.honeycomb.Shell$HomeActivity,topWhenResuming]
06-13 11:41:48.444124  1449  1475 I input_focus: [Focus request d9afd29 com.google.android.youtube/com.google.android.youtube.app.honeycomb.Shell$HomeActivity,reason=UpdateInputWindows]
06-13 11:41:48.456737  1449  1557 I commit_sys_config_file: [settings-2-0,19]
06-13 11:41:48.566693  1449  1471 I power_screen_broadcast_done: [1,272,1]
06-13 11:41:48.784787  1449  1512 I sysui_latency: [5,503]
06-13 11:41:48.785375  1449  1449 I sysui_multi_action: [757,198,758,1,759,1,1359,522,1694,6]
06-13 11:41:48.785428  1449  1449 I power_screen_state: [1,0,0,0,522]
06-13 11:41:48.790140  1449  1571 I input_focus: [Focus entering d9afd29 com.google.android.youtube/com.google.android.youtube.app.honeycomb.Shell$HomeActivity (server),reason=setFocusedWindow]
06-13 11:41:49.347000 26576 26576 I auditd  : type=1400 audit(0.0:843): avc:  denied  { read } for  comm="Thread-5" name="somaxconn" dev="proc" ino=225993 scontext=u:r:untrusted_app:s0:c226,c256,c512,c768 tcontext=u:object_r:proc_net:s0 tclass=file permissive=0 app=io.appium.uiautomator2.server
06-13 11:41:51.294692  1449  1571 I input_interaction: Interaction with: a575898 NavigationBar0 (server), PointerEventDispatcher0 (server), 
06-13 11:41:51.318748  1449  1588 I netstats_mobile_sample: [0,0,0,0,0,0,0,0,1749804112329]
06-13 11:41:51.320738  1449  1588 I netstats_wifi_sample: [55694965,3448708,54241,13437,55398016,3403551,50875,12845,1749804112329]
06-13 11:41:51.378353  2041  2810 I jank_cuj_events_begin_request: [11,1749804111378212000,9870631116464,6185597072522,]
06-13 11:41:51.404733  1449  3260 I wm_task_moved: [1,1,0,1,2]
06-13 11:41:51.405374  1449  3260 I wm_task_moved: [411,1,0,1,2147483647]
06-13 11:41:51.405489  1449  3260 I wm_task_to_front: [0,411,0]
06-13 11:41:51.405693 23557 23557 I wm_on_top_resumed_lost_called: [83863691,com.google.android.youtube.app.honeycomb.Shell$HomeActivity,topStateChangedWhenResumed]
06-13 11:41:51.405909  1449  3260 I wm_focused_root_task: [0,0,1,-1,startExistingRecents]
06-13 11:41:51.408192  1449  3260 I wm_set_resumed_activity: [0,com.android.launcher3/com.android.searchlauncher.SearchLauncher,resumeTopActivity - onActivityStateChanged]
06-13 11:41:51.411065  1449  3260 I wm_resume_activity: [0,89257604,411,com.android.launcher3/com.android.searchlauncher.SearchLauncher]
06-13 11:41:51.411923  2041  2810 I jank_cuj_events_end_request: [65,1749804111411766000,9870664669079,6185630624906]
06-13 11:41:51.415493  2041  2041 I wm_on_restart_called: [89257604,com.android.searchlauncher.SearchLauncher,performRestart,0]
06-13 11:41:51.424579  2041  2041 I wm_on_start_called: [89257604,com.android.searchlauncher.SearchLauncher,handleStartActivity,9]
06-13 11:41:51.425646  2041  2041 I wm_on_resume_called: [89257604,com.android.searchlauncher.SearchLauncher,RESUME_ACTIVITY,0]
06-13 11:41:51.441996  2041  2810 I jank_cuj_events_begin_request: [11,1749804111441887000,9870694790002,6185660745829,]
06-13 11:41:51.442163  2041  2810 I jank_cuj_events_begin_request: [9,1749804111441932000,9870694832849,6185660788829,]
06-13 11:41:51.442209  2041  2810 I jank_cuj_events_begin_request: [66,1749804111441944000,9870694843849,6185660799599,]
06-13 11:41:51.443224  2041  2041 I sysui_latency: [1,-3684969]
06-13 11:41:51.454022  2041  2041 I wm_on_top_resumed_gained_called: [89257604,com.android.searchlauncher.SearchLauncher,topStateChangedWhenResumed]
06-13 11:41:51.456010  1449  1475 I wm_wallpaper_surface: [0,1,Window{4aedc2d u0 com.android.launcher3/com.android.searchlauncher.SearchLauncher}]
06-13 11:41:51.472404   498   498 I auditd  : avc:  denied  { add } for pid=1449 uid=1000 name=vendor.mediatek.hardware.mbrainj.IMBrainJava/default scontext=u:r:system_server:s0 tcontext=u:object_r:default_android_service:s0 tclass=service_manager permissive=0
06-13 11:41:51.491469  1449  1471 I sysui_multi_action: [319,59,322,73,325,6185,757,761,758,9,759,5,806,com.android.launcher3,871,com.android.searchlauncher.SearchLauncher,905,0,1320,8,1321,25]
06-13 11:41:51.511703  1449  3267 I wm_set_resumed_activity: [0,com.android.launcher3/com.android.searchlauncher.SearchLauncher,setFocusedTask-alreadyTop]
06-13 11:41:51.535821  1449  1475 I input_focus: [Focus request recents_animation_input_consumer,reason=UpdateInputWindows]
06-13 11:41:51.551277  1449  1571 I input_focus: [Focus leaving d9afd29 com.google.android.youtube/com.google.android.youtube.app.honeycomb.Shell$HomeActivity (server),reason=setFocusedWindow]
06-13 11:41:51.551419  1449  1571 I input_focus: [Focus entering recents_animation_input_consumer (server),reason=setFocusedWindow]
06-13 11:41:51.656987  1692  1752 I jank_cuj_events_end_request: [55,1749804111656521000,9870909424464,6185875380522]
06-13 11:41:51.778222  1449  1471 I sysui_latency: [8,6185695]
06-13 11:41:51.857976  2041  2810 I jank_cuj_events_cancel_request: [11,1749804111857495000,9871110400464,6186076356291]
06-13 11:41:51.859016  2041  2810 I jank_cuj_events_cancel_request: [9,1749804111858309000,9871111214387,6186077170445]
06-13 11:41:53.819000 25057 25057 I auditd  : type=1400 audit(0.0:844): avc:  denied  { read } for  comm="binder:25057_3" name="u:object_r:system_adbd_prop:s0" dev="tmpfs" ino=8605 scontext=u:r:gmscore_app:s0:c512,c768 tcontext=u:object_r:system_adbd_prop:s0 tclass=file permissive=0 app=com.google.android.gms
06-13 11:41:56.424423  1449  1515 I commit_sys_config_file: [package-user-0,17]
06-13 11:41:56.773291  1449  1571 I input_interaction: Interaction with: 4aedc2d com.android.launcher3/com.android.searchlauncher.SearchLauncher (server), d6c861b com.android.systemui.wallpapers.ImageWallpaper (server), PointerEventDispatcher0 (server), 
06-13 11:41:56.774461  2041  2810 I jank_cuj_events_begin_request: [25,1749804116774237000,9876027141464,6190993097445,]
06-13 11:41:56.774545  2041  2810 I jank_cuj_events_begin_request: [67,1749804116774313000,9876027214003,6190993169830,]
06-13 11:41:56.784330  2041  2810 I jank_cuj_events_cancel_request: [25,1749804116784109000,9876037015310,6191002971368]
06-13 11:41:56.784373  2041  2810 I jank_cuj_events_cancel_request: [67,1749804116784158000,9876037058618,6191003014445]
06-13 11:41:57.106764  2041  2810 I jank_cuj_events_end_request: [11,1749804117106649000,9876359553157,6191325509214]
06-13 11:41:57.106852  2041  2810 I jank_cuj_events_end_request: [9,1749804117106699000,9876359599233,6191325555060]
06-13 11:41:57.106897  2041  2810 I jank_cuj_events_end_request: [66,1749804117106702000,9876359602387,6191325558137]
06-13 11:41:57.109035  1449  1665 I wm_finish_activity: [0,83863691,434,com.google.android.youtube/.app.honeycomb.Shell$HomeActivity,recent-task-trimmed]
06-13 11:41:57.110359  1449  1665 I wm_pause_activity: [0,83863691,com.google.android.youtube/.app.honeycomb.Shell$HomeActivity,userLeaving=false,finish]
06-13 11:41:57.117580  1449  1571 I input_focus: [Focus leaving recents_animation_input_consumer (server),reason=NOT_VISIBLE]
06-13 11:41:57.122968  1449  1471 I sysui_multi_action: [757,803,799,window_time_0,802,45]
06-13 11:41:57.127084 23557 23557 I wm_on_paused_called: [83863691,com.google.android.youtube.app.honeycomb.Shell$HomeActivity,performPause,3]
06-13 11:41:57.144848  1449  1475 I input_focus: [Focus request 4aedc2d com.android.launcher3/com.android.searchlauncher.SearchLauncher,reason=UpdateInputWindows]
06-13 11:41:57.147297  1449  3267 I wm_destroy_activity: [0,83863691,434,com.google.android.youtube/.app.honeycomb.Shell$HomeActivity,finish-imm:completePausedLocked]
06-13 11:41:57.154515  1449  1471 I sysui_multi_action: [757,803,799,window_time_0,802,0]
06-13 11:41:57.163116  1449  1571 I input_focus: [Focus entering 4aedc2d com.android.launcher3/com.android.searchlauncher.SearchLauncher (server),reason=setFocusedWindow]
06-13 11:41:57.444836 23557 23557 I wm_on_stop_called: [83863691,com.google.android.youtube.app.honeycomb.Shell$HomeActivity,LIFECYCLER_STOP_ACTIVITY,52]
06-13 11:41:57.518430 23557 23557 I wm_on_destroy_called: [83863691,com.google.android.youtube.app.honeycomb.Shell$HomeActivity,performDestroy,49]
06-13 11:41:57.541006  1449  3260 I wm_task_removed: [434,434,0,removeChild, last child = ActivityRecord{4ffa88b u0 com.google.android.youtube/.app.honeycomb.Shell$HomeActivity t-1 f}} in Task{cb74d68 #434 type=standard A=10149:com.google.android.youtube}]
06-13 11:41:57.570784  1449  1571 I input_interaction: Interaction with: a575898 NavigationBar0 (server), PointerEventDispatcher0 (server), 
06-13 11:41:57.573468  1692  1692 I sysui_multi_action: [757,931,758,4,759,3,932,0,933,0]
06-13 11:41:57.657790  1692  1692 I sysui_multi_action: [757,931,758,4,759,3,932,0,933,1]
06-13 11:41:57.670856  1449  1472 I wm_new_intent: [0,89257604,411,com.android.launcher3/com.android.searchlauncher.SearchLauncher,android.intent.action.MAIN,NULL,NULL,268435712]
06-13 11:41:57.671292  1449  1472 I wm_task_moved: [1,1,0,1,1]
06-13 11:41:57.671885  1449  1472 I wm_set_keyguard_occluded: [0,0,0,setOccluded]
06-13 11:41:57.672087  2041  2041 I wm_on_top_resumed_lost_called: [89257604,com.android.searchlauncher.SearchLauncher,pausing]
06-13 11:41:57.672586  2041  2041 I wm_on_paused_called: [89257604,com.android.searchlauncher.SearchLauncher,performPause,0]
06-13 11:41:57.673599  2041  2041 I wm_on_resume_called: [89257604,com.android.searchlauncher.SearchLauncher,LIFECYCLER_RESUME_ACTIVITY,0]
06-13 11:41:57.673719  2041  2041 I wm_on_top_resumed_gained_called: [89257604,com.android.searchlauncher.SearchLauncher,topWhenResuming]
06-13 11:41:57.675084  1692  1692 I sysui_keyguard: [0,0]
06-13 11:41:57.675701  1692  1752 I jank_cuj_events_cancel_request: [23,1749804117675112000,9876928016772,6191893972522]
06-13 11:41:57.920202  1449  1557 I commit_sys_config_file: [settings-1-0,7]
06-13 11:41:57.940436  1692  1752 I jank_cuj_events_end_request: [55,1749804117940243000,9877193147234,6192159103368]
06-13 11:42:20.614675  1449  1484 I am_pss  : [23557,10149,com.google.android.youtube,270055424,245006336,661504,426487808,0,19,45]
06-13 11:42:21.675684  1449  1512 I sysui_multi_action: [757,1696,758,6,759,2]
06-13 11:42:27.814958  1449  1512 I sysui_multi_action: [757,1696,758,6,759,3]
06-13 11:42:28.156056  1692  1752 I jank_cuj_events_end_request: [55,1749804148155738000,9907408642620,6222374598755]
06-13 11:42:28.278517  1449  1571 I input_interaction: Interaction with: 4aedc2d com.android.launcher3/com.android.searchlauncher.SearchLauncher (server), d6c861b com.android.systemui.wallpapers.ImageWallpaper (server), PointerEventDispatcher0 (server), 
06-13 11:42:28.279525  2041  2810 I jank_cuj_events_begin_request: [25,1749804148279338000,9907532243851,6222498199985,]
06-13 11:42:28.280066  2041  2810 I jank_cuj_events_begin_request: [67,1749804148279462000,9907532363235,6222498319293,]
06-13 11:42:28.366712  2041  2810 I jank_cuj_events_cancel_request: [25,1749804148366551000,9907619456543,6222585412601]
06-13 11:42:28.366770  2041  2810 I jank_cuj_events_cancel_request: [67,1749804148366618000,9907619518697,6222585474755]
06-13 11:42:28.718039  1449  1571 I input_interaction: Interaction with: a575898 NavigationBar0 (server), PointerEventDispatcher0 (server), 
06-13 11:42:28.720645  1692  1692 I sysui_multi_action: [757,931,758,4,759,3,932,0,933,0]
06-13 11:42:28.813631  1692  1692 I sysui_multi_action: [757,931,758,4,759,3,932,0,933,1]
06-13 11:42:28.824357  1449  1472 I wm_new_intent: [0,89257604,411,com.android.launcher3/com.android.searchlauncher.SearchLauncher,android.intent.action.MAIN,NULL,NULL,268435712]
06-13 11:42:28.825261  1449  1472 I wm_task_moved: [1,1,0,1,1]
06-13 11:42:28.825413  2041  2041 I wm_on_top_resumed_lost_called: [89257604,com.android.searchlauncher.SearchLauncher,pausing]
06-13 11:42:28.826169  2041  2041 I wm_on_paused_called: [89257604,com.android.searchlauncher.SearchLauncher,performPause,1]
06-13 11:42:28.827007  1449  1472 I wm_set_keyguard_occluded: [0,0,0,setOccluded]
06-13 11:42:28.827470  2041  2041 I wm_on_resume_called: [89257604,com.android.searchlauncher.SearchLauncher,LIFECYCLER_RESUME_ACTIVITY,1]
06-13 11:42:28.827623  2041  2041 I wm_on_top_resumed_gained_called: [89257604,com.android.searchlauncher.SearchLauncher,topWhenResuming]
06-13 11:42:28.827731  1692  1692 I sysui_keyguard: [0,0]
06-13 11:42:28.828608  1692  1752 I jank_cuj_events_cancel_request: [23,1749804148827762000,9908080665697,6223046621755]
06-13 11:42:28.854249  1449  1484 I am_pss  : [23978,10185,com.google.android.adservices.api,32074752,27688960,741376,114872320,0,19,9]
06-13 11:42:28.865368  1449  1484 I am_pss  : [26576,10226,io.appium.uiautomator2.server,34195456,26660864,604160,112771072,0,4,9]
06-13 11:42:29.092348  1692  1752 I jank_cuj_events_end_request: [55,1749804149092150000,9908345054082,6223311010139]
06-13 11:42:48.337102  1449  1484 I am_pss  : [23557,10149,com.google.android.youtube,269910016,244871168,661504,426352640,0,19,45]
06-13 11:42:50.563369  1449  1484 I am_pss  : [23978,10185,com.google.android.adservices.api,32074752,27688960,741376,114872320,0,19,12]
06-13 11:42:50.578963  1449  1484 I am_pss  : [26576,10226,io.appium.uiautomator2.server,39724032,32190464,603136,118300672,0,4,14]
06-13 11:42:52.824002  1449  1512 I sysui_multi_action: [757,1696,758,6,759,2]
06-13 11:42:53.058809  1449  1484 I am_pss  : [25573,10130,com.google.android.apps.messaging,120669184,109809664,759808,210550784,0,19,21]
06-13 11:42:54.436877  1449  1485 I am_uid_idle: 10125
06-13 11:42:57.169420  1449  1485 I am_uid_idle: 10149
06-13 11:42:57.171138  1449  1485 I am_uid_idle: 10185
06-13 11:42:59.583724  1449  1512 I sysui_multi_action: [757,1696,758,6,759,3]
06-13 11:42:59.926109  1692  1752 I jank_cuj_events_end_request: [55,1749804179925957000,9939178861160,6254144817218]
06-13 11:43:00.027102  1449  1571 I input_interaction: Interaction with: 4aedc2d com.android.launcher3/com.android.searchlauncher.SearchLauncher (server), d6c861b com.android.systemui.wallpapers.ImageWallpaper (server), PointerEventDispatcher0 (server), 
06-13 11:43:00.028147  2041  2810 I jank_cuj_events_begin_request: [25,1749804180027954000,9939280862006,6254246818372,]
06-13 11:43:00.028237  2041  2810 I jank_cuj_events_begin_request: [67,1749804180028127000,9939281030699,6254246986987,]
06-13 11:43:00.121103  2041  2810 I jank_cuj_events_cancel_request: [25,1749804180120958000,9939373861776,6254339817833]
06-13 11:43:00.121184  2041  2810 I jank_cuj_events_cancel_request: [67,1749804180121020000,9939373920853,6254339876833]
06-13 11:43:00.443277  1449  1571 I input_interaction: Interaction with: a575898 NavigationBar0 (server), PointerEventDispatcher0 (server), 
06-13 11:43:00.445974  1692  1692 I sysui_multi_action: [757,931,758,4,759,3,932,0,933,0]
06-13 11:43:00.539207  1692  1692 I sysui_multi_action: [757,931,758,4,759,3,932,0,933,1]
06-13 11:43:00.551652  1449  1472 I wm_new_intent: [0,89257604,411,com.android.launcher3/com.android.searchlauncher.SearchLauncher,android.intent.action.MAIN,NULL,NULL,268435712]
06-13 11:43:00.552236  1449  1472 I wm_task_moved: [1,1,0,1,1]
06-13 11:43:00.552476  2041  2041 I wm_on_top_resumed_lost_called: [89257604,com.android.searchlauncher.SearchLauncher,pausing]
06-13 11:43:00.552905  2041  2041 I wm_on_paused_called: [89257604,com.android.searchlauncher.SearchLauncher,performPause,0]
06-13 11:43:00.553116  1449  1472 I wm_set_keyguard_occluded: [0,0,0,setOccluded]
06-13 11:43:00.553848  2041  2041 I wm_on_resume_called: [89257604,com.android.searchlauncher.SearchLauncher,LIFECYCLER_RESUME_ACTIVITY,0]
06-13 11:43:00.553990  2041  2041 I wm_on_top_resumed_gained_called: [89257604,com.android.searchlauncher.SearchLauncher,topWhenResuming]
06-13 11:43:00.555264  1692  1692 I sysui_keyguard: [0,0]
06-13 11:43:00.556186  1692  1752 I jank_cuj_events_cancel_request: [23,1749804180555290000,9939808195930,6254774151987]
06-13 11:43:00.819693  1692  1752 I jank_cuj_events_end_request: [55,1749804180818550000,9940071453391,6255037409526]
06-13 11:43:07.297997  1449  3273 I am_crash: [26576,0,io.appium.uiautomator2.server,816365126,android.os.DeadObjectException,Error while disconnecting UiAutomation@62feded[id=-1, displayId=0, flags=0],BinderProxy.java,-2,0]
06-13 11:43:07.330578  1449  1557 I commit_sys_config_file: [settings-2-0,9]
06-13 11:43:07.343042  1449  3267 I am_proc_died: [0,26576,io.appium.uiautomator2.server,0,4]
06-13 11:43:07.343481  1449  3267 I am_uid_stopped: 10226
06-13 11:43:07.528260  1449  1557 I commit_sys_config_file: [settings-0-0,8]
06-13 11:43:22.252287  1449  1484 I am_pss  : [2041,1000,com.android.launcher3,107937792,89882624,6138880,209297408,0,2,25]
06-13 11:43:24.555796  1449  1512 I sysui_multi_action: [757,1696,758,6,759,2]
06-13 11:43:30.555270  1449  1512 I power_sleep_requested: 0
06-13 11:43:30.630443  1449  1512 I sysui_multi_action: [757,1696,758,6,759,0]
06-13 11:43:30.771216  2041  2041 I wm_on_top_resumed_lost_called: [89257604,com.android.searchlauncher.SearchLauncher,topStateChangedWhenResumed]
06-13 11:43:30.771951  1449  1512 I wm_pause_activity: [0,89257604,com.android.launcher3/com.android.searchlauncher.SearchLauncher,userLeaving=false,sleep]
06-13 11:43:30.779647  2041  2041 I wm_on_paused_called: [89257604,com.android.searchlauncher.SearchLauncher,performPause,0]
06-13 11:43:30.780401  1449  3277 I wm_add_to_stopping: [0,89257604,com.android.launcher3/com.android.searchlauncher.SearchLauncher,completePauseLocked]
06-13 11:43:30.786435  1449  1471 I sysui_multi_action: [757,803,799,window_time_0,802,94]
06-13 11:43:30.795417  1449  1475 I input_focus: [Requesting to set focus to null window,reason=UpdateInputWindows]
06-13 11:43:30.797918  1449  1474 I wm_stop_activity: [0,89257604,com.android.launcher3/com.android.searchlauncher.SearchLauncher]
06-13 11:43:30.805417  1449  1475 I wm_wallpaper_surface: [0,0,Window{4aedc2d u0 com.android.launcher3/com.android.searchlauncher.SearchLauncher}]
06-13 11:43:30.829730  2041  2041 I wm_on_stop_called: [89257604,com.android.searchlauncher.SearchLauncher,STOP_ACTIVITY_ITEM,7]
06-13 11:43:30.881068  1692  1752 I jank_cuj_events_end_request: [55,1749804210880810000,9970133714008,6285099669835]
06-13 11:43:31.130606  1449  1571 I input_focus: [Focus leaving 4aedc2d com.android.launcher3/com.android.searchlauncher.SearchLauncher (server),reason=Waiting for window because NO_WINDOW]
06-13 11:43:31.131436  1449  1449 I screen_toggled: 0
06-13 11:43:31.131753  1449  1449 I sysui_multi_action: [757,804,799,screen_timeout,801,30,802,1]
06-13 11:43:31.144003  1449  1449 I sysui_multi_action: [757,1594,758,4,759,-2147483648,1359,102359]
06-13 11:43:31.144399  1449  1449 I sysui_multi_action: [757,198,758,2,759,3,1359,581,1695,2]
06-13 11:43:31.144573  1449  1449 I power_screen_state: [0,3,0,0,581]
06-13 11:43:31.144739  1449  1449 I power_screen_broadcast_send: 1
06-13 11:43:31.207095  1449  1449 I battery_saving_stats: [0,1,0,102846,0,0,554674,0,0]
06-13 11:43:31.291000  1449  1471 I power_screen_broadcast_done: [0,146,1]
06-13 11:43:31.461124  1692  1752 I jank_cuj_events_end_request: [55,1749804211460813000,9970713716778,6285679672912]
06-13 11:44:12.036249  1449  1557 I commit_sys_config_file: [settings-0-0,8]
06-13 11:44:14.304751  1449  1449 I notification_cancel_all: [1000,1449,io.appium.uiautomator2.server,0,0,0,5,NULL]
06-13 11:44:14.343821  1449  1449 I notification_cancel_all: [1000,1449,io.appium.uiautomator2.server.test,0,0,0,5,NULL]
06-13 11:44:14.763000 26882 26882 I auditd  : type=1400 audit(0.0:845): avc:  denied  { read } for  comm="main" name="u:object_r:build_attestation_prop:s0" dev="tmpfs" ino=8398 scontext=u:r:shell:s0 tcontext=u:object_r:build_attestation_prop:s0 tclass=file permissive=0
06-13 11:44:14.763000 26882 26882 I auditd  : type=1400 audit(0.0:846): avc:  denied  { read } for  comm="main" name="u:object_r:build_attestation_prop:s0" dev="tmpfs" ino=8398 scontext=u:r:shell:s0 tcontext=u:object_r:build_attestation_prop:s0 tclass=file permissive=0
06-13 11:44:14.763000 26882 26882 I auditd  : type=1400 audit(0.0:847): avc:  denied  { read } for  comm="main" name="u:object_r:build_attestation_prop:s0" dev="tmpfs" ino=8398 scontext=u:r:shell:s0 tcontext=u:object_r:build_attestation_prop:s0 tclass=file permissive=0
06-13 11:44:14.767000 26882 26882 I auditd  : type=1400 audit(0.0:848): avc:  denied  { read } for  comm="main" name="u:object_r:system_mtk_app32_boost_prop:s0" dev="tmpfs" ino=8618 scontext=u:r:shell:s0 tcontext=u:object_r:system_mtk_app32_boost_prop:s0 tclass=file permissive=0
06-13 11:44:14.767000 26882 26882 I auditd  : type=1400 audit(0.0:849): avc:  denied  { read } for  comm="main" name="u:object_r:system_mtk_app32_boost_prop:s0" dev="tmpfs" ino=8618 scontext=u:r:shell:s0 tcontext=u:object_r:system_mtk_app32_boost_prop:s0 tclass=file permissive=0
06-13 11:44:14.767000 26882 26882 I auditd  : type=1400 audit(0.0:850): avc:  denied  { read } for  comm="main" name="u:object_r:system_mtk_app32_boost_prop:s0" dev="tmpfs" ino=8618 scontext=u:r:shell:s0 tcontext=u:object_r:system_mtk_app32_boost_prop:s0 tclass=file permissive=0
06-13 11:44:14.795510  1449  3260 I am_uid_running: 10226
06-13 11:44:14.816231  1449  1486 I am_proc_start: [0,26897,10226,io.appium.uiautomator2.server,added application,io.appium.uiautomator2.server]
06-13 11:44:14.823000 26897 26897 I auditd  : type=1400 audit(0.0:851): avc:  denied  { read } for  comm="main" name="u:object_r:vendor_prize_fp_prop:s0" dev="tmpfs" ino=8979 scontext=u:r:untrusted_app:s0:c226,c256,c512,c768 tcontext=u:object_r:vendor_prize_fp_prop:s0 tclass=file permissive=0 app=io.appium.uiautomator2.server
06-13 11:44:14.869108  1449  3267 I am_proc_bound: [0,26897,io.appium.uiautomator2.server]
06-13 11:44:14.872949  1449  3267 I am_uid_active: 10226
06-13 11:44:16.181421  1449  1449 I screen_toggled: 1
06-13 11:44:16.187552  1449  1449 I power_screen_broadcast_send: 1
06-13 11:44:16.207215  1449  1512 I wm_set_resumed_activity: [0,com.android.launcher3/com.android.searchlauncher.SearchLauncher,resumeTopActivity - onActivityStateChanged]
06-13 11:44:16.211992  1449  1512 I wm_resume_activity: [0,89257604,411,com.android.launcher3/com.android.searchlauncher.SearchLauncher]
06-13 11:44:16.214134  2041  2041 I wm_on_restart_called: [89257604,com.android.searchlauncher.SearchLauncher,performRestart,0]
06-13 11:44:16.221753  2041  2041 I wm_on_start_called: [89257604,com.android.searchlauncher.SearchLauncher,handleStartActivity,7]
06-13 11:44:16.224820  2041  2041 I wm_on_resume_called: [89257604,com.android.searchlauncher.SearchLauncher,RESUME_ACTIVITY,1]
06-13 11:44:16.225044  2041  2041 I wm_on_top_resumed_gained_called: [89257604,com.android.searchlauncher.SearchLauncher,topWhenResuming]
06-13 11:44:16.227621  1449  1512 I sysui_multi_action: [757,1696,758,6,759,3]
06-13 11:44:16.247373  1449  1475 I input_focus: [Focus request 4aedc2d com.android.launcher3/com.android.searchlauncher.SearchLauncher,reason=UpdateInputWindows]
06-13 11:44:16.282716  1449  1449 I battery_saving_stats: [0,0,0,45076,0,0,4936934,-58920,-2]
06-13 11:44:16.291597  1449  1475 I wm_wallpaper_surface: [0,1,Window{4aedc2d u0 com.android.launcher3/com.android.searchlauncher.SearchLauncher}]
06-13 11:44:16.358696  1449  1557 I commit_sys_config_file: [settings-2-0,14]
06-13 11:44:16.382209  1449  1471 I power_screen_broadcast_done: [1,194,1]
06-13 11:44:16.691400  1449  1512 I sysui_latency: [5,512]
06-13 11:44:16.693561  1449  1449 I sysui_multi_action: [757,198,758,1,759,1,1359,527,1694,6]
06-13 11:44:16.693660  1449  1449 I power_screen_state: [1,0,0,0,527]
06-13 11:44:16.698620  1449  1571 I input_focus: [Focus entering 4aedc2d com.android.launcher3/com.android.searchlauncher.SearchLauncher (server),reason=setFocusedWindow]
06-13 11:44:16.831000 26897 26897 I auditd  : type=1400 audit(0.0:852): avc:  denied  { read } for  comm="Thread-5" name="somaxconn" dev="proc" ino=237550 scontext=u:r:untrusted_app:s0:c226,c256,c512,c768 tcontext=u:object_r:proc_net:s0 tclass=file permissive=0 app=io.appium.uiautomator2.server
06-13 11:44:19.845357  1692  1752 I jank_cuj_events_end_request: [55,1749804259845179000,10019098082319,6334064038377]
06-13 11:44:19.946286  1449  1571 I input_interaction: Interaction with: 4aedc2d com.android.launcher3/com.android.searchlauncher.SearchLauncher (server), d6c861b com.android.systemui.wallpapers.ImageWallpaper (server), PointerEventDispatcher0 (server), 
06-13 11:44:19.947236  2041  2810 I jank_cuj_events_begin_request: [25,1749804259947097000,10019200000780,6334165956838,]
06-13 11:44:19.947330  2041  2810 I jank_cuj_events_begin_request: [67,1749804259947196000,10019200096857,6334166052838,]
06-13 11:44:20.041250  2041  2810 I jank_cuj_events_cancel_request: [25,1749804260041070000,10019293973780,6334259929838]
06-13 11:44:20.041295  2041  2810 I jank_cuj_events_cancel_request: [67,1749804260041112000,10019294013396,6334259969223]
06-13 11:44:20.420191  1449  1571 I input_interaction: Interaction with: a575898 NavigationBar0 (server), PointerEventDispatcher0 (server), 
06-13 11:44:20.423039  1692  1692 I sysui_multi_action: [757,931,758,4,759,3,932,0,933,0]
06-13 11:44:20.509738  1692  1692 I sysui_multi_action: [757,931,758,4,759,3,932,0,933,1]
06-13 11:44:20.522514  1449  1472 I wm_new_intent: [0,89257604,411,com.android.launcher3/com.android.searchlauncher.SearchLauncher,android.intent.action.MAIN,NULL,NULL,268435712]
06-13 11:44:20.523274  1449  1472 I wm_task_moved: [1,1,0,1,1]
06-13 11:44:20.523530  2041  2041 I wm_on_top_resumed_lost_called: [89257604,com.android.searchlauncher.SearchLauncher,pausing]
06-13 11:44:20.523976  2041  2041 I wm_on_paused_called: [89257604,com.android.searchlauncher.SearchLauncher,performPause,0]
06-13 11:44:20.524604  1449  1472 I wm_set_keyguard_occluded: [0,0,0,setOccluded]
06-13 11:44:20.524819  2041  2041 I wm_on_resume_called: [89257604,com.android.searchlauncher.SearchLauncher,LIFECYCLER_RESUME_ACTIVITY,0]
06-13 11:44:20.524947  2041  2041 I wm_on_top_resumed_gained_called: [89257604,com.android.searchlauncher.SearchLauncher,topWhenResuming]
06-13 11:44:20.525520  1692  1692 I sysui_keyguard: [0,0]
06-13 11:44:20.525666  1692  1752 I jank_cuj_events_cancel_request: [23,1749804260525555000,10019778458627,6334744414684]
06-13 11:44:20.782249  1692  1752 I jank_cuj_events_end_request: [55,1749804260782023000,10020034926934,6335000882761]
06-13 11:44:24.317029  1449  1515 I commit_sys_config_file: [package-user-0,22]
06-13 11:44:42.309672  1449  1571 I input_interaction: Interaction with: 4aedc2d com.android.launcher3/com.android.searchlauncher.SearchLauncher (server), d6c861b com.android.systemui.wallpapers.ImageWallpaper (server), PointerEventDispatcher0 (server), 
06-13 11:44:42.311421  2041  2810 I jank_cuj_events_begin_request: [25,1749804282311054000,10041563961705,6356529918686,]
06-13 11:44:42.311516  2041  2810 I jank_cuj_events_begin_request: [67,1749804282311342000,10041564246628,6356530202993,]
06-13 11:44:42.370878  2041  2810 I jank_cuj_events_cancel_request: [25,1749804282370688000,10041623591859,6356589547686]
06-13 11:44:42.370926  2041  2810 I jank_cuj_events_cancel_request: [67,1749804282370728000,10041623628859,6356589584839]
06-13 11:44:42.412261  1449  2869 I wm_task_created: 435
06-13 11:44:42.424468  1449  2869 I wm_task_moved: [435,435,0,1,2]
06-13 11:44:42.424637  1449  2869 I wm_task_to_front: [0,435,0]
06-13 11:44:42.425927  1449  2869 I wm_create_task: [0,435,435,0]
06-13 11:44:42.426059  1449  2869 I wm_create_activity: [0,210358084,435,com.android.chrome/com.google.android.apps.chrome.Main,android.intent.action.MAIN,NULL,NULL,270532608]
06-13 11:44:42.426857  1449  2869 I wm_task_moved: [435,435,0,1,2]
06-13 11:44:42.430255  1449  2869 I wm_pause_activity: [0,89257604,com.android.launcher3/com.android.searchlauncher.SearchLauncher,userLeaving=true,pauseBackTasks]
06-13 11:44:42.440652  1449  1474 I am_uid_running: 10152
06-13 11:44:42.442330  2041  2041 I wm_on_top_resumed_lost_called: [89257604,com.android.searchlauncher.SearchLauncher,topStateChangedWhenResumed]
06-13 11:44:42.449477  2041  2041 I wm_on_paused_called: [89257604,com.android.searchlauncher.SearchLauncher,performPause,0]
06-13 11:44:42.454836  1449  1486 I am_proc_start: [0,26958,10152,com.android.chrome,next-top-activity,{com.android.chrome/com.google.android.apps.chrome.Main}]
06-13 11:44:42.458402  1449  3267 I wm_add_to_stopping: [0,89257604,com.android.launcher3/com.android.searchlauncher.SearchLauncher,makeInvisible]
06-13 11:44:42.459353  1449  1471 I sysui_multi_action: [757,803,799,window_time_0,802,71]
06-13 11:44:42.467000 26958 26958 I auditd  : type=1400 audit(0.0:853): avc:  denied  { read } for  comm="main" name="u:object_r:vendor_prize_fp_prop:s0" dev="tmpfs" ino=8979 scontext=u:r:untrusted_app:s0:c152,c256,c512,c768 tcontext=u:object_r:vendor_prize_fp_prop:s0 tclass=file permissive=0 app=com.android.chrome
06-13 11:44:42.481391  1449  1571 I input_focus: [Focus leaving 4aedc2d com.android.launcher3/com.android.searchlauncher.SearchLauncher (server),reason=NO_WINDOW]
06-13 11:44:42.484771  1449  1484 I am_pss  : [26897,10226,io.appium.uiautomator2.server,30563328,23048192,591872,109215744,0,4,10]
06-13 11:44:42.487580  1449  2969 I am_proc_bound: [0,26958,com.android.chrome]
06-13 11:44:42.494665  1449  1484 I am_pss  : [25662,10115,com.google.android.as.oss,12416000,5992448,770048,85389312,0,19,9]
06-13 11:44:42.509541  1449  2969 I wm_restart_activity: [0,210358084,435,com.android.chrome/com.google.android.apps.chrome.Main]
06-13 11:44:42.510487  1449  2969 I wm_set_resumed_activity: [0,com.android.chrome/com.google.android.apps.chrome.Main,minimalResumeActivityLocked - onActivityStateChanged]
06-13 11:44:42.514711  1449  1474 I am_uid_active: 10152
06-13 11:44:42.514882  2041  2810 I jank_cuj_events_begin_request: [8,1749804282514363000,10041767268859,6356733225147,]
06-13 11:44:42.517645   498   498 I auditd  : avc:  denied  { add } for pid=1449 uid=1000 name=vendor.mediatek.hardware.mbrainj.IMBrainJava/default scontext=u:r:system_server:s0 tcontext=u:object_r:default_android_service:s0 tclass=service_manager permissive=0
06-13 11:44:42.777801  1449  2869 I wm_task_moved: [435,435,0,1,2]
06-13 11:44:42.777909  1449  2869 I wm_create_activity: [0,157663040,435,com.android.chrome/org.chromium.chrome.browser.firstrun.FirstRunActivity,NULL,NULL,NULL,8388608]
06-13 11:44:42.781571  1449  2869 I wm_pause_activity: [0,210358084,com.android.chrome/com.google.android.apps.chrome.Main,userLeaving=true,resumeTopActivity]
06-13 11:44:42.854296  1449  3267 I wm_finish_activity: [0,210358084,435,com.android.chrome/com.google.android.apps.chrome.Main,app-request]
06-13 11:44:42.854926 26958 26958 I wm_on_create_called: [210358084,com.google.android.apps.chrome.Main,performCreate,126]
06-13 11:44:42.862247  1449  3260 I wm_add_to_stopping: [0,210358084,com.android.chrome/com.google.android.apps.chrome.Main,completeFinishing]
06-13 11:44:42.864660  1449  3260 I wm_restart_activity: [0,157663040,435,com.android.chrome/org.chromium.chrome.browser.firstrun.FirstRunActivity]
06-13 11:44:42.865507  1449  3260 I wm_set_resumed_activity: [0,com.android.chrome/org.chromium.chrome.browser.firstrun.FirstRunActivity,minimalResumeActivityLocked - onActivityStateChanged]
06-13 11:44:42.867447  1449  1471 I sysui_multi_action: [757,803,799,window_time_0,802,1]
06-13 11:44:42.885639  2041  2810 I jank_cuj_events_end_request: [8,1749804282885328000,10042138244782,6357104201840]
06-13 11:44:42.913028  1449  1475 I wm_wallpaper_surface: [0,0,null]
06-13 11:44:42.972870  1449  1486 I am_proc_start: [0,27002,1000,com.android.settings,content provider,{com.android.settings/com.android.settings.chrome.PartnerHomepageProviderExample}]
06-13 11:44:42.987505 26958 26958 I wm_on_create_called: [157663040,org.chromium.chrome.browser.firstrun.FirstRunActivity,performCreate,85]
06-13 11:44:42.989471 26958 26958 I wm_on_start_called: [157663040,org.chromium.chrome.browser.firstrun.FirstRunActivity,handleStartActivity,1]
06-13 11:44:42.992640 26958 26958 I wm_on_resume_called: [157663040,org.chromium.chrome.browser.firstrun.FirstRunActivity,RESUME_ACTIVITY,0]
06-13 11:44:43.002392   498   498 I auditd  : avc:  denied  { find } for pid=26958 uid=10152 name=vendor.mediatek.hardware.mbrain.IMBrain/default scontext=u:r:untrusted_app:s0:c152,c256,c512,c768 tcontext=u:object_r:default_android_service:s0 tclass=service_manager permissive=0
06-13 11:44:42.999000 27002 27002 I auditd  : type=1400 audit(0.0:854): avc:  denied  { read } for  comm="main" name="u:object_r:vendor_prize_fp_prop:s0" dev="tmpfs" ino=8979 scontext=u:r:system_app:s0 tcontext=u:object_r:vendor_prize_fp_prop:s0 tclass=file permissive=0
06-13 11:44:43.019329  1449  2869 I am_proc_bound: [0,27002,com.android.settings]
06-13 11:44:43.023294 26958 26958 I wm_on_top_resumed_gained_called: [157663040,org.chromium.chrome.browser.firstrun.FirstRunActivity,topStateChangedWhenResumed]
06-13 11:44:43.039765  1449  1475 I input_focus: [Focus request 55b8283 com.android.chrome/org.chromium.chrome.browser.firstrun.FirstRunActivity,reason=UpdateInputWindows]
06-13 11:44:43.201656   498   498 I auditd  : avc:  denied  { find } for pid=26958 uid=10152 name=vendor.mediatek.hardware.mbrain.IMBrain/default scontext=u:r:untrusted_app:s0:c152,c256,c512,c768 tcontext=u:object_r:default_android_service:s0 tclass=service_manager permissive=0
06-13 11:44:43.210708  1692  1752 I jank_cuj_events_begin_request: [39,1749804283210585000,10042463490013,6357429446455,]
06-13 11:44:43.211844  1449  1471 I sysui_multi_action: [319,123,321,118,322,834,325,6356,757,761,758,7,759,1,806,com.android.chrome,871,org.chromium.chrome.browser.firstrun.FirstRunActivity,904,com.android.chrome,905,0,945,132,1320,8,1321,5]
06-13 11:44:43.212583  1449  1471 I wm_activity_launch_time: [0,157663040,com.android.chrome/org.chromium.chrome.browser.firstrun.FirstRunActivity,834]
06-13 11:44:43.213853  1449  1571 I input_focus: [Focus entering 55b8283 com.android.chrome/org.chromium.chrome.browser.firstrun.FirstRunActivity (server),reason=Window became focusable. Previous reason: NOT_VISIBLE]
06-13 11:44:43.225392  1449  3267 I wm_stop_activity: [0,89257604,com.android.launcher3/com.android.searchlauncher.SearchLauncher]
06-13 11:44:43.225876  1449  3267 I wm_destroy_activity: [0,210358084,435,com.android.chrome/com.google.android.apps.chrome.Main,finish-imm:idle]
06-13 11:44:43.238319 26958 26958 I wm_on_destroy_called: [210358084,com.google.android.apps.chrome.Main,performDestroy,11]
06-13 11:44:43.239260  2041  2041 I wm_on_stop_called: [89257604,com.android.searchlauncher.SearchLauncher,STOP_ACTIVITY_ITEM,13]
06-13 11:44:43.242185   498   498 I auditd  : avc:  denied  { add } for pid=1449 uid=1000 name=vendor.mediatek.hardware.mbrainj.IMBrainJava/default scontext=u:r:system_server:s0 tcontext=u:object_r:default_android_service:s0 tclass=service_manager permissive=0
06-13 11:44:43.489757  1449  1539 I am_uid_running: 90000
06-13 11:44:43.519000 27053 27053 I auditd  : type=1400 audit(0.0:855): avc:  denied  { read } for  comm="main" name="u:object_r:vendor_prize_fp_prop:s0" dev="tmpfs" ino=8979 scontext=u:r:app_zygote:s0:c512,c768 tcontext=u:object_r:vendor_prize_fp_prop:s0 tclass=file permissive=0 app=com.android.chrome
06-13 11:44:43.572000  1692  1752 I jank_cuj_events_end_request: [39,1749804283571507000,10042824424474,6357790381763]
06-13 11:44:43.644850  1449  1486 I am_proc_start: [0,27076,90000,com.android.chrome:sandboxed_process0:org.chromium.content.app.SandboxedProcessService0:0,,{com.android.chrome/org.chromium.content.app.SandboxedProcessService0:0}]
06-13 11:44:43.647000 27076 27076 I auditd  : type=1400 audit(0.0:856): avc:  denied  { read } for  comm="d.chrome_zygote" name="u:object_r:vendor_prize_fp_prop:s0" dev="tmpfs" ino=8979 scontext=u:r:isolated_app:s0:c512,c768 tcontext=u:object_r:vendor_prize_fp_prop:s0 tclass=file permissive=0
06-13 11:44:43.667142  1449  2869 I am_uid_running: 10124
06-13 11:44:43.670989  1449  3260 I am_proc_bound: [0,27076,com.android.chrome:sandboxed_process0:org.chromium.content.app.SandboxedProcessService0:0]
06-13 11:44:43.673736  1449  3260 I am_uid_active: 90000
06-13 11:44:43.686231  1449  1486 I am_proc_start: [0,27093,10124,com.android.vending,service,{com.android.vending/com.google.android.finsky.installservice.DevTriggeredUpdateService}]
06-13 11:44:43.703000 27093 27093 I auditd  : type=1400 audit(0.0:857): avc:  denied  { read } for  comm="main" name="u:object_r:vendor_prize_fp_prop:s0" dev="tmpfs" ino=8979 scontext=u:r:priv_app:s0:c512,c768 tcontext=u:object_r:vendor_prize_fp_prop:s0 tclass=file permissive=0 app=com.android.vending
06-13 11:44:43.713094  1449  3260 I am_uid_active: 10185
06-13 11:44:43.738058  1449  3268 I am_proc_bound: [0,27093,com.android.vending]
06-13 11:44:43.741756  1449  3268 I am_uid_active: 10124
06-13 11:44:43.969893  1449  1449 I notification_cancel_all: [1000,1449,com.android.vending,0,0,0,20,NULL]
06-13 11:44:43.972461  1449  1449 I notification_cancel_all: [1000,1449,com.android.vending,0,0,0,20,NULL]
06-13 11:44:43.973376  1449  1449 I notification_cancel_all: [1000,1449,com.android.vending,0,0,0,20,NULL]
06-13 11:44:43.973532  1449  1449 I notification_cancel_all: [1000,1449,com.android.vending,0,0,0,20,NULL]
06-13 11:44:43.976392  1449  1449 I notification_cancel_all: [1000,1449,com.android.vending,0,0,0,20,NULL]
06-13 11:44:44.006861  1449  1486 I am_proc_start: [0,27166,10122,com.google.process.gapps,content provider,{com.google.android.gsf/com.google.android.gsf.settings.GoogleSettingsProvider}]
06-13 11:44:44.051000 27166 27166 I auditd  : type=1400 audit(0.0:858): avc:  denied  { read } for  comm="main" name="u:object_r:vendor_prize_fp_prop:s0" dev="tmpfs" ino=8979 scontext=u:r:priv_app:s0:c512,c768 tcontext=u:object_r:vendor_prize_fp_prop:s0 tclass=file permissive=0 app=com.google.android.gms
06-13 11:44:44.081498  1449  3260 I am_proc_bound: [0,27166,com.google.process.gapps]
06-13 11:44:44.186708   498   498 I auditd  : avc:  denied  { find } for pid=27166 uid=10122 name=vendor.mediatek.hardware.mbrain.IMBrain/default scontext=u:r:priv_app:s0:c512,c768 tcontext=u:object_r:default_android_service:s0 tclass=service_manager permissive=0
06-13 11:44:44.233470  1449  1486 I am_proc_start: [0,27235,10124,com.android.vending:background,service,{com.android.vending/com.google.frameworks.client.data.android.server.play.BackgroundProcessEndpointService}]
06-13 11:44:44.244104  1449  1473 I commit_sys_config_file: [notification-policy,6340993]
06-13 11:44:44.239000 27235 27235 I auditd  : type=1400 audit(0.0:859): avc:  denied  { read } for  comm="main" name="u:object_r:vendor_prize_fp_prop:s0" dev="tmpfs" ino=8979 scontext=u:r:priv_app:s0:c512,c768 tcontext=u:object_r:vendor_prize_fp_prop:s0 tclass=file permissive=0 app=com.android.vending
06-13 11:44:44.261684  1449  2869 I am_proc_bound: [0,27235,com.android.vending:background]
06-13 11:44:45.061402  1449  1571 I input_interaction: Interaction with: a575898 NavigationBar0 (server), PointerEventDispatcher0 (server), 
06-13 11:44:45.063965  1692  1692 I sysui_multi_action: [757,931,758,4,759,3,932,0,933,0]
06-13 11:44:45.142340  1692  1692 I sysui_multi_action: [757,931,758,4,759,3,932,0,933,1]
06-13 11:44:45.154775  1449  1472 I wm_task_moved: [1,1,0,1,2]
06-13 11:44:45.155015  1449  1472 I wm_task_moved: [411,1,0,1,2147483647]
06-13 11:44:45.155053  1449  1472 I wm_task_to_front: [0,411,0]
06-13 11:44:45.155238 26958 26958 I wm_on_top_resumed_lost_called: [157663040,org.chromium.chrome.browser.firstrun.FirstRunActivity,topStateChangedWhenResumed]
06-13 11:44:45.155329  1449  1472 I wm_focused_root_task: [0,0,1,435,bringingFoundTaskToFront]
06-13 11:44:45.156426  1449  1472 I wm_set_resumed_activity: [0,com.android.launcher3/com.android.searchlauncher.SearchLauncher,bringingFoundTaskToFront]
06-13 11:44:45.156736  1449  1472 I wm_new_intent: [0,89257604,411,com.android.launcher3/com.android.searchlauncher.SearchLauncher,android.intent.action.MAIN,NULL,NULL,268435712]
06-13 11:44:45.157225  1449  1472 I wm_pause_activity: [0,157663040,com.android.chrome/org.chromium.chrome.browser.firstrun.FirstRunActivity,userLeaving=true,pauseBackTasks]
06-13 11:44:45.160809  1449  1472 I wm_add_to_stopping: [0,157663040,com.android.chrome/org.chromium.chrome.browser.firstrun.FirstRunActivity,makeInvisible]
06-13 11:44:45.161191  1449  1471 I sysui_multi_action: [757,803,799,window_time_0,802,2]
06-13 11:44:45.162156  1449  1472 I wm_set_resumed_activity: [0,com.android.launcher3/com.android.searchlauncher.SearchLauncher,resumeTopActivity - onActivityStateChanged]
06-13 11:44:45.163051  1449  1472 I wm_resume_activity: [0,89257604,411,com.android.launcher3/com.android.searchlauncher.SearchLauncher]
06-13 11:44:45.164724  2041  2041 I wm_on_restart_called: [89257604,com.android.searchlauncher.SearchLauncher,performRestart,0]
06-13 11:44:45.169963  1449  1475 I input_focus: [Requesting to set focus to null window,reason=UpdateInputWindows]
06-13 11:44:45.172178  2041  2041 I wm_on_start_called: [89257604,com.android.searchlauncher.SearchLauncher,handleStartActivity,7]
06-13 11:44:45.174610  2041  2041 I wm_on_resume_called: [89257604,com.android.searchlauncher.SearchLauncher,RESUME_ACTIVITY,0]
06-13 11:44:45.175728 26958 26958 I wm_on_paused_called: [157663040,org.chromium.chrome.browser.firstrun.FirstRunActivity,performPause,6]
06-13 11:44:45.188365  1449  1571 I input_focus: [Focus leaving 55b8283 com.android.chrome/org.chromium.chrome.browser.firstrun.FirstRunActivity (server),reason=Waiting for window because NO_WINDOW]
06-13 11:44:45.193757  1449  1475 I input_focus: [Focus request 4aedc2d com.android.launcher3/com.android.searchlauncher.SearchLauncher,reason=UpdateInputWindows]
06-13 11:44:45.218218   498   498 I auditd  : avc:  denied  { add } for pid=1449 uid=1000 name=vendor.mediatek.hardware.mbrainj.IMBrainJava/default scontext=u:r:system_server:s0 tcontext=u:object_r:default_android_service:s0 tclass=service_manager permissive=0
06-13 11:44:45.228597  2041  2041 I wm_on_top_resumed_gained_called: [89257604,com.android.searchlauncher.SearchLauncher,topStateChangedWhenResumed]
06-13 11:44:45.232136  1449  1475 I wm_wallpaper_surface: [0,1,Window{4aedc2d u0 com.android.launcher3/com.android.searchlauncher.SearchLauncher}]
06-13 11:44:45.262014  1449  1471 I sysui_multi_action: [319,106,322,83,325,6359,757,761,758,9,759,2,806,com.android.launcher3,871,com.android.searchlauncher.SearchLauncher,905,0,1320,8,1321,25]
06-13 11:44:45.281403  2041  2810 I jank_cuj_events_begin_request: [9,1749804285280433000,10044533336782,6359499292609,]
06-13 11:44:45.302185  1449  1571 I input_focus: [Focus entering 4aedc2d com.android.launcher3/com.android.searchlauncher.SearchLauncher (server),reason=Window became focusable. Previous reason: NOT_VISIBLE]
06-13 11:44:45.414694  1692  1752 I jank_cuj_events_end_request: [55,1749804285414563000,10044667467551,6359633423686]
06-13 11:44:45.820755  2041  2810 I jank_cuj_events_end_request: [9,1749804285820516000,10045073419244,6360039375070]
06-13 11:44:45.829069  1449  1474 I wm_stop_activity: [0,157663040,com.android.chrome/org.chromium.chrome.browser.firstrun.FirstRunActivity]
06-13 11:44:45.876111 26958 26958 I wm_on_stop_called: [157663040,org.chromium.chrome.browser.firstrun.FirstRunActivity,STOP_ACTIVITY_ITEM,6]
06-13 11:44:51.584814  1692  1752 I jank_cuj_events_end_request: [55,1749804291584458000,10050837361475,6365803317455]
06-13 11:44:51.685069  1449  1571 I input_interaction: Interaction with: 4aedc2d com.android.launcher3/com.android.searchlauncher.SearchLauncher (server), d6c861b com.android.systemui.wallpapers.ImageWallpaper (server), PointerEventDispatcher0 (server), 
06-13 11:44:51.686139  2041  2810 I jank_cuj_events_begin_request: [25,1749804291685958000,10050938862090,6365904818379,]
06-13 11:44:51.686214  2041  2810 I jank_cuj_events_begin_request: [67,1749804291686074000,10050938975013,6365904931071,]
06-13 11:44:51.775910  2041  2810 I jank_cuj_events_cancel_request: [25,1749804291775785000,10051028689167,6365994645148]
06-13 11:44:51.775969  2041  2810 I jank_cuj_events_cancel_request: [67,1749804291775841000,10051028741705,6365994697840]
06-13 11:44:52.084375  1449  3260 I wm_destroy_activity: [0,157663040,435,com.android.chrome/org.chromium.chrome.browser.firstrun.FirstRunActivity,finish-imm:recent-task-trimmed]
06-13 11:44:52.091791  1449  1471 I sysui_multi_action: [757,803,799,window_time_0,802,7]
06-13 11:44:52.093982  1449  1474 I am_kill : [0,10990,com.mediatek.engineermode,500,empty #11]
06-13 11:44:52.095482  1449  1474 I am_kill : [0,25662,com.google.android.as.oss,945,empty #12]
06-13 11:44:52.096092  1449  1474 I am_kill : [0,25688,com.google.android.as.oss:learning_bg,955,empty #13]
06-13 11:44:52.096599  1449  1474 I am_kill : [0,25573,com.google.android.apps.messaging,985,empty #14]
06-13 11:44:52.098394  1449  1474 I am_kill : [0,27076,com.android.chrome:sandboxed_process0:org.chromium.content.app.SandboxedProcessService0:0,905,remove task]
06-13 11:44:52.098903  1449  1474 I am_kill : [0,26958,com.android.chrome,900,remove task]
06-13 11:44:52.127499  1449  1571 I input_interaction: Interaction with: a575898 NavigationBar0 (server), PointerEventDispatcher0 (server), 
06-13 11:44:52.134381  1692  1692 I sysui_multi_action: [757,931,758,4,759,3,932,0,933,0]
06-13 11:44:52.151290  1449  3260 I am_proc_died: [0,27076,com.android.chrome:sandboxed_process0:org.chromium.content.app.SandboxedProcessService0:0,905,19]
06-13 11:44:52.152229  1449  3260 I am_schedule_service_restart: [0,com.android.chrome/org.chromium.content.app.SandboxedProcessService0:0,1000]
06-13 11:44:52.152380  1449  3260 I am_uid_stopped: 90000
