06-13 13:00:01.395717  1449  3276 I am_kill : [0,31363,com.google.android.as.oss:learning_bg,995,empty #11]
06-13 13:00:01.420569  1449  3276 I am_proc_died: [0,31363,com.google.android.as.oss:learning_bg,995,19]
06-13 13:00:02.318049  1449  1473 I commit_sys_config_file: [jobs,7]
06-13 13:00:08.994029  1449 21692 I commit_sys_config_file: [appops_accesses,10855096]
06-13 13:01:15.095458  1449  1484 I am_pss  : [31700,10125,com.google.android.apps.wellbeing,35800064,32333824,798720,108011520,0,19,12]
06-13 13:02:15.203019  1449  1484 I am_pss  : [31700,10125,com.google.android.apps.wellbeing,35800064,32333824,798720,108011520,0,19,15]
06-13 13:05:36.112151  2230 31737 I c2dm    : [0,,9,9]
06-13 13:07:45.822096  1449  1484 I am_pss  : [31507,10156,com.google.android.inputmethod.latin:train,67590144,56643584,782336,148131840,0,19,19]
06-13 13:08:45.872390  1449  1484 I am_pss  : [31487,10122,com.google.android.gms.unstable,47396864,11657216,773120,181395456,0,19,23]
06-13 13:12:16.232704  1449  1484 I am_pss  : [31700,10125,com.google.android.apps.wellbeing,35800064,32333824,798720,108011520,0,19,15]
06-13 13:15:51.024475  1449  1547 I job_deferred_execution: 4346256
06-13 13:15:51.027845  1449  1547 I am_uid_running: 10139
06-13 13:15:51.038387  1449  1547 I am_uid_running: 10120
06-13 13:15:51.050188  1449  1486 I am_proc_start: [0,31809,10139,com.google.android.apps.tachyon,service,{com.google.android.apps.tachyon/androidx.work.impl.background.systemjob.SystemJobService}]
06-13 13:15:51.059000 31809 31809 I auditd  : type=1400 audit(0.0:2269): avc:  denied  { read } for  comm="main" name="u:object_r:vendor_prize_fp_prop:s0" dev="tmpfs" ino=8979 scontext=u:r:untrusted_app:s0:c139,c256,c512,c768 tcontext=u:object_r:vendor_prize_fp_prop:s0 tclass=file permissive=0 app=com.google.android.apps.tachyon
06-13 13:15:51.078184  1449  1930 I am_proc_bound: [0,31809,com.google.android.apps.tachyon]
06-13 13:15:51.088944  1449  1486 I am_proc_start: [0,31828,10120,com.google.android.partnersetup,service,{com.google.android.partnersetup/com.google.android.partnersetup.InstalledAppJobService}]
06-13 13:15:51.091000 31828 31828 I auditd  : type=1400 audit(0.0:2270): avc:  denied  { read } for  comm="main" name="u:object_r:vendor_prize_fp_prop:s0" dev="tmpfs" ino=8979 scontext=u:r:priv_app:s0:c512,c768 tcontext=u:object_r:vendor_prize_fp_prop:s0 tclass=file permissive=0 app=com.google.android.partnersetup
06-13 13:15:51.110816  1449  1920 I am_proc_bound: [0,31828,com.google.android.partnersetup]
06-13 13:15:51.148544  1449  1486 I am_proc_start: [0,31850,10115,com.google.android.as.oss:learning_bg,service,{com.google.android.as.oss/com.google.android.gms.learning.internal.training.InAppTrainingService}]
06-13 13:15:51.153587  1449  1485 I am_wtf  : [0,1449,system_server,-1,JobScheduler.JobStatus,App com.google.android.inputmethod.latin became active but still in NEVER bucket]
06-13 13:15:51.167000 31850 31850 I auditd  : type=1400 audit(0.0:2271): avc:  denied  { read } for  comm="main" name="u:object_r:vendor_prize_fp_prop:s0" dev="tmpfs" ino=8979 scontext=u:r:priv_app:s0:c512,c768 tcontext=u:object_r:vendor_prize_fp_prop:s0 tclass=file permissive=0 app=com.google.android.as.oss
06-13 13:15:51.178377  1449  1485 I am_wtf  : [0,1449,system_server,-1,JobScheduler.JobStatus,App com.google.android.inputmethod.latin became active but still in NEVER bucket]
06-13 13:15:51.194094  1449  1920 I am_proc_bound: [0,31850,com.google.android.as.oss:learning_bg]
06-13 13:15:51.200061  1449  1485 I am_wtf  : [0,1449,system_server,-1,JobScheduler.JobStatus,App com.google.android.inputmethod.latin became active but still in NEVER bucket]
06-13 13:15:51.240088  1449  1485 I am_wtf  : [0,1449,system_server,-1,JobScheduler.JobStatus,App com.google.android.inputmethod.latin became active but still in NEVER bucket]
06-13 13:15:51.243312  1449  3266 I am_kill : [0,31487,com.google.android.gms.unstable,945,empty #11]
06-13 13:15:51.256176  1449  1485 I am_wtf  : [0,1449,system_server,-1,JobScheduler.JobStatus,App com.google.android.inputmethod.latin became active but still in NEVER bucket]
06-13 13:15:51.281754  1449  1485 I am_wtf  : [0,1449,system_server,-1,JobScheduler.JobStatus,App com.google.android.inputmethod.latin became active but still in NEVER bucket]
06-13 13:15:51.290932  1449  3272 I am_proc_died: [0,31487,com.google.android.gms.unstable,945,19]
06-13 13:15:51.308018  1449  1484 I am_pss  : [31167,10185,com.google.android.adservices.api,26591232,23392256,761856,97361920,0,19,8]
06-13 13:15:51.324722  1449  1485 I am_wtf  : [0,1449,system_server,-1,JobScheduler.JobStatus,App com.google.android.inputmethod.latin became active but still in NEVER bucket]
06-13 13:15:51.332758  1449  1484 I am_pss  : [31639,1000,com.android.settings,40904704,36835328,730112,119394304,0,19,9]
06-13 13:15:51.480066  1449  1465 I job_deferred_execution: 1
06-13 13:15:51.514454  1449  1465 I job_deferred_execution: 2
06-13 13:15:51.539199  1449  1465 I job_deferred_execution: 2
06-13 13:15:51.598163  1449  1465 I job_deferred_execution: 2
06-13 13:15:51.609991  1449  1465 I job_deferred_execution: 1
06-13 13:15:51.615944  1449  1473 I commit_sys_config_file: [notification-policy,11808365]
06-13 13:15:51.664120  1449  1486 I am_proc_start: [0,31953,10122,com.google.android.gms.unstable,service,{com.google.android.gms/com.google.android.gms.droidguard.DroidGuardService}]
06-13 13:15:51.675456  1449  1486 I am_proc_start: [0,31954,10122,com.google.process.gapps,content provider,{com.google.android.gsf/com.google.android.gsf.settings.GoogleSettingsProvider}]
06-13 13:15:51.675000 31953 31953 I auditd  : type=1400 audit(0.0:2272): avc:  denied  { read } for  comm="main" name="u:object_r:vendor_prize_fp_prop:s0" dev="tmpfs" ino=8979 scontext=u:r:gmscore_app:s0:c512,c768 tcontext=u:object_r:vendor_prize_fp_prop:s0 tclass=file permissive=0 app=com.google.android.gms
06-13 13:15:51.695781  1449  1665 I am_proc_bound: [0,31953,com.google.android.gms.unstable]
06-13 13:15:51.695000 31954 31954 I auditd  : type=1400 audit(0.0:2273): avc:  denied  { read } for  comm="main" name="u:object_r:vendor_prize_fp_prop:s0" dev="tmpfs" ino=8979 scontext=u:r:priv_app:s0:c512,c768 tcontext=u:object_r:vendor_prize_fp_prop:s0 tclass=file permissive=0 app=com.google.android.gms
06-13 13:15:51.712803  1449  1920 I am_proc_bound: [0,31954,com.google.process.gapps]
06-13 13:15:51.777630   498   498 I auditd  : avc:  denied  { find } for pid=31954 uid=10122 name=vendor.mediatek.hardware.mbrain.IMBrain/default scontext=u:r:priv_app:s0:c512,c768 tcontext=u:object_r:default_android_service:s0 tclass=service_manager permissive=0
06-13 13:15:51.890237  1449  1485 I am_uid_running: 10152
06-13 13:15:51.904585  1449  1486 I am_proc_start: [0,31998,10152,com.android.chrome,broadcast,{com.android.chrome/com.google.android.apps.chrome.rlz.RevenueStatsConfigurationUpdateReceiver}]
06-13 13:15:51.915000 31998 31998 I auditd  : type=1400 audit(0.0:2274): avc:  denied  { read } for  comm="main" name="u:object_r:vendor_prize_fp_prop:s0" dev="tmpfs" ino=8979 scontext=u:r:untrusted_app:s0:c152,c256,c512,c768 tcontext=u:object_r:vendor_prize_fp_prop:s0 tclass=file permissive=0 app=com.android.chrome
06-13 13:15:51.933826  1449  1665 I am_proc_bound: [0,31998,com.android.chrome]
06-13 13:15:52.043819  1449  1665 I am_kill : [0,31639,com.android.settings,985,empty #11]
06-13 13:15:52.085090  1449  3273 I am_proc_died: [0,31639,com.android.settings,985,19]
06-13 13:15:52.103860  1449  2969 I am_kill : [0,31342,com.google.android.as.oss,965,empty #11]
06-13 13:15:52.104706  1449  2969 I am_kill : [0,31069,com.google.android.youtube,300,empty #12]
06-13 13:15:52.108256  1449  2969 I am_kill : [0,31167,com.google.android.adservices.api,985,empty #13]
06-13 13:15:52.109599  1449  2969 I am_kill : [0,31700,com.google.android.apps.wellbeing,995,empty #14]
06-13 13:15:52.142022  1449  3272 I am_proc_died: [0,31342,com.google.android.as.oss,965,19]
06-13 13:15:52.164670  1449  1466 I am_proc_died: [0,31167,com.google.android.adservices.api,985,19]
06-13 13:15:52.165378  1449  1466 I am_schedule_service_restart: [0,com.google.android.adservices.api/com.android.adservices.measurement.MeasurementService,1000]
06-13 13:15:52.165569  1449  1466 I am_uid_stopped: 10185
06-13 13:15:52.174936  1449  1466 I am_proc_died: [0,31700,com.google.android.apps.wellbeing,995,19]
06-13 13:15:52.177220  1449  1466 I am_schedule_service_restart: [0,com.google.android.apps.wellbeing/.screen.ui.GrayscaleTileService,10988]
06-13 13:15:52.185080  1449  1466 I am_uid_stopped: 10125
06-13 13:15:52.208840  1449  3267 I am_proc_died: [0,31069,com.google.android.youtube,300,19]
06-13 13:15:52.209936  1449  3267 I am_uid_stopped: 10149
06-13 13:15:52.335000 31953 31953 I auditd  : type=1400 audit(0.0:2275): avc:  denied  { read } for  comm="binder:31953_4" name="u:object_r:system_adbd_prop:s0" dev="tmpfs" ino=8605 scontext=u:r:gmscore_app:s0:c512,c768 tcontext=u:object_r:system_adbd_prop:s0 tclass=file permissive=0 app=com.google.android.gms
06-13 13:15:53.155194  1449  1473 I commit_sys_config_file: [jobs,13]
06-13 13:15:53.158625  1449  1473 I commit_sys_config_file: [jobs,3]
06-13 13:15:53.161496  1449  1473 I commit_sys_config_file: [jobs,3]
06-13 13:15:53.180604  1449  3267 I am_uid_running: 10125
06-13 13:15:53.203945  1449  1486 I am_proc_start: [0,32046,10125,com.google.android.apps.wellbeing,service,{com.google.android.apps.wellbeing/com.google.android.apps.wellbeing.screen.ui.GrayscaleTileService}]
06-13 13:15:53.215000 32046 32046 I auditd  : type=1400 audit(0.0:2276): avc:  denied  { read } for  comm="main" name="u:object_r:vendor_prize_fp_prop:s0" dev="tmpfs" ino=8979 scontext=u:r:priv_app:s0:c512,c768 tcontext=u:object_r:vendor_prize_fp_prop:s0 tclass=file permissive=0 app=com.google.android.apps.wellbeing
06-13 13:15:53.231922  1449  3267 I am_proc_bound: [0,32046,com.google.android.apps.wellbeing]
06-13 13:15:53.357579  1449  3267 I am_kill : [0,31850,com.google.android.as.oss:learning_bg,995,empty #11]
06-13 13:15:53.378932  1449  3267 I am_proc_died: [0,31850,com.google.android.as.oss:learning_bg,995,19]
06-13 13:15:53.379267  1449  3267 I am_uid_stopped: 10115
06-13 13:15:56.802066  1449  1557 I commit_sys_config_file: [settings-1-0,10]
06-13 13:16:08.309831  1449  1918 I am_uid_running: 10198
06-13 13:16:08.337579  1449  1486 I am_proc_start: [0,32081,10198,com.google.android.permissioncontroller,service,{com.google.android.permissioncontroller/com.android.permissioncontroller.permission.service.v33.SafetyCenterQsTileService}]
06-13 13:16:08.351000 32081 32081 I auditd  : type=1400 audit(0.0:2277): avc:  denied  { read } for  comm="main" name="u:object_r:vendor_prize_fp_prop:s0" dev="tmpfs" ino=8979 scontext=u:r:permissioncontroller_app:s0:c198,c256,c512,c768 tcontext=u:object_r:vendor_prize_fp_prop:s0 tclass=file permissive=0 app=com.google.android.permissioncontroller
06-13 13:16:08.367664  1449  1918 I am_proc_bound: [0,32081,com.google.android.permissioncontroller]
06-13 13:16:13.279509  1449  3281 I am_kill : [0,31642,com.google.android.apps.turbo:aab,965,empty #11]
06-13 13:16:13.327569  1449  2726 I am_proc_died: [0,31642,com.google.android.apps.turbo:aab,965,19]
06-13 13:16:13.328470  1449  2726 I am_uid_stopped: 10047
06-13 13:16:13.349907  1449  1484 I am_pss  : [29739,10122,com.google.process.gservices,9679872,5115904,795648,81485824,0,19,14]
06-13 13:16:52.399095  1449  1484 I am_pss  : [31809,10139,com.google.android.apps.tachyon,112839680,102260736,765952,211795968,0,19,18]
06-13 13:16:52.411514  1449  1484 I am_pss  : [31828,10120,com.google.android.partnersetup,10670080,7208960,799744,83947520,0,19,10]
06-13 13:17:01.826971  1449  1484 I am_pss  : [31953,10122,com.google.android.gms.unstable,46123008,10969088,773120,179240960,0,19,23]
06-13 13:17:01.845425  1449  1484 I am_pss  : [32046,10125,com.google.android.apps.wellbeing,35502080,32022528,796672,107790336,0,19,15]
06-13 13:18:01.899708  1449  1484 I am_pss  : [31953,10122,com.google.android.gms.unstable,46127104,10973184,773120,179245056,0,19,21]
06-13 13:18:01.917116  1449  1484 I am_pss  : [32046,10125,com.google.android.apps.wellbeing,35502080,32022528,796672,107790336,0,19,16]
06-13 13:18:01.930722  1449  1484 I am_pss  : [31828,10120,com.google.android.partnersetup,10600448,7139328,799744,83877888,0,19,12]
06-13 13:21:38.295000   552   552 I auditd  : type=1400 audit(0.0:2278): avc:  denied  { read } for  comm="binder:552_7" name="wakeup126" dev="sysfs" ino=37179 scontext=u:r:system_suspend:s0 tcontext=u:object_r:sysfs:s0 tclass=dir permissive=0
06-13 13:21:38.331000   552   552 I auditd  : type=1400 audit(0.0:2279): avc:  denied  { read } for  comm="binder:552_7" name="wakeup130" dev="sysfs" ino=38008 scontext=u:r:system_suspend:s0 tcontext=u:object_r:sysfs:s0 tclass=dir permissive=0
06-13 13:21:38.339000   552   552 I auditd  : type=1400 audit(0.0:2280): avc:  denied  { read } for  comm="binder:552_7" name="wakeup129" dev="sysfs" ino=37961 scontext=u:r:system_suspend:s0 tcontext=u:object_r:sysfs:s0 tclass=dir permissive=0
06-13 13:21:38.343000   552   552 I auditd  : type=1400 audit(0.0:2281): avc:  denied  { read } for  comm="binder:552_7" name="wakeup147" dev="sysfs" ino=41955 scontext=u:r:system_suspend:s0 tcontext=u:object_r:sysfs:s0 tclass=dir permissive=0
06-13 13:21:38.351000   552   552 I auditd  : type=1400 audit(0.0:2282): avc:  denied  { read } for  comm="binder:552_7" name="wakeup145" dev="sysfs" ino=41917 scontext=u:r:system_suspend:s0 tcontext=u:object_r:sysfs:s0 tclass=dir permissive=0
06-13 13:21:38.371000   552   552 I auditd  : type=1400 audit(0.0:2283): avc:  denied  { read } for  comm="binder:552_7" name="wakeup148" dev="sysfs" ino=42186 scontext=u:r:system_suspend:s0 tcontext=u:object_r:sysfs:s0 tclass=dir permissive=0
06-13 13:24:02.535786  1449  1484 I am_pss  : [30079,10122,com.google.android.gms,120553472,75448320,740352,276520960,0,19,26]
06-13 13:25:30.337929  1449  1485 I am_uid_running: 10042
06-13 13:25:30.368253  1449  1486 I am_proc_start: [0,32157,10042,android.process.media,broadcast,{com.android.mtp/com.android.mtp.MtpReceiver}]
06-13 13:25:30.379000 32157 32157 I auditd  : type=1400 audit(0.0:2284): avc:  denied  { read } for  comm="main" name="u:object_r:vendor_prize_fp_prop:s0" dev="tmpfs" ino=8979 scontext=u:r:mediaprovider:s0:c512,c768 tcontext=u:object_r:vendor_prize_fp_prop:s0 tclass=file permissive=0 app=com.android.providers.media
06-13 13:25:30.397849  1449  3267 I am_proc_bound: [0,32157,android.process.media]
06-13 13:25:30.462109  1449  3281 I am_kill : [0,31507,com.google.android.inputmethod.latin:train,945,empty #11]
06-13 13:25:30.499817  1449  3281 I am_proc_died: [0,31507,com.google.android.inputmethod.latin:train,945,19]
06-13 13:25:30.511644  1449  1484 I am_pss  : [32081,10198,com.google.android.permissioncontroller,16773120,13312000,814080,85110784,0,19,7]
06-13 13:25:30.530082  1449  1484 I am_pss  : [31809,10139,com.google.android.apps.tachyon,114327552,105041920,765952,211865600,0,19,16]
06-13 13:25:30.538593  1449  1484 I am_pss  : [31998,10152,com.android.chrome,31861760,27795456,791552,105091072,0,19,7]
06-13 13:25:30.546086  1449  1484 I am_pss  : [31954,10122,com.google.process.gapps,9890816,5009408,789504,85651456,0,19,7]
06-13 13:28:02.932320  1449  1484 I am_pss  : [31953,10122,com.google.android.gms.unstable,47723520,12255232,772096,181768192,0,19,18]
06-13 13:28:02.946551  1449  1484 I am_pss  : [32046,10125,com.google.android.apps.wellbeing,35548160,32043008,795648,107810816,0,19,13]
06-13 13:28:02.958716  1449  1484 I am_pss  : [31828,10120,com.google.android.partnersetup,10680320,7204864,799744,83894272,0,19,10]
06-13 13:28:45.991000   552   552 I auditd  : type=1400 audit(0.0:2285): avc:  denied  { read } for  comm="binder:552_7" name="wakeup126" dev="sysfs" ino=37179 scontext=u:r:system_suspend:s0 tcontext=u:object_r:sysfs:s0 tclass=dir permissive=0
06-13 13:28:46.027000   552   552 I auditd  : type=1400 audit(0.0:2286): avc:  denied  { read } for  comm="binder:552_7" name="wakeup130" dev="sysfs" ino=38008 scontext=u:r:system_suspend:s0 tcontext=u:object_r:sysfs:s0 tclass=dir permissive=0
06-13 13:28:46.039000   552   552 I auditd  : type=1400 audit(0.0:2287): avc:  denied  { read } for  comm="binder:552_7" name="wakeup129" dev="sysfs" ino=37961 scontext=u:r:system_suspend:s0 tcontext=u:object_r:sysfs:s0 tclass=dir permissive=0
06-13 13:28:46.043000   552   552 I auditd  : type=1400 audit(0.0:2288): avc:  denied  { read } for  comm="binder:552_7" name="wakeup147" dev="sysfs" ino=41955 scontext=u:r:system_suspend:s0 tcontext=u:object_r:sysfs:s0 tclass=dir permissive=0
06-13 13:28:46.051000   552   552 I auditd  : type=1400 audit(0.0:2289): avc:  denied  { read } for  comm="binder:552_7" name="wakeup145" dev="sysfs" ino=41917 scontext=u:r:system_suspend:s0 tcontext=u:object_r:sysfs:s0 tclass=dir permissive=0
06-13 13:28:46.071000   552   552 I auditd  : type=1400 audit(0.0:2290): avc:  denied  { read } for  comm="binder:552_7" name="wakeup148" dev="sysfs" ino=42186 scontext=u:r:system_suspend:s0 tcontext=u:object_r:sysfs:s0 tclass=dir permissive=0
06-13 13:28:46.104457  1449  1484 I commit_sys_config_file: [batterystats,12]
06-13 13:28:46.106648  1449  1484 I commit_sys_config_file: [batterystats,2]
06-13 13:29:33.063771  1449  1484 I commit_sys_config_file: [procstats,20]
06-13 13:30:14.986277  1449 21692 I commit_sys_config_file: [appops_accesses,12661089]
06-13 13:34:26.476276  2230 32154 I c2dm    : [0,,10,10]
06-13 13:34:26.517441  1449  1547 I am_uid_running: 10153
06-13 13:34:26.525681  1449  1547 I am_uid_running: 10124
06-13 13:34:26.534082  1449  1547 I am_uid_running: 10185
06-13 13:34:26.537039  1449  1486 I am_proc_start: [0,32215,10153,com.google.android.tts,service,{com.google.android.tts/androidx.work.impl.background.systemjob.SystemJobService}]
06-13 13:34:26.554490  1449  1486 I am_proc_start: [0,32219,10124,com.android.vending:background,service,{com.android.vending/com.google.android.finsky.scheduler.process.backgroundimpl.PhoneskyJobServiceBackground}]
06-13 13:34:26.551000 32215 32215 I auditd  : type=1400 audit(0.0:2291): avc:  denied  { read } for  comm="main" name="u:object_r:vendor_prize_fp_prop:s0" dev="tmpfs" ino=8979 scontext=u:r:untrusted_app:s0:c153,c256,c512,c768 tcontext=u:object_r:vendor_prize_fp_prop:s0 tclass=file permissive=0 app=com.google.android.tts
06-13 13:34:26.563000 32219 32219 I auditd  : type=1400 audit(0.0:2292): avc:  denied  { read } for  comm="main" name="u:object_r:vendor_prize_fp_prop:s0" dev="tmpfs" ino=8979 scontext=u:r:priv_app:s0:c512,c768 tcontext=u:object_r:vendor_prize_fp_prop:s0 tclass=file permissive=0 app=com.android.vending
06-13 13:34:26.572154  1449  1486 I am_proc_start: [0,32239,10185,com.google.android.adservices.api,service,{com.google.android.adservices.api/com.android.adservices.service.measurement.reporting.EventReportingJobService}]
06-13 13:34:26.579368  1449  3266 I am_proc_bound: [0,32215,com.google.android.tts]
06-13 13:34:26.591390  1449  1918 I am_proc_bound: [0,32219,com.android.vending:background]
06-13 13:34:26.603046  1449  1485 I am_wtf  : [0,1449,system_server,-1,JobScheduler.JobStatus,App com.google.android.inputmethod.latin became active but still in NEVER bucket]
06-13 13:34:26.607000 32239 32239 I auditd  : type=1400 audit(0.0:2293): avc:  denied  { read } for  comm="main" name="u:object_r:vendor_prize_fp_prop:s0" dev="tmpfs" ino=8979 scontext=u:r:priv_app:s0:c512,c768 tcontext=u:object_r:vendor_prize_fp_prop:s0 tclass=file permissive=0 app=com.google.android.adservices.api
06-13 13:34:26.613572  1449  1486 I am_proc_start: [0,32258,10156,com.google.android.inputmethod.latin:train,service,{com.google.android.inputmethod.latin/com.google.android.gms.learning.internal.training.InAppTrainingService}]
06-13 13:34:26.621046  1449  1466 I am_uid_running: 10118
06-13 13:34:26.632689  1449  2969 I am_proc_bound: [0,32239,com.google.android.adservices.api]
06-13 13:34:26.646133  1449  1486 I am_proc_start: [0,32273,10118,com.google.android.dialer,service,{com.google.android.dialer/androidx.work.impl.background.systemjob.SystemJobService}]
06-13 13:34:26.647000 32258 32258 I auditd  : type=1400 audit(0.0:2294): avc:  denied  { read } for  comm="main" name="u:object_r:vendor_prize_fp_prop:s0" dev="tmpfs" ino=8979 scontext=u:r:untrusted_app:s0:c156,c256,c512,c768 tcontext=u:object_r:vendor_prize_fp_prop:s0 tclass=file permissive=0 app=com.google.android.inputmethod.latin
06-13 13:34:26.655000 32273 32273 I auditd  : type=1400 audit(0.0:2295): avc:  denied  { read } for  comm="main" name="u:object_r:vendor_prize_fp_prop:s0" dev="tmpfs" ino=8979 scontext=u:r:priv_app:s0:c512,c768 tcontext=u:object_r:vendor_prize_fp_prop:s0 tclass=file permissive=0 app=com.google.android.dialer
06-13 13:34:26.669265  1449  1466 I am_proc_bound: [0,32258,com.google.android.inputmethod.latin:train]
06-13 13:34:26.674896  1449  1918 I am_proc_bound: [0,32273,com.google.android.dialer]
06-13 13:34:26.697735  1449  1485 I am_wtf  : [0,1449,system_server,-1,JobScheduler.JobStatus,App com.google.android.inputmethod.latin became active but still in NEVER bucket]
06-13 13:34:26.784040  1449  2726 I job_deferred_execution: 3855876
06-13 13:34:26.785556  1449  2726 I am_uid_running: 10059
06-13 13:34:26.806317  1449  1486 I am_proc_start: [0,32346,10059,com.gm.rt,service,{com.gm.rt/androidx.work.impl.background.systemjob.SystemJobService}]
06-13 13:34:26.827000 32346 32346 I auditd  : type=1400 audit(0.0:2296): avc:  denied  { read } for  comm="main" name="u:object_r:vendor_prize_fp_prop:s0" dev="tmpfs" ino=8979 scontext=u:r:priv_app:s0:c512,c768 tcontext=u:object_r:vendor_prize_fp_prop:s0 tclass=file permissive=0 app=com.gm.rt
06-13 13:34:26.846544  1449  3281 I am_proc_bound: [0,32346,com.gm.rt]
06-13 13:34:26.977716  1449  2969 I am_kill : [0,31954,com.google.process.gapps,995,empty #11]
06-13 13:34:27.038234  1449  1538 I am_proc_died: [0,31954,com.google.process.gapps,995,19]
06-13 13:34:27.053713   498   498 I auditd  : avc:  denied  { find } for pid=32273 uid=10118 name=vendor.mediatek.hardware.mbrain.IMBrain/default scontext=u:r:priv_app:s0:c512,c768 tcontext=u:object_r:default_android_service:s0 tclass=service_manager permissive=0
06-13 13:34:27.054320  1449  2726 I am_uid_running: 10115
06-13 13:34:27.076886  1449  1486 I am_proc_start: [0,32447,10115,com.google.android.as.oss,service,{com.google.android.as.oss/com.google.android.gms.learning.internal.training.InAppJobService}]
06-13 13:34:27.153840  1449  1930 I am_proc_bound: [0,32447,com.google.android.as.oss]
06-13 13:34:27.165899  1449  1485 I am_wtf  : [0,1449,system_server,-1,JobScheduler.JobStatus,App com.google.android.inputmethod.latin became active but still in NEVER bucket]
06-13 13:34:27.168364  1449  1484 I am_pss  : [29045,10182,com.mediatek.engineermode,56706048,41168896,635904,174247936,0,15,13]
06-13 13:34:27.182080  1449  1484 I am_pss  : [32157,10042,android.process.media,10890240,7987200,691200,82149376,0,19,7]
06-13 13:34:27.195659  1449  1918 I am_uid_running: 10112
06-13 13:34:27.209880  1449  1486 I am_proc_start: [0,32506,10112,com.google.android.projection.gearhead:provider,content provider,{com.google.android.projection.gearhead/com.google.android.apps.auto.components.projectionstate.ProjectionStateProvider}]
06-13 13:34:27.216809  1449  1918 I am_kill : [0,31998,com.android.chrome,985,empty #11]
06-13 13:34:27.217509  1449  1484 I am_pss  : [32081,10198,com.google.android.permissioncontroller,16299008,13312000,695296,85110784,0,19,7]
06-13 13:34:27.229522  1449  1484 I am_pss  : [29739,10122,com.google.process.gservices,10477568,7819264,670720,81494016,0,19,7]
06-13 13:34:27.243700  1449  1918 I am_proc_bound: [0,32506,com.google.android.projection.gearhead:provider]
06-13 13:34:27.308896  1449  3281 I am_proc_died: [0,31998,com.android.chrome,985,19]
06-13 13:34:27.309379  1449  3281 I am_uid_stopped: 10152
06-13 13:34:27.376686  1449  3281 I am_uid_running: 99005
06-13 13:34:27.393442  1449  1486 I am_proc_start: [0,32550,99005,com.google.android.webview:sandboxed_process0:org.chromium.content.app.SandboxedProcessService0:0,,{com.gm.rt/org.chromium.content.app.SandboxedProcessService0:0}]
06-13 13:34:27.414420  1449  2726 I am_proc_bound: [0,32550,com.google.android.webview:sandboxed_process0:org.chromium.content.app.SandboxedProcessService0:0]
06-13 13:34:27.499699  1449  3281 I am_kill : [0,31809,com.google.android.apps.tachyon,985,empty #11]
06-13 13:34:27.500268  1449  3281 I am_kill : [0,31828,com.google.android.partnersetup,955,empty #12]
06-13 13:34:27.505789  1449  1486 I am_proc_start: [0,32572,10115,com.google.android.as.oss:learning_bg,service,{com.google.android.as.oss/com.google.android.gms.learning.internal.training.InAppTrainingService}]
06-13 13:34:27.525541  1449  1918 I am_kill : [0,32046,com.google.android.apps.wellbeing,955,empty #11]
06-13 13:34:27.541135  1449  1918 I am_proc_bound: [0,32572,com.google.android.as.oss:learning_bg]
06-13 13:34:27.547089  1449  3266 I am_proc_died: [0,31828,com.google.android.partnersetup,955,19]
06-13 13:34:27.547545  1449  3266 I am_uid_stopped: 10120
06-13 13:34:27.549928  1449  3266 I am_kill : [0,31953,com.google.android.gms.unstable,999,empty #11]
06-13 13:34:27.615581  1449  1918 I am_proc_died: [0,31809,com.google.android.apps.tachyon,985,19]
06-13 13:34:27.616340  1449  1918 I am_uid_stopped: 10139
06-13 13:34:27.630246  1449  3274 I am_uid_running: 10136
06-13 13:34:27.648190  1449  1486 I am_proc_start: [0,32613,10136,com.google.android.webview:webview_service,service,{com.google.android.webview/org.chromium.android_webview.services.ComponentsProviderService}]
06-13 13:34:27.655000 32613 32613 I auditd  : type=1400 audit(0.0:2301): avc:  denied  { read } for  comm="main" name="u:object_r:vendor_prize_fp_prop:s0" dev="tmpfs" ino=8979 scontext=u:r:untrusted_app:s0:c136,c256,c512,c768 tcontext=u:object_r:vendor_prize_fp_prop:s0 tclass=file permissive=0 app=com.google.android.webview
06-13 13:34:27.676086  1449  1918 I am_proc_bound: [0,32613,com.google.android.webview:webview_service]
06-13 13:34:27.691448  1449  1918 I am_proc_died: [0,32046,com.google.android.apps.wellbeing,955,19]
06-13 13:34:27.693041  1449  1918 I am_schedule_service_restart: [0,com.google.android.apps.wellbeing/.screen.ui.GrayscaleTileService,1000]
06-13 13:34:27.693308  1449  1918 I am_uid_stopped: 10125
06-13 13:34:27.712171  1449  2725 I am_proc_died: [0,31953,com.google.android.gms.unstable,999,19]
06-13 13:34:27.863394  1449  1485 I am_wtf  : [0,1449,system_server,-1,JobScheduler.JobStatus,App com.google.android.inputmethod.latin became active but still in NEVER bucket]
06-13 13:34:27.883673  1449  1918 I am_kill : [0,32081,com.google.android.permissioncontroller,995,empty #11]
06-13 13:34:27.910359  1449  1485 I am_wtf  : [0,1449,system_server,-1,JobScheduler.JobStatus,App com.google.android.inputmethod.latin became active but still in NEVER bucket]
06-13 13:34:27.913884  1449  2874 I job_deferred_execution: 670
06-13 13:34:27.930029  1449  1918 I am_proc_died: [0,32081,com.google.android.permissioncontroller,995,19]
06-13 13:34:27.930324  1449  1918 I am_uid_stopped: 10198
06-13 13:34:27.942384  1449  1485 I am_wtf  : [0,1449,system_server,-1,JobScheduler.JobStatus,App com.google.android.inputmethod.latin became active but still in NEVER bucket]
06-13 13:34:27.962812  1449  1485 I am_wtf  : [0,1449,system_server,-1,JobScheduler.JobStatus,App com.google.android.inputmethod.latin became active but still in NEVER bucket]
06-13 13:34:28.001441  1449  1485 I am_wtf  : [0,1449,system_server,-1,JobScheduler.JobStatus,App com.google.android.inputmethod.latin became active but still in NEVER bucket]
06-13 13:34:28.041415  1449  1486 I am_proc_start: [0,32682,10122,com.google.android.gms.unstable,service,{com.google.android.gms/com.google.android.gms.droidguard.DroidGuardService}]
06-13 13:34:28.059000 32682 32682 I auditd  : type=1400 audit(0.0:2302): avc:  denied  { read } for  comm="main" name="u:object_r:vendor_prize_fp_prop:s0" dev="tmpfs" ino=8979 scontext=u:r:gmscore_app:s0:c512,c768 tcontext=u:object_r:vendor_prize_fp_prop:s0 tclass=file permissive=0 app=com.google.android.gms
06-13 13:34:28.077099  1449  2725 I am_proc_bound: [0,32682,com.google.android.gms.unstable]
06-13 13:34:28.609300  1449  1473 I commit_sys_config_file: [jobs,3]
06-13 13:34:28.612755  1449  1473 I commit_sys_config_file: [jobs,3]
06-13 13:34:28.615867  1449  1473 I commit_sys_config_file: [jobs,3]
06-13 13:34:28.628687  1449  2725 I am_kill : [0,32215,com.google.android.tts,975,empty #11]
06-13 13:34:28.630454  1449  2725 I am_kill : [0,32613,com.google.android.webview:webview_service,935,empty #12]
06-13 13:34:28.631456  1449  2725 I am_kill : [0,32157,android.process.media,965,empty #13]
06-13 13:34:28.660706  1449  3276 I am_kill : [0,32447,com.google.android.as.oss,905,empty #11]
06-13 13:34:28.661736  1449  3276 I am_kill : [0,32572,com.google.android.as.oss:learning_bg,915,empty #12]
06-13 13:34:28.668381  1449  2725 I am_proc_died: [0,32157,android.process.media,965,19]
06-13 13:34:28.668934  1449  2725 I am_uid_stopped: 10042
06-13 13:34:28.692415  1449  3276 I am_proc_died: [0,32447,com.google.android.as.oss,905,19]
06-13 13:34:28.699537  1449  1485 I am_uid_running: 10125
06-13 13:34:28.701572  1449  1805 I am_proc_died: [0,32215,com.google.android.tts,975,19]
06-13 13:34:28.702404  1449  1805 I am_uid_stopped: 10153
06-13 13:34:28.707676  1449  3260 I am_proc_died: [0,32572,com.google.android.as.oss:learning_bg,915,19]
06-13 13:34:28.707940  1449  3260 I am_uid_stopped: 10115
06-13 13:34:28.710853  1449  1538 I am_proc_died: [0,32613,com.google.android.webview:webview_service,935,19]
06-13 13:34:28.711533  1449  1538 I am_uid_stopped: 10136
06-13 13:34:28.722092  1449  1486 I am_proc_start: [0,32759,10125,com.google.android.apps.wellbeing,service,{com.google.android.apps.wellbeing/com.google.android.apps.wellbeing.screen.ui.GrayscaleTileService}]
06-13 13:34:28.731000 32759 32759 I auditd  : type=1400 audit(0.0:2303): avc:  denied  { read } for  comm="main" name="u:object_r:vendor_prize_fp_prop:s0" dev="tmpfs" ino=8979 scontext=u:r:priv_app:s0:c512,c768 tcontext=u:object_r:vendor_prize_fp_prop:s0 tclass=file permissive=0 app=com.google.android.apps.wellbeing
06-13 13:34:28.747124  1449  3276 I am_proc_bound: [0,32759,com.google.android.apps.wellbeing]
06-13 13:34:28.889926  1449  1538 I am_kill : [0,32258,com.google.android.inputmethod.latin:train,975,empty #11]
06-13 13:34:28.931882  1449  1805 I am_proc_died: [0,32258,com.google.android.inputmethod.latin:train,975,19]
06-13 13:34:29.803000 32682 32682 I auditd  : type=1400 audit(0.0:2304): avc:  denied  { read } for  comm="binder:32682_3" name="u:object_r:system_adbd_prop:s0" dev="tmpfs" ino=8605 scontext=u:r:gmscore_app:s0:c512,c768 tcontext=u:object_r:system_adbd_prop:s0 tclass=file permissive=0 app=com.google.android.gms
06-13 13:35:28.838542  1449  1484 I am_pss  : [32273,10118,com.google.android.dialer,66320384,60710912,774144,150192128,0,19,19]
06-13 13:35:28.854730  1449  1484 I am_pss  : [32506,10112,com.google.android.projection.gearhead:provider,45799424,42414080,798720,118104064,0,19,14]
06-13 13:35:33.707791  1449  1484 I am_pss  : [32682,10122,com.google.android.gms.unstable,67181568,20959232,749568,238702592,0,19,28]
06-13 13:35:33.726183  1449  1484 I am_pss  : [32759,10125,com.google.android.apps.wellbeing,35556352,32104448,803840,107790336,0,19,16]
06-13 13:36:33.804226  1449  1484 I am_pss  : [32682,10122,com.google.android.gms.unstable,67202048,20979712,749568,238723072,0,19,28]
06-13 13:36:33.820084  1449  1484 I am_pss  : [32759,10125,com.google.android.apps.wellbeing,35507200,32055296,803840,107741184,0,19,14]
06-13 13:36:33.837298  1449  1484 I am_pss  : [32273,10118,com.google.android.dialer,66755584,60645376,774144,150126592,0,19,16]
06-13 13:36:33.849450  1449  1484 I am_pss  : [32506,10112,com.google.android.projection.gearhead:provider,45834240,42450944,798720,118140928,0,19,11]
06-13 13:37:03.831501  1449  1484 I am_pss  : [25241,10131,com.google.android.googlequicksearchbox:search,217691136,177590272,706560,379076608,0,17,28]
06-13 13:46:21.890727  1449  1485 I am_uid_running: 10042
06-13 13:46:21.920948  1449  1486 I am_proc_start: [0,510,10042,android.process.media,broadcast,{com.android.mtp/com.android.mtp.MtpReceiver}]
06-13 13:46:21.931000   510   510 I auditd  : type=1400 audit(0.0:2305): avc:  denied  { read } for  comm="main" name="u:object_r:vendor_prize_fp_prop:s0" dev="tmpfs" ino=8979 scontext=u:r:mediaprovider:s0:c512,c768 tcontext=u:object_r:vendor_prize_fp_prop:s0 tclass=file permissive=0 app=com.android.providers.media
06-13 13:46:21.946938  1449  2880 I am_proc_bound: [0,510,android.process.media]
06-13 13:46:22.010451  1449  2880 I am_kill : [0,32239,com.google.android.adservices.api,975,empty #11]
06-13 13:46:22.050213  1449  2880 I am_proc_died: [0,32239,com.google.android.adservices.api,975,19]
06-13 13:46:22.052360  1449  2880 I am_uid_stopped: 10185
06-13 13:46:22.081929  1449  1484 I am_pss  : [11069,10181,com.debug.loggerui,53167104,41750528,717824,166092800,0,4,23]
06-13 13:46:22.102029  1449  1484 I am_pss  : [32219,10124,com.android.vending:background,93733888,88993792,760832,177127424,0,19,18]
06-13 13:46:22.120522  1449  1484 I am_pss  : [32346,10059,com.gm.rt,70288384,58982400,759808,173895680,0,19,16]
06-13 13:46:22.130053  1449  1484 I am_pss  : [32550,99005,com.google.android.webview:sandboxed_process0:org.chromium.content.app.SandboxedProcessService0:0,7581696,3039232,856064,73363456,0,19,8]
06-13 13:46:34.844597  1449  1484 I am_pss  : [32682,10122,com.google.android.gms.unstable,67560448,21151744,748544,239423488,0,19,29]
06-13 13:46:34.861672  1449  1484 I am_pss  : [32759,10125,com.google.android.apps.wellbeing,35517440,32055296,802816,107741184,0,19,15]
06-13 13:46:34.877511  1449  1484 I am_pss  : [32273,10118,com.google.android.dialer,66770944,60645376,774144,150126592,0,19,14]
06-13 13:46:34.889470  1449  1484 I am_pss  : [32506,10112,com.google.android.projection.gearhead:provider,45845504,42450944,796672,118140928,0,19,10]
06-13 13:48:08.217639  1449  1557 I commit_sys_config_file: [settings-0-0,7]
06-13 13:48:11.002000  1449  1449 I notification_cancel_all: [1000,1449,io.appium.uiautomator2.server,0,0,0,5,NULL]
06-13 13:48:11.003013  1449  1484 I am_pss  : [510,10042,android.process.media,11375616,7979008,807936,82153472,0,19,8]
06-13 13:48:11.021877  1449  1484 I am_pss  : [32219,10124,com.android.vending:background,93726720,88993792,760832,177127424,0,19,15]
06-13 13:48:11.036035  1449  1484 I am_pss  : [32346,10059,com.gm.rt,70285312,58986496,759808,173899776,0,19,12]
06-13 13:48:11.039845  1449  1449 I notification_cancel_all: [1000,1449,io.appium.uiautomator2.server.test,0,0,0,5,NULL]
06-13 13:48:11.043525  1449  1484 I am_pss  : [32550,99005,com.google.android.webview:sandboxed_process0:org.chromium.content.app.SandboxedProcessService0:0,7578624,3039232,856064,73363456,0,19,6]
06-13 13:48:11.495000   716   716 I auditd  : type=1400 audit(0.0:2306): avc:  denied  { read } for  comm="main" name="u:object_r:build_attestation_prop:s0" dev="tmpfs" ino=8398 scontext=u:r:shell:s0 tcontext=u:object_r:build_attestation_prop:s0 tclass=file permissive=0
06-13 13:48:11.499000   716   716 I auditd  : type=1400 audit(0.0:2307): avc:  denied  { read } for  comm="main" name="u:object_r:build_attestation_prop:s0" dev="tmpfs" ino=8398 scontext=u:r:shell:s0 tcontext=u:object_r:build_attestation_prop:s0 tclass=file permissive=0
06-13 13:48:11.499000   716   716 I auditd  : type=1400 audit(0.0:2308): avc:  denied  { read } for  comm="main" name="u:object_r:build_attestation_prop:s0" dev="tmpfs" ino=8398 scontext=u:r:shell:s0 tcontext=u:object_r:build_attestation_prop:s0 tclass=file permissive=0
06-13 13:48:11.499000   716   716 I auditd  : type=1400 audit(0.0:2309): avc:  denied  { read } for  comm="main" name="u:object_r:system_mtk_app32_boost_prop:s0" dev="tmpfs" ino=8618 scontext=u:r:shell:s0 tcontext=u:object_r:system_mtk_app32_boost_prop:s0 tclass=file permissive=0
06-13 13:48:11.499000   716   716 I auditd  : type=1400 audit(0.0:2310): avc:  denied  { read } for  comm="main" name="u:object_r:system_mtk_app32_boost_prop:s0" dev="tmpfs" ino=8618 scontext=u:r:shell:s0 tcontext=u:object_r:system_mtk_app32_boost_prop:s0 tclass=file permissive=0
06-13 13:48:11.528985  1449  2880 I am_uid_running: 10226
06-13 13:48:11.548086  1449  1486 I am_proc_start: [0,796,10226,io.appium.uiautomator2.server,added application,io.appium.uiautomator2.server]
06-13 13:48:11.604084  1449  2880 I am_proc_bound: [0,796,io.appium.uiautomator2.server]
06-13 13:48:11.607454  1449  2880 I am_uid_active: 10226
06-13 13:48:12.944562  1449  1449 I screen_toggled: 1
06-13 13:48:12.951614  1449  1449 I power_screen_broadcast_send: 1
06-13 13:48:12.976156  1449  1512 I wm_set_resumed_activity: [0,com.debug.loggerui/.MainActivity,resumeTopActivity - onActivityStateChanged]
06-13 13:48:12.979364  1449  1512 I wm_resume_activity: [0,52437674,445,com.debug.loggerui/.MainActivity]
06-13 13:48:12.981016 11069 11069 I wm_on_restart_called: [52437674,com.debug.loggerui.MainActivity,performRestart,0]
06-13 13:48:12.981449 11069 11069 I wm_on_start_called: [52437674,com.debug.loggerui.MainActivity,handleStartActivity,0]
06-13 13:48:12.987849  1449  1512 I sysui_multi_action: [757,1696,758,6,759,3]
06-13 13:48:12.991147   498   498 I auditd  : avc:  denied  { add } for pid=1449 uid=1000 name=vendor.mediatek.hardware.mbrainj.IMBrainJava/default scontext=u:r:system_server:s0 tcontext=u:object_r:default_android_service:s0 tclass=service_manager permissive=0
06-13 13:48:13.002776   498   498 I auditd  : avc:  denied  { add } for pid=1449 uid=1000 name=vendor.mediatek.hardware.mbrainj.IMBrainJava/default scontext=u:r:system_server:s0 tcontext=u:object_r:default_android_service:s0 tclass=service_manager permissive=0
06-13 13:48:13.004903 11069 11069 I wm_on_resume_called: [52437674,com.debug.loggerui.MainActivity,RESUME_ACTIVITY,22]
06-13 13:48:13.005318 11069 11069 I wm_on_top_resumed_gained_called: [52437674,com.debug.loggerui.MainActivity,topWhenResuming]
06-13 13:48:13.018601  1449  1475 I input_focus: [Focus request 1eaf226 com.debug.loggerui/com.debug.loggerui.MainActivity,reason=UpdateInputWindows]
06-13 13:48:13.034400  1449  1486 I am_proc_start: [0,925,1000,com.generalmobile.gmservice,service,{com.generalmobile.gmservice/com.generalmobile.gmservice.utils.services.ActivationJobService}]
06-13 13:48:13.055000   925   925 I auditd  : type=1400 audit(0.0:2313): avc:  denied  { read } for  comm="main" name="u:object_r:vendor_prize_fp_prop:s0" dev="tmpfs" ino=8979 scontext=u:r:system_app:s0 tcontext=u:object_r:vendor_prize_fp_prop:s0 tclass=file permissive=0
06-13 13:48:13.069431  1449  1449 I battery_saving_stats: [0,0,0,6844778,0,0,11858545,-58920,-2]
06-13 13:48:13.076051  1449  1485 I am_wtf  : [0,1449,system_server,-1,JobScheduler.JobStatus,App com.google.android.inputmethod.latin became active but still in NEVER bucket]
06-13 13:48:13.089273  1449  1557 I commit_sys_config_file: [settings-2-0,9]
06-13 13:48:13.092141  1449  1466 I am_proc_bound: [0,925,com.generalmobile.gmservice]
06-13 13:48:13.132716  1449  1588 I netstats_mobile_sample: [0,0,0,0,0,0,0,0,1749811694143]
06-13 13:48:13.134591  1449  1588 I netstats_wifi_sample: [81818320,4857464,83225,18641,81189435,4800015,75988,17914,1749811694143]
06-13 13:48:13.148970  1449  1471 I power_screen_broadcast_done: [1,197,1]
06-13 13:48:13.433285  1449  1512 I sysui_latency: [5,490]
06-13 13:48:13.434643  1449  1449 I sysui_multi_action: [757,198,758,1,759,1,1359,515,1694,6]
06-13 13:48:13.434771  1449  1449 I power_screen_state: [1,0,0,0,515]
06-13 13:48:13.436950  1449  1571 I input_focus: [Focus entering 1eaf226 com.debug.loggerui/com.debug.loggerui.MainActivity (server),reason=setFocusedWindow]
06-13 13:48:13.519000   796   796 I auditd  : type=1400 audit(0.0:2314): avc:  denied  { read } for  comm="Thread-5" name="somaxconn" dev="proc" ino=310154 scontext=u:r:untrusted_app:s0:c226,c256,c512,c768 tcontext=u:object_r:proc_net:s0 tclass=file permissive=0 app=io.appium.uiautomator2.server
06-13 13:48:15.074457  1449  1473 I commit_sys_config_file: [jobs,9]
06-13 13:48:15.978382  1449  1571 I input_interaction: Interaction with: a575898 NavigationBar0 (server), PointerEventDispatcher0 (server), 
06-13 13:48:16.069897  2041  2810 I jank_cuj_events_begin_request: [11,1749811696068761000,17455321667070,13770287623204,]
06-13 13:48:16.094702  1449  1466 I wm_task_moved: [1,1,0,1,4]
06-13 13:48:16.095778  1449  1466 I wm_task_moved: [411,1,0,1,2147483647]
06-13 13:48:16.095884  1449  1466 I wm_task_to_front: [0,411,0]
06-13 13:48:16.096185 11069 11069 I wm_on_top_resumed_lost_called: [52437674,com.debug.loggerui.MainActivity,topStateChangedWhenResumed]
06-13 13:48:16.096761  1449  1466 I wm_focused_root_task: [0,0,1,-1,startExistingRecents]
06-13 13:48:16.100082  1449  1466 I wm_set_resumed_activity: [0,com.android.launcher3/com.android.searchlauncher.SearchLauncher,resumeTopActivity - onActivityStateChanged]
06-13 13:48:16.101604  1449  1466 I wm_resume_activity: [0,89257604,411,com.android.launcher3/com.android.searchlauncher.SearchLauncher]
06-13 13:48:16.104273  2041  2041 I wm_on_restart_called: [89257604,com.android.searchlauncher.SearchLauncher,performRestart,0]
06-13 13:48:16.114387  2041  2041 I wm_on_start_called: [89257604,com.android.searchlauncher.SearchLauncher,handleStartActivity,10]
06-13 13:48:16.116634  2041  2041 I wm_on_resume_called: [89257604,com.android.searchlauncher.SearchLauncher,RESUME_ACTIVITY,2]
06-13 13:48:16.134176  2041  2810 I jank_cuj_events_begin_request: [11,1749811696134036000,17455386939993,13770352895820,]
06-13 13:48:16.134382  2041  2810 I jank_cuj_events_begin_request: [9,1749811696134279000,17455387180070,13770353135820,]
06-13 13:48:16.134538  2041  2810 I jank_cuj_events_begin_request: [66,1749811696134333000,17455387233916,13770353189666,]
06-13 13:48:16.135709  2041  2041 I sysui_latency: [1,-3684967]
06-13 13:48:16.154999  2041  2041 I wm_on_top_resumed_gained_called: [89257604,com.android.searchlauncher.SearchLauncher,topStateChangedWhenResumed]
06-13 13:48:16.158265  1449  1475 I wm_wallpaper_surface: [0,1,Window{4aedc2d u0 com.android.launcher3/com.android.searchlauncher.SearchLauncher}]
06-13 13:48:16.174393  1449  1471 I sysui_multi_action: [319,73,322,64,325,13770,757,761,758,9,759,5,806,com.android.launcher3,871,com.android.searchlauncher.SearchLauncher,905,0,1320,8,1321,25]
06-13 13:48:16.188258   498   498 I auditd  : avc:  denied  { add } for pid=1449 uid=1000 name=vendor.mediatek.hardware.mbrainj.IMBrainJava/default scontext=u:r:system_server:s0 tcontext=u:object_r:default_android_service:s0 tclass=service_manager permissive=0
06-13 13:48:16.204610  1449  1539 I wm_set_resumed_activity: [0,com.android.launcher3/com.android.searchlauncher.SearchLauncher,setFocusedTask-alreadyTop]
06-13 13:48:16.209404  1449  1539 I wm_set_resumed_activity: [0,com.android.launcher3/com.android.searchlauncher.SearchLauncher,setFocusedTask-alreadyTop]
06-13 13:48:16.210257  1449  1475 I input_focus: [Focus request recents_animation_input_consumer,reason=UpdateInputWindows]
06-13 13:48:16.237390  1449  1571 I input_focus: [Focus leaving 1eaf226 com.debug.loggerui/com.debug.loggerui.MainActivity (server),reason=setFocusedWindow]
06-13 13:48:16.238085  1449  1571 I input_focus: [Focus entering recents_animation_input_consumer (server),reason=setFocusedWindow]
06-13 13:48:16.339563  1692  1752 I jank_cuj_events_end_request: [55,1749811696339219000,17455592123147,13770558079128]
06-13 13:48:16.468505  1449  1471 I sysui_latency: [8,13770376]
06-13 13:48:16.535011  2041  2810 I jank_cuj_events_cancel_request: [11,1749811696534753000,17455787657224,13770753613281]
06-13 13:48:16.535549  2041  2810 I jank_cuj_events_cancel_request: [9,1749811696534905000,17455787805301,13770753761281]
06-13 13:48:21.058103  1449  1515 I commit_sys_config_file: [package-user-0,12]
06-13 13:48:21.424516  1449  1571 I input_interaction: Interaction with: 4aedc2d com.android.launcher3/com.android.searchlauncher.SearchLauncher (server), d6c861b com.android.systemui.wallpapers.ImageWallpaper (server), PointerEventDispatcher0 (server), 
06-13 13:48:21.425612  2041  2810 I jank_cuj_events_begin_request: [25,1749811701425396000,17460678299455,13775644255512,]
06-13 13:48:21.425639  2041  2810 I jank_cuj_events_begin_request: [67,1749811701425468000,17460678368916,13775644324666,]
06-13 13:48:21.432437  2041  2810 I jank_cuj_events_cancel_request: [25,1749811701432289000,17460685192301,13775651148128]
06-13 13:48:21.432465  2041  2810 I jank_cuj_events_cancel_request: [67,1749811701432323000,17460685223993,13775651179820]
06-13 13:48:21.735289  2041  2810 I jank_cuj_events_end_request: [11,1749811701735157000,17460988060070,13775954016051]
06-13 13:48:21.735408  2041  2810 I jank_cuj_events_end_request: [9,1749811701735178000,17460988078762,13775954034512]
06-13 13:48:21.735435  2041  2810 I jank_cuj_events_end_request: [66,1749811701735180000,17460988080378,13775954036128]
06-13 13:48:21.736825  1449  1920 I wm_destroy_activity: [0,204180911,443,com.google.android.dialer/.extensions.GoogleDialtactsActivity,finish-imm:recent-task-trimmed]
06-13 13:48:21.738365  1449  1920 I wm_task_removed: [443,443,0,removeChild, last child = ActivityRecord{c2b8daf u0 com.google.android.dialer/.extensions.GoogleDialtactsActivity t-1 f}} in Task{810d5bc #443 type=standard A=10118:com.google.android.dialer}]
06-13 13:48:21.743646  1449  1471 I sysui_multi_action: [757,803,799,window_time_0,802,6853]
06-13 13:48:21.744017  1449  1920 I wm_destroy_activity: [0,180286364,444,com.mediatek.engineermode/.EngineerMode,finish-imm:recent-task-trimmed]
06-13 13:48:21.746496  1449  1571 I input_focus: [Focus leaving recents_animation_input_consumer (server),reason=NOT_VISIBLE]
06-13 13:48:21.747863  1449  1471 I sysui_multi_action: [757,803,799,window_time_0,802,1]
06-13 13:48:21.749466  1449  1920 I wm_finish_activity: [0,52437674,445,com.debug.loggerui/.MainActivity,recent-task-trimmed]
06-13 13:48:21.750641  1449  1920 I wm_pause_activity: [0,52437674,com.debug.loggerui/.MainActivity,userLeaving=false,finish]
06-13 13:48:21.750679 29045 29045 I wm_on_destroy_called: [180286364,com.mediatek.engineermode.EngineerMode,performDestroy,0]
06-13 13:48:21.754084 11069 11069 I wm_on_paused_called: [52437674,com.debug.loggerui.MainActivity,performPause,1]
06-13 13:48:21.755962  1449  1471 I sysui_multi_action: [757,803,799,window_time_0,802,0]
06-13 13:48:21.775425  1449  1466 I wm_destroy_activity: [0,52437674,445,com.debug.loggerui/.MainActivity,finish-imm:completePausedLocked]
06-13 13:48:21.781739  1449  1471 I sysui_multi_action: [757,803,799,window_time_0,802,0]
06-13 13:48:21.785411  1449  1475 I input_focus: [Focus request 4aedc2d com.android.launcher3/com.android.searchlauncher.SearchLauncher,reason=UpdateInputWindows]
06-13 13:48:21.791451 11069 11069 I wm_on_stop_called: [52437674,com.debug.loggerui.MainActivity,LIFECYCLER_STOP_ACTIVITY,1]
06-13 13:48:21.793413 11069 11069 I wm_on_destroy_called: [52437674,com.debug.loggerui.MainActivity,performDestroy,1]
06-13 13:48:21.796174  1449  1571 I input_focus: [Focus entering 4aedc2d com.android.launcher3/com.android.searchlauncher.SearchLauncher (server),reason=setFocusedWindow]
06-13 13:48:21.826743  1449  3259 I wm_task_removed: [444,444,0,removeChild, last child = ActivityRecord{abef39c u0 com.mediatek.engineermode/.EngineerMode t-1 f}} in Task{82f71a5 #444 type=standard A=10182:com.mediatek.engineermode}]
06-13 13:48:21.859035  1449  2874 I wm_task_removed: [445,445,0,removeChild, last child = ActivityRecord{32022aa u0 com.debug.loggerui/.MainActivity t-1 f}} in Task{8babe9b #445 type=standard A=10181:com.debug.loggerui}]
06-13 13:48:22.175204  1449  1571 I input_interaction: Interaction with: a575898 NavigationBar0 (server), PointerEventDispatcher0 (server), 
06-13 13:48:22.177416  1692  1692 I sysui_multi_action: [757,931,758,4,759,3,932,0,933,0]
06-13 13:48:22.262188  1692  1692 I sysui_multi_action: [757,931,758,4,759,3,932,0,933,1]
06-13 13:48:22.276488  1449  1472 I wm_new_intent: [0,89257604,411,com.android.launcher3/com.android.searchlauncher.SearchLauncher,android.intent.action.MAIN,NULL,NULL,268435712]
06-13 13:48:22.276936  1449  1472 I wm_task_moved: [1,1,0,1,1]
06-13 13:48:22.277111  2041  2041 I wm_on_top_resumed_lost_called: [89257604,com.android.searchlauncher.SearchLauncher,pausing]
06-13 13:48:22.277407  2041  2041 I wm_on_paused_called: [89257604,com.android.searchlauncher.SearchLauncher,performPause,1]
06-13 13:48:22.277703  1449  1472 I wm_set_keyguard_occluded: [0,0,0,setOccluded]
06-13 13:48:22.277972  2041  2041 I wm_on_resume_called: [89257604,com.android.searchlauncher.SearchLauncher,LIFECYCLER_RESUME_ACTIVITY,0]
06-13 13:48:22.278104  2041  2041 I wm_on_top_resumed_gained_called: [89257604,com.android.searchlauncher.SearchLauncher,topWhenResuming]
06-13 13:48:22.278497  1692  1692 I sysui_keyguard: [0,0]
06-13 13:48:22.278636  1692  1752 I jank_cuj_events_cancel_request: [23,1749811702278517000,17461531420378,13776497376359]
06-13 13:48:22.536000  1692  1752 I jank_cuj_events_end_request: [55,1749811702535779000,17461788684301,13776754640359]
06-13 13:48:22.554716  1449  1557 I commit_sys_config_file: [settings-1-0,9]
06-13 13:48:26.755862  1449  1571 I input_interaction: Interaction with: 4aedc2d com.android.launcher3/com.android.searchlauncher.SearchLauncher (server), d6c861b com.android.systemui.wallpapers.ImageWallpaper (server), PointerEventDispatcher0 (server), 
