06-13 11:44:52.169747  1449  1930 I am_proc_died: [0,25662,com.google.android.as.oss,945,19]
06-13 11:44:52.186703  1449  3273 I am_proc_died: [0,25688,com.google.android.as.oss:learning_bg,955,19]
06-13 11:44:52.187747  1449  3273 I am_uid_stopped: 10115
06-13 11:44:52.216709  1449  2969 I am_proc_died: [0,10990,com.mediatek.engineermode,500,19]
06-13 11:44:52.217378  1449  2969 I am_uid_stopped: 10182
06-13 11:44:52.222297  1692  1692 I sysui_multi_action: [757,931,758,4,759,3,932,0,933,1]
06-13 11:44:52.248470  1449  1472 I wm_new_intent: [0,89257604,411,com.android.launcher3/com.android.searchlauncher.SearchLauncher,android.intent.action.MAIN,NULL,NULL,268435712]
06-13 11:44:52.250240  1449  1472 I wm_task_moved: [1,1,0,1,2]
06-13 11:44:52.250248  2041  2041 I wm_on_top_resumed_lost_called: [89257604,com.android.searchlauncher.SearchLauncher,pausing]
06-13 11:44:52.251417  2041  2041 I wm_on_paused_called: [89257604,com.android.searchlauncher.SearchLauncher,performPause,1]
06-13 11:44:52.252079  2041  2041 I wm_on_resume_called: [89257604,com.android.searchlauncher.SearchLauncher,LIFECYCLER_RESUME_ACTIVITY,0]
06-13 11:44:52.252177  2041  2041 I wm_on_top_resumed_gained_called: [89257604,com.android.searchlauncher.SearchLauncher,topWhenResuming]
06-13 11:44:52.252366  1449  1472 I wm_set_keyguard_occluded: [0,0,0,setOccluded]
06-13 11:44:52.261038  1692  1692 I sysui_keyguard: [0,0]
06-13 11:44:52.261266  1692  1752 I jank_cuj_events_cancel_request: [23,1749804292261071000,10051513975629,6366479931994]
06-13 11:44:52.279735  1449  1930 I am_proc_died: [0,25573,com.google.android.apps.messaging,985,19]
06-13 11:44:52.313514  1449  1920 I am_proc_died: [0,26958,com.android.chrome,900,18]
06-13 11:44:52.331976  1449  1920 I am_uid_stopped: 10152
06-13 11:44:52.342335  1449  1920 I wm_task_removed: [435,435,0,removeChild, last child = ActivityRecord{965bf40 u0 com.android.chrome/org.chromium.chrome.browser.firstrun.FirstRunActivity t-1 f}} in Task{66c282d #435 type=standard A=10152:com.android.chrome}]
06-13 11:44:52.498093  1692  1752 I jank_cuj_events_end_request: [55,1749804292497916000,10051750819629,6366716775686]
06-13 11:44:52.911191  1449  1557 I commit_sys_config_file: [settings-1-0,19]
06-13 11:44:54.449483  1449  1449 I notification_cancel_all: [1000,1449,com.android.vending,0,0,0,20,NULL]
06-13 11:44:54.449994  1449  1449 I notification_cancel_all: [1000,1449,com.android.vending,0,0,0,20,NULL]
06-13 11:44:54.450237  1449  1449 I notification_cancel_all: [1000,1449,com.android.vending,0,0,0,20,NULL]
06-13 11:44:54.450511  1449  1449 I notification_cancel_all: [1000,1449,com.android.vending,0,0,0,20,NULL]
06-13 11:44:54.450777  1449  1449 I notification_cancel_all: [1000,1449,com.android.vending,0,0,0,20,NULL]
06-13 11:44:54.720249  1449  1473 I commit_sys_config_file: [notification-policy,6351470]
06-13 11:45:06.090344  1449  1557 I commit_sys_config_file: [settings-2-0,10]
06-13 11:45:06.193250  1449  3272 I am_crash: [26897,0,io.appium.uiautomator2.server,816365126,android.os.DeadObjectException,Error while disconnecting UiAutomation@ced2728[id=-1, displayId=0, flags=0],BinderProxy.java,-2,0]
06-13 11:45:06.251620  1449  1665 I am_proc_died: [0,26897,io.appium.uiautomator2.server,0,4]
06-13 11:45:06.252059  1449  1665 I am_uid_stopped: 10226
06-13 11:45:06.277556  1449  1484 I am_pss  : [27166,10122,com.google.process.gapps,10658816,6709248,830464,84676608,0,19,14]
06-13 11:45:06.295675  1449  1484 I am_pss  : [27002,1000,com.android.settings,25639936,22507520,808960,93392896,0,19,15]
06-13 11:45:06.348730  1449  1557 I commit_sys_config_file: [settings-0-0,10]
06-13 11:45:08.762298  1449  1571 I input_interaction: Interaction with: 4aedc2d com.android.launcher3/com.android.searchlauncher.SearchLauncher (server), d6c861b com.android.systemui.wallpapers.ImageWallpaper (server), PointerEventDispatcher0 (server), 
06-13 11:45:08.763914  2041  2810 I jank_cuj_events_begin_request: [25,1749804308763664000,10068016570014,6382982526456,]
06-13 11:45:08.763987  2041  2810 I jank_cuj_events_begin_request: [67,1749804308763837000,10068016738937,6382982694995,]
06-13 11:45:08.828503  2041  2810 I jank_cuj_events_cancel_request: [25,1749804308828284000,10068081189783,6383047145764]
06-13 11:45:08.828631  2041  2810 I jank_cuj_events_cancel_request: [67,1749804308828331000,10068081231014,6383047186995]
06-13 11:45:08.840771  1449  2880 I wm_task_created: 436
06-13 11:45:08.847520  1449  2880 I wm_task_moved: [436,436,0,1,2]
06-13 11:45:08.847641  1449  2880 I wm_task_to_front: [0,436,0]
06-13 11:45:08.849052  1449  2880 I wm_create_task: [0,436,436,0]
06-13 11:45:08.849195  1449  2880 I wm_create_activity: [0,129269096,436,com.android.chrome/com.google.android.apps.chrome.Main,android.intent.action.MAIN,NULL,NULL,270532608]
06-13 11:45:08.849573  1449  2880 I wm_task_moved: [436,436,0,1,2]
06-13 11:45:08.852073  1449  2880 I wm_pause_activity: [0,89257604,com.android.launcher3/com.android.searchlauncher.SearchLauncher,userLeaving=true,pauseBackTasks]
06-13 11:45:08.862327  2041  2041 I wm_on_top_resumed_lost_called: [89257604,com.android.searchlauncher.SearchLauncher,topStateChangedWhenResumed]
06-13 11:45:08.862945  1449  1474 I am_uid_running: 10152
06-13 11:45:08.863062  2041  2041 I wm_on_paused_called: [89257604,com.android.searchlauncher.SearchLauncher,performPause,0]
06-13 11:45:08.866086  1449  2969 I wm_add_to_stopping: [0,89257604,com.android.launcher3/com.android.searchlauncher.SearchLauncher,makeInvisible]
06-13 11:45:08.866683  1449  1471 I sysui_multi_action: [757,803,799,window_time_0,802,17]
06-13 11:45:08.875874  1449  1486 I am_proc_start: [0,27372,10152,com.android.chrome,next-top-activity,{com.android.chrome/com.google.android.apps.chrome.Main}]
06-13 11:45:08.884336  1449  1571 I input_focus: [Focus leaving 4aedc2d com.android.launcher3/com.android.searchlauncher.SearchLauncher (server),reason=NO_WINDOW]
06-13 11:45:08.887000 27372 27372 I auditd  : type=1400 audit(0.0:860): avc:  denied  { read } for  comm="main" name="u:object_r:vendor_prize_fp_prop:s0" dev="tmpfs" ino=8979 scontext=u:r:untrusted_app:s0:c152,c256,c512,c768 tcontext=u:object_r:vendor_prize_fp_prop:s0 tclass=file permissive=0 app=com.android.chrome
06-13 11:45:08.907822  1449  1665 I am_proc_bound: [0,27372,com.android.chrome]
06-13 11:45:08.917341  1449  1665 I wm_restart_activity: [0,129269096,436,com.android.chrome/com.google.android.apps.chrome.Main]
06-13 11:45:08.919070  1449  1665 I wm_set_resumed_activity: [0,com.android.chrome/com.google.android.apps.chrome.Main,minimalResumeActivityLocked - onActivityStateChanged]
06-13 11:45:08.918871  2041  2810 I jank_cuj_events_begin_request: [8,1749804308918738000,10068171643553,6383137599380,]
06-13 11:45:08.921813  1449  1474 I am_uid_active: 10152
06-13 11:45:08.923536   498   498 I auditd  : avc:  denied  { add } for pid=1449 uid=1000 name=vendor.mediatek.hardware.mbrainj.IMBrainJava/default scontext=u:r:system_server:s0 tcontext=u:object_r:default_android_service:s0 tclass=service_manager permissive=0
06-13 11:45:09.119107  1449  2880 I wm_task_moved: [436,436,0,1,2]
06-13 11:45:09.119318  1449  2880 I wm_create_activity: [0,62413777,436,com.android.chrome/org.chromium.chrome.browser.firstrun.FirstRunActivity,NULL,NULL,NULL,8388608]
06-13 11:45:09.122110  1449  2880 I wm_pause_activity: [0,129269096,com.android.chrome/com.google.android.apps.chrome.Main,userLeaving=true,resumeTopActivity]
06-13 11:45:09.201584  1449  1665 I wm_finish_activity: [0,129269096,436,com.android.chrome/com.google.android.apps.chrome.Main,app-request]
06-13 11:45:09.202156 27372 27372 I wm_on_create_called: [129269096,com.google.android.apps.chrome.Main,performCreate,139]
06-13 11:45:09.208234  1449  1665 I wm_add_to_stopping: [0,129269096,com.android.chrome/com.google.android.apps.chrome.Main,completeFinishing]
06-13 11:45:09.209734  1449  1665 I wm_restart_activity: [0,62413777,436,com.android.chrome/org.chromium.chrome.browser.firstrun.FirstRunActivity]
06-13 11:45:09.210589  1449  1665 I wm_set_resumed_activity: [0,com.android.chrome/org.chromium.chrome.browser.firstrun.FirstRunActivity,minimalResumeActivityLocked - onActivityStateChanged]
06-13 11:45:09.214193  1449  1471 I sysui_multi_action: [757,803,799,window_time_0,802,0]
06-13 11:45:09.280524  2041  2810 I jank_cuj_events_end_request: [8,1749804309280383000,10068533285706,6383499241764]
06-13 11:45:09.307153  1449  2869 I wm_wallpaper_surface: [0,0,Window{4aedc2d u0 com.android.launcher3/com.android.searchlauncher.SearchLauncher}]
06-13 11:45:09.319981 27372 27372 I wm_on_create_called: [62413777,org.chromium.chrome.browser.firstrun.FirstRunActivity,performCreate,86]
06-13 11:45:09.322514 27372 27372 I wm_on_start_called: [62413777,org.chromium.chrome.browser.firstrun.FirstRunActivity,handleStartActivity,2]
06-13 11:45:09.327944 27372 27372 I wm_on_resume_called: [62413777,org.chromium.chrome.browser.firstrun.FirstRunActivity,RESUME_ACTIVITY,0]
06-13 11:45:09.336300   498   498 I auditd  : avc:  denied  { find } for pid=27372 uid=10152 name=vendor.mediatek.hardware.mbrain.IMBrain/default scontext=u:r:untrusted_app:s0:c152,c256,c512,c768 tcontext=u:object_r:default_android_service:s0 tclass=service_manager permissive=0
06-13 11:45:09.347440 27372 27372 I wm_on_top_resumed_gained_called: [62413777,org.chromium.chrome.browser.firstrun.FirstRunActivity,topStateChangedWhenResumed]
06-13 11:45:09.355768  1449  1475 I input_focus: [Focus request 89f0e21 com.android.chrome/org.chromium.chrome.browser.firstrun.FirstRunActivity,reason=UpdateInputWindows]
06-13 11:45:09.426974   498   498 I auditd  : avc:  denied  { find } for pid=27372 uid=10152 name=vendor.mediatek.hardware.mbrain.IMBrain/default scontext=u:r:untrusted_app:s0:c152,c256,c512,c768 tcontext=u:object_r:default_android_service:s0 tclass=service_manager permissive=0
06-13 11:45:09.432998  1692  1752 I jank_cuj_events_begin_request: [39,1749804309432661000,10068685565476,6383651521456,]
06-13 11:45:09.434756  1449  1471 I sysui_multi_action: [319,73,321,65,322,600,325,6383,757,761,758,7,759,1,806,com.android.chrome,871,org.chromium.chrome.browser.firstrun.FirstRunActivity,904,com.android.chrome,905,0,945,83,1320,8,1321,5]
06-13 11:45:09.435509  1449  1471 I wm_activity_launch_time: [0,62413777,com.android.chrome/org.chromium.chrome.browser.firstrun.FirstRunActivity,600]
06-13 11:45:09.437877  1449  1571 I input_focus: [Focus entering 89f0e21 com.android.chrome/org.chromium.chrome.browser.firstrun.FirstRunActivity (server),reason=Window became focusable. Previous reason: NOT_VISIBLE]
06-13 11:45:09.441855  1449  1665 I wm_stop_activity: [0,89257604,com.android.launcher3/com.android.searchlauncher.SearchLauncher]
06-13 11:45:09.442210  1449  1665 I wm_destroy_activity: [0,129269096,436,com.android.chrome/com.google.android.apps.chrome.Main,finish-imm:idle]
06-13 11:45:09.450289   498   498 I auditd  : avc:  denied  { add } for pid=1449 uid=1000 name=vendor.mediatek.hardware.mbrainj.IMBrainJava/default scontext=u:r:system_server:s0 tcontext=u:object_r:default_android_service:s0 tclass=service_manager permissive=0
06-13 11:45:09.451530  2041  2041 I wm_on_stop_called: [89257604,com.android.searchlauncher.SearchLauncher,STOP_ACTIVITY_ITEM,9]
06-13 11:45:09.456190 27372 27372 I wm_on_destroy_called: [129269096,com.google.android.apps.chrome.Main,performDestroy,6]
06-13 11:45:09.473122  1449  2869 I am_uid_running: 90000
06-13 11:45:09.503000 27439 27439 I auditd  : type=1400 audit(0.0:861): avc:  denied  { read } for  comm="main" name="u:object_r:vendor_prize_fp_prop:s0" dev="tmpfs" ino=8979 scontext=u:r:app_zygote:s0:c512,c768 tcontext=u:object_r:vendor_prize_fp_prop:s0 tclass=file permissive=0 app=com.android.chrome
06-13 11:45:09.626325  1449  1486 I am_proc_start: [0,27465,90000,com.android.chrome:sandboxed_process0:org.chromium.content.app.SandboxedProcessService0:0,,{com.android.chrome/org.chromium.content.app.SandboxedProcessService0:0}]
06-13 11:45:09.631000 27465 27465 I auditd  : type=1400 audit(0.0:862): avc:  denied  { read } for  comm="d.chrome_zygote" name="u:object_r:vendor_prize_fp_prop:s0" dev="tmpfs" ino=8979 scontext=u:r:isolated_app:s0:c512,c768 tcontext=u:object_r:vendor_prize_fp_prop:s0 tclass=file permissive=0
06-13 11:45:09.658276  1449  2869 I am_proc_bound: [0,27465,com.android.chrome:sandboxed_process0:org.chromium.content.app.SandboxedProcessService0:0]
06-13 11:45:09.663846  1449  2869 I am_uid_active: 90000
06-13 11:45:09.794779  1692  1752 I jank_cuj_events_end_request: [39,1749804309794598000,10069047503937,6384013459995]
06-13 11:45:11.201634  1449  1571 I input_interaction: Interaction with: a575898 NavigationBar0 (server), PointerEventDispatcher0 (server), 
06-13 11:45:11.204202  1692  1692 I sysui_multi_action: [757,931,758,4,759,3,932,0,933,0]
06-13 11:45:11.286432  1692  1692 I sysui_multi_action: [757,931,758,4,759,3,932,0,933,1]
06-13 11:45:11.296142  1449  1472 I wm_task_moved: [1,1,0,1,2]
06-13 11:45:11.296410  1449  1472 I wm_task_moved: [411,1,0,1,2147483647]
06-13 11:45:11.296454  1449  1472 I wm_task_to_front: [0,411,0]
06-13 11:45:11.296593  1449  1472 I wm_focused_root_task: [0,0,1,436,bringingFoundTaskToFront]
06-13 11:45:11.296628 27372 27372 I wm_on_top_resumed_lost_called: [62413777,org.chromium.chrome.browser.firstrun.FirstRunActivity,topStateChangedWhenResumed]
06-13 11:45:11.297566  1449  1472 I wm_set_resumed_activity: [0,com.android.launcher3/com.android.searchlauncher.SearchLauncher,bringingFoundTaskToFront]
06-13 11:45:11.297769  1449  1472 I wm_new_intent: [0,89257604,411,com.android.launcher3/com.android.searchlauncher.SearchLauncher,android.intent.action.MAIN,NULL,NULL,268435712]
06-13 11:45:11.298220  1449  1472 I wm_pause_activity: [0,62413777,com.android.chrome/org.chromium.chrome.browser.firstrun.FirstRunActivity,userLeaving=true,pauseBackTasks]
06-13 11:45:11.301784  1449  1472 I wm_add_to_stopping: [0,62413777,com.android.chrome/org.chromium.chrome.browser.firstrun.FirstRunActivity,makeInvisible]
06-13 11:45:11.302253  1449  1471 I sysui_multi_action: [757,803,799,window_time_0,802,2]
06-13 11:45:11.303661  1449  1472 I wm_set_resumed_activity: [0,com.android.launcher3/com.android.searchlauncher.SearchLauncher,resumeTopActivity - onActivityStateChanged]
06-13 11:45:11.304937  1449  1472 I wm_resume_activity: [0,89257604,411,com.android.launcher3/com.android.searchlauncher.SearchLauncher]
06-13 11:45:11.306031  2041  2041 I wm_on_restart_called: [89257604,com.android.searchlauncher.SearchLauncher,performRestart,0]
06-13 11:45:11.308991  1449  1475 I input_focus: [Requesting to set focus to null window,reason=UpdateInputWindows]
06-13 11:45:11.315526  2041  2041 I wm_on_start_called: [89257604,com.android.searchlauncher.SearchLauncher,handleStartActivity,9]
06-13 11:45:11.316191   498   498 I auditd  : avc:  denied  { add } for pid=1449 uid=1000 name=vendor.mediatek.hardware.mbrainj.IMBrainJava/default scontext=u:r:system_server:s0 tcontext=u:object_r:default_android_service:s0 tclass=service_manager permissive=0
06-13 11:45:11.320830  1449  1571 I input_focus: [Focus leaving 89f0e21 com.android.chrome/org.chromium.chrome.browser.firstrun.FirstRunActivity (server),reason=NO_WINDOW]
06-13 11:45:11.321135  2041  2041 I wm_on_resume_called: [89257604,com.android.searchlauncher.SearchLauncher,RESUME_ACTIVITY,1]
06-13 11:45:11.323125 27372 27372 I wm_on_paused_called: [62413777,org.chromium.chrome.browser.firstrun.FirstRunActivity,performPause,10]
06-13 11:45:11.341040  1449  1475 I input_focus: [Focus request 4aedc2d com.android.launcher3/com.android.searchlauncher.SearchLauncher,reason=UpdateInputWindows]
06-13 11:45:11.363082  2041  2041 I wm_on_top_resumed_gained_called: [89257604,com.android.searchlauncher.SearchLauncher,topStateChangedWhenResumed]
06-13 11:45:11.366927  1449  1475 I wm_wallpaper_surface: [0,1,Window{4aedc2d u0 com.android.launcher3/com.android.searchlauncher.SearchLauncher}]
06-13 11:45:11.392221  1449  1471 I sysui_multi_action: [319,94,322,74,325,6385,757,761,758,9,759,2,806,com.android.launcher3,871,com.android.searchlauncher.SearchLauncher,905,0,1320,8,1321,25]
06-13 11:45:11.411885  2041  2810 I jank_cuj_events_begin_request: [9,1749804311411771000,10070664675937,6385630631995,]
06-13 11:45:11.444699  1449  1571 I input_focus: [Focus entering 4aedc2d com.android.launcher3/com.android.searchlauncher.SearchLauncher (server),reason=Window became focusable. Previous reason: NOT_VISIBLE]
06-13 11:45:11.559208  1692  1752 I jank_cuj_events_end_request: [55,1749804311559076000,10070811980476,6385777936610]
06-13 11:45:11.953738  2041  2810 I jank_cuj_events_end_request: [9,1749804311953623000,10071206525399,6386172481534]
06-13 11:45:11.960325  1449  1474 I wm_stop_activity: [0,62413777,com.android.chrome/org.chromium.chrome.browser.firstrun.FirstRunActivity]
06-13 11:45:12.001056 27372 27372 I wm_on_stop_called: [62413777,org.chromium.chrome.browser.firstrun.FirstRunActivity,STOP_ACTIVITY_ITEM,5]
06-13 11:45:20.176920  1449  1547 I am_uid_running: 10115
06-13 11:45:20.206680  1449  2880 I am_uid_running: 90001
06-13 11:45:20.212249  1449  1486 I am_proc_start: [0,27500,10115,com.google.android.as.oss,service,{com.google.android.as.oss/com.google.android.gms.learning.internal.training.InAppJobService}]
06-13 11:45:20.215000 27500 27500 I auditd  : type=1400 audit(0.0:863): avc:  denied  { read } for  comm="main" name="u:object_r:vendor_prize_fp_prop:s0" dev="tmpfs" ino=8979 scontext=u:r:priv_app:s0:c512,c768 tcontext=u:object_r:vendor_prize_fp_prop:s0 tclass=file permissive=0 app=com.google.android.as.oss
06-13 11:45:20.230823  1449  1486 I am_proc_start: [0,27514,90001,com.android.chrome:sandboxed_process0:org.chromium.content.app.SandboxedProcessService0:1,,{com.android.chrome/org.chromium.content.app.SandboxedProcessService0:1}]
06-13 11:45:20.232547  1449  2880 I am_proc_bound: [0,27500,com.google.android.as.oss]
06-13 11:45:20.239000 27514 27514 I auditd  : type=1400 audit(0.0:864): avc:  denied  { read } for  comm="d.chrome_zygote" name="u:object_r:vendor_prize_fp_prop:s0" dev="tmpfs" ino=8979 scontext=u:r:isolated_app:s0:c512,c768 tcontext=u:object_r:vendor_prize_fp_prop:s0 tclass=file permissive=0
06-13 11:45:20.260200  1449  2880 I am_proc_bound: [0,27514,com.android.chrome:sandboxed_process0:org.chromium.content.app.SandboxedProcessService0:1]
06-13 11:45:20.327000 27514 27514 I auditd  : type=1400 audit(0.0:865): avc:  denied  { setattr } for  comm="ThreadPoolForeg" name="model.tflite" dev="dm-48" ino=44551 scontext=u:r:isolated_app:s0:c512,c768 tcontext=u:object_r:app_data_file:s0:c152,c256,c512,c768 tclass=file permissive=0
06-13 11:45:20.327000 27514 27514 I auditd  : type=1400 audit(0.0:866): avc:  denied  { setattr } for  comm="ThreadPoolForeg" name="model-info.pb" dev="dm-48" ino=44558 scontext=u:r:isolated_app:s0:c512,c768 tcontext=u:object_r:app_data_file:s0:c152,c256,c512,c768 tclass=file permissive=0
06-13 11:45:20.337768  1449  2880 I am_kill : [0,27514,com.android.chrome:sandboxed_process0:org.chromium.content.app.SandboxedProcessService0:1,0,isolated not needed]
06-13 11:45:20.356476  1449  1920 I am_proc_died: [0,27514,com.android.chrome:sandboxed_process0:org.chromium.content.app.SandboxedProcessService0:1,0,10]
06-13 11:45:20.356821  1449  1920 I am_uid_stopped: 90001
06-13 11:45:21.954668  1449  1473 I commit_sys_config_file: [jobs,8]
06-13 11:45:21.956981  1449  1473 I commit_sys_config_file: [jobs,2]
06-13 11:45:26.379889  1449  1557 I commit_sys_config_file: [settings-0-0,17]
06-13 11:45:27.918103  1449  1484 I am_pss  : [27166,10122,com.google.process.gapps,10267648,6762496,723968,85180416,0,19,10]
06-13 11:45:27.921544  1449  1449 I notification_cancel_all: [1000,1449,io.appium.uiautomator2.server,0,0,0,5,NULL]
06-13 11:45:27.943471  1449  1449 I notification_cancel_all: [1000,1449,io.appium.uiautomator2.server.test,0,0,0,5,NULL]
06-13 11:45:28.367000 27610 27610 I auditd  : type=1400 audit(0.0:867): avc:  denied  { read } for  comm="main" name="u:object_r:build_attestation_prop:s0" dev="tmpfs" ino=8398 scontext=u:r:shell:s0 tcontext=u:object_r:build_attestation_prop:s0 tclass=file permissive=0
06-13 11:45:28.367000 27610 27610 I auditd  : type=1400 audit(0.0:868): avc:  denied  { read } for  comm="main" name="u:object_r:build_attestation_prop:s0" dev="tmpfs" ino=8398 scontext=u:r:shell:s0 tcontext=u:object_r:build_attestation_prop:s0 tclass=file permissive=0
06-13 11:45:28.367000 27610 27610 I auditd  : type=1400 audit(0.0:869): avc:  denied  { read } for  comm="main" name="u:object_r:build_attestation_prop:s0" dev="tmpfs" ino=8398 scontext=u:r:shell:s0 tcontext=u:object_r:build_attestation_prop:s0 tclass=file permissive=0
06-13 11:45:28.371000 27610 27610 I auditd  : type=1400 audit(0.0:870): avc:  denied  { read } for  comm="main" name="u:object_r:system_mtk_app32_boost_prop:s0" dev="tmpfs" ino=8618 scontext=u:r:shell:s0 tcontext=u:object_r:system_mtk_app32_boost_prop:s0 tclass=file permissive=0
06-13 11:45:28.371000 27610 27610 I auditd  : type=1400 audit(0.0:871): avc:  denied  { read } for  comm="main" name="u:object_r:system_mtk_app32_boost_prop:s0" dev="tmpfs" ino=8618 scontext=u:r:shell:s0 tcontext=u:object_r:system_mtk_app32_boost_prop:s0 tclass=file permissive=0
06-13 11:45:28.371000 27610 27610 I auditd  : type=1400 audit(0.0:872): avc:  denied  { read } for  comm="main" name="u:object_r:system_mtk_app32_boost_prop:s0" dev="tmpfs" ino=8618 scontext=u:r:shell:s0 tcontext=u:object_r:system_mtk_app32_boost_prop:s0 tclass=file permissive=0
06-13 11:45:28.400535  1449  1920 I am_uid_running: 10226
06-13 11:45:28.411708  1449  1486 I am_proc_start: [0,27625,10226,io.appium.uiautomator2.server,added application,io.appium.uiautomator2.server]
06-13 11:45:28.468615  1449  1920 I am_proc_bound: [0,27625,io.appium.uiautomator2.server]
06-13 11:45:28.472539  1449  1920 I am_uid_active: 10226
06-13 11:45:29.843000 27625 27625 I auditd  : type=1400 audit(0.0:874): avc:  denied  { read } for  comm="Thread-5" name="somaxconn" dev="proc" ino=246956 scontext=u:r:untrusted_app:s0:c226,c256,c512,c768 tcontext=u:object_r:proc_net:s0 tclass=file permissive=0 app=io.appium.uiautomator2.server
06-13 11:45:29.971949  1449  1557 I commit_sys_config_file: [settings-2-0,6]
06-13 11:45:32.203941  1692  1752 I jank_cuj_events_end_request: [55,1749804332203624000,10091456530400,6406422486766]
06-13 11:45:32.303977  1449  1571 I input_interaction: Interaction with: 4aedc2d com.android.launcher3/com.android.searchlauncher.SearchLauncher (server), d6c861b com.android.systemui.wallpapers.ImageWallpaper (server), PointerEventDispatcher0 (server), 
06-13 11:45:32.304964  2041  2810 I jank_cuj_events_begin_request: [25,1749804332304784000,10091557688785,6406523645150,]
06-13 11:45:32.305667  2041  2810 I jank_cuj_events_begin_request: [67,1749804332304869000,10091557769785,6406523725766,]
06-13 11:45:32.397227  2041  2810 I jank_cuj_events_cancel_request: [25,1749804332397066000,10091649970092,6406615926150]
06-13 11:45:32.397273  2041  2810 I jank_cuj_events_cancel_request: [67,1749804332397113000,10091650013785,6406615969766]
06-13 11:45:32.714467  1449  2880 I wm_destroy_activity: [0,62413777,436,com.android.chrome/org.chromium.chrome.browser.firstrun.FirstRunActivity,finish-imm:recent-task-trimmed]
06-13 11:45:32.724308  1449  1471 I sysui_multi_action: [757,803,799,window_time_0,802,21]
06-13 11:45:32.725328  1449  1474 I am_kill : [0,25520,com.google.android.apps.wellbeing,965,empty #11]
06-13 11:45:32.726871  1449  1474 I am_kill : [0,27465,com.android.chrome:sandboxed_process0:org.chromium.content.app.SandboxedProcessService0:0,905,remove task]
06-13 11:45:32.727476  1449  1474 I am_kill : [0,27372,com.android.chrome,900,remove task]
06-13 11:45:32.739027  1449  1484 I am_pss  : [27372,10152,com.android.chrome,7577600,7577600,0,7577600,0,18,1]
06-13 11:45:32.766369  1449  1484 I am_pss  : [27093,10124,com.android.vending,99655680,66494464,721920,214007808,0,19,17]
06-13 11:45:32.767748  1449  2880 I am_proc_died: [0,27465,com.android.chrome:sandboxed_process0:org.chromium.content.app.SandboxedProcessService0:0,905,19]
06-13 11:45:32.768746  1449  2880 I am_schedule_service_restart: [0,com.android.chrome/org.chromium.content.app.SandboxedProcessService0:0,1000]
06-13 11:45:32.769372  1449  2880 I am_uid_stopped: 90000
06-13 11:45:32.777271  1449  1571 I input_interaction: Interaction with: a575898 NavigationBar0 (server), PointerEventDispatcher0 (server), 
06-13 11:45:32.785475  1692  1692 I sysui_multi_action: [757,931,758,4,759,3,932,0,933,0]
06-13 11:45:32.791964  1449  1484 I am_pss  : [27235,10124,com.android.vending:background,60337152,28360704,740352,166502400,0,19,14]
06-13 11:45:32.801583  1449  3267 I am_proc_died: [0,25520,com.google.android.apps.wellbeing,965,19]
06-13 11:45:32.804326  1449  3267 I am_schedule_service_restart: [0,com.google.android.apps.wellbeing/.screen.ui.GrayscaleTileService,10965]
06-13 11:45:32.804507  1449  3267 I am_uid_stopped: 10125
06-13 11:45:32.860271  1692  1692 I sysui_multi_action: [757,931,758,4,759,3,932,0,933,1]
06-13 11:45:32.879532  1449  3272 I am_proc_died: [0,27372,com.android.chrome,900,18]
06-13 11:45:32.882989  1449  3272 I am_uid_stopped: 10152
06-13 11:45:32.889466  1449  1472 I wm_new_intent: [0,89257604,411,com.android.launcher3/com.android.searchlauncher.SearchLauncher,android.intent.action.MAIN,NULL,NULL,268435712]
06-13 11:45:32.890385  1449  1472 I wm_task_moved: [1,1,0,1,2]
06-13 11:45:32.891044  2041  2041 I wm_on_top_resumed_lost_called: [89257604,com.android.searchlauncher.SearchLauncher,pausing]
06-13 11:45:32.891720  2041  2041 I wm_on_paused_called: [89257604,com.android.searchlauncher.SearchLauncher,performPause,1]
06-13 11:45:32.891862  1449  1472 I wm_set_keyguard_occluded: [0,0,0,setOccluded]
06-13 11:45:32.892771  2041  2041 I wm_on_resume_called: [89257604,com.android.searchlauncher.SearchLauncher,LIFECYCLER_RESUME_ACTIVITY,0]
06-13 11:45:32.892902  2041  2041 I wm_on_top_resumed_gained_called: [89257604,com.android.searchlauncher.SearchLauncher,topWhenResuming]
06-13 11:45:32.902319  1692  1692 I sysui_keyguard: [0,0]
06-13 11:45:32.902677  1692  1752 I jank_cuj_events_cancel_request: [23,1749804332902355000,10092155259862,6407121215689]
06-13 11:45:32.905914  1449  3272 I wm_task_removed: [436,436,0,removeChild, last child = ActivityRecord{3b85bd1 u0 com.android.chrome/org.chromium.chrome.browser.firstrun.FirstRunActivity t-1 f}} in Task{c7f4581 #436 type=standard A=10152:com.android.chrome}]
06-13 11:45:33.184525  1692  1752 I jank_cuj_events_end_request: [55,1749804333184408000,10092437311939,6407403268227]
06-13 11:45:33.530067  1449  1557 I commit_sys_config_file: [settings-1-0,9]
06-13 11:45:33.815573  1449  3282 I am_uid_running: 10125
06-13 11:45:33.840114  1449  1486 I am_proc_start: [0,27667,10125,com.google.android.apps.wellbeing,service,{com.google.android.apps.wellbeing/com.google.android.apps.wellbeing.screen.ui.GrayscaleTileService}]
06-13 11:45:33.851000 27667 27667 I auditd  : type=1400 audit(0.0:875): avc:  denied  { read } for  comm="main" name="u:object_r:vendor_prize_fp_prop:s0" dev="tmpfs" ino=8979 scontext=u:r:priv_app:s0:c512,c768 tcontext=u:object_r:vendor_prize_fp_prop:s0 tclass=file permissive=0 app=com.google.android.apps.wellbeing
06-13 11:45:33.868598  1449  3282 I am_proc_bound: [0,27667,com.google.android.apps.wellbeing]
06-13 11:45:37.984442  1449  1515 I commit_sys_config_file: [package-user-0,28]
06-13 11:45:44.487809  1449  1572 I sysui_multi_action: [757,804,799,power_consecutive_short_tap_count,801,1,802,1]
06-13 11:45:44.487989  1449  1572 I sysui_multi_action: [757,804,799,power_double_tap_interval,801,1074355,802,1]
06-13 11:45:44.488740  1449  1572 I intercept_power: [ACTION_DOWN,0,1]
06-13 11:45:44.608759  1449  1572 I intercept_power: [ACTION_UP,0,0]
06-13 11:45:44.614066  1449  1472 I power_sleep_requested: 1
06-13 11:45:44.640678  1449  1484 I am_pss  : [27625,10226,io.appium.uiautomator2.server,32771072,25456640,601088,110968832,0,4,16]
06-13 11:45:44.653411  1449  1484 I am_pss  : [27500,10115,com.google.android.as.oss,15862784,12763136,790528,84975616,0,19,11]
06-13 11:45:44.686768  1449  1512 I sysui_multi_action: [757,1696,758,6,759,0]
06-13 11:45:44.811964  1449  1512 I wm_pause_activity: [0,89257604,com.android.launcher3/com.android.searchlauncher.SearchLauncher,userLeaving=false,sleep]
06-13 11:45:44.811832  2041  2041 I wm_on_top_resumed_lost_called: [89257604,com.android.searchlauncher.SearchLauncher,topStateChangedWhenResumed]
06-13 11:45:44.816488  2041  2041 I wm_on_paused_called: [89257604,com.android.searchlauncher.SearchLauncher,performPause,1]
06-13 11:45:44.820350  1449  1665 I wm_add_to_stopping: [0,89257604,com.android.launcher3/com.android.searchlauncher.SearchLauncher,completePauseLocked]
06-13 11:45:44.823789  1449  1471 I sysui_multi_action: [757,803,799,window_time_0,802,13]
06-13 11:45:44.825627  1449  1474 I wm_stop_activity: [0,89257604,com.android.launcher3/com.android.searchlauncher.SearchLauncher]
06-13 11:45:44.826350  1449  1475 I input_focus: [Requesting to set focus to null window,reason=UpdateInputWindows]
06-13 11:45:44.838059  1449  1665 I wm_wallpaper_surface: [0,0,Window{4aedc2d u0 com.android.launcher3/com.android.searchlauncher.SearchLauncher}]
06-13 11:45:44.838482  1449  1571 I input_focus: [Focus leaving 4aedc2d com.android.launcher3/com.android.searchlauncher.SearchLauncher (server),reason=NO_WINDOW]
06-13 11:45:44.857466  1449  1665 I am_kill : [0,25057,com.google.android.gms.unstable,945,empty #11]
06-13 11:45:44.863226  2041  2041 I wm_on_stop_called: [89257604,com.android.searchlauncher.SearchLauncher,STOP_ACTIVITY_ITEM,13]
06-13 11:45:44.919856  1449  3272 I am_proc_died: [0,25057,com.google.android.gms.unstable,945,19]
06-13 11:45:44.946231  1692  1752 I jank_cuj_events_end_request: [55,1749804344946018000,10104198921170,6419164876920]
06-13 11:45:45.188059  1449  1449 I screen_toggled: 0
06-13 11:45:45.188179  1449  1449 I sysui_multi_action: [757,804,799,screen_timeout,801,30,802,1]
06-13 11:45:45.197237  1449  1449 I sysui_multi_action: [757,1594,758,4,759,-2147483648,1359,88503]
06-13 11:45:45.197325  1449  1449 I sysui_multi_action: [757,198,758,2,759,2,1359,703,1695,4]
06-13 11:45:45.197371  1449  1449 I power_screen_state: [0,2,0,0,703]
06-13 11:45:45.197403  1449  1449 I power_screen_broadcast_send: 1
06-13 11:45:45.235908  1449  1449 I battery_saving_stats: [0,1,0,88953,0,0,643627,0,0]
06-13 11:45:45.299317  1449  1471 I power_screen_broadcast_done: [0,102,1]
06-13 11:45:45.503739  1692  1752 I jank_cuj_events_end_request: [55,1749804345503423000,10104756327862,6419722283920]
06-13 11:45:56.092455  1449  1484 I am_pss  : [27667,10125,com.google.android.apps.wellbeing,36404224,32845824,802816,108134400,0,19,16]
06-13 11:46:03.865036  1449  1557 I commit_sys_config_file: [settings-0-0,10]
06-13 11:46:05.829311  1449  1922 I am_uid_stopped: 10226
06-13 11:46:05.830765  1449  1922 I am_kill : [0,27625,io.appium.uiautomator2.server,0,stop io.appium.uiautomator2.server due to finished inst]
06-13 11:46:05.861238  1449  1484 I am_pss  : [27500,10115,com.google.android.as.oss,15747072,12550144,801792,85217280,0,19,10]
06-13 11:46:06.012945  1449  1557 I commit_sys_config_file: [settings-2-0,5]
06-13 11:46:06.317421  1449  1449 I notification_cancel_all: [1000,1449,io.appium.uiautomator2.server,0,0,0,5,NULL]
06-13 11:46:06.337273  1449  1449 I notification_cancel_all: [1000,1449,io.appium.uiautomator2.server.test,0,0,0,5,NULL]
06-13 11:46:06.791000 27790 27790 I auditd  : type=1400 audit(0.0:876): avc:  denied  { read } for  comm="main" name="u:object_r:build_attestation_prop:s0" dev="tmpfs" ino=8398 scontext=u:r:shell:s0 tcontext=u:object_r:build_attestation_prop:s0 tclass=file permissive=0
06-13 11:46:06.791000 27790 27790 I auditd  : type=1400 audit(0.0:877): avc:  denied  { read } for  comm="main" name="u:object_r:build_attestation_prop:s0" dev="tmpfs" ino=8398 scontext=u:r:shell:s0 tcontext=u:object_r:build_attestation_prop:s0 tclass=file permissive=0
06-13 11:46:06.791000 27790 27790 I auditd  : type=1400 audit(0.0:878): avc:  denied  { read } for  comm="main" name="u:object_r:build_attestation_prop:s0" dev="tmpfs" ino=8398 scontext=u:r:shell:s0 tcontext=u:object_r:build_attestation_prop:s0 tclass=file permissive=0
06-13 11:46:06.791000 27790 27790 I auditd  : type=1400 audit(0.0:879): avc:  denied  { read } for  comm="main" name="u:object_r:system_mtk_app32_boost_prop:s0" dev="tmpfs" ino=8618 scontext=u:r:shell:s0 tcontext=u:object_r:system_mtk_app32_boost_prop:s0 tclass=file permissive=0
06-13 11:46:06.791000 27790 27790 I auditd  : type=1400 audit(0.0:880): avc:  denied  { read } for  comm="main" name="u:object_r:system_mtk_app32_boost_prop:s0" dev="tmpfs" ino=8618 scontext=u:r:shell:s0 tcontext=u:object_r:system_mtk_app32_boost_prop:s0 tclass=file permissive=0
06-13 11:46:06.791000 27790 27790 I auditd  : type=1400 audit(0.0:881): avc:  denied  { read } for  comm="main" name="u:object_r:system_mtk_app32_boost_prop:s0" dev="tmpfs" ino=8618 scontext=u:r:shell:s0 tcontext=u:object_r:system_mtk_app32_boost_prop:s0 tclass=file permissive=0
06-13 11:46:06.826489  1449  3266 I am_uid_running: 10226
06-13 11:46:06.844619  1449  1486 I am_proc_start: [0,27805,10226,io.appium.uiautomator2.server,added application,io.appium.uiautomator2.server]
06-13 11:46:06.851000 27805 27805 I auditd  : type=1400 audit(0.0:882): avc:  denied  { read } for  comm="main" name="u:object_r:vendor_prize_fp_prop:s0" dev="tmpfs" ino=8979 scontext=u:r:untrusted_app:s0:c226,c256,c512,c768 tcontext=u:object_r:vendor_prize_fp_prop:s0 tclass=file permissive=0 app=io.appium.uiautomator2.server
06-13 11:46:06.900535  1449  3266 I am_proc_bound: [0,27805,io.appium.uiautomator2.server]
06-13 11:46:06.905484  1449  3266 I am_uid_active: 10226
06-13 11:46:08.236631  1449  1449 I screen_toggled: 1
06-13 11:46:08.244903  1449  1449 I power_screen_broadcast_send: 1
06-13 11:46:08.270664  1449  1512 I wm_set_resumed_activity: [0,com.android.launcher3/com.android.searchlauncher.SearchLauncher,resumeTopActivity - onActivityStateChanged]
06-13 11:46:08.272750  1449  1512 I wm_resume_activity: [0,89257604,411,com.android.launcher3/com.android.searchlauncher.SearchLauncher]
06-13 11:46:08.275332  2041  2041 I wm_on_restart_called: [89257604,com.android.searchlauncher.SearchLauncher,performRestart,0]
06-13 11:46:08.276961  1449  1512 I sysui_multi_action: [757,1696,758,6,759,3]
06-13 11:46:08.288547  2041  2041 I wm_on_start_called: [89257604,com.android.searchlauncher.SearchLauncher,handleStartActivity,13]
06-13 11:46:08.289845  2041  2041 I wm_on_resume_called: [89257604,com.android.searchlauncher.SearchLauncher,RESUME_ACTIVITY,0]
06-13 11:46:08.289929  2041  2041 I wm_on_top_resumed_gained_called: [89257604,com.android.searchlauncher.SearchLauncher,topWhenResuming]
06-13 11:46:08.308149  1449  1475 I input_focus: [Focus request 4aedc2d com.android.launcher3/com.android.searchlauncher.SearchLauncher,reason=UpdateInputWindows]
06-13 11:46:08.333756  1449  1449 I battery_saving_stats: [0,0,0,23098,0,0,4960032,-58920,-2]
06-13 11:46:08.385718  1449  1475 I wm_wallpaper_surface: [0,1,Window{4aedc2d u0 com.android.launcher3/com.android.searchlauncher.SearchLauncher}]
06-13 11:46:08.428995  1449  1557 I commit_sys_config_file: [settings-2-0,37]
06-13 11:46:08.453540  1449  1471 I power_screen_broadcast_done: [1,209,1]
06-13 11:46:08.741952  1449  1512 I sysui_latency: [5,506]
06-13 11:46:08.743040  1449  1449 I sysui_multi_action: [757,198,758,1,759,1,1359,528,1694,6]
06-13 11:46:08.743182  1449  1449 I power_screen_state: [1,0,0,0,528]
06-13 11:46:08.749535  1449  1571 I input_focus: [Focus entering 4aedc2d com.android.launcher3/com.android.searchlauncher.SearchLauncher (server),reason=Window became focusable. Previous reason: NO_WINDOW]
06-13 11:46:09.339000 27805 27805 I auditd  : type=1400 audit(0.0:883): avc:  denied  { read } for  comm="Thread-5" name="somaxconn" dev="proc" ino=246956 scontext=u:r:untrusted_app:s0:c226,c256,c512,c768 tcontext=u:object_r:proc_net:s0 tclass=file permissive=0 app=io.appium.uiautomator2.server
06-13 11:46:11.901276  1692  1752 I jank_cuj_events_end_request: [55,1749804371900763000,10131153666403,6446119622383]
06-13 11:46:11.961218  1449  1485 I am_uid_idle: 10185
06-13 11:46:11.961426  1449  1485 I am_uid_idle: 10124
06-13 11:46:11.991031  1449  1571 I input_interaction: Interaction with: 4aedc2d com.android.launcher3/com.android.searchlauncher.SearchLauncher (server), d6c861b com.android.systemui.wallpapers.ImageWallpaper (server), PointerEventDispatcher0 (server), 
06-13 11:46:11.991918  2041  2810 I jank_cuj_events_begin_request: [25,1749804371991689000,10131244600864,6446210557845,]
06-13 11:46:11.992428  2041  2810 I jank_cuj_events_begin_request: [67,1749804371992262000,10131245164787,6446211120614,]
06-13 11:46:12.084234  2041  2810 I jank_cuj_events_cancel_request: [25,1749804372084041000,10131336944249,6446302900537]
06-13 11:46:12.084375  2041  2810 I jank_cuj_events_cancel_request: [67,1749804372084281000,10131337182403,6446303138460]
06-13 11:46:12.454038  1449  1571 I input_interaction: Interaction with: a575898 NavigationBar0 (server), PointerEventDispatcher0 (server), 
06-13 11:46:12.457082  1692  1692 I sysui_multi_action: [757,931,758,4,759,3,932,0,933,0]
06-13 11:46:12.547110  1692  1692 I sysui_multi_action: [757,931,758,4,759,3,932,0,933,1]
06-13 11:46:12.563773  1449  1472 I wm_new_intent: [0,89257604,411,com.android.launcher3/com.android.searchlauncher.SearchLauncher,android.intent.action.MAIN,NULL,NULL,268435712]
06-13 11:46:12.564425  1449  1472 I wm_task_moved: [1,1,0,1,1]
06-13 11:46:12.564719  2041  2041 I wm_on_top_resumed_lost_called: [89257604,com.android.searchlauncher.SearchLauncher,pausing]
06-13 11:46:12.565256  2041  2041 I wm_on_paused_called: [89257604,com.android.searchlauncher.SearchLauncher,performPause,1]
06-13 11:46:12.565532  1449  1472 I wm_set_keyguard_occluded: [0,0,0,setOccluded]
06-13 11:46:12.566118  2041  2041 I wm_on_resume_called: [89257604,com.android.searchlauncher.SearchLauncher,LIFECYCLER_RESUME_ACTIVITY,0]
06-13 11:46:12.566295  2041  2041 I wm_on_top_resumed_gained_called: [89257604,com.android.searchlauncher.SearchLauncher,topWhenResuming]
06-13 11:46:12.568006  1692  1692 I sysui_keyguard: [0,0]
06-13 11:46:12.568765  1692  1752 I jank_cuj_events_cancel_request: [23,1749804372568045000,10131820950326,6446786906768]
06-13 11:46:12.827305  1692  1752 I jank_cuj_events_end_request: [55,1749804372827056000,10132079963633,6447045920537]
06-13 11:46:16.371787  1449  1515 I commit_sys_config_file: [package-user-0,25]
06-13 11:46:32.593845  1449  1571 I input_interaction: Interaction with: 4aedc2d com.android.launcher3/com.android.searchlauncher.SearchLauncher (server), d6c861b com.android.systemui.wallpapers.ImageWallpaper (server), PointerEventDispatcher0 (server), 
06-13 11:46:32.596384  2041  2810 I jank_cuj_events_begin_request: [25,1749804392595804000,10151848711558,6466814668308,]
06-13 11:46:32.596497  2041  2810 I jank_cuj_events_begin_request: [67,1749804392596055000,10151848957481,6466814914077,]
06-13 11:46:32.654102  2041  2810 I jank_cuj_events_cancel_request: [25,1749804392653834000,10151906742404,6466872698461]
06-13 11:46:32.654156  2041  2810 I jank_cuj_events_cancel_request: [67,1749804392653911000,10151906811942,6466872768000]
06-13 11:46:32.684892  1449  3260 I wm_task_created: 437
06-13 11:46:32.697282  1449  3260 I wm_task_moved: [437,437,0,1,2]
06-13 11:46:32.697413  1449  3260 I wm_task_to_front: [0,437,0]
06-13 11:46:32.698994  1449  3260 I wm_create_task: [0,437,437,0]
06-13 11:46:32.699116  1449  3260 I wm_create_activity: [0,77106025,437,com.android.chrome/com.google.android.apps.chrome.Main,android.intent.action.MAIN,NULL,NULL,270532608]
06-13 11:46:32.699635  1449  3260 I wm_task_moved: [437,437,0,1,2]
06-13 11:46:32.703107  1449  3260 I wm_pause_activity: [0,89257604,com.android.launcher3/com.android.searchlauncher.SearchLauncher,userLeaving=true,pauseBackTasks]
06-13 11:46:32.712987  1449  1474 I am_uid_running: 10152
06-13 11:46:32.713579  2041  2041 I wm_on_top_resumed_lost_called: [89257604,com.android.searchlauncher.SearchLauncher,topStateChangedWhenResumed]
06-13 11:46:32.714697  2041  2041 I wm_on_paused_called: [89257604,com.android.searchlauncher.SearchLauncher,performPause,0]
06-13 11:46:32.717716  1449  1922 I wm_add_to_stopping: [0,89257604,com.android.launcher3/com.android.searchlauncher.SearchLauncher,makeInvisible]
06-13 11:46:32.718055  1449  1471 I sysui_multi_action: [757,803,799,window_time_0,802,47]
06-13 11:46:32.734963  1449  1486 I am_proc_start: [0,27865,10152,com.android.chrome,next-top-activity,{com.android.chrome/com.google.android.apps.chrome.Main}]
06-13 11:46:32.739263  1449  1571 I input_focus: [Focus leaving 4aedc2d com.android.launcher3/com.android.searchlauncher.SearchLauncher (server),reason=NO_WINDOW]
06-13 11:46:32.755438  1449  1484 I am_pss  : [27805,10226,io.appium.uiautomator2.server,30174208,22609920,589824,108740608,0,4,10]
06-13 11:46:32.763000 27865 27865 I auditd  : type=1400 audit(0.0:884): avc:  denied  { read } for  comm="main" name="u:object_r:vendor_prize_fp_prop:s0" dev="tmpfs" ino=8979 scontext=u:r:untrusted_app:s0:c152,c256,c512,c768 tcontext=u:object_r:vendor_prize_fp_prop:s0 tclass=file permissive=0 app=com.android.chrome
06-13 11:46:32.786125  1449  1922 I am_proc_bound: [0,27865,com.android.chrome]
06-13 11:46:32.789843  2041  2810 I jank_cuj_events_begin_request: [8,1749804392789756000,10152042659327,6467008615308,]
06-13 11:46:32.792167  1449  1922 I wm_restart_activity: [0,77106025,437,com.android.chrome/com.google.android.apps.chrome.Main]
06-13 11:46:32.793057  1449  1922 I wm_set_resumed_activity: [0,com.android.chrome/com.google.android.apps.chrome.Main,minimalResumeActivityLocked - onActivityStateChanged]
06-13 11:46:32.795439  1449  1474 I am_uid_active: 10152
06-13 11:46:32.798994   498   498 I auditd  : avc:  denied  { add } for pid=1449 uid=1000 name=vendor.mediatek.hardware.mbrainj.IMBrainJava/default scontext=u:r:system_server:s0 tcontext=u:object_r:default_android_service:s0 tclass=service_manager permissive=0
06-13 11:46:32.959000   552   552 I auditd  : type=1400 audit(0.0:885): avc:  denied  { read } for  comm="binder:552_1" name="wakeup126" dev="sysfs" ino=37179 scontext=u:r:system_suspend:s0 tcontext=u:object_r:sysfs:s0 tclass=dir permissive=0
06-13 11:46:33.047000   552   552 I auditd  : type=1400 audit(0.0:886): avc:  denied  { read } for  comm="binder:552_1" name="wakeup130" dev="sysfs" ino=38008 scontext=u:r:system_suspend:s0 tcontext=u:object_r:sysfs:s0 tclass=dir permissive=0
06-13 11:46:33.072165  1449  1922 I wm_task_moved: [437,437,0,1,2]
06-13 11:46:33.072370  1449  1922 I wm_create_activity: [0,191912626,437,com.android.chrome/org.chromium.chrome.browser.firstrun.FirstRunActivity,NULL,NULL,NULL,8388608]
06-13 11:46:33.076636  1449  1922 I wm_pause_activity: [0,77106025,com.android.chrome/com.google.android.apps.chrome.Main,userLeaving=true,resumeTopActivity]
06-13 11:46:33.087000   552   552 I auditd  : type=1400 audit(0.0:887): avc:  denied  { read } for  comm="binder:552_1" name="wakeup129" dev="sysfs" ino=37961 scontext=u:r:system_suspend:s0 tcontext=u:object_r:sysfs:s0 tclass=dir permissive=0
06-13 11:46:33.095000   552   552 I auditd  : type=1400 audit(0.0:888): avc:  denied  { read } for  comm="binder:552_1" name="wakeup147" dev="sysfs" ino=41955 scontext=u:r:system_suspend:s0 tcontext=u:object_r:sysfs:s0 tclass=dir permissive=0
06-13 11:46:33.146552  1449  2726 I wm_finish_activity: [0,77106025,437,com.android.chrome/com.google.android.apps.chrome.Main,app-request]
06-13 11:46:33.147271 27865 27865 I wm_on_create_called: [77106025,com.google.android.apps.chrome.Main,performCreate,152]
06-13 11:46:33.154116  2041  2810 I jank_cuj_events_end_request: [8,1749804393153978000,10152406884173,6467372840846]
06-13 11:46:33.158834  1449  2726 I wm_add_to_stopping: [0,77106025,com.android.chrome/com.google.android.apps.chrome.Main,completeFinishing]
06-13 11:46:33.166707  1449  2726 I wm_restart_activity: [0,191912626,437,com.android.chrome/org.chromium.chrome.browser.firstrun.FirstRunActivity]
06-13 11:46:33.168172  1449  2726 I wm_set_resumed_activity: [0,com.android.chrome/org.chromium.chrome.browser.firstrun.FirstRunActivity,minimalResumeActivityLocked - onActivityStateChanged]
06-13 11:46:33.176325  1449  1471 I sysui_multi_action: [757,803,799,window_time_0,802,1]
06-13 11:46:33.211698  1449  1475 I wm_wallpaper_surface: [0,0,Window{4aedc2d u0 com.android.launcher3/com.android.searchlauncher.SearchLauncher}]
06-13 11:46:33.274144 27865 27865 I wm_on_create_called: [191912626,org.chromium.chrome.browser.firstrun.FirstRunActivity,performCreate,70]
06-13 11:46:33.276443 27865 27865 I wm_on_start_called: [191912626,org.chromium.chrome.browser.firstrun.FirstRunActivity,handleStartActivity,2]
06-13 11:46:33.279115 27865 27865 I wm_on_resume_called: [191912626,org.chromium.chrome.browser.firstrun.FirstRunActivity,RESUME_ACTIVITY,0]
06-13 11:46:33.287092   498   498 I auditd  : avc:  denied  { find } for pid=27865 uid=10152 name=vendor.mediatek.hardware.mbrain.IMBrain/default scontext=u:r:untrusted_app:s0:c152,c256,c512,c768 tcontext=u:object_r:default_android_service:s0 tclass=service_manager permissive=0
06-13 11:46:33.305539 27865 27865 I wm_on_top_resumed_gained_called: [191912626,org.chromium.chrome.browser.firstrun.FirstRunActivity,topStateChangedWhenResumed]
06-13 11:46:33.317595  1449  1475 I input_focus: [Focus request 9ee3741 com.android.chrome/org.chromium.chrome.browser.firstrun.FirstRunActivity,reason=UpdateInputWindows]
06-13 11:46:33.397032   498   498 I auditd  : avc:  denied  { find } for pid=27865 uid=10152 name=vendor.mediatek.hardware.mbrain.IMBrain/default scontext=u:r:untrusted_app:s0:c152,c256,c512,c768 tcontext=u:object_r:default_android_service:s0 tclass=service_manager permissive=0
06-13 11:46:33.405619  1449  1471 I sysui_multi_action: [319,112,321,101,322,742,325,6466,757,761,758,7,759,1,806,com.android.chrome,871,org.chromium.chrome.browser.firstrun.FirstRunActivity,904,com.android.chrome,905,0,945,130,1320,8,1321,5]
06-13 11:46:33.405613  1692  1752 I jank_cuj_events_begin_request: [39,1749804393403988000,10152656892558,6467622848846,]
06-13 11:46:33.406320  1449  1471 I wm_activity_launch_time: [0,191912626,com.android.chrome/org.chromium.chrome.browser.firstrun.FirstRunActivity,742]
06-13 11:46:33.414495  1449  2726 I wm_stop_activity: [0,89257604,com.android.launcher3/com.android.searchlauncher.SearchLauncher]
06-13 11:46:33.414891  1449  2726 I wm_destroy_activity: [0,77106025,437,com.android.chrome/com.google.android.apps.chrome.Main,finish-imm:idle]
06-13 11:46:33.420719  1449  1571 I input_focus: [Focus entering 9ee3741 com.android.chrome/org.chromium.chrome.browser.firstrun.FirstRunActivity (server),reason=Window became focusable. Previous reason: NOT_VISIBLE]
06-13 11:46:33.421038   498   498 I auditd  : avc:  denied  { add } for pid=1449 uid=1000 name=vendor.mediatek.hardware.mbrainj.IMBrainJava/default scontext=u:r:system_server:s0 tcontext=u:object_r:default_android_service:s0 tclass=service_manager permissive=0
06-13 11:46:33.438091  1449  3267 I am_uid_running: 90000
06-13 11:46:33.438850 27865 27865 I wm_on_destroy_called: [77106025,com.google.android.apps.chrome.Main,performDestroy,7]
06-13 11:46:33.439951  2041  2041 I wm_on_stop_called: [89257604,com.android.searchlauncher.SearchLauncher,STOP_ACTIVITY_ITEM,19]
06-13 11:46:33.579130  1449  1486 I am_proc_start: [0,27954,90000,com.android.chrome:sandboxed_process0:org.chromium.content.app.SandboxedProcessService0:0,,{com.android.chrome/org.chromium.content.app.SandboxedProcessService0:0}]
06-13 11:46:33.604420  1449  3267 I am_proc_bound: [0,27954,com.android.chrome:sandboxed_process0:org.chromium.content.app.SandboxedProcessService0:0]
06-13 11:46:33.609982  1449  3267 I am_uid_active: 90000
06-13 11:46:33.620344  1449  2726 I am_uid_active: 10124
06-13 11:46:33.685270  1449  3259 I am_uid_active: 10185
06-13 11:46:33.763449  1692  1752 I jank_cuj_events_end_request: [39,1749804393763240000,10153016149481,6467982105769]
06-13 11:46:35.765355  1449  1571 I input_interaction: Interaction with: a575898 NavigationBar0 (server), PointerEventDispatcher0 (server), 
06-13 11:46:35.767957  1692  1692 I sysui_multi_action: [757,931,758,4,759,3,932,0,933,0]
06-13 11:46:35.859353  1692  1692 I sysui_multi_action: [757,931,758,4,759,3,932,0,933,1]
06-13 11:46:35.872501  1449  1472 I wm_task_moved: [1,1,0,1,2]
06-13 11:46:35.872880  1449  1472 I wm_task_moved: [411,1,0,1,2147483647]
06-13 11:46:35.872920  1449  1472 I wm_task_to_front: [0,411,0]
06-13 11:46:35.873092  1449  1472 I wm_focused_root_task: [0,0,1,437,bringingFoundTaskToFront]
06-13 11:46:35.873071 27865 27865 I wm_on_top_resumed_lost_called: [191912626,org.chromium.chrome.browser.firstrun.FirstRunActivity,topStateChangedWhenResumed]
06-13 11:46:35.874266  1449  1472 I wm_set_resumed_activity: [0,com.android.launcher3/com.android.searchlauncher.SearchLauncher,bringingFoundTaskToFront]
06-13 11:46:35.874777  1449  1472 I wm_new_intent: [0,89257604,411,com.android.launcher3/com.android.searchlauncher.SearchLauncher,android.intent.action.MAIN,NULL,NULL,268435712]
06-13 11:46:35.875365  1449  1472 I wm_pause_activity: [0,191912626,com.android.chrome/org.chromium.chrome.browser.firstrun.FirstRunActivity,userLeaving=true,pauseBackTasks]
06-13 11:46:35.878458  1449  1472 I wm_add_to_stopping: [0,191912626,com.android.chrome/org.chromium.chrome.browser.firstrun.FirstRunActivity,makeInvisible]
06-13 11:46:35.878721  1449  1471 I sysui_multi_action: [757,803,799,window_time_0,802,3]
