06-13 14:28:06.927568   883  1074 I BufferQueueDebug: [Surface(name=a512361 StatusBar)/@0x77a8d40 - animation-leash of insets_animation#12537](this:0xb4000070017468e8,id:-1,api:0,p:-1,c:-1) BufferQueue core=(883:/system/bin/surfaceflinger)
06-13 14:28:06.928398   883  2960 E BufferQueueDebug: [Surface(name=3043d21 NavigationBar0)/@0x5b7d479 - animation-leash of insets_animation#12538](this:0xb400007001735788,id:-1,api:0,p:-1,c:-1) id info cannot be read from 'Surface(name=3043d21 NavigationBar0)/@0x5b7d479 - animation-leash of insets_animation#12538'
06-13 14:28:06.928545   883  2960 I BufferQueueDebug: [Surface(name=3043d21 NavigationBar0)/@0x5b7d479 - animation-leash of insets_animation#12538](this:0xb400007001735788,id:-1,api:0,p:-1,c:-1) BufferQueue core=(883:/system/bin/surfaceflinger)
06-13 14:28:06.931514 19614 19639 E OpenGLRenderer: Unable to match the desired swap behavior.
06-13 14:28:06.932813   883   883 I BufferQueueDebug: [Surface(name=a512361 StatusBar)/@0x77a8d40 - animation-leash of insets_animation#12525](this:0xb40000700175a7d8,id:-1,api:0,p:-1,c:883) onDestructor()
06-13 14:28:06.932936   883   883 I BufferQueueDebug: [Surface(name=3043d21 NavigationBar0)/@0x5b7d479 - animation-leash of insets_animation#12526](this:0xb400007001779d08,id:-1,api:0,p:-1,c:883) onDestructor()
06-13 14:28:06.939028  3148  3681 I MediaProvider: Deleted 0 0 0 0 0 0 1 items on external_primary due to com.pri.factorytest
06-13 14:28:06.939423 29541 29622 I UriTaskContentObserver: (REDACTED) Throttling content uri change event for %s
06-13 14:28:06.942411   883  1685 E BufferQueueDebug: [Transition Root: ActivityRecord{b53937b u0 com.debug.loggerui/.LogFolderListActivity t279 f}}#12539](this:0xb40000700170d9a8,id:-1,api:0,p:-1,c:-1) id info cannot be read from 'Transition Root: ActivityRecord{b53937b u0 com.debug.loggerui/.LogFolderListActivity t279 f}}#12539'
06-13 14:28:06.942558   883  1685 I BufferQueueDebug: [Transition Root: ActivityRecord{b53937b u0 com.debug.loggerui/.LogFolderListActivity t279 f}}#12539](this:0xb40000700170d9a8,id:-1,api:0,p:-1,c:-1) BufferQueue core=(883:/system/bin/surfaceflinger)
06-13 14:28:06.945871   883  1684 E BufferQueueDebug: [7f00e22 ActivityRecordInputSink com.debug.loggerui/.MainActivity#12540](this:0xb400007001757a48,id:-1,api:0,p:-1,c:-1) id info cannot be read from '7f00e22 ActivityRecordInputSink com.debug.loggerui/.MainActivity#12540'
06-13 14:28:06.946074   883  1684 I BufferQueueDebug: [7f00e22 ActivityRecordInputSink com.debug.loggerui/.MainActivity#12540](this:0xb400007001757a48,id:-1,api:0,p:-1,c:-1) BufferQueue core=(883:/system/bin/surfaceflinger)
06-13 14:28:06.951549  1570  6445 I PowerHalWrapper: amsBoostStop AMS_BOOST_PACK_SWITCH:false, AMS_BOOST_ACT_SWITCH:true, AMS_BOOST_PROCESS_CREATE:false 
06-13 14:28:06.952498   875   903 I mtkpower@impl: [mtkPowerHint] hint:23, hold:0, ext:30, ext_hold:5000
06-13 14:28:06.952873   875   979 I libPowerHal: [perfLockRel] hdl:6362, idx:1
06-13 14:28:06.953183   875   979 I libPowerHal: MTKPOWER_HINT_ACT_SWITCH: cpu_ctrl set cpu freq: -1 -1 -1 -1
06-13 14:28:06.953180  3148  7982 I MediaProvider: Deleted 1 0 0 0 0 0 0 items on external_primary due to com.pri.factorytest
06-13 14:28:06.953249   875   979 I libPowerHal: [PD] MTKPOWER_HINT_ACT_SWITCH update cmd:1000000, param:-1
06-13 14:28:06.953327   875   979 I libPowerHal: [PD] MTKPOWER_HINT_ACT_SWITCH update cmd:1408300 param:0
06-13 14:28:06.953860   875   979 I libPowerHal: [PD] MTKPOWER_HINT_ACT_SWITCH update cmd:1000000 param:-1
06-13 14:28:06.955012   875   979 I libPowerHal: [perfLockAcq] idx:0 hdl:6363 hint:30 pid:875 duration:5000 lock_user:mtkpower@1.0-se => ret_hdl:6363
06-13 14:28:06.955197   875   979 I libPowerHal: [PE] MTKPOWER_HINT_EXT_LAUNCH update cmd:1000000, param:1
06-13 14:28:06.955286   875   979 I libPowerHal: [PE] MTKPOWER_HINT_EXT_LAUNCH update cmd:2020000, param:15
06-13 14:28:06.955528   883   883 I BufferQueueDebug: [Surface(name=3043d21 NavigationBar0)/@0x5b7d479 - animation-leash of insets_animation#12535](this:0xb4000070017c6b38,id:-1,api:0,p:-1,c:883) onDestructor()
06-13 14:28:06.955607   883   883 I BufferQueueDebug: [Surface(name=a512361 StatusBar)/@0x77a8d40 - animation-leash of insets_animation#12534](this:0xb4000070017d2178,id:-1,api:0,p:-1,c:883) onDestructor()
06-13 14:28:06.955684   875   979 I libPowerHal: [PE] MTKPOWER_HINT_EXT_LAUNCH update cmd:1408300, param:40
06-13 14:28:06.955768   875   979 I libPowerHal: [PE] MTKPOWER_HINT_EXT_LAUNCH update cmd:1000000 param:1
06-13 14:28:06.958667 29541 29622 I UriTaskContentObserver: (REDACTED) Throttling content uri change event for %s
06-13 14:28:06.959448   863   863 I hwcomposer: [HWCDisplay] [Display_0 (type:1)] fps:87.498108,dur:1005.74,max:17.58,min:7.67  
06-13 14:28:06.960803   883   883 E BufferQueueDebug: [Screenshot Parent#12541](this:0xb4000070017d2178,id:-1,api:0,p:-1,c:-1) id info cannot be read from 'Screenshot Parent#12541'
06-13 14:28:06.961002   883   883 I BufferQueueDebug: [Screenshot Parent#12541](this:0xb4000070017d2178,id:-1,api:0,p:-1,c:-1) BufferQueue core=(883:/system/bin/surfaceflinger)
06-13 14:28:06.966216  3148  3687 I MediaProvider: Deleted 0 0 0 0 0 0 1 items on external_primary due to com.pri.factorytest
06-13 14:28:06.966549 29541 29622 I UriTaskContentObserver: (REDACTED) Throttling content uri change event for %s
06-13 14:28:06.966798   883   883 I BufferQueueDebug: [Screenshot Parent#12541](this:0xb4000070017d2178,id:-1,api:0,p:-1,c:883) onDestructor()
06-13 14:28:06.967940   883  1074 E BufferQueueDebug: [Left Edge Extension#12542](this:0xb400007001779d08,id:-1,api:0,p:-1,c:-1) id info cannot be read from 'Left Edge Extension#12542'
06-13 14:28:06.968101   883  1074 I BufferQueueDebug: [Left Edge Extension#12542](this:0xb400007001779d08,id:-1,api:0,p:-1,c:-1) BufferQueue core=(883:/system/bin/surfaceflinger)
06-13 14:28:06.968990   883  1074 E BufferQueueDebug: [bbq-wrapper#12543](this:0xb40000700175a7d8,id:-1,api:0,p:-1,c:-1) id info cannot be read from 'bbq-wrapper#12543'
06-13 14:28:06.969190   883  1074 I BufferQueueDebug: [bbq-wrapper#12543](this:0xb40000700175a7d8,id:-1,api:0,p:-1,c:-1) BufferQueue core=(883:/system/bin/surfaceflinger)
06-13 14:28:06.969683  1055  1274 I EMDLOGGER1: mdlogger receive command getstatus
06-13 14:28:06.969870  1055  1274 I EMDLOGGER1: mdlogger send ACK getstatus,0
06-13 14:28:06.970171 19614 19660 I LogHandler/AbstractLogConnection: setResponseFromServer() mServerName = com.mediatek.mdlogger.socket1 serverData = getstatus,0
06-13 14:28:06.970275 19614 19660 I LogHandler/ModemLog: update, serverResponseStr = getstatus,0
06-13 14:28:06.987138  3148  5895 I MediaProvider: Deleted 1 0 0 0 0 0 0 items on external_primary due to com.pri.factorytest
06-13 14:28:06.988939 29541 29622 I UriTaskContentObserver: (REDACTED) Throttling content uri change event for %s
06-13 14:28:06.994595   883   883 E BufferQueueDebug: [Screenshot Parent#12544](this:0xb4000070017ebb88,id:-1,api:0,p:-1,c:-1) id info cannot be read from 'Screenshot Parent#12544'
06-13 14:28:06.994828  1570  1654 I ImeTracker: com.debug.loggerui:496a1abc: onRequestHide at ORIGIN_SERVER_HIDE_INPUT reason HIDE_UNSPECIFIED_WINDOW
06-13 14:28:06.994848   883   883 I BufferQueueDebug: [Screenshot Parent#12544](this:0xb4000070017ebb88,id:-1,api:0,p:-1,c:-1) BufferQueue core=(883:/system/bin/surfaceflinger)
06-13 14:28:06.995052  1570  1654 I ImeTracker: com.debug.loggerui:496a1abc: onCancelled at PHASE_SERVER_SHOULD_HIDE
06-13 14:28:06.997504 23161 23161 I GoogleInputMethodService: GoogleInputMethodService.onFinishInput():1975 
06-13 14:28:06.998631 23161 23161 I Module  : DeviceLockedStatusModuleProvider$Module.updateDeviceLockedStatus():100 repeatCheckTimes = 0, locked = false
06-13 14:28:06.998715   883  1074 E BufferQueueDebug: [Surface(name=bd65028 InputMethod)/@0x530ab72 - animation-leash of insets_animation#12545](this:0xb4000070017d2178,id:-1,api:0,p:-1,c:-1) id info cannot be read from 'Surface(name=bd65028 InputMethod)/@0x530ab72 - animation-leash of insets_animation#12545'
06-13 14:28:06.998843   883  1074 I BufferQueueDebug: [Surface(name=bd65028 InputMethod)/@0x530ab72 - animation-leash of insets_animation#12545](this:0xb4000070017d2178,id:-1,api:0,p:-1,c:-1) BufferQueue core=(883:/system/bin/surfaceflinger)
06-13 14:28:06.999556 23161 23161 I GoogleInputMethodService: GoogleInputMethodService.onStartInput():1247 onStartInput(EditorInfo{EditorInfo{packageName=com.debug.loggerui, inputType=0, inputTypeString=NULL, enableLearning=false, autoCorrection=false, autoComplete=false, imeOptions=0, privateImeOptions=null, actionName=UNSPECIFIED, actionLabel=null, initialSelStart=-1, initialSelEnd=-1, initialCapsMode=0, label=null, fieldId=0, fieldName=null, extras=null, hintText=null, hintLocales=[]}}, false)
06-13 14:28:07.000000   883   883 I BufferQueueDebug: [Screenshot Parent#12544](this:0xb4000070017ebb88,id:-1,api:0,p:-1,c:883) onDestructor()
06-13 14:28:07.001352  3148  3687 I MediaProvider: Deleted 0 0 0 0 0 0 1 items on external_primary due to com.pri.factorytest
06-13 14:28:07.002371   883  1685 E BufferQueueDebug: [Right Edge Extension#12546](this:0xb4000070017ebb88,id:-1,api:0,p:-1,c:-1) id info cannot be read from 'Right Edge Extension#12546'
06-13 14:28:07.002542   883  1685 I BufferQueueDebug: [Right Edge Extension#12546](this:0xb4000070017ebb88,id:-1,api:0,p:-1,c:-1) BufferQueue core=(883:/system/bin/surfaceflinger)
06-13 14:28:07.002975 23161 23161 I Module  : DeviceLockedStatusModuleProvider$Module.updateDeviceLockedStatus():100 repeatCheckTimes = 1, locked = false
06-13 14:28:07.003939   883  2960 E BufferQueueDebug: [bbq-wrapper#12547](this:0xb4000070017f4438,id:-1,api:0,p:-1,c:-1) id info cannot be read from 'bbq-wrapper#12547'
06-13 14:28:07.004430   883  2960 I BufferQueueDebug: [bbq-wrapper#12547](this:0xb4000070017f4438,id:-1,api:0,p:-1,c:-1) BufferQueue core=(883:/system/bin/surfaceflinger)
06-13 14:28:07.004739 29541 29622 I UriTaskContentObserver: (REDACTED) Throttling content uri change event for %s
06-13 14:28:07.012661   883  1076 E BufferQueueDebug: [WindowToken{d8234c4 type=2005 android.os.Binder@ea63d7}#12548](this:0xb4000070017c6b38,id:-1,api:0,p:-1,c:-1) id info cannot be read from 'WindowToken{d8234c4 type=2005 android.os.Binder@ea63d7}#12548'
06-13 14:28:07.012811   883  1076 I BufferQueueDebug: [WindowToken{d8234c4 type=2005 android.os.Binder@ea63d7}#12548](this:0xb4000070017c6b38,id:-1,api:0,p:-1,c:-1) BufferQueue core=(883:/system/bin/surfaceflinger)
06-13 14:28:07.023328   883   883 I BufferQueueDebug: [Surface(name=bd65028 InputMethod)/@0x530ab72 - animation-leash of insets_animation#12516](this:0xb400007001771458,id:-1,api:0,p:-1,c:883) onDestructor()
06-13 14:28:07.027715   883  1074 E BufferQueueDebug: [6876673 Toast#12549](this:0xb400007001771458,id:-1,api:0,p:-1,c:-1) id info cannot be read from '6876673 Toast#12549'
06-13 14:28:07.027887   883  1074 I BufferQueueDebug: [6876673 Toast#12549](this:0xb400007001771458,id:-1,api:0,p:-1,c:-1) BufferQueue core=(883:/system/bin/surfaceflinger)
06-13 14:28:07.033703   883  1076 E BufferQueueDebug: [Toast#12550](this:0xb400007001810bd8,id:-1,api:0,p:-1,c:-1) id info cannot be read from 'Toast#12550'
06-13 14:28:07.033890   883  1076 I BufferQueueDebug: [Toast#12550](this:0xb400007001810bd8,id:-1,api:0,p:-1,c:-1) BufferQueue core=(883:/system/bin/surfaceflinger)
06-13 14:28:07.041739  2157  2262 E OpenGLRenderer: Unable to match the desired swap behavior.
06-13 14:28:07.061026   875   904 I mtkpower@impl: [setMode] type:6, enabled:1
06-13 14:28:07.061131   875   904 E mtkpower@impl: [setMode] unknown type
06-13 14:28:07.066554   883   883 I BufferQueueProducer: [FramebufferSurface](this:0xb400006f615de2f0,id:-1,api:1,p:883,c:883) queueBuffer: fps=17.11 dur=1578.23 max=642.12 min=10.11
06-13 14:28:07.069673 19614 13408 I LogHandler/AbstractLogInstance: getResponse, responseStr = getstatus,0 and waiting time remaining = 14900
06-13 14:28:07.069784 19614 13408 I LogHandler/AbstractLogInstance: <--getValueFromServer(), serverValue = 0
06-13 14:28:07.069999 19614 19614 I DebugLoggerUI/MainActivity: -->updateUI(), Update UI Start
06-13 14:28:07.070093 19614 19614 I DebugLoggerUI/MainActivity: -->dismissTagProgressDialog()
06-13 14:28:07.070126 19614 19614 I DebugLoggerUI/MainActivity: changeWaitingDialog() -> currentRunningStage is 0
06-13 14:28:07.071169 19614 19614 I DebugLoggerUI/LogControllerUtils: <--isAnyConnsysLogRunning()? false
06-13 14:28:07.071392 19614 19614 I DebugLoggerUI/MainActivity: timeString : 0:00:07
06-13 14:28:07.073989 19614 13432 W DebugLoggerUI/LogControllerUtils: getCanBeDeletedFileList() taglogFolder = /data/debuglogger/taglog is not exist!
06-13 14:28:07.084886 19614 19614 I DebugLoggerUI/MainActivity: Receive check existing log folder done message, result=false
06-13 14:28:07.157287   883   883 I BufferQueueDebug: [Dim Layer for - Task=279#12531](this:0xb4000070017cf3e8,id:-1,api:0,p:-1,c:883) onDestructor()
06-13 14:28:07.157417   883   883 I BufferQueueDebug: [Surface(name=Dim Layer for - Task=279)/@0x163a1a0 - animation-leash of dimmer#12533](this:0xb4000070017daa28,id:-1,api:0,p:-1,c:883) onDestructor()
06-13 14:28:07.195673   875   904 I mtkpower@impl: [setMode] type:6, enabled:0
06-13 14:28:07.195750   875   904 E mtkpower@impl: [setMode] unknown type
06-13 14:28:07.237148   883   883 I BufferQueueProducer: [Clearing log#12529](this:0xb400007001765e18,id:-1,api:0,p:-1,c:883) queueBuffer: fps=84.62 dur=1004.46 max=17.70 min=10.53
06-13 14:28:07.480791   856   978 I [Awinic]: reset done !
06-13 14:28:07.482529   847   854 W statsd  : StateTracker not found for state atom 27
06-13 14:28:07.485665   883  1074 E BufferQueueDebug: [Surface(name=5407ded Clearing log)/@0xcc9bc5d - animation-leash of window_animation#12551](this:0xb4000070017daa28,id:-1,api:0,p:-1,c:-1) id info cannot be read from 'Surface(name=5407ded Clearing log)/@0xcc9bc5d - animation-leash of window_animation#12551'
06-13 14:28:07.485893   883  1074 I BufferQueueDebug: [Surface(name=5407ded Clearing log)/@0xcc9bc5d - animation-leash of window_animation#12551](this:0xb4000070017daa28,id:-1,api:0,p:-1,c:-1) BufferQueue core=(883:/system/bin/surfaceflinger)
06-13 14:28:07.489615  1570  1595 I PowerHalWrapper: amsBoostNotify pid:19614,activity:com.debug.loggerui.LogFolderListActivity, package:com.debug.loggerui, mProcessCreatePackcom.mediatek.engineermode 
06-13 14:28:07.489687  1570  1595 I PowerHalWrapper: state: 0 
06-13 14:28:07.490158  1570  1595 I mtkpower_client: [Legacy][PowerHal_Wrap_notifyAppState] com.debug.loggerui/com.debug.loggerui.LogFolderListActivity pid=19614 state:0
06-13 14:28:07.490899  1570  1595 I PowerHalWrapper: amsBoostNotify AMS_BOOST_PROCESS_CREATE_BOOST:false 
06-13 14:28:07.491087   875   979 I libPowerHal: [perfNotifyAppState] pack:com.debug.loggerui, act:com.debug.loggerui.LogFolderListActivity, state:0, pid:19614, uid:10182, fps:90
06-13 14:28:07.498146 19614 19614 W WindowOnBackDispatcher: sendCancelIfRunning: isInProgress=falsecallback=android.view.ViewRootImpl$$ExternalSyntheticLambda19@2b8c65a
06-13 14:28:07.499379  1570  5053 W InputManager-JNI: Input channel object '5407ded Clearing log (client)' was disposed without first being removed with the input manager!
06-13 14:28:07.501747 19614 19614 W WindowOnBackDispatcher: sendCancelIfRunning: isInProgress=falsecallback=android.view.ViewRootImpl$$ExternalSyntheticLambda19@28555f0
06-13 14:28:07.506311  1570  5053 W InputManager-JNI: Input channel object 'c78c1d6 com.debug.loggerui/com.debug.loggerui.LogFolderListActivity (client)' was disposed without first being removed with the input manager!
06-13 14:28:07.508067   883   883 I BufferQueueDebug: [Transition Root: ActivityRecord{b53937b u0 com.debug.loggerui/.LogFolderListActivity t279 f}}#12539](this:0xb40000700170d9a8,id:-1,api:0,p:-1,c:883) onDestructor()
06-13 14:28:07.508164   883   883 I BufferQueueDebug: [Left Edge Extension#12542](this:0xb400007001779d08,id:-1,api:0,p:-1,c:883) onDestructor()
06-13 14:28:07.508309   883   883 I BufferQueueDebug: [bbq-wrapper#12543](this:0xb40000700175a7d8,id:-1,api:0,p:-1,c:883) onDestructor()
06-13 14:28:07.508655   883   883 I BufferQueueDebug: [ab5bf0a ActivityRecordInputSink com.debug.loggerui/.LogFolderListActivity#12509](this:0xb4000070017d4f08,id:-1,api:0,p:-1,c:883) onDestructor()
06-13 14:28:07.508715   883   883 I BufferQueueDebug: [Right Edge Extension#12546](this:0xb4000070017ebb88,id:-1,api:0,p:-1,c:883) onDestructor()
06-13 14:28:07.508955   883   883 I BufferQueueDebug: [bbq-wrapper#12547](this:0xb4000070017f4438,id:-1,api:0,p:-1,c:883) onDestructor()
06-13 14:28:07.532023   883   883 I BufferQueueDebug: [com.debug.loggerui/com.debug.loggerui.LogFolderListActivity#12505](this:0xb4000070017602f8,id:-1,api:0,p:-1,c:883) onDestructor()
06-13 14:28:07.532708   883   883 I BufferQueueDebug: [c78c1d6 com.debug.loggerui/com.debug.loggerui.LogFolderListActivity#12499](this:0xb400007001793718,id:-1,api:0,p:-1,c:883) onDestructor()
06-13 14:28:07.542528   883   883 I BufferQueueDebug: [Clearing log#12529](this:0xb400007001765e18,id:-1,api:0,p:-1,c:883) onDestructor()
06-13 14:28:07.544027   883   883 I BufferQueueDebug: [5407ded Clearing log#12524](this:0xb4000070017d7c98,id:-1,api:0,p:-1,c:883) onDestructor()
06-13 14:28:07.544274   883   883 I BufferQueueDebug: [Surface(name=5407ded Clearing log)/@0xcc9bc5d - animation-leash of window_animation#12551](this:0xb4000070017daa28,id:-1,api:0,p:-1,c:883) onDestructor()
06-13 14:28:07.553043   883   883 I BufferQueueProducer: [NavigationBar0#75](this:0xb400007001724628,id:-1,api:0,p:-1,c:883) queueBuffer: fps=80.63 dur=1004.53 max=56.64 min=10.54
06-13 14:28:07.554468   875   958 I libPerfCtl: xgfGetFPS pid:2157 fps:89
06-13 14:28:07.554620   875   958 I libPerfCtl: xgfGetFPS pid:19614 fps:87
06-13 14:28:07.962137   863   863 I hwcomposer: [HWCDisplay] [Display_0 (type:1)] fps:85.772141,dur:1002.66,max:18.00,min:7.01  
06-13 14:28:08.555277   875   958 I libPerfCtl: xgfGetFPS pid:2157 fps:89
06-13 14:28:08.555492   875   958 I libPerfCtl: xgfGetFPS pid:19614 fps:-1
06-13 14:28:08.555537   875   958 I libPowerHal: [updateFPS] pid(19614) : 90 => -1
06-13 14:28:08.556193   875   979 I libPowerHal: [perfNotifyAppState] pack:com.debug.loggerui, act:com.debug.loggerui.MainActivity, state:5, pid:19614, uid:10182, fps:-1
06-13 14:28:08.556822   875   979 I UxUtility: notifyForegroundApp pack:com.debug.loggerui, uid:10182
06-13 14:28:08.556928   875   979 I TouchUtility: notifyAppState error = NULL
06-13 14:28:08.644454   875   979 I libPowerHal: [perfLockAcq] idx:1 hdl:6364 hint:25 pid:875 duration:10000 lock_user:mtkpower@1.0-se => ret_hdl:6364
06-13 14:28:08.645300   875   979 I libPowerHal: [PE] MTKPOWER_HINT_APP_TOUCH update cmd:3408600 param:1
06-13 14:28:08.649276   879   879 I Vibrator: Vibrator on for timeoutMs: 70
06-13 14:28:08.670782   883   883 I BufferQueueProducer: [NavigationBar0#75](this:0xb400007001724628,id:-1,api:0,p:-1,c:883) queueBuffer: fps=42.94 dur=1117.76 max=586.67 min=10.93
06-13 14:28:08.682291   883   883 I BufferQueueProducer: [StatusBar#79](this:0xb400007001738518,id:-1,api:0,p:-1,c:883) queueBuffer: fps=0.33 dur=3012.27 max=3012.27 min=3012.27
06-13 14:28:08.716783   875   979 I libPowerHal: [perfLockRel] hdl:6364, idx:1
06-13 14:28:08.717215   875   979 I libPowerHal: [PD] MTKPOWER_HINT_APP_TOUCH update cmd:3408600 param:0
06-13 14:28:08.722800  2157  2157 I vol.VolumeDialogImpl: mDialog.dismiss() reason: volume_controller from: com.android.systemui.volume.VolumeDialogImpl$7.onDismissRequested:3
06-13 14:28:08.729868   875   904 I mtkpower@impl: [setMode] type:5, enabled:1
06-13 14:28:08.730613   875   979 I libPowerHal: [perfLockAcq] idx:1 hdl:6365 hint:11 pid:875 duration:30000 lock_user:mtkpower@1.0-se => ret_hdl:6365
06-13 14:28:08.730801   875   979 I libPowerHal: LAUNCH: cpu_ctrl set cpu freq: 1800000 -1 2000000 -1
06-13 14:28:08.730871   875   979 I libPowerHal: [PE] LAUNCH update cmd:1000000, param:0
06-13 14:28:08.731213   875   979 I libPowerHal: [PE] LAUNCH update cmd:1408300, param:100
06-13 14:28:08.731328   875   979 I libPowerHal: [PE] LAUNCH update cmd:1000000 param:0
06-13 14:28:08.732390  1570  1593 I PowerHalWrapper: amsBoostNotify pid:19614,activity:com.debug.loggerui.MainActivity, package:com.debug.loggerui, mProcessCreatePackcom.mediatek.engineermode 
06-13 14:28:08.732425  1570  1593 I PowerHalWrapper: state: 0 
06-13 14:28:08.732702  1570  1593 I mtkpower_client: [Legacy][PowerHal_Wrap_notifyAppState] com.debug.loggerui/com.debug.loggerui.MainActivity pid=19614 state:0
06-13 14:28:08.733035  1570  1593 I PowerHalWrapper: amsBoostNotify AMS_BOOST_PROCESS_CREATE_BOOST:false 
06-13 14:28:08.733468   875   979 I libPowerHal: [perfNotifyAppState] pack:com.debug.loggerui, act:com.debug.loggerui.MainActivity, state:0, pid:19614, uid:10182, fps:-1
06-13 14:28:08.734237  1570  1593 I PowerHalWrapper: <amsBoostResume> last:com.debug.loggerui, next:com.android.launcher3 
06-13 14:28:08.734679   875   979 I libPowerHal: [perfLockRel] hdl:6363, idx:0
06-13 14:28:08.734789   875   979 I libPowerHal: [PD] MTKPOWER_HINT_EXT_LAUNCH update cmd:2020000 param:1
06-13 14:28:08.735514   875   979 I libPowerHal: [perfLockAcq] idx:2 hdl:6366 hint:22 pid:875 duration:10000 lock_user:mtkpower@1.0-se => ret_hdl:6366
06-13 14:28:08.735516  1570  1616 I PriSysResMon: Scene-PriDecisionMaker:Current scene: SCENE_LAUNCHER, has rules count: 5 freeM:2846
06-13 14:28:08.735909   875   979 I libPowerHal: [perfLockRel] hdl:6355, idx:-1
06-13 14:28:08.738707  1570  1654 I PowerHalWrapper: amsBoostNotify pid:2519,activity:com.android.searchlauncher.SearchLauncher, package:com.android.launcher3, mProcessCreatePackcom.mediatek.engineermode 
06-13 14:28:08.738775  1570  1654 I PowerHalWrapper: state: 1 
06-13 14:28:08.739126  1570  1654 I mtkpower_client: [Legacy][PowerHal_Wrap_notifyAppState] com.android.launcher3/com.android.searchlauncher.SearchLauncher pid=2519 state:1
06-13 14:28:08.739737  1570  1654 I PowerHalWrapper: amsBoostNotify AMS_BOOST_PROCESS_CREATE_BOOST:false 
06-13 14:28:08.740534 19614 19614 I DebugLoggerUI/MainActivity: onPause
06-13 14:28:08.740679   875   979 I libPowerHal: [perfNotifyAppState] pack:com.android.launcher3, act:com.android.searchlauncher.SearchLauncher, state:1, pid:2519, uid:1000, fps:-1
06-13 14:28:08.740732   875   979 I libPowerHal: [perfNotifyAppState] foreground:com.android.launcher3, pid:2519, uid:1000
06-13 14:28:08.741191   875   979 I UxUtility: notifyForegroundApp pack:com.android.launcher3, uid:1000
06-13 14:28:08.741226   875   979 I TouchUtility: notifyAppState error = NULL
06-13 14:28:08.741425   875   903 I mtkpower@impl: [notifyAppState] pc:0, com.debug.loggerui => com.android.launcher3
06-13 14:28:08.744532 19614 19614 I DebugLoggerUI/MainActivity: -->dismissTagProgressDialog()
06-13 14:28:08.744815   883  1685 E BufferQueueDebug: [(1-1)-Window{93f72be alpha=1.0 fl=}#12552](this:0xb4000070017daa28,id:-1,api:0,p:-1,c:-1) id info cannot be read from '(1-1)-Window{93f72be alpha=1.0 fl=}#12552'
06-13 14:28:08.745043   883  1685 I BufferQueueDebug: [(1-1)-Window{93f72be alpha=1.0 fl=}#12552](this:0xb4000070017daa28,id:-1,api:0,p:-1,c:-1) BufferQueue core=(883:/system/bin/surfaceflinger)
06-13 14:28:08.745072  1570  1611 W libprocessgroup: SetCgroup::ExecuteForProcess: failed to open /dev/blkio//cgroup.procs: No such file or directory
06-13 14:28:08.750037   883   883 I BpBinder: onLastStrongRef automatically unlinking death recipients: 
06-13 14:28:08.753392  1570  1611 W libprocessgroup: SetCgroup::ExecuteForProcess: failed to open /dev/blkio//cgroup.procs: No such file or directory
06-13 14:28:08.755118 10159 10747 E OpenGLRenderer: Unable to match the desired swap behavior.
06-13 14:28:08.757303   883  1074 E BufferQueueDebug: [com.android.launcher3/com.android.searchlauncher.SearchLauncher#12553](this:0xb4000070017ebb88,id:-1,api:0,p:-1,c:-1) id info cannot be read from 'com.android.launcher3/com.android.searchlauncher.SearchLauncher#12553'
06-13 14:28:08.757560   883  1074 I BufferQueueDebug: [com.android.launcher3/com.android.searchlauncher.SearchLauncher#12553](this:0xb4000070017ebb88,id:-1,api:0,p:-1,c:-1) BufferQueue core=(883:/system/bin/surfaceflinger)
06-13 14:28:08.758956  2157  2157 I vol.VolumeDialogImpl: mDialog.dismiss() reason: volume_controller from: com.android.systemui.volume.VolumeDialogImpl$7.onDismissRequested:3
06-13 14:28:08.763666 10159 10159 I cnka    : onStart
06-13 14:28:08.765376   883  1076 E BufferQueueDebug: [Surface(name=a512361 StatusBar)/@0x77a8d40 - animation-leash of insets_animation#12554](this:0xb4000070017d7c98,id:-1,api:0,p:-1,c:-1) id info cannot be read from 'Surface(name=a512361 StatusBar)/@0x77a8d40 - animation-leash of insets_animation#12554'
06-13 14:28:08.765551   883  1076 I BufferQueueDebug: [Surface(name=a512361 StatusBar)/@0x77a8d40 - animation-leash of insets_animation#12554](this:0xb4000070017d7c98,id:-1,api:0,p:-1,c:-1) BufferQueue core=(883:/system/bin/surfaceflinger)
06-13 14:28:08.766091 10159 10159 I cljb    : (REDACTED) [%s] onStart()
06-13 14:28:08.766181 10159 10159 I cllc    : Reloading theme data
06-13 14:28:08.766728   883  1076 E BufferQueueDebug: [Surface(name=3043d21 NavigationBar0)/@0x5b7d479 - animation-leash of insets_animation#12555](this:0xb400007001765e18,id:-1,api:0,p:-1,c:-1) id info cannot be read from 'Surface(name=3043d21 NavigationBar0)/@0x5b7d479 - animation-leash of insets_animation#12555'
06-13 14:28:08.766874   883  1076 I BufferQueueDebug: [Surface(name=3043d21 NavigationBar0)/@0x5b7d479 - animation-leash of insets_animation#12555](this:0xb400007001765e18,id:-1,api:0,p:-1,c:-1) BufferQueue core=(883:/system/bin/surfaceflinger)
06-13 14:28:08.768653 10159 10159 I cnka    : onResume
06-13 14:28:08.770934  2519  3486 E OpenGLRenderer: Unable to match the desired swap behavior.
06-13 14:28:08.782991   883   883 I BufferQueueDebug: [Surface(name=3043d21 NavigationBar0)/@0x5b7d479 - animation-leash of insets_animation#12538](this:0xb400007001735788,id:-1,api:0,p:-1,c:883) onDestructor()
06-13 14:28:08.783116   883   883 I BufferQueueDebug: [Surface(name=a512361 StatusBar)/@0x77a8d40 - animation-leash of insets_animation#12537](this:0xb4000070017468e8,id:-1,api:0,p:-1,c:883) onDestructor()
06-13 14:28:08.783279   883   883 I BufferQueueDebug: [(1-1)-Window{93f72be alpha=1.0 fl=}#12386](this:0xb4000070017880d8,id:-1,api:0,p:-1,c:883) onDestructor()
06-13 14:28:08.796579   883  1076 E BufferQueueDebug: [Transition Root: Task=1#12556](this:0xb4000070017880d8,id:-1,api:0,p:-1,c:-1) id info cannot be read from 'Transition Root: Task=1#12556'
06-13 14:28:08.796770   883  1076 I BufferQueueDebug: [Transition Root: Task=1#12556](this:0xb4000070017880d8,id:-1,api:0,p:-1,c:-1) BufferQueue core=(883:/system/bin/surfaceflinger)
06-13 14:28:08.799311   883   883 E BufferQueueDebug: [Screenshot Parent#12557](this:0xb4000070017f4438,id:-1,api:0,p:-1,c:-1) id info cannot be read from 'Screenshot Parent#12557'
06-13 14:28:08.799498   883   883 I BufferQueueDebug: [Screenshot Parent#12557](this:0xb4000070017f4438,id:-1,api:0,p:-1,c:-1) BufferQueue core=(883:/system/bin/surfaceflinger)
06-13 14:28:08.804804   883   883 I BufferQueueDebug: [Screenshot Parent#12557](this:0xb4000070017f4438,id:-1,api:0,p:-1,c:883) onDestructor()
06-13 14:28:08.811161   883  1685 E BufferQueueDebug: [861adab ActivityRecordInputSink com.android.launcher3/com.android.searchlauncher.SearchLauncher#12558](this:0xb4000070017f4438,id:-1,api:0,p:-1,c:-1) id info cannot be read from '861adab ActivityRecordInputSink com.android.launcher3/com.android.searchlauncher.SearchLauncher#12558'
06-13 14:28:08.811319   883  1685 I BufferQueueDebug: [861adab ActivityRecordInputSink com.android.launcher3/com.android.searchlauncher.SearchLauncher#12558](this:0xb4000070017f4438,id:-1,api:0,p:-1,c:-1) BufferQueue core=(883:/system/bin/surfaceflinger)
06-13 14:28:08.814658  1570  5053 I PowerHalWrapper: amsBoostStop AMS_BOOST_PACK_SWITCH:true, AMS_BOOST_ACT_SWITCH:false, AMS_BOOST_PROCESS_CREATE:false 
06-13 14:28:08.815087   875   904 I mtkpower@impl: [setMode] type:5, enabled:0
06-13 14:28:08.815092   875   903 I mtkpower@impl: [mtkPowerHint] hint:22, hold:500, ext:0, ext_hold:0
06-13 14:28:08.815956   875   979 I libPowerHal: [perfLockAcq] idx:0 hdl:6367 hint:22 pid:875 duration:500 lock_user:mtkpower@1.0-se => ret_hdl:6367
06-13 14:28:08.816668   875   979 I libPowerHal: [perfLockRel] hdl:6365, idx:1
06-13 14:28:08.817469   875   979 I libPowerHal: [perfLockRel] hdl:6366, idx:2
06-13 14:28:08.825666   883  2960 E BufferQueueDebug: [Surface(name=Task=1)/@0x7728df2_transition-leash#12559](this:0xb4000070017468e8,id:-1,api:0,p:-1,c:-1) id info cannot be read from 'Surface(name=Task=1)/@0x7728df2_transition-leash#12559'
06-13 14:28:08.826059   883  2960 I BufferQueueDebug: [Surface(name=Task=1)/@0x7728df2_transition-leash#12559](this:0xb4000070017468e8,id:-1,api:0,p:-1,c:-1) BufferQueue core=(883:/system/bin/surfaceflinger)
06-13 14:28:08.827519   883  1685 E BufferQueueDebug: [Surface(name=Task=279)/@0x25fe2c0_transition-leash#12560](this:0xb400007001735788,id:-1,api:0,p:-1,c:-1) id info cannot be read from 'Surface(name=Task=279)/@0x25fe2c0_transition-leash#12560'
06-13 14:28:08.827720   883  1685 I BufferQueueDebug: [Surface(name=Task=279)/@0x25fe2c0_transition-leash#12560](this:0xb400007001735788,id:-1,api:0,p:-1,c:-1) BufferQueue core=(883:/system/bin/surfaceflinger)
06-13 14:28:08.828580   883  2960 E BufferQueueDebug: [Surface(name=WallpaperWindowToken{7c99c53 token=android.os.Binder@37d8442})/@0x917973e_transition-leash#12561](this:0xb400007001793718,id:-1,api:0,p:-1,c:-1) id info cannot be read from 'Surface(name=WallpaperWindowToken{7c99c53 token=android.os.Binder@37d8442})/@0x917973e_transition-leash#12561'
06-13 14:28:08.828724   883  2960 I BufferQueueDebug: [Surface(name=WallpaperWindowToken{7c99c53 token=android.os.Binder@37d8442})/@0x917973e_transition-leash#12561](this:0xb400007001793718,id:-1,api:0,p:-1,c:-1) BufferQueue core=(883:/system/bin/surfaceflinger)
06-13 14:28:08.867116   883  1410 I SurfaceFlinger: NotifyHwcComposition(), id 0, mode 1
06-13 14:28:08.869682  1570  5053 I ImeTracker: com.android.launcher3:67255d21: onRequestHide at ORIGIN_SERVER_HIDE_INPUT reason HIDE_UNSPECIFIED_WINDOW
06-13 14:28:08.870042  1570  5053 I ImeTracker: com.android.launcher3:67255d21: onCancelled at PHASE_SERVER_SHOULD_HIDE
06-13 14:28:08.871206  2519  2558 W System  : A resource failed to call release. 
06-13 14:28:08.871266  2519  2558 W System  : A resource failed to call release. 
06-13 14:28:08.871278  2519  2558 W System  : A resource failed to call release. 
06-13 14:28:08.873418   883   883 I BufferQueueProducer: [FramebufferSurface](this:0xb400006f615de2f0,id:-1,api:1,p:883,c:883) queueBuffer: fps=4.98 dur=1806.85 max=1685.91 min=10.94
06-13 14:28:08.874007 23161 23161 I GoogleInputMethodService: GoogleInputMethodService.onFinishInput():1975 
06-13 14:28:08.874456   863   863 I hwcomposer: [DBQ] (q2:0xb400006df5607d00) Buffer queue is created with size(3), m_id(2722), q2  
06-13 14:28:08.874704   863   863 I hwcomposer: [DBQ] (q2:0xb400006df5607d00) Reallocate Slot(0), pool(0 -> 0) size(0 -> 10627200) secure(0 -> 0)  
06-13 14:28:08.875710 23161 23161 I Module  : DeviceLockedStatusModuleProvider$Module.updateDeviceLockedStatus():100 repeatCheckTimes = 0, locked = false
06-13 14:28:08.876332 23161 23161 I GoogleInputMethodService: GoogleInputMethodService.onStartInput():1247 onStartInput(EditorInfo{EditorInfo{packageName=com.android.launcher3, inputType=0, inputTypeString=NULL, enableLearning=false, autoCorrection=false, autoComplete=false, imeOptions=0, privateImeOptions=null, actionName=UNSPECIFIED, actionLabel=null, initialSelStart=-1, initialSelEnd=-1, initialCapsMode=0, label=null, fieldId=0, fieldName=null, extras=null, hintText=null, hintLocales=[]}}, false)
06-13 14:28:08.876787   883  1685 E BufferQueueDebug: [Surface(name=bd65028 InputMethod)/@0x530ab72 - animation-leash of insets_animation#12562](this:0xb4000070017d4f08,id:-1,api:0,p:-1,c:-1) id info cannot be read from 'Surface(name=bd65028 InputMethod)/@0x530ab72 - animation-leash of insets_animation#12562'
06-13 14:28:08.876943   883  1685 I BufferQueueDebug: [Surface(name=bd65028 InputMethod)/@0x530ab72 - animation-leash of insets_animation#12562](this:0xb4000070017d4f08,id:-1,api:0,p:-1,c:-1) BufferQueue core=(883:/system/bin/surfaceflinger)
06-13 14:28:08.877551   863   863 I hwcomposer: [DBQ] (q2:0xb400006df5607d00) Alloc Slot(0), handle=0xb400006fd560d0d0 c=0 w=1080 h=2460 p=1088 ys=1088 vs=2460 f=2 sec=0 sh=0, usage=0x800  
06-13 14:28:08.878774 23161 23161 I Module  : DeviceLockedStatusModuleProvider$Module.updateDeviceLockedStatus():100 repeatCheckTimes = 1, locked = false
06-13 14:28:08.881384   883   883 I BufferQueueDebug: [Surface(name=Task=1)/@0x603978e_transition-leash#12226](this:0xb4000070016ff5d8,id:-1,api:0,p:-1,c:883) onDestructor()
06-13 14:28:08.881505   883   883 I BufferQueueDebug: [Surface(name=Task=271)/@0x85cabbc_transition-leash#12227](this:0xb40000700176b938,id:-1,api:0,p:-1,c:883) onDestructor()
06-13 14:28:08.881554   883   883 I BufferQueueDebug: [Surface(name=WallpaperWindowToken{7c99c53 token=android.os.Binder@37d8442})/@0x6259e9a_transition-leash#12228](this:0xb4000070017c98c8,id:-1,api:0,p:-1,c:883) onDestructor()
06-13 14:28:08.896010   883   883 I BufferQueueDebug: [Surface(name=bd65028 InputMethod)/@0x530ab72 - animation-leash of insets_animation#12545](this:0xb4000070017d2178,id:-1,api:0,p:-1,c:883) onDestructor()
06-13 14:28:08.964960   863   863 I hwcomposer: [HWCDisplay] [Display_0 (type:1)] fps:35.903774,dur:1002.68,max:585.75,min:10.09  
06-13 14:28:09.185691  1570  1595 I PowerHalWrapper: amsBoostNotify pid:19614,activity:com.debug.loggerui.MainActivity, package:com.debug.loggerui, mProcessCreatePackcom.mediatek.engineermode 
06-13 14:28:09.185766  1570  1595 I PowerHalWrapper: state: 0 
06-13 14:28:09.186089  1570  1595 I mtkpower_client: [Legacy][PowerHal_Wrap_notifyAppState] com.debug.loggerui/com.debug.loggerui.MainActivity pid=19614 state:0
06-13 14:28:09.186608  1570  1595 I PowerHalWrapper: amsBoostNotify AMS_BOOST_PROCESS_CREATE_BOOST:false 
06-13 14:28:09.186616   875   979 I libPowerHal: [perfNotifyAppState] pack:com.debug.loggerui, act:com.debug.loggerui.MainActivity, state:0, pid:19614, uid:10182, fps:-1
06-13 14:28:09.192311  1570 15726 I GED     : ged_boost_gpu_freq, level 100, eOrigin 2, final_idx 31, oppidx_max 31, oppidx_min 0
06-13 14:28:09.201472 19614 19639 I GED     : ged_boost_gpu_freq, level 100, eOrigin 2, final_idx 31, oppidx_max 31, oppidx_min 0
06-13 14:28:09.202660   883   883 I BufferQueueDebug: [Transition Root: Task=1#12556](this:0xb4000070017880d8,id:-1,api:0,p:-1,c:883) onDestructor()
06-13 14:28:09.213960   883   883 I BufferQueueDebug: [7f00e22 ActivityRecordInputSink com.debug.loggerui/.MainActivity#12540](this:0xb400007001757a48,id:-1,api:0,p:-1,c:883) onDestructor()
06-13 14:28:09.216597 19614 19639 I GED     : ged_boost_gpu_freq, level 100, eOrigin 2, final_idx 31, oppidx_max 31, oppidx_min 0
06-13 14:28:09.217399 19614 19614 I DebugLoggerUI/MainActivity: onStop
06-13 14:28:09.245617   883   883 I BufferQueueDebug: [com.debug.loggerui/com.debug.loggerui.MainActivity#12536](this:0xb4000070017c3da8,id:-1,api:0,p:-1,c:883) onDestructor()
06-13 14:28:09.316087   875   979 I mtkpower@impl: [powerd_req] TIMER_MSG_PERF_LOCK_TIMEOUT hdl:6367
06-13 14:28:09.316191   875   979 I libPowerHal: [perfLockRel] hdl:6367, idx:0
06-13 14:28:09.316472   875   979 I libPowerHal: MTKPOWER_HINT_PACK_SWITCH: cpu_ctrl set cpu freq: -1 -1 -1 -1
06-13 14:28:09.316540   875   979 I libPowerHal: [PD] MTKPOWER_HINT_PACK_SWITCH update cmd:1000000, param:-1
06-13 14:28:09.316633   875   979 I libPowerHal: [PD] MTKPOWER_HINT_PACK_SWITCH update cmd:1408300 param:0
06-13 14:28:09.317425   875   979 I libPowerHal: [PD] MTKPOWER_HINT_PACK_SWITCH update cmd:1000000 param:-1
06-13 14:28:09.381696   883   883 I BufferQueueProducer: [Toast#12550](this:0xb400007001810bd8,id:-1,api:0,p:-1,c:883) queueBuffer: fps=12.90 dur=2324.85 max=1963.91 min=10.80
06-13 14:28:09.555580   875   958 I libPerfCtl: xgfGetFPS pid:2157 fps:89
06-13 14:28:09.555771   875   958 I libPerfCtl: xgfGetFPS pid:2519 fps:91
06-13 14:28:09.555818   875   958 I libPowerHal: [updateFPS] pid(2519) : -1 => 90
06-13 14:28:09.556426   875   979 I libPowerHal: [perfNotifyAppState] pack:com.android.launcher3, act:com.android.searchlauncher.SearchLauncher, state:5, pid:2519, uid:1000, fps:90
06-13 14:28:09.557221   875   979 I UxUtility: notifyForegroundApp pack:com.android.launcher3, uid:1000
06-13 14:28:09.557353   875   979 I TouchUtility: notifyAppState error = NULL
06-13 14:28:09.557693   875   958 I libPerfCtl: xgfGetFPS pid:10159 fps:-1
06-13 14:28:09.557826   875   958 I libPerfCtl: xgfGetFPS pid:19614 fps:-1
06-13 14:28:09.621797  2157  2157 W WindowOnBackDispatcher: sendCancelIfRunning: isInProgress=falsecallback=android.view.ViewRootImpl$$ExternalSyntheticLambda19@8f95f71
06-13 14:28:09.626113  1570  3313 W InputManager-JNI: Input channel object '6876673 Toast (client)' was disposed without first being removed with the input manager!
06-13 14:28:09.652599   883   883 I BufferQueueDebug: [6876673 Toast#12549](this:0xb400007001771458,id:-1,api:0,p:-1,c:883) onDestructor()
06-13 14:28:09.653063   883   883 I BufferQueueDebug: [Toast#12550](this:0xb400007001810bd8,id:-1,api:0,p:-1,c:883) onDestructor()
06-13 14:28:10.556324   875   958 I libPerfCtl: xgfGetFPS pid:2157 fps:85
06-13 14:28:10.556537   875   958 I libPerfCtl: xgfGetFPS pid:2519 fps:-1
06-13 14:28:10.556581   875   958 I libPowerHal: [updateFPS] pid(2519) : 90 => -1
06-13 14:28:10.557075   875   979 I libPowerHal: [perfNotifyAppState] pack:com.android.launcher3, act:com.android.searchlauncher.SearchLauncher, state:5, pid:2519, uid:1000, fps:-1
06-13 14:28:10.557675   875   979 I UxUtility: notifyForegroundApp pack:com.android.launcher3, uid:1000
06-13 14:28:10.557729   875   979 I TouchUtility: notifyAppState error = NULL
06-13 14:28:10.558007   875   958 I libPerfCtl: xgfGetFPS pid:10159 fps:-1
06-13 14:28:10.558079   875   958 I libPerfCtl: xgfGetFPS pid:19614 fps:-1
06-13 14:28:11.554189   870  2099 I android.hardware.usb@1.2-service-mediatekv2: uevent_event change@/devices/platform/11007000.i2c0/i2c-0/0-0064/power_supply/cw-bat
06-13 14:28:11.554720   870  2099 I android.hardware.usb@1.2-service-mediatekv2: uevent_event change@/devices/platform/11007000.i2c0/i2c-0/0-0064/power_supply/cw-bat
06-13 14:28:11.555035   870  2099 I android.hardware.usb@1.2-service-mediatekv2: uevent_event change@/devices/platform/11007000.i2c0/i2c-0/0-0064/power_supply/cw-bat
06-13 14:28:11.555204   870  2099 I android.hardware.usb@1.2-service-mediatekv2: uevent_event change@/devices/platform/11007000.i2c0/i2c-0/0-0064/power_supply/cw-bat
06-13 14:28:11.555370   870  2099 I android.hardware.usb@1.2-service-mediatekv2: uevent_event change@/devices/platform/11007000.i2c0/i2c-0/0-0064/power_supply/cw-bat
06-13 14:28:11.555536   870  2099 I android.hardware.usb@1.2-service-mediatekv2: uevent_event change@/devices/platform/11007000.i2c0/i2c-0/0-0064/power_supply/cw-bat
06-13 14:28:11.555705   870  2099 I android.hardware.usb@1.2-service-mediatekv2: uevent_event change@/devices/platform/11007000.i2c0/i2c-0/0-0064/power_supply/cw-bat
06-13 14:28:11.555871   870  2099 I android.hardware.usb@1.2-service-mediatekv2: uevent_event change@/devices/platform/11007000.i2c0/i2c-0/0-0064/power_supply/cw-bat
06-13 14:28:11.556035   870  2099 I android.hardware.usb@1.2-service-mediatekv2: uevent_event change@/devices/platform/11007000.i2c0/i2c-0/0-0064/power_supply/cw-bat
06-13 14:28:11.556200   870  2099 I android.hardware.usb@1.2-service-mediatekv2: uevent_event change@/devices/platform/11007000.i2c0/i2c-0/0-0064/power_supply/cw-bat
06-13 14:28:11.556365   870  2099 I android.hardware.usb@1.2-service-mediatekv2: uevent_event change@/devices/platform/11007000.i2c0/i2c-0/0-0064/power_supply/cw-bat
06-13 14:28:11.556528   870  2099 I android.hardware.usb@1.2-service-mediatekv2: uevent_event change@/devices/platform/11007000.i2c0/i2c-0/0-0064/power_supply/cw-bat
06-13 14:28:11.556575   875   958 I libPerfCtl: xgfGetFPS pid:2157 fps:-1
06-13 14:28:11.556662   875   958 I libPerfCtl: xgfGetFPS pid:2519 fps:-1
06-13 14:28:11.556693   870  2099 I android.hardware.usb@1.2-service-mediatekv2: uevent_event change@/devices/platform/11007000.i2c0/i2c-0/0-0064/power_supply/cw-bat
06-13 14:28:11.556698   875   958 I libPerfCtl: xgfGetFPS pid:10159 fps:-1
06-13 14:28:11.556732   875   958 I libPerfCtl: xgfGetFPS pid:19614 fps:-1
06-13 14:28:11.556859   870  2099 I android.hardware.usb@1.2-service-mediatekv2: uevent_event change@/devices/platform/11007000.i2c0/i2c-0/0-0064/power_supply/cw-bat
06-13 14:28:11.604088  1570  1570 E PriBatteryTemperatureService: onReceive SHOW_STOP_CHARGING_TIPS=false,SHUTDOWN_BATTERY_HIGH_TEMP=600,SHUTDOWN_BATTERY_LOW_TEMP=-250,temperature=300
06-13 14:28:11.610927  2157  2157 I PowerUI : onReceive: mBatteryLevel = 100:plugged=trueisShutDialogShow:falseON:false
06-13 14:28:11.650235   883   883 I BufferQueueProducer: [StatusBar#79](this:0xb400007001738518,id:-1,api:0,p:-1,c:883) queueBuffer: fps=0.34 dur=2967.89 max=2967.89 min=2967.89
06-13 14:28:11.653008   863   863 I hwcomposer: [HWCDisplay] [Display_0 (type:1)] fps:18.971817,dur:2688.20,max:1994.59,min:5.85  
06-13 14:28:12.557473   875   958 I libPerfCtl: xgfGetFPS pid:2157 fps:-1
06-13 14:28:12.557920   875   958 I libPerfCtl: xgfGetFPS pid:2519 fps:-1
06-13 14:28:12.558185   875   958 I libPerfCtl: xgfGetFPS pid:10159 fps:-1
06-13 14:28:12.558442   875   958 I libPerfCtl: xgfGetFPS pid:19614 fps:-1
06-13 14:28:12.606288 29541 12292 I NearbyPresence: (REDACTED) %s verified [==] new request %s equals to the old request
06-13 14:28:13.559180   875   958 I libPerfCtl: xgfGetFPS pid:2157 fps:-1
06-13 14:28:13.559617   875   958 I libPerfCtl: xgfGetFPS pid:2519 fps:-1
06-13 14:28:13.559921   875   958 I libPerfCtl: xgfGetFPS pid:10159 fps:-1
06-13 14:28:13.560184   875   958 I libPerfCtl: xgfGetFPS pid:19614 fps:-1
06-13 14:28:13.975159   924   924 I libPerfCtl: xgfGetCmd ioctl_ret:-1
06-13 14:28:14.561288   875   958 I libPerfCtl: xgfGetFPS pid:2157 fps:-1
06-13 14:28:14.561747   875   958 I libPerfCtl: xgfGetFPS pid:2519 fps:-1
06-13 14:28:14.562008   875   958 I libPerfCtl: xgfGetFPS pid:10159 fps:-1
06-13 14:28:14.562265   875   958 I libPerfCtl: xgfGetFPS pid:19614 fps:-1
06-13 14:28:14.631456   883  1426 E SurfaceFlinger: MtkDuration override mode is disabled
06-13 14:28:14.633835   863   863 I hwcomposer: [HWC] (0) displaySetActiveConfig config:0  
06-13 14:28:14.637232   863   863 I hwcomposer: [HWCDisplay] [Display_0 (type:1)] fps:0.335095,dur:2984.23,max:2984.23,min:2984.23  
06-13 14:28:15.563217   875   958 I libPerfCtl: xgfGetFPS pid:2157 fps:-1
06-13 14:28:15.563660   875   958 I libPerfCtl: xgfGetFPS pid:2519 fps:-1
06-13 14:28:15.563921   875   958 I libPerfCtl: xgfGetFPS pid:10159 fps:-1
06-13 14:28:15.564174   875   958 I libPerfCtl: xgfGetFPS pid:19614 fps:-1
06-13 14:28:15.736386  1075  1075 I thermal_repeater: [recvMdThermalInfo] ret=33, strLen=127,  2, 32767, -127, 111, 32767, 4046
06-13 14:28:16.565020   875   958 I libPerfCtl: xgfGetFPS pid:2157 fps:-1
06-13 14:28:16.565281   875   958 I libPerfCtl: xgfGetFPS pid:2519 fps:-1
06-13 14:28:16.565353   875   958 I libPerfCtl: xgfGetFPS pid:10159 fps:-1
06-13 14:28:16.565415   875   958 I libPerfCtl: xgfGetFPS pid:19614 fps:-1
06-13 14:28:17.034248   870  2099 I android.hardware.usb@1.2-service-mediatekv2: uevent_event change@/devices/platform/battery/power_supply/battery
06-13 14:28:17.034698   870  2099 I android.hardware.usb@1.2-service-mediatekv2: uevent_event change@/devices/platform/battery/power_supply/battery
06-13 14:28:17.035035   870  2099 I android.hardware.usb@1.2-service-mediatekv2: uevent_event change@/devices/platform/battery/power_supply/battery
06-13 14:28:17.035340   870  2099 I android.hardware.usb@1.2-service-mediatekv2: uevent_event change@/devices/platform/battery/power_supply/battery
06-13 14:28:17.035563   870  2099 I android.hardware.usb@1.2-service-mediatekv2: uevent_event change@/devices/platform/battery/power_supply/battery
06-13 14:28:17.035776   870  2099 I android.hardware.usb@1.2-service-mediatekv2: uevent_event change@/devices/platform/battery/power_supply/battery
06-13 14:28:17.035987   870  2099 I android.hardware.usb@1.2-service-mediatekv2: uevent_event change@/devices/platform/battery/power_supply/battery
06-13 14:28:17.036199   870  2099 I android.hardware.usb@1.2-service-mediatekv2: uevent_event change@/devices/platform/battery/power_supply/battery
06-13 14:28:17.036409   870  2099 I android.hardware.usb@1.2-service-mediatekv2: uevent_event change@/devices/platform/battery/power_supply/battery
06-13 14:28:17.036619   870  2099 I android.hardware.usb@1.2-service-mediatekv2: uevent_event change@/devices/platform/battery/power_supply/battery
06-13 14:28:17.036829   870  2099 I android.hardware.usb@1.2-service-mediatekv2: uevent_event change@/devices/platform/battery/power_supply/battery
06-13 14:28:17.037040   870  2099 I android.hardware.usb@1.2-service-mediatekv2: uevent_event change@/devices/platform/battery/power_supply/battery
06-13 14:28:17.037342   870  2099 I android.hardware.usb@1.2-service-mediatekv2: uevent_event change@/devices/platform/battery/power_supply/battery
06-13 14:28:17.037562   870  2099 I android.hardware.usb@1.2-service-mediatekv2: uevent_event change@/devices/platform/battery/power_supply/battery
06-13 14:28:17.037774   870  2099 I android.hardware.usb@1.2-service-mediatekv2: uevent_event change@/devices/platform/battery/power_supply/battery
06-13 14:28:17.037985   870  2099 I android.hardware.usb@1.2-service-mediatekv2: uevent_event change@/devices/platform/battery/power_supply/battery
06-13 14:28:17.038196   870  2099 I android.hardware.usb@1.2-service-mediatekv2: uevent_event change@/devices/platform/battery/power_supply/battery
06-13 14:28:17.038406   870  2099 I android.hardware.usb@1.2-service-mediatekv2: uevent_event change@/devices/platform/battery/power_supply/battery
06-13 14:28:17.038616   870  2099 I android.hardware.usb@1.2-service-mediatekv2: uevent_event change@/devices/platform/battery/power_supply/battery
06-13 14:28:17.038827   870  2099 I android.hardware.usb@1.2-service-mediatekv2: uevent_event change@/devices/platform/battery/power_supply/battery
06-13 14:28:17.039037   870  2099 I android.hardware.usb@1.2-service-mediatekv2: uevent_event change@/devices/platform/battery/power_supply/battery
06-13 14:28:17.565931   875   958 I libPerfCtl: xgfGetFPS pid:2157 fps:-1
06-13 14:28:17.566202   875   958 I libPerfCtl: xgfGetFPS pid:2519 fps:-1
06-13 14:28:17.566274   875   958 I libPerfCtl: xgfGetFPS pid:10159 fps:-1
06-13 14:28:17.715894 13462 13462 I artd    : Starting artd
06-13 14:28:17.717593 13462 13462 I AidlLazyServiceRegistrar: Registering service artd
06-13 14:28:18.566222   875   958 I libPerfCtl: xgfGetFPS pid:2157 fps:-1
06-13 14:28:18.566512   875   958 I libPerfCtl: xgfGetFPS pid:2519 fps:-1
06-13 14:28:19.234859   938   938 E adbd    : failed to connect to socket 'tcp:6790': Connection refused
06-13 14:28:19.331523 13462 13462 I AidlLazyServiceRegistrar: Process has 1 (of 1 available) client(s) in use after notification artd has clients: 1
06-13 14:28:19.417566   870  2099 I android.hardware.usb@1.2-service-mediatekv2: uevent_event change@/devices/virtual/misc/cpu_loading
06-13 14:28:19.417787   870  2099 I android.hardware.usb@1.2-service-mediatekv2: uevent_event change@/devices/virtual/misc/cpu_loading
06-13 14:28:19.417920   870  2099 I android.hardware.usb@1.2-service-mediatekv2: uevent_event change@/devices/virtual/misc/cpu_loading
06-13 14:28:19.418055   870  2099 I android.hardware.usb@1.2-service-mediatekv2: uevent_event change@/devices/virtual/misc/cpu_loading
06-13 14:28:19.418209   870  2099 I android.hardware.usb@1.2-service-mediatekv2: uevent_event change@/devices/virtual/misc/cpu_loading
06-13 14:28:19.418358   870  2099 I android.hardware.usb@1.2-service-mediatekv2: uevent_event change@/devices/virtual/misc/cpu_loading
06-13 14:28:19.418508   870  2099 I android.hardware.usb@1.2-service-mediatekv2: uevent_event change@/devices/virtual/misc/cpu_loading
06-13 14:28:19.418657   870  2099 I android.hardware.usb@1.2-service-mediatekv2: uevent_event change@/devices/virtual/misc/cpu_loading
06-13 14:28:19.418807   870  2099 I android.hardware.usb@1.2-service-mediatekv2: uevent_event change@/devices/virtual/misc/cpu_loading
06-13 14:28:19.418956   870  2099 I android.hardware.usb@1.2-service-mediatekv2: uevent_event change@/devices/virtual/misc/cpu_loading
06-13 14:28:19.419105   870  2099 I android.hardware.usb@1.2-service-mediatekv2: uevent_event change@/devices/virtual/misc/cpu_loading
06-13 14:28:19.566630   875   958 I libPerfCtl: xgfGetFPS pid:2157 fps:-1
06-13 14:28:19.734251   870  2099 I android.hardware.usb@1.2-service-mediatekv2: uevent_event change@/devices/platform/11007000.i2c0/i2c-0/0-0064/power_supply/cw-bat
06-13 14:28:19.734454   870  2099 I android.hardware.usb@1.2-service-mediatekv2: uevent_event change@/devices/platform/11007000.i2c0/i2c-0/0-0064/power_supply/cw-bat
06-13 14:28:19.734551   870  2099 I android.hardware.usb@1.2-service-mediatekv2: uevent_event change@/devices/platform/11007000.i2c0/i2c-0/0-0064/power_supply/cw-bat
06-13 14:28:19.734644   870  2099 I android.hardware.usb@1.2-service-mediatekv2: uevent_event change@/devices/platform/11007000.i2c0/i2c-0/0-0064/power_supply/cw-bat
