06-13 14:28:19.734735   870  2099 I android.hardware.usb@1.2-service-mediatekv2: uevent_event change@/devices/platform/11007000.i2c0/i2c-0/0-0064/power_supply/cw-bat
06-13 14:28:19.734826   870  2099 I android.hardware.usb@1.2-service-mediatekv2: uevent_event change@/devices/platform/11007000.i2c0/i2c-0/0-0064/power_supply/cw-bat
06-13 14:28:19.734917   870  2099 I android.hardware.usb@1.2-service-mediatekv2: uevent_event change@/devices/platform/11007000.i2c0/i2c-0/0-0064/power_supply/cw-bat
06-13 14:28:19.735008   870  2099 I android.hardware.usb@1.2-service-mediatekv2: uevent_event change@/devices/platform/11007000.i2c0/i2c-0/0-0064/power_supply/cw-bat
06-13 14:28:19.735099   870  2099 I android.hardware.usb@1.2-service-mediatekv2: uevent_event change@/devices/platform/11007000.i2c0/i2c-0/0-0064/power_supply/cw-bat
06-13 14:28:19.735190   870  2099 I android.hardware.usb@1.2-service-mediatekv2: uevent_event change@/devices/platform/11007000.i2c0/i2c-0/0-0064/power_supply/cw-bat
06-13 14:28:19.735281   870  2099 I android.hardware.usb@1.2-service-mediatekv2: uevent_event change@/devices/platform/11007000.i2c0/i2c-0/0-0064/power_supply/cw-bat
06-13 14:28:19.735371   870  2099 I android.hardware.usb@1.2-service-mediatekv2: uevent_event change@/devices/platform/11007000.i2c0/i2c-0/0-0064/power_supply/cw-bat
06-13 14:28:19.735462   870  2099 I android.hardware.usb@1.2-service-mediatekv2: uevent_event change@/devices/platform/11007000.i2c0/i2c-0/0-0064/power_supply/cw-bat
06-13 14:28:19.735555   870  2099 I android.hardware.usb@1.2-service-mediatekv2: uevent_event change@/devices/platform/11007000.i2c0/i2c-0/0-0064/power_supply/cw-bat
06-13 14:28:19.780725  1570  1570 E PriBatteryTemperatureService: onReceive SHOW_STOP_CHARGING_TIPS=false,SHUTDOWN_BATTERY_HIGH_TEMP=600,SHUTDOWN_BATTERY_LOW_TEMP=-250,temperature=300
06-13 14:28:19.791902  2157  2157 I PowerUI : onReceive: mBatteryLevel = 100:plugged=trueisShutDialogShow:falseON:false
06-13 14:28:19.825591  7774  7774 D BoundBrokerSvc: onUnbind: Intent { act=com.google.android.gms.pay.service.BIND dat=chimera-action:/... cmp=com.google.android.gms/.chimera.GmsApiService }
06-13 14:28:19.833359   883   883 I BufferQueueProducer: [StatusBar#79](this:0xb400007001738518,id:-1,api:0,p:-1,c:883) queueBuffer: fps=0.12 dur=8183.14 max=8183.14 min=8183.14
06-13 14:28:19.836532   863   863 I hwcomposer: [HWCDisplay] [Display_0 (type:1)] fps:0.384670,dur:5199.26,max:5184.46,min:14.80  
06-13 14:28:20.010545   938   938 E adbd    : failed to connect to socket 'tcp:6790': Connection refused
06-13 14:28:20.247323  1570  5053 E libprocessgroup: No such cgroup attribute: /sys/fs/cgroup/uid_10237/cgroup.freeze
06-13 14:28:20.247370  1570  5053 W libprocessgroup: Failed to apply Frozen process profile: No such file or directory
06-13 14:28:20.248598  1570  5053 E libprocessgroup: No such cgroup attribute: /sys/fs/cgroup/uid_10237/cgroup.freeze
06-13 14:28:20.248688  1570  5053 W libprocessgroup: Failed to apply Unfrozen process profile: No such file or directory
06-13 14:28:20.267214  2478  2478 D CarrierSvcBindHelper: onHandleForceStop: [io.appium.uiautomator2.server.test]
06-13 14:28:20.267602  2478  2478 D CarrierSvcBindHelper: No carrier app for: 0
06-13 14:28:20.267867  2478  2478 D CarrierSvcBindHelper: No carrier app for: 1
06-13 14:28:20.278849  3278  3278 D RegisteredNfcFServicesCache: invalidateCache() - Service unchanged, not updating
06-13 14:28:20.296063  2478  2478 D CarrierSvcBindHelper: onHandleForceStop: [io.appium.uiautomator2.server]
06-13 14:28:20.296982  2478  2478 D CarrierSvcBindHelper: No carrier app for: 0
06-13 14:28:20.297916  2478  2478 D CarrierSvcBindHelper: No carrier app for: 1
06-13 14:28:20.308652  3278  3278 D RegisteredNfcFServicesCache: invalidateCache() - Service unchanged, not updating
06-13 14:28:20.318554   938   938 E adbd    : failed to connect to socket 'tcp:6790': Connection refused
06-13 14:28:20.369935   938   938 E adbd    : failed to connect to socket 'tcp:6790': Connection refused
06-13 14:28:20.386550   883   883 I BufferQueueDebug: [WindowToken{d8234c4 type=2005 android.os.Binder@ea63d7}#12548](this:0xb4000070017c6b38,id:-1,api:0,p:-1,c:883) onDestructor()
06-13 14:28:20.560245 13511 13511 D AndroidRuntime: >>>>>> START com.android.internal.os.RuntimeInit uid 2000 <<<<<<
06-13 14:28:20.566839 13511 13511 I AndroidRuntime: Using default boot image
06-13 14:28:20.566877 13511 13511 I AndroidRuntime: Leaving lock profiling enabled
06-13 14:28:20.566955   875   958 I libPerfCtl: xgfGetFPS pid:2157 fps:-1
06-13 14:28:20.572024 13511 13511 I app_process: Using CollectorTypeCC GC.
06-13 14:28:20.675416   883  1431 D SurfaceFlinger: calculateTimeoutTime, triggerInterval = 5 sec + 696086538 nsec
06-13 14:28:20.708946 13511 13511 D nativeloader: InitDefaultPublicLibraries for_preload=1: libandroid.so:libaaudio.so:libamidi.so:libbinder_ndk.so:libc.so:libcamera2ndk.so:libdl.so:libEGL.so:libGLESv1_CM.so:libGLESv2.so:libGLESv3.so:libicu.so:libicui18n.so:libicuuc.so:libjnigraphics.so:liblog.so:libmediandk.so:libm.so:libnativehelper.so:libnativewindow.so:libOpenMAXAL.so:libOpenSLES.so:libRS.so:libstdc++.so:libsync.so:libvulkan.so:libwebviewchromium_plat_support.so:libz.so
06-13 14:28:20.723659 13511 13511 D app_process: Time zone APEX ICU file found: /apex/com.android.tzdata/etc/icu/icu_tzdata.dat
06-13 14:28:20.723772 13511 13511 D app_process: I18n APEX ICU file found: /apex/com.android.i18n/etc/icu/icudt72l.dat
06-13 14:28:20.751347 13511 13511 W libc    : Access denied finding property "ro.product.name_for_attestation"
06-13 14:28:20.751588 13511 13511 W libc    : Access denied finding property "ro.product.brand_for_attestation"
06-13 14:28:20.751650 13511 13511 W libc    : Access denied finding property "ro.product.model_for_attestation"
06-13 14:28:20.747000 13511 13511 W main    : type=1400 audit(0.0:17140): avc:  denied  { read } for  name="u:object_r:build_attestation_prop:s0" dev="tmpfs" ino=46 scontext=u:r:shell:s0 tcontext=u:object_r:build_attestation_prop:s0 tclass=file permissive=0
06-13 14:28:20.747000 13511 13511 W main    : type=1400 audit(0.0:17141): avc:  denied  { read } for  name="u:object_r:build_attestation_prop:s0" dev="tmpfs" ino=46 scontext=u:r:shell:s0 tcontext=u:object_r:build_attestation_prop:s0 tclass=file permissive=0
06-13 14:28:20.747000 13511 13511 W main    : type=1400 audit(0.0:17142): avc:  denied  { read } for  name="u:object_r:build_attestation_prop:s0" dev="tmpfs" ino=46 scontext=u:r:shell:s0 tcontext=u:object_r:build_attestation_prop:s0 tclass=file permissive=0
06-13 14:28:20.752236 13511 13511 W libc    : Access denied finding property "ro.vendor.mtk.hbt_binfmt_misc_support"
06-13 14:28:20.752396 13511 13511 W libc    : Access denied finding property "ro.vendor.mtk.hbt_dyn_type"
06-13 14:28:20.752461 13511 13511 W libc    : Access denied finding property "persist.vendor.mtk.hbt_dyn_type"
06-13 14:28:20.747000 13511 13511 W main    : type=1400 audit(0.0:17143): avc:  denied  { read } for  name="u:object_r:system_mtk_app32_boost_prop:s0" dev="tmpfs" ino=10293 scontext=u:r:shell:s0 tcontext=u:object_r:system_mtk_app32_boost_prop:s0 tclass=file permissive=0
06-13 14:28:20.747000 13511 13511 W main    : type=1400 audit(0.0:17144): avc:  denied  { read } for  name="u:object_r:system_mtk_app32_boost_prop:s0" dev="tmpfs" ino=10293 scontext=u:r:shell:s0 tcontext=u:object_r:system_mtk_app32_boost_prop:s0 tclass=file permissive=0
06-13 14:28:20.762903 13511 13511 D AndroidRuntime: Calling main entry com.android.commands.am.Am
06-13 14:28:20.765813 13511 13511 W ziparchive: Unable to open '/system_ext/framework/mediatek-framework.dm': No such file or directory
06-13 14:28:20.765876 13511 13511 W ziparchive: Unable to open '/system_ext/framework/mediatek-framework.dm': No such file or directory
06-13 14:28:20.776223 13511 13511 D UiAutomationConnection: Created on user UserHandle{0}
06-13 14:28:20.801219   849   849 D Zygote  : Forked child process 13528
06-13 14:28:20.814873 13528 13528 I tomator2.server: Late-enabling -Xcheck:jni
06-13 14:28:20.843433 13528 13528 I tomator2.server: Using CollectorTypeCC GC.
06-13 14:28:20.853547   938   987 I adbd    : jdwp connection from 13528
06-13 14:28:20.878829 13528 13528 D CompatibilityChangeReporter: Compat change id reported: 171979766; UID 10238; state: ENABLED
06-13 14:28:20.879280 13528 13528 D CompatibilityChangeReporter: Compat change id reported: 242716250; UID 10238; state: ENABLED
06-13 14:28:20.900422 13528 13528 W tomator2.server: ClassLoaderContext classpath size mismatch. expected=0, found=3 (PCL[]{PCL[/system/framework/android.test.base.jar*836642756]#PCL[/system/framework/android.test.mock.jar*3186112116]#PCL[/system/framework/android.test.runner.jar*4168958247]{PCL[/system/framework/android.test.base.jar*836642756]#PCL[/system/framework/android.test.mock.jar*3186112116]}} | PCL[/system/framework/android.test.runner.jar*4168958247:/system/framework/android.test.mock.jar*3186112116:/system/framework/android.test.base.jar*836642756])
06-13 14:28:20.903583 13528 13528 W tomator2.server: ClassLoaderContext classpath size mismatch. expected=0, found=7 (PCL[] | PCL[/system/framework/android.test.runner.jar*4168958247:/system/framework/android.test.mock.jar*3186112116:/system/framework/android.test.base.jar*836642756:/data/app/~~qmndjunBo-Qy8il97Lo23w==/io.appium.uiautomator2.server.test-RjSEjfjW8XyYcak5seG3Wg==/base.apk*59283334:/data/app/~~qmndjunBo-Qy8il97Lo23w==/io.appium.uiautomator2.server.test-RjSEjfjW8XyYcak5seG3Wg==/base.apk!classes2.dex*1789497235:/data/app/~~qmndjunBo-Qy8il97Lo23w==/io.appium.uiautomator2.server.test-RjSEjfjW8XyYcak5seG3Wg==/base.apk!classes3.dex*632398733:/data/app/~~qmndjunBo-Qy8il97Lo23w==/io.appium.uiautomator2.server.test-RjSEjfjW8XyYcak5seG3Wg==/base.apk!classes4.dex*662858407])
06-13 14:28:20.908847 13528 13528 D nativeloader: Configuring clns-4 for other apk /system/framework/android.test.runner.jar:/system/framework/android.test.mock.jar:/system/framework/android.test.base.jar:/data/app/~~qmndjunBo-Qy8il97Lo23w==/io.appium.uiautomator2.server.test-RjSEjfjW8XyYcak5seG3Wg==/base.apk:/data/app/~~LR0VuE8yWzosutdwWPdniw==/io.appium.uiautomator2.server-WWgOH9oOZHF0IUWfGkXu9A==/base.apk. target_sdk_version=34, uses_libraries=, library_path=/data/app/~~qmndjunBo-Qy8il97Lo23w==/io.appium.uiautomator2.server.test-RjSEjfjW8XyYcak5seG3Wg==/lib/arm64:/data/app/~~LR0VuE8yWzosutdwWPdniw==/io.appium.uiautomator2.server-WWgOH9oOZHF0IUWfGkXu9A==/lib/arm64, permitted_path=/data:/mnt/expand:/data/user/0/io.appium.uiautomator2.server
06-13 14:28:20.923592 13528 13528 V GraphicsEnvironment: Currently set values for:
06-13 14:28:20.923991 13528 13528 V GraphicsEnvironment:   angle_gl_driver_selection_pkgs=[]
06-13 14:28:20.924209 13528 13528 V GraphicsEnvironment:   angle_gl_driver_selection_values=[]
06-13 14:28:20.924936 13528 13528 V GraphicsEnvironment: ANGLE GameManagerService for io.appium.uiautomator2.server: false
06-13 14:28:20.925004 13528 13528 V GraphicsEnvironment: io.appium.uiautomator2.server is not listed in per-application setting
06-13 14:28:20.925265 13528 13528 V GraphicsEnvironment: Neither updatable production driver nor prerelease driver is supported.
06-13 14:28:20.935105 13528 13528 D ApplicationLoaders: Returning zygote-cached class loader: /system/framework/android.test.base.jar
06-13 14:28:20.939209 13528 13528 D nativeloader: Configuring clns-5 for other apk /system/framework/android.test.mock.jar. target_sdk_version=34, uses_libraries=ALL, library_path=/data/app/~~qmndjunBo-Qy8il97Lo23w==/io.appium.uiautomator2.server.test-RjSEjfjW8XyYcak5seG3Wg==/lib/arm64:/data/app/~~LR0VuE8yWzosutdwWPdniw==/io.appium.uiautomator2.server-WWgOH9oOZHF0IUWfGkXu9A==/lib/arm64, permitted_path=/data:/mnt/expand
06-13 14:28:20.939250 13528 13528 D nativeloader: Extending system_exposed_libraries: libapuwareapusys.mtk.so:libapuwareapusys_v2.mtk.so:libapuwarexrp.mtk.so:libapuwarexrp_v2.mtk.so:libapuwareutils.mtk.so:libapuwareutils_v2.mtk.so:libapuwarehmp.mtk.so:libmcv_runtime_usdk.mtk.so:libneuron_graph_delegate.mtk.so:libneuronusdk_adapter.mtk.so:libtflite_mtk.mtk.so:libarmnn_ndk.mtk.so:libcmdl_ndk.mtk.so:libnir_neon_driver_ndk.mtk.so:libmvpu_runtime.mtk.so:libmvpu_runtime_pub.mtk.so:libmvpu_engine_pub.mtk.so:libmvpu_pattern_pub.mtk.so:libmvpuop_mtk_cv.mtk.so:libmvpuop_mtk_nn.mtk.so:libmvpu_runtime_25.mtk.so:libmvpu_runtime_25_pub.mtk.so:libmvpu_engine_25_pub.mtk.so:libmvpu_pattern_25_pub.mtk.so:libmvpuop25_mtk_cv.mtk.so:libmvpuop25_mtk_nn.mtk.so:libmvpu_config.mtk.so:libteeservice_client.trustonic.so
06-13 14:28:20.940820 13528 13528 D ApplicationLoaders: Returning zygote-cached class loader: /system/framework/android.test.base.jar
06-13 14:28:20.945374 13528 13528 D nativeloader: Configuring clns-6 for other apk /system/framework/android.test.runner.jar. target_sdk_version=34, uses_libraries=ALL, library_path=/data/app/~~qmndjunBo-Qy8il97Lo23w==/io.appium.uiautomator2.server.test-RjSEjfjW8XyYcak5seG3Wg==/lib/arm64:/data/app/~~LR0VuE8yWzosutdwWPdniw==/io.appium.uiautomator2.server-WWgOH9oOZHF0IUWfGkXu9A==/lib/arm64, permitted_path=/data:/mnt/expand
06-13 14:28:20.945416 13528 13528 D nativeloader: Extending system_exposed_libraries: libapuwareapusys.mtk.so:libapuwareapusys_v2.mtk.so:libapuwarexrp.mtk.so:libapuwarexrp_v2.mtk.so:libapuwareutils.mtk.so:libapuwareutils_v2.mtk.so:libapuwarehmp.mtk.so:libmcv_runtime_usdk.mtk.so:libneuron_graph_delegate.mtk.so:libneuronusdk_adapter.mtk.so:libtflite_mtk.mtk.so:libarmnn_ndk.mtk.so:libcmdl_ndk.mtk.so:libnir_neon_driver_ndk.mtk.so:libmvpu_runtime.mtk.so:libmvpu_runtime_pub.mtk.so:libmvpu_engine_pub.mtk.so:libmvpu_pattern_pub.mtk.so:libmvpuop_mtk_cv.mtk.so:libmvpuop_mtk_nn.mtk.so:libmvpu_runtime_25.mtk.so:libmvpu_runtime_25_pub.mtk.so:libmvpu_engine_25_pub.mtk.so:libmvpu_pattern_25_pub.mtk.so:libmvpuop25_mtk_cv.mtk.so:libmvpuop25_mtk_nn.mtk.so:libmvpu_config.mtk.so:libteeservice_client.trustonic.so
06-13 14:28:20.955114 13528 13528 W tomator2.server: ClassLoaderContext classpath size mismatch. expected=0, found=3 (PCL[]{PCL[/system/framework/android.test.base.jar*836642756]#PCL[/system/framework/android.test.mock.jar*3186112116]#PCL[/system/framework/android.test.runner.jar*4168958247]{PCL[/system/framework/android.test.base.jar*836642756]#PCL[/system/framework/android.test.mock.jar*3186112116]}} | PCL[/system/framework/android.test.runner.jar*4168958247:/system/framework/android.test.mock.jar*3186112116:/system/framework/android.test.base.jar*836642756]{PCL[/system/framework/android.test.base.jar*836642756]#PCL[/system/framework/android.test.mock.jar*3186112116]#PCL[/system/framework/android.test.runner.jar*4168958247]{PCL[/system/framework/android.test.base.jar*836642756]#PCL[/system/framework/android.test.mock.jar*3186112116]}};PCL[/system/framework/android.test.runner.jar*4168958247:/system/framework/android.test.mock.jar*3186112116:/system/framework/android.test.base.jar*836642756:/data/app/~~qmndjunBo-Qy8il97Lo23w==/io.appium.uiautomator2.server.test-RjSEjfjW8XyYcak5seG3Wg==/base.apk*59283334:/data/app/~~qmndjunBo-Qy8il97Lo23w==/io.appium.uiautomator2.server.test-RjSEjfjW8XyYcak5seG3Wg==/base.apk!classes2.dex*1789497235:/data/app/~~qmndjunBo-Qy8il97Lo23w==/io.appium.uiautomator2.server.test-RjSEjfjW8XyYcak5seG3Wg==/base.apk!classes3.dex*632398733:/data/app/~~qmndjunBo-Qy8il97Lo23w==/io.appium.uiautomator2.server.test-RjSEjfjW8XyYcak5seG3Wg==/base.apk!classes4.dex*662858407:/data/app/~~LR0VuE8yWzosutdwWPdniw==/io.appium.uiautomator2.server-WWgOH9oOZHF0IUWfGkXu9A==/base.apk*1248716092:/data/app/~~LR0VuE8yWzosutdwWPdniw==/io.appium.uiautomator2.server-WWgOH9oOZHF0IUWfGkXu9A==/base.apk!classes2.dex*338590942:/data/app/~~LR0VuE8yWzosutdwWPdniw==/io.appium.uiautomator2.server-WWgOH9oOZHF0IUWfGkXu9A==/base.apk!classes3.dex*4255893610:/data/app/~~LR0VuE8yWzosutdwWPdniw==/io.appium.uiautomator2.server-WWgOH9oOZHF0IUWfGkXu9A==/base.apk!classes4.dex*3378219435:/data/app/~~LR0VuE8yWzosutdwWPdniw==/io.appium.uiautomator2.server-WWgOH9oOZHF0IUWfGkXu9A==/base.apk!classes5.dex*3386358002:/data/app/~~LR0VuE8yWzosutdwWPdniw==/io.appium.uiautomator2.server-WWgOH9oOZHF0IUWfGkXu9A==/base.apk!classes6.dex*2311004773:/data/app/~~LR0VuE8yWzosutdwWPdniw==/io.appium.uiautomator2.server-WWgOH9oOZHF0IUWfGkXu9A==/base.apk!classes7.dex*2123267702:/data/app/~~LR0VuE8yWzosutdwWPdniw==/io.appium.uiautomator2.server-WWgOH9oOZHF0IUWfGkXu9A==/base.apk!classes8.dex*884511193:/data/app/~~LR0VuE8yWzosutdwWPdniw==/io.appium.uiautomator2.server-WWgOH9oOZHF0IUWfGkXu9A==/base.apk!classes9.dex*2641999169:/data/app/~~LR0VuE8yWzosutdwWPdniw==/io.appium.uiautomator2.server-WWgOH9oOZHF0IUWfGkXu9A==/base.apk!classes10.dex*1464748680:/data/app/~~LR0VuE8yWzosutdwWPdniw==/io.appium.uiautomator2.server-WWgOH9oOZHF0IUWfGkXu9A==/base.apk!classes11.dex*2712657472:/data/app/~~LR0VuE8yWzosutdwWPdniw==/io.appium.uiautomator2.server-WWgOH9oOZHF0IUWfGkXu9A==/base.apk!classes12.dex*2404859581:/data/app/~~LR0VuE8yWzosutdwWPdniw==/io.appium.uiautomator2.server-WWgOH9oOZHF0IUWfGkXu9A==/base.apk!classes13.dex*370897622:/data/app/~~LR0VuE8yWzosutdwWPdniw==/io.appium.uiautomator2.server-WWgOH9oOZHF0IUWfGkXu9A==/base.apk!classes14.dex*2774047725:/data/app/~~LR0VuE8yWzosutdwWPdniw==/io.appium.uiautomator2.server-WWgOH9oOZHF0IUWfGkXu9A==/base.apk!classes15.dex*2689379827:/data/app/~~LR0VuE8yWzosutdwWPdniw==/io.appium.uiautomator2.server-WWgOH9oOZHF0IUWfGkXu9A==/base.apk!classes16.dex*1516621757])
06-13 14:28:20.958363 13528 13528 W tomator2.server: ClassLoaderContext classpath size mismatch. expected=0, found=7 (PCL[] | PCL[/system/framework/android.test.runner.jar*4168958247:/system/framework/android.test.mock.jar*3186112116:/system/framework/android.test.base.jar*836642756:/data/app/~~qmndjunBo-Qy8il97Lo23w==/io.appium.uiautomator2.server.test-RjSEjfjW8XyYcak5seG3Wg==/base.apk*59283334:/data/app/~~qmndjunBo-Qy8il97Lo23w==/io.appium.uiautomator2.server.test-RjSEjfjW8XyYcak5seG3Wg==/base.apk!classes2.dex*1789497235:/data/app/~~qmndjunBo-Qy8il97Lo23w==/io.appium.uiautomator2.server.test-RjSEjfjW8XyYcak5seG3Wg==/base.apk!classes3.dex*632398733:/data/app/~~qmndjunBo-Qy8il97Lo23w==/io.appium.uiautomator2.server.test-RjSEjfjW8XyYcak5seG3Wg==/base.apk!classes4.dex*662858407]{PCL[/system/framework/android.test.base.jar*836642756]#PCL[/system/framework/android.test.mock.jar*3186112116]#PCL[/system/framework/android.test.runner.jar*4168958247]{PCL[/system/framework/android.test.base.jar*836642756]#PCL[/system/framework/android.test.mock.jar*3186112116]}};PCL[/system/framework/android.test.runner.jar*4168958247:/system/framework/android.test.mock.jar*3186112116:/system/framework/android.test.base.jar*836642756:/data/app/~~qmndjunBo-Qy8il97Lo23w==/io.appium.uiautomator2.server.test-RjSEjfjW8XyYcak5seG3Wg==/base.apk*59283334:/data/app/~~qmndjunBo-Qy8il97Lo23w==/io.appium.uiautomator2.server.test-RjSEjfjW8XyYcak5seG3Wg==/base.apk!classes2.dex*1789497235:/data/app/~~qmndjunBo-Qy8il97Lo23w==/io.appium.uiautomator2.server.test-RjSEjfjW8XyYcak5seG3Wg==/base.apk!classes3.dex*632398733:/data/app/~~qmndjunBo-Qy8il97Lo23w==/io.appium.uiautomator2.server.test-RjSEjfjW8XyYcak5seG3Wg==/base.apk!classes4.dex*662858407:/data/app/~~LR0VuE8yWzosutdwWPdniw==/io.appium.uiautomator2.server-WWgOH9oOZHF0IUWfGkXu9A==/base.apk*1248716092:/data/app/~~LR0VuE8yWzosutdwWPdniw==/io.appium.uiautomator2.server-WWgOH9oOZHF0IUWfGkXu9A==/base.apk!classes2.dex*338590942:/data/app/~~LR0VuE8yWzosutdwWPdniw==/io.appium.uiautomator2.server-WWgOH9oOZHF0IUWfGkXu9A==/base.apk!classes3.dex*4255893610:/data/app/~~LR0VuE8yWzosutdwWPdniw==/io.appium.uiautomator2.server-WWgOH9oOZHF0IUWfGkXu9A==/base.apk!classes4.dex*3378219435:/data/app/~~LR0VuE8yWzosutdwWPdniw==/io.appium.uiautomator2.server-WWgOH9oOZHF0IUWfGkXu9A==/base.apk!classes5.dex*3386358002:/data/app/~~LR0VuE8yWzosutdwWPdniw==/io.appium.uiautomator2.server-WWgOH9oOZHF0IUWfGkXu9A==/base.apk!classes6.dex*2311004773:/data/app/~~LR0VuE8yWzosutdwWPdniw==/io.appium.uiautomator2.server-WWgOH9oOZHF0IUWfGkXu9A==/base.apk!classes7.dex*2123267702:/data/app/~~LR0VuE8yWzosutdwWPdniw==/io.appium.uiautomator2.server-WWgOH9oOZHF0IUWfGkXu9A==/base.apk!classes8.dex*884511193:/data/app/~~LR0VuE8yWzosutdwWPdniw==/io.appium.uiautomator2.server-WWgOH9oOZHF0IUWfGkXu9A==/base.apk!classes9.dex*2641999169:/data/app/~~LR0VuE8yWzosutdwWPdniw==/io.appium.uiautomator2.server-WWgOH9oOZHF0IUWfGkXu9A==/base.apk!classes10.dex*1464748680:/data/app/~~LR0VuE8yWzosutdwWPdniw==/io.appium.uiautomator2.server-WWgOH9oOZHF0IUWfGkXu9A==/base.apk!classes11.dex*2712657472:/data/app/~~LR0VuE8yWzosutdwWPdniw==/io.appium.uiautomator2.server-WWgOH9oOZHF0IUWfGkXu9A==/base.apk!classes12.dex*2404859581:/data/app/~~LR0VuE8yWzosutdwWPdniw==/io.appium.uiautomator2.server-WWgOH9oOZHF0IUWfGkXu9A==/base.apk!classes13.dex*370897622:/data/app/~~LR0VuE8yWzosutdwWPdniw==/io.appium.uiautomator2.server-WWgOH9oOZHF0IUWfGkXu9A==/base.apk!classes14.dex*2774047725:/data/app/~~LR0VuE8yWzosutdwWPdniw==/io.appium.uiautomator2.server-WWgOH9oOZHF0IUWfGkXu9A==/base.apk!classes15.dex*2689379827:/data/app/~~LR0VuE8yWzosutdwWPdniw==/io.appium.uiautomator2.server-WWgOH9oOZHF0IUWfGkXu9A==/base.apk!classes16.dex*1516621757])
06-13 14:28:20.969722 13528 13528 I AndroidJUnitRunner: newApplication android.app.Application
06-13 14:28:20.971930 13528 13528 D CompatibilityChangeReporter: Compat change id reported: 183155436; UID 10238; state: ENABLED
06-13 14:28:20.974735 13528 13528 I AndroidJUnitRunner: onCreate Bundle[mParcelledData.dataSize=64]
06-13 14:28:20.976070 13528 13528 D AndroidJUnitRunner: Use the raw file system for managing file I/O.
06-13 14:28:20.988169 13528 13528 V TestEventClient: No service name argument was given (testDiscoveryService, testRunEventService or orchestratorService)
06-13 14:28:20.988848 13528 13550 D AndroidJUnitRunner: onStart is called.
06-13 14:28:20.997760 13528 13550 I InstrConnection: Could not send broadcast or register receiver (isolatedProcess?)
06-13 14:28:21.000134 13528 13550 D TestRequestBuilder: Using class path scanning to discover tests
06-13 14:28:21.000515 13528 13550 I TestRequestBuilder: Scanning classpath to find tests in paths [/data/app/~~qmndjunBo-Qy8il97Lo23w==/io.appium.uiautomator2.server.test-RjSEjfjW8XyYcak5seG3Wg==/base.apk]
06-13 14:28:21.002012 13528 13550 W tomator2.server: Opening an oat file without a class loader. Are you using the deprecated DexFile APIs?
06-13 14:28:21.122745 13528 13550 I TestRunner: run started: 1 tests
06-13 14:28:21.124026 13528 13550 I TestRunner: started: startServer(io.appium.uiautomator2.server.test.AppiumUiAutomator2Server)
06-13 14:28:21.132495 13528 13550 I appium  : [AppiumUiAutomator2Server] Starting Server
06-13 14:28:21.393709   938   938 E adbd    : failed to connect to socket 'tcp:6790': Connection refused
06-13 14:28:21.471215   886   916 D ccci_mdinit: (1):monitor_time_update_thread round:10741 ########
06-13 14:28:22.133279 13528 13550 I appium  : Starting MJPEG Server
06-13 14:28:22.133992 13528 13550 I appium  : MJPEG Server started
06-13 14:28:22.134740 13528 13552 D TrafficStats: tagSocket(95) with statsTag=0xffffffff, statsUid=-1
06-13 14:28:22.135587 13528 13552 I appium  : ServerSocket created on port 7810
06-13 14:28:22.138802 13528 13550 I appium  : AndroidServer created on port 6790
06-13 14:28:22.139191 13528 13550 I appium  : io.appium.uiautomator2.server started:
06-13 14:28:22.143324 13528 13554 I UiDevice: Creating a new instance, old instance exists: false
06-13 14:28:22.144752 13528 13554 I UiAutomation: Initialized for user 0 on display 0
06-13 14:28:22.150800   883  1685 E BufferQueueDebug: [WindowToken{f4e7c6f type=2032 android.os.Binder@dfa34e}#12563](this:0xb4000070017c3da8,id:-1,api:0,p:-1,c:-1) id info cannot be read from 'WindowToken{f4e7c6f type=2032 android.os.Binder@dfa34e}#12563'
06-13 14:28:22.151403   883  1685 I BufferQueueDebug: [WindowToken{f4e7c6f type=2032 android.os.Binder@dfa34e}#12563](this:0xb4000070017c3da8,id:-1,api:0,p:-1,c:-1) BufferQueue core=(883:/system/bin/surfaceflinger)
06-13 14:28:22.159973 13528 13554 D UiDevice: Setting accessibility service flags: 65618
06-13 14:28:22.168302   863   863 I hwcomposer: [HWCDisplay] [Display_0 (type:1)] fps:1.286564,dur:2331.79,max:1777.17,min:16.48  
06-13 14:28:22.177717 13528 13554 D UiDevice: Turning on screen.
06-13 14:28:22.183805 13528 13554 I appium  : Started UiAutomator2 io.appium.uiautomator2.http io.appium.uiautomator2.server on port 6790
06-13 14:28:22.198679 10159 10201 I alcb    : NGA disabled since it's running Panthera and at least one a11y feature is on.
06-13 14:28:22.199669 10159 10201 I alcb    : (REDACTED) Nga state changed to %s
06-13 14:28:22.200286 10159 10201 I alcb    : (REDACTED) isTngActive=%s
06-13 14:28:22.204388 10159 12719 I acld    : (REDACTED) Successfully received auth token for scope: %s in time %d ms
06-13 14:28:22.205051 13528 13556 W tomator2.server: Accessing hidden method Lsun/misc/VM;->maxDirectMemory()J (unsupported, reflection, allowed)
06-13 14:28:22.207093 16714 16778 I udu     : (REDACTED) Nga on-device enabled based on TNG:MA active state: %b
06-13 14:28:22.207571 16714 16778 I udu     : (REDACTED) Nga on-device enabled based on TNG:MA active state: %b
06-13 14:28:22.212744 13528 13556 D CompatibilityChangeReporter: Compat change id reported: 289878283; UID 10238; state: ENABLED
06-13 14:28:22.217191 13528 13556 W tomator2.server: Accessing hidden field Lsun/nio/ch/SelectorImpl;->selectedKeys:Ljava/util/Set; (unsupported, reflection, allowed)
06-13 14:28:22.217336 13528 13556 W tomator2.server: Accessing hidden field Lsun/nio/ch/SelectorImpl;->publicSelectedKeys:Ljava/util/Set; (unsupported, reflection, allowed)
06-13 14:28:22.227803 13528 13556 D TrafficStats: tagSocket(134) with statsTag=0xffffffff, statsUid=-1
06-13 14:28:22.235000 13528 13528 W Thread-5: type=1400 audit(0.0:17147): avc:  denied  { read } for  name="somaxconn" dev="proc" ino=3272176 scontext=u:r:untrusted_app:s0:c238,c256,c512,c768 tcontext=u:object_r:proc_net:s0 tclass=file permissive=0 app=io.appium.uiautomator2.server
06-13 14:28:22.251329  1570  6487 D SafetySourceDataValidat: No cert check requested for package com.google.android.permissioncontroller
06-13 14:28:22.451147 13528 13559 I appium  : channel read: GET /status
06-13 14:28:22.455115 13528 13559 I appium  : Status command
06-13 14:28:22.470314 13528 13559 I appium  : AppiumResponse: {"sessionId":"None","value":{"message":"UiAutomator2 Server is ready to accept commands","ready":true}}
06-13 14:28:22.485809 13528 13559 I appium  : channel read: POST /session
06-13 14:28:22.491655 13528 13559 I appium  : NewSession command
06-13 14:28:22.501871 13528 13559 W tomator2.server: Accessing hidden field Landroid/app/UiAutomation;->mOnAccessibilityEventListener:Landroid/app/UiAutomation$OnAccessibilityEventListener; (max-target-o, reflection, allowed)
06-13 14:28:22.507686 13528 13559 I appium  : Created the new session with id 10c47af8-d6c4-4782-be97-67446b3b52eb and capabilities {networkConnectionEnabled=true, noReset=false, warnings={}, databaseEnabled=false, deviceName=L2885900151, fullReset=false, platform=LINUX, deviceUDID=L2885900151, desired={platformName=Android, automationName=UiAutomator2, deviceName=L2885900151, noReset=false, fullReset=false, newCommandTimeout=300.0, udid=L2885900151}, newCommandTimeout=300.0, automationName=UiAutomator2, webStorageEnabled=false, locationContextEnabled=false, takesScreenshot=true, javascriptEnabled=true, platformName=Android, udid=L2885900151}
06-13 14:28:22.523077 13528 13559 I appium  : AppiumResponse: {"sessionId":"10c47af8-d6c4-4782-be97-67446b3b52eb","value":{"capabilities":{"firstMatch":[{"platformName":"Android","automationName":"UiAutomator2","deviceName":"L2885900151","noReset":false,"fullReset":false,"newCommandTimeout":300.0,"udid":"L2885900151","platform":"LINUX","webStorageEnabled":fals
06-13 14:28:22.576286 13528 13559 I appium  : channel read: GET /session/10c47af8-d6c4-4782-be97-67446b3b52eb/appium/device/pixel_ratio
06-13 14:28:22.579191 13528 13559 I appium  : GetDevicePixelRatio command
06-13 14:28:22.583169 13528 13559 I appium  : AppiumResponse: {"sessionId":"10c47af8-d6c4-4782-be97-67446b3b52eb","value":3.0}
06-13 14:28:22.587212 13528 13560 I appium  : channel read: GET /session/10c47af8-d6c4-4782-be97-67446b3b52eb/appium/device/system_bars
06-13 14:28:22.591192 13528 13560 I appium  : GetSystemBars command
06-13 14:28:22.595020 13528 13562 I appium  : channel read: GET /session/10c47af8-d6c4-4782-be97-67446b3b52eb/appium/device/info
06-13 14:28:22.595289 13528 13561 I appium  : channel read: GET /session/10c47af8-d6c4-4782-be97-67446b3b52eb/window/current/size
06-13 14:28:22.598841 13528 13561 I appium  : GetDeviceSize command
06-13 14:28:22.599259 13528 13561 I appium  : Get window size of the device
06-13 14:28:22.599616 13528 13562 I appium  : GetDeviceInfo command
06-13 14:28:22.600872 13528 13560 I appium  : AppiumResponse: {"sessionId":"10c47af8-d6c4-4782-be97-67446b3b52eb","value":{"statusBar":106}}
06-13 14:28:22.608875 13528 13561 I appium  : AppiumResponse: {"sessionId":"10c47af8-d6c4-4782-be97-67446b3b52eb","value":{"height":2460,"width":1080}}
06-13 14:28:22.613858 13528 13562 W tomator2.server: Accessing hidden field Landroid/net/NetworkCapabilities;->mSignalStrength:I (max-target-p, reflection, allowed)
06-13 14:28:22.613947 13528 13562 W tomator2.server: Accessing hidden field Landroid/net/NetworkCapabilities;->mSSID:Ljava/lang/String; (max-target-o, reflection, allowed)
06-13 14:28:22.628353 13528 13562 D CompatibilityChangeReporter: Compat change id reported: 263076149; UID 10238; state: ENABLED
06-13 14:28:22.645962 13528 13562 I appium  : AppiumResponse: {"sessionId":"10c47af8-d6c4-4782-be97-67446b3b52eb","value":{"androidId":"c80185d7e8c1d6da","apiVersion":"34","bluetooth":{"state":"OFF"},"brand":"GM","carrierName":"","displayDensity":480,"locale":"en_US","manufacturer":"General Mobile","model":"G318","networks":[{"capabilities":{"SSID":null,"linkD
06-13 14:28:23.781446 13528 13562 I appium  : channel read: POST /session/10c47af8-d6c4-4782-be97-67446b3b52eb/actions
06-13 14:28:23.786139 13528 13562 I appium  : W3CActions command
06-13 14:28:24.087308   863   863 I hwcomposer: [HWCDisplay] [Display_0 (type:1)] fps:1.563313,dur:1919.00,max:1876.23,min:18.35  
06-13 14:28:24.092249   875   979 I libPowerHal: [perfLockAcq] idx:0 hdl:6368 hint:25 pid:875 duration:10000 lock_user:mtkpower@1.0-se => ret_hdl:6368
06-13 14:28:24.092494   883  1426 D SurfaceFlinger: calculateTimeoutTime, triggerInterval = 4 sec + 999999923 nsec
06-13 14:28:24.092517   883  1426 D SurfaceFlinger: calculateTimeoutTime, triggerInterval = 4 sec + 999959923 nsec
06-13 14:28:24.092997   875   979 I libPowerHal: [PE] MTKPOWER_HINT_APP_TOUCH update cmd:3408600 param:1
06-13 14:28:24.098332   879   879 D Vibrator: Vibrator perform 1, 0
06-13 14:28:24.098421   879   879 I Vibrator: Vibrator on for timeoutMs: 70
06-13 14:28:24.098665   879   879 D Vibrator: Vibrator using LED trigger
06-13 14:28:24.100597 13528 13562 I appium  : [132463882 (success)] Synthesized: MotionEvent { action=ACTION_DOWN, actionButton=0, id[0]=0, x[0]=797.0, y[0]=2386.0, toolType[0]=TOOL_TYPE_FINGER, buttonState=0, classification=NONE, metaState=0, flags=0x0, edgeFlags=0x0, pointerCount=1, historySize=0, eventTime=132463882, downTime=132463879, deviceId=0, source=0x1002, displayId=0, eventId=-66674 }
06-13 14:28:24.101961 13528 13562 I appium  : The event has been delayed for 30ms
06-13 14:28:24.110659   863   863 I hwcomposer: [HWC] (0) displaySetActiveConfig config:1  
06-13 14:28:24.126444   883   883 D SurfaceFlinger: MtkOverrideDuration: update vsync 90
06-13 14:28:24.126511   883   883 E SurfaceFlinger: MtkDuration override mode is disabled
06-13 14:28:24.126522   883   883 D SurfaceFlinger: MtkOverrideDuration: reset override duration
06-13 14:28:24.126955   883   883 I BufferQueueProducer: [NavigationBar0#75](this:0xb400007001724628,id:-1,api:0,p:-1,c:883) queueBuffer: fps=3.11 dur=15456.18 max=14913.58 min=7.18
06-13 14:28:24.169533   879   879 D Vibrator: Vibrator off
06-13 14:28:24.169730   879   879 D Vibrator: Vibrator using LED trigger
06-13 14:28:24.173731   875   979 I libPowerHal: [perfLockRel] hdl:6368, idx:0
06-13 14:28:24.174225   875   979 I libPowerHal: [PD] MTKPOWER_HINT_APP_TOUCH update cmd:3408600 param:0
06-13 14:28:24.183160  2157  2157 I vol.VolumeDialogImpl: mDialog.dismiss() reason: volume_controller from: com.android.systemui.volume.VolumeDialogImpl$7.onDismissRequested:3
06-13 14:28:24.189374 13528 13562 I appium  : [132463980 (success)] Synthesized: MotionEvent { action=ACTION_UP, actionButton=0, id[0]=0, x[0]=797.0, y[0]=2386.0, toolType[0]=TOOL_TYPE_FINGER, buttonState=0, classification=NONE, metaState=0, flags=0x0, edgeFlags=0x0, pointerCount=1, historySize=0, eventTime=132463980, downTime=132463879, deviceId=0, source=0x1002, displayId=0, eventId=-238069584 }
06-13 14:28:24.190033  1570  1655 I mtkpower_client: perf_lock_acq, hdl:6318, dur:500, num:2, pid:1570, tid:1655
06-13 14:28:24.191418  1570  1655 I mtkpower_client: ret_hdl:6369
06-13 14:28:24.191715   875   979 I libPowerHal: [perfLockAcq] idx:0 hdl:6369 hint:-1 pid:1570 duration:500 lock_user:system_server => ret_hdl:6369
06-13 14:28:24.192005   875   979 I libPowerHal: system_server: cpu_ctrl set cpu freq: 1800000 -1 -1 -1
06-13 14:28:24.197807 13528 13562 I appium  : AppiumResponse: {"sessionId":"10c47af8-d6c4-4782-be97-67446b3b52eb","value":null}
06-13 14:28:24.205575   868   868 I Accelerometer: batch: handle:0, flag:0,samplingPeriodNs:66667000 maxBatchReportLatencyNs:80000000
06-13 14:28:24.206868   868   868 I Accelerometer: flush, flushCnt:1
06-13 14:28:24.207549   883   883 I BufferQueueProducer: [com.android.launcher3/com.android.searchlauncher.SearchLauncher#12553](this:0xb4000070017ebb88,id:-1,api:0,p:-1,c:883) queueBuffer: fps=2.40 dur=15413.12 max=14994.52 min=7.18
06-13 14:28:24.214535   868   932 I Accelerometer: flush complete, flushCnt:0
06-13 14:28:24.222411 13528 13562 I appium  : channel read: POST /session/10c47af8-d6c4-4782-be97-67446b3b52eb/actions
06-13 14:28:24.226396 13528 13562 I appium  : W3CActions command
06-13 14:28:24.236425   863   863 I hwcomposer: [DBQ] (q2:0xb400006df5607d00) Reallocate Slot(1), pool(0 -> 0) size(0 -> 10627200) secure(0 -> 0)  
06-13 14:28:24.238203   863   863 I hwcomposer: [DBQ] (q2:0xb400006df5607d00) Alloc Slot(1), handle=0xb400006fd560dff0 c=0 w=1080 h=2460 p=1088 ys=1088 vs=2460 f=2 sec=0 sh=0, usage=0x800  
06-13 14:28:24.239309   863  1414 D MDP     : DpAsyncBlit: in: job (296569 125) (1088, 2400, 4352, 0, C2s, P0), sec0, flush 0 Buffer 148284: plane=1 bufVA={0x7d,0x0,0x0} bufMVA={0x0,0x0,0x0} bufSize={0x9f6000,0x0,0x0} proxy={0xb400006ed56065b0,0x0,0x0}fence=44
06-13 14:28:24.239424   863  1414 D MDP     : DpAsyncBlit: out0: (1080, 2460, 4352, 0, C2s, P0), misc: (X:0, Y:0, R:0, F:0, S:0, A:0, D:0), sec0, flush 0 Buffer 148284: plane=1 bufVA={0x99,0x0,0x0} bufMVA={0x0,0x0,0x0} bufSize={0xa35c00,0x0,0x0} proxy={0xb400006ed560ce60,0x0,0x0}fence=-1
06-13 14:28:24.239440   863  1414 D MDP     : DpAsyncBlit: crop0: (39, 89, 976, 2222, 0, 0, 0, 0)
06-13 14:28:24.247713   863   863 I hwcomposer: [DBQ] (q2:0xb400006df5607d00) Reallocate Slot(2), pool(0 -> 0) size(0 -> 10627200) secure(0 -> 0)  
06-13 14:28:24.249303   863   863 I hwcomposer: [DBQ] (q2:0xb400006df5607d00) Alloc Slot(2), handle=0xb400006fd560b290 c=0 w=1080 h=2460 p=1088 ys=1088 vs=2460 f=2 sec=0 sh=0, usage=0x800  
06-13 14:28:24.250960   863  1414 D MDP     : Buffer 148284: plane=1 bufVA={0x7d,0x0,0x0} bufMVA={0x0,0x0,0x0} bufSize={0x9f6000,0x0,0x0} proxy={0xb400006ed56065b0,0x0,0x0}fence=44
06-13 14:28:24.250990   863  1414 D MDP     : Buffer 148285: plane=1 bufVA={0xa8,0x0,0x0} bufMVA={0x0,0x0,0x0} bufSize={0x9f6000,0x0,0x0} proxy={0xb400006ed560ca00,0x0,0x0}fence=166
06-13 14:28:24.251022   863  1414 D MDP     : DpAsyncBlit: in: job (296571 166) (1088, 2400, 4352, 0, C2s, P0), sec0, flush 0 
06-13 14:28:24.251054   863  1414 D MDP     : Buffer 148284: plane=1 bufVA={0x99,0x0,0x0} bufMVA={0x0,0x0,0x0} bufSize={0xa35c00,0x0,0x0} proxy={0xb400006ed560ce60,0x0,0x0}fence=-1
06-13 14:28:24.251067   863  1414 D MDP     : Buffer 148285: plane=1 bufVA={0xae,0x0,0x0} bufMVA={0x0,0x0,0x0} bufSize={0xa35c00,0x0,0x0} proxy={0xb400006ed560cf50,0x0,0x0}fence=-1
06-13 14:28:24.251079   863  1414 D MDP     : DpAsyncBlit: out0: (1080, 2460, 4352, 0, C2s, P0), misc: (X:0, Y:0, R:0, F:0, S:0, A:0, D:0), sec0, flush 0 
06-13 14:28:24.251088   863  1414 D MDP     : DpAsyncBlit: crop0: (32, 73, 990, 2254, 0, 0, 0, 0)
06-13 14:28:24.261821   863  1414 D MDP     : DpAsyncBlit: in: job (296573 125) (1088, 2400, 4352, 0, C2s, P0), sec0, flush 0 Buffer 148286: plane=1 bufVA={0x81,0x0,0x0} bufMVA={0x0,0x0,0x0} bufSize={0x9f6000,0x0,0x0} proxy={0xb400006ed560cf50,0x0,0x0}fence=125
06-13 14:28:24.261932   863  1414 D MDP     : DpAsyncBlit: out0: (1080, 2460, 4352, 0, C2s, P0), misc: (X:0, Y:0, R:0, F:0, S:0, A:0, D:0), sec0, flush 0 Buffer 148286: plane=1 bufVA={0x7b,0x0,0x0} bufMVA={0x0,0x0,0x0} bufSize={0xa35c00,0x0,0x0} proxy={0xb400006ed56065b0,0x0,0x0}fence=167
06-13 14:28:24.261946   863  1414 D MDP     : DpAsyncBlit: crop0: (25, 58, 1003, 2284, 0, 0, 0, 0)
06-13 14:28:24.274023   863  1414 D MDP     : DpAsyncBlit: in: job (296575 121) (1088, 2400, 4352, 0, C2s, P0), sec0, flush 0 Buffer 148287: plane=1 bufVA={0x7d,0x0,0x0} bufMVA={0x0,0x0,0x0} bufSize={0x9f6000,0x0,0x0} proxy={0xb400006ed56065b0,0x0,0x0}fence=121
06-13 14:28:24.274218   863  1414 D MDP     : DpAsyncBlit: out0: (1080, 2460, 4352, 0, C2s, P0), misc: (X:0, Y:0, R:0, F:0, S:0, A:0, D:0), sec0, flush 0 Buffer 148287: plane=1 bufVA={0x99,0x0,0x0} bufMVA={0x0,0x0,0x0} bufSize={0xa35c00,0x0,0x0} proxy={0xb400006ed560d0e0,0x0,0x0}fence=167
06-13 14:28:24.274237   863  1414 D MDP     : DpAsyncBlit: crop0: (19, 44, 1015, 2313, 0, 0, 0, 0)
06-13 14:28:24.285850   863  1414 D MDP     : DpAsyncBlit: in: job (296577 121) (1088, 2400, 4352, 0, C2s, P0), sec0, flush 0 Buffer 148288: plane=1 bufVA={0x81,0x0,0x0} bufMVA={0x0,0x0,0x0} bufSize={0x9f6000,0x0,0x0} proxy={0xb400006ed560d0e0,0x0,0x0}fence=121
06-13 14:28:24.285962   863  1414 D MDP     : DpAsyncBlit: out0: (1080, 2460, 4352, 0, C2s, P0), misc: (X:0, Y:0, R:0, F:0, S:0, A:0, D:0), sec0, flush 0 Buffer 148288: plane=1 bufVA={0xae,0x0,0x0} bufMVA={0x0,0x0,0x0} bufSize={0xa35c00,0x0,0x0} proxy={0xb400006ed560c910,0x0,0x0}fence=136
06-13 14:28:24.285994   863  1414 D MDP     : DpAsyncBlit: crop0: (14, 33, 1025, 2335, 0, 0, 0, 0)
06-13 14:28:24.295957   863  1414 D MDP     : DpAsyncBlit: in: job (296579 121) (1088, 2400, 4352, 0, C2s, P0), sec0, flush 0 Buffer 148289: plane=1 bufVA={0x7d,0x0,0x0} bufMVA={0x0,0x0,0x0} bufSize={0x9f6000,0x0,0x0} proxy={0xb400006ed560c910,0x0,0x0}fence=121
06-13 14:28:24.296070   863  1414 D MDP     : DpAsyncBlit: out0: (1080, 2460, 4352, 0, C2s, P0), misc: (X:0, Y:0, R:0, F:0, S:0, A:0, D:0), sec0, flush 0 Buffer 148289: plane=1 bufVA={0x7b,0x0,0x0} bufMVA={0x0,0x0,0x0} bufSize={0xa35c00,0x0,0x0} proxy={0xb400006ed560ca00,0x0,0x0}fence=168
06-13 14:28:24.296099   863  1414 D MDP     : DpAsyncBlit: crop0: (11, 24, 1033, 2353, 0, 0, 0, 0)
06-13 14:28:24.307679   863  1414 D MDP     : DpAsyncBlit: in: job (296581 121) (1088, 2400, 4352, 0, C2s, P0), sec0, flush 0 Buffer 148290: plane=1 bufVA={0x81,0x0,0x0} bufMVA={0x0,0x0,0x0} bufSize={0x9f6000,0x0,0x0} proxy={0xb400006ed560ca00,0x0,0x0}fence=121
06-13 14:28:24.307796   863  1414 D MDP     : DpAsyncBlit: out0: (1080, 2460, 4352, 0, C2s, P0), misc: (X:0, Y:0, R:0, F:0, S:0, A:0, D:0), sec0, flush 0 Buffer 148290: plane=1 bufVA={0x99,0x0,0x0} bufMVA={0x0,0x0,0x0} bufSize={0xa35c00,0x0,0x0} proxy={0xb400006ed560cf50,0x0,0x0}fence=168
06-13 14:28:24.307812   863  1414 D MDP     : DpAsyncBlit: crop0: (7, 15, 1040, 2370, 0, 0, 0, 0)
06-13 14:28:24.318184   863  1414 D MDP     : DpAsyncBlit: in: job (296583 136) (1088, 2400, 4352, 0, C2s, P0), sec0, flush 0 Buffer 148291: plane=1 bufVA={0x89,0x0,0x0} bufMVA={0x0,0x0,0x0} bufSize={0x9f6000,0x0,0x0} proxy={0xb400006ed560cf50,0x0,0x0}fence=136
06-13 14:28:24.318337   863  1414 D MDP     : DpAsyncBlit: out0: (1080, 2460, 4352, 0, C2s, P0), misc: (X:0, Y:0, R:0, F:0, S:0, A:0, D:0), sec0, flush 0 Buffer 148291: plane=1 bufVA={0xae,0x0,0x0} bufMVA={0x0,0x0,0x0} bufSize={0xa35c00,0x0,0x0} proxy={0xb400006ed56065b0,0x0,0x0}fence=162
06-13 14:28:24.318354   863  1414 D MDP     : DpAsyncBlit: crop0: (4, 9, 1046, 2382, 0, 0, 0, 0)
06-13 14:28:24.330057   863  1414 D MDP     : DpAsyncBlit: in: job (296585 121) (1088, 2400, 4352, 0, C2s, P0), sec0, flush 0 Buffer 148292: plane=1 bufVA={0x81,0x0,0x0} bufMVA={0x0,0x0,0x0} bufSize={0x9f6000,0x0,0x0} proxy={0xb400006ed56065b0,0x0,0x0}fence=121
06-13 14:28:24.330177   863  1414 D MDP     : DpAsyncBlit: out0: (1080, 2460, 4352, 0, C2s, P0), misc: (X:0, Y:0, R:0, F:0, S:0, A:0, D:0), sec0, flush 0 Buffer 148292: plane=1 bufVA={0x7b,0x0,0x0} bufMVA={0x0,0x0,0x0} bufSize={0xa35c00,0x0,0x0} proxy={0xb400006ed560d0e0,0x0,0x0}fence=164
06-13 14:28:24.330190   863  1414 D MDP     : DpAsyncBlit: crop0: (2, 4, 1050, 2392, 0, 0, 0, 0)
06-13 14:28:24.336387   883   883 I BufferQueueProducer: [StatusBar#79](this:0xb400007001738518,id:-1,api:0,p:-1,c:883) queueBuffer: fps=0.22 dur=4503.01 max=4503.01 min=4503.01
06-13 14:28:24.341910   863  1414 D MDP     : DpAsyncBlit: in: job (296587 121) (1088, 2400, 4352, 0, C2s, P0), sec0, flush 0 Buffer 148293: plane=1 bufVA={0x7d,0x0,0x0} bufMVA={0x0,0x0,0x0} bufSize={0x9f6000,0x0,0x0} proxy={0xb400006ed560d0e0,0x0,0x0}fence=121
06-13 14:28:24.342031   863  1414 D MDP     : DpAsyncBlit: out0: (1080, 2460, 4352, 0, C2s, P0), misc: (X:0, Y:0, R:0, F:0, S:0, A:0, D:0), sec0, flush 0 Buffer 148293: plane=1 bufVA={0x99,0x0,0x0} bufMVA={0x0,0x0,0x0} bufSize={0xa35c00,0x0,0x0} proxy={0xb400006ed560c910,0x0,0x0}fence=168
06-13 14:28:24.342045   863  1414 D MDP     : DpAsyncBlit: crop0: (0, 0, 1054, 2400, 0, 0, 0, 0)
06-13 14:28:24.360063  1095  1224 D AAL     : 06-13 02:28:24.271 BL= 740,ESS= 256, 06-13 02:28:24.293 BL= 741,ESS= 256, 06-13 02:28:24.349 BL= 742,ESS= 256, 
06-13 14:28:24.393861  1095  1224 D AAL     : 06-13 02:28:24.360 BL= 743,ESS= 256, 
06-13 14:28:24.527061   875   979 I libPowerHal: [perfLockAcq] idx:1 hdl:6370 hint:25 pid:875 duration:10000 lock_user:mtkpower@1.0-se => ret_hdl:6370
06-13 14:28:24.527198   875   979 I libPowerHal: [PE] MTKPOWER_HINT_APP_TOUCH update cmd:3408600 param:1
06-13 14:28:24.531761 13528 13562 I appium  : [132464330 (success)] Synthesized: MotionEvent { action=ACTION_DOWN, actionButton=0, id[0]=0, x[0]=552.0, y[0]=1981.0, toolType[0]=TOOL_TYPE_FINGER, buttonState=0, classification=NONE, metaState=0, flags=0x0, edgeFlags=0x0, pointerCount=1, historySize=0, eventTime=132464330, downTime=132464329, deviceId=0, source=0x1002, displayId=0, eventId=-724528369 }
06-13 14:28:24.622480   875   979 I libPowerHal: [perfLockRel] hdl:6370, idx:1
06-13 14:28:24.622848   875   979 I libPowerHal: [PD] MTKPOWER_HINT_APP_TOUCH update cmd:3408600 param:0
06-13 14:28:24.631120 13528 13562 I appium  : [132464430 (success)] Synthesized: MotionEvent { action=ACTION_UP, actionButton=0, id[0]=0, x[0]=552.0, y[0]=1981.0, toolType[0]=TOOL_TYPE_FINGER, buttonState=0, classification=NONE, metaState=0, flags=0x0, edgeFlags=0x0, pointerCount=1, historySize=0, eventTime=132464430, downTime=132464329, deviceId=0, source=0x1002, displayId=0, eventId=-400777450 }
06-13 14:28:24.644392 13528 13562 I appium  : AppiumResponse: {"sessionId":"10c47af8-d6c4-4782-be97-67446b3b52eb","value":null}
06-13 14:28:24.670479 13528 13562 I appium  : channel read: POST /session/10c47af8-d6c4-4782-be97-67446b3b52eb/actions
06-13 14:28:24.674215 13528 13562 I appium  : W3CActions command
06-13 14:28:24.693192   875   979 I mtkpower@impl: [powerd_req] TIMER_MSG_PERF_LOCK_TIMEOUT hdl:6369
06-13 14:28:24.693289   875   979 I libPowerHal: [perfLockRel] hdl:6369, idx:0
06-13 14:28:24.693618   875   979 I libPowerHal: system_server: cpu_ctrl set cpu freq: -1 -1 -1 -1
06-13 14:28:24.879630  1095  1224 D AAL     : 06-13 02:28:24.766 BL= 742,ESS= 256, 06-13 02:28:24.777 BL= 741,ESS= 256, 06-13 02:28:24.789 BL= 742,ESS= 256, 06-13 02:28:24.823 BL= 743,ESS= 256, 06-13 02:28:24.879 BL= 744,ESS= 256, 
06-13 14:28:24.936987  1570  1655 I PowerHalWrapper: amsBoostNotify pid:8646,activity:com.google.android.dialer.extensions.GoogleDialtactsActivity, package:com.google.android.dialer, mProcessCreatePackcom.mediatek.engineermode 
06-13 14:28:24.937177  1570  1655 I PowerHalWrapper: state: 0 
06-13 14:28:24.937975  1570  1655 I mtkpower_client: [Legacy][PowerHal_Wrap_notifyAppState] com.google.android.dialer/com.google.android.dialer.extensions.GoogleDialtactsActivity pid=8646 state:0
06-13 14:28:24.938620   875   979 I libPowerHal: [perfNotifyAppState] pack:com.google.android.dialer, act:com.google.android.dialer.extensions.GoogleDialtactsActivity, state:0, pid:8646, uid:10118, fps:-1
06-13 14:28:24.939244  1570  1655 I PowerHalWrapper: amsBoostNotify AMS_BOOST_PROCESS_CREATE_BOOST:false 
06-13 14:28:24.943575  1570  1655 I PowerHalWrapper: amsBoostNotify pid:12943,activity:com.mediatek.engineermode.EngineerMode, package:com.mediatek.engineermode, mProcessCreatePackcom.mediatek.engineermode 
06-13 14:28:24.943669  1570  1655 I PowerHalWrapper: state: 0 
06-13 14:28:24.944765  1570  1655 I mtkpower_client: [Legacy][PowerHal_Wrap_notifyAppState] com.mediatek.engineermode/com.mediatek.engineermode.EngineerMode pid=12943 state:0
06-13 14:28:24.945467   875   979 I libPowerHal: [perfNotifyAppState] pack:com.mediatek.engineermode, act:com.mediatek.engineermode.EngineerMode, state:0, pid:12943, uid:10181, fps:-1
06-13 14:28:24.947251  1570  1655 I PowerHalWrapper: amsBoostNotify AMS_BOOST_PROCESS_CREATE_BOOST:false 
06-13 14:28:24.947321  8646  8646 I DialerSupportUiListener: com.android.dialer.common.concurrent.SupportUiListener.onDetach:154 onDetach
06-13 14:28:24.948678  8646  8646 I DialerSupportUiListener: com.android.dialer.common.concurrent.SupportUiListener.onDetach:154 onDetach
06-13 14:28:24.951675  1570  1655 I PowerHalWrapper: amsBoostNotify pid:19614,activity:com.debug.loggerui.MainActivity, package:com.debug.loggerui, mProcessCreatePackcom.mediatek.engineermode 
06-13 14:28:24.952248  1570  1655 I PowerHalWrapper: state: 0 
06-13 14:28:24.953396  1570  1655 I mtkpower_client: [Legacy][PowerHal_Wrap_notifyAppState] com.debug.loggerui/com.debug.loggerui.MainActivity pid=19614 state:0
06-13 14:28:24.953895  1570  3313 I mtkpower_client: perf_lock_acq, hdl:6369, dur:500, num:2, pid:1570, tid:3313
06-13 14:28:24.954494   875   979 I libPowerHal: [perfNotifyAppState] pack:com.debug.loggerui, act:com.debug.loggerui.MainActivity, state:0, pid:19614, uid:10182, fps:-1
06-13 14:28:24.955666  1570  1655 I PowerHalWrapper: amsBoostNotify AMS_BOOST_PROCESS_CREATE_BOOST:false 
06-13 14:28:24.956143  1570  3313 I mtkpower_client: ret_hdl:6371
06-13 14:28:24.956320  8646  8646 I DialerSearchFragment: com.android.dialer.searchfragment.list.SearchFragment.onLoaderReset:493 Loader reset: peb{585308f id=2}
06-13 14:28:24.956872   875   979 I libPowerHal: [perfLockAcq] idx:0 hdl:6371 hint:-1 pid:1570 duration:500 lock_user:system_server => ret_hdl:6371
06-13 14:28:24.957374   875   979 I libPowerHal: system_server: cpu_ctrl set cpu freq: 1800000 -1 -1 -1
06-13 14:28:24.958175 19614 19614 I DebugLoggerUI/MainActivity: onDestroy
06-13 14:28:24.958263 19614 19614 I DebugLoggerUI/MainActivity: -->dismissTagProgressDialog()
06-13 14:28:24.958551 19614 19614 W WindowOnBackDispatcher: sendCancelIfRunning: isInProgress=falsecallback=android.view.ViewRootImpl$$ExternalSyntheticLambda19@ea2150d
06-13 14:28:24.960960   868   868 I Accelerometer: batch: handle:0, flag:0,samplingPeriodNs:66667000 maxBatchReportLatencyNs:100000000
06-13 14:28:24.963598  8646  8646 I DialerSearchFragment: com.android.dialer.searchfragment.list.SearchFragment.onLoaderReset:493 Loader reset: pdy{e84c793 id=3}
06-13 14:28:24.964102  8646  8646 I DialerSearchFragment: com.android.dialer.searchfragment.list.SearchFragment.onLoaderReset:493 Loader reset: pdc{e63e941 id=4}
06-13 14:28:24.965037  8646  8646 I DialerSupportUiListener: com.android.dialer.common.concurrent.SupportUiListener.onDetach:154 onDetach
06-13 14:28:24.965230 12943 12943 W WindowOnBackDispatcher: sendCancelIfRunning: isInProgress=falsecallback=android.view.ViewRootImpl$$ExternalSyntheticLambda19@5c01823
06-13 14:28:24.966745 19614 19639 I GED     : ged_boost_gpu_freq, level 100, eOrigin 2, final_idx 31, oppidx_max 31, oppidx_min 0
06-13 14:28:24.966891  8646  8646 I DialerSupportUiListener: com.android.dialer.common.concurrent.SupportUiListener.onDetach:154 onDetach
06-13 14:28:24.967435  8646  8646 I DialerSupportUiListener: com.android.dialer.common.concurrent.SupportUiListener.onDetach:154 onDetach
06-13 14:28:24.968548 19614 19614 D View    : [Warning] assignParent to null: this = DecorView@7520237[MainActivity]
06-13 14:28:24.968570  8646  8646 I DialerSupportUiListener: com.android.dialer.common.concurrent.SupportUiListener.onDetach:154 onDetach
06-13 14:28:24.969645  8646  8646 I DialerSupportUiListener: com.android.dialer.common.concurrent.SupportUiListener.onDetach:154 onDetach
06-13 14:28:24.969693  1570  3313 W InputManager-JNI: Input channel object '40bcfff com.debug.loggerui/com.debug.loggerui.MainActivity (client)' was disposed without first being removed with the input manager!
06-13 14:28:24.970251  8646  8646 I DialerSupportUiListener: com.android.dialer.common.concurrent.SupportUiListener.onDetach:154 onDetach
06-13 14:28:24.970945 12943 12968 I GED     : ged_boost_gpu_freq, level 100, eOrigin 2, final_idx 31, oppidx_max 31, oppidx_min 0
06-13 14:28:24.971651 12943 12943 D View    : [Warning] assignParent to null: this = DecorView@cd66ddd[EngineerMode]
