06-13 14:26:50.555160 29541 13222 I TFLite-in-PlayServices: Created interpreter.
06-13 14:26:50.555988 13274 13274 I MobileLogD: connsys ftrace buffer initializing...
06-13 14:26:50.573503  1095  1224 D AAL     : 06-13 02:26:50.528 BL= 715,ESS= 256, 06-13 02:26:50.539 BL= 714,ESS= 256, 06-13 02:26:50.550 BL= 713,ESS= 256, 06-13 02:26:50.562 BL= 712,ESS= 256, 06-13 02:26:50.573 BL= 711,ESS= 256, 
06-13 14:26:50.576456  1061 13258 E MobileLogD: Fail to open /data/misc/mblog/bootup_file_tree, No such file or directory(2)
06-13 14:26:50.576903  1061 13258 I MobileLogD: dump /data/misc/mblog/mblog_history
06-13 14:26:50.583437 29541 13222 I TFLite-in-PlayServices: Created interpreter.
06-13 14:26:50.600923 29541 13222 I SemanticLocation: (REDACTED) [Inferrer] %s%s
06-13 14:26:50.599000 13275 13275 W sh      : type=1400 audit(0.0:17067): avc:  denied  { dac_override } for  capability=1  scontext=u:r:mobile_log_d:s0 tcontext=u:r:mobile_log_d:s0 tclass=capability permissive=0
06-13 14:26:50.629916  1095  1224 D AAL     : 06-13 02:26:50.584 BL= 710,ESS= 256, 06-13 02:26:50.596 BL= 709,ESS= 256, 06-13 02:26:50.607 BL= 708,ESS= 256, 06-13 02:26:50.618 BL= 707,ESS= 256, 06-13 02:26:50.629 BL= 706,ESS= 256, 
06-13 14:26:50.651177 13274 13274 I MobileLogD: connsys ftrace buffer initialize done
06-13 14:26:50.678826  1061 13258 I MobileLogD: dump /proc/pl_lk
06-13 14:26:50.697603  1095  1224 D AAL     : 06-13 02:26:50.641 BL= 705,ESS= 256, 06-13 02:26:50.663 BL= 704,ESS= 256, 06-13 02:26:50.674 BL= 703,ESS= 256, 06-13 02:26:50.686 BL= 702,ESS= 256, 06-13 02:26:50.697 BL= 701,ESS= 256, 
06-13 14:26:50.754505  1095  1224 D AAL     : 06-13 02:26:50.708 BL= 700,ESS= 256, 06-13 02:26:50.720 BL= 699,ESS= 256, 06-13 02:26:50.731 BL= 698,ESS= 256, 06-13 02:26:50.742 BL= 697,ESS= 256, 06-13 02:26:50.754 BL= 696,ESS= 256, 
06-13 14:26:50.780256  1061 13258 I MobileLogD: dump /proc/bootprof
06-13 14:26:50.810424  1095  1224 D AAL     : 06-13 02:26:50.765 BL= 695,ESS= 256, 06-13 02:26:50.776 BL= 694,ESS= 256, 06-13 02:26:50.788 BL= 693,ESS= 256, 06-13 02:26:50.799 BL= 692,ESS= 256, 
06-13 14:26:50.889089  1061 13258 I MobileLogD: dump sys property
06-13 14:26:50.889411  1061 13258 I MobileLogD: copydump over
06-13 14:26:50.907514 12691 12735 I appium  : AppiumResponse: {"sessionId":"6238eca7-8dc6-4fda-91be-edd276467878","value":null}
06-13 14:26:50.978469 12691 12735 I appium  : channel read: DELETE /session/6238eca7-8dc6-4fda-91be-edd276467878
06-13 14:26:50.988190 12691 12735 I appium  : DeleteSession command
06-13 14:26:50.994829 12691 12735 I appium  : Stopping uiautomator2 io.appium.uiautomator2.http io.appium.uiautomator2.server
06-13 14:26:51.001579 12691 12735 I appium  : AppiumResponse: {"sessionId":"6238eca7-8dc6-4fda-91be-edd276467878","value":null}
06-13 14:26:51.037245  1061  1103 I mobile_log_d: prepare_logging open log files
06-13 14:26:51.044856  1061  1103 I mobile_log_d: prepare_logging start read and write threads
06-13 14:26:51.045871  1061 13291 I mobile_log_d: read thread 13291
06-13 14:26:51.046060  1061 13292 I mobile_log_d: k_read_thread 13292(489400827056)
06-13 14:26:51.046704  1061 13294 I mobile_log_d: write thread 13294
06-13 14:26:51.048411  1061 13293 I mobile_log_d: a_read_thread begin
06-13 14:26:51.048698  1061  1103 I MobileLogD: init debug
06-13 14:26:51.050367  1061  1103 I MobileLogD: old aee version, use aee
06-13 14:26:51.088810   883   883 I BufferQueueDebug: [WindowToken{908a470 type=2032 android.os.Binder@c356b3}#12282](this:0xb4000070017c3da8,id:-1,api:0,p:-1,c:883) onDestructor()
06-13 14:26:51.089697 13297 13297 W libc    : Access denied finding property "persist.vendor.aee.log.status"
06-13 14:26:51.089807 13297 13297 I AEE_AED : Built  commit b69cce00d4f9c3ebeb3e4e09a3f84ede21f90373
06-13 14:26:51.090018 13297 13297 W libc    : Access denied finding property "persist.vendor.aee.log.status"
06-13 14:26:51.090036 13297 13297 E AEE_AED : open boot mode file fail! (13, Permission denied)
06-13 14:26:51.090151 13297 13297 W libc    : Access denied finding property "persist.vendor.aee.log.status"
06-13 14:26:51.090176 13297 13297 D AEE_AED : Rtt command(type:0, string:3 arg0:1061)
06-13 14:26:51.090273 13297 13297 W libc    : Access denied finding property "persist.vendor.aee.log.status"
06-13 14:26:51.090287 13297 13297 D AEE_AED : aee:rttdRtt waiting daemon finish the job...
06-13 14:26:51.087000 13297 13297 W aee     : type=1400 audit(0.0:17068): avc:  denied  { read } for  name="u:object_r:system_mtk_persist_aee_prop:s0" dev="tmpfs" ino=10352 scontext=u:r:mobile_log_d:s0 tcontext=u:object_r:system_mtk_persist_aee_prop:s0 tclass=file permissive=0
06-13 14:26:51.092758   615   615 D AEE_AED : p 0 poll events 1 revents 1
06-13 14:26:51.087000 13297 13297 W aee     : type=1400 audit(0.0:17069): avc:  denied  { read } for  name="u:object_r:system_mtk_persist_aee_prop:s0" dev="tmpfs" ino=10352 scontext=u:r:mobile_log_d:s0 tcontext=u:object_r:system_mtk_persist_aee_prop:s0 tclass=file permissive=0
06-13 14:26:51.087000 13297 13297 W aee     : type=1400 audit(0.0:17070): avc:  denied  { read } for  name="u:object_r:system_mtk_persist_aee_prop:s0" dev="tmpfs" ino=10352 scontext=u:r:mobile_log_d:s0 tcontext=u:object_r:system_mtk_persist_aee_prop:s0 tclass=file permissive=0
06-13 14:26:51.087000 13297 13297 W aee     : type=1400 audit(0.0:17071): avc:  denied  { read } for  name="u:object_r:system_mtk_persist_aee_prop:s0" dev="tmpfs" ino=10352 scontext=u:r:mobile_log_d:s0 tcontext=u:object_r:system_mtk_persist_aee_prop:s0 tclass=file permissive=0
06-13 14:26:51.095907   615   615 I AEE_AED : aed_dynamic_security_check: dynamic security check option is enabled by full dump dconfig
06-13 14:26:51.096158   615   615 E AEE_AED : str2 is not match!
06-13 14:26:51.096217   615   615 E AEE_AED : str2 is not match!
06-13 14:26:51.096254   615   615 E AEE_AED : str2 is not match!
06-13 14:26:51.096301   615   615 E AEE_AED : str1 is not match!
06-13 14:26:51.096365   615   615 E AEE_AED : str1 is not match!
06-13 14:26:51.096400   615   615 E AEE_AED : str1 is not match!
06-13 14:26:51.096435   615   615 D AEE_AED : rttd_handle_request: client check failed!
06-13 14:26:51.096732 13297 13297 W libc    : Access denied finding property "persist.vendor.aee.log.status"
06-13 14:26:51.096949 13297 13297 E AEE_AED : Rtt command read socket fail: Permission denied
06-13 14:26:51.091000 13297 13297 W aee     : type=1400 audit(0.0:17072): avc:  denied  { read } for  name="u:object_r:system_mtk_persist_aee_prop:s0" dev="tmpfs" ino=10352 scontext=u:r:mobile_log_d:s0 tcontext=u:object_r:system_mtk_persist_aee_prop:s0 tclass=file permissive=0
06-13 14:26:51.097376 13297 13297 W libc    : Access denied finding property "persist.vendor.aee.log.status"
06-13 14:26:51.097406 13297 13297 D AEE_AED : aee:rttd_64Rtt waiting 64_daemon finish the job...
06-13 14:26:51.095000 13297 13297 W aee     : type=1400 audit(0.0:17073): avc:  denied  { read } for  name="u:object_r:system_mtk_persist_aee_prop:s0" dev="tmpfs" ino=10352 scontext=u:r:mobile_log_d:s0 tcontext=u:object_r:system_mtk_persist_aee_prop:s0 tclass=file permissive=0
06-13 14:26:51.097916   616   616 D AEE_AED : $===AEE===AEE===AEE===$
06-13 14:26:51.097961   616   616 D AEE_AED : p 0 poll events 1 revents 1
06-13 14:26:51.098123   616   616 I AEE_AED : aed_dynamic_security_check: dynamic security check option is enabled by full dump dconfig
06-13 14:26:51.098221   616   616 E AEE_AED : str2 is not match!
06-13 14:26:51.098286   616   616 E AEE_AED : str2 is not match!
06-13 14:26:51.098344   616   616 E AEE_AED : str2 is not match!
06-13 14:26:51.098395   616   616 E AEE_AED : str1 is not match!
06-13 14:26:51.098451   616   616 E AEE_AED : str1 is not match!
06-13 14:26:51.098486   616   616 E AEE_AED : str1 is not match!
06-13 14:26:51.098514   616   616 D AEE_AED : rttd_handle_request: client check failed!
06-13 14:26:51.098692 13297 13297 W libc    : Access denied finding property "persist.vendor.aee.log.status"
06-13 14:26:51.098732 13297 13297 E AEE_AED : Rtt command read 64_socket fail: Permission denied
06-13 14:26:51.098784 13297 13297 W libc    : Access denied finding property "persist.vendor.aee.log.status"
06-13 14:26:51.098793 13297 13297 D AEE_AED : switch AEE mode fail
06-13 14:26:51.099492   883   883 I BufferQueueProducer: [Starting logs#12461](this:0xb400007001765e18,id:-1,api:0,p:-1,c:883) queueBuffer: fps=86.69 dur=1003.60 max=16.80 min=6.81
06-13 14:26:51.103977  1061  1103 I mobile_log_d: prepare_logging successfully
06-13 14:26:51.105507  1061  1103 D MobileLogD: write deep_start,1 to client 5 
06-13 14:26:51.105604  1061  1103 D MobileLogD: write to client over
06-13 14:26:51.106316 19614 19658 I LogHandler/AbstractLogConnection: setResponseFromServer() mServerName = mobilelogd serverData = deep_start,1
06-13 14:26:51.108616 10159 10201 I alcb    : NGA enabled in interactor.
06-13 14:26:51.108955 10159 10201 I alcb    : (REDACTED) Nga state changed to %s
06-13 14:26:51.109393 10159 10201 I alcb    : (REDACTED) isTngActive=%s
06-13 14:26:51.113260 10159 12719 I acld    : (REDACTED) Successfully received auth token for scope: %s in time %d ms
06-13 14:26:51.114003 16714 16781 I tqs     : Initializing all components
06-13 14:26:51.114772 16714 16775 I xpy     : (REDACTED) onIsEnabledChanged, isEnabled: %s
06-13 14:26:51.114995 16714 16778 I udu     : (REDACTED) Nga on-device enabled based on TNG:MA active state: %b
06-13 14:26:51.115450 16714 16775 W zuf     : Disposing empty manager. Did you forgot to subscribe observables?
06-13 14:26:51.115618 16714 16777 I udu     : (REDACTED) Nga on-device enabled based on TNG:MA active state: %b
06-13 14:26:51.115727 16714 16775 W zuf     : Disposing empty manager. Did you forgot to subscribe observables?
06-13 14:26:51.116095 16714 16775 W zuf     : Disposing empty manager. Did you forgot to subscribe observables?
06-13 14:26:51.116335 16714 16775 W zuf     : Disposing empty manager. Did you forgot to subscribe observables?
06-13 14:26:51.116421 16714 16775 W zuf     : Disposing empty manager. Did you forgot to subscribe observables?
06-13 14:26:51.116532 16714 16775 W zuf     : Disposing empty manager. Did you forgot to subscribe observables?
06-13 14:26:51.116589 16714 16775 W zuf     : Disposing empty manager. Did you forgot to subscribe observables?
06-13 14:26:51.116654 16714 16775 W zuf     : Disposing empty manager. Did you forgot to subscribe observables?
06-13 14:26:51.116719 16714 16775 W zuf     : Disposing empty manager. Did you forgot to subscribe observables?
06-13 14:26:51.116769 16714 16775 W zuf     : Disposing empty manager. Did you forgot to subscribe observables?
06-13 14:26:51.116819 16714 16776 I wef     : (REDACTED) State changed: %s => %s by %s and %s with %s
06-13 14:26:51.117331 16714 16775 W zuf     : Disposing empty manager. Did you forgot to subscribe observables?
06-13 14:26:51.117595 16714 16776 I wkc     : (REDACTED) Recognizer choice: (recognizer_type: %s, recognizer_mode: %s, choice_reason: %s)
06-13 14:26:51.117910 16714 16775 I yei     : (REDACTED) Setting session to type: %s
06-13 14:26:51.119221 16714 16776 I yat     : (REDACTED) onActiveStateChangeEvent: %s => %s
06-13 14:26:51.119692 16714 16776 I vzz     : (REDACTED) #onActiveStateChangeEvent, newState: %s, previousState: %s.
06-13 14:26:51.122123 16714 16779 I xix     : (REDACTED) stopListening(%s, %s)
06-13 14:26:51.123459 16714 16778 I zgu     : Ignoring as prefetch was recently called
06-13 14:26:51.128049 16714 16775 W zuf     : Disposing empty manager. Did you forgot to subscribe observables?
06-13 14:26:51.128246 16714 16775 W zuf     : Disposing empty manager. Did you forgot to subscribe observables?
06-13 14:26:51.128464 16714 16775 W zuf     : Disposing empty manager. Did you forgot to subscribe observables?
06-13 14:26:51.128607 16714 16775 W zuf     : Disposing empty manager. Did you forgot to subscribe observables?
06-13 14:26:51.128688 16714 16775 W zuf     : Disposing empty manager. Did you forgot to subscribe observables?
06-13 14:26:51.128812 16714 16775 W zuf     : Disposing empty manager. Did you forgot to subscribe observables?
06-13 14:26:51.128950 16714 16775 I yfu     : (REDACTED) setNavBarVisible: %s
06-13 14:26:51.130038 16714 16775 W zuf     : Disposing empty manager. Did you forgot to subscribe observables?
06-13 14:26:51.130172 16714 16775 W zuf     : Disposing empty manager. Did you forgot to subscribe observables?
06-13 14:26:51.130269 16714 16775 W zuf     : Disposing empty manager. Did you forgot to subscribe observables?
06-13 14:26:51.130336 16714 16775 W zuf     : Disposing empty manager. Did you forgot to subscribe observables?
06-13 14:26:51.130420 16714 16775 W zuf     : Disposing empty manager. Did you forgot to subscribe observables?
06-13 14:26:51.130500 16714 16775 W zuf     : Disposing empty manager. Did you forgot to subscribe observables?
06-13 14:26:51.131421 16714 16777 I ubf     : Initialize
06-13 14:26:51.134698 16714 16777 I ekxl    : showGestureNav
06-13 14:26:51.135190 16714 16778 I unf     : (REDACTED) on opa visibility changed %s
06-13 14:26:51.137374 16714 16777 I ekxj    : (REDACTED) setUiHints(hints = %s)
06-13 14:26:51.141769 16714 16776 I tqs     : Successfully initialized all components
06-13 14:26:51.142887 16714 16774 I unf     : (REDACTED) on opa visibility changed %s
06-13 14:26:51.143883 16714 16777 I ekxj    : setUiHints: finished successfully
06-13 14:26:51.149974 16714 16779 I udu     : (REDACTED) Nga on-device enabled based on TNG:MA active state: %b
06-13 14:26:51.169675 19614 13254 I LogHandler/AbstractLogInstance: getResponse, responseStr = deep_start,1 and waiting time remaining = 14200
06-13 14:26:51.171738 19614 13305 I LogHandler/AbstractLogInstance: -->executeCommand(), command = set_storage_path,/data, isWaitingResponse = false
06-13 14:26:51.171833 19614 13305 I LogHandler/AbstractLogConnection: sendToServer() mServerName = netdiag data = set_storage_path,/data
06-13 14:26:51.171935 19614 13306 I LogHandler/AbstractLogInstance: -->executeCommand(), command = autostart=1, isWaitingResponse = false
06-13 14:26:51.171975 19614 13306 I LogHandler/AbstractLogConnection: sendToServer() mServerName = connsysfwlogd data = autostart=1
06-13 14:26:51.172292 19614 13307 I LogHandler/AbstractLogInstance: -->executeCommand(), command = autostart=1, isWaitingResponse = false
06-13 14:26:51.172350 19614 13307 I LogHandler/AbstractLogConnection: sendToServer() mServerName = bthostlogd data = autostart=1
06-13 14:26:51.172761 19614 13307 W LogHandler/LogSocketConnection: Exception happens when connect to ABSTRACT socket server : bthostlogd,retry as RESERVED
06-13 14:26:51.172939 19614 13308 I LogHandler/AbstractLogInstance: -->executeCommand(), command = autostart=1, isWaitingResponse = false
06-13 14:26:51.173016 19614 13308 I LogHandler/AbstractLogConnection: sendToServer() mServerName = mtk_mtklogger2mnld data = autostart=1
06-13 14:26:51.173282 19614 13307 W LogHandler/LogSocketConnection: Exception happens when connect to RESERVED socket server : bthostlogd
06-13 14:26:51.173486 19614 13307 W LogHandler/AbstractLogConnection: Service is not connect & re-connect failed!
06-13 14:26:51.173553 19614 13309 I LogHandler/AbstractLogInstance: -->executeCommand(), command = setauto,2, isWaitingResponse = true
06-13 14:26:51.173574 19614 13309 I LogHandler/AbstractLogConnection: sendToServer() mServerName = com.mediatek.mdlogger.socket1 data = setauto,2
06-13 14:26:51.173593 19614 13307 I LogHandler/AbstractLogInstance: -->executeCommand(), command = logsize=2000, isWaitingResponse = false
06-13 14:26:51.173618 19614 13307 I LogHandler/AbstractLogConnection: sendToServer() mServerName = bthostlogd data = logsize=2000
06-13 14:26:51.173858 19614 13307 W LogHandler/LogSocketConnection: Exception happens when connect to ABSTRACT socket server : bthostlogd,retry as RESERVED
06-13 14:26:51.174078 19614 13307 W LogHandler/LogSocketConnection: Exception happens when connect to RESERVED socket server : bthostlogd
06-13 14:26:51.174298 19614 13307 W LogHandler/AbstractLogConnection: Service is not connect & re-connect failed!
06-13 14:26:51.174379 19614 13307 I DebugLoggerUI/BTHostLogController: setBTStackLogEnable. btStackLogEnable = false
06-13 14:26:51.174418 19614 13307 I LogHandler/AbstractLogInstance: -->executeCommand(), command = set_bthost_debuglog_enable,0, isWaitingResponse = false
06-13 14:26:51.174524 19614 13307 I LogHandler/AbstractLogConnection: sendToServer() mServerName = bthostlogd data = set_bthost_debuglog_enable,0
06-13 14:26:51.174702 19614 13307 W LogHandler/LogSocketConnection: Exception happens when connect to ABSTRACT socket server : bthostlogd,retry as RESERVED
06-13 14:26:51.174958 19614 13307 W LogHandler/LogSocketConnection: Exception happens when connect to RESERVED socket server : bthostlogd
06-13 14:26:51.175123 19614 13307 W LogHandler/AbstractLogConnection: Service is not connect & re-connect failed!
06-13 14:26:51.175196 19614 13307 I DebugLoggerUI/BTHostLogController: setBTFirmwareLogLevel. btFWLogLevel = 2
06-13 14:26:51.175262 19614 13307 I LogHandler/AbstractLogInstance: -->executeCommand(), command = set_btfw_log_level,2, isWaitingResponse = false
06-13 14:26:51.222167 19614 13305 I LogHandler/AbstractLogInstance: -->executeCommand(), command = tcpdump_sdcard_start_600, isWaitingResponse = true
06-13 14:26:51.222166  1062  1088 E Netdiag : select out for fd=4,i=0  
06-13 14:26:51.222210  1206  1218 D connsyslogger: consyslogger select done
06-13 14:26:51.222236  1062  1088 E Netdiag : commandlistening handle_message
06-13 14:26:51.222253 19614 13307 I LogHandler/AbstractLogConnection: sendToServer() mServerName = connsysfwlogd data = set_btfw_log_level,2
06-13 14:26:51.222275 19614 13306 I LogHandler/AbstractLogInstance: -->executeCommand(), command = set_btfw_log_level,2, isWaitingResponse = false
06-13 14:26:51.222326  1206  1218 I connsyslogger: consyslogger receive command autostart=1,read len=12
06-13 14:26:51.222332  1062  1088 E Netdiag : commandlistening buffer set_storage_path,/data
06-13 14:26:51.222339  1206  1218 D connsyslogger: Handle request: Set auto start logging mode
06-13 14:26:51.222365  1062  1088 D Netdiag : isCustomerUserLoad()? 1,internal = 0,buildtype =user
06-13 14:26:51.222360 19614 13305 I LogHandler/AbstractLogConnection: sendToServer() mServerName = netdiag data = tcpdump_sdcard_start_600
06-13 14:26:51.222379  1062  1088 D Netdiag : myMkdir Save log in data change dir mode[504]
06-13 14:26:51.222438  1062  1088 I Netdiag : mkdir: Failed.[/data/debuglogger/netlog] errno=17
06-13 14:26:51.224122  1055  1274 D EMDLOGGER1: mdlogger select done
06-13 14:26:51.224181   873   896 D lbs_hidl_service: [1.13][mtk_mtklogger2mnld] sendToServer() size=[11]
06-13 14:26:51.224243  1055  1274 I EMDLOGGER1: mdlogger receive command setauto,2
06-13 14:26:51.224267  1055  1274 D EMDLOGGER1: Handle request: Set auto start logging mode
06-13 14:26:51.224676 19614 13308 I LogHandler/AbstractLogInstance: -->executeCommand(), command = logsize=3000, isWaitingResponse = false
06-13 14:26:51.224702  1038  1122 D MNLD    : mnld_main_thread: mtklogger2mnl_hdlr msg
06-13 14:26:51.224732 19614 13308 I LogHandler/AbstractLogConnection: sendToServer() mServerName = mtk_mtklogger2mnld data = logsize=3000
06-13 14:26:51.224767  1038  1122 D gps_dbg_log: mtklogger2mnl_hdlr: gps debug log not control by meta.
06-13 14:26:51.224797  1038  1122 D gps_dbg_log: mtklogger2mnl_hdlr: notify client, recv autostart=1 from mtklogger, ans: autostart=1,1
06-13 14:26:51.224989  1038  1122 E gps_dbg_log: mtklogger2mnl_hdlr: unknown message: autostart=1
06-13 14:26:51.225469   873   898 D lbs_hidl_service: [1.13][mtk_mnld2mtklogger] handleSocketEvent() ret=[13]
06-13 14:26:51.226632 19614 26318 W LogHandler/LbsHidlConnection: callbackToClient data = autostart=1,1
06-13 14:26:51.229343  1206  1218 D connsyslogger: Set auto start mode: 1
06-13 14:26:51.232622  1062  1088 I Netdiag : mkdir: access file ok
06-13 14:26:51.232676  1062  1088 D Netdiag : initDataFolder makeDir ret = 0
06-13 14:26:51.232688  1062  1088 E Netdiag : FD_CLR fd=4,index i:0
06-13 14:26:51.232697  1062  1088 D Netdiag : Add listener on socket server whose id=29
06-13 14:26:51.232704  1062  1088 D Netdiag : Add listener on former received socket client, fd=4
06-13 14:26:51.232710  1062  1088 D Netdiag : commandlistening unlock exit
06-13 14:26:51.235255  1055  1274 D EMDLOGGER1: Set auto start mode: 2
06-13 14:26:51.235381  1055  1274 D EMDLOGGER1: Get auto start mode: 2
06-13 14:26:51.236060  1055  1274 I EMDLOGGER1: mdlogger send ACK setauto,2,2
06-13 14:26:51.236512 19614 19660 I LogHandler/AbstractLogConnection: setResponseFromServer() mServerName = com.mediatek.mdlogger.socket1 serverData = setauto,2,2
06-13 14:26:51.236620 19614 19660 I LogHandler/ModemLog: update, serverResponseStr = setauto,2,2
06-13 14:26:51.272728 19614 13306 I LogHandler/AbstractLogConnection: sendToServer() mServerName = connsysfwlogd data = set_btfw_log_level,2
06-13 14:26:51.272895 19614 13307 I LogHandler/AbstractLogInstance: -->executeCommand(), command = set_storage_path,/data, isWaitingResponse = false
06-13 14:26:51.272925 19614 13307 I LogHandler/AbstractLogConnection: sendToServer() mServerName = bthostlogd data = set_storage_path,/data
06-13 14:26:51.273045  1206  1218 D connsyslogger: consyslogger select done
06-13 14:26:51.273153  1206  1218 I connsyslogger: consyslogger receive command set_btfw_log_level,2,read len=21
06-13 14:26:51.273170  1206  1218 D connsyslogger: executeCommand Handle request: Set BT debug level= 2
06-13 14:26:51.273177  1206  1218 D connsyslogger: setDebugLevel:log_type=1,level=2
06-13 14:26:51.273256 19614 13307 W LogHandler/LogSocketConnection: Exception happens when connect to ABSTRACT socket server : bthostlogd,retry as RESERVED
06-13 14:26:51.273464 19614 13307 W LogHandler/LogSocketConnection: Exception happens when connect to RESERVED socket server : bthostlogd
06-13 14:26:51.273589 19614 13307 W LogHandler/AbstractLogConnection: Service is not connect & re-connect failed!
06-13 14:26:51.273608  1062  1088 E Netdiag : select out for fd=4,i=0  
06-13 14:26:51.273627  1062  1088 E Netdiag : commandlistening handle_message
06-13 14:26:51.273631 19614 13307 I LogHandler/AbstractLogInstance: -->executeCommand(), command = deep_start, isWaitingResponse = true
06-13 14:26:51.273652 19614 13307 I LogHandler/AbstractLogConnection: sendToServer() mServerName = bthostlogd data = deep_start
06-13 14:26:51.273660  1062  1088 E Netdiag : commandlistening buffer tcpdump_sdcard_start_600
06-13 14:26:51.273672  1062  1088 E Netdiag : COMMAND = tcpdump
06-13 14:26:51.273682  1062  1088 E Netdiag : location = sdcard
06-13 14:26:51.273688  1062  1088 E Netdiag : action = start
06-13 14:26:51.273695  1062  1088 E Netdiag : log size= 600
06-13 14:26:51.273701  1062  1088 E Netdiag : create log folder monitor thread.
06-13 14:26:51.273878  1062  1088 D Netdiag : Ignore SIGPIPE to avoid possible NE
06-13 14:26:51.273894  1062  1088 E Netdiag : trace STARTING:2019-07-26
06-13 14:26:51.274068 19614 13307 W LogHandler/LogSocketConnection: Exception happens when connect to ABSTRACT socket server : bthostlogd,retry as RESERVED
06-13 14:26:51.274604  1062  1088 D Netdiag : checkdir start NTLog_name:NTLog_2025_0613_142651 commandlistening
06-13 14:26:51.274827 19614 13307 W LogHandler/LogSocketConnection: Exception happens when connect to RESERVED socket server : bthostlogd
06-13 14:26:51.274951 19614 13307 W LogHandler/AbstractLogConnection: Service is not connect & re-connect failed!
06-13 14:26:51.275314   873   896 D lbs_hidl_service: [1.13][mtk_mtklogger2mnld] sendToServer() size=[12]
06-13 14:26:51.275622  1062  1088 D Netdiag : trace service running pid=13319
06-13 14:26:51.275692  1062  1088 E Netdiag : FD_CLR fd=4,index i:0
06-13 14:26:51.275705  1062  1088 D Netdiag : Add listener on socket server whose id=29
06-13 14:26:51.275713  1062  1088 D Netdiag : Add listener on former received socket client, fd=4
06-13 14:26:51.275719  1062  1088 D Netdiag : commandlistening unlock exit
06-13 14:26:51.275787 19614 26318 I LogHandler/AbstractLogConnection: setResponseFromServer() mServerName = mtk_mtklogger2mnld serverData = autostart=1,1
06-13 14:26:51.275802  1038  1122 D MNLD    : mnld_main_thread: mtklogger2mnl_hdlr msg
06-13 14:26:51.275819 19614 13308 I LogHandler/AbstractLogInstance: -->executeCommand(), command = set_storage_path,/data, isWaitingResponse = false
06-13 14:26:51.275887  1038  1122 D gps_dbg_log: mtklogger2mnl_hdlr: gps debug log not control by meta.
06-13 14:26:51.275963  1038  1122 D gps_dbg_log: mtklogger2mnl_hdlr: notify client, recv logsize=3000 from mtklogger, ans: logsize=3000,1
06-13 14:26:51.275988 13319 13319 D Netdiag :  tcpdump_data: fd = 4, local = sdcard, NTLog_name = NTLog_2025_0613_142651, parameters = 600
06-13 14:26:51.276002 13319 13319 D Netdiag : -->tcpdump_data(), Parameter only contains log size, value=600
06-13 14:26:51.276053 13319 13319 D Netdiag : each file size=100, mLogFileMaxNum=6 
06-13 14:26:51.276064 19614 13308 I LogHandler/AbstractLogConnection: sendToServer() mServerName = mtk_mtklogger2mnld data = set_storage_path,/data
06-13 14:26:51.276479  1062 13318 D Netdiag : monitor_logging_folder begin
06-13 14:26:51.276723  1038  1122 D gps_dbg_log: mtklogger2mnl_hdlr: Gps debuglog limit size = 3000 MB
06-13 14:26:51.276939   873   898 D lbs_hidl_service: [1.13][mtk_mnld2mtklogger] handleSocketEvent() ret=[14]
06-13 14:26:51.277276 19614 26318 W LogHandler/LbsHidlConnection: callbackToClient data = logsize=3000,1
06-13 14:26:51.277792 13319 13319 D Netdiag : tcpdump_data:apply_rohc_compress=0,is_support_rohc_compress=1,rohc_total_file=10
06-13 14:26:51.277821 13319 13319 E Netdiag : Not apply mLogFileMaxNum to rohc total file:mLogFileMaxNum=6
06-13 14:26:51.277828 13319 13319 D Netdiag : location set as mStoragePath  /data
06-13 14:26:51.277898 13319 13319 D Netdiag : check_dir netlog has exist
06-13 14:26:51.277920 13319 13319 D Netdiag : checkdir NTLog_name:NTLog_2025_0613_142651 begin~~
06-13 14:26:51.277948 13319 13319 D Netdiag : myMkdir Save log in data change dir mode[504]
06-13 14:26:51.278566 13319 13319 D Netdiag : persist debuglogger system property success
06-13 14:26:51.278602 13319 13319 D Netdiag : Log was started, set log running flag to 1
06-13 14:26:51.278954 13319 13319 D Netdiag : run trace command, write to connection tcpdump_sdcard_start_600,1
06-13 14:26:51.279245 13319 13319 D Netdiag : Generate log folder tree file, isNewCreat:0
06-13 14:26:51.279353 19614 19664 I LogHandler/AbstractLogConnection: setResponseFromServer() mServerName = netdiag serverData = tcpdump_sdcard_start_600,1
06-13 14:26:51.279491 13319 13319 D Netdiag : File /data/debuglogger//netlog/file_tree.txt open.
06-13 14:26:51.279570 13319 13319 D Netdiag : Success to write file tree file.
06-13 14:26:51.280244 13319 13319 D Netdiag : checkdir NTLog_name:/data/debuglogger//netlog/NTLog_2025_0613_142651/tcpdump_NTLog_2025_0613_142651_start.cap.tmp begin~~, log size:100
06-13 14:26:51.280265 13319 13319 D Netdiag : file_path_time:/tcpdump_NTLog_2025_0613_142651_start.cap.tmp 
06-13 14:26:51.280277 13319 13319 D Netdiag : system mtk_trace_cmd:trace -i any -s 0 -c 111111 -w /tcpdump_NTLog_2025_0613_142651_start.cap.tmp 2>&1 
06-13 14:26:51.280284 13319 13319 E Netdiag : Directly call trace in system begin, uid=2000, errno=17, retry_num=0
06-13 14:26:51.282124 13319 13320 D Netdiag : -->monitor_storage(), root path=/data, log folder=/data/debuglogger//netlog/NTLog_2025_0613_142651
06-13 14:26:51.308800 13323 13323 D tcpdump : checkdir NTLog_name:/data/debuglogger//netlog/NTLog_2025_0613_142651 begin capture
06-13 14:26:51.308984 13323 13323 D tcpdump : folder /data/debuglogger//netlog/NTLog_2025_0613_142651 exists
06-13 14:26:51.308995 13323 13323 E tcpdump : [main] use_rohc_in_netlog = 0; 
06-13 14:26:51.323353  1206  1218 D connsyslogger: consyslogger select done
06-13 14:26:51.323352 19614 13306 I LogHandler/AbstractLogInstance: -->executeCommand(), command = set_storage_path,/data, isWaitingResponse = true
06-13 14:26:51.323497  1206  1218 I connsyslogger: consyslogger receive command set_btfw_log_level,2,read len=21
06-13 14:26:51.323517  1206  1218 D connsyslogger: executeCommand Handle request: Set BT debug level= 2
06-13 14:26:51.323525  1206  1218 D connsyslogger: setDebugLevel:log_type=1,level=2
06-13 14:26:51.323645 19614 19668 I LogHandler/AbstractLogConnection: setResponseFromServer() mServerName = connsysfwlogd serverData = autostart=1,1
06-13 14:26:51.323849 19614 13306 I LogHandler/AbstractLogConnection: sendToServer() mServerName = connsysfwlogd data = set_storage_path,/data
06-13 14:26:51.324119 19614 13309 I LogHandler/AbstractLogInstance: getResponse, responseStr = setauto,2,2 and waiting time remaining = 14900
06-13 14:26:51.324411 19614 13309 I LogHandler/AbstractLogInstance: -->executeCommand(), command = set_storage_path,/data, isWaitingResponse = true
06-13 14:26:51.324469 19614 13309 I LogHandler/AbstractLogConnection: sendToServer() mServerName = com.mediatek.mdlogger.socket1 data = set_storage_path,/data
06-13 14:26:51.326665   873   896 D lbs_hidl_service: [1.13][mtk_mtklogger2mnld] sendToServer() size=[22]
06-13 14:26:51.327016  1038  1122 D MNLD    : mnld_main_thread: mtklogger2mnl_hdlr msg
06-13 14:26:51.327090  1038  1122 D gps_dbg_log: mtklogger2mnl_hdlr: gps debug log not control by meta.
06-13 14:26:51.327132  1038  1122 D gps_dbg_log: mtklogger2mnl_hdlr: notify client, recv set_storage_path,/data from mtklogger, ans: set_storage_path,/data,1
06-13 14:26:51.327152  1038  1122 D gps_dbg_log: get_mtklog_path: logpath for mtklogger socket msg: /data
06-13 14:26:51.327164  1038  1122 D gps_dbg_log: get_mtklog_path: get_mtklog_path:logpath is /data/debuglogger/connsyslog/gpshost/
06-13 14:26:51.327475 19614 13308 I LogHandler/AbstractLogInstance: -->executeCommand(), command = deep_start, isWaitingResponse = true
06-13 14:26:51.327547 19614 26318 I LogHandler/AbstractLogConnection: setResponseFromServer() mServerName = mtk_mtklogger2mnld serverData = logsize=3000,1
06-13 14:26:51.327738 19614 13308 I LogHandler/AbstractLogConnection: sendToServer() mServerName = mtk_mtklogger2mnld data = deep_start
06-13 14:26:51.327951   873   898 D lbs_hidl_service: [1.13][mtk_mnld2mtklogger] handleSocketEvent() ret=[24]
06-13 14:26:51.328310 19614 26318 W LogHandler/LbsHidlConnection: callbackToClient data = set_storage_path,/data,1
06-13 14:26:51.349945 13323 13323 I tcpdump : tcpdump create file /data/debuglogger//netlog/NTLog_2025_0613_142651/tcpdump_NTLog_2025_0613_142651_start.cap.tmp
06-13 14:26:51.373285 19614 13305 I LogHandler/AbstractLogInstance: getResponse, responseStr = tcpdump_sdcard_start_600,1 and waiting time remaining = 14900
06-13 14:26:51.374406  1206  1218 D connsyslogger: consyslogger select done
06-13 14:26:51.374530  1206  1218 I connsyslogger: consyslogger receive command set_storage_path,/data,read len=23
06-13 14:26:51.374577  1206  1218 D connsyslogger: isCustomerUserLoad()? 1,internal = 0,buildtype =user
06-13 14:26:51.374595  1206  1218 D connsyslogger: create log folder mode,0770
06-13 14:26:51.374554 19614 19668 I LogHandler/AbstractLogConnection: setResponseFromServer() mServerName = connsysfwlogd serverData = set_btfw_log_level,2,0
06-13 14:26:51.374784 19614 19668 I LogHandler/AbstractLogConnection: setResponseFromServer() mServerName = connsysfwlogd serverData = set_btfw_log_level,2,0
06-13 14:26:51.374830  1055  1274 D EMDLOGGER1: mdlogger select done
06-13 14:26:51.374954  1055  1274 I EMDLOGGER1: mdlogger receive command set_storage_path,/data
06-13 14:26:51.374991  1055  1274 D EMDLOGGER1: isCustomerUserLoad()? 1,internal = 0,buildtype =user
06-13 14:26:51.375324  1055  1274 D EMDLOGGER1: Save log in data and don't create Data Folder
06-13 14:26:51.375358  1055  1274 D EMDLOGGER1: set path in customer user load:/data
06-13 14:26:51.375408  1055  1274 I EMDLOGGER1: mdlogger send ACK set_storage_path,/data,1
06-13 14:26:51.375615  1206  1218 I connsyslogger: customer user load update storage path:/data
06-13 14:26:51.375651 19614 19660 I LogHandler/AbstractLogConnection: setResponseFromServer() mServerName = com.mediatek.mdlogger.socket1 serverData = set_storage_path,/data,1
06-13 14:26:51.375728 19614 19660 I LogHandler/ModemLog: update, serverResponseStr = set_storage_path,/data,1
06-13 14:26:51.375965 19614 19668 I LogHandler/AbstractLogConnection: setResponseFromServer() mServerName = connsysfwlogd serverData = set_storage_path,/data,1
06-13 14:26:51.378399   873   896 D lbs_hidl_service: [1.13][mtk_mtklogger2mnld] sendToServer() size=[10]
06-13 14:26:51.378689  1038  1122 D MNLD    : mnld_main_thread: mtklogger2mnl_hdlr msg
06-13 14:26:51.378736  1038  1122 D gps_dbg_log: mtklogger2mnl_hdlr: gps debug log not control by meta.
06-13 14:26:51.378781  1038  1122 D gps_dbg_log: mtklogger2mnl_hdlr: notify client, recv deep_start from mtklogger, ans: deep_start,1
06-13 14:26:51.378815  1038  1122 D gps_dbg_log: mtklogger2mnl_hdlr: storagePath:/data/debuglogger/connsyslog/gpshost/CSLog_2025_0613_142651/
06-13 14:26:51.378829  1038  1122 D gps_dbg_log: mtklogger2mnl_hdlr: gps_debuglog_state:17
06-13 14:26:51.379080 19614 26318 I LogHandler/AbstractLogConnection: setResponseFromServer() mServerName = mtk_mtklogger2mnld serverData = set_storage_path,/data,1
06-13 14:26:51.380506  1038  1122 D gps_dbg_log: mtklogger2mnl_hdlr: gps_debuglog_file_name:/data/debuglogger/connsyslog/gpshost/CSLog_2025_0613_142651/GPS_HOST
06-13 14:26:51.380555   873   898 D lbs_hidl_service: [1.13][mtk_mnld2mtklogger] handleSocketEvent() ret=[12]
06-13 14:26:51.381357 19614 26318 W LogHandler/LbsHidlConnection: callbackToClient data = deep_start,1
06-13 14:26:51.381447 19614 26318 I LogHandler/AbstractLogConnection: setResponseFromServer() mServerName = mtk_mtklogger2mnld serverData = deep_start,1
06-13 14:26:51.403542   875   958 I libPerfCtl: xgfGetFPS pid:2157 fps:-1
06-13 14:26:51.403846   875   958 I libPerfCtl: xgfGetFPS pid:8646 fps:-1
06-13 14:26:51.403930   875   958 I libPerfCtl: xgfGetFPS pid:12943 fps:-1
06-13 14:26:51.403982   875   958 I libPerfCtl: xgfGetFPS pid:19614 fps:88
06-13 14:26:51.405359   886   916 D ccci_mdinit: (1):monitor_time_update_thread round:10738 ########
06-13 14:26:51.440062   863   863 I hwcomposer: [HWCDisplay] [Display_0 (type:1)] fps:88.624016,dur:1004.24,max:12.38,min:9.79  
06-13 14:26:51.474785 19614 13306 I LogHandler/AbstractLogInstance: getResponse, responseStr = set_storage_path,/data,1 and waiting time remaining = 14900
06-13 14:26:51.475045 19614 13306 I LogHandler/AbstractLogInstance: -->executeCommand(), command = deep_start, isWaitingResponse = true
06-13 14:26:51.475139 19614 13309 I LogHandler/AbstractLogInstance: getResponse, responseStr = set_storage_path,/data,1 and waiting time remaining = 14900
06-13 14:26:51.475175 19614 13306 I LogHandler/AbstractLogConnection: sendToServer() mServerName = connsysfwlogd data = deep_start
06-13 14:26:51.475231 19614 13309 I LogHandler/AbstractLogInstance: -->executeCommand(), command = deep_start,2, isWaitingResponse = true
06-13 14:26:51.475278 19614 13309 I LogHandler/AbstractLogConnection: sendToServer() mServerName = com.mediatek.mdlogger.socket1 data = deep_start,2
06-13 14:26:51.480079 19614 13308 I LogHandler/AbstractLogInstance: getResponse, responseStr = deep_start,1 and waiting time remaining = 14900
06-13 14:26:51.525834  1055  1274 D EMDLOGGER1: mdlogger select done
06-13 14:26:51.526009  1055  1274 I EMDLOGGER1: mdlogger receive command deep_start,2
06-13 14:26:51.526815  1206  1218 D connsyslogger: consyslogger select done
06-13 14:26:51.526957  1206  1218 I connsyslogger: consyslogger receive command deep_start,read len=11
06-13 14:26:51.526981  1206  1218 D connsyslogger: Handle request: deep start and set auto start.
06-13 14:26:51.527026  1206  1218 I connsyslogger: ReorganizePort: no customize, support radio: wifi
06-13 14:26:51.527043  1206  1218 D connsyslogger: getDebugLevel:log_type=0,level=-1
06-13 14:26:51.527057  1206  1218 I connsyslogger: ReorganizePort: no customize, support radio: bt
06-13 14:26:51.527069  1206  1218 D connsyslogger: getDebugLevel:log_type=1,level=2
06-13 14:26:51.527082  1206  1218 I connsyslogger: ReorganizePort: no customize, support radio: gps
06-13 14:26:51.527098  1206  1218 D connsyslogger: getDebugLevel:log_type=2,level=-1
06-13 14:26:51.527111  1206  1218 I connsyslogger: ReorganizePort: no customize, support radio: mcu
06-13 14:26:51.527123  1206  1218 D connsyslogger: getDebugLevel:log_type=3,level=-1
06-13 14:26:51.528830  1055  1274 E EMDLOGGER1: Set custom autostart mode 0 to config file, returned 4
06-13 14:26:51.528922  1055  1274 D EMDLOGGER1: Set custom autostart  mode: 0
06-13 14:26:51.528961  1055  1274 D EMDLOGGER1: getDumpType old: persist.sys.mdlog_dumpback=0
06-13 14:26:51.528979  1055  1274 D EMDLOGGER1: Handle request: deep start and set auto start.
06-13 14:26:51.529454  1206  1218 D connsyslogger: Set auto start mode: 1
06-13 14:26:51.529484  1206  1218 I connsyslogger: START Logging, mode=1
06-13 14:26:51.529507  1206  1218 D connsyslogger: Init Engine: Init done
06-13 14:26:51.529580  1206  1218 D connsyslogger: Init Engine: OK
06-13 14:26:51.529606  1206  1218 D connsyslogger: Init LogWritter: OK
06-13 14:26:51.529621  1206  1218 D connsyslogger: OKOKOK >Init SD logging mode< OKOKOK
06-13 14:26:51.529655  1206  1218 D connsyslogger: systemReady:1
06-13 14:26:51.529670  1206  1218 D connsyslogger: Start Engine: start, logging mode 1
06-13 14:26:51.529702  1206  1218 I connsyslogger: SD_LOG_ROOT is init from property vendor.connsysfw.savepath
06-13 14:26:51.529717  1206  1218 D connsyslogger: SD_LOG_ROOT is /data/debuglogger/connsyslog/fw.
06-13 14:26:51.529730  1206  1218 D connsyslogger: Check SD card status
06-13 14:26:51.529751  1206  1218 I connsyslogger: SD_LOG_ROOT is init from property vendor.connsysfw.savepath
06-13 14:26:51.529765  1206  1218 D connsyslogger: SD_LOG_ROOT is /data/debuglogger/connsyslog/fw.
06-13 14:26:51.530274  1206  1218 D connsyslogger: Success to create log folder /data/debuglogger/connsyslog/fw/CsLog_2025_0613_142651
06-13 14:26:51.537567  1055  1274 D EMDLOGGER1: Set auto start mode: 2
06-13 14:26:51.537810  1055  1274 D EMDLOGGER1: Get auto start mode: 2
06-13 14:26:51.538825  1055  1274 I EMDLOGGER1: MDL: START Logging, mode=2 Gear Id when Reset=1
06-13 14:26:51.538994  1055  1274 D ccci_lib: write done of user57 buffer0: OK, i=16 write=16, alloc=16, free=15, len=144
06-13 14:26:51.539083  1055  1274 D EMDLOGGER1: extractMDFiles: already extracted MD and return,bDefaultFilter = 1, bPLSFilter = 1
06-13 14:26:51.539111  1055  1274 I EMDLOGGER1: MDL: START Logging, mTstCommand=0
06-13 14:26:51.539131  1055  1274 D EMDLOGGER1: startMDLogging: no mode change, resume
06-13 14:26:51.539148  1055  1274 I EMDLOGGER1: MDL: RESUME Logging
06-13 14:26:51.539167  1055  1274 D EMDLOGGER1: MDCommEngine.resume:start
06-13 14:26:51.539187  1055  1274 D EMDLOGGER1: LogWriter: Logging is resumed
06-13 14:26:51.539339  1055  1274 I EMDLOGGER1: Creating compressor thread
06-13 14:26:51.539451  1055  1274 W EMDLOGGER1: startCompressBufWriterThread: already started!
06-13 14:26:51.542025  1055  1274 D EMDLOGGER1: Success to write file tree file.
06-13 14:26:51.542320  1206 13332 I connsyslogger: Started Waiting SD card thread.
06-13 14:26:51.542398  1206 13332 E connsyslogger: Move Bootup Log: /data/connsyslog/bootupLog is not exist!
06-13 14:26:51.542389  1206  1218 I connsyslogger: Set name csl_sd_monitor for thread(9a737cb0)
06-13 14:26:51.542615  1206  1218 D connsyslogger: open_logport: consyslog_port[0]=11
06-13 14:26:51.542709  1206  1218 D connsyslogger: open_logport: consyslog_port[1]=12
06-13 14:26:51.542732  1055  1274 D EMDLOGGER1: Set name mdl_cp_MDDB for thread(1eb9fcb0)
06-13 14:26:51.542795  1206  1218 D connsyslogger: open_logport: consyslog_port[2]=13
06-13 14:26:51.542876  1206  1218 D connsyslogger: open_logport: consyslog_port[3]=14
06-13 14:26:51.542899  1206  1218 D connsyslogger: pipe fd already generated:fd[0]=16,fd[1]=17
06-13 14:26:51.543661  1206  1218 D connsyslogger: sendIOCtrl: 0,done.cmd=1
06-13 14:26:51.543724  1206  1218 D connsyslogger: sendIOCtrl: 1,done.cmd=2
06-13 14:26:51.543744  1206  1218 D connsyslogger: setdebugLevel done: log_type:1, level:2
06-13 14:26:51.543759  1055  1274 D EMDLOGGER1: File /data/debuglogger/mdlog1/MDLog1_2025_0613_142651/version_info.txt open.
06-13 14:26:51.543783  1206  1218 D connsyslogger: sendIOCtrl: 1,done.cmd=1
06-13 14:26:51.543823  1206  1218 D connsyslogger: sendIOCtrl: 2,done.cmd=1
06-13 14:26:51.543998  1055  1274 I EMDLOGGER1: mkdir: Failed.[/data/debuglogger/mdlog1_config] errno=17
06-13 14:26:51.554263  1055  1274 I EMDLOGGER1: mkdir: access file ok
06-13 14:26:51.554406  1055  1274 D EMDLOGGER1: Create config folder: /data/debuglogger/mdlog1_config
06-13 14:26:51.554587  1055  1274 E EMDLOGGER1: remove data keylog file:/data/mdlog/filter_history failed: No such file or directory
06-13 14:26:51.554611  1055  1274 D EMDLOGGER1: Create own log file in sd: /data/debuglogger/mdlog1_config/filter_history
06-13 14:26:51.555245  1055  1274 D EMDLOGGER1: Open log file /data/debuglogger/mdlog1/MDLog1_2025_0613_142651/MDLog1_2025_0613_142651.muxz.tmp.
06-13 14:26:51.555444  1055  1274 D EMDLOGGER1: Get auto start mode: 2
06-13 14:26:51.555529  1055  1274 D ccci_lib: write done of user57 buffer0: OK, i=17 write=17, alloc=17, free=16, len=12
06-13 14:26:51.562609  1275  1330 I VoLTE IMCB-CM: receive the nessage from IMC #72
06-13 14:26:51.562671  1055  1274 D EMDLOGGER1: MALCTL_NOTIFY_AP_LOG_FILE_CREATE : /data/debuglogger/mdlog1/MDLog1_2025_0613_142651/MDLog1_2025_0613_142651.muxz.tmp
06-13 14:26:51.562885  1055  1274 D ccci_lib: write done of user57 buffer0: OK, i=18 write=18, alloc=18, free=17, len=144
06-13 14:26:51.563399  1055  1274 D EMDLOGGER1: Get auto start mode: 2
06-13 14:26:51.563530  1055  1274 D EMDLOGGER1: Get auto start mode: 2
06-13 14:26:51.563608  1055  1274 D ccci_lib: write done of user57 buffer0: OK, i=19 write=19, alloc=19, free=17, len=12
06-13 14:26:51.564195  1275  1275 I VoLTE IMCB-0: {{{{[process_msg] msg_id=100118(0x00018716), dst=IMCB[2], IMCB_IMC_HEADER_FILE_VERNO=8d, MSG_ID_IMC_IN_BEGIN=100000, IMC_FEATURE_BITMAP=0x3 @0#190
06-13 14:26:51.564195  1275  1275 I VoLTE IMCB-0: ENTER imcb_imc_tlv_para_setting_ind_handler()@0#6359
06-13 14:26:51.564195  1275  1275 I VoLTE IMCB-0: Pure Mesage Send dest=UA[3], msg_id=10006(0x00002716), len=8, IMCB_IMC_HEADER_FILE_VERNO=8d, MSG_ID_IMC_IN_BEGIN=100000, IMC_FEATURE_BITMAP=0x3 imcb_send_to_COMM()@0#248
06-13 14:26:51.564195  1275  1275 I VoLTE IMCB-0: ENTER imcb_log_dump()@0#3665
06-13 14:26:51.564195  1275  1275 I VoLTE IMCB-0: ** SIM id [0] ** @0#3671
06-13 14:26:51.564195  1275  1275 I VoLTE IMCB-0: [Connection] imsa:1, vt:1 @0#3672
06-13 14:26:51.564195  1275  1275 I VoLTE IMCB-0: [operator] id:0 @0#3673
06-13 14:26:51.564195  1275  1275 I VoLTE IMCB-0: [bearer_context] @0#3679
06-13 14:26:51.564195  1275  1275 I VoLTE IMCB-0: [pending txid] nm:0, em:0 @0#3680
06-13 14:26:51.564195  1275  1275 I VoLTE IMCB-0: [PDN_SGN] @0#3684
06-13 14:26:51.564195  1275  1275 I VoLTE IMCB-0: [BEARER] @0#3721
06-13 14:26:51.564195  1275  1275 I VoLTE IMCB-0: ** ACCT context - Normal ** @0#3776
06-13 14:26:51.564195  1275  1275 I VoLTE IMCB-0: Current State: BEARER_DEACTIVE imcb_get_fsm_state()@0#51
06-13 14:26:51.564195  1275  1275 I VoLTE IMCB-0: SGN part imcb_log_dump()@0#3779
06-13 14:26:51.564195  1275  1275 I VoLTE IMCB-0: active_sgn_id: 0, sgn_qci=0 @0#3780
06-13 14:26:51.564195  1275  1275 I VoLTE IMCB-0: P-CSCF part @0#3788
06-13 14:26:51.564195  1275  1275 I VoLTE IMCB-0: Timer part @0#3796}}}}
06-13 14:26:51.564743  1275  1275 I VoLTE IMCB-0: {{{{[timer_id] dereg_tmo:0, ims_pdn_retry:0, emergency_pdn_abort:0, differ_connect_req_to_ua:0 @0#3801
06-13 14:26:51.564743  1275  1275 I VoLTE IMCB-0: RAT part @0#3803
06-13 14:26:51.564743  1275  1275 I VoLTE IMCB-0: rat_type:128 @0#3804
06-13 14:26:51.564743  1275  1275 I VoLTE IMCB-0: Flag part @0#3806
06-13 14:26:51.564743  1275  1275 I VoLTE IMCB-0: wait_ua_disconnect_flag:0 @0#3807
06-13 14:26:51.564743  1275  1275 I VoLTE IMCB-0: ** ACCT context - Emergency ** @0#3815
06-13 14:26:51.564743  1275  1275 I VoLTE IMCB-0: Current State: BEARER_DEACTIVE imcb_get_fsm_state()@0#51
06-13 14:26:51.564743  1275  1275 I VoLTE IMCB-0: SGN part imcb_log_dump()@0#3818
06-13 14:26:51.564743  1275  1275 I VoLTE IMCB-0: active_sgn_id: 0, sgn_qci=0 @0#3819
06-13 14:26:51.564743  1275  1275 I VoLTE IMCB-0: P-CSCF part @0#3827
06-13 14:26:51.564743  1275  1275 I VoLTE IMCB-0: Timer part @0#3835
06-13 14:26:51.564743  1275  1275 I VoLTE IMCB-0: [timer_id] dereg_tmo:0, ims_pdn_retry:0, emergency_pdn_abort:0, differ_connect_req_to_ua:0 @0#3841
06-13 14:26:51.564743  1275  1275 I VoLTE IMCB-0: RAT part @0#3843
06-13 14:26:51.564743  1275  1275 I VoLTE IMCB-0: rat_type:128 @0#3844
06-13 14:26:51.564743  1275  1275 I VoLTE IMCB-0: Flag part @0#3846
06-13 14:26:51.564743  1275  1275 I VoLTE IMCB-0: wait_ua_disconnect_flag:0 @0#3847
06-13 14:26:51.564743  1275  1275 I VoLTE IMCB-0: ** SIM id [1] ** @0#3671
06-13 14:26:51.564743  1275  1275 I VoLTE IMCB-0: [Connection] imsa:1, vt:1 @0#3672
06-13 14:26:51.564743  1275  1275 I VoLTE IMCB-0: [operator] id:0 @0#3673
06-13 14:26:51.564743  1275  1275 I VoLTE IMCB-0: [bearer_context] @0#3679
06-13 14:26:51.564743  1275  1275 I VoLTE IMCB-0: [pending txid] nm:0, em:0 @0#3680
06-13 14:26:51.564743  1275  1275 I VoLTE IMCB-0: [PDN_SGN] @0#3684
06-13 14:26:51.564743  1275  1275 I VoLTE IMCB-0: [BEARER] @0#3721}}}}
06-13 14:26:51.564697  1272  1310 I VoLTE REG: *Reg[0] = Disconnect (module/volte//volte_stack/src/reg/reg.c:15872)
06-13 14:26:51.564828  1272  1310 I VoLTE REG: *Reg[1] = Disconnect (module/volte//volte_stack/src/reg/reg.c:15872)
06-13 14:26:51.564862  1272  1310 I VoLTE REG: *Reg[2] = Disconnect (module/volte//volte_stack/src/reg/reg.c:15872)
06-13 14:26:51.564890  1272  1310 I VoLTE REG: *Reg[3] = Disconnect (module/volte//volte_stack/src/reg/reg.c:15872)
06-13 14:26:51.564939  1272  1310 I VoLTE REG: *Reg[4] = Disconnect (module/volte//volte_stack/src/reg/reg.c:15872)
06-13 14:26:51.564971  1272  1310 I VoLTE REG: *Reg[5] = Disconnect (module/volte//volte_stack/src/reg/reg.c:15872)
06-13 14:26:51.565466  1275  1275 I VoLTE IMCB-0: {{{{** ACCT context - Normal ** @0#3776
06-13 14:26:51.565466  1275  1275 I VoLTE IMCB-0: Current State: BEARER_DEACTIVE imcb_get_fsm_state()@0#51
06-13 14:26:51.565466  1275  1275 I VoLTE IMCB-0: SGN part imcb_log_dump()@0#3779
06-13 14:26:51.565466  1275  1275 I VoLTE IMCB-0: active_sgn_id: 0, sgn_qci=0 @0#3780
06-13 14:26:51.565466  1275  1275 I VoLTE IMCB-0: P-CSCF part @0#3788
06-13 14:26:51.565466  1275  1275 I VoLTE IMCB-0: Timer part @0#3796
06-13 14:26:51.565466  1275  1275 I VoLTE IMCB-0: [timer_id] dereg_tmo:0, ims_pdn_retry:0, emergency_pdn_abort:0, differ_connect_req_to_ua:0 @0#3801
06-13 14:26:51.565466  1275  1275 I VoLTE IMCB-0: RAT part @0#3803
06-13 14:26:51.565466  1275  1275 I VoLTE IMCB-0: rat_type:128 @0#3804
06-13 14:26:51.565466  1275  1275 I VoLTE IMCB-0: Flag part @0#3806
06-13 14:26:51.565466  1275  1275 I VoLTE IMCB-0: wait_ua_disconnect_flag:0 @0#3807
06-13 14:26:51.565466  1275  1275 I VoLTE IMCB-0: ** ACCT context - Emergency ** @0#3815
06-13 14:26:51.565466  1275  1275 I VoLTE IMCB-0: Current State: BEARER_DEACTIVE imcb_get_fsm_state()@0#51
06-13 14:26:51.565466  1275  1275 I VoLTE IMCB-0: SGN part imcb_log_dump()@0#3818
06-13 14:26:51.565466  1275  1275 I VoLTE IMCB-0: active_sgn_id: 0, sgn_qci=0 @0#3819
06-13 14:26:51.565466  1275  1275 I VoLTE IMCB-0: P-CSCF part @0#3827
06-13 14:26:51.565466  1275  1275 I VoLTE IMCB-0: Timer part @0#3835
06-13 14:26:51.565466  1275  1275 I VoLTE IMCB-0: [timer_id] dereg_tmo:0, ims_pdn_retry:0, emergency_pdn_abort:0, differ_connect_req_to_ua:0 @0#3841
06-13 14:26:51.565466  1275  1275 I VoLTE IMCB-0: RAT part @0#3843
06-13 14:26:51.565466  1275  1275 I VoLTE IMCB-0: rat_type:128 @0#3844
06-13 14:26:51.565466  1275  1275 I VoLTE IMCB-0: Flag part @0#3846
06-13 14:26:51.565466  1275  1275 I VoLTE IMCB-0: wait_ua_disconnect_flag:0 @0#3847}}}}
06-13 14:26:51.565744  1275  1275 I VoLTE IMCB-0: {{{{** SIM id [2] ** @0#3671
06-13 14:26:51.565744  1275  1275 I VoLTE IMCB-0: [Connection] imsa:1, vt:1 @0#3672
06-13 14:26:51.565744  1275  1275 I VoLTE IMCB-0: [operator] id:0 @0#3673
06-13 14:26:51.565744  1275  1275 I VoLTE IMCB-0: [bearer_context] @0#3679
06-13 14:26:51.565744  1275  1275 I VoLTE IMCB-0: [pending txid] nm:0, em:0 @0#3680
06-13 14:26:51.565744  1275  1275 I VoLTE IMCB-0: [PDN_SGN] @0#3684
06-13 14:26:51.565744  1275  1275 I VoLTE IMCB-0: [BEARER] @0#3721
06-13 14:26:51.565744  1275  1275 I VoLTE IMCB-0: ** ACCT context - Normal ** @0#3776
06-13 14:26:51.565744  1275  1275 I VoLTE IMCB-0: Current State: BEARER_DEACTIVE imcb_get_fsm_state()@0#51
06-13 14:26:51.565744  1275  1275 I VoLTE IMCB-0: SGN part imcb_log_dump()@0#3779
06-13 14:26:51.565744  1275  1275 I VoLTE IMCB-0: active_sgn_id: 0, sgn_qci=0 @0#3780
06-13 14:26:51.565744  1275  1275 I VoLTE IMCB-0: P-CSCF part @0#3788
06-13 14:26:51.565744  1275  1275 I VoLTE IMCB-0: Timer part @0#3796
06-13 14:26:51.565744  1275  1275 I VoLTE IMCB-0: [timer_id] dereg_tmo:0, ims_pdn_retry:0, emergency_pdn_abort:0, differ_connect_req_to_ua:0 @0#3801
06-13 14:26:51.565744  1275  1275 I VoLTE IMCB-0: RAT part @0#3803
06-13 14:26:51.565744  1275  1275 I VoLTE IMCB-0: rat_type:128 @0#3804
06-13 14:26:51.565744  1275  1275 I VoLTE IMCB-0: Flag part @0#3806
06-13 14:26:51.565744  1275  1275 I VoLTE IMCB-0: wait_ua_disconnect_flag:0 @0#3807
