06-13 14:26:51.565744  1275  1275 I VoLTE IMCB-0: ** ACCT context - Emergency ** @0#3815
06-13 14:26:51.565744  1275  1275 I VoLTE IMCB-0: Current State: BEARER_DEACTIVE imcb_get_fsm_state()@0#51
06-13 14:26:51.565744  1275  1275 I VoLTE IMCB-0: SGN part imcb_log_dump()@0#3818
06-13 14:26:51.565744  1275  1275 I VoLTE IMCB-0: active_sgn_id: 0, sgn_qci=0 @0#3819
06-13 14:26:51.565744  1275  1275 I VoLTE IMCB-0: P-CSCF part @0#3827
06-13 14:26:51.565744  1275  1275 I VoLTE IMCB-0: Timer part @0#3835}}}}
06-13 14:26:51.565842  1275  1275 I VoLTE IMCB: {{{{[timer_id] dereg_tmo:0, ims_pdn_retry:0, emergency_pdn_abort:0, differ_connect_req_to_ua:0 @0#3841
06-13 14:26:51.565842  1275  1275 I VoLTE IMCB: RAT part @0#3843
06-13 14:26:51.565842  1275  1275 I VoLTE IMCB: rat_type:128 @0#3844
06-13 14:26:51.565842  1275  1275 I VoLTE IMCB: Flag part @0#3846
06-13 14:26:51.565842  1275  1275 I VoLTE IMCB: wait_ua_disconnect_flag:0 @0#3847
06-13 14:26:51.565842  1275  1275 I VoLTE IMCB: EndofMessage process_msg()@0#242}}}}
06-13 14:26:51.568837  1055  1263 W EMDLOGGER1: mdlog_ccb_ctrl_reader_thread reader: unexpected response. (msg_id,token)expect:16,179 got:34,178 result=3
06-13 14:26:51.569019  1055  1274 I EMDLOGGER1: MAL_ccb_QueryMDTime: MD time is -79661634
06-13 14:26:51.569284  1055  1274 D ccci_lib: write done of user57 buffer0: OK, i=20 write=20, alloc=20, free=19, len=144
06-13 14:26:51.569376  1055  1274 D EMDLOGGER1: create new log file, update AP/MD time
06-13 14:26:51.569512  1206  1218 D connsyslogger: sendIOCtrl: 3,done.cmd=1
06-13 14:26:51.570185  1055  1274 D EMDLOGGER1: Success to write file tree file.
06-13 14:26:51.570392  1206  1218 I connsyslogger: Set name cs_log_rd for thread(99639cb0)
06-13 14:26:51.570434  1206 13334 I connsyslogger: log reader thread started
06-13 14:26:51.570487  1206 13334 D connsyslogger: findPortbyIdx find radio WIFI by index 0.
06-13 14:26:51.570376  1055  1274 D EMDLOGGER1: MAL_ccb_OnLoggingResume
06-13 14:26:51.570656  1055  1274 D ccci_lib: write done of user57 buffer0: OK, i=21 write=21, alloc=21, free=19, len=144
06-13 14:26:51.570734  1206 13334 D connsyslogger: version File /data/debuglogger/connsyslog/fw/CsLog_2025_0613_142651/FW_version.txt open.
06-13 14:26:51.570780  1206 13334 D connsyslogger: GetFWVersion: find log port:WIFI, idx = 0
06-13 14:26:51.570828  1055  1274 D ccci_lib: write done of user57 buffer0: OK, i=22 write=22, alloc=22, free=19, len=16
06-13 14:26:51.571305  1206  1218 I connsyslogger: Set name cs_log_wt for thread(9853bcb0)
06-13 14:26:51.571328  1206 13335 I connsyslogger: log writer thread started
06-13 14:26:51.571403  1206  1218 I connsyslogger: Need create log recycle thread.
06-13 14:26:51.571723  1206 13336 I connsyslogger: start Logging Recycle.................
06-13 14:26:51.571810  1206  1218 I connsyslogger: Set name recycle for thread(9743dcb0)
06-13 14:26:51.571847  1206  1218 D connsyslogger: Start Engine: done. mode=1
06-13 14:26:51.571869  1206  1218 I connsyslogger: Success to start logging in SD Mode!
06-13 14:26:51.572107  1206 13336 D connsyslogger: clearLog :/data/debuglogger/connsyslog/fw,foldersize:2000
06-13 14:26:51.572710 19614 19668 I LogHandler/AbstractLogConnection: setResponseFromServer() mServerName = connsysfwlogd serverData = deep_start,1
06-13 14:26:51.573202  1206 13334 D connsyslogger: GetFWVersion done.
06-13 14:26:51.573296  1206 13334 D connsyslogger: getWifi build verson is t-neptune-mp-soc1_0e1-2015-TALBOT_SOC1_0_E1_ASIC-20240715120601.
06-13 14:26:51.575409  1055  1263 W EMDLOGGER1: mdlog_ccb_ctrl_reader_thread reader: unexpected response. (msg_id,token)expect:15,182 got:34,180 result=3
06-13 14:26:51.575486  1055  1263 W EMDLOGGER1: mdlog_ccb_ctrl_reader_thread reader: unexpected response. (msg_id,token)expect:15,182 got:34,181 result=3
06-13 14:26:51.575757  1055  1274 I EMDLOGGER1: MAL_ccb_OnLoggingResume: SPLM_A2M_SAVE_LOCATION(0), ret 1
06-13 14:26:51.575853  1055  1274 D ccci_lib: write done of user57 buffer0: OK, i=23 write=23, alloc=23, free=22, len=144
06-13 14:26:51.575911  1055  1274 D EMDLOGGER1: MAL_ccb_OnLoggingResume: Send SPLM_A2M_AP_LOGGING_IS_READY, mdlog_logging_mode = 1
06-13 14:26:51.576010  1055  1274 D ccci_lib: write done of user57 buffer0: OK, i=24 write=24, alloc=24, free=22, len=144
06-13 14:26:51.576146  1055  1274 D ccci_lib: write done of user57 buffer0: OK, i=25 write=25, alloc=25, free=22, len=16
06-13 14:26:51.581849  1055  1263 W EMDLOGGER1: mdlog_ccb_ctrl_reader_thread reader: unexpected response. (msg_id,token)expect:0,185 got:34,183 result=3
06-13 14:26:51.582049  1055  1263 W EMDLOGGER1: mdlog_ccb_ctrl_reader_thread reader: unexpected response. (msg_id,token)expect:0,185 got:34,184 result=3
06-13 14:26:51.583111  1055  1274 I EMDLOGGER1: ModemLogConfigure m_nKeepdumpThisTime =1, m_nKeepLogThisTime=1.
06-13 14:26:51.583233  1055  1274 D ccci_lib: write done of user57 buffer0: OK, i=26 write=26, alloc=26, free=25, len=144
06-13 14:26:51.583293  1055  1274 D ccci_lib: write done of user57 buffer0: OK, i=27 write=27, alloc=27, free=25, len=14
06-13 14:26:51.583476  1275  1330 I VoLTE IMCB-CM: receive the nessage from IMC #72
06-13 14:26:51.584286  1055  1263 W EMDLOGGER1: mdlog_ccb_ctrl_reader_thread reader: unexpected response. (msg_id,token)expect:32,187 got:34,186 result=3
06-13 14:26:51.584768  1275  1275 I VoLTE IMCB-0: {{{{[process_msg] msg_id=100118(0x00018716), dst=IMCB[2], IMCB_IMC_HEADER_FILE_VERNO=8d, MSG_ID_IMC_IN_BEGIN=100000, IMC_FEATURE_BITMAP=0x3 @0#190
06-13 14:26:51.584768  1275  1275 I VoLTE IMCB-0: ENTER imcb_imc_tlv_para_setting_ind_handler()@0#6359
06-13 14:26:51.584768  1275  1275 I VoLTE IMCB-0: Pure Mesage Send dest=UA[3], msg_id=10006(0x00002716), len=8, IMCB_IMC_HEADER_FILE_VERNO=8d, MSG_ID_IMC_IN_BEGIN=100000, IMC_FEATURE_BITMAP=0x3 imcb_send_to_COMM()@0#248
06-13 14:26:51.584768  1275  1275 I VoLTE IMCB-0: ENTER imcb_log_dump()@0#3665
06-13 14:26:51.584768  1275  1275 I VoLTE IMCB-0: ** SIM id [0] ** @0#3671
06-13 14:26:51.584768  1275  1275 I VoLTE IMCB-0: [Connection] imsa:1, vt:1 @0#3672
06-13 14:26:51.584768  1275  1275 I VoLTE IMCB-0: [operator] id:0 @0#3673
06-13 14:26:51.584768  1275  1275 I VoLTE IMCB-0: [bearer_context] @0#3679
06-13 14:26:51.584768  1275  1275 I VoLTE IMCB-0: [pending txid] nm:0, em:0 @0#3680
06-13 14:26:51.584768  1275  1275 I VoLTE IMCB-0: [PDN_SGN] @0#3684
06-13 14:26:51.584768  1275  1275 I VoLTE IMCB-0: [BEARER] @0#3721
06-13 14:26:51.584768  1275  1275 I VoLTE IMCB-0: ** ACCT context - Normal ** @0#3776
06-13 14:26:51.584768  1275  1275 I VoLTE IMCB-0: Current State: BEARER_DEACTIVE imcb_get_fsm_state()@0#51
06-13 14:26:51.584768  1275  1275 I VoLTE IMCB-0: SGN part imcb_log_dump()@0#3779
06-13 14:26:51.584768  1275  1275 I VoLTE IMCB-0: active_sgn_id: 0, sgn_qci=0 @0#3780
06-13 14:26:51.584768  1275  1275 I VoLTE IMCB-0: P-CSCF part @0#3788
06-13 14:26:51.584768  1275  1275 I VoLTE IMCB-0: Timer part @0#3796}}}}
06-13 14:26:51.585092  1275  1275 I VoLTE IMCB-0: {{{{[timer_id] dereg_tmo:0, ims_pdn_retry:0, emergency_pdn_abort:0, differ_connect_req_to_ua:0 @0#3801
06-13 14:26:51.585092  1275  1275 I VoLTE IMCB-0: RAT part @0#3803
06-13 14:26:51.585092  1275  1275 I VoLTE IMCB-0: rat_type:128 @0#3804
06-13 14:26:51.585092  1275  1275 I VoLTE IMCB-0: Flag part @0#3806
06-13 14:26:51.585092  1275  1275 I VoLTE IMCB-0: wait_ua_disconnect_flag:0 @0#3807
06-13 14:26:51.585092  1275  1275 I VoLTE IMCB-0: ** ACCT context - Emergency ** @0#3815
06-13 14:26:51.585092  1275  1275 I VoLTE IMCB-0: Current State: BEARER_DEACTIVE imcb_get_fsm_state()@0#51
06-13 14:26:51.585092  1275  1275 I VoLTE IMCB-0: SGN part imcb_log_dump()@0#3818
06-13 14:26:51.585092  1275  1275 I VoLTE IMCB-0: active_sgn_id: 0, sgn_qci=0 @0#3819
06-13 14:26:51.585092  1275  1275 I VoLTE IMCB-0: P-CSCF part @0#3827
06-13 14:26:51.585092  1275  1275 I VoLTE IMCB-0: Timer part @0#3835
06-13 14:26:51.585092  1275  1275 I VoLTE IMCB-0: [timer_id] dereg_tmo:0, ims_pdn_retry:0, emergency_pdn_abort:0, differ_connect_req_to_ua:0 @0#3841
06-13 14:26:51.585092  1275  1275 I VoLTE IMCB-0: RAT part @0#3843
06-13 14:26:51.585092  1275  1275 I VoLTE IMCB-0: rat_type:128 @0#3844
06-13 14:26:51.585092  1275  1275 I VoLTE IMCB-0: Flag part @0#3846
06-13 14:26:51.585092  1275  1275 I VoLTE IMCB-0: wait_ua_disconnect_flag:0 @0#3847
06-13 14:26:51.585092  1275  1275 I VoLTE IMCB-0: ** SIM id [1] ** @0#3671
06-13 14:26:51.585092  1275  1275 I VoLTE IMCB-0: [Connection] imsa:1, vt:1 @0#3672
06-13 14:26:51.585092  1275  1275 I VoLTE IMCB-0: [operator] id:0 @0#3673
06-13 14:26:51.585092  1275  1275 I VoLTE IMCB-0: [bearer_context] @0#3679
06-13 14:26:51.585092  1275  1275 I VoLTE IMCB-0: [pending txid] nm:0, em:0 @0#3680
06-13 14:26:51.585092  1275  1275 I VoLTE IMCB-0: [PDN_SGN] @0#3684
06-13 14:26:51.585092  1275  1275 I VoLTE IMCB-0: [BEARER] @0#3721}}}}
06-13 14:26:51.584497  1055  1274 E EMDLOGGER1: MAL_ccb_OnLoggingResume: set logging option failed, rslt=3
06-13 14:26:51.585281  1055  1274 D ccci_lib: write done of user57 buffer0: OK, i=28 write=28, alloc=28, free=27, len=144
06-13 14:26:51.585318  1272  1310 I VoLTE REG: *Reg[0] = Disconnect (module/volte//volte_stack/src/reg/reg.c:15872)
06-13 14:26:51.585338  1055  1274 I EMDLOGGER1: dhl_logging_option: version:1, logging enable=1, dump flag=1.
06-13 14:26:51.585355  1272  1310 I VoLTE REG: *Reg[1] = Disconnect (module/volte//volte_stack/src/reg/reg.c:15872)
06-13 14:26:51.585374  1272  1310 I VoLTE REG: *Reg[2] = Disconnect (module/volte//volte_stack/src/reg/reg.c:15872)
06-13 14:26:51.585381  1055  1274 D ccci_lib: write done of user57 buffer0: OK, i=29 write=29, alloc=29, free=27, len=144
06-13 14:26:51.585389  1272  1310 I VoLTE REG: *Reg[3] = Disconnect (module/volte//volte_stack/src/reg/reg.c:15872)
06-13 14:26:51.585404  1055  1274 I EMDLOGGER1: SPLM_A2M_LOGGING_OPTION is not supported.
06-13 14:26:51.585406  1272  1310 I VoLTE REG: *Reg[4] = Disconnect (module/volte//volte_stack/src/reg/reg.c:15872)
06-13 14:26:51.585421  1272  1310 I VoLTE REG: *Reg[5] = Disconnect (module/volte//volte_stack/src/reg/reg.c:15872)
06-13 14:26:51.585435  1055  1274 D ccci_lib: write done of user57 buffer0: OK, i=30 write=30, alloc=30, free=27, len=144
06-13 14:26:51.585544  1275  1275 I VoLTE IMCB-0: {{{{** ACCT context - Normal ** @0#3776
06-13 14:26:51.585544  1275  1275 I VoLTE IMCB-0: Current State: BEARER_DEACTIVE imcb_get_fsm_state()@0#51
06-13 14:26:51.585544  1275  1275 I VoLTE IMCB-0: SGN part imcb_log_dump()@0#3779
06-13 14:26:51.585544  1275  1275 I VoLTE IMCB-0: active_sgn_id: 0, sgn_qci=0 @0#3780
06-13 14:26:51.585544  1275  1275 I VoLTE IMCB-0: P-CSCF part @0#3788
06-13 14:26:51.585544  1275  1275 I VoLTE IMCB-0: Timer part @0#3796
06-13 14:26:51.585544  1275  1275 I VoLTE IMCB-0: [timer_id] dereg_tmo:0, ims_pdn_retry:0, emergency_pdn_abort:0, differ_connect_req_to_ua:0 @0#3801
06-13 14:26:51.585544  1275  1275 I VoLTE IMCB-0: RAT part @0#3803
06-13 14:26:51.585544  1275  1275 I VoLTE IMCB-0: rat_type:128 @0#3804
06-13 14:26:51.585544  1275  1275 I VoLTE IMCB-0: Flag part @0#3806
06-13 14:26:51.585544  1275  1275 I VoLTE IMCB-0: wait_ua_disconnect_flag:0 @0#3807
06-13 14:26:51.585544  1275  1275 I VoLTE IMCB-0: ** ACCT context - Emergency ** @0#3815
06-13 14:26:51.585544  1275  1275 I VoLTE IMCB-0: Current State: BEARER_DEACTIVE imcb_get_fsm_state()@0#51
06-13 14:26:51.585544  1275  1275 I VoLTE IMCB-0: SGN part imcb_log_dump()@0#3818
06-13 14:26:51.585544  1275  1275 I VoLTE IMCB-0: active_sgn_id: 0, sgn_qci=0 @0#3819
06-13 14:26:51.585544  1275  1275 I VoLTE IMCB-0: P-CSCF part @0#3827
06-13 14:26:51.585544  1275  1275 I VoLTE IMCB-0: Timer part @0#3835
06-13 14:26:51.585544  1275  1275 I VoLTE IMCB-0: [timer_id] dereg_tmo:0, ims_pdn_retry:0, emergency_pdn_abort:0, differ_connect_req_to_ua:0 @0#3841
06-13 14:26:51.585544  1275  1275 I VoLTE IMCB-0: RAT part @0#3843
06-13 14:26:51.585544  1275  1275 I VoLTE IMCB-0: rat_type:128 @0#3844
06-13 14:26:51.585544  1275  1275 I VoLTE IMCB-0: Flag part @0#3846
06-13 14:26:51.585544  1275  1275 I VoLTE IMCB-0: wait_ua_disconnect_flag:0 @0#3847}}}}
06-13 14:26:51.585562  1055 26328 I EMDLOGGER1: thrMDLogReader: resume from pause state
06-13 14:26:51.585589  1055 26329 I EMDLOGGER1: thrMDLogWriter: resume from pause state
06-13 14:26:51.585612  1055 26328 I EMDLOGGER1: MAL_ccb_ReadFromLogPort: Call count 2 in 77.793s
06-13 14:26:51.585637  1055 26328 I EMDLOGGER1: MAL_ccb_ReadFromLogPort: max latency = 4165.786ms, max_ccci_ccb_poll_t = 4164.954ms@1749813937.957823, max_ccci_ccb_read_get_t = 0.002ms, max_ccb_read_done_t = 0.001ms
06-13 14:26:51.585815  1275  1275 I VoLTE IMCB-0: {{{{** SIM id [2] ** @0#3671
06-13 14:26:51.585815  1275  1275 I VoLTE IMCB-0: [Connection] imsa:1, vt:1 @0#3672
06-13 14:26:51.585815  1275  1275 I VoLTE IMCB-0: [operator] id:0 @0#3673
06-13 14:26:51.585815  1275  1275 I VoLTE IMCB-0: [bearer_context] @0#3679
06-13 14:26:51.585815  1275  1275 I VoLTE IMCB-0: [pending txid] nm:0, em:0 @0#3680
06-13 14:26:51.585815  1275  1275 I VoLTE IMCB-0: [PDN_SGN] @0#3684
06-13 14:26:51.585815  1275  1275 I VoLTE IMCB-0: [BEARER] @0#3721
06-13 14:26:51.585815  1275  1275 I VoLTE IMCB-0: ** ACCT context - Normal ** @0#3776
06-13 14:26:51.585815  1275  1275 I VoLTE IMCB-0: Current State: BEARER_DEACTIVE imcb_get_fsm_state()@0#51
06-13 14:26:51.585815  1275  1275 I VoLTE IMCB-0: SGN part imcb_log_dump()@0#3779
06-13 14:26:51.585815  1275  1275 I VoLTE IMCB-0: active_sgn_id: 0, sgn_qci=0 @0#3780
06-13 14:26:51.585815  1275  1275 I VoLTE IMCB-0: P-CSCF part @0#3788
06-13 14:26:51.585815  1275  1275 I VoLTE IMCB-0: Timer part @0#3796
06-13 14:26:51.585815  1275  1275 I VoLTE IMCB-0: [timer_id] dereg_tmo:0, ims_pdn_retry:0, emergency_pdn_abort:0, differ_connect_req_to_ua:0 @0#3801
06-13 14:26:51.585815  1275  1275 I VoLTE IMCB-0: RAT part @0#3803
06-13 14:26:51.585815  1275  1275 I VoLTE IMCB-0: rat_type:128 @0#3804
06-13 14:26:51.585815  1275  1275 I VoLTE IMCB-0: Flag part @0#3806
06-13 14:26:51.585815  1275  1275 I VoLTE IMCB-0: wait_ua_disconnect_flag:0 @0#3807
06-13 14:26:51.585815  1275  1275 I VoLTE IMCB-0: ** ACCT context - Emergency ** @0#3815
06-13 14:26:51.585815  1275  1275 I VoLTE IMCB-0: Current State: BEARER_DEACTIVE imcb_get_fsm_state()@0#51
06-13 14:26:51.585815  1275  1275 I VoLTE IMCB-0: SGN part imcb_log_dump()@0#3818
06-13 14:26:51.585815  1275  1275 I VoLTE IMCB-0: active_sgn_id: 0, sgn_qci=0 @0#3819
06-13 14:26:51.585815  1275  1275 I VoLTE IMCB-0: P-CSCF part @0#3827
06-13 14:26:51.585815  1275  1275 I VoLTE IMCB-0: Timer part @0#3835}}}}
06-13 14:26:51.585909  1275  1275 I VoLTE IMCB: {{{{[timer_id] dereg_tmo:0, ims_pdn_retry:0, emergency_pdn_abort:0, differ_connect_req_to_ua:0 @0#3841
06-13 14:26:51.585909  1275  1275 I VoLTE IMCB: RAT part @0#3843
06-13 14:26:51.585909  1275  1275 I VoLTE IMCB: rat_type:128 @0#3844
06-13 14:26:51.585909  1275  1275 I VoLTE IMCB: Flag part @0#3846
06-13 14:26:51.585909  1275  1275 I VoLTE IMCB: wait_ua_disconnect_flag:0 @0#3847
06-13 14:26:51.585909  1275  1275 I VoLTE IMCB: EndofMessage process_msg()@0#242}}}}
06-13 14:26:51.586402  1055  1263 W EMDLOGGER1: mdlog_ccb_ctrl_reader_thread reader: unexpected response. (msg_id,token)expect:34,190 got:34,188 result=3
06-13 14:26:51.586481  1055  1263 W EMDLOGGER1: mdlog_ccb_ctrl_reader_thread reader: unexpected response. (msg_id,token)expect:34,190 got:34,189 result=3
06-13 14:26:51.591725  1055  1274 D EMDLOGGER1: setproperty vendor.mdlogger.Running: 1.
06-13 14:26:51.592197  1055  1274 D EMDLOGGER1: Get auto start mode: 2
06-13 14:26:51.592697  1055  1274 D ccci_lib: write done of user57 buffer2: OK, i=29 write=29, alloc=29, free=28, len=1016
06-13 14:26:51.592813  1055  1274 D ccci_lib: write done of user57 buffer2: OK, i=30 write=30, alloc=30, free=28, len=8
06-13 14:26:51.592853  1055  1274 D ccci_lib: write done of user57 buffer2: OK, i=31 write=31, alloc=31, free=28, len=1016
06-13 14:26:51.592875  1055  1274 D ccci_lib: write done of user57 buffer2: OK, i=0 write=0, alloc=0, free=28, len=8
06-13 14:26:51.592904  1055  1274 D ccci_lib: write done of user57 buffer2: OK, i=1 write=1, alloc=1, free=28, len=1016
06-13 14:26:51.592987  1055  1274 D ccci_lib: write done of user57 buffer2: OK, i=2 write=2, alloc=2, free=28, len=8
06-13 14:26:51.593034  1055  1274 D ccci_lib: write done of user57 buffer2: OK, i=3 write=3, alloc=3, free=28, len=1016
06-13 14:26:51.593057  1055  1274 D ccci_lib: write done of user57 buffer2: OK, i=4 write=4, alloc=4, free=28, len=8
06-13 14:26:51.593085  1055  1274 D ccci_lib: write done of user57 buffer2: OK, i=5 write=5, alloc=5, free=28, len=1016
06-13 14:26:51.593150  1055  1274 D ccci_lib: write done of user57 buffer2: OK, i=6 write=6, alloc=6, free=28, len=8
06-13 14:26:51.593187  1055  1274 D ccci_lib: write done of user57 buffer2: OK, i=7 write=7, alloc=7, free=28, len=1016
06-13 14:26:51.593208  1055  1274 D ccci_lib: write done of user57 buffer2: OK, i=8 write=8, alloc=8, free=28, len=8
06-13 14:26:51.593236  1055  1274 D ccci_lib: write done of user57 buffer2: OK, i=9 write=9, alloc=9, free=28, len=1016
06-13 14:26:51.593257  1055  1274 D ccci_lib: write done of user57 buffer2: OK, i=10 write=10, alloc=10, free=28, len=8
06-13 14:26:51.593295  1055  1274 D ccci_lib: write done of user57 buffer2: OK, i=11 write=11, alloc=11, free=28, len=1016
06-13 14:26:51.593725  1055  1274 D ccci_lib: write done of user57 buffer2: OK, i=12 write=12, alloc=12, free=28, len=8
06-13 14:26:51.593835  1055  1274 D ccci_lib: write done of user57 buffer2: OK, i=13 write=13, alloc=13, free=28, len=1016
06-13 14:26:51.593887  1055  1274 D ccci_lib: write done of user57 buffer2: OK, i=14 write=14, alloc=14, free=28, len=8
06-13 14:26:51.593973  1055  1274 D ccci_lib: write done of user57 buffer2: OK, i=15 write=15, alloc=15, free=28, len=370
06-13 14:26:51.594099  1055  1274 E EMDLOGGER1: filter size: 9594 Bytes
06-13 14:26:51.594189  1055  1274 D ccci_lib: write done of user57 buffer0: OK, i=31 write=31, alloc=31, free=30, len=144
06-13 14:26:51.594254  1055  1274 E EMDLOGGER1: filter modified time:2025-06-11 16:43:29
06-13 14:26:51.594292  1055  1274 D ccci_lib: write done of user57 buffer0: OK, i=0 write=0, alloc=0, free=30, len=144
06-13 14:26:51.594314  1055  1274 E EMDLOGGER1: filter path:/data/mdlog/catcher_filter_1_ulwtg_n.bin
06-13 14:26:51.594347  1055  1274 D ccci_lib: write done of user57 buffer0: OK, i=1 write=1, alloc=1, free=30, len=144
06-13 14:26:51.594369  1055  1274 D EMDLOGGER1: passFilter: filter successfully sent:/data/mdlog/catcher_filter_1_ulwtg_n.bin
06-13 14:26:51.595064  1055  1274 D EMDLOGGER1: Set name mdl_seek_filter for thread(1dc83cb0)
06-13 14:26:51.595110  1055 13337 I EMDLOGGER1: Detect filter thread started!
06-13 14:26:51.595141  1055  1274 D EMDLOGGER1: MDCommEngine.resume: done.
06-13 14:26:51.595258  1055 13337 D EMDLOGGER1: Get auto start mode: 2
06-13 14:26:51.595397  1055 13338 I EMDLOGGER1: start Logging Recycle thread
06-13 14:26:51.595428  1055  1274 D EMDLOGGER1: Set name mdl_recycle for thread(1a75ecb0)
06-13 14:26:51.595453  1055  1274 D EMDLOGGER1: resumeLogging: MD engine success to resume log.
06-13 14:26:51.595476  1055 13338 D EMDLOGGER1: Get recycle size: 2000 M
06-13 14:26:51.595481  1055  1274 D EMDLOGGER1: vendor.mdlogger.Running = 1
06-13 14:26:51.595579  1055  1274 I EMDLOGGER1: mdlogger send ACK deep_start,2,1
06-13 14:26:51.595754  1055 13338 D MDLOGGER_CLEAR_LOG: V4.W1828.3 clearLogFolder /data/debuglogger/mdlog1 size is 29 M. Recycle size is 2000 M,no need clear log
06-13 14:26:51.595793  1055 13338 I EMDLOGGER1: First do Recycle
06-13 14:26:51.596111 19614 19660 I LogHandler/AbstractLogConnection: setResponseFromServer() mServerName = com.mediatek.mdlogger.socket1 serverData = deep_start,2,1
06-13 14:26:51.596279 19614 19660 I LogHandler/ModemLog: update, serverResponseStr = deep_start,2,1
06-13 14:26:51.603208  1055  1263 W EMDLOGGER1: mdlog_ccb_ctrl_reader_thread reader: unexpected response. (msg_id,token)expect:34,193 got:34,191 result=3
06-13 14:26:51.603373  1055  1263 W EMDLOGGER1: mdlog_ccb_ctrl_reader_thread reader: unexpected response. (msg_id,token)expect:34,193 got:34,192 result=3
06-13 14:26:51.626083 19614 13309 I LogHandler/AbstractLogInstance: getResponse, responseStr = deep_start,2,1 and waiting time remaining = 14900
06-13 14:26:51.626354 19614 13306 I LogHandler/AbstractLogInstance: getResponse, responseStr = deep_start,1 and waiting time remaining = 14900
06-13 14:26:51.626504 19614 13309 W DebugLoggerUI/IQDumpController: it's not support IQDump feature, cannot start IQDump
06-13 14:26:51.755820 12691 12713 I TestRunner: finished: startServer(io.appium.uiautomator2.server.test.AppiumUiAutomator2Server)
06-13 14:26:51.772457 12691 12713 I TestRunner: run finished: 1 tests, 0 failed, 0 ignored
06-13 14:26:51.812798  1570  3309 I mtkpower_client: [Legacy][PowerHal_Wrap_notifyAppState] io.appium.uiautomator2.server/io.appium.uiautomator2.server pid=12691 state:3
06-13 14:26:51.813424   875   979 I libPowerHal: [perfNotifyAppState] pack:io.appium.uiautomator2.server, act:io.appium.uiautomator2.server, state:3, pid:12691, uid:10238, fps:90
06-13 14:26:51.813560   875   979 I libPowerHal: [perfNotifyAppState] pack:io.appium.uiautomator2.server, pid:12691, STATE_DEAD
06-13 14:26:51.813595   875   979 D RilUtility: notify_rild_crash_pid_set certPid:-1, crash:12691, scn:0x0
06-13 14:26:51.817005 12691 12713 I Process : Sending signal. PID: 12691 SIG: 9
06-13 14:26:51.817832  1570 13339 W AES     : Exception Log handling...
06-13 14:26:51.817903  1570 13339 W AES     : Skipped - do not care third party apk
06-13 14:26:51.894000  1570  1608 I libprocessgroup: Successfully killed process cgroup uid 10238 pid 12691 in 0ms
06-13 14:26:51.894471   849   849 I Zygote  : Process 12691 exited due to signal 9 (Killed)
06-13 14:26:51.894510  1570  6699 I mtkpower_client: [Legacy][PowerHal_Wrap_notifyAppState] io.appium.uiautomator2.server/io.appium.uiautomator2.server pid=12691 state:3
06-13 14:26:51.897270   875   979 I libPowerHal: [perfNotifyAppState] pack:io.appium.uiautomator2.server, act:io.appium.uiautomator2.server, state:3, pid:12691, uid:10238, fps:90
06-13 14:26:51.897361   875   979 I libPowerHal: [perfNotifyAppState] pack:io.appium.uiautomator2.server, pid:12691, STATE_DEAD
06-13 14:26:51.897412   875   979 D RilUtility: notify_rild_crash_pid_set certPid:-1, crash:12691, scn:0x0
06-13 14:26:52.020030  1055 13333 D EMDLOGGER1: Copy DB finished.
06-13 14:26:52.103906   883   883 I BufferQueueProducer: [Starting logs#12461](this:0xb400007001765e18,id:-1,api:0,p:-1,c:883) queueBuffer: fps=88.61 dur=1004.45 max=12.69 min=10.36
06-13 14:26:52.118011   870  2099 I android.hardware.usb@1.2-service-mediatekv2: uevent_event change@/devices/platform/battery/power_supply/battery
06-13 14:26:52.118407   870  2099 I android.hardware.usb@1.2-service-mediatekv2: uevent_event change@/devices/platform/battery/power_supply/battery
06-13 14:26:52.118691   870  2099 I android.hardware.usb@1.2-service-mediatekv2: uevent_event change@/devices/platform/battery/power_supply/battery
06-13 14:26:52.119464   870  2099 I android.hardware.usb@1.2-service-mediatekv2: uevent_event change@/devices/platform/battery/power_supply/battery
06-13 14:26:52.119747   870  2099 I android.hardware.usb@1.2-service-mediatekv2: uevent_event change@/devices/platform/battery/power_supply/battery
06-13 14:26:52.120000   870  2099 I android.hardware.usb@1.2-service-mediatekv2: uevent_event change@/devices/platform/battery/power_supply/battery
06-13 14:26:52.120248   870  2099 I android.hardware.usb@1.2-service-mediatekv2: uevent_event change@/devices/platform/battery/power_supply/battery
06-13 14:26:52.120507   870  2099 I android.hardware.usb@1.2-service-mediatekv2: uevent_event change@/devices/platform/battery/power_supply/battery
06-13 14:26:52.120765   870  2099 I android.hardware.usb@1.2-service-mediatekv2: uevent_event change@/devices/platform/battery/power_supply/battery
06-13 14:26:52.121025   870  2099 I android.hardware.usb@1.2-service-mediatekv2: uevent_event change@/devices/platform/battery/power_supply/battery
06-13 14:26:52.121356   870  2099 I android.hardware.usb@1.2-service-mediatekv2: uevent_event change@/devices/platform/battery/power_supply/battery
06-13 14:26:52.121641   870  2099 I android.hardware.usb@1.2-service-mediatekv2: uevent_event change@/devices/platform/battery/power_supply/battery
06-13 14:26:52.121954   870  2099 I android.hardware.usb@1.2-service-mediatekv2: uevent_event change@/devices/platform/battery/power_supply/battery
06-13 14:26:52.122219   870  2099 I android.hardware.usb@1.2-service-mediatekv2: uevent_event change@/devices/platform/battery/power_supply/battery
06-13 14:26:52.122529   870  2099 I android.hardware.usb@1.2-service-mediatekv2: uevent_event change@/devices/platform/battery/power_supply/battery
06-13 14:26:52.122792   870  2099 I android.hardware.usb@1.2-service-mediatekv2: uevent_event change@/devices/platform/battery/power_supply/battery
06-13 14:26:52.123051   870  2099 I android.hardware.usb@1.2-service-mediatekv2: uevent_event change@/devices/platform/battery/power_supply/battery
06-13 14:26:52.123432   870  2099 I android.hardware.usb@1.2-service-mediatekv2: uevent_event change@/devices/platform/battery/power_supply/battery
06-13 14:26:52.123703   870  2099 I android.hardware.usb@1.2-service-mediatekv2: uevent_event change@/devices/platform/battery/power_supply/battery
06-13 14:26:52.123966   870  2099 I android.hardware.usb@1.2-service-mediatekv2: uevent_event change@/devices/platform/battery/power_supply/battery
06-13 14:26:52.124261   870  2099 I android.hardware.usb@1.2-service-mediatekv2: uevent_event change@/devices/platform/battery/power_supply/battery
06-13 14:26:52.403920   875   958 I libPerfCtl: xgfGetFPS pid:2157 fps:-1
06-13 14:26:52.404194   875   958 I libPerfCtl: xgfGetFPS pid:8646 fps:-1
06-13 14:26:52.404261   875   958 I libPerfCtl: xgfGetFPS pid:12943 fps:-1
06-13 14:26:52.404329   875   958 I libPerfCtl: xgfGetFPS pid:19614 fps:88
06-13 14:26:52.444472   863   863 I hwcomposer: [HWCDisplay] [Display_0 (type:1)] fps:88.610519,dur:1004.40,max:12.88,min:10.31  
06-13 14:26:52.632787   883  1431 D SurfaceFlinger: calculateTimeoutTime, triggerInterval = 5 sec + 999489230 nsec
06-13 14:26:53.108073   883   883 I BufferQueueProducer: [Starting logs#12461](this:0xb400007001765e18,id:-1,api:0,p:-1,c:883) queueBuffer: fps=88.63 dur=1004.15 max=11.66 min=10.70
06-13 14:26:53.382415   883  1426 D SurfaceFlinger: calculateTimeoutTime, triggerInterval = 1 sec + 724552231 nsec
06-13 14:26:53.404222   875   958 I libPerfCtl: xgfGetFPS pid:2157 fps:-1
06-13 14:26:53.404385   875   958 I libPerfCtl: xgfGetFPS pid:12943 fps:-1
06-13 14:26:53.404449   875   958 I libPerfCtl: xgfGetFPS pid:19614 fps:88
06-13 14:26:53.449248   863   863 I hwcomposer: [HWCDisplay] [Display_0 (type:1)] fps:88.575195,dur:1004.80,max:11.95,min:10.58  
06-13 14:26:53.737959  7774  7774 D BoundBrokerSvc: onUnbind: Intent { act=com.google.android.gms.inappreach.service.START dat=chimera-action:/... cmp=com.google.android.gms/.chimera.GmsApiService }
06-13 14:26:53.868137  1055 26330 I EMDLOGGER1: MDL rate:40 KB/s, full count:0, Interval:800*100ms, TimerToFlush: 23, m_ReadThreadStep: 10,m_WriteThreadStep: 9
06-13 14:26:54.112444   883   883 I BufferQueueProducer: [Starting logs#12461](this:0xb400007001765e18,id:-1,api:0,p:-1,c:883) queueBuffer: fps=88.61 dur=1004.38 max=11.68 min=10.87
06-13 14:26:54.404475   875   958 I libPerfCtl: xgfGetFPS pid:2157 fps:-1
06-13 14:26:54.404653   875   958 I libPerfCtl: xgfGetFPS pid:12943 fps:-1
06-13 14:26:54.404727   875   958 I libPerfCtl: xgfGetFPS pid:19614 fps:88
06-13 14:26:54.453440   863   863 I hwcomposer: [HWCDisplay] [Display_0 (type:1)] fps:88.628448,dur:1004.19,max:12.23,min:10.42  
06-13 14:26:54.627524 19614 13254 I DebugLoggerUI/ServiceStatusManager: statusChanged : LOG_STARTING_DONE, old status = LOG_STARTING
06-13 14:26:54.631734 19614 13254 I DebugLoggerUI/ServiceStatusManager: getAllRunningLogTypes() runningTypes.Size = 5
06-13 14:26:54.632154 19614 13254 W DebugLoggerUI/ServiceStatusManager: Notification is disabled, does not show any notification.
06-13 14:26:54.632204 19614 13254 I DebugLoggerUI/ServiceStatusManager: setNotificationsEnabledForPackage() enabled ? false
06-13 14:26:54.632294 19614 13254 I DebugLoggerUI/ServiceStatusManager: setNotificationsEnabledForPackage() enabled = false, applicationInfo.uid = 10182
06-13 14:26:54.635175 19614 13254 I DebugLoggerUI: isAutoTest()-> Monkey running flag is false, isUserAMonkey=false
06-13 14:26:54.636279 19614 13254 W DebugLoggerUI/ServiceStatusManager: showServiceNotification(), context = Mobile,Modem,Network,ConnsysFW,GPSHost Log are on.
06-13 14:26:54.641633 19614 13254 W DebugLoggerUI/ServiceStatusManager: Notification is disabled, does not show any notification.
06-13 14:26:54.641719 19614 13254 I DebugLoggerUI/ServiceStatusManager: setNotificationsEnabledForPackage() enabled ? false
06-13 14:26:54.641796 19614 13254 I DebugLoggerUI/ServiceStatusManager: setNotificationsEnabledForPackage() enabled = false, applicationInfo.uid = 10182
06-13 14:26:54.649410 19614 19614 I DebugLoggerUI/MainActivity: EXTRA_RUNNING_STAGE_CHANGE_EVENT
06-13 14:26:54.649523 19614 19614 I DebugLoggerUI/MainActivity: -->dismissTagProgressDialog()
06-13 14:26:54.649564 19614 19614 I DebugLoggerUI/MainActivity: changeWaitingDialog() -> currentRunningStage is 0
06-13 14:26:54.649868 19614 19614 W WindowOnBackDispatcher: sendCancelIfRunning: isInProgress=falsecallback=android.view.ViewRootImpl$$ExternalSyntheticLambda19@de54bfc
06-13 14:26:54.654126 19614 19614 D View    : [Warning] assignParent to null: this = DecorView@8b05285[Starting logs]
06-13 14:26:54.654909 19614 13254 I DebugLoggerUI/LogControllerUtils: <--isAnyControlledLogRunning()? true
06-13 14:26:54.655875 19614 13254 I DebugLoggerUI/DebugLoggerUIService: <--startRecordingDone(), result = false, sucessType = 55, failType = 64
06-13 14:26:54.656768  1570  3313 W InputManager-JNI: Input channel object '91d156 Starting logs (client)' was disposed without first being removed with the input manager!
06-13 14:26:54.658364 19614 13254 I DebugLoggerUI/DebugLoggerUIService: linkFile exist or null: /data/debuglogger/connsyslog/bthci
06-13 14:26:54.660045   883  1074 E BufferQueueDebug: [Surface(name=91d156 Starting logs)/@0x862f848 - animation-leash of window_animation#12465](this:0xb4000070017c3da8,id:-1,api:0,p:-1,c:-1) id info cannot be read from 'Surface(name=91d156 Starting logs)/@0x862f848 - animation-leash of window_animation#12465'
06-13 14:26:54.660868   883  1074 I BufferQueueDebug: [Surface(name=91d156 Starting logs)/@0x862f848 - animation-leash of window_animation#12465](this:0xb4000070017c3da8,id:-1,api:0,p:-1,c:-1) BufferQueue core=(883:/system/bin/surfaceflinger)
06-13 14:26:54.665393   883  1074 E BufferQueueDebug: [Surface(name=a512361 StatusBar)/@0x77a8d40 - animation-leash of insets_animation#12466](this:0xb4000070017d4f08,id:-1,api:0,p:-1,c:-1) id info cannot be read from 'Surface(name=a512361 StatusBar)/@0x77a8d40 - animation-leash of insets_animation#12466'
06-13 14:26:54.665640   883  1074 I BufferQueueDebug: [Surface(name=a512361 StatusBar)/@0x77a8d40 - animation-leash of insets_animation#12466](this:0xb4000070017d4f08,id:-1,api:0,p:-1,c:-1) BufferQueue core=(883:/system/bin/surfaceflinger)
06-13 14:26:54.668302   883  1684 E BufferQueueDebug: [Surface(name=3043d21 NavigationBar0)/@0x5b7d479 - animation-leash of insets_animation#12467](this:0xb400007001771458,id:-1,api:0,p:-1,c:-1) id info cannot be read from 'Surface(name=3043d21 NavigationBar0)/@0x5b7d479 - animation-leash of insets_animation#12467'
06-13 14:26:54.668543   883  1684 I BufferQueueDebug: [Surface(name=3043d21 NavigationBar0)/@0x5b7d479 - animation-leash of insets_animation#12467](this:0xb400007001771458,id:-1,api:0,p:-1,c:-1) BufferQueue core=(883:/system/bin/surfaceflinger)
06-13 14:26:54.674350   883  1074 E BufferQueueDebug: [Surface(name=Dim Layer for - Task=279)/@0xe7a92c7 - animation-leash of dimmer#12468](this:0xb4000070017c6b38,id:-1,api:0,p:-1,c:-1) id info cannot be read from 'Surface(name=Dim Layer for - Task=279)/@0xe7a92c7 - animation-leash of dimmer#12468'
06-13 14:26:54.674636   883  1074 I BufferQueueDebug: [Surface(name=Dim Layer for - Task=279)/@0xe7a92c7 - animation-leash of dimmer#12468](this:0xb4000070017c6b38,id:-1,api:0,p:-1,c:-1) BufferQueue core=(883:/system/bin/surfaceflinger)
06-13 14:26:54.682460 19614 19614 D InputTransport: Destroy ARC handle: 0xb400007121dd1720
06-13 14:26:54.683334 19614 19614 I DebugLoggerUI/MainActivity: ACTION_LOG_STATE_CHANGED
06-13 14:26:54.687599 19614 13252 I DebugLoggerUI: isAutoTest()-> Monkey running flag is false, isUserAMonkey=false
06-13 14:26:54.687795 19614 13252 I LogHandler/AbstractLogInstance: -->getValueFromServer(), command = getstatus
06-13 14:26:54.687860 19614 13252 I LogHandler/AbstractLogConnection: sendToServer() mServerName = com.mediatek.mdlogger.socket1 data = getstatus
06-13 14:26:54.688739  1570  1596 D SurfaceComposerClient: Transaction::apply InputWindowCommands.focusRequests timestamp=132374498599197, windowName=40bcfff com.debug.loggerui/com.debug.loggerui.MainActivity
06-13 14:26:54.697805 19614 12927 D BLASTBufferQueue: [VRI[Starting logs]#196](f:0,a:2) destructor()
06-13 14:26:54.698054 19614 12927 D BufferQueueConsumer: [VRI[Starting logs]#196(BLAST Consumer)196](id:4c9e000000c4,api:0,p:-1,c:19614) disconnect
06-13 14:26:54.699401   883   883 D SurfaceFlinger: Focus addInputWindowCommands timestamp=132374498599197, windowName=40bcfff com.debug.loggerui/com.debug.loggerui.MainActivity
06-13 14:26:54.699790   883   883 I BufferQueueDebug: [Surface(name=3043d21 NavigationBar0)/@0x5b7d479 - animation-leash of insets_animation#12460](this:0xb4000070017468e8,id:-1,api:0,p:-1,c:883) onDestructor()
06-13 14:26:54.699938   883   883 I BufferQueueDebug: [Surface(name=a512361 StatusBar)/@0x77a8d40 - animation-leash of insets_animation#12459](this:0xb4000070017daa28,id:-1,api:0,p:-1,c:883) onDestructor()
06-13 14:26:54.702159   883  1437 D SurfaceFlinger: updateWinowInfo=1, setFocusedWindow timestamp=132374498599197, windowName=40bcfff com.debug.loggerui/com.debug.loggerui.MainActivity
06-13 14:26:54.706685  1570  3313 I ImeTracker: com.debug.loggerui:f4c736e2: onRequestHide at ORIGIN_SERVER_HIDE_INPUT reason HIDE_SAME_WINDOW_FOCUSED_WITHOUT_EDITOR
06-13 14:26:54.707167  1570  3313 I ImeTracker: com.debug.loggerui:f4c736e2: onCancelled at PHASE_SERVER_SHOULD_HIDE
06-13 14:26:54.711816 23161 23161 I GoogleInputMethodService: GoogleInputMethodService.onFinishInput():1975 
06-13 14:26:54.713496 23161 23161 I Module  : DeviceLockedStatusModuleProvider$Module.updateDeviceLockedStatus():100 repeatCheckTimes = 0, locked = false
06-13 14:26:54.716025 23161 23161 I GoogleInputMethodService: GoogleInputMethodService.onStartInput():1247 onStartInput(EditorInfo{EditorInfo{packageName=com.debug.loggerui, inputType=0, inputTypeString=NULL, enableLearning=false, autoCorrection=false, autoComplete=false, imeOptions=0, privateImeOptions=null, actionName=UNSPECIFIED, actionLabel=null, initialSelStart=-1, initialSelEnd=-1, initialCapsMode=0, label=null, fieldId=0, fieldName=null, extras=null, hintText=null, hintLocales=[]}}, false)
06-13 14:26:54.716091   883   883 I BufferQueueProducer: [FramebufferSurface](this:0xb400006f615de2f0,id:-1,api:1,p:883,c:883) queueBuffer: fps=1.97 dur=4575.52 max=4461.30 min=11.75
06-13 14:26:54.720856 23161 23161 I Module  : DeviceLockedStatusModuleProvider$Module.updateDeviceLockedStatus():100 repeatCheckTimes = 1, locked = false
06-13 14:26:54.738599  1055  1274 D EMDLOGGER1: mdlogger select done
06-13 14:26:54.738874  1055  1274 I EMDLOGGER1: mdlogger receive command getstatus
06-13 14:26:54.738960  1055  1274 I EMDLOGGER1: mdlogger send ACK getstatus,1
06-13 14:26:54.739541 19614 19660 I LogHandler/AbstractLogConnection: setResponseFromServer() mServerName = com.mediatek.mdlogger.socket1 serverData = getstatus,1
06-13 14:26:54.739670 19614 19660 I LogHandler/ModemLog: update, serverResponseStr = getstatus,1
06-13 14:26:54.838947 19614 13252 I LogHandler/AbstractLogInstance: getResponse, responseStr = getstatus,1 and waiting time remaining = 14900
06-13 14:26:54.839589 19614 13252 I LogHandler/AbstractLogInstance: <--getValueFromServer(), serverValue = 1
06-13 14:26:54.840399 19614 19614 I DebugLoggerUI/MainActivity: -->updateUI(), Update UI Start
06-13 14:26:54.840535 19614 19614 I DebugLoggerUI/MainActivity: -->dismissTagProgressDialog()
06-13 14:26:54.840616 19614 19614 I DebugLoggerUI/MainActivity: changeWaitingDialog() -> currentRunningStage is 0
06-13 14:26:54.843296 19614 19614 I DebugLoggerUI/LogControllerUtils: <--isAnyConnsysLogRunning()? true
06-13 14:26:54.843871 19614 19614 I DebugLoggerUI/MainActivity: timeString : 0:00:00
06-13 14:26:54.845042 19614 19614 I DebugLoggerUI: isTaglogEnable ? false
06-13 14:26:54.847286 19614 13351 W DebugLoggerUI/Utils: fileTree is null or does not exist!
06-13 14:26:54.847365 19614 13351 I DebugLoggerUI/LogController: <--getRunningLogPath(), logType = GPSHOST_LOG, runningLogPath = null
06-13 14:26:54.847902 19614 13351 I DebugLoggerUI/Utils: <--getPathFromFileTree() fileTree = /data/debuglogger/connsyslog/fw/file_tree.txt, fileList.size = 21
06-13 14:26:54.847961 19614 13351 I DebugLoggerUI/Utils: -->getPathFromFileTree() logFolderPath = /data/debuglogger/connsyslog/fw/CsLog_2025_0613_142651, for beforeTime = null or empty!
06-13 14:26:54.847998 19614 13351 I DebugLoggerUI/LogController: <--getRunningLogPath(), logType = CONNSYSFW_LOG, runningLogPath = /data/debuglogger/connsyslog/fw/CsLog_2025_0613_142651
06-13 14:26:54.848415 19614 13351 I DebugLoggerUI/Utils: <--getPathFromFileTree() fileTree = /data/debuglogger/mobilelog/file_tree.txt, fileList.size = 21
06-13 14:26:54.848463 19614 13351 I DebugLoggerUI/Utils: -->getPathFromFileTree() logFolderPath = /data/debuglogger/mobilelog/APLog_2025_0613_142650__21/, for beforeTime = null or empty!
06-13 14:26:54.848496 19614 13351 I DebugLoggerUI/LogController: <--getRunningLogPath(), logType = MOBILE_LOG, runningLogPath = /data/debuglogger/mobilelog/APLog_2025_0613_142650__21
06-13 14:26:54.848801 19614 13351 I DebugLoggerUI/Utils: <--getPathFromFileTree() fileTree = /data/debuglogger/netlog/file_tree.txt, fileList.size = 21
06-13 14:26:54.848847 19614 13351 I DebugLoggerUI/Utils: -->getPathFromFileTree() logFolderPath = /data/debuglogger//netlog/NTLog_2025_0613_142651, for beforeTime = null or empty!
06-13 14:26:54.848877 19614 13351 I DebugLoggerUI/LogController: <--getRunningLogPath(), logType = NETWORK_LOG, runningLogPath = /data/debuglogger/netlog/NTLog_2025_0613_142651
06-13 14:26:54.849313 19614 13351 I DebugLoggerUI/Utils: <--getPathFromFileTree() fileTree = /data/debuglogger/mdlog1/file_tree.txt, fileList.size = 21
06-13 14:26:54.849365 19614 13351 I DebugLoggerUI/Utils: -->getPathFromFileTree() logFolderPath = /data/debuglogger/mdlog1/MDLog1_2025_0613_142651, for beforeTime = null or empty!
06-13 14:26:54.849571 19614 13351 I DebugLoggerUI/ModemLogController: <--getRunningLogPath(), runningLogPath = /data/debuglogger/mdlog1/MDLog1_2025_0613_142651
06-13 14:26:54.849782 19614 13351 W DebugLoggerUI/LogControllerUtils: getCanBeDeletedFileList() taglogFolder = /data/debuglogger/taglog is not exist!
06-13 14:26:54.856628 19614 19614 I DebugLoggerUI/MainActivity: Receive check existing log folder done message, result=true
06-13 14:26:54.881732   883   883 I BufferQueueProducer: [com.debug.loggerui/com.debug.loggerui.MainActivity#12450](this:0xb400007001793718,id:-1,api:0,p:-1,c:883) queueBuffer: fps=0.21 dur=4796.50 max=4796.50 min=4796.50
06-13 14:26:54.917789   883   883 I BufferQueueDebug: [91d156 Starting logs#12458](this:0xb400007001735788,id:-1,api:0,p:-1,c:883) onDestructor()
06-13 14:26:54.918250  1095  1224 D AAL     : 06-13 02:26:54.740 BL= 693,ESS= 256, 06-13 02:26:54.782 BL= 694,ESS= 256, 06-13 02:26:54.827 BL= 695,ESS= 256, 06-13 02:26:54.873 BL= 696,ESS= 256, 06-13 02:26:54.918 BL= 698,ESS= 256, 
06-13 14:26:54.918290   883   883 I BufferQueueDebug: [Starting logs#12461](this:0xb400007001765e18,id:-1,api:0,p:-1,c:883) onDestructor()
06-13 14:26:54.920404   883   883 I BufferQueueDebug: [Surface(name=91d156 Starting logs)/@0x862f848 - animation-leash of window_animation#12465](this:0xb4000070017c3da8,id:-1,api:0,p:-1,c:883) onDestructor()
06-13 14:26:54.957316   883   883 I BufferQueueDebug: [Dim Layer for - Task=279#12463](this:0xb4000070017602f8,id:-1,api:0,p:-1,c:883) onDestructor()
06-13 14:26:54.957529   883   883 I BufferQueueDebug: [Surface(name=Dim Layer for - Task=279)/@0xe7a92c7 - animation-leash of dimmer#12468](this:0xb4000070017c6b38,id:-1,api:0,p:-1,c:883) onDestructor()
06-13 14:26:54.974224  1095  1224 D AAL     : 06-13 02:26:54.929 BL= 699,ESS= 256, 06-13 02:26:54.940 BL= 713,ESS= 256, 06-13 02:26:54.952 BL= 714,ESS= 256, 06-13 02:26:54.963 BL= 715,ESS= 256, 06-13 02:26:54.974 BL= 716,ESS= 256, 
06-13 14:26:55.054075  1095  1224 D AAL     : 06-13 02:26:54.985 BL= 717,ESS= 256, 06-13 02:26:54.996 BL= 718,ESS= 256, 06-13 02:26:55.019 BL= 719,ESS= 256, 06-13 02:26:55.030 BL= 720,ESS= 256, 06-13 02:26:55.054 BL= 721,ESS= 256, 
06-13 14:26:55.069956   870  2099 I android.hardware.usb@1.2-service-mediatekv2: uevent_event change@/devices/platform/battery/power_supply/battery
06-13 14:26:55.070487   870  2099 I android.hardware.usb@1.2-service-mediatekv2: uevent_event change@/devices/platform/battery/power_supply/battery
06-13 14:26:55.070842   870  2099 I android.hardware.usb@1.2-service-mediatekv2: uevent_event change@/devices/platform/battery/power_supply/battery
06-13 14:26:55.071113   870  2099 I android.hardware.usb@1.2-service-mediatekv2: uevent_event change@/devices/platform/battery/power_supply/battery
06-13 14:26:55.071371   870  2099 I android.hardware.usb@1.2-service-mediatekv2: uevent_event change@/devices/platform/battery/power_supply/battery
06-13 14:26:55.071624   870  2099 I android.hardware.usb@1.2-service-mediatekv2: uevent_event change@/devices/platform/battery/power_supply/battery
06-13 14:26:55.071878   870  2099 I android.hardware.usb@1.2-service-mediatekv2: uevent_event change@/devices/platform/battery/power_supply/battery
06-13 14:26:55.072140   870  2099 I android.hardware.usb@1.2-service-mediatekv2: uevent_event change@/devices/platform/battery/power_supply/battery
06-13 14:26:55.072396   870  2099 I android.hardware.usb@1.2-service-mediatekv2: uevent_event change@/devices/platform/battery/power_supply/battery
06-13 14:26:55.072651   870  2099 I android.hardware.usb@1.2-service-mediatekv2: uevent_event change@/devices/platform/battery/power_supply/battery
06-13 14:26:55.072906   870  2099 I android.hardware.usb@1.2-service-mediatekv2: uevent_event change@/devices/platform/battery/power_supply/battery
06-13 14:26:55.073593   870  2099 I android.hardware.usb@1.2-service-mediatekv2: uevent_event change@/devices/platform/battery/power_supply/battery
06-13 14:26:55.073870   870  2099 I android.hardware.usb@1.2-service-mediatekv2: uevent_event change@/devices/platform/battery/power_supply/battery
06-13 14:26:55.074151   870  2099 I android.hardware.usb@1.2-service-mediatekv2: uevent_event change@/devices/platform/battery/power_supply/battery
06-13 14:26:55.074420   870  2099 I android.hardware.usb@1.2-service-mediatekv2: uevent_event change@/devices/platform/battery/power_supply/battery
06-13 14:26:55.074679   870  2099 I android.hardware.usb@1.2-service-mediatekv2: uevent_event change@/devices/platform/battery/power_supply/battery
06-13 14:26:55.074933   870  2099 I android.hardware.usb@1.2-service-mediatekv2: uevent_event change@/devices/platform/battery/power_supply/battery
06-13 14:26:55.075849   870  2099 I android.hardware.usb@1.2-service-mediatekv2: uevent_event change@/devices/platform/battery/power_supply/battery
06-13 14:26:55.076239   870  2099 I android.hardware.usb@1.2-service-mediatekv2: uevent_event change@/devices/platform/battery/power_supply/battery
06-13 14:26:55.076625   870  2099 I android.hardware.usb@1.2-service-mediatekv2: uevent_event change@/devices/platform/battery/power_supply/battery
06-13 14:26:55.077003   870  2099 I android.hardware.usb@1.2-service-mediatekv2: uevent_event change@/devices/platform/battery/power_supply/battery
06-13 14:26:55.098271  1095  1224 D AAL     : 06-13 02:26:55.054 BL= 722,ESS= 256, 06-13 02:26:55.064 BL= 723,ESS= 256, 06-13 02:26:55.075 BL= 724,ESS= 256, 06-13 02:26:55.086 BL= 725,ESS= 256, 06-13 02:26:55.098 BL= 726,ESS= 256, 
06-13 14:26:55.102076   619  3968 D StNfcHal: (#03A96) Rx 6f 02 0f (hidden)
06-13 14:26:55.102352   619  3967 D StNfcHal: HalStopTimer 
06-13 14:26:55.107279   883  1426 D SurfaceFlinger: calculateTimeoutTime, triggerInterval = 4 sec + 581333846 nsec
06-13 14:26:55.154962  1095  1224 D AAL     : 06-13 02:26:55.109 BL= 727,ESS= 256, 06-13 02:26:55.120 BL= 728,ESS= 256, 06-13 02:26:55.132 BL= 729,ESS= 256, 06-13 02:26:55.143 BL= 730,ESS= 256, 06-13 02:26:55.154 BL= 731,ESS= 256, 
06-13 14:26:55.222650  1095  1224 D AAL     : 06-13 02:26:55.166 BL= 732,ESS= 256, 06-13 02:26:55.188 BL= 733,ESS= 256, 06-13 02:26:55.201 BL= 734,ESS= 256, 06-13 02:26:55.211 BL= 735,ESS= 256, 06-13 02:26:55.222 BL= 736,ESS= 256, 
06-13 14:26:55.279059  1095  1224 D AAL     : 06-13 02:26:55.234 BL= 737,ESS= 256, 06-13 02:26:55.245 BL= 738,ESS= 256, 06-13 02:26:55.256 BL= 739,ESS= 256, 06-13 02:26:55.267 BL= 740,ESS= 256, 06-13 02:26:55.278 BL= 741,ESS= 256, 
06-13 14:26:55.324047  1095  1224 D AAL     : 06-13 02:26:55.290 BL= 742,ESS= 256, 06-13 02:26:55.302 BL= 743,ESS= 256, 06-13 02:26:55.313 BL= 744,ESS= 256, 
06-13 14:26:55.382034   619  3968 D StNfcHal: (#03A97) Rx 6f 02 27 (hidden)
06-13 14:26:55.382255   619  3967 D StNfcHal: HalStopTimer 
06-13 14:26:55.405277   875   958 I libPerfCtl: xgfGetFPS pid:2157 fps:-1
06-13 14:26:55.405454   875   958 I libPerfCtl: xgfGetFPS pid:12943 fps:-1
06-13 14:26:55.405543   875   958 I libPerfCtl: xgfGetFPS pid:19614 fps:88
06-13 14:26:55.431394  2157  2157 D WifiSignalController: isWifi6: false,wifiVisible: true
06-13 14:26:55.431467  2157  2157 D WifiSignalController: iconId: 2131233834
06-13 14:26:55.477571   883   883 I BufferQueueProducer: [StatusBar#79](this:0xb400007001738518,id:-1,api:0,p:-1,c:883) queueBuffer: fps=0.33 dur=6046.06 max=5741.62 min=304.44
06-13 14:26:55.480220   863   863 I hwcomposer: [HWCDisplay] [Display_0 (type:1)] fps:39.930401,dur:1026.79,max:518.99,min:6.74  
06-13 14:26:55.584894  1075  1075 I thermal_repeater: [recvMdThermalInfo] ret=30, strLen=127,  2, 32767, -127, 196, 32767, 0
06-13 14:26:56.405699   875   958 I libPerfCtl: xgfGetFPS pid:2157 fps:-1
06-13 14:26:56.405919   875   958 I libPerfCtl: xgfGetFPS pid:12943 fps:-1
06-13 14:26:56.406007   875   958 I libPerfCtl: xgfGetFPS pid:19614 fps:-1
06-13 14:26:56.406047   875   958 I libPowerHal: [updateFPS] pid(19614) : 90 => -1
06-13 14:26:56.406696   875   979 I libPowerHal: [perfNotifyAppState] pack:com.debug.loggerui, act:com.debug.loggerui.MainActivity, state:5, pid:19614, uid:10182, fps:-1
06-13 14:26:56.410196   875   979 I UxUtility: notifyForegroundApp pack:com.debug.loggerui, uid:10182
06-13 14:26:56.410322   875   979 I TouchUtility: notifyAppState error = NULL
06-13 14:26:56.886903   883   883 I BufferQueueProducer: [com.debug.loggerui/com.debug.loggerui.MainActivity#12450](this:0xb400007001793718,id:-1,api:0,p:-1,c:883) queueBuffer: fps=1.50 dur=2005.17 max=1014.44 min=10.82
06-13 14:26:56.889603   863   863 I hwcomposer: [HWCDisplay] [Display_0 (type:1)] fps:1.419057,dur:1409.39,max:1014.43,min:394.96  
06-13 14:26:57.322492  1055 26328 I EMDLOGGER1: MAL_ccb_ReadFromLogPort: Call count 7 in 5.737s
06-13 14:26:57.322687  1055 26328 I EMDLOGGER1: MAL_ccb_ReadFromLogPort: max latency = 2952.425ms, max_ccci_ccb_poll_t = 2952.032ms@1749814017.321977, max_ccci_ccb_read_get_t = 0.003ms, max_ccb_read_done_t = 0.003ms
06-13 14:26:57.406232   875   958 I libPerfCtl: xgfGetFPS pid:2157 fps:-1
06-13 14:26:57.406448   875   958 I libPerfCtl: xgfGetFPS pid:12943 fps:-1
06-13 14:26:57.406537   875   958 I libPerfCtl: xgfGetFPS pid:19614 fps:-1
06-13 14:26:57.651553   875   979 I libPowerHal: [perfLockAcq] idx:0 hdl:6352 hint:25 pid:875 duration:10000 lock_user:mtkpower@1.0-se => ret_hdl:6352
06-13 14:26:57.652607   875   979 I libPowerHal: [PE] MTKPOWER_HINT_APP_TOUCH update cmd:3408600 param:1
06-13 14:26:57.734144   875   979 I libPowerHal: [perfLockRel] hdl:6352, idx:0
06-13 14:26:57.734563   875   979 I libPowerHal: [PD] MTKPOWER_HINT_APP_TOUCH update cmd:3408600 param:0
06-13 14:26:57.735330 19614 19614 I DebugLoggerUI/MainActivity: stopLogs log:-1
06-13 14:26:57.735887 19614 13354 I DebugLoggerUI/DebugLoggerUIService: -->stopRecording(), logTypeCluster=-1, reason=from_ui
06-13 14:26:57.735934 19614 13354 I DebugLoggerUI/ServiceStatusManager: statusChanged : LOG_STOPPING, old status = LOG_STARTING_DONE
06-13 14:26:57.735997 19614 13354 W DebugLoggerUI/ServiceStatusManager: Notification is disabled, does not show any notification.
06-13 14:26:57.736019 19614 13354 I DebugLoggerUI/ServiceStatusManager: setNotificationsEnabledForPackage() enabled ? false
06-13 14:26:57.736068 19614 13354 I DebugLoggerUI/ServiceStatusManager: setNotificationsEnabledForPackage() enabled = false, applicationInfo.uid = 10182
06-13 14:26:57.736742 19614 19614 I DebugLoggerUI/MainActivity: -->dismissTagProgressDialog()
06-13 14:26:57.736767 19614 19614 I DebugLoggerUI/MainActivity: changeWaitingDialog() -> currentRunningStage is 2
06-13 14:26:57.737624 19614 13354 I DebugLoggerUI: isAutoTest()-> Monkey running flag is false, isUserAMonkey=false
