06-13 14:26:48.229977  1570  1628 I priAutoBrightness_PriSmartBrightnessController: update target brightness point to : (10456.749, 490.0, 255.0)->(10458.945, 490.0, 255.0)
06-13 14:26:48.230007  1570  1628 D priAutoBrightness_PriSmartBrightnessController: onTargetBrightnessChange#3
06-13 14:26:48.230090  1570  1628 D priAutoBrightness_PriSmartBrightnessController: updateAutoBrightness() newScreenAutoBrightness0:1.0, mScreenAutoBrightness:1.0, mAmbientLux:10458.945 mDragPoint:null mTargetBrightnessPoint:(10458.945, 490.0, 255.0)
06-13 14:26:48.230132  1570  1628 D priAutoBrightness_PriMinimumBrightnessDelegate: checkMiniumBrightness() brightness:255
06-13 14:26:48.230156  1570  1628 D priAutoBrightness_PriMinimumBrightnessDelegate: checkTimeState() brightness=255, mCurrentEnvironmentStatus=1
06-13 14:26:48.230261  1570  1628 D priAutoBrightness_PriMinimumBrightnessDelegate: BrightDayStatus, change current brightness = 255 13nit=6 keep=false
06-13 14:26:48.230297  1570  1628 D priAutoBrightness_PriMinimumBrightnessDelegate: checkTimeState() resultBrightness:255
06-13 14:26:48.230335  1570  1628 D priAutoBrightness_PriSmartBrightnessController: checkMiniumBrightness() return newScreenAutoBrightness:1.0
06-13 14:26:48.230358  1570  1628 D priAutoBrightness_PriSmartBrightnessController: ignoring newScreenAutoBrightness: 1.0
06-13 14:26:48.230372  1570  1628 D priAutoBrightness_PriSmartBrightnessController: updateGuardStrategy#1
06-13 14:26:48.230412  1570  1628 I priAutoBrightness_PriDisplayBrightnessGuardStrategy: updateGuardStrategy update guard point: (10458.945, 490.0, 255.0)
06-13 14:26:48.230451  1570  1628 I priAutoBrightness_PriDisplayBrightnessGuardStrategy: not find left large change value
06-13 14:26:48.230480  1570  1628 I priAutoBrightness_PriDisplayBrightnessGuardStrategy: not find right large change value
06-13 14:26:48.230528  1570  1628 I priAutoBrightness_PriDisplayBrightnessGuardStrategy: updateGuardStrategy large lux threshold: [ (5000.0, 468.2304, 248.46051), (5000.0, 468.2304, 248.46051) ]
06-13 14:26:48.230559  1570  1628 I priAutoBrightness_PriDisplayBrightnessGuardStrategy: updateGuardStrategy small lux point: [ (9913.051, 490.0, 255.0), (11004.84, 490.0, 255.0) ]
06-13 14:26:48.230579  1570  1628 I priAutoBrightness_PriDisplayBrightnessGuardStrategy: updateGuardStrategy small lux threshold: [ (7183.578, 490.0, 255.0), (7183.578, 490.0, 255.0) ]
06-13 14:26:48.317785  1570  1570 D WindowManager: setParent old=Leaf:3:12@22325745,new=null,this window=WindowToken{9c688a0 type=2005 android.os.Binder@2d66da3},callers=com.android.server.wm.WindowContainer.removeChild:761 com.android.server.wm.WindowContainer.removeImmediately:819 com.android.server.wm.WindowToken.setExiting:261 com.android.server.wm.DisplayContent.removeWindowToken:1440 com.android.server.wm.WindowManagerService.removeWindowToken:2987 com.android.server.wm.WindowManagerService$LocalService.removeWindowToken:7997 
06-13 14:26:48.360982  1570  1593 E ApplicationHelper: Fail to get PackageManager
06-13 14:26:48.374058  1570  6707 D CoreBackPreview: Window{f39850f u0 Splash Screen com.debug.loggerui EXITING}: Setting back callback null
06-13 14:26:48.429455  1570  1628 D priAutoBrightness_PriDisplayBrightnessGuardStrategy: handleUpdateBrightness getNextPoint,LargeChanged:true,isRegressionDefaultSpline:false,full:false,HBM:false,count=0,point:(10461.502, 490.0, 255.0),target:(10458.945, 490.0, 255.0),drag:null,large[5000.0,5000.0],small[7183.578,7183.578]
06-13 14:26:48.429584  1570  1628 D priAutoBrightness_PriSmartBrightnessController: handleUpdateBrightness brightness changed:(10458.945, 490.0, 255.0)->(10461.502, 490.0, 255.0),isReset=false lux=10461.502,drag:null
06-13 14:26:48.429626  1570  1628 I priAutoBrightness_PriSmartBrightnessController: update target brightness point to : (10458.945, 490.0, 255.0)->(10461.502, 490.0, 255.0)
06-13 14:26:48.429673  1570  1628 D priAutoBrightness_PriSmartBrightnessController: onTargetBrightnessChange#3
06-13 14:26:48.429715  1570  1628 D priAutoBrightness_PriSmartBrightnessController: updateAutoBrightness() newScreenAutoBrightness0:1.0, mScreenAutoBrightness:1.0, mAmbientLux:10461.502 mDragPoint:null mTargetBrightnessPoint:(10461.502, 490.0, 255.0)
06-13 14:26:48.429769  1570  1628 D priAutoBrightness_PriMinimumBrightnessDelegate: checkMiniumBrightness() brightness:255
06-13 14:26:48.429789  1570  1628 D priAutoBrightness_PriMinimumBrightnessDelegate: checkTimeState() brightness=255, mCurrentEnvironmentStatus=1
06-13 14:26:48.429805  1570  1628 D priAutoBrightness_PriMinimumBrightnessDelegate: BrightDayStatus, change current brightness = 255 13nit=6 keep=false
06-13 14:26:48.429817  1570  1628 D priAutoBrightness_PriMinimumBrightnessDelegate: checkTimeState() resultBrightness:255
06-13 14:26:48.429836  1570  1628 D priAutoBrightness_PriSmartBrightnessController: checkMiniumBrightness() return newScreenAutoBrightness:1.0
06-13 14:26:48.429851  1570  1628 D priAutoBrightness_PriSmartBrightnessController: ignoring newScreenAutoBrightness: 1.0
06-13 14:26:48.429861  1570  1628 D priAutoBrightness_PriSmartBrightnessController: updateGuardStrategy#1
06-13 14:26:48.429886  1570  1628 I priAutoBrightness_PriDisplayBrightnessGuardStrategy: updateGuardStrategy update guard point: (10461.502, 490.0, 255.0)
06-13 14:26:48.429907  1570  1628 I priAutoBrightness_PriDisplayBrightnessGuardStrategy: not find left large change value
06-13 14:26:48.429924  1570  1628 I priAutoBrightness_PriDisplayBrightnessGuardStrategy: not find right large change value
06-13 14:26:48.429968  1570  1628 I priAutoBrightness_PriDisplayBrightnessGuardStrategy: updateGuardStrategy large lux threshold: [ (5000.0, 468.2304, 248.46051), (5000.0, 468.2304, 248.46051) ]
06-13 14:26:48.429992  1570  1628 I priAutoBrightness_PriDisplayBrightnessGuardStrategy: updateGuardStrategy small lux point: [ (9915.352, 490.0, 255.0), (11007.652, 490.0, 255.0) ]
06-13 14:26:48.430012  1570  1628 I priAutoBrightness_PriDisplayBrightnessGuardStrategy: updateGuardStrategy small lux threshold: [ (7184.601, 490.0, 255.0), (7184.601, 490.0, 255.0) ]
06-13 14:26:48.512380  1570  1570 W AccessibilityManagerService:  wait for adding window timeout: 2318
06-13 14:26:48.538996  1570  1596 D WindowManager: setParent old=ActivityRecord{5d090b3 u0 com.debug.loggerui/.MainActivity t279},new=null,this window=Window{f39850f u0 Splash Screen com.debug.loggerui},callers=com.android.server.wm.WindowContainer.removeChild:761 com.android.server.wm.ActivityRecord.removeChild:4488 com.android.server.wm.ActivityRecord.removeChild:409 com.android.server.wm.WindowContainer.removeImmediately:819 com.android.server.wm.WindowState.removeImmediately:2386 com.android.server.wm.WindowState.destroySurface:3379 
06-13 14:26:48.554381  2157  2235 V WindowManagerShell: Transition animation finished (aborted=false), notifying core (#1029)android.os.BinderProxy@5bcb9ec@0
06-13 14:26:48.556403  1570  1592 V WindowManager: Finish Transition #1029: created at 06-13 14:26:47.969 collect-started=0.063ms request-sent=9.426ms started=12.121ms ready=26.024ms sent=66.007ms finished=586.207ms
06-13 14:26:48.561178  2157  2235 V WindowManagerShell: Track 0 became idle
06-13 14:26:48.561436  2157  2235 V WindowManagerShell: All active transition animations finished
06-13 14:26:48.564944  1570  1596 D MSyncForWMS: setFrameRate: 2060.0
06-13 14:26:48.566184  1570  1593 E ApplicationHelper: Fail to get PackageManager
06-13 14:26:48.603864  1570  1593 E ApplicationHelper: Fail to get PackageManager
06-13 14:26:48.606591  1570  1593 E ApplicationHelper: Fail to get PackageManager
06-13 14:26:48.606660  1570  1605 W ProcessStats: Tracking association SourceState{4996b45 com.google.android.gms.persistent/10122 Fgs #240841} whose proc state 3 is better than process ProcessState{5fe29a com.google.android.gms.unstable/10122 pkg=com.google.android.gms} proc state 14 (312 skipped)
06-13 14:26:48.611139  1570  1593 E ApplicationHelper: Fail to get PackageManager
06-13 14:26:48.611226  1570  1593 E ApplicationHelper: Fail to get PackageManager
06-13 14:26:48.611251  1570  1593 E ApplicationHelper: Fail to get PackageManager
06-13 14:26:48.611655  1570  1593 E ApplicationHelper: Fail to get PackageManager
06-13 14:26:48.611707  1570  1593 E ApplicationHelper: Fail to get PackageManager
06-13 14:26:48.611723  1570  1593 E ApplicationHelper: Fail to get PackageManager
06-13 14:26:48.611734  1570  1593 E ApplicationHelper: Fail to get PackageManager
06-13 14:26:48.611744  1570  1593 E ApplicationHelper: Fail to get PackageManager
06-13 14:26:48.611755  1570  1593 E ApplicationHelper: Fail to get PackageManager
06-13 14:26:48.611764  1570  1593 E ApplicationHelper: Fail to get PackageManager
06-13 14:26:48.629547  1570  1628 D priAutoBrightness_PriDisplayBrightnessGuardStrategy: handleUpdateBrightness getNextPoint,LargeChanged:true,isRegressionDefaultSpline:false,full:false,HBM:false,count=0,point:(10463.551, 490.0, 255.0),target:(10461.502, 490.0, 255.0),drag:null,large[5000.0,5000.0],small[7184.601,7184.601]
06-13 14:26:48.629674  1570  1628 D priAutoBrightness_PriSmartBrightnessController: handleUpdateBrightness brightness changed:(10461.502, 490.0, 255.0)->(10463.551, 490.0, 255.0),isReset=false lux=10463.551,drag:null
06-13 14:26:48.629714  1570  1628 I priAutoBrightness_PriSmartBrightnessController: update target brightness point to : (10461.502, 490.0, 255.0)->(10463.551, 490.0, 255.0)
06-13 14:26:48.629730  1570  1628 D priAutoBrightness_PriSmartBrightnessController: onTargetBrightnessChange#3
06-13 14:26:48.629767  1570  1628 D priAutoBrightness_PriSmartBrightnessController: updateAutoBrightness() newScreenAutoBrightness0:1.0, mScreenAutoBrightness:1.0, mAmbientLux:10463.551 mDragPoint:null mTargetBrightnessPoint:(10463.551, 490.0, 255.0)
06-13 14:26:48.629812  1570  1628 D priAutoBrightness_PriMinimumBrightnessDelegate: checkMiniumBrightness() brightness:255
06-13 14:26:48.629834  1570  1628 D priAutoBrightness_PriMinimumBrightnessDelegate: checkTimeState() brightness=255, mCurrentEnvironmentStatus=1
06-13 14:26:48.629850  1570  1628 D priAutoBrightness_PriMinimumBrightnessDelegate: BrightDayStatus, change current brightness = 255 13nit=6 keep=false
06-13 14:26:48.629863  1570  1628 D priAutoBrightness_PriMinimumBrightnessDelegate: checkTimeState() resultBrightness:255
06-13 14:26:48.629922  1570  1628 D priAutoBrightness_PriSmartBrightnessController: checkMiniumBrightness() return newScreenAutoBrightness:1.0
06-13 14:26:48.629942  1570  1628 D priAutoBrightness_PriSmartBrightnessController: ignoring newScreenAutoBrightness: 1.0
06-13 14:26:48.629953  1570  1628 D priAutoBrightness_PriSmartBrightnessController: updateGuardStrategy#1
06-13 14:26:48.629979  1570  1628 I priAutoBrightness_PriDisplayBrightnessGuardStrategy: updateGuardStrategy update guard point: (10463.551, 490.0, 255.0)
06-13 14:26:48.630000  1570  1628 I priAutoBrightness_PriDisplayBrightnessGuardStrategy: not find left large change value
06-13 14:26:48.630019  1570  1628 I priAutoBrightness_PriDisplayBrightnessGuardStrategy: not find right large change value
06-13 14:26:48.630052  1570  1628 I priAutoBrightness_PriDisplayBrightnessGuardStrategy: updateGuardStrategy large lux threshold: [ (5000.0, 468.2304, 248.46051), (5000.0, 468.2304, 248.46051) ]
06-13 14:26:48.630075  1570  1628 I priAutoBrightness_PriDisplayBrightnessGuardStrategy: updateGuardStrategy small lux point: [ (9917.195, 490.0, 255.0), (11009.906, 490.0, 255.0) ]
06-13 14:26:48.630095  1570  1628 I priAutoBrightness_PriDisplayBrightnessGuardStrategy: updateGuardStrategy small lux threshold: [ (7185.4204, 490.0, 255.0), (7185.4204, 490.0, 255.0) ]
06-13 14:26:48.829912  1570  1628 D priAutoBrightness_PriDisplayBrightnessGuardStrategy: handleUpdateBrightness getNextPoint,LargeChanged:true,isRegressionDefaultSpline:false,full:false,HBM:false,count=0,point:(10464.534, 490.0, 255.0),target:(10463.551, 490.0, 255.0),drag:null,large[5000.0,5000.0],small[7185.4204,7185.4204]
06-13 14:26:48.830112  1570  1628 D priAutoBrightness_PriSmartBrightnessController: handleUpdateBrightness brightness changed:(10463.551, 490.0, 255.0)->(10464.534, 490.0, 255.0),isReset=false lux=10464.534,drag:null
06-13 14:26:48.830174  1570  1628 I priAutoBrightness_PriSmartBrightnessController: update target brightness point to : (10463.551, 490.0, 255.0)->(10464.534, 490.0, 255.0)
06-13 14:26:48.830204  1570  1628 D priAutoBrightness_PriSmartBrightnessController: onTargetBrightnessChange#3
06-13 14:26:48.830265  1570  1628 D priAutoBrightness_PriSmartBrightnessController: updateAutoBrightness() newScreenAutoBrightness0:1.0, mScreenAutoBrightness:1.0, mAmbientLux:10464.534 mDragPoint:null mTargetBrightnessPoint:(10464.534, 490.0, 255.0)
06-13 14:26:48.830312  1570  1628 D priAutoBrightness_PriMinimumBrightnessDelegate: checkMiniumBrightness() brightness:255
06-13 14:26:48.830411  1570  1628 D priAutoBrightness_PriMinimumBrightnessDelegate: checkTimeState() brightness=255, mCurrentEnvironmentStatus=1
06-13 14:26:48.830449  1570  1628 D priAutoBrightness_PriMinimumBrightnessDelegate: BrightDayStatus, change current brightness = 255 13nit=6 keep=false
06-13 14:26:48.830476  1570  1628 D priAutoBrightness_PriMinimumBrightnessDelegate: checkTimeState() resultBrightness:255
06-13 14:26:48.830518  1570  1628 D priAutoBrightness_PriSmartBrightnessController: checkMiniumBrightness() return newScreenAutoBrightness:1.0
06-13 14:26:48.830550  1570  1628 D priAutoBrightness_PriSmartBrightnessController: ignoring newScreenAutoBrightness: 1.0
06-13 14:26:48.830571  1570  1628 D priAutoBrightness_PriSmartBrightnessController: updateGuardStrategy#1
06-13 14:26:48.830634  1570  1628 I priAutoBrightness_PriDisplayBrightnessGuardStrategy: updateGuardStrategy update guard point: (10464.534, 490.0, 255.0)
06-13 14:26:48.830671  1570  1628 I priAutoBrightness_PriDisplayBrightnessGuardStrategy: not find left large change value
06-13 14:26:48.830703  1570  1628 I priAutoBrightness_PriDisplayBrightnessGuardStrategy: not find right large change value
06-13 14:26:48.830769  1570  1628 I priAutoBrightness_PriDisplayBrightnessGuardStrategy: updateGuardStrategy large lux threshold: [ (5000.0, 468.2304, 248.46051), (5000.0, 468.2304, 248.46051) ]
06-13 14:26:48.830883  1570  1628 I priAutoBrightness_PriDisplayBrightnessGuardStrategy: updateGuardStrategy small lux point: [ (9918.081, 490.0, 255.0), (11010.987, 490.0, 255.0) ]
06-13 14:26:48.830932  1570  1628 I priAutoBrightness_PriDisplayBrightnessGuardStrategy: updateGuardStrategy small lux threshold: [ (7185.814, 490.0, 255.0), (7185.814, 490.0, 255.0) ]
06-13 14:26:49.030763  1570  1628 D priAutoBrightness_PriDisplayBrightnessGuardStrategy: handleUpdateBrightness getNextPoint,LargeChanged:true,isRegressionDefaultSpline:false,full:false,HBM:false,count=0,point:(10465.773, 490.0, 255.0),target:(10464.534, 490.0, 255.0),drag:null,large[5000.0,5000.0],small[7185.814,7185.814]
06-13 14:26:49.031004  1570  1628 D priAutoBrightness_PriSmartBrightnessController: handleUpdateBrightness brightness changed:(10464.534, 490.0, 255.0)->(10465.773, 490.0, 255.0),isReset=false lux=10465.773,drag:null
06-13 14:26:49.031087  1570  1628 I priAutoBrightness_PriSmartBrightnessController: update target brightness point to : (10464.534, 490.0, 255.0)->(10465.773, 490.0, 255.0)
06-13 14:26:49.031127  1570  1628 D priAutoBrightness_PriSmartBrightnessController: onTargetBrightnessChange#3
06-13 14:26:49.031231  1570  1628 D priAutoBrightness_PriSmartBrightnessController: updateAutoBrightness() newScreenAutoBrightness0:1.0, mScreenAutoBrightness:1.0, mAmbientLux:10465.773 mDragPoint:null mTargetBrightnessPoint:(10465.773, 490.0, 255.0)
06-13 14:26:49.031299  1570  1628 D priAutoBrightness_PriMinimumBrightnessDelegate: checkMiniumBrightness() brightness:255
06-13 14:26:49.031347  1570  1628 D priAutoBrightness_PriMinimumBrightnessDelegate: checkTimeState() brightness=255, mCurrentEnvironmentStatus=1
06-13 14:26:49.031391  1570  1628 D priAutoBrightness_PriMinimumBrightnessDelegate: BrightDayStatus, change current brightness = 255 13nit=6 keep=false
06-13 14:26:49.031428  1570  1628 D priAutoBrightness_PriMinimumBrightnessDelegate: checkTimeState() resultBrightness:255
06-13 14:26:49.031484  1570  1628 D priAutoBrightness_PriSmartBrightnessController: checkMiniumBrightness() return newScreenAutoBrightness:1.0
06-13 14:26:49.031527  1570  1628 D priAutoBrightness_PriSmartBrightnessController: ignoring newScreenAutoBrightness: 1.0
06-13 14:26:49.031557  1570  1628 D priAutoBrightness_PriSmartBrightnessController: updateGuardStrategy#1
06-13 14:26:49.031624  1570  1628 I priAutoBrightness_PriDisplayBrightnessGuardStrategy: updateGuardStrategy update guard point: (10465.773, 490.0, 255.0)
06-13 14:26:49.031673  1570  1628 I priAutoBrightness_PriDisplayBrightnessGuardStrategy: not find left large change value
06-13 14:26:49.031715  1570  1628 I priAutoBrightness_PriDisplayBrightnessGuardStrategy: not find right large change value
06-13 14:26:49.031806  1570  1628 I priAutoBrightness_PriDisplayBrightnessGuardStrategy: updateGuardStrategy large lux threshold: [ (5000.0, 468.2304, 248.46051), (5000.0, 468.2304, 248.46051) ]
06-13 14:26:49.031873  1570  1628 I priAutoBrightness_PriDisplayBrightnessGuardStrategy: updateGuardStrategy small lux point: [ (9919.196, 490.0, 255.0), (11012.351, 490.0, 255.0) ]
06-13 14:26:49.031955  1570  1628 I priAutoBrightness_PriDisplayBrightnessGuardStrategy: updateGuardStrategy small lux threshold: [ (7186.3096, 490.0, 255.0), (7186.3096, 490.0, 255.0) ]
06-13 14:26:49.230394  1570  1628 D priAutoBrightness_PriDisplayBrightnessGuardStrategy: handleUpdateBrightness getNextPoint,LargeChanged:true,isRegressionDefaultSpline:false,full:false,HBM:false,count=0,point:(10467.273, 490.0, 255.0),target:(10465.773, 490.0, 255.0),drag:null,large[5000.0,5000.0],small[7186.3096,7186.3096]
06-13 14:26:49.230620  1570  1628 D priAutoBrightness_PriSmartBrightnessController: handleUpdateBrightness brightness changed:(10465.773, 490.0, 255.0)->(10467.273, 490.0, 255.0),isReset=false lux=10467.273,drag:null
06-13 14:26:49.230739  1570  1628 I priAutoBrightness_PriSmartBrightnessController: update target brightness point to : (10465.773, 490.0, 255.0)->(10467.273, 490.0, 255.0)
06-13 14:26:49.230782  1570  1628 D priAutoBrightness_PriSmartBrightnessController: onTargetBrightnessChange#3
06-13 14:26:49.230866  1570  1628 D priAutoBrightness_PriSmartBrightnessController: updateAutoBrightness() newScreenAutoBrightness0:1.0, mScreenAutoBrightness:1.0, mAmbientLux:10467.273 mDragPoint:null mTargetBrightnessPoint:(10467.273, 490.0, 255.0)
06-13 14:26:49.231034  1570  1628 D priAutoBrightness_PriMinimumBrightnessDelegate: checkMiniumBrightness() brightness:255
06-13 14:26:49.231087  1570  1628 D priAutoBrightness_PriMinimumBrightnessDelegate: checkTimeState() brightness=255, mCurrentEnvironmentStatus=1
06-13 14:26:49.231134  1570  1628 D priAutoBrightness_PriMinimumBrightnessDelegate: BrightDayStatus, change current brightness = 255 13nit=6 keep=false
06-13 14:26:49.231171  1570  1628 D priAutoBrightness_PriMinimumBrightnessDelegate: checkTimeState() resultBrightness:255
06-13 14:26:49.231225  1570  1628 D priAutoBrightness_PriSmartBrightnessController: checkMiniumBrightness() return newScreenAutoBrightness:1.0
06-13 14:26:49.231300  1570  1628 D priAutoBrightness_PriSmartBrightnessController: ignoring newScreenAutoBrightness: 1.0
06-13 14:26:49.231336  1570  1628 D priAutoBrightness_PriSmartBrightnessController: updateGuardStrategy#1
06-13 14:26:49.231406  1570  1628 I priAutoBrightness_PriDisplayBrightnessGuardStrategy: updateGuardStrategy update guard point: (10467.273, 490.0, 255.0)
06-13 14:26:49.231456  1570  1628 I priAutoBrightness_PriDisplayBrightnessGuardStrategy: not find left large change value
06-13 14:26:49.231500  1570  1628 I priAutoBrightness_PriDisplayBrightnessGuardStrategy: not find right large change value
06-13 14:26:49.231726  1570  1628 I priAutoBrightness_PriDisplayBrightnessGuardStrategy: updateGuardStrategy large lux threshold: [ (5000.0, 468.2304, 248.46051), (5000.0, 468.2304, 248.46051) ]
06-13 14:26:49.231799  1570  1628 I priAutoBrightness_PriDisplayBrightnessGuardStrategy: updateGuardStrategy small lux point: [ (9920.546, 490.0, 255.0), (11014.001, 490.0, 255.0) ]
06-13 14:26:49.231863  1570  1628 I priAutoBrightness_PriDisplayBrightnessGuardStrategy: updateGuardStrategy small lux threshold: [ (7186.9097, 490.0, 255.0), (7186.9097, 490.0, 255.0) ]
06-13 14:26:49.430211  1570  1628 D priAutoBrightness_PriDisplayBrightnessGuardStrategy: handleUpdateBrightness getNextPoint,LargeChanged:true,isRegressionDefaultSpline:false,full:false,HBM:false,count=0,point:(10468.747, 490.0, 255.0),target:(10467.273, 490.0, 255.0),drag:null,large[5000.0,5000.0],small[7186.9097,7186.9097]
06-13 14:26:49.430336  1570  1628 D priAutoBrightness_PriSmartBrightnessController: handleUpdateBrightness brightness changed:(10467.273, 490.0, 255.0)->(10468.747, 490.0, 255.0),isReset=false lux=10468.747,drag:null
06-13 14:26:49.430405  1570  1628 I priAutoBrightness_PriSmartBrightnessController: update target brightness point to : (10467.273, 490.0, 255.0)->(10468.747, 490.0, 255.0)
06-13 14:26:49.430432  1570  1628 D priAutoBrightness_PriSmartBrightnessController: onTargetBrightnessChange#3
06-13 14:26:49.430593  1570  1628 D priAutoBrightness_PriSmartBrightnessController: updateAutoBrightness() newScreenAutoBrightness0:1.0, mScreenAutoBrightness:1.0, mAmbientLux:10468.747 mDragPoint:null mTargetBrightnessPoint:(10468.747, 490.0, 255.0)
06-13 14:26:49.430646  1570  1628 D priAutoBrightness_PriMinimumBrightnessDelegate: checkMiniumBrightness() brightness:255
06-13 14:26:49.430678  1570  1628 D priAutoBrightness_PriMinimumBrightnessDelegate: checkTimeState() brightness=255, mCurrentEnvironmentStatus=1
06-13 14:26:49.430707  1570  1628 D priAutoBrightness_PriMinimumBrightnessDelegate: BrightDayStatus, change current brightness = 255 13nit=6 keep=false
06-13 14:26:49.430729  1570  1628 D priAutoBrightness_PriMinimumBrightnessDelegate: checkTimeState() resultBrightness:255
06-13 14:26:49.430763  1570  1628 D priAutoBrightness_PriSmartBrightnessController: checkMiniumBrightness() return newScreenAutoBrightness:1.0
06-13 14:26:49.430791  1570  1628 D priAutoBrightness_PriSmartBrightnessController: ignoring newScreenAutoBrightness: 1.0
06-13 14:26:49.430811  1570  1628 D priAutoBrightness_PriSmartBrightnessController: updateGuardStrategy#1
06-13 14:26:49.430854  1570  1628 I priAutoBrightness_PriDisplayBrightnessGuardStrategy: updateGuardStrategy update guard point: (10468.747, 490.0, 255.0)
06-13 14:26:49.430890  1570  1628 I priAutoBrightness_PriDisplayBrightnessGuardStrategy: not find left large change value
06-13 14:26:49.430918  1570  1628 I priAutoBrightness_PriDisplayBrightnessGuardStrategy: not find right large change value
06-13 14:26:49.431040  1570  1628 I priAutoBrightness_PriDisplayBrightnessGuardStrategy: updateGuardStrategy large lux threshold: [ (5000.0, 468.2304, 248.46051), (5000.0, 468.2304, 248.46051) ]
06-13 14:26:49.431099  1570  1628 I priAutoBrightness_PriDisplayBrightnessGuardStrategy: updateGuardStrategy small lux point: [ (9921.872, 490.0, 255.0), (11015.622, 490.0, 255.0) ]
06-13 14:26:49.431140  1570  1628 I priAutoBrightness_PriDisplayBrightnessGuardStrategy: updateGuardStrategy small lux threshold: [ (7187.499, 490.0, 255.0), (7187.499, 490.0, 255.0) ]
06-13 14:26:49.629972  1570  1628 D priAutoBrightness_PriDisplayBrightnessGuardStrategy: handleUpdateBrightness getNextPoint,LargeChanged:true,isRegressionDefaultSpline:false,full:false,HBM:false,count=0,point:(10470.042, 490.0, 255.0),target:(10468.747, 490.0, 255.0),drag:null,large[5000.0,5000.0],small[7187.499,7187.499]
06-13 14:26:49.630146  1570  1628 D priAutoBrightness_PriSmartBrightnessController: handleUpdateBrightness brightness changed:(10468.747, 490.0, 255.0)->(10470.042, 490.0, 255.0),isReset=false lux=10470.042,drag:null
06-13 14:26:49.630204  1570  1628 I priAutoBrightness_PriSmartBrightnessController: update target brightness point to : (10468.747, 490.0, 255.0)->(10470.042, 490.0, 255.0)
06-13 14:26:49.630233  1570  1628 D priAutoBrightness_PriSmartBrightnessController: onTargetBrightnessChange#3
06-13 14:26:49.630294  1570  1628 D priAutoBrightness_PriSmartBrightnessController: updateAutoBrightness() newScreenAutoBrightness0:1.0, mScreenAutoBrightness:1.0, mAmbientLux:10470.042 mDragPoint:null mTargetBrightnessPoint:(10470.042, 490.0, 255.0)
06-13 14:26:49.630339  1570  1628 D priAutoBrightness_PriMinimumBrightnessDelegate: checkMiniumBrightness() brightness:255
06-13 14:26:49.630372  1570  1628 D priAutoBrightness_PriMinimumBrightnessDelegate: checkTimeState() brightness=255, mCurrentEnvironmentStatus=1
06-13 14:26:49.630405  1570  1628 D priAutoBrightness_PriMinimumBrightnessDelegate: BrightDayStatus, change current brightness = 255 13nit=6 keep=false
06-13 14:26:49.630451  1570  1628 D priAutoBrightness_PriMinimumBrightnessDelegate: checkTimeState() resultBrightness:255
06-13 14:26:49.630493  1570  1628 D priAutoBrightness_PriSmartBrightnessController: checkMiniumBrightness() return newScreenAutoBrightness:1.0
06-13 14:26:49.630525  1570  1628 D priAutoBrightness_PriSmartBrightnessController: ignoring newScreenAutoBrightness: 1.0
06-13 14:26:49.630547  1570  1628 D priAutoBrightness_PriSmartBrightnessController: updateGuardStrategy#1
06-13 14:26:49.630592  1570  1628 I priAutoBrightness_PriDisplayBrightnessGuardStrategy: updateGuardStrategy update guard point: (10470.042, 490.0, 255.0)
06-13 14:26:49.630629  1570  1628 I priAutoBrightness_PriDisplayBrightnessGuardStrategy: not find left large change value
06-13 14:26:49.630661  1570  1628 I priAutoBrightness_PriDisplayBrightnessGuardStrategy: not find right large change value
06-13 14:26:49.630723  1570  1628 I priAutoBrightness_PriDisplayBrightnessGuardStrategy: updateGuardStrategy large lux threshold: [ (5000.0, 468.2304, 248.46051), (5000.0, 468.2304, 248.46051) ]
06-13 14:26:49.630769  1570  1628 I priAutoBrightness_PriDisplayBrightnessGuardStrategy: updateGuardStrategy small lux point: [ (9923.038, 490.0, 255.0), (11017.046, 490.0, 255.0) ]
06-13 14:26:49.630811  1570  1628 I priAutoBrightness_PriDisplayBrightnessGuardStrategy: updateGuardStrategy small lux threshold: [ (7188.017, 490.0, 255.0), (7188.017, 490.0, 255.0) ]
06-13 14:26:49.714311  2157  2955 D PowerUI : can't show warning due to - plugged: true status unknown: false
06-13 14:26:49.830308  1570  1628 D priAutoBrightness_PriDisplayBrightnessGuardStrategy: handleUpdateBrightness getNextPoint,LargeChanged:true,isRegressionDefaultSpline:false,full:false,HBM:false,count=0,point:(10471.276, 490.0, 255.0),target:(10470.042, 490.0, 255.0),drag:null,large[5000.0,5000.0],small[7188.017,7188.017]
06-13 14:26:49.830534  1570  1628 D priAutoBrightness_PriSmartBrightnessController: handleUpdateBrightness brightness changed:(10470.042, 490.0, 255.0)->(10471.276, 490.0, 255.0),isReset=false lux=10471.276,drag:null
06-13 14:26:49.830636  1570  1628 I priAutoBrightness_PriSmartBrightnessController: update target brightness point to : (10470.042, 490.0, 255.0)->(10471.276, 490.0, 255.0)
06-13 14:26:49.830677  1570  1628 D priAutoBrightness_PriSmartBrightnessController: onTargetBrightnessChange#3
06-13 14:26:49.830757  1570  1628 D priAutoBrightness_PriSmartBrightnessController: updateAutoBrightness() newScreenAutoBrightness0:1.0, mScreenAutoBrightness:1.0, mAmbientLux:10471.276 mDragPoint:null mTargetBrightnessPoint:(10471.276, 490.0, 255.0)
06-13 14:26:49.830820  1570  1628 D priAutoBrightness_PriMinimumBrightnessDelegate: checkMiniumBrightness() brightness:255
06-13 14:26:49.830974  1570  1628 D priAutoBrightness_PriMinimumBrightnessDelegate: checkTimeState() brightness=255, mCurrentEnvironmentStatus=1
06-13 14:26:49.831026  1570  1628 D priAutoBrightness_PriMinimumBrightnessDelegate: BrightDayStatus, change current brightness = 255 13nit=6 keep=false
06-13 14:26:49.831063  1570  1628 D priAutoBrightness_PriMinimumBrightnessDelegate: checkTimeState() resultBrightness:255
06-13 14:26:49.831119  1570  1628 D priAutoBrightness_PriSmartBrightnessController: checkMiniumBrightness() return newScreenAutoBrightness:1.0
06-13 14:26:49.831161  1570  1628 D priAutoBrightness_PriSmartBrightnessController: ignoring newScreenAutoBrightness: 1.0
06-13 14:26:49.831192  1570  1628 D priAutoBrightness_PriSmartBrightnessController: updateGuardStrategy#1
06-13 14:26:49.831362  1570  1628 I priAutoBrightness_PriDisplayBrightnessGuardStrategy: updateGuardStrategy update guard point: (10471.276, 490.0, 255.0)
06-13 14:26:49.831476  1570  1628 I priAutoBrightness_PriDisplayBrightnessGuardStrategy: not find left large change value
06-13 14:26:49.831525  1570  1628 I priAutoBrightness_PriDisplayBrightnessGuardStrategy: not find right large change value
06-13 14:26:49.831647  1570  1628 I priAutoBrightness_PriDisplayBrightnessGuardStrategy: updateGuardStrategy large lux threshold: [ (5000.0, 468.2304, 248.46051), (5000.0, 468.2304, 248.46051) ]
06-13 14:26:49.831839  1570  1628 I priAutoBrightness_PriDisplayBrightnessGuardStrategy: updateGuardStrategy small lux point: [ (9924.148, 490.0, 255.0), (11018.404, 490.0, 255.0) ]
06-13 14:26:49.831989  1570  1628 I priAutoBrightness_PriDisplayBrightnessGuardStrategy: updateGuardStrategy small lux threshold: [ (7188.5107, 490.0, 255.0), (7188.5107, 490.0, 255.0) ]
06-13 14:26:50.030260  1570  1628 D priAutoBrightness_PriDisplayBrightnessGuardStrategy: handleUpdateBrightness getNextPoint,LargeChanged:true,isRegressionDefaultSpline:false,full:false,HBM:false,count=0,point:(10471.769, 490.0, 255.0),target:(10471.276, 490.0, 255.0),drag:null,large[5000.0,5000.0],small[7188.5107,7188.5107]
06-13 14:26:50.030436  1570  1628 D priAutoBrightness_PriSmartBrightnessController: handleUpdateBrightness brightness changed:(10471.276, 490.0, 255.0)->(10471.769, 490.0, 255.0),isReset=false lux=10471.769,drag:null
06-13 14:26:50.030494  1570  1628 I priAutoBrightness_PriSmartBrightnessController: update target brightness point to : (10471.276, 490.0, 255.0)->(10471.769, 490.0, 255.0)
06-13 14:26:50.030523  1570  1628 D priAutoBrightness_PriSmartBrightnessController: onTargetBrightnessChange#3
06-13 14:26:50.030583  1570  1628 D priAutoBrightness_PriSmartBrightnessController: updateAutoBrightness() newScreenAutoBrightness0:1.0, mScreenAutoBrightness:1.0, mAmbientLux:10471.769 mDragPoint:null mTargetBrightnessPoint:(10471.769, 490.0, 255.0)
06-13 14:26:50.030630  1570  1628 D priAutoBrightness_PriMinimumBrightnessDelegate: checkMiniumBrightness() brightness:255
06-13 14:26:50.030664  1570  1628 D priAutoBrightness_PriMinimumBrightnessDelegate: checkTimeState() brightness=255, mCurrentEnvironmentStatus=1
06-13 14:26:50.030713  1570  1628 D priAutoBrightness_PriMinimumBrightnessDelegate: BrightDayStatus, change current brightness = 255 13nit=6 keep=false
06-13 14:26:50.030851  1570  1628 D priAutoBrightness_PriMinimumBrightnessDelegate: checkTimeState() resultBrightness:255
06-13 14:26:50.030896  1570  1628 D priAutoBrightness_PriSmartBrightnessController: checkMiniumBrightness() return newScreenAutoBrightness:1.0
06-13 14:26:50.030931  1570  1628 D priAutoBrightness_PriSmartBrightnessController: ignoring newScreenAutoBrightness: 1.0
06-13 14:26:50.030954  1570  1628 D priAutoBrightness_PriSmartBrightnessController: updateGuardStrategy#1
06-13 14:26:50.031001  1570  1628 I priAutoBrightness_PriDisplayBrightnessGuardStrategy: updateGuardStrategy update guard point: (10471.769, 490.0, 255.0)
06-13 14:26:50.031036  1570  1628 I priAutoBrightness_PriDisplayBrightnessGuardStrategy: not find left large change value
06-13 14:26:50.031068  1570  1628 I priAutoBrightness_PriDisplayBrightnessGuardStrategy: not find right large change value
06-13 14:26:50.031234  1570  1628 I priAutoBrightness_PriDisplayBrightnessGuardStrategy: updateGuardStrategy large lux threshold: [ (5000.0, 468.2304, 248.46051), (5000.0, 468.2304, 248.46051) ]
06-13 14:26:50.031328  1570  1628 I priAutoBrightness_PriDisplayBrightnessGuardStrategy: updateGuardStrategy small lux point: [ (9924.592, 490.0, 255.0), (11018.945, 490.0, 255.0) ]
06-13 14:26:50.031439  1570  1628 I priAutoBrightness_PriDisplayBrightnessGuardStrategy: updateGuardStrategy small lux threshold: [ (7188.7075, 490.0, 255.0), (7188.7075, 490.0, 255.0) ]
06-13 14:26:50.063916  1570  6487 W WindowManager: Changing focus from Window{40bcfff u0 com.debug.loggerui/com.debug.loggerui.MainActivity} to Window{91d156 u0 Starting logs} displayId=0 Callers=com.android.server.wm.RootWindowContainer.updateFocusedWindowLocked:455 com.android.server.wm.WindowManagerService.updateFocusedWindowLocked:6247 com.android.server.wm.WindowManagerService.addWindow:1847 com.android.server.wm.Session.addToDisplayAsUser:224 
06-13 14:26:50.081147  1570  6487 D MSyncForWMS: setFrameRate: 2060.0
06-13 14:26:50.083810  1570  6445 D CoreBackPreview: Window{91d156 u0 Starting logs}: Setting back callback OnBackInvokedCallbackInfo{mCallback=android.window.IOnBackInvokedCallback$Stub$Proxy@929125c, mPriority=0, mIsAnimationCallback=false}
06-13 14:26:50.094851  1570  6445 W WindowManager: finishDrawingWindow: Window{91d156 u0 Starting logs} mDrawState=DRAW_PENDING
06-13 14:26:50.100876  1570  1596 D MSyncForWMS: setFrameRate: 0.0
06-13 14:26:50.101046  1570  1596 W WindowManager: real show surface:Surface(name=Starting logs)/@0xb5f3c06
06-13 14:26:50.230189  1570  1628 D priAutoBrightness_PriDisplayBrightnessGuardStrategy: handleUpdateBrightness getNextPoint,LargeChanged:true,isRegressionDefaultSpline:false,full:false,HBM:false,count=0,point:(10471.705, 490.0, 255.0),target:(10471.769, 490.0, 255.0),drag:null,large[5000.0,5000.0],small[7188.7075,7188.7075]
06-13 14:26:50.230380  1570  1628 D priAutoBrightness_PriSmartBrightnessController: handleUpdateBrightness brightness changed:(10471.769, 490.0, 255.0)->(10471.705, 490.0, 255.0),isReset=false lux=10471.705,drag:null
06-13 14:26:50.230441  1570  1628 I priAutoBrightness_PriSmartBrightnessController: update target brightness point to : (10471.769, 490.0, 255.0)->(10471.705, 490.0, 255.0)
06-13 14:26:50.230470  1570  1628 D priAutoBrightness_PriSmartBrightnessController: onTargetBrightnessChange#3
06-13 14:26:50.230533  1570  1628 D priAutoBrightness_PriSmartBrightnessController: updateAutoBrightness() newScreenAutoBrightness0:1.0, mScreenAutoBrightness:1.0, mAmbientLux:10471.705 mDragPoint:null mTargetBrightnessPoint:(10471.705, 490.0, 255.0)
06-13 14:26:50.230580  1570  1628 D priAutoBrightness_PriMinimumBrightnessDelegate: checkMiniumBrightness() brightness:255
06-13 14:26:50.230615  1570  1628 D priAutoBrightness_PriMinimumBrightnessDelegate: checkTimeState() brightness=255, mCurrentEnvironmentStatus=1
06-13 14:26:50.230647  1570  1628 D priAutoBrightness_PriMinimumBrightnessDelegate: BrightDayStatus, change current brightness = 255 13nit=6 keep=false
06-13 14:26:50.230673  1570  1628 D priAutoBrightness_PriMinimumBrightnessDelegate: checkTimeState() resultBrightness:255
06-13 14:26:50.230710  1570  1628 D priAutoBrightness_PriSmartBrightnessController: checkMiniumBrightness() return newScreenAutoBrightness:1.0
06-13 14:26:50.230742  1570  1628 D priAutoBrightness_PriSmartBrightnessController: ignoring newScreenAutoBrightness: 1.0
06-13 14:26:50.230763  1570  1628 D priAutoBrightness_PriSmartBrightnessController: updateGuardStrategy#1
06-13 14:26:50.230809  1570  1628 I priAutoBrightness_PriDisplayBrightnessGuardStrategy: updateGuardStrategy update guard point: (10471.705, 490.0, 255.0)
06-13 14:26:50.230847  1570  1628 I priAutoBrightness_PriDisplayBrightnessGuardStrategy: not find left large change value
06-13 14:26:50.230879  1570  1628 I priAutoBrightness_PriDisplayBrightnessGuardStrategy: not find right large change value
06-13 14:26:50.230960  1570  1628 I priAutoBrightness_PriDisplayBrightnessGuardStrategy: updateGuardStrategy large lux threshold: [ (5000.0, 468.2304, 248.46051), (5000.0, 468.2304, 248.46051) ]
06-13 14:26:50.231011  1570  1628 I priAutoBrightness_PriDisplayBrightnessGuardStrategy: updateGuardStrategy small lux point: [ (9924.534, 490.0, 255.0), (11018.876, 490.0, 255.0) ]
06-13 14:26:50.231055  1570  1628 I priAutoBrightness_PriDisplayBrightnessGuardStrategy: updateGuardStrategy small lux threshold: [ (7188.682, 490.0, 255.0), (7188.682, 490.0, 255.0) ]
06-13 14:26:50.260051  1570  1570 I NotificationService: Cannot find enqueued record for key: 0|com.debug.loggerui|365001|null|10182
06-13 14:26:50.335782  1570  1596 D MSyncForWMS: setFrameRate: 2060.0
06-13 14:26:50.429600  1570  1628 D priAutoBrightness_PriDisplayBrightnessGuardStrategy: handleUpdateBrightness getNextPoint,LargeChanged:true,isRegressionDefaultSpline:false,full:false,HBM:false,count=0,point:(10471.281, 490.0, 255.0),target:(10471.705, 490.0, 255.0),drag:null,large[5000.0,5000.0],small[7188.682,7188.682]
06-13 14:26:50.429759  1570  1628 D priAutoBrightness_PriSmartBrightnessController: handleUpdateBrightness brightness changed:(10471.705, 490.0, 255.0)->(10471.281, 490.0, 255.0),isReset=false lux=10471.281,drag:null
06-13 14:26:50.429796  1570  1628 I priAutoBrightness_PriSmartBrightnessController: update target brightness point to : (10471.705, 490.0, 255.0)->(10471.281, 490.0, 255.0)
06-13 14:26:50.429811  1570  1628 D priAutoBrightness_PriSmartBrightnessController: onTargetBrightnessChange#3
06-13 14:26:50.429849  1570  1628 D priAutoBrightness_PriSmartBrightnessController: updateAutoBrightness() newScreenAutoBrightness0:1.0, mScreenAutoBrightness:1.0, mAmbientLux:10471.281 mDragPoint:null mTargetBrightnessPoint:(10471.281, 490.0, 255.0)
06-13 14:26:50.429886  1570  1628 D priAutoBrightness_PriMinimumBrightnessDelegate: checkMiniumBrightness() brightness:255
06-13 14:26:50.429904  1570  1628 D priAutoBrightness_PriMinimumBrightnessDelegate: checkTimeState() brightness=255, mCurrentEnvironmentStatus=1
06-13 14:26:50.429920  1570  1628 D priAutoBrightness_PriMinimumBrightnessDelegate: BrightDayStatus, change current brightness = 255 13nit=6 keep=false
06-13 14:26:50.429933  1570  1628 D priAutoBrightness_PriMinimumBrightnessDelegate: checkTimeState() resultBrightness:255
06-13 14:26:50.429950  1570  1628 D priAutoBrightness_PriSmartBrightnessController: checkMiniumBrightness() return newScreenAutoBrightness:1.0
06-13 14:26:50.429966  1570  1628 D priAutoBrightness_PriSmartBrightnessController: ignoring newScreenAutoBrightness: 1.0
06-13 14:26:50.429995  1570  1628 D priAutoBrightness_PriSmartBrightnessController: updateGuardStrategy#1
06-13 14:26:50.430023  1570  1628 I priAutoBrightness_PriDisplayBrightnessGuardStrategy: updateGuardStrategy update guard point: (10471.281, 490.0, 255.0)
06-13 14:26:50.430045  1570  1628 I priAutoBrightness_PriDisplayBrightnessGuardStrategy: not find left large change value
06-13 14:26:50.430063  1570  1628 I priAutoBrightness_PriDisplayBrightnessGuardStrategy: not find right large change value
06-13 14:26:50.430095  1570  1628 I priAutoBrightness_PriDisplayBrightnessGuardStrategy: updateGuardStrategy large lux threshold: [ (5000.0, 468.2304, 248.46051), (5000.0, 468.2304, 248.46051) ]
06-13 14:26:50.430116  1570  1628 I priAutoBrightness_PriDisplayBrightnessGuardStrategy: updateGuardStrategy small lux point: [ (9924.153, 490.0, 255.0), (11018.409, 490.0, 255.0) ]
06-13 14:26:50.430136  1570  1628 I priAutoBrightness_PriDisplayBrightnessGuardStrategy: updateGuardStrategy small lux threshold: [ (7188.5127, 490.0, 255.0), (7188.5127, 490.0, 255.0) ]
06-13 14:26:50.473956  1570  1593 E ApplicationHelper: Fail to get PackageManager
06-13 14:26:50.477178  1570  1593 E ApplicationHelper: Fail to get PackageManager
06-13 14:26:50.629655  1570  1628 D priAutoBrightness_PriDisplayBrightnessGuardStrategy: handleUpdateBrightness getNextPoint,LargeChanged:true,isRegressionDefaultSpline:false,full:false,HBM:false,count=0,point:(10470.782, 490.0, 255.0),target:(10471.281, 490.0, 255.0),drag:null,large[5000.0,5000.0],small[7188.5127,7188.5127]
06-13 14:26:50.629843  1570  1628 D priAutoBrightness_PriSmartBrightnessController: handleUpdateBrightness brightness changed:(10471.281, 490.0, 255.0)->(10470.782, 490.0, 255.0),isReset=false lux=10470.782,drag:null
06-13 14:26:50.629885  1570  1628 I priAutoBrightness_PriSmartBrightnessController: update target brightness point to : (10471.281, 490.0, 255.0)->(10470.782, 490.0, 255.0)
06-13 14:26:50.629900  1570  1628 D priAutoBrightness_PriSmartBrightnessController: onTargetBrightnessChange#3
06-13 14:26:50.629946  1570  1628 D priAutoBrightness_PriSmartBrightnessController: updateAutoBrightness() newScreenAutoBrightness0:1.0, mScreenAutoBrightness:1.0, mAmbientLux:10470.782 mDragPoint:null mTargetBrightnessPoint:(10470.782, 490.0, 255.0)
06-13 14:26:50.629976  1570  1628 D priAutoBrightness_PriMinimumBrightnessDelegate: checkMiniumBrightness() brightness:255
06-13 14:26:50.629997  1570  1628 D priAutoBrightness_PriMinimumBrightnessDelegate: checkTimeState() brightness=255, mCurrentEnvironmentStatus=1
06-13 14:26:50.630016  1570  1628 D priAutoBrightness_PriMinimumBrightnessDelegate: BrightDayStatus, change current brightness = 255 13nit=6 keep=false
06-13 14:26:50.630029  1570  1628 D priAutoBrightness_PriMinimumBrightnessDelegate: checkTimeState() resultBrightness:255
06-13 14:26:50.630048  1570  1628 D priAutoBrightness_PriSmartBrightnessController: checkMiniumBrightness() return newScreenAutoBrightness:1.0
06-13 14:26:50.630063  1570  1628 D priAutoBrightness_PriSmartBrightnessController: ignoring newScreenAutoBrightness: 1.0
06-13 14:26:50.630074  1570  1628 D priAutoBrightness_PriSmartBrightnessController: updateGuardStrategy#1
06-13 14:26:50.630110  1570  1628 I priAutoBrightness_PriDisplayBrightnessGuardStrategy: updateGuardStrategy update guard point: (10470.782, 490.0, 255.0)
06-13 14:26:50.630134  1570  1628 I priAutoBrightness_PriDisplayBrightnessGuardStrategy: not find left large change value
06-13 14:26:50.630152  1570  1628 I priAutoBrightness_PriDisplayBrightnessGuardStrategy: not find right large change value
06-13 14:26:50.630184  1570  1628 I priAutoBrightness_PriDisplayBrightnessGuardStrategy: updateGuardStrategy large lux threshold: [ (5000.0, 468.2304, 248.46051), (5000.0, 468.2304, 248.46051) ]
06-13 14:26:50.630206  1570  1628 I priAutoBrightness_PriDisplayBrightnessGuardStrategy: updateGuardStrategy small lux point: [ (9923.704, 490.0, 255.0), (11017.86, 490.0, 255.0) ]
06-13 14:26:50.630226  1570  1628 I priAutoBrightness_PriDisplayBrightnessGuardStrategy: updateGuardStrategy small lux threshold: [ (7188.313, 490.0, 255.0), (7188.313, 490.0, 255.0) ]
06-13 14:26:50.830334  1570  1628 D priAutoBrightness_PriDisplayBrightnessGuardStrategy: handleUpdateBrightness getNextPoint,LargeChanged:true,isRegressionDefaultSpline:false,full:false,HBM:false,count=0,point:(10470.448, 490.0, 255.0),target:(10470.782, 490.0, 255.0),drag:null,large[5000.0,5000.0],small[7188.313,7188.313]
06-13 14:26:50.830551  1570  1628 D priAutoBrightness_PriSmartBrightnessController: handleUpdateBrightness brightness changed:(10470.782, 490.0, 255.0)->(10470.448, 490.0, 255.0),isReset=false lux=10470.448,drag:null
06-13 14:26:50.830630  1570  1628 I priAutoBrightness_PriSmartBrightnessController: update target brightness point to : (10470.782, 490.0, 255.0)->(10470.448, 490.0, 255.0)
06-13 14:26:50.830669  1570  1628 D priAutoBrightness_PriSmartBrightnessController: onTargetBrightnessChange#3
06-13 14:26:50.830797  1570  1628 D priAutoBrightness_PriSmartBrightnessController: updateAutoBrightness() newScreenAutoBrightness0:1.0, mScreenAutoBrightness:1.0, mAmbientLux:10470.448 mDragPoint:null mTargetBrightnessPoint:(10470.448, 490.0, 255.0)
06-13 14:26:50.830866  1570  1628 D priAutoBrightness_PriMinimumBrightnessDelegate: checkMiniumBrightness() brightness:255
06-13 14:26:50.830913  1570  1628 D priAutoBrightness_PriMinimumBrightnessDelegate: checkTimeState() brightness=255, mCurrentEnvironmentStatus=1
06-13 14:26:50.830956  1570  1628 D priAutoBrightness_PriMinimumBrightnessDelegate: BrightDayStatus, change current brightness = 255 13nit=6 keep=false
06-13 14:26:50.830993  1570  1628 D priAutoBrightness_PriMinimumBrightnessDelegate: checkTimeState() resultBrightness:255
06-13 14:26:50.831045  1570  1628 D priAutoBrightness_PriSmartBrightnessController: checkMiniumBrightness() return newScreenAutoBrightness:1.0
06-13 14:26:50.831089  1570  1628 D priAutoBrightness_PriSmartBrightnessController: ignoring newScreenAutoBrightness: 1.0
06-13 14:26:50.831119  1570  1628 D priAutoBrightness_PriSmartBrightnessController: updateGuardStrategy#1
06-13 14:26:50.831184  1570  1628 I priAutoBrightness_PriDisplayBrightnessGuardStrategy: updateGuardStrategy update guard point: (10470.448, 490.0, 255.0)
06-13 14:26:50.831232  1570  1628 I priAutoBrightness_PriDisplayBrightnessGuardStrategy: not find left large change value
06-13 14:26:50.831274  1570  1628 I priAutoBrightness_PriDisplayBrightnessGuardStrategy: not find right large change value
06-13 14:26:50.831360  1570  1628 I priAutoBrightness_PriDisplayBrightnessGuardStrategy: updateGuardStrategy large lux threshold: [ (5000.0, 468.2304, 248.46051), (5000.0, 468.2304, 248.46051) ]
06-13 14:26:50.831426  1570  1628 I priAutoBrightness_PriDisplayBrightnessGuardStrategy: updateGuardStrategy small lux point: [ (9923.403, 490.0, 255.0), (11017.493, 490.0, 255.0) ]
06-13 14:26:50.831532  1570  1628 I priAutoBrightness_PriDisplayBrightnessGuardStrategy: updateGuardStrategy small lux threshold: [ (7188.179, 490.0, 255.0), (7188.179, 490.0, 255.0) ]
06-13 14:26:51.029850  1570  1628 D priAutoBrightness_PriDisplayBrightnessGuardStrategy: handleUpdateBrightness getNextPoint,LargeChanged:true,isRegressionDefaultSpline:false,full:false,HBM:false,count=0,point:(10470.017, 490.0, 255.0),target:(10470.448, 490.0, 255.0),drag:null,large[5000.0,5000.0],small[7188.179,7188.179]
06-13 14:26:51.029975  1570  1628 D priAutoBrightness_PriSmartBrightnessController: handleUpdateBrightness brightness changed:(10470.448, 490.0, 255.0)->(10470.017, 490.0, 255.0),isReset=false lux=10470.017,drag:null
06-13 14:26:51.030006  1570  1628 I priAutoBrightness_PriSmartBrightnessController: update target brightness point to : (10470.448, 490.0, 255.0)->(10470.017, 490.0, 255.0)
06-13 14:26:51.030020  1570  1628 D priAutoBrightness_PriSmartBrightnessController: onTargetBrightnessChange#3
06-13 14:26:51.030053  1570  1628 D priAutoBrightness_PriSmartBrightnessController: updateAutoBrightness() newScreenAutoBrightness0:1.0, mScreenAutoBrightness:1.0, mAmbientLux:10470.017 mDragPoint:null mTargetBrightnessPoint:(10470.017, 490.0, 255.0)
06-13 14:26:51.030076  1570  1628 D priAutoBrightness_PriMinimumBrightnessDelegate: checkMiniumBrightness() brightness:255
06-13 14:26:51.030095  1570  1628 D priAutoBrightness_PriMinimumBrightnessDelegate: checkTimeState() brightness=255, mCurrentEnvironmentStatus=1
06-13 14:26:51.030111  1570  1628 D priAutoBrightness_PriMinimumBrightnessDelegate: BrightDayStatus, change current brightness = 255 13nit=6 keep=false
06-13 14:26:51.030125  1570  1628 D priAutoBrightness_PriMinimumBrightnessDelegate: checkTimeState() resultBrightness:255
06-13 14:26:51.030153  1570  1628 D priAutoBrightness_PriSmartBrightnessController: checkMiniumBrightness() return newScreenAutoBrightness:1.0
06-13 14:26:51.030209  1570  1628 D priAutoBrightness_PriSmartBrightnessController: ignoring newScreenAutoBrightness: 1.0
06-13 14:26:51.030223  1570  1628 D priAutoBrightness_PriSmartBrightnessController: updateGuardStrategy#1
06-13 14:26:51.030296  1570  1628 I priAutoBrightness_PriDisplayBrightnessGuardStrategy: updateGuardStrategy update guard point: (10470.017, 490.0, 255.0)
06-13 14:26:51.030353  1570  1628 I priAutoBrightness_PriDisplayBrightnessGuardStrategy: not find left large change value
06-13 14:26:51.030373  1570  1628 I priAutoBrightness_PriDisplayBrightnessGuardStrategy: not find right large change value
06-13 14:26:51.030455  1570  1628 I priAutoBrightness_PriDisplayBrightnessGuardStrategy: updateGuardStrategy large lux threshold: [ (5000.0, 468.2304, 248.46051), (5000.0, 468.2304, 248.46051) ]
06-13 14:26:51.030508  1570  1628 I priAutoBrightness_PriDisplayBrightnessGuardStrategy: updateGuardStrategy small lux point: [ (9923.015, 490.0, 255.0), (11017.019, 490.0, 255.0) ]
06-13 14:26:51.030571  1570  1628 I priAutoBrightness_PriDisplayBrightnessGuardStrategy: updateGuardStrategy small lux threshold: [ (7188.007, 490.0, 255.0), (7188.007, 490.0, 255.0) ]
06-13 14:26:51.056876  1570  6445 D WindowManager: setParent old=Leaf:29:31@20631369,new=null,this window=WindowToken{908a470 type=2032 android.os.Binder@c356b3},callers=com.android.server.wm.WindowContainer.removeChild:761 com.android.server.wm.WindowContainer.removeImmediately:819 com.android.server.wm.WindowToken.setExiting:261 com.android.server.wm.DisplayContent.removeWindowToken:1440 com.android.server.wm.WindowManagerService.removeWindowToken:2987 com.android.server.wm.WindowManagerService$LocalService.removeWindowToken:7997 
06-13 14:26:51.060527  1570  6445 W WindowMagnificationMgr: requestConnection duplicated request: connect=false, mConnectionState=DISCONNECTED
06-13 14:26:51.060630  1570  6445 V UiAutomationManager: UiAutomation service owner died
06-13 14:26:51.071173  1570  1570 D BatterySaverPolicy: accessibility changed to false, updating policy.
06-13 14:26:51.229466  1570  1628 D priAutoBrightness_PriDisplayBrightnessGuardStrategy: handleUpdateBrightness getNextPoint,LargeChanged:true,isRegressionDefaultSpline:false,full:false,HBM:false,count=0,point:(10469.587, 490.0, 255.0),target:(10470.017, 490.0, 255.0),drag:null,large[5000.0,5000.0],small[7188.007,7188.007]
