06-13 14:26:51.230035  1570  1628 D priAutoBrightness_PriSmartBrightnessController: handleUpdateBrightness brightness changed:(10470.017, 490.0, 255.0)->(10469.587, 490.0, 255.0),isReset=false lux=10469.587,drag:null
06-13 14:26:51.230116  1570  1628 I priAutoBrightness_PriSmartBrightnessController: update target brightness point to : (10470.017, 490.0, 255.0)->(10469.587, 490.0, 255.0)
06-13 14:26:51.230135  1570  1628 D priAutoBrightness_PriSmartBrightnessController: onTargetBrightnessChange#3
06-13 14:26:51.230176  1570  1628 D priAutoBrightness_PriSmartBrightnessController: updateAutoBrightness() newScreenAutoBrightness0:1.0, mScreenAutoBrightness:1.0, mAmbientLux:10469.587 mDragPoint:null mTargetBrightnessPoint:(10469.587, 490.0, 255.0)
06-13 14:26:51.230200  1570  1628 D priAutoBrightness_PriMinimumBrightnessDelegate: checkMiniumBrightness() brightness:255
06-13 14:26:51.230217  1570  1628 D priAutoBrightness_PriMinimumBrightnessDelegate: checkTimeState() brightness=255, mCurrentEnvironmentStatus=1
06-13 14:26:51.230234  1570  1628 D priAutoBrightness_PriMinimumBrightnessDelegate: BrightDayStatus, change current brightness = 255 13nit=6 keep=false
06-13 14:26:51.230269  1570  1628 D priAutoBrightness_PriMinimumBrightnessDelegate: checkTimeState() resultBrightness:255
06-13 14:26:51.230294  1570  1628 D priAutoBrightness_PriSmartBrightnessController: checkMiniumBrightness() return newScreenAutoBrightness:1.0
06-13 14:26:51.230324  1570  1628 D priAutoBrightness_PriSmartBrightnessController: ignoring newScreenAutoBrightness: 1.0
06-13 14:26:51.230344  1570  1628 D priAutoBrightness_PriSmartBrightnessController: updateGuardStrategy#1
06-13 14:26:51.230388  1570  1628 I priAutoBrightness_PriDisplayBrightnessGuardStrategy: updateGuardStrategy update guard point: (10469.587, 490.0, 255.0)
06-13 14:26:51.230411  1570  1628 I priAutoBrightness_PriDisplayBrightnessGuardStrategy: not find left large change value
06-13 14:26:51.230430  1570  1628 I priAutoBrightness_PriDisplayBrightnessGuardStrategy: not find right large change value
06-13 14:26:51.230464  1570  1628 I priAutoBrightness_PriDisplayBrightnessGuardStrategy: updateGuardStrategy large lux threshold: [ (5000.0, 468.2304, 248.46051), (5000.0, 468.2304, 248.46051) ]
06-13 14:26:51.230497  1570  1628 I priAutoBrightness_PriDisplayBrightnessGuardStrategy: updateGuardStrategy small lux point: [ (9922.628, 490.0, 255.0), (11016.546, 490.0, 255.0) ]
06-13 14:26:51.230519  1570  1628 I priAutoBrightness_PriDisplayBrightnessGuardStrategy: updateGuardStrategy small lux threshold: [ (7187.835, 490.0, 255.0), (7187.835, 490.0, 255.0) ]
06-13 14:26:51.430039  1570  1628 D priAutoBrightness_PriDisplayBrightnessGuardStrategy: handleUpdateBrightness getNextPoint,LargeChanged:true,isRegressionDefaultSpline:false,full:false,HBM:false,count=0,point:(10469.298, 490.0, 255.0),target:(10469.587, 490.0, 255.0),drag:null,large[5000.0,5000.0],small[7187.835,7187.835]
06-13 14:26:51.430265  1570  1628 D priAutoBrightness_PriSmartBrightnessController: handleUpdateBrightness brightness changed:(10469.587, 490.0, 255.0)->(10469.298, 490.0, 255.0),isReset=false lux=10469.298,drag:null
06-13 14:26:51.430332  1570  1628 I priAutoBrightness_PriSmartBrightnessController: update target brightness point to : (10469.587, 490.0, 255.0)->(10469.298, 490.0, 255.0)
06-13 14:26:51.430356  1570  1628 D priAutoBrightness_PriSmartBrightnessController: onTargetBrightnessChange#3
06-13 14:26:51.430416  1570  1628 D priAutoBrightness_PriSmartBrightnessController: updateAutoBrightness() newScreenAutoBrightness0:1.0, mScreenAutoBrightness:1.0, mAmbientLux:10469.298 mDragPoint:null mTargetBrightnessPoint:(10469.298, 490.0, 255.0)
06-13 14:26:51.430456  1570  1628 D priAutoBrightness_PriMinimumBrightnessDelegate: checkMiniumBrightness() brightness:255
06-13 14:26:51.430484  1570  1628 D priAutoBrightness_PriMinimumBrightnessDelegate: checkTimeState() brightness=255, mCurrentEnvironmentStatus=1
06-13 14:26:51.430512  1570  1628 D priAutoBrightness_PriMinimumBrightnessDelegate: BrightDayStatus, change current brightness = 255 13nit=6 keep=false
06-13 14:26:51.430581  1570  1628 D priAutoBrightness_PriMinimumBrightnessDelegate: checkTimeState() resultBrightness:255
06-13 14:26:51.430611  1570  1628 D priAutoBrightness_PriSmartBrightnessController: checkMiniumBrightness() return newScreenAutoBrightness:1.0
06-13 14:26:51.430663  1570  1628 D priAutoBrightness_PriSmartBrightnessController: ignoring newScreenAutoBrightness: 1.0
06-13 14:26:51.430679  1570  1628 D priAutoBrightness_PriSmartBrightnessController: updateGuardStrategy#1
06-13 14:26:51.430807  1570  1628 I priAutoBrightness_PriDisplayBrightnessGuardStrategy: updateGuardStrategy update guard point: (10469.298, 490.0, 255.0)
06-13 14:26:51.430845  1570  1628 I priAutoBrightness_PriDisplayBrightnessGuardStrategy: not find left large change value
06-13 14:26:51.430869  1570  1628 I priAutoBrightness_PriDisplayBrightnessGuardStrategy: not find right large change value
06-13 14:26:51.430916  1570  1628 I priAutoBrightness_PriDisplayBrightnessGuardStrategy: updateGuardStrategy large lux threshold: [ (5000.0, 468.2304, 248.46051), (5000.0, 468.2304, 248.46051) ]
06-13 14:26:51.430947  1570  1628 I priAutoBrightness_PriDisplayBrightnessGuardStrategy: updateGuardStrategy small lux point: [ (9922.368, 490.0, 255.0), (11016.228, 490.0, 255.0) ]
06-13 14:26:51.430975  1570  1628 I priAutoBrightness_PriDisplayBrightnessGuardStrategy: updateGuardStrategy small lux threshold: [ (7187.719, 490.0, 255.0), (7187.719, 490.0, 255.0) ]
06-13 14:26:51.630050  1570  1628 D priAutoBrightness_PriDisplayBrightnessGuardStrategy: handleUpdateBrightness getNextPoint,LargeChanged:true,isRegressionDefaultSpline:false,full:false,HBM:false,count=0,point:(10468.934, 490.0, 255.0),target:(10469.298, 490.0, 255.0),drag:null,large[5000.0,5000.0],small[7187.719,7187.719]
06-13 14:26:51.630288  1570  1628 D priAutoBrightness_PriSmartBrightnessController: handleUpdateBrightness brightness changed:(10469.298, 490.0, 255.0)->(10468.934, 490.0, 255.0),isReset=false lux=10468.934,drag:null
06-13 14:26:51.630388  1570  1628 I priAutoBrightness_PriSmartBrightnessController: update target brightness point to : (10469.298, 490.0, 255.0)->(10468.934, 490.0, 255.0)
06-13 14:26:51.630421  1570  1628 D priAutoBrightness_PriSmartBrightnessController: onTargetBrightnessChange#3
06-13 14:26:51.630489  1570  1628 D priAutoBrightness_PriSmartBrightnessController: updateAutoBrightness() newScreenAutoBrightness0:1.0, mScreenAutoBrightness:1.0, mAmbientLux:10468.934 mDragPoint:null mTargetBrightnessPoint:(10468.934, 490.0, 255.0)
06-13 14:26:51.630539  1570  1628 D priAutoBrightness_PriMinimumBrightnessDelegate: checkMiniumBrightness() brightness:255
06-13 14:26:51.630573  1570  1628 D priAutoBrightness_PriMinimumBrightnessDelegate: checkTimeState() brightness=255, mCurrentEnvironmentStatus=1
06-13 14:26:51.630605  1570  1628 D priAutoBrightness_PriMinimumBrightnessDelegate: BrightDayStatus, change current brightness = 255 13nit=6 keep=false
06-13 14:26:51.630632  1570  1628 D priAutoBrightness_PriMinimumBrightnessDelegate: checkTimeState() resultBrightness:255
06-13 14:26:51.630671  1570  1628 D priAutoBrightness_PriSmartBrightnessController: checkMiniumBrightness() return newScreenAutoBrightness:1.0
06-13 14:26:51.630703  1570  1628 D priAutoBrightness_PriSmartBrightnessController: ignoring newScreenAutoBrightness: 1.0
06-13 14:26:51.630724  1570  1628 D priAutoBrightness_PriSmartBrightnessController: updateGuardStrategy#1
06-13 14:26:51.630772  1570  1628 I priAutoBrightness_PriDisplayBrightnessGuardStrategy: updateGuardStrategy update guard point: (10468.934, 490.0, 255.0)
06-13 14:26:51.630811  1570  1628 I priAutoBrightness_PriDisplayBrightnessGuardStrategy: not find left large change value
06-13 14:26:51.630843  1570  1628 I priAutoBrightness_PriDisplayBrightnessGuardStrategy: not find right large change value
06-13 14:26:51.630932  1570  1628 I priAutoBrightness_PriDisplayBrightnessGuardStrategy: updateGuardStrategy large lux threshold: [ (5000.0, 468.2304, 248.46051), (5000.0, 468.2304, 248.46051) ]
06-13 14:26:51.630983  1570  1628 I priAutoBrightness_PriDisplayBrightnessGuardStrategy: updateGuardStrategy small lux point: [ (9922.04, 490.0, 255.0), (11015.827, 490.0, 255.0) ]
06-13 14:26:51.631027  1570  1628 I priAutoBrightness_PriDisplayBrightnessGuardStrategy: updateGuardStrategy small lux threshold: [ (7187.5737, 490.0, 255.0), (7187.5737, 490.0, 255.0) ]
06-13 14:26:51.816506  1570 13339 I DropBoxManagerService: add tag=data_app_crash isTagEnabled=true flags=0x2
06-13 14:26:51.830330  1570  1628 D priAutoBrightness_PriDisplayBrightnessGuardStrategy: handleUpdateBrightness getNextPoint,LargeChanged:true,isRegressionDefaultSpline:false,full:false,HBM:false,count=0,point:(10468.601, 490.0, 255.0),target:(10468.934, 490.0, 255.0),drag:null,large[5000.0,5000.0],small[7187.5737,7187.5737]
06-13 14:26:51.830559  1570  1628 D priAutoBrightness_PriSmartBrightnessController: handleUpdateBrightness brightness changed:(10468.934, 490.0, 255.0)->(10468.601, 490.0, 255.0),isReset=false lux=10468.601,drag:null
06-13 14:26:51.830647  1570  1628 I priAutoBrightness_PriSmartBrightnessController: update target brightness point to : (10468.934, 490.0, 255.0)->(10468.601, 490.0, 255.0)
06-13 14:26:51.830688  1570  1628 D priAutoBrightness_PriSmartBrightnessController: onTargetBrightnessChange#3
06-13 14:26:51.830771  1570  1628 D priAutoBrightness_PriSmartBrightnessController: updateAutoBrightness() newScreenAutoBrightness0:1.0, mScreenAutoBrightness:1.0, mAmbientLux:10468.601 mDragPoint:null mTargetBrightnessPoint:(10468.601, 490.0, 255.0)
06-13 14:26:51.830834  1570  1628 D priAutoBrightness_PriMinimumBrightnessDelegate: checkMiniumBrightness() brightness:255
06-13 14:26:51.830911  1570  1628 D priAutoBrightness_PriMinimumBrightnessDelegate: checkTimeState() brightness=255, mCurrentEnvironmentStatus=1
06-13 14:26:51.830961  1570  1628 D priAutoBrightness_PriMinimumBrightnessDelegate: BrightDayStatus, change current brightness = 255 13nit=6 keep=false
06-13 14:26:51.830999  1570  1628 D priAutoBrightness_PriMinimumBrightnessDelegate: checkTimeState() resultBrightness:255
06-13 14:26:51.831053  1570  1628 D priAutoBrightness_PriSmartBrightnessController: checkMiniumBrightness() return newScreenAutoBrightness:1.0
06-13 14:26:51.831230  1570  1628 D priAutoBrightness_PriSmartBrightnessController: ignoring newScreenAutoBrightness: 1.0
06-13 14:26:51.831270  1570  1628 D priAutoBrightness_PriSmartBrightnessController: updateGuardStrategy#1
06-13 14:26:51.831341  1570  1628 I priAutoBrightness_PriDisplayBrightnessGuardStrategy: updateGuardStrategy update guard point: (10468.601, 490.0, 255.0)
06-13 14:26:51.831391  1570  1628 I priAutoBrightness_PriDisplayBrightnessGuardStrategy: not find left large change value
06-13 14:26:51.831435  1570  1628 I priAutoBrightness_PriDisplayBrightnessGuardStrategy: not find right large change value
06-13 14:26:51.831524  1570  1628 I priAutoBrightness_PriDisplayBrightnessGuardStrategy: updateGuardStrategy large lux threshold: [ (5000.0, 468.2304, 248.46051), (5000.0, 468.2304, 248.46051) ]
06-13 14:26:51.832800  1570  1628 I priAutoBrightness_PriDisplayBrightnessGuardStrategy: updateGuardStrategy small lux point: [ (9921.74, 490.0, 255.0), (11015.461, 490.0, 255.0) ]
06-13 14:26:51.832875  1570  1628 I priAutoBrightness_PriDisplayBrightnessGuardStrategy: updateGuardStrategy small lux threshold: [ (7187.4404, 490.0, 255.0), (7187.4404, 490.0, 255.0) ]
06-13 14:26:51.891455  1570  6699 V ActivityManager: Death received in com.android.server.am.ActivityManagerService$AppDeathRecipient@6c6bb3b for thread android.os.BinderProxy@a4be258
06-13 14:26:51.892410  1570  6699 I ActivityManager: Process io.appium.uiautomator2.server (pid 12691) has died: fg  FGS 
06-13 14:26:51.894927  1570  1593 D DisplayManagerService: Drop pending events for gone uid 10238
06-13 14:26:51.896847  1570  6699 W ActivityManager: Crash of app io.appium.uiautomator2.server running instrumentation ComponentInfo{io.appium.uiautomator2.server.test/androidx.test.runner.AndroidJUnitRunner}
06-13 14:26:51.898185  1570  6699 I ActivityManager: Force stopping io.appium.uiautomator2.server appid=10238 user=0: finished inst
06-13 14:26:51.898393  1570 13341 I ActivityManager: Failure reporting to instrumentation watcher: comp=ComponentInfo{io.appium.uiautomator2.server.test/androidx.test.runner.AndroidJUnitRunner} results=Bundle[{shortMsg=Process crashed.}]
06-13 14:26:51.898644  1570  1606 W ActivityManager: Error shutting down UiAutomationConnection
06-13 14:26:51.904550  1570  1593 E ApplicationHelper: Fail to get PackageManager
06-13 14:26:51.904671  1570  1593 E ApplicationHelper: Fail to get PackageManager
06-13 14:26:51.904705  1570  1593 E ApplicationHelper: Fail to get PackageManager
06-13 14:26:51.904731  1570  1593 E ApplicationHelper: Fail to get PackageManager
06-13 14:26:51.905278  1570  1593 E ApplicationHelper: Fail to get PackageManager
06-13 14:26:52.030269  1570  1628 D priAutoBrightness_PriDisplayBrightnessGuardStrategy: handleUpdateBrightness getNextPoint,LargeChanged:true,isRegressionDefaultSpline:false,full:false,HBM:false,count=0,point:(10468.328, 490.0, 255.0),target:(10468.601, 490.0, 255.0),drag:null,large[5000.0,5000.0],small[7187.4404,7187.4404]
06-13 14:26:52.030467  1570  1628 D priAutoBrightness_PriSmartBrightnessController: handleUpdateBrightness brightness changed:(10468.601, 490.0, 255.0)->(10468.328, 490.0, 255.0),isReset=false lux=10468.328,drag:null
06-13 14:26:52.030537  1570  1628 I priAutoBrightness_PriSmartBrightnessController: update target brightness point to : (10468.601, 490.0, 255.0)->(10468.328, 490.0, 255.0)
06-13 14:26:52.030631  1570  1628 D priAutoBrightness_PriSmartBrightnessController: onTargetBrightnessChange#3
06-13 14:26:52.030703  1570  1628 D priAutoBrightness_PriSmartBrightnessController: updateAutoBrightness() newScreenAutoBrightness0:1.0, mScreenAutoBrightness:1.0, mAmbientLux:10468.328 mDragPoint:null mTargetBrightnessPoint:(10468.328, 490.0, 255.0)
06-13 14:26:52.030780  1570  1628 D priAutoBrightness_PriMinimumBrightnessDelegate: checkMiniumBrightness() brightness:255
06-13 14:26:52.030868  1570  1628 D priAutoBrightness_PriMinimumBrightnessDelegate: checkTimeState() brightness=255, mCurrentEnvironmentStatus=1
06-13 14:26:52.030905  1570  1628 D priAutoBrightness_PriMinimumBrightnessDelegate: BrightDayStatus, change current brightness = 255 13nit=6 keep=false
06-13 14:26:52.030987  1570  1628 D priAutoBrightness_PriMinimumBrightnessDelegate: checkTimeState() resultBrightness:255
06-13 14:26:52.031033  1570  1628 D priAutoBrightness_PriSmartBrightnessController: checkMiniumBrightness() return newScreenAutoBrightness:1.0
06-13 14:26:52.031118  1570  1628 D priAutoBrightness_PriSmartBrightnessController: ignoring newScreenAutoBrightness: 1.0
06-13 14:26:52.031145  1570  1628 D priAutoBrightness_PriSmartBrightnessController: updateGuardStrategy#1
06-13 14:26:52.031259  1570  1628 I priAutoBrightness_PriDisplayBrightnessGuardStrategy: updateGuardStrategy update guard point: (10468.328, 490.0, 255.0)
06-13 14:26:52.031338  1570  1628 I priAutoBrightness_PriDisplayBrightnessGuardStrategy: not find left large change value
06-13 14:26:52.031376  1570  1628 I priAutoBrightness_PriDisplayBrightnessGuardStrategy: not find right large change value
06-13 14:26:52.031502  1570  1628 I priAutoBrightness_PriDisplayBrightnessGuardStrategy: updateGuardStrategy large lux threshold: [ (5000.0, 468.2304, 248.46051), (5000.0, 468.2304, 248.46051) ]
06-13 14:26:52.031582  1570  1628 I priAutoBrightness_PriDisplayBrightnessGuardStrategy: updateGuardStrategy small lux point: [ (9921.495, 490.0, 255.0), (11015.161, 490.0, 255.0) ]
06-13 14:26:52.031656  1570  1628 I priAutoBrightness_PriDisplayBrightnessGuardStrategy: updateGuardStrategy small lux threshold: [ (7187.3315, 490.0, 255.0), (7187.3315, 490.0, 255.0) ]
06-13 14:26:52.229876  1570  1628 D priAutoBrightness_PriDisplayBrightnessGuardStrategy: handleUpdateBrightness getNextPoint,LargeChanged:true,isRegressionDefaultSpline:false,full:false,HBM:false,count=0,point:(10468.3955, 490.0, 255.0),target:(10468.328, 490.0, 255.0),drag:null,large[5000.0,5000.0],small[7187.3315,7187.3315]
06-13 14:26:52.230076  1570  1628 D priAutoBrightness_PriSmartBrightnessController: handleUpdateBrightness brightness changed:(10468.328, 490.0, 255.0)->(10468.3955, 490.0, 255.0),isReset=false lux=10468.3955,drag:null
06-13 14:26:52.230136  1570  1628 I priAutoBrightness_PriSmartBrightnessController: update target brightness point to : (10468.328, 490.0, 255.0)->(10468.3955, 490.0, 255.0)
06-13 14:26:52.230166  1570  1628 D priAutoBrightness_PriSmartBrightnessController: onTargetBrightnessChange#3
06-13 14:26:52.230231  1570  1628 D priAutoBrightness_PriSmartBrightnessController: updateAutoBrightness() newScreenAutoBrightness0:1.0, mScreenAutoBrightness:1.0, mAmbientLux:10468.3955 mDragPoint:null mTargetBrightnessPoint:(10468.3955, 490.0, 255.0)
06-13 14:26:52.230296  1570  1628 D priAutoBrightness_PriMinimumBrightnessDelegate: checkMiniumBrightness() brightness:255
06-13 14:26:52.230432  1570  1628 D priAutoBrightness_PriMinimumBrightnessDelegate: checkTimeState() brightness=255, mCurrentEnvironmentStatus=1
06-13 14:26:52.230472  1570  1628 D priAutoBrightness_PriMinimumBrightnessDelegate: BrightDayStatus, change current brightness = 255 13nit=6 keep=false
06-13 14:26:52.230500  1570  1628 D priAutoBrightness_PriMinimumBrightnessDelegate: checkTimeState() resultBrightness:255
06-13 14:26:52.230540  1570  1628 D priAutoBrightness_PriSmartBrightnessController: checkMiniumBrightness() return newScreenAutoBrightness:1.0
06-13 14:26:52.230572  1570  1628 D priAutoBrightness_PriSmartBrightnessController: ignoring newScreenAutoBrightness: 1.0
06-13 14:26:52.230595  1570  1628 D priAutoBrightness_PriSmartBrightnessController: updateGuardStrategy#1
06-13 14:26:52.230642  1570  1628 I priAutoBrightness_PriDisplayBrightnessGuardStrategy: updateGuardStrategy update guard point: (10468.3955, 490.0, 255.0)
06-13 14:26:52.230753  1570  1628 I priAutoBrightness_PriDisplayBrightnessGuardStrategy: not find left large change value
06-13 14:26:52.230791  1570  1628 I priAutoBrightness_PriDisplayBrightnessGuardStrategy: not find right large change value
06-13 14:26:52.230996  1570  1628 I priAutoBrightness_PriDisplayBrightnessGuardStrategy: updateGuardStrategy large lux threshold: [ (5000.0, 468.2304, 248.46051), (5000.0, 468.2304, 248.46051) ]
06-13 14:26:52.231049  1570  1628 I priAutoBrightness_PriDisplayBrightnessGuardStrategy: updateGuardStrategy small lux point: [ (9921.556, 490.0, 255.0), (11015.235, 490.0, 255.0) ]
06-13 14:26:52.231112  1570  1628 I priAutoBrightness_PriDisplayBrightnessGuardStrategy: updateGuardStrategy small lux threshold: [ (7187.3584, 490.0, 255.0), (7187.3584, 490.0, 255.0) ]
06-13 14:26:52.329329  1570  1593 E ApplicationHelper: Fail to get PackageManager
06-13 14:26:52.343174  1570  1593 E ApplicationHelper: Fail to get PackageManager
06-13 14:26:52.363223  1570  1593 E ApplicationHelper: Fail to get PackageManager
06-13 14:26:52.372279  1570  1593 E ApplicationHelper: Fail to get PackageManager
06-13 14:26:52.398086  1570  1593 E ApplicationHelper: Fail to get PackageManager
06-13 14:26:52.399391  1570  1593 E ApplicationHelper: Fail to get PackageManager
06-13 14:26:52.429993  1570  1628 D priAutoBrightness_PriDisplayBrightnessGuardStrategy: handleUpdateBrightness getNextPoint,LargeChanged:true,isRegressionDefaultSpline:false,full:false,HBM:false,count=0,point:(10468.462, 490.0, 255.0),target:(10468.3955, 490.0, 255.0),drag:null,large[5000.0,5000.0],small[7187.3584,7187.3584]
06-13 14:26:52.430195  1570  1628 D priAutoBrightness_PriSmartBrightnessController: handleUpdateBrightness brightness changed:(10468.3955, 490.0, 255.0)->(10468.462, 490.0, 255.0),isReset=false lux=10468.462,drag:null
06-13 14:26:52.430253  1570  1628 I priAutoBrightness_PriSmartBrightnessController: update target brightness point to : (10468.3955, 490.0, 255.0)->(10468.462, 490.0, 255.0)
06-13 14:26:52.430281  1570  1628 D priAutoBrightness_PriSmartBrightnessController: onTargetBrightnessChange#3
06-13 14:26:52.430340  1570  1628 D priAutoBrightness_PriSmartBrightnessController: updateAutoBrightness() newScreenAutoBrightness0:1.0, mScreenAutoBrightness:1.0, mAmbientLux:10468.462 mDragPoint:null mTargetBrightnessPoint:(10468.462, 490.0, 255.0)
06-13 14:26:52.430382  1570  1628 D priAutoBrightness_PriMinimumBrightnessDelegate: checkMiniumBrightness() brightness:255
06-13 14:26:52.430416  1570  1628 D priAutoBrightness_PriMinimumBrightnessDelegate: checkTimeState() brightness=255, mCurrentEnvironmentStatus=1
06-13 14:26:52.430506  1570  1628 D priAutoBrightness_PriMinimumBrightnessDelegate: BrightDayStatus, change current brightness = 255 13nit=6 keep=false
06-13 14:26:52.430538  1570  1628 D priAutoBrightness_PriMinimumBrightnessDelegate: checkTimeState() resultBrightness:255
06-13 14:26:52.430575  1570  1628 D priAutoBrightness_PriSmartBrightnessController: checkMiniumBrightness() return newScreenAutoBrightness:1.0
06-13 14:26:52.430608  1570  1628 D priAutoBrightness_PriSmartBrightnessController: ignoring newScreenAutoBrightness: 1.0
06-13 14:26:52.430630  1570  1628 D priAutoBrightness_PriSmartBrightnessController: updateGuardStrategy#1
06-13 14:26:52.430698  1570  1628 I priAutoBrightness_PriDisplayBrightnessGuardStrategy: updateGuardStrategy update guard point: (10468.462, 490.0, 255.0)
06-13 14:26:52.430737  1570  1628 I priAutoBrightness_PriDisplayBrightnessGuardStrategy: not find left large change value
06-13 14:26:52.430768  1570  1628 I priAutoBrightness_PriDisplayBrightnessGuardStrategy: not find right large change value
06-13 14:26:52.430833  1570  1628 I priAutoBrightness_PriDisplayBrightnessGuardStrategy: updateGuardStrategy large lux threshold: [ (5000.0, 468.2304, 248.46051), (5000.0, 468.2304, 248.46051) ]
06-13 14:26:52.430880  1570  1628 I priAutoBrightness_PriDisplayBrightnessGuardStrategy: updateGuardStrategy small lux point: [ (9921.615, 490.0, 255.0), (11015.309, 490.0, 255.0) ]
06-13 14:26:52.430924  1570  1628 I priAutoBrightness_PriDisplayBrightnessGuardStrategy: updateGuardStrategy small lux threshold: [ (7187.385, 490.0, 255.0), (7187.385, 490.0, 255.0) ]
06-13 14:26:52.629952  1570  1628 D priAutoBrightness_PriDisplayBrightnessGuardStrategy: handleUpdateBrightness getNextPoint,LargeChanged:true,isRegressionDefaultSpline:false,full:false,HBM:false,count=0,point:(10468.18, 490.0, 255.0),target:(10468.462, 490.0, 255.0),drag:null,large[5000.0,5000.0],small[7187.385,7187.385]
06-13 14:26:52.630161  1570  1628 D priAutoBrightness_PriSmartBrightnessController: handleUpdateBrightness brightness changed:(10468.462, 490.0, 255.0)->(10468.18, 490.0, 255.0),isReset=false lux=10468.18,drag:null
06-13 14:26:52.630219  1570  1628 I priAutoBrightness_PriSmartBrightnessController: update target brightness point to : (10468.462, 490.0, 255.0)->(10468.18, 490.0, 255.0)
06-13 14:26:52.630246  1570  1628 D priAutoBrightness_PriSmartBrightnessController: onTargetBrightnessChange#3
06-13 14:26:52.630321  1570  1628 D priAutoBrightness_PriSmartBrightnessController: updateAutoBrightness() newScreenAutoBrightness0:1.0, mScreenAutoBrightness:1.0, mAmbientLux:10468.18 mDragPoint:null mTargetBrightnessPoint:(10468.18, 490.0, 255.0)
06-13 14:26:52.630410  1570  1628 D priAutoBrightness_PriMinimumBrightnessDelegate: checkMiniumBrightness() brightness:255
06-13 14:26:52.630448  1570  1628 D priAutoBrightness_PriMinimumBrightnessDelegate: checkTimeState() brightness=255, mCurrentEnvironmentStatus=1
06-13 14:26:52.630479  1570  1628 D priAutoBrightness_PriMinimumBrightnessDelegate: BrightDayStatus, change current brightness = 255 13nit=6 keep=false
06-13 14:26:52.630504  1570  1628 D priAutoBrightness_PriMinimumBrightnessDelegate: checkTimeState() resultBrightness:255
06-13 14:26:52.630539  1570  1628 D priAutoBrightness_PriSmartBrightnessController: checkMiniumBrightness() return newScreenAutoBrightness:1.0
06-13 14:26:52.630601  1570  1628 D priAutoBrightness_PriSmartBrightnessController: ignoring newScreenAutoBrightness: 1.0
06-13 14:26:52.630623  1570  1628 D priAutoBrightness_PriSmartBrightnessController: updateGuardStrategy#1
06-13 14:26:52.630667  1570  1628 I priAutoBrightness_PriDisplayBrightnessGuardStrategy: updateGuardStrategy update guard point: (10468.18, 490.0, 255.0)
06-13 14:26:52.630700  1570  1628 I priAutoBrightness_PriDisplayBrightnessGuardStrategy: not find left large change value
06-13 14:26:52.630729  1570  1628 I priAutoBrightness_PriDisplayBrightnessGuardStrategy: not find right large change value
06-13 14:26:52.630789  1570  1628 I priAutoBrightness_PriDisplayBrightnessGuardStrategy: updateGuardStrategy large lux threshold: [ (5000.0, 468.2304, 248.46051), (5000.0, 468.2304, 248.46051) ]
06-13 14:26:52.630833  1570  1628 I priAutoBrightness_PriDisplayBrightnessGuardStrategy: updateGuardStrategy small lux point: [ (9921.361, 490.0, 255.0), (11014.998, 490.0, 255.0) ]
06-13 14:26:52.631021  1570  1628 I priAutoBrightness_PriDisplayBrightnessGuardStrategy: updateGuardStrategy small lux threshold: [ (7187.272, 490.0, 255.0), (7187.272, 490.0, 255.0) ]
06-13 14:26:52.830055  1570  1628 D priAutoBrightness_PriDisplayBrightnessGuardStrategy: handleUpdateBrightness getNextPoint,LargeChanged:true,isRegressionDefaultSpline:false,full:false,HBM:false,count=0,point:(10467.565, 490.0, 255.0),target:(10468.18, 490.0, 255.0),drag:null,large[5000.0,5000.0],small[7187.272,7187.272]
06-13 14:26:52.830245  1570  1628 D priAutoBrightness_PriSmartBrightnessController: handleUpdateBrightness brightness changed:(10468.18, 490.0, 255.0)->(10467.565, 490.0, 255.0),isReset=false lux=10467.565,drag:null
06-13 14:26:52.830307  1570  1628 I priAutoBrightness_PriSmartBrightnessController: update target brightness point to : (10468.18, 490.0, 255.0)->(10467.565, 490.0, 255.0)
06-13 14:26:52.830335  1570  1628 D priAutoBrightness_PriSmartBrightnessController: onTargetBrightnessChange#3
06-13 14:26:52.830396  1570  1628 D priAutoBrightness_PriSmartBrightnessController: updateAutoBrightness() newScreenAutoBrightness0:1.0, mScreenAutoBrightness:1.0, mAmbientLux:10467.565 mDragPoint:null mTargetBrightnessPoint:(10467.565, 490.0, 255.0)
06-13 14:26:52.830502  1570  1628 D priAutoBrightness_PriMinimumBrightnessDelegate: checkMiniumBrightness() brightness:255
06-13 14:26:52.830543  1570  1628 D priAutoBrightness_PriMinimumBrightnessDelegate: checkTimeState() brightness=255, mCurrentEnvironmentStatus=1
06-13 14:26:52.830575  1570  1628 D priAutoBrightness_PriMinimumBrightnessDelegate: BrightDayStatus, change current brightness = 255 13nit=6 keep=false
06-13 14:26:52.830602  1570  1628 D priAutoBrightness_PriMinimumBrightnessDelegate: checkTimeState() resultBrightness:255
06-13 14:26:52.830640  1570  1628 D priAutoBrightness_PriSmartBrightnessController: checkMiniumBrightness() return newScreenAutoBrightness:1.0
06-13 14:26:52.830696  1570  1628 D priAutoBrightness_PriSmartBrightnessController: ignoring newScreenAutoBrightness: 1.0
06-13 14:26:52.830721  1570  1628 D priAutoBrightness_PriSmartBrightnessController: updateGuardStrategy#1
06-13 14:26:52.830770  1570  1628 I priAutoBrightness_PriDisplayBrightnessGuardStrategy: updateGuardStrategy update guard point: (10467.565, 490.0, 255.0)
06-13 14:26:52.830811  1570  1628 I priAutoBrightness_PriDisplayBrightnessGuardStrategy: not find left large change value
06-13 14:26:52.830845  1570  1628 I priAutoBrightness_PriDisplayBrightnessGuardStrategy: not find right large change value
06-13 14:26:52.830910  1570  1628 I priAutoBrightness_PriDisplayBrightnessGuardStrategy: updateGuardStrategy large lux threshold: [ (5000.0, 468.2304, 248.46051), (5000.0, 468.2304, 248.46051) ]
06-13 14:26:52.830956  1570  1628 I priAutoBrightness_PriDisplayBrightnessGuardStrategy: updateGuardStrategy small lux point: [ (9920.809, 490.0, 255.0), (11014.322, 490.0, 255.0) ]
06-13 14:26:52.830999  1570  1628 I priAutoBrightness_PriDisplayBrightnessGuardStrategy: updateGuardStrategy small lux threshold: [ (7187.0264, 490.0, 255.0), (7187.0264, 490.0, 255.0) ]
06-13 14:26:53.030654  1570  1628 D priAutoBrightness_PriDisplayBrightnessGuardStrategy: handleUpdateBrightness getNextPoint,LargeChanged:true,isRegressionDefaultSpline:false,full:false,HBM:false,count=0,point:(10466.982, 490.0, 255.0),target:(10467.565, 490.0, 255.0),drag:null,large[5000.0,5000.0],small[7187.0264,7187.0264]
06-13 14:26:53.030872  1570  1628 D priAutoBrightness_PriSmartBrightnessController: handleUpdateBrightness brightness changed:(10467.565, 490.0, 255.0)->(10466.982, 490.0, 255.0),isReset=false lux=10466.982,drag:null
06-13 14:26:53.030982  1570  1628 I priAutoBrightness_PriSmartBrightnessController: update target brightness point to : (10467.565, 490.0, 255.0)->(10466.982, 490.0, 255.0)
06-13 14:26:53.031025  1570  1628 D priAutoBrightness_PriSmartBrightnessController: onTargetBrightnessChange#3
06-13 14:26:53.031110  1570  1628 D priAutoBrightness_PriSmartBrightnessController: updateAutoBrightness() newScreenAutoBrightness0:1.0, mScreenAutoBrightness:1.0, mAmbientLux:10466.982 mDragPoint:null mTargetBrightnessPoint:(10466.982, 490.0, 255.0)
06-13 14:26:53.031172  1570  1628 D priAutoBrightness_PriMinimumBrightnessDelegate: checkMiniumBrightness() brightness:255
06-13 14:26:53.031220  1570  1628 D priAutoBrightness_PriMinimumBrightnessDelegate: checkTimeState() brightness=255, mCurrentEnvironmentStatus=1
06-13 14:26:53.031264  1570  1628 D priAutoBrightness_PriMinimumBrightnessDelegate: BrightDayStatus, change current brightness = 255 13nit=6 keep=false
06-13 14:26:53.031302  1570  1628 D priAutoBrightness_PriMinimumBrightnessDelegate: checkTimeState() resultBrightness:255
06-13 14:26:53.031355  1570  1628 D priAutoBrightness_PriSmartBrightnessController: checkMiniumBrightness() return newScreenAutoBrightness:1.0
06-13 14:26:53.031399  1570  1628 D priAutoBrightness_PriSmartBrightnessController: ignoring newScreenAutoBrightness: 1.0
06-13 14:26:53.031431  1570  1628 D priAutoBrightness_PriSmartBrightnessController: updateGuardStrategy#1
06-13 14:26:53.031495  1570  1628 I priAutoBrightness_PriDisplayBrightnessGuardStrategy: updateGuardStrategy update guard point: (10466.982, 490.0, 255.0)
06-13 14:26:53.031547  1570  1628 I priAutoBrightness_PriDisplayBrightnessGuardStrategy: not find left large change value
06-13 14:26:53.031701  1570  1628 I priAutoBrightness_PriDisplayBrightnessGuardStrategy: not find right large change value
06-13 14:26:53.031790  1570  1628 I priAutoBrightness_PriDisplayBrightnessGuardStrategy: updateGuardStrategy large lux threshold: [ (5000.0, 468.2304, 248.46051), (5000.0, 468.2304, 248.46051) ]
06-13 14:26:53.031928  1570  1628 I priAutoBrightness_PriDisplayBrightnessGuardStrategy: updateGuardStrategy small lux point: [ (9920.284, 490.0, 255.0), (11013.681, 490.0, 255.0) ]
06-13 14:26:53.032025  1570  1628 I priAutoBrightness_PriDisplayBrightnessGuardStrategy: updateGuardStrategy small lux threshold: [ (7186.793, 490.0, 255.0), (7186.793, 490.0, 255.0) ]
06-13 14:26:53.230087  1570  1628 D priAutoBrightness_PriDisplayBrightnessGuardStrategy: handleUpdateBrightness getNextPoint,LargeChanged:true,isRegressionDefaultSpline:false,full:false,HBM:false,count=0,point:(10466.244, 490.0, 255.0),target:(10466.982, 490.0, 255.0),drag:null,large[5000.0,5000.0],small[7186.793,7186.793]
06-13 14:26:53.230281  1570  1628 D priAutoBrightness_PriSmartBrightnessController: handleUpdateBrightness brightness changed:(10466.982, 490.0, 255.0)->(10466.244, 490.0, 255.0),isReset=false lux=10466.244,drag:null
06-13 14:26:53.230343  1570  1628 I priAutoBrightness_PriSmartBrightnessController: update target brightness point to : (10466.982, 490.0, 255.0)->(10466.244, 490.0, 255.0)
06-13 14:26:53.230373  1570  1628 D priAutoBrightness_PriSmartBrightnessController: onTargetBrightnessChange#3
06-13 14:26:53.230433  1570  1628 D priAutoBrightness_PriSmartBrightnessController: updateAutoBrightness() newScreenAutoBrightness0:1.0, mScreenAutoBrightness:1.0, mAmbientLux:10466.244 mDragPoint:null mTargetBrightnessPoint:(10466.244, 490.0, 255.0)
06-13 14:26:53.230525  1570  1628 D priAutoBrightness_PriMinimumBrightnessDelegate: checkMiniumBrightness() brightness:255
06-13 14:26:53.230567  1570  1628 D priAutoBrightness_PriMinimumBrightnessDelegate: checkTimeState() brightness=255, mCurrentEnvironmentStatus=1
06-13 14:26:53.230600  1570  1628 D priAutoBrightness_PriMinimumBrightnessDelegate: BrightDayStatus, change current brightness = 255 13nit=6 keep=false
06-13 14:26:53.230646  1570  1628 D priAutoBrightness_PriMinimumBrightnessDelegate: checkTimeState() resultBrightness:255
06-13 14:26:53.230687  1570  1628 D priAutoBrightness_PriSmartBrightnessController: checkMiniumBrightness() return newScreenAutoBrightness:1.0
06-13 14:26:53.230720  1570  1628 D priAutoBrightness_PriSmartBrightnessController: ignoring newScreenAutoBrightness: 1.0
06-13 14:26:53.230742  1570  1628 D priAutoBrightness_PriSmartBrightnessController: updateGuardStrategy#1
06-13 14:26:53.230789  1570  1628 I priAutoBrightness_PriDisplayBrightnessGuardStrategy: updateGuardStrategy update guard point: (10466.244, 490.0, 255.0)
06-13 14:26:53.230876  1570  1628 I priAutoBrightness_PriDisplayBrightnessGuardStrategy: not find left large change value
06-13 14:26:53.230914  1570  1628 I priAutoBrightness_PriDisplayBrightnessGuardStrategy: not find right large change value
06-13 14:26:53.231004  1570  1628 I priAutoBrightness_PriDisplayBrightnessGuardStrategy: updateGuardStrategy large lux threshold: [ (5000.0, 468.2304, 248.46051), (5000.0, 468.2304, 248.46051) ]
06-13 14:26:53.231055  1570  1628 I priAutoBrightness_PriDisplayBrightnessGuardStrategy: updateGuardStrategy small lux point: [ (9919.62, 490.0, 255.0), (11012.868, 490.0, 255.0) ]
06-13 14:26:53.231101  1570  1628 I priAutoBrightness_PriDisplayBrightnessGuardStrategy: updateGuardStrategy small lux threshold: [ (7186.4976, 490.0, 255.0), (7186.4976, 490.0, 255.0) ]
06-13 14:26:53.269003  1570  1593 E ApplicationHelper: Fail to get PackageManager
06-13 14:26:53.269594  1570  1593 E ApplicationHelper: Fail to get PackageManager
06-13 14:26:53.272308  1570  1593 E ApplicationHelper: Fail to get PackageManager
06-13 14:26:53.275124  1570  1593 E ApplicationHelper: Fail to get PackageManager
06-13 14:26:53.275235  1570  1593 E ApplicationHelper: Fail to get PackageManager
06-13 14:26:53.429813  1570  1628 D priAutoBrightness_PriDisplayBrightnessGuardStrategy: handleUpdateBrightness getNextPoint,LargeChanged:true,isRegressionDefaultSpline:false,full:false,HBM:false,count=0,point:(10465.331, 490.0, 255.0),target:(10466.244, 490.0, 255.0),drag:null,large[5000.0,5000.0],small[7186.4976,7186.4976]
06-13 14:26:53.430017  1570  1628 D priAutoBrightness_PriSmartBrightnessController: handleUpdateBrightness brightness changed:(10466.244, 490.0, 255.0)->(10465.331, 490.0, 255.0),isReset=false lux=10465.331,drag:null
06-13 14:26:53.430080  1570  1628 I priAutoBrightness_PriSmartBrightnessController: update target brightness point to : (10466.244, 490.0, 255.0)->(10465.331, 490.0, 255.0)
06-13 14:26:53.430108  1570  1628 D priAutoBrightness_PriSmartBrightnessController: onTargetBrightnessChange#3
06-13 14:26:53.430170  1570  1628 D priAutoBrightness_PriSmartBrightnessController: updateAutoBrightness() newScreenAutoBrightness0:1.0, mScreenAutoBrightness:1.0, mAmbientLux:10465.331 mDragPoint:null mTargetBrightnessPoint:(10465.331, 490.0, 255.0)
06-13 14:26:53.430275  1570  1628 D priAutoBrightness_PriMinimumBrightnessDelegate: checkMiniumBrightness() brightness:255
06-13 14:26:53.430314  1570  1628 D priAutoBrightness_PriMinimumBrightnessDelegate: checkTimeState() brightness=255, mCurrentEnvironmentStatus=1
06-13 14:26:53.430348  1570  1628 D priAutoBrightness_PriMinimumBrightnessDelegate: BrightDayStatus, change current brightness = 255 13nit=6 keep=false
06-13 14:26:53.430374  1570  1628 D priAutoBrightness_PriMinimumBrightnessDelegate: checkTimeState() resultBrightness:255
06-13 14:26:53.430412  1570  1628 D priAutoBrightness_PriSmartBrightnessController: checkMiniumBrightness() return newScreenAutoBrightness:1.0
06-13 14:26:53.430444  1570  1628 D priAutoBrightness_PriSmartBrightnessController: ignoring newScreenAutoBrightness: 1.0
06-13 14:26:53.430467  1570  1628 D priAutoBrightness_PriSmartBrightnessController: updateGuardStrategy#1
06-13 14:26:53.430513  1570  1628 I priAutoBrightness_PriDisplayBrightnessGuardStrategy: updateGuardStrategy update guard point: (10465.331, 490.0, 255.0)
06-13 14:26:53.430551  1570  1628 I priAutoBrightness_PriDisplayBrightnessGuardStrategy: not find left large change value
06-13 14:26:53.430583  1570  1628 I priAutoBrightness_PriDisplayBrightnessGuardStrategy: not find right large change value
06-13 14:26:53.430663  1570  1628 I priAutoBrightness_PriDisplayBrightnessGuardStrategy: updateGuardStrategy large lux threshold: [ (5000.0, 468.2304, 248.46051), (5000.0, 468.2304, 248.46051) ]
06-13 14:26:53.430762  1570  1628 I priAutoBrightness_PriDisplayBrightnessGuardStrategy: updateGuardStrategy small lux point: [ (9918.798, 490.0, 255.0), (11011.864, 490.0, 255.0) ]
06-13 14:26:53.430839  1570  1628 I priAutoBrightness_PriDisplayBrightnessGuardStrategy: updateGuardStrategy small lux threshold: [ (7186.1323, 490.0, 255.0), (7186.1323, 490.0, 255.0) ]
06-13 14:26:53.629979  1570  1628 D priAutoBrightness_PriDisplayBrightnessGuardStrategy: handleUpdateBrightness getNextPoint,LargeChanged:true,isRegressionDefaultSpline:false,full:false,HBM:false,count=0,point:(10464.332, 490.0, 255.0),target:(10465.331, 490.0, 255.0),drag:null,large[5000.0,5000.0],small[7186.1323,7186.1323]
06-13 14:26:53.630156  1570  1628 D priAutoBrightness_PriSmartBrightnessController: handleUpdateBrightness brightness changed:(10465.331, 490.0, 255.0)->(10464.332, 490.0, 255.0),isReset=false lux=10464.332,drag:null
06-13 14:26:53.630216  1570  1628 I priAutoBrightness_PriSmartBrightnessController: update target brightness point to : (10465.331, 490.0, 255.0)->(10464.332, 490.0, 255.0)
06-13 14:26:53.630244  1570  1628 D priAutoBrightness_PriSmartBrightnessController: onTargetBrightnessChange#3
06-13 14:26:53.630306  1570  1628 D priAutoBrightness_PriSmartBrightnessController: updateAutoBrightness() newScreenAutoBrightness0:1.0, mScreenAutoBrightness:1.0, mAmbientLux:10464.332 mDragPoint:null mTargetBrightnessPoint:(10464.332, 490.0, 255.0)
06-13 14:26:53.630356  1570  1628 D priAutoBrightness_PriMinimumBrightnessDelegate: checkMiniumBrightness() brightness:255
06-13 14:26:53.630425  1570  1628 D priAutoBrightness_PriMinimumBrightnessDelegate: checkTimeState() brightness=255, mCurrentEnvironmentStatus=1
06-13 14:26:53.630507  1570  1628 D priAutoBrightness_PriMinimumBrightnessDelegate: BrightDayStatus, change current brightness = 255 13nit=6 keep=false
06-13 14:26:53.630540  1570  1628 D priAutoBrightness_PriMinimumBrightnessDelegate: checkTimeState() resultBrightness:255
06-13 14:26:53.630582  1570  1628 D priAutoBrightness_PriSmartBrightnessController: checkMiniumBrightness() return newScreenAutoBrightness:1.0
06-13 14:26:53.630694  1570  1628 D priAutoBrightness_PriSmartBrightnessController: ignoring newScreenAutoBrightness: 1.0
06-13 14:26:53.630720  1570  1628 D priAutoBrightness_PriSmartBrightnessController: updateGuardStrategy#1
06-13 14:26:53.630772  1570  1628 I priAutoBrightness_PriDisplayBrightnessGuardStrategy: updateGuardStrategy update guard point: (10464.332, 490.0, 255.0)
06-13 14:26:53.630913  1570  1628 I priAutoBrightness_PriDisplayBrightnessGuardStrategy: not find left large change value
06-13 14:26:53.630996  1570  1628 I priAutoBrightness_PriDisplayBrightnessGuardStrategy: not find right large change value
06-13 14:26:53.631072  1570  1628 I priAutoBrightness_PriDisplayBrightnessGuardStrategy: updateGuardStrategy large lux threshold: [ (5000.0, 468.2304, 248.46051), (5000.0, 468.2304, 248.46051) ]
06-13 14:26:53.631183  1570  1628 I priAutoBrightness_PriDisplayBrightnessGuardStrategy: updateGuardStrategy small lux point: [ (9917.898, 490.0, 255.0), (11010.766, 490.0, 255.0) ]
06-13 14:26:53.631232  1570  1628 I priAutoBrightness_PriDisplayBrightnessGuardStrategy: updateGuardStrategy small lux threshold: [ (7185.733, 490.0, 255.0), (7185.733, 490.0, 255.0) ]
06-13 14:26:53.736292  1570  1593 E ApplicationHelper: Fail to get PackageManager
06-13 14:26:53.742852  1570  1593 E ApplicationHelper: Fail to get PackageManager
06-13 14:26:53.830132  1570  1628 D priAutoBrightness_PriDisplayBrightnessGuardStrategy: handleUpdateBrightness getNextPoint,LargeChanged:true,isRegressionDefaultSpline:false,full:false,HBM:false,count=0,point:(10463.302, 490.0, 255.0),target:(10464.332, 490.0, 255.0),drag:null,large[5000.0,5000.0],small[7185.733,7185.733]
06-13 14:26:53.830388  1570  1628 D priAutoBrightness_PriSmartBrightnessController: handleUpdateBrightness brightness changed:(10464.332, 490.0, 255.0)->(10463.302, 490.0, 255.0),isReset=false lux=10463.302,drag:null
06-13 14:26:53.830472  1570  1628 I priAutoBrightness_PriSmartBrightnessController: update target brightness point to : (10464.332, 490.0, 255.0)->(10463.302, 490.0, 255.0)
06-13 14:26:53.830512  1570  1628 D priAutoBrightness_PriSmartBrightnessController: onTargetBrightnessChange#3
06-13 14:26:53.830596  1570  1628 D priAutoBrightness_PriSmartBrightnessController: updateAutoBrightness() newScreenAutoBrightness0:1.0, mScreenAutoBrightness:1.0, mAmbientLux:10463.302 mDragPoint:null mTargetBrightnessPoint:(10463.302, 490.0, 255.0)
06-13 14:26:53.830657  1570  1628 D priAutoBrightness_PriMinimumBrightnessDelegate: checkMiniumBrightness() brightness:255
06-13 14:26:53.830703  1570  1628 D priAutoBrightness_PriMinimumBrightnessDelegate: checkTimeState() brightness=255, mCurrentEnvironmentStatus=1
06-13 14:26:53.830747  1570  1628 D priAutoBrightness_PriMinimumBrightnessDelegate: BrightDayStatus, change current brightness = 255 13nit=6 keep=false
06-13 14:26:53.830783  1570  1628 D priAutoBrightness_PriMinimumBrightnessDelegate: checkTimeState() resultBrightness:255
06-13 14:26:53.830835  1570  1628 D priAutoBrightness_PriSmartBrightnessController: checkMiniumBrightness() return newScreenAutoBrightness:1.0
06-13 14:26:53.830878  1570  1628 D priAutoBrightness_PriSmartBrightnessController: ignoring newScreenAutoBrightness: 1.0
06-13 14:26:53.830909  1570  1628 D priAutoBrightness_PriSmartBrightnessController: updateGuardStrategy#1
06-13 14:26:53.830974  1570  1628 I priAutoBrightness_PriDisplayBrightnessGuardStrategy: updateGuardStrategy update guard point: (10463.302, 490.0, 255.0)
06-13 14:26:53.831020  1570  1628 I priAutoBrightness_PriDisplayBrightnessGuardStrategy: not find left large change value
06-13 14:26:53.831063  1570  1628 I priAutoBrightness_PriDisplayBrightnessGuardStrategy: not find right large change value
06-13 14:26:53.831173  1570  1628 I priAutoBrightness_PriDisplayBrightnessGuardStrategy: updateGuardStrategy large lux threshold: [ (5000.0, 468.2304, 248.46051), (5000.0, 468.2304, 248.46051) ]
06-13 14:26:53.831242  1570  1628 I priAutoBrightness_PriDisplayBrightnessGuardStrategy: updateGuardStrategy small lux point: [ (9916.972, 490.0, 255.0), (11009.632, 490.0, 255.0) ]
06-13 14:26:53.831306  1570  1628 I priAutoBrightness_PriDisplayBrightnessGuardStrategy: updateGuardStrategy small lux threshold: [ (7185.321, 490.0, 255.0), (7185.321, 490.0, 255.0) ]
06-13 14:26:54.030194  1570  1628 D priAutoBrightness_PriDisplayBrightnessGuardStrategy: handleUpdateBrightness getNextPoint,LargeChanged:true,isRegressionDefaultSpline:false,full:false,HBM:false,count=0,point:(10461.758, 490.0, 255.0),target:(10463.302, 490.0, 255.0),drag:null,large[5000.0,5000.0],small[7185.321,7185.321]
06-13 14:26:54.030378  1570  1628 D priAutoBrightness_PriSmartBrightnessController: handleUpdateBrightness brightness changed:(10463.302, 490.0, 255.0)->(10461.758, 490.0, 255.0),isReset=false lux=10461.758,drag:null
06-13 14:26:54.030437  1570  1628 I priAutoBrightness_PriSmartBrightnessController: update target brightness point to : (10463.302, 490.0, 255.0)->(10461.758, 490.0, 255.0)
06-13 14:26:54.030465  1570  1628 D priAutoBrightness_PriSmartBrightnessController: onTargetBrightnessChange#3
06-13 14:26:54.030524  1570  1628 D priAutoBrightness_PriSmartBrightnessController: updateAutoBrightness() newScreenAutoBrightness0:1.0, mScreenAutoBrightness:1.0, mAmbientLux:10461.758 mDragPoint:null mTargetBrightnessPoint:(10461.758, 490.0, 255.0)
06-13 14:26:54.030587  1570  1628 D priAutoBrightness_PriMinimumBrightnessDelegate: checkMiniumBrightness() brightness:255
06-13 14:26:54.030623  1570  1628 D priAutoBrightness_PriMinimumBrightnessDelegate: checkTimeState() brightness=255, mCurrentEnvironmentStatus=1
06-13 14:26:54.030655  1570  1628 D priAutoBrightness_PriMinimumBrightnessDelegate: BrightDayStatus, change current brightness = 255 13nit=6 keep=false
06-13 14:26:54.030681  1570  1628 D priAutoBrightness_PriMinimumBrightnessDelegate: checkTimeState() resultBrightness:255
06-13 14:26:54.030718  1570  1628 D priAutoBrightness_PriSmartBrightnessController: checkMiniumBrightness() return newScreenAutoBrightness:1.0
06-13 14:26:54.030748  1570  1628 D priAutoBrightness_PriSmartBrightnessController: ignoring newScreenAutoBrightness: 1.0
06-13 14:26:54.030769  1570  1628 D priAutoBrightness_PriSmartBrightnessController: updateGuardStrategy#1
06-13 14:26:54.030940  1570  1628 I priAutoBrightness_PriDisplayBrightnessGuardStrategy: updateGuardStrategy update guard point: (10461.758, 490.0, 255.0)
06-13 14:26:54.031085  1570  1628 I priAutoBrightness_PriDisplayBrightnessGuardStrategy: not find left large change value
06-13 14:26:54.031124  1570  1628 I priAutoBrightness_PriDisplayBrightnessGuardStrategy: not find right large change value
06-13 14:26:54.031192  1570  1628 I priAutoBrightness_PriDisplayBrightnessGuardStrategy: updateGuardStrategy large lux threshold: [ (5000.0, 468.2304, 248.46051), (5000.0, 468.2304, 248.46051) ]
06-13 14:26:54.031338  1570  1628 I priAutoBrightness_PriDisplayBrightnessGuardStrategy: updateGuardStrategy small lux point: [ (9915.582, 490.0, 255.0), (11007.934, 490.0, 255.0) ]
06-13 14:26:54.031435  1570  1628 I priAutoBrightness_PriDisplayBrightnessGuardStrategy: updateGuardStrategy small lux threshold: [ (7184.703, 490.0, 255.0), (7184.703, 490.0, 255.0) ]
06-13 14:26:54.229875  1570  1628 D priAutoBrightness_PriDisplayBrightnessGuardStrategy: handleUpdateBrightness getNextPoint,LargeChanged:true,isRegressionDefaultSpline:false,full:false,HBM:false,count=0,point:(10460.28, 490.0, 255.0),target:(10461.758, 490.0, 255.0),drag:null,large[5000.0,5000.0],small[7184.703,7184.703]
06-13 14:26:54.230076  1570  1628 D priAutoBrightness_PriSmartBrightnessController: handleUpdateBrightness brightness changed:(10461.758, 490.0, 255.0)->(10460.28, 490.0, 255.0),isReset=false lux=10460.28,drag:null
06-13 14:26:54.230136  1570  1628 I priAutoBrightness_PriSmartBrightnessController: update target brightness point to : (10461.758, 490.0, 255.0)->(10460.28, 490.0, 255.0)
06-13 14:26:54.230165  1570  1628 D priAutoBrightness_PriSmartBrightnessController: onTargetBrightnessChange#3
06-13 14:26:54.230225  1570  1628 D priAutoBrightness_PriSmartBrightnessController: updateAutoBrightness() newScreenAutoBrightness0:1.0, mScreenAutoBrightness:1.0, mAmbientLux:10460.28 mDragPoint:null mTargetBrightnessPoint:(10460.28, 490.0, 255.0)
06-13 14:26:54.230318  1570  1628 D priAutoBrightness_PriMinimumBrightnessDelegate: checkMiniumBrightness() brightness:255
06-13 14:26:54.230424  1570  1628 D priAutoBrightness_PriMinimumBrightnessDelegate: checkTimeState() brightness=255, mCurrentEnvironmentStatus=1
06-13 14:26:54.230461  1570  1628 D priAutoBrightness_PriMinimumBrightnessDelegate: BrightDayStatus, change current brightness = 255 13nit=6 keep=false
06-13 14:26:54.230487  1570  1628 D priAutoBrightness_PriMinimumBrightnessDelegate: checkTimeState() resultBrightness:255
06-13 14:26:54.230527  1570  1628 D priAutoBrightness_PriSmartBrightnessController: checkMiniumBrightness() return newScreenAutoBrightness:1.0
06-13 14:26:54.230619  1570  1628 D priAutoBrightness_PriSmartBrightnessController: ignoring newScreenAutoBrightness: 1.0
06-13 14:26:54.230646  1570  1628 D priAutoBrightness_PriSmartBrightnessController: updateGuardStrategy#1
06-13 14:26:54.230721  1570  1628 I priAutoBrightness_PriDisplayBrightnessGuardStrategy: updateGuardStrategy update guard point: (10460.28, 490.0, 255.0)
06-13 14:26:54.230793  1570  1628 I priAutoBrightness_PriDisplayBrightnessGuardStrategy: not find left large change value
06-13 14:26:54.230830  1570  1628 I priAutoBrightness_PriDisplayBrightnessGuardStrategy: not find right large change value
06-13 14:26:54.230896  1570  1628 I priAutoBrightness_PriDisplayBrightnessGuardStrategy: updateGuardStrategy large lux threshold: [ (5000.0, 468.2304, 248.46051), (5000.0, 468.2304, 248.46051) ]
06-13 14:26:54.230996  1570  1628 I priAutoBrightness_PriDisplayBrightnessGuardStrategy: updateGuardStrategy small lux point: [ (9914.252, 490.0, 255.0), (11006.309, 490.0, 255.0) ]
06-13 14:26:54.231044  1570  1628 I priAutoBrightness_PriDisplayBrightnessGuardStrategy: updateGuardStrategy small lux threshold: [ (7184.1123, 490.0, 255.0), (7184.1123, 490.0, 255.0) ]
06-13 14:26:54.429934  1570  1628 D priAutoBrightness_PriDisplayBrightnessGuardStrategy: handleUpdateBrightness getNextPoint,LargeChanged:true,isRegressionDefaultSpline:false,full:false,HBM:false,count=0,point:(10458.855, 490.0, 255.0),target:(10460.28, 490.0, 255.0),drag:null,large[5000.0,5000.0],small[7184.1123,7184.1123]
