06-13 14:26:45.830313  1570  1628 I priAutoBrightness_PriSmartBrightnessController: update target brightness point to : (10452.361, 490.0, 255.0)->(10452.98, 490.0, 255.0)
06-13 14:26:45.830400  1570  1628 D priAutoBrightness_PriSmartBrightnessController: onTargetBrightnessChange#3
06-13 14:26:45.830493  1570  1628 D priAutoBrightness_PriSmartBrightnessController: updateAutoBrightness() newScreenAutoBrightness0:1.0, mScreenAutoBrightness:1.0, mAmbientLux:10452.98 mDragPoint:null mTargetBrightnessPoint:(10452.98, 490.0, 255.0)
06-13 14:26:45.830609  1570  1628 D priAutoBrightness_PriMinimumBrightnessDelegate: checkMiniumBrightness() brightness:255
06-13 14:26:45.830664  1570  1628 D priAutoBrightness_PriMinimumBrightnessDelegate: checkTimeState() brightness=255, mCurrentEnvironmentStatus=1
06-13 14:26:45.830711  1570  1628 D priAutoBrightness_PriMinimumBrightnessDelegate: BrightDayStatus, change current brightness = 255 13nit=6 keep=false
06-13 14:26:45.830852  1570  1628 D priAutoBrightness_PriMinimumBrightnessDelegate: checkTimeState() resultBrightness:255
06-13 14:26:45.830913  1570  1628 D priAutoBrightness_PriSmartBrightnessController: checkMiniumBrightness() return newScreenAutoBrightness:1.0
06-13 14:26:45.831027  1570  1628 D priAutoBrightness_PriSmartBrightnessController: ignoring newScreenAutoBrightness: 1.0
06-13 14:26:45.831069  1570  1628 D priAutoBrightness_PriSmartBrightnessController: updateGuardStrategy#1
06-13 14:26:45.831143  1570  1628 I priAutoBrightness_PriDisplayBrightnessGuardStrategy: updateGuardStrategy update guard point: (10452.98, 490.0, 255.0)
06-13 14:26:45.831195  1570  1628 I priAutoBrightness_PriDisplayBrightnessGuardStrategy: not find left large change value
06-13 14:26:45.831397  1570  1628 I priAutoBrightness_PriDisplayBrightnessGuardStrategy: not find right large change value
06-13 14:26:45.831500  1570  1628 I priAutoBrightness_PriDisplayBrightnessGuardStrategy: updateGuardStrategy large lux threshold: [ (5000.0, 468.2304, 248.46051), (5000.0, 468.2304, 248.46051) ]
06-13 14:26:45.831569  1570  1628 I priAutoBrightness_PriDisplayBrightnessGuardStrategy: updateGuardStrategy small lux point: [ (9907.683, 490.0, 255.0), (10998.278, 490.0, 255.0) ]
06-13 14:26:45.831633  1570  1628 I priAutoBrightness_PriDisplayBrightnessGuardStrategy: updateGuardStrategy small lux threshold: [ (7181.1924, 490.0, 255.0), (7181.1924, 490.0, 255.0) ]
06-13 14:26:46.030386  1570  1628 D priAutoBrightness_PriDisplayBrightnessGuardStrategy: handleUpdateBrightness getNextPoint,LargeChanged:true,isRegressionDefaultSpline:false,full:false,HBM:false,count=0,point:(10452.906, 490.0, 255.0),target:(10452.98, 490.0, 255.0),drag:null,large[5000.0,5000.0],small[7181.1924,7181.1924]
06-13 14:26:46.030608  1570  1628 D priAutoBrightness_PriSmartBrightnessController: handleUpdateBrightness brightness changed:(10452.98, 490.0, 255.0)->(10452.906, 490.0, 255.0),isReset=false lux=10452.906,drag:null
06-13 14:26:46.030710  1570  1628 I priAutoBrightness_PriSmartBrightnessController: update target brightness point to : (10452.98, 490.0, 255.0)->(10452.906, 490.0, 255.0)
06-13 14:26:46.030752  1570  1628 D priAutoBrightness_PriSmartBrightnessController: onTargetBrightnessChange#3
06-13 14:26:46.030835  1570  1628 D priAutoBrightness_PriSmartBrightnessController: updateAutoBrightness() newScreenAutoBrightness0:1.0, mScreenAutoBrightness:1.0, mAmbientLux:10452.906 mDragPoint:null mTargetBrightnessPoint:(10452.906, 490.0, 255.0)
06-13 14:26:46.030968  1570  1628 D priAutoBrightness_PriMinimumBrightnessDelegate: checkMiniumBrightness() brightness:255
06-13 14:26:46.031022  1570  1628 D priAutoBrightness_PriMinimumBrightnessDelegate: checkTimeState() brightness=255, mCurrentEnvironmentStatus=1
06-13 14:26:46.031067  1570  1628 D priAutoBrightness_PriMinimumBrightnessDelegate: BrightDayStatus, change current brightness = 255 13nit=6 keep=false
06-13 14:26:46.031223  1570  1628 D priAutoBrightness_PriMinimumBrightnessDelegate: checkTimeState() resultBrightness:255
06-13 14:26:46.031284  1570  1628 D priAutoBrightness_PriSmartBrightnessController: checkMiniumBrightness() return newScreenAutoBrightness:1.0
06-13 14:26:46.031328  1570  1628 D priAutoBrightness_PriSmartBrightnessController: ignoring newScreenAutoBrightness: 1.0
06-13 14:26:46.031501  1570  1628 D priAutoBrightness_PriSmartBrightnessController: updateGuardStrategy#1
06-13 14:26:46.031575  1570  1628 I priAutoBrightness_PriDisplayBrightnessGuardStrategy: updateGuardStrategy update guard point: (10452.906, 490.0, 255.0)
06-13 14:26:46.031625  1570  1628 I priAutoBrightness_PriDisplayBrightnessGuardStrategy: not find left large change value
06-13 14:26:46.031669  1570  1628 I priAutoBrightness_PriDisplayBrightnessGuardStrategy: not find right large change value
06-13 14:26:46.031757  1570  1628 I priAutoBrightness_PriDisplayBrightnessGuardStrategy: updateGuardStrategy large lux threshold: [ (5000.0, 468.2304, 248.46051), (5000.0, 468.2304, 248.46051) ]
06-13 14:26:46.031864  1570  1628 I priAutoBrightness_PriDisplayBrightnessGuardStrategy: updateGuardStrategy small lux point: [ (9907.615, 490.0, 255.0), (10998.197, 490.0, 255.0) ]
06-13 14:26:46.032017  1570  1628 I priAutoBrightness_PriDisplayBrightnessGuardStrategy: updateGuardStrategy small lux threshold: [ (7181.1626, 490.0, 255.0), (7181.1626, 490.0, 255.0) ]
06-13 14:26:46.230727  1570  1628 D priAutoBrightness_PriDisplayBrightnessGuardStrategy: handleUpdateBrightness getNextPoint,LargeChanged:true,isRegressionDefaultSpline:false,full:false,HBM:false,count=0,point:(10452.436, 490.0, 255.0),target:(10452.906, 490.0, 255.0),drag:null,large[5000.0,5000.0],small[7181.1626,7181.1626]
06-13 14:26:46.230887  1570  1628 D priAutoBrightness_PriSmartBrightnessController: handleUpdateBrightness brightness changed:(10452.906, 490.0, 255.0)->(10452.436, 490.0, 255.0),isReset=false lux=10452.436,drag:null
06-13 14:26:46.231005  1570  1628 I priAutoBrightness_PriSmartBrightnessController: update target brightness point to : (10452.906, 490.0, 255.0)->(10452.436, 490.0, 255.0)
06-13 14:26:46.231207  1570  1628 D priAutoBrightness_PriSmartBrightnessController: onTargetBrightnessChange#3
06-13 14:26:46.231266  1570  1628 D priAutoBrightness_PriSmartBrightnessController: updateAutoBrightness() newScreenAutoBrightness0:1.0, mScreenAutoBrightness:1.0, mAmbientLux:10452.436 mDragPoint:null mTargetBrightnessPoint:(10452.436, 490.0, 255.0)
06-13 14:26:46.231333  1570  1628 D priAutoBrightness_PriMinimumBrightnessDelegate: checkMiniumBrightness() brightness:255
06-13 14:26:46.231359  1570  1628 D priAutoBrightness_PriMinimumBrightnessDelegate: checkTimeState() brightness=255, mCurrentEnvironmentStatus=1
06-13 14:26:46.231380  1570  1628 D priAutoBrightness_PriMinimumBrightnessDelegate: BrightDayStatus, change current brightness = 255 13nit=6 keep=false
06-13 14:26:46.231420  1570  1628 D priAutoBrightness_PriMinimumBrightnessDelegate: checkTimeState() resultBrightness:255
06-13 14:26:46.231481  1570  1628 D priAutoBrightness_PriSmartBrightnessController: checkMiniumBrightness() return newScreenAutoBrightness:1.0
06-13 14:26:46.231505  1570  1628 D priAutoBrightness_PriSmartBrightnessController: ignoring newScreenAutoBrightness: 1.0
06-13 14:26:46.231519  1570  1628 D priAutoBrightness_PriSmartBrightnessController: updateGuardStrategy#1
06-13 14:26:46.231550  1570  1628 I priAutoBrightness_PriDisplayBrightnessGuardStrategy: updateGuardStrategy update guard point: (10452.436, 490.0, 255.0)
06-13 14:26:46.231578  1570  1628 I priAutoBrightness_PriDisplayBrightnessGuardStrategy: not find left large change value
06-13 14:26:46.231600  1570  1628 I priAutoBrightness_PriDisplayBrightnessGuardStrategy: not find right large change value
06-13 14:26:46.231703  1570  1628 I priAutoBrightness_PriDisplayBrightnessGuardStrategy: updateGuardStrategy large lux threshold: [ (5000.0, 468.2304, 248.46051), (5000.0, 468.2304, 248.46051) ]
06-13 14:26:46.231736  1570  1628 I priAutoBrightness_PriDisplayBrightnessGuardStrategy: updateGuardStrategy small lux point: [ (9907.192, 490.0, 255.0), (10997.679, 490.0, 255.0) ]
06-13 14:26:46.231833  1570  1628 I priAutoBrightness_PriDisplayBrightnessGuardStrategy: updateGuardStrategy small lux threshold: [ (7180.974, 490.0, 255.0), (7180.974, 490.0, 255.0) ]
06-13 14:26:46.405030  1570  1593 E ApplicationHelper: Fail to get PackageManager
06-13 14:26:46.430219  1570  1628 D priAutoBrightness_PriDisplayBrightnessGuardStrategy: handleUpdateBrightness getNextPoint,LargeChanged:true,isRegressionDefaultSpline:false,full:false,HBM:false,count=0,point:(10451.912, 490.0, 255.0),target:(10452.436, 490.0, 255.0),drag:null,large[5000.0,5000.0],small[7180.974,7180.974]
06-13 14:26:46.430503  1570  1628 D priAutoBrightness_PriSmartBrightnessController: handleUpdateBrightness brightness changed:(10452.436, 490.0, 255.0)->(10451.912, 490.0, 255.0),isReset=false lux=10451.912,drag:null
06-13 14:26:46.430598  1570  1628 I priAutoBrightness_PriSmartBrightnessController: update target brightness point to : (10452.436, 490.0, 255.0)->(10451.912, 490.0, 255.0)
06-13 14:26:46.430640  1570  1628 D priAutoBrightness_PriSmartBrightnessController: onTargetBrightnessChange#3
06-13 14:26:46.430728  1570  1628 D priAutoBrightness_PriSmartBrightnessController: updateAutoBrightness() newScreenAutoBrightness0:1.0, mScreenAutoBrightness:1.0, mAmbientLux:10451.912 mDragPoint:null mTargetBrightnessPoint:(10451.912, 490.0, 255.0)
06-13 14:26:46.430795  1570  1628 D priAutoBrightness_PriMinimumBrightnessDelegate: checkMiniumBrightness() brightness:255
06-13 14:26:46.430844  1570  1628 D priAutoBrightness_PriMinimumBrightnessDelegate: checkTimeState() brightness=255, mCurrentEnvironmentStatus=1
06-13 14:26:46.430890  1570  1628 D priAutoBrightness_PriMinimumBrightnessDelegate: BrightDayStatus, change current brightness = 255 13nit=6 keep=false
06-13 14:26:46.430927  1570  1628 D priAutoBrightness_PriMinimumBrightnessDelegate: checkTimeState() resultBrightness:255
06-13 14:26:46.430980  1570  1628 D priAutoBrightness_PriSmartBrightnessController: checkMiniumBrightness() return newScreenAutoBrightness:1.0
06-13 14:26:46.431024  1570  1628 D priAutoBrightness_PriSmartBrightnessController: ignoring newScreenAutoBrightness: 1.0
06-13 14:26:46.431056  1570  1628 D priAutoBrightness_PriSmartBrightnessController: updateGuardStrategy#1
06-13 14:26:46.431121  1570  1628 I priAutoBrightness_PriDisplayBrightnessGuardStrategy: updateGuardStrategy update guard point: (10451.912, 490.0, 255.0)
06-13 14:26:46.431173  1570  1628 I priAutoBrightness_PriDisplayBrightnessGuardStrategy: not find left large change value
06-13 14:26:46.431220  1570  1628 I priAutoBrightness_PriDisplayBrightnessGuardStrategy: not find right large change value
06-13 14:26:46.431328  1570  1628 I priAutoBrightness_PriDisplayBrightnessGuardStrategy: updateGuardStrategy large lux threshold: [ (5000.0, 468.2304, 248.46051), (5000.0, 468.2304, 248.46051) ]
06-13 14:26:46.431445  1570  1628 I priAutoBrightness_PriDisplayBrightnessGuardStrategy: updateGuardStrategy small lux point: [ (9906.721, 490.0, 255.0), (10997.104, 490.0, 255.0) ]
06-13 14:26:46.431496  1570  1628 I priAutoBrightness_PriDisplayBrightnessGuardStrategy: updateGuardStrategy small lux threshold: [ (7180.765, 490.0, 255.0), (7180.765, 490.0, 255.0) ]
06-13 14:26:46.630071  1570  1628 D priAutoBrightness_PriDisplayBrightnessGuardStrategy: handleUpdateBrightness getNextPoint,LargeChanged:true,isRegressionDefaultSpline:false,full:false,HBM:false,count=0,point:(10452.45, 490.0, 255.0),target:(10451.912, 490.0, 255.0),drag:null,large[5000.0,5000.0],small[7180.765,7180.765]
06-13 14:26:46.630397  1570  1628 D priAutoBrightness_PriSmartBrightnessController: handleUpdateBrightness brightness changed:(10451.912, 490.0, 255.0)->(10452.45, 490.0, 255.0),isReset=false lux=10452.45,drag:null
06-13 14:26:46.630571  1570  1628 I priAutoBrightness_PriSmartBrightnessController: update target brightness point to : (10451.912, 490.0, 255.0)->(10452.45, 490.0, 255.0)
06-13 14:26:46.630681  1570  1628 D priAutoBrightness_PriSmartBrightnessController: onTargetBrightnessChange#3
06-13 14:26:46.630846  1570  1628 D priAutoBrightness_PriSmartBrightnessController: updateAutoBrightness() newScreenAutoBrightness0:1.0, mScreenAutoBrightness:1.0, mAmbientLux:10452.45 mDragPoint:null mTargetBrightnessPoint:(10452.45, 490.0, 255.0)
06-13 14:26:46.630956  1570  1628 D priAutoBrightness_PriMinimumBrightnessDelegate: checkMiniumBrightness() brightness:255
06-13 14:26:46.631009  1570  1628 D priAutoBrightness_PriMinimumBrightnessDelegate: checkTimeState() brightness=255, mCurrentEnvironmentStatus=1
06-13 14:26:46.631095  1570  1628 D priAutoBrightness_PriMinimumBrightnessDelegate: BrightDayStatus, change current brightness = 255 13nit=6 keep=false
06-13 14:26:46.631177  1570  1628 D priAutoBrightness_PriMinimumBrightnessDelegate: checkTimeState() resultBrightness:255
06-13 14:26:46.631241  1570  1628 D priAutoBrightness_PriSmartBrightnessController: checkMiniumBrightness() return newScreenAutoBrightness:1.0
06-13 14:26:46.631287  1570  1628 D priAutoBrightness_PriSmartBrightnessController: ignoring newScreenAutoBrightness: 1.0
06-13 14:26:46.631320  1570  1628 D priAutoBrightness_PriSmartBrightnessController: updateGuardStrategy#1
06-13 14:26:46.631388  1570  1628 I priAutoBrightness_PriDisplayBrightnessGuardStrategy: updateGuardStrategy update guard point: (10452.45, 490.0, 255.0)
06-13 14:26:46.631527  1570  1628 I priAutoBrightness_PriDisplayBrightnessGuardStrategy: not find left large change value
06-13 14:26:46.631578  1570  1628 I priAutoBrightness_PriDisplayBrightnessGuardStrategy: not find right large change value
06-13 14:26:46.631671  1570  1628 I priAutoBrightness_PriDisplayBrightnessGuardStrategy: updateGuardStrategy large lux threshold: [ (5000.0, 468.2304, 248.46051), (5000.0, 468.2304, 248.46051) ]
06-13 14:26:46.631840  1570  1628 I priAutoBrightness_PriDisplayBrightnessGuardStrategy: updateGuardStrategy small lux point: [ (9907.205, 490.0, 255.0), (10997.695, 490.0, 255.0) ]
06-13 14:26:46.631910  1570  1628 I priAutoBrightness_PriDisplayBrightnessGuardStrategy: updateGuardStrategy small lux threshold: [ (7180.98, 490.0, 255.0), (7180.98, 490.0, 255.0) ]
06-13 14:26:46.830020  1570  1628 D priAutoBrightness_PriDisplayBrightnessGuardStrategy: handleUpdateBrightness getNextPoint,LargeChanged:true,isRegressionDefaultSpline:false,full:false,HBM:false,count=0,point:(10453.092, 490.0, 255.0),target:(10452.45, 490.0, 255.0),drag:null,large[5000.0,5000.0],small[7180.98,7180.98]
06-13 14:26:46.830317  1570  1628 D priAutoBrightness_PriSmartBrightnessController: handleUpdateBrightness brightness changed:(10452.45, 490.0, 255.0)->(10453.092, 490.0, 255.0),isReset=false lux=10453.092,drag:null
06-13 14:26:46.830400  1570  1628 I priAutoBrightness_PriSmartBrightnessController: update target brightness point to : (10452.45, 490.0, 255.0)->(10453.092, 490.0, 255.0)
06-13 14:26:46.830437  1570  1628 D priAutoBrightness_PriSmartBrightnessController: onTargetBrightnessChange#3
06-13 14:26:46.830517  1570  1628 D priAutoBrightness_PriSmartBrightnessController: updateAutoBrightness() newScreenAutoBrightness0:1.0, mScreenAutoBrightness:1.0, mAmbientLux:10453.092 mDragPoint:null mTargetBrightnessPoint:(10453.092, 490.0, 255.0)
06-13 14:26:46.830579  1570  1628 D priAutoBrightness_PriMinimumBrightnessDelegate: checkMiniumBrightness() brightness:255
06-13 14:26:46.830624  1570  1628 D priAutoBrightness_PriMinimumBrightnessDelegate: checkTimeState() brightness=255, mCurrentEnvironmentStatus=1
06-13 14:26:46.830667  1570  1628 D priAutoBrightness_PriMinimumBrightnessDelegate: BrightDayStatus, change current brightness = 255 13nit=6 keep=false
06-13 14:26:46.830703  1570  1628 D priAutoBrightness_PriMinimumBrightnessDelegate: checkTimeState() resultBrightness:255
06-13 14:26:46.830756  1570  1628 D priAutoBrightness_PriSmartBrightnessController: checkMiniumBrightness() return newScreenAutoBrightness:1.0
06-13 14:26:46.830800  1570  1628 D priAutoBrightness_PriSmartBrightnessController: ignoring newScreenAutoBrightness: 1.0
06-13 14:26:46.830830  1570  1628 D priAutoBrightness_PriSmartBrightnessController: updateGuardStrategy#1
06-13 14:26:46.830894  1570  1628 I priAutoBrightness_PriDisplayBrightnessGuardStrategy: updateGuardStrategy update guard point: (10453.092, 490.0, 255.0)
06-13 14:26:46.830942  1570  1628 I priAutoBrightness_PriDisplayBrightnessGuardStrategy: not find left large change value
06-13 14:26:46.830985  1570  1628 I priAutoBrightness_PriDisplayBrightnessGuardStrategy: not find right large change value
06-13 14:26:46.831095  1570  1628 I priAutoBrightness_PriDisplayBrightnessGuardStrategy: updateGuardStrategy large lux threshold: [ (5000.0, 468.2304, 248.46051), (5000.0, 468.2304, 248.46051) ]
06-13 14:26:46.831166  1570  1628 I priAutoBrightness_PriDisplayBrightnessGuardStrategy: updateGuardStrategy small lux point: [ (9907.782, 490.0, 255.0), (10998.401, 490.0, 255.0) ]
06-13 14:26:46.831229  1570  1628 I priAutoBrightness_PriDisplayBrightnessGuardStrategy: updateGuardStrategy small lux threshold: [ (7181.237, 490.0, 255.0), (7181.237, 490.0, 255.0) ]
06-13 14:26:47.030791  1570  1628 D priAutoBrightness_PriDisplayBrightnessGuardStrategy: handleUpdateBrightness getNextPoint,LargeChanged:true,isRegressionDefaultSpline:false,full:false,HBM:false,count=0,point:(10453.462, 490.0, 255.0),target:(10453.092, 490.0, 255.0),drag:null,large[5000.0,5000.0],small[7181.237,7181.237]
06-13 14:26:47.031009  1570  1628 D priAutoBrightness_PriSmartBrightnessController: handleUpdateBrightness brightness changed:(10453.092, 490.0, 255.0)->(10453.462, 490.0, 255.0),isReset=false lux=10453.462,drag:null
06-13 14:26:47.031091  1570  1628 I priAutoBrightness_PriSmartBrightnessController: update target brightness point to : (10453.092, 490.0, 255.0)->(10453.462, 490.0, 255.0)
06-13 14:26:47.031128  1570  1628 D priAutoBrightness_PriSmartBrightnessController: onTargetBrightnessChange#3
06-13 14:26:47.031210  1570  1628 D priAutoBrightness_PriSmartBrightnessController: updateAutoBrightness() newScreenAutoBrightness0:1.0, mScreenAutoBrightness:1.0, mAmbientLux:10453.462 mDragPoint:null mTargetBrightnessPoint:(10453.462, 490.0, 255.0)
06-13 14:26:47.031322  1570  1628 D priAutoBrightness_PriMinimumBrightnessDelegate: checkMiniumBrightness() brightness:255
06-13 14:26:47.031523  1570  1628 D priAutoBrightness_PriMinimumBrightnessDelegate: checkTimeState() brightness=255, mCurrentEnvironmentStatus=1
06-13 14:26:47.031573  1570  1628 D priAutoBrightness_PriMinimumBrightnessDelegate: BrightDayStatus, change current brightness = 255 13nit=6 keep=false
06-13 14:26:47.031612  1570  1628 D priAutoBrightness_PriMinimumBrightnessDelegate: checkTimeState() resultBrightness:255
06-13 14:26:47.031671  1570  1628 D priAutoBrightness_PriSmartBrightnessController: checkMiniumBrightness() return newScreenAutoBrightness:1.0
06-13 14:26:47.031716  1570  1628 D priAutoBrightness_PriSmartBrightnessController: ignoring newScreenAutoBrightness: 1.0
06-13 14:26:47.031748  1570  1628 D priAutoBrightness_PriSmartBrightnessController: updateGuardStrategy#1
06-13 14:26:47.031814  1570  1628 I priAutoBrightness_PriDisplayBrightnessGuardStrategy: updateGuardStrategy update guard point: (10453.462, 490.0, 255.0)
06-13 14:26:47.031862  1570  1628 I priAutoBrightness_PriDisplayBrightnessGuardStrategy: not find left large change value
06-13 14:26:47.031906  1570  1628 I priAutoBrightness_PriDisplayBrightnessGuardStrategy: not find right large change value
06-13 14:26:47.032078  1570  1628 I priAutoBrightness_PriDisplayBrightnessGuardStrategy: updateGuardStrategy large lux threshold: [ (5000.0, 468.2304, 248.46051), (5000.0, 468.2304, 248.46051) ]
06-13 14:26:47.032150  1570  1628 I priAutoBrightness_PriDisplayBrightnessGuardStrategy: updateGuardStrategy small lux point: [ (9908.115, 490.0, 255.0), (10998.809, 490.0, 255.0) ]
06-13 14:26:47.032215  1570  1628 I priAutoBrightness_PriDisplayBrightnessGuardStrategy: updateGuardStrategy small lux threshold: [ (7181.385, 490.0, 255.0), (7181.385, 490.0, 255.0) ]
06-13 14:26:47.230360  1570  1628 D priAutoBrightness_PriDisplayBrightnessGuardStrategy: handleUpdateBrightness getNextPoint,LargeChanged:true,isRegressionDefaultSpline:false,full:false,HBM:false,count=0,point:(10453.662, 490.0, 255.0),target:(10453.462, 490.0, 255.0),drag:null,large[5000.0,5000.0],small[7181.385,7181.385]
06-13 14:26:47.230609  1570  1628 D priAutoBrightness_PriSmartBrightnessController: handleUpdateBrightness brightness changed:(10453.462, 490.0, 255.0)->(10453.662, 490.0, 255.0),isReset=false lux=10453.662,drag:null
06-13 14:26:47.230692  1570  1628 I priAutoBrightness_PriSmartBrightnessController: update target brightness point to : (10453.462, 490.0, 255.0)->(10453.662, 490.0, 255.0)
06-13 14:26:47.230732  1570  1628 D priAutoBrightness_PriSmartBrightnessController: onTargetBrightnessChange#3
06-13 14:26:47.230948  1570  1628 D priAutoBrightness_PriSmartBrightnessController: updateAutoBrightness() newScreenAutoBrightness0:1.0, mScreenAutoBrightness:1.0, mAmbientLux:10453.662 mDragPoint:null mTargetBrightnessPoint:(10453.662, 490.0, 255.0)
06-13 14:26:47.231015  1570  1628 D priAutoBrightness_PriMinimumBrightnessDelegate: checkMiniumBrightness() brightness:255
06-13 14:26:47.231060  1570  1628 D priAutoBrightness_PriMinimumBrightnessDelegate: checkTimeState() brightness=255, mCurrentEnvironmentStatus=1
06-13 14:26:47.231105  1570  1628 D priAutoBrightness_PriMinimumBrightnessDelegate: BrightDayStatus, change current brightness = 255 13nit=6 keep=false
06-13 14:26:47.231142  1570  1628 D priAutoBrightness_PriMinimumBrightnessDelegate: checkTimeState() resultBrightness:255
06-13 14:26:47.231195  1570  1628 D priAutoBrightness_PriSmartBrightnessController: checkMiniumBrightness() return newScreenAutoBrightness:1.0
06-13 14:26:47.231239  1570  1628 D priAutoBrightness_PriSmartBrightnessController: ignoring newScreenAutoBrightness: 1.0
06-13 14:26:47.231368  1570  1628 D priAutoBrightness_PriSmartBrightnessController: updateGuardStrategy#1
06-13 14:26:47.231465  1570  1628 I priAutoBrightness_PriDisplayBrightnessGuardStrategy: updateGuardStrategy update guard point: (10453.662, 490.0, 255.0)
06-13 14:26:47.231519  1570  1628 I priAutoBrightness_PriDisplayBrightnessGuardStrategy: not find left large change value
06-13 14:26:47.231565  1570  1628 I priAutoBrightness_PriDisplayBrightnessGuardStrategy: not find right large change value
06-13 14:26:47.231655  1570  1628 I priAutoBrightness_PriDisplayBrightnessGuardStrategy: updateGuardStrategy large lux threshold: [ (5000.0, 468.2304, 248.46051), (5000.0, 468.2304, 248.46051) ]
06-13 14:26:47.231721  1570  1628 I priAutoBrightness_PriDisplayBrightnessGuardStrategy: updateGuardStrategy small lux point: [ (9908.296, 490.0, 255.0), (10999.028, 490.0, 255.0) ]
06-13 14:26:47.232300  1570  1628 I priAutoBrightness_PriDisplayBrightnessGuardStrategy: updateGuardStrategy small lux threshold: [ (7181.465, 490.0, 255.0), (7181.465, 490.0, 255.0) ]
06-13 14:26:47.430134  1570  1628 D priAutoBrightness_PriDisplayBrightnessGuardStrategy: handleUpdateBrightness getNextPoint,LargeChanged:true,isRegressionDefaultSpline:false,full:false,HBM:false,count=0,point:(10454.186, 490.0, 255.0),target:(10453.662, 490.0, 255.0),drag:null,large[5000.0,5000.0],small[7181.465,7181.465]
06-13 14:26:47.430340  1570  1628 D priAutoBrightness_PriSmartBrightnessController: handleUpdateBrightness brightness changed:(10453.662, 490.0, 255.0)->(10454.186, 490.0, 255.0),isReset=false lux=10454.186,drag:null
06-13 14:26:47.430405  1570  1628 I priAutoBrightness_PriSmartBrightnessController: update target brightness point to : (10453.662, 490.0, 255.0)->(10454.186, 490.0, 255.0)
06-13 14:26:47.430432  1570  1628 D priAutoBrightness_PriSmartBrightnessController: onTargetBrightnessChange#3
06-13 14:26:47.430516  1570  1628 D priAutoBrightness_PriSmartBrightnessController: updateAutoBrightness() newScreenAutoBrightness0:1.0, mScreenAutoBrightness:1.0, mAmbientLux:10454.186 mDragPoint:null mTargetBrightnessPoint:(10454.186, 490.0, 255.0)
06-13 14:26:47.430619  1570  1628 D priAutoBrightness_PriMinimumBrightnessDelegate: checkMiniumBrightness() brightness:255
06-13 14:26:47.430703  1570  1628 D priAutoBrightness_PriMinimumBrightnessDelegate: checkTimeState() brightness=255, mCurrentEnvironmentStatus=1
06-13 14:26:47.430738  1570  1628 D priAutoBrightness_PriMinimumBrightnessDelegate: BrightDayStatus, change current brightness = 255 13nit=6 keep=false
06-13 14:26:47.430762  1570  1628 D priAutoBrightness_PriMinimumBrightnessDelegate: checkTimeState() resultBrightness:255
06-13 14:26:47.430798  1570  1628 D priAutoBrightness_PriSmartBrightnessController: checkMiniumBrightness() return newScreenAutoBrightness:1.0
06-13 14:26:47.430881  1570  1628 D priAutoBrightness_PriSmartBrightnessController: ignoring newScreenAutoBrightness: 1.0
06-13 14:26:47.430907  1570  1628 D priAutoBrightness_PriSmartBrightnessController: updateGuardStrategy#1
06-13 14:26:47.430954  1570  1628 I priAutoBrightness_PriDisplayBrightnessGuardStrategy: updateGuardStrategy update guard point: (10454.186, 490.0, 255.0)
06-13 14:26:47.430987  1570  1628 I priAutoBrightness_PriDisplayBrightnessGuardStrategy: not find left large change value
06-13 14:26:47.431018  1570  1628 I priAutoBrightness_PriDisplayBrightnessGuardStrategy: not find right large change value
06-13 14:26:47.431137  1570  1628 I priAutoBrightness_PriDisplayBrightnessGuardStrategy: updateGuardStrategy large lux threshold: [ (5000.0, 468.2304, 248.46051), (5000.0, 468.2304, 248.46051) ]
06-13 14:26:47.431183  1570  1628 I priAutoBrightness_PriDisplayBrightnessGuardStrategy: updateGuardStrategy small lux point: [ (9908.767, 490.0, 255.0), (10999.6045, 490.0, 255.0) ]
06-13 14:26:47.431283  1570  1628 I priAutoBrightness_PriDisplayBrightnessGuardStrategy: updateGuardStrategy small lux threshold: [ (7181.6743, 490.0, 255.0), (7181.6743, 490.0, 255.0) ]
06-13 14:26:47.629973  1570  1628 D priAutoBrightness_PriDisplayBrightnessGuardStrategy: handleUpdateBrightness getNextPoint,LargeChanged:true,isRegressionDefaultSpline:false,full:false,HBM:false,count=0,point:(10454.574, 490.0, 255.0),target:(10454.186, 490.0, 255.0),drag:null,large[5000.0,5000.0],small[7181.6743,7181.6743]
06-13 14:26:47.630146  1570  1628 D priAutoBrightness_PriSmartBrightnessController: handleUpdateBrightness brightness changed:(10454.186, 490.0, 255.0)->(10454.574, 490.0, 255.0),isReset=false lux=10454.574,drag:null
06-13 14:26:47.630205  1570  1628 I priAutoBrightness_PriSmartBrightnessController: update target brightness point to : (10454.186, 490.0, 255.0)->(10454.574, 490.0, 255.0)
06-13 14:26:47.630232  1570  1628 D priAutoBrightness_PriSmartBrightnessController: onTargetBrightnessChange#3
06-13 14:26:47.630289  1570  1628 D priAutoBrightness_PriSmartBrightnessController: updateAutoBrightness() newScreenAutoBrightness0:1.0, mScreenAutoBrightness:1.0, mAmbientLux:10454.574 mDragPoint:null mTargetBrightnessPoint:(10454.574, 490.0, 255.0)
06-13 14:26:47.630333  1570  1628 D priAutoBrightness_PriMinimumBrightnessDelegate: checkMiniumBrightness() brightness:255
06-13 14:26:47.630366  1570  1628 D priAutoBrightness_PriMinimumBrightnessDelegate: checkTimeState() brightness=255, mCurrentEnvironmentStatus=1
06-13 14:26:47.630398  1570  1628 D priAutoBrightness_PriMinimumBrightnessDelegate: BrightDayStatus, change current brightness = 255 13nit=6 keep=false
06-13 14:26:47.630424  1570  1628 D priAutoBrightness_PriMinimumBrightnessDelegate: checkTimeState() resultBrightness:255
06-13 14:26:47.630460  1570  1628 D priAutoBrightness_PriSmartBrightnessController: checkMiniumBrightness() return newScreenAutoBrightness:1.0
06-13 14:26:47.630508  1570  1628 D priAutoBrightness_PriSmartBrightnessController: ignoring newScreenAutoBrightness: 1.0
06-13 14:26:47.630533  1570  1628 D priAutoBrightness_PriSmartBrightnessController: updateGuardStrategy#1
06-13 14:26:47.630581  1570  1628 I priAutoBrightness_PriDisplayBrightnessGuardStrategy: updateGuardStrategy update guard point: (10454.574, 490.0, 255.0)
06-13 14:26:47.630616  1570  1628 I priAutoBrightness_PriDisplayBrightnessGuardStrategy: not find left large change value
06-13 14:26:47.630647  1570  1628 I priAutoBrightness_PriDisplayBrightnessGuardStrategy: not find right large change value
06-13 14:26:47.630754  1570  1628 I priAutoBrightness_PriDisplayBrightnessGuardStrategy: updateGuardStrategy large lux threshold: [ (5000.0, 468.2304, 248.46051), (5000.0, 468.2304, 248.46051) ]
06-13 14:26:47.630807  1570  1628 I priAutoBrightness_PriDisplayBrightnessGuardStrategy: updateGuardStrategy small lux point: [ (9909.117, 490.0, 255.0), (11000.031, 490.0, 255.0) ]
06-13 14:26:47.630850  1570  1628 I priAutoBrightness_PriDisplayBrightnessGuardStrategy: updateGuardStrategy small lux threshold: [ (7181.8296, 490.0, 255.0), (7181.8296, 490.0, 255.0) ]
06-13 14:26:47.830301  1570  1628 D priAutoBrightness_PriDisplayBrightnessGuardStrategy: handleUpdateBrightness getNextPoint,LargeChanged:true,isRegressionDefaultSpline:false,full:false,HBM:false,count=0,point:(10455.407, 490.0, 255.0),target:(10454.574, 490.0, 255.0),drag:null,large[5000.0,5000.0],small[7181.8296,7181.8296]
06-13 14:26:47.830519  1570  1628 D priAutoBrightness_PriSmartBrightnessController: handleUpdateBrightness brightness changed:(10454.574, 490.0, 255.0)->(10455.407, 490.0, 255.0),isReset=false lux=10455.407,drag:null
06-13 14:26:47.830609  1570  1628 I priAutoBrightness_PriSmartBrightnessController: update target brightness point to : (10454.574, 490.0, 255.0)->(10455.407, 490.0, 255.0)
06-13 14:26:47.830645  1570  1628 D priAutoBrightness_PriSmartBrightnessController: onTargetBrightnessChange#3
06-13 14:26:47.830722  1570  1628 D priAutoBrightness_PriSmartBrightnessController: updateAutoBrightness() newScreenAutoBrightness0:1.0, mScreenAutoBrightness:1.0, mAmbientLux:10455.407 mDragPoint:null mTargetBrightnessPoint:(10455.407, 490.0, 255.0)
06-13 14:26:47.830779  1570  1628 D priAutoBrightness_PriMinimumBrightnessDelegate: checkMiniumBrightness() brightness:255
06-13 14:26:47.830885  1570  1628 D priAutoBrightness_PriMinimumBrightnessDelegate: checkTimeState() brightness=255, mCurrentEnvironmentStatus=1
06-13 14:26:47.830932  1570  1628 D priAutoBrightness_PriMinimumBrightnessDelegate: BrightDayStatus, change current brightness = 255 13nit=6 keep=false
06-13 14:26:47.830968  1570  1628 D priAutoBrightness_PriMinimumBrightnessDelegate: checkTimeState() resultBrightness:255
06-13 14:26:47.831019  1570  1628 D priAutoBrightness_PriSmartBrightnessController: checkMiniumBrightness() return newScreenAutoBrightness:1.0
06-13 14:26:47.831061  1570  1628 D priAutoBrightness_PriSmartBrightnessController: ignoring newScreenAutoBrightness: 1.0
06-13 14:26:47.831089  1570  1628 D priAutoBrightness_PriSmartBrightnessController: updateGuardStrategy#1
06-13 14:26:47.831149  1570  1628 I priAutoBrightness_PriDisplayBrightnessGuardStrategy: updateGuardStrategy update guard point: (10455.407, 490.0, 255.0)
06-13 14:26:47.831194  1570  1628 I priAutoBrightness_PriDisplayBrightnessGuardStrategy: not find left large change value
06-13 14:26:47.831232  1570  1628 I priAutoBrightness_PriDisplayBrightnessGuardStrategy: not find right large change value
06-13 14:26:47.831316  1570  1628 I priAutoBrightness_PriDisplayBrightnessGuardStrategy: updateGuardStrategy large lux threshold: [ (5000.0, 468.2304, 248.46051), (5000.0, 468.2304, 248.46051) ]
06-13 14:26:47.831395  1570  1628 I priAutoBrightness_PriDisplayBrightnessGuardStrategy: updateGuardStrategy small lux point: [ (9909.866, 490.0, 255.0), (11000.948, 490.0, 255.0) ]
06-13 14:26:47.831457  1570  1628 I priAutoBrightness_PriDisplayBrightnessGuardStrategy: updateGuardStrategy small lux threshold: [ (7182.163, 490.0, 255.0), (7182.163, 490.0, 255.0) ]
06-13 14:26:47.967270  1570  6445 D ActivityTaskManager: Starting activity: rInfo=ResolveInfo{2509e96 com.debug.loggerui/.MainActivity m=0x0 userHandle=UserHandle{0}}, intent=Intent { act=android.intent.action.MAIN cmp=com.debug.loggerui/.MainActivity }, userId=0, realCallingPid=12943
06-13 14:26:47.967372  1570  6445 D PriAppLock_Starter: DWExchange srcintent: Intent { act=android.intent.action.MAIN cmp=com.debug.loggerui/.MainActivity }, caller: android.app.IApplicationThread$Stub$Proxy@aa96a17, resultTo:Token{29280dc ActivityRecord{c30dfae u0 com.mediatek.engineermode/.EngineerMode t278}}, resultWho:null, requestCode:-1, callingPid:-1, callingUid:-1, callingPackage:com.mediatek.engineermode, realCallingPid:12943, realCallingUid:10181, flag:0, aInfo:ActivityInfo{d3f5e04 com.debug.loggerui.MainActivity}, rInfo:ResolveInfo{2509e96 com.debug.loggerui/.MainActivity m=0x0 userHandle=UserHandle{0}}, reason:startActivityAsUser, inTask:null
06-13 14:26:47.967421  1570  6445 D PriAppLock_Starter: DWExchange callerProcess:ProcessRecord{8b65cf5 12943:com.mediatek.engineermode/u0a181}, bindercallingpid:-1
06-13 14:26:47.967436  1570  6445 D PriAppLock_Starter: DWExchange isblockapp(db) : false
06-13 14:26:47.967462  1570  6445 D PriAppLock_Starter: DWExchange2 caller :android.app.IApplicationThread$Stub$Proxy@aa96a17, requestCode: -1, fromsource:0, isblockapp:false, intent=Intent { act=android.intent.action.MAIN cmp=com.debug.loggerui/.MainActivity }, resultTo=Token{29280dc ActivityRecord{c30dfae u0 com.mediatek.engineermode/.EngineerMode t278}}
06-13 14:26:47.978207  1570  1570 D MBrainLocalService: isVendorFreezeConditionPass is false
06-13 14:26:47.978229  1570  1570 E MBrainLocalService: notifyAppSwitch failed
06-13 14:26:47.979657  1570  6445 I ActivityTaskManager: START u0 {act=android.intent.action.MAIN cmp=com.debug.loggerui/.MainActivity} with LAUNCH_SINGLE_TASK from uid 10181 (BAL_ALLOW_VISIBLE_WINDOW) result code=0
06-13 14:26:47.980943  1570  1593 E ApplicationHelper: Fail to get PackageManager
06-13 14:26:47.981310  2157  2235 V WindowManagerShell: Transition requested: android.os.BinderProxy@5bcb9ec TransitionRequestInfo { type = OPEN, triggerTask = TaskInfo{userId=0 taskId=279 displayId=0 isRunning=true baseIntent=Intent { act=android.intent.action.MAIN flg=0x10000000 cmp=com.debug.loggerui/.MainActivity } baseActivity=ComponentInfo{com.debug.loggerui/com.debug.loggerui.MainActivity} topActivity=ComponentInfo{com.debug.loggerui/com.debug.loggerui.MainActivity} origActivity=null realActivity=ComponentInfo{com.debug.loggerui/com.debug.loggerui.MainActivity} numActivities=1 lastActiveTime=819618240 supportsMultiWindow=true resizeMode=1 isResizeable=true minWidth=-1 minHeight=-1 defaultMinSize=220 token=WCT{android.window.IWindowContainerToken$Stub$Proxy@a8941b5} topActivityType=1 pictureInPictureParams=null shouldDockBigOverlays=false launchIntoPipHostTaskId=-1 lastParentTaskIdBeforePip=-1 displayCutoutSafeInsets=Rect(0, 106 - 0, 0) topActivityInfo=ActivityInfo{574504a com.debug.loggerui.MainActivity} launchCookies=[] positionInParent=Point(0, 0) parentTaskId=-1 isFocused=false isVisible=false isVisibleRequested=false isSleeping=false topActivityInSizeCompat=false topActivityEligibleForLetterboxEducation= false topActivityLetterboxed= false isFromDoubleTap= false topActivityLetterboxVerticalPosition= -1 topActivityLetterboxHorizontalPosition= -1 topActivityLetterboxWidth=-1 topActivityLetterboxHeight=-1 locusId=null displayAreaFeatureId=1 cameraCompatControlState=hidden}, remoteTransition = null, displayChange = null }
06-13 14:26:47.992799  1570  6699 W WindowManager: Changing focus from Window{3c74255 u0 com.mediatek.engineermode/com.mediatek.engineermode.EngineerMode} to null displayId=0 Callers=com.android.server.wm.RootWindowContainer.updateFocusedWindowLocked:455 com.android.server.wm.WindowManagerService.updateFocusedWindowLocked:6247 com.android.server.wm.ActivityTaskManagerService.setLastResumedActivityUncheckLocked:4919 com.android.server.wm.ActivityTaskSupervisor.updateTopResumedActivityIfNeeded:2468 
06-13 14:26:47.995182  1570  1570 D MBrainLocalService: isVendorFreezeConditionPass is false
06-13 14:26:47.995205  1570  1570 E MBrainLocalService: notifyAppSwitch failed
06-13 14:26:47.997991  1570  6699 D MSyncForWMS: setFrameRate: 0.0
06-13 14:26:48.001528  1570  1593 E ApplicationHelper: Fail to get PackageManager
06-13 14:26:48.002482  1570  1593 E MBrainLocalService: MBrainJava launch failed: SecurityException
06-13 14:26:48.004107  1570  6487 D CoreBackPreview: Window{f39850f u0 Splash Screen com.debug.loggerui}: Setting back callback OnBackInvokedCallbackInfo{mCallback=android.window.IOnBackInvokedCallback$Stub$Proxy@b93f7a, mPriority=0, mIsAnimationCallback=false}
06-13 14:26:48.005222  1570  1593 E ApplicationHelper: Fail to get PackageManager
06-13 14:26:48.006033  1570  1628 D priAutoBrightness_PriSmartBrightnessController: updateAutoBrightness() newScreenAutoBrightness0:1.0, mScreenAutoBrightness:1.0, mAmbientLux:10455.407 mDragPoint:null mTargetBrightnessPoint:(10455.407, 490.0, 255.0)
06-13 14:26:48.006072  1570  1628 D priAutoBrightness_PriMinimumBrightnessDelegate: checkMiniumBrightness() brightness:255
06-13 14:26:48.006096  1570  1593 E MBrainLocalService: MBrainJava launch failed: SecurityException
06-13 14:26:48.006178  1570  1593 E ApplicationHelper: Fail to get PackageManager
06-13 14:26:48.006215  1570  1628 D priAutoBrightness_PriMinimumBrightnessDelegate: checkTimeState() brightness=255, mCurrentEnvironmentStatus=1
06-13 14:26:48.006255  1570  1628 D priAutoBrightness_PriMinimumBrightnessDelegate: BrightDayStatus, change current brightness = 255 13nit=6 keep=false
06-13 14:26:48.006272  1570  1628 D priAutoBrightness_PriMinimumBrightnessDelegate: checkTimeState() resultBrightness:255
06-13 14:26:48.006300  1570  1628 D priAutoBrightness_PriSmartBrightnessController: checkMiniumBrightness() return newScreenAutoBrightness:1.0
06-13 14:26:48.006320  1570  1628 D priAutoBrightness_PriSmartBrightnessController: ignoring newScreenAutoBrightness: 1.0
06-13 14:26:48.006910  1570  1593 E MBrainLocalService: MBrainJava launch failed: SecurityException
06-13 14:26:48.006938  1570  1593 E ApplicationHelper: Fail to get PackageManager
06-13 14:26:48.006952  1570  1593 E ApplicationHelper: Fail to get PackageManager
06-13 14:26:48.019088  1570  6487 W WindowManager: finishDrawingWindow: Window{f39850f u0 Splash Screen com.debug.loggerui} mDrawState=DRAW_PENDING
06-13 14:26:48.021013  1570  1596 W WindowManager: real show surface:Surface(name=Splash Screen com.debug.loggerui)/@0xf3a8388
06-13 14:26:48.029894  1570  1628 D priAutoBrightness_PriDisplayBrightnessGuardStrategy: handleUpdateBrightness getNextPoint,LargeChanged:true,isRegressionDefaultSpline:false,full:false,HBM:false,count=0,point:(10456.749, 490.0, 255.0),target:(10455.407, 490.0, 255.0),drag:null,large[5000.0,5000.0],small[7182.163,7182.163]
06-13 14:26:48.029958  1570  1628 D priAutoBrightness_PriSmartBrightnessController: handleUpdateBrightness brightness changed:(10455.407, 490.0, 255.0)->(10456.749, 490.0, 255.0),isReset=false lux=10456.749,drag:null
06-13 14:26:48.030005  1570  1628 I priAutoBrightness_PriSmartBrightnessController: update target brightness point to : (10455.407, 490.0, 255.0)->(10456.749, 490.0, 255.0)
06-13 14:26:48.030022  1570  1628 D priAutoBrightness_PriSmartBrightnessController: onTargetBrightnessChange#3
06-13 14:26:48.030060  1570  1628 D priAutoBrightness_PriSmartBrightnessController: updateAutoBrightness() newScreenAutoBrightness0:1.0, mScreenAutoBrightness:1.0, mAmbientLux:10456.749 mDragPoint:null mTargetBrightnessPoint:(10456.749, 490.0, 255.0)
06-13 14:26:48.030084  1570  1628 D priAutoBrightness_PriMinimumBrightnessDelegate: checkMiniumBrightness() brightness:255
06-13 14:26:48.030101  1570  1628 D priAutoBrightness_PriMinimumBrightnessDelegate: checkTimeState() brightness=255, mCurrentEnvironmentStatus=1
06-13 14:26:48.030117  1570  1628 D priAutoBrightness_PriMinimumBrightnessDelegate: BrightDayStatus, change current brightness = 255 13nit=6 keep=false
06-13 14:26:48.030129  1570  1628 D priAutoBrightness_PriMinimumBrightnessDelegate: checkTimeState() resultBrightness:255
06-13 14:26:48.030147  1570  1628 D priAutoBrightness_PriSmartBrightnessController: checkMiniumBrightness() return newScreenAutoBrightness:1.0
06-13 14:26:48.030163  1570  1628 D priAutoBrightness_PriSmartBrightnessController: ignoring newScreenAutoBrightness: 1.0
06-13 14:26:48.030172  1570  1628 D priAutoBrightness_PriSmartBrightnessController: updateGuardStrategy#1
06-13 14:26:48.030195  1570  1628 I priAutoBrightness_PriDisplayBrightnessGuardStrategy: updateGuardStrategy update guard point: (10456.749, 490.0, 255.0)
06-13 14:26:48.030217  1570  1628 I priAutoBrightness_PriDisplayBrightnessGuardStrategy: not find left large change value
06-13 14:26:48.030236  1570  1628 I priAutoBrightness_PriDisplayBrightnessGuardStrategy: not find right large change value
06-13 14:26:48.030280  1570  1628 I priAutoBrightness_PriDisplayBrightnessGuardStrategy: updateGuardStrategy large lux threshold: [ (5000.0, 468.2304, 248.46051), (5000.0, 468.2304, 248.46051) ]
06-13 14:26:48.030305  1570  1628 I priAutoBrightness_PriDisplayBrightnessGuardStrategy: updateGuardStrategy small lux point: [ (9911.074, 490.0, 255.0), (11002.424, 490.0, 255.0) ]
06-13 14:26:48.030325  1570  1628 I priAutoBrightness_PriDisplayBrightnessGuardStrategy: updateGuardStrategy small lux threshold: [ (7182.6997, 490.0, 255.0), (7182.6997, 490.0, 255.0) ]
06-13 14:26:48.036922  1570  1592 V WindowManager: Sent Transition #1029 createdAt=06-13 14:26:47.969 via request=TransitionRequestInfo { type = OPEN, triggerTask = TaskInfo{userId=0 taskId=279 displayId=0 isRunning=true baseIntent=Intent { act=android.intent.action.MAIN flg=0x10000000 cmp=com.debug.loggerui/.MainActivity } baseActivity=ComponentInfo{com.debug.loggerui/com.debug.loggerui.MainActivity} topActivity=ComponentInfo{com.debug.loggerui/com.debug.loggerui.MainActivity} origActivity=null realActivity=ComponentInfo{com.debug.loggerui/com.debug.loggerui.MainActivity} numActivities=1 lastActiveTime=819618240 supportsMultiWindow=true resizeMode=1 isResizeable=true minWidth=-1 minHeight=-1 defaultMinSize=220 token=WCT{RemoteToken{dd85359 Task{3565670 #279 type=standard A=10182:com.debug.loggerui}}} topActivityType=1 pictureInPictureParams=null shouldDockBigOverlays=false launchIntoPipHostTaskId=-1 lastParentTaskIdBeforePip=-1 displayCutoutSafeInsets=Rect(0, 106 - 0, 0) topActivityInfo=ActivityInfo{d3f5e04 com.debug.loggerui.MainActivity} launchCookies=[] positionInParent=Point(0, 0) parentTaskId=-1 isFocused=false isVisible=false isVisibleRequested=false isSleeping=false topActivityInSizeCompat=false topActivityEligibleForLetterboxEducation= false topActivityLetterboxed= false isFromDoubleTap= false topActivityLetterboxVerticalPosition= -1 topActivityLetterboxHorizontalPosition= -1 topActivityLetterboxWidth=-1 topActivityLetterboxHeight=-1 locusId=null displayAreaFeatureId=1 cameraCompatControlState=hidden}, remoteTransition = null, displayChange = null }
06-13 14:26:48.037039  1570  1592 V WindowManager:     startWCT=WindowContainerTransaction { changes = {} hops = [] errorCallbackToken=null taskFragmentOrganizer=null }
06-13 14:26:48.037189  2157  2235 V WindowManagerShell: onTransitionReady android.os.BinderProxy@5bcb9ec: {id=1029 t=OPEN f=0x0 trk=0 r=[0@Point(0, 0)] c=[{WCT{android.window.IWindowContainerToken$Stub$Proxy@358761c} m=OPEN f=NONE leash=Surface(name=Task=279)/@0x9534869 sb=Rect(0, 0 - 1080, 2460) eb=Rect(0, 0 - 1080, 2460) d=0},{WCT{android.window.IWindowContainerToken$Stub$Proxy@64f0225} m=TO_BACK f=NONE leash=Surface(name=Task=278)/@0x2bc02ee sb=Rect(0, 0 - 1080, 2460) eb=Rect(0, 0 - 1080, 2460) d=0}]}
06-13 14:26:48.037218  1570  1592 V WindowManager:     info={id=1029 t=OPEN f=0x0 trk=0 r=[0@Point(0, 0)] c=[{WCT{RemoteToken{dd85359 Task{3565670 #279 type=standard A=10182:com.debug.loggerui}}} m=OPEN f=NONE leash=Surface(name=Task=279)/@0x69f0ca3 sb=Rect(0, 0 - 1080, 2460) eb=Rect(0, 0 - 1080, 2460) d=0},{WCT{RemoteToken{1904c3f Task{38a714f #278 type=standard A=10181:com.mediatek.engineermode}}} m=TO_BACK f=NONE leash=Surface(name=Task=278)/@0xa76e599 sb=Rect(0, 0 - 1080, 2460) eb=Rect(0, 0 - 1080, 2460) d=0}]}
06-13 14:26:48.037292  2157  2235 V WindowManagerShell: Playing animation for (#1029)android.os.BinderProxy@5bcb9ec@0
06-13 14:26:48.037371  2157  2235 V WindowManagerShell:  try handler com.android.wm.shell.transition.DefaultMixedHandler@99a5a2d
06-13 14:26:48.037388  2157  2235 V WindowManagerShell:  try handler com.android.wm.shell.keyguard.KeyguardTransitionHandler@1eca71e
06-13 14:26:48.037404  2157  2235 V WindowManagerShell:  try handler com.android.wm.shell.activityembedding.ActivityEmbeddingController@be27bff
06-13 14:26:48.037420  2157  2235 V WindowManagerShell:  try handler com.android.wm.shell.recents.RecentsTransitionHandler@770adcc
06-13 14:26:48.037453  2157  2235 V ShellRecents: RecentsTransitionHandler.startAnimation: no controller found
06-13 14:26:48.037467  2157  2235 V WindowManagerShell:  try handler com.android.wm.shell.pip.PipTransition@7b65815
06-13 14:26:48.037497  2157  2235 V WindowManagerShell:  try handler com.android.wm.shell.splitscreen.StageCoordinator@cb8172a
06-13 14:26:48.037527  2157  2235 V WindowManagerShell:  try handler com.android.wm.shell.transition.RemoteTransitionHandler@5ecd91b
06-13 14:26:48.037582  2157  2235 V WindowManagerShell: Transition doesn't have explicit remote, search filters for match for {id=1029 t=OPEN f=0x0 trk=0 r=[0@Point(0, 0)] c=[{WCT{android.window.IWindowContainerToken$Stub$Proxy@358761c} m=OPEN f=NONE leash=Surface(name=Task=279)/@0x9534869 sb=Rect(0, 0 - 1080, 2460) eb=Rect(0, 0 - 1080, 2460) d=0},{WCT{android.window.IWindowContainerToken$Stub$Proxy@64f0225} m=TO_BACK f=NONE leash=Surface(name=Task=278)/@0x2bc02ee sb=Rect(0, 0 - 1080, 2460) eb=Rect(0, 0 - 1080, 2460) d=0}]}
06-13 14:26:48.037677  2157  2235 V WindowManagerShell:  Checking filter Pair{{types=[] flags=0x0] notFlags=0x100 checks=[{atype=home independent=true modes=[OPEN,TO_FRONT] flags=NONE mustBeTask=false order=TOP topActivity=ComponentInfo{com.android.launcher3/com.android.searchlauncher.SearchLauncher}},{atype=standard independent=true modes=[CLOSE,TO_BACK] flags=NONE mustBeTask=false order=ANY topActivity=null}]} RemoteTransition { remoteTransition = android.window.IRemoteTransition$Stub$Proxy@5e0dab8, appThread = android.app.IApplicationThread$Stub$Proxy@5b16091, debugName = QuickstepLaunchHome }}
06-13 14:26:48.037750  2157  2235 V WindowManagerShell:  Delegate animation for #1029 to null
06-13 14:26:48.037769  2157  2235 V WindowManagerShell:  try handler com.android.wm.shell.transition.DefaultTransitionHandler@9187bf6
06-13 14:26:48.037817  2157  2235 V WindowManagerShell: start default transition animation, info = {id=1029 t=OPEN f=0x0 trk=0 r=[0@Point(0, 0)] c=[{WCT{android.window.IWindowContainerToken$Stub$Proxy@358761c} m=OPEN f=NONE leash=Surface(name=Task=279)/@0x9534869 sb=Rect(0, 0 - 1080, 2460) eb=Rect(0, 0 - 1080, 2460) d=0},{WCT{android.window.IWindowContainerToken$Stub$Proxy@64f0225} m=TO_BACK f=NONE leash=Surface(name=Task=278)/@0x2bc02ee sb=Rect(0, 0 - 1080, 2460) eb=Rect(0, 0 - 1080, 2460) d=0}]}
06-13 14:26:48.038122  2157  2235 V WindowManagerShell: loadAnimation: anim=android.view.animation.AnimationSet@fe95ffa animAttr=0x9 type=OPEN isEntrance=false
06-13 14:26:48.038659  2157  2235 V WindowManagerShell: loadAnimation: anim=android.view.animation.AnimationSet@6f839ab animAttr=0x8 type=OPEN isEntrance=true
06-13 14:26:48.040521  2157  2235 V WindowManagerShell:  animated by com.android.wm.shell.transition.DefaultTransitionHandler@9187bf6
06-13 14:26:48.048977  1570  1654 D CoreBackPreview: Window{40bcfff u0 com.debug.loggerui/com.debug.loggerui.MainActivity}: Setting back callback OnBackInvokedCallbackInfo{mCallback=android.window.IOnBackInvokedCallback$Stub$Proxy@fa07b2a, mPriority=0, mIsAnimationCallback=false}
06-13 14:26:48.059087  1570  1654 W WindowManager: Changing focus from null to Window{40bcfff u0 com.debug.loggerui/com.debug.loggerui.MainActivity} displayId=0 Callers=com.android.server.wm.RootWindowContainer.updateFocusedWindowLocked:455 com.android.server.wm.WindowManagerService.updateFocusedWindowLocked:6247 com.android.server.wm.WindowManagerService.relayoutWindow:2533 com.android.server.wm.Session.relayout:259 
06-13 14:26:48.063073  1570  1654 I WindowManager: Relayout Window{40bcfff u0 com.debug.loggerui/com.debug.loggerui.MainActivity}: oldVis=4 newVis=0 focusMayChange = true requestedWidth = 1080 requestedHeight = 2460 outFrames = ClientWindowFrames{frame=[0,0][1080,2460] display=[0,0][1080,2460] parentFrame=[0,0][0,0]} outSurfaceControl = Surface(name=com.debug.loggerui/com.debug.loggerui.MainActivity)/@0xea7c4c9
06-13 14:26:48.077301  1570  1654 W WindowManager: finishDrawingWindow: Window{40bcfff u0 com.debug.loggerui/com.debug.loggerui.MainActivity} mDrawState=DRAW_PENDING
06-13 14:26:48.083160  1570  1596 W WindowManager: real show surface:Surface(name=com.debug.loggerui/com.debug.loggerui.MainActivity)/@0xc3eb6ef
06-13 14:26:48.112108  1570  6445 W PackageConfigPersister: App-specific configuration not found for packageName: com.debug.loggerui and userId: 0
06-13 14:26:48.229553  1570  1628 D priAutoBrightness_PriDisplayBrightnessGuardStrategy: handleUpdateBrightness getNextPoint,LargeChanged:true,isRegressionDefaultSpline:false,full:false,HBM:false,count=0,point:(10458.945, 490.0, 255.0),target:(10456.749, 490.0, 255.0),drag:null,large[5000.0,5000.0],small[7182.6997,7182.6997]
06-13 14:26:48.229893  1570  1628 D priAutoBrightness_PriSmartBrightnessController: handleUpdateBrightness brightness changed:(10456.749, 490.0, 255.0)->(10458.945, 490.0, 255.0),isReset=false lux=10458.945,drag:null
