06-13 14:26:42.660005  2157  2235 V WindowManagerShell: start default transition animation, info = {id=1028 t=OPEN f=0x0 trk=0 r=[0@Point(0, 0)] c=[{WCT{android.window.IWindowContainerToken$Stub$Proxy@80c012c} m=OPEN f=NONE leash=Surface(name=Task=278)/@0xfcfa139 sb=Rect(0, 0 - 1080, 2460) eb=Rect(0, 0 - 1080, 2460) d=0},{WCT{android.window.IWindowContainerToken$Stub$Proxy@98017f5} m=TO_BACK f=NONE leash=Surface(name=Task=277)/@0x99d337e sb=Rect(0, 0 - 1080, 2460) eb=Rect(0, 0 - 1080, 2460) d=0}]}
06-13 14:26:42.660679  2157  2235 V WindowManagerShell: loadAnimation: anim=android.view.animation.AnimationSet@2ce0418 animAttr=0x9 type=OPEN isEntrance=false
06-13 14:26:42.661552  2157  2235 V WindowManagerShell: loadAnimation: anim=android.view.animation.AnimationSet@23456 animAttr=0x8 type=OPEN isEntrance=true
06-13 14:26:42.664418  2157  2235 V WindowManagerShell:  animated by com.android.wm.shell.transition.DefaultTransitionHandler@9187bf6
06-13 14:26:42.676084  1570  6487 D CoreBackPreview: Window{3c74255 u0 com.mediatek.engineermode/com.mediatek.engineermode.EngineerMode}: Setting back callback OnBackInvokedCallbackInfo{mCallback=android.window.IOnBackInvokedCallback$Stub$Proxy@b1d79f8, mPriority=0, mIsAnimationCallback=false}
06-13 14:26:42.716164  1570  6699 W WindowManager: Changing focus from null to Window{3c74255 u0 com.mediatek.engineermode/com.mediatek.engineermode.EngineerMode} displayId=0 Callers=com.android.server.wm.RootWindowContainer.updateFocusedWindowLocked:455 com.android.server.wm.WindowManagerService.updateFocusedWindowLocked:6247 com.android.server.wm.WindowManagerService.relayoutWindow:2533 com.android.server.wm.Session.relayout:259 
06-13 14:26:42.721287  1570  6699 I WindowManager: Relayout Window{3c74255 u0 com.mediatek.engineermode/com.mediatek.engineermode.EngineerMode}: oldVis=4 newVis=0 focusMayChange = true requestedWidth = 1080 requestedHeight = 2460 outFrames = ClientWindowFrames{frame=[0,0][1080,2460] display=[0,0][1080,2460] parentFrame=[0,0][0,0]} outSurfaceControl = Surface(name=com.mediatek.engineermode/com.mediatek.engineermode.EngineerMode)/@0xefac32f
06-13 14:26:42.735600  1570  6699 W WindowManager: finishDrawingWindow: Window{3c74255 u0 com.mediatek.engineermode/com.mediatek.engineermode.EngineerMode} mDrawState=DRAW_PENDING
06-13 14:26:42.739329  1570  1596 W WindowManager: real show surface:Surface(name=com.mediatek.engineermode/com.mediatek.engineermode.EngineerMode)/@0x3de6ac5
06-13 14:26:42.773290  1570  6487 W PackageConfigPersister: App-specific configuration not found for packageName: com.mediatek.engineermode and userId: 0
06-13 14:26:42.829822  1570  1628 D priAutoBrightness_PriDisplayBrightnessGuardStrategy: handleUpdateBrightness getNextPoint,LargeChanged:true,isRegressionDefaultSpline:false,full:false,HBM:false,count=0,point:(10458.807, 490.0, 255.0),target:(10459.798, 490.0, 255.0),drag:null,large[5000.0,5000.0],small[7183.9194,7183.9194]
06-13 14:26:42.829954  1570  1628 D priAutoBrightness_PriSmartBrightnessController: handleUpdateBrightness brightness changed:(10459.798, 490.0, 255.0)->(10458.807, 490.0, 255.0),isReset=false lux=10458.807,drag:null
06-13 14:26:42.829991  1570  1628 I priAutoBrightness_PriSmartBrightnessController: update target brightness point to : (10459.798, 490.0, 255.0)->(10458.807, 490.0, 255.0)
06-13 14:26:42.830005  1570  1628 D priAutoBrightness_PriSmartBrightnessController: onTargetBrightnessChange#3
06-13 14:26:42.830040  1570  1628 D priAutoBrightness_PriSmartBrightnessController: updateAutoBrightness() newScreenAutoBrightness0:1.0, mScreenAutoBrightness:1.0, mAmbientLux:10458.807 mDragPoint:null mTargetBrightnessPoint:(10458.807, 490.0, 255.0)
06-13 14:26:42.830067  1570  1628 D priAutoBrightness_PriMinimumBrightnessDelegate: checkMiniumBrightness() brightness:255
06-13 14:26:42.830086  1570  1628 D priAutoBrightness_PriMinimumBrightnessDelegate: checkTimeState() brightness=255, mCurrentEnvironmentStatus=1
06-13 14:26:42.830102  1570  1628 D priAutoBrightness_PriMinimumBrightnessDelegate: BrightDayStatus, change current brightness = 255 13nit=6 keep=false
06-13 14:26:42.830115  1570  1628 D priAutoBrightness_PriMinimumBrightnessDelegate: checkTimeState() resultBrightness:255
06-13 14:26:42.830163  1570  1628 D priAutoBrightness_PriSmartBrightnessController: checkMiniumBrightness() return newScreenAutoBrightness:1.0
06-13 14:26:42.830180  1570  1628 D priAutoBrightness_PriSmartBrightnessController: ignoring newScreenAutoBrightness: 1.0
06-13 14:26:42.830549  1570  1628 D priAutoBrightness_PriSmartBrightnessController: updateGuardStrategy#1
06-13 14:26:42.831041  1570  1628 I priAutoBrightness_PriDisplayBrightnessGuardStrategy: updateGuardStrategy update guard point: (10458.807, 490.0, 255.0)
06-13 14:26:42.831489  1570  1628 I priAutoBrightness_PriDisplayBrightnessGuardStrategy: not find left large change value
06-13 14:26:42.831559  1570  1628 I priAutoBrightness_PriDisplayBrightnessGuardStrategy: not find right large change value
06-13 14:26:42.831661  1570  1628 I priAutoBrightness_PriDisplayBrightnessGuardStrategy: updateGuardStrategy large lux threshold: [ (5000.0, 468.2304, 248.46051), (5000.0, 468.2304, 248.46051) ]
06-13 14:26:42.831774  1570  1628 I priAutoBrightness_PriDisplayBrightnessGuardStrategy: updateGuardStrategy small lux point: [ (9912.926, 490.0, 255.0), (11004.6875, 490.0, 255.0) ]
06-13 14:26:42.831806  1570  1628 I priAutoBrightness_PriDisplayBrightnessGuardStrategy: updateGuardStrategy small lux threshold: [ (7183.523, 490.0, 255.0), (7183.523, 490.0, 255.0) ]
06-13 14:26:43.031082  1570  1628 D priAutoBrightness_PriDisplayBrightnessGuardStrategy: handleUpdateBrightness getNextPoint,LargeChanged:true,isRegressionDefaultSpline:false,full:false,HBM:false,count=0,point:(10457.484, 490.0, 255.0),target:(10458.807, 490.0, 255.0),drag:null,large[5000.0,5000.0],small[7183.523,7183.523]
06-13 14:26:43.031256  1570  1628 D priAutoBrightness_PriSmartBrightnessController: handleUpdateBrightness brightness changed:(10458.807, 490.0, 255.0)->(10457.484, 490.0, 255.0),isReset=false lux=10457.484,drag:null
06-13 14:26:43.031357  1570  1628 I priAutoBrightness_PriSmartBrightnessController: update target brightness point to : (10458.807, 490.0, 255.0)->(10457.484, 490.0, 255.0)
06-13 14:26:43.031376  1570  1628 D priAutoBrightness_PriSmartBrightnessController: onTargetBrightnessChange#3
06-13 14:26:43.031460  1570  1628 D priAutoBrightness_PriSmartBrightnessController: updateAutoBrightness() newScreenAutoBrightness0:1.0, mScreenAutoBrightness:1.0, mAmbientLux:10457.484 mDragPoint:null mTargetBrightnessPoint:(10457.484, 490.0, 255.0)
06-13 14:26:43.031487  1570  1628 D priAutoBrightness_PriMinimumBrightnessDelegate: checkMiniumBrightness() brightness:255
06-13 14:26:43.031580  1570  1628 D priAutoBrightness_PriMinimumBrightnessDelegate: checkTimeState() brightness=255, mCurrentEnvironmentStatus=1
06-13 14:26:43.031640  1570  1628 D priAutoBrightness_PriMinimumBrightnessDelegate: BrightDayStatus, change current brightness = 255 13nit=6 keep=false
06-13 14:26:43.031703  1570  1628 D priAutoBrightness_PriMinimumBrightnessDelegate: checkTimeState() resultBrightness:255
06-13 14:26:43.031727  1570  1628 D priAutoBrightness_PriSmartBrightnessController: checkMiniumBrightness() return newScreenAutoBrightness:1.0
06-13 14:26:43.031743  1570  1628 D priAutoBrightness_PriSmartBrightnessController: ignoring newScreenAutoBrightness: 1.0
06-13 14:26:43.031754  1570  1628 D priAutoBrightness_PriSmartBrightnessController: updateGuardStrategy#1
06-13 14:26:43.031778  1570  1628 I priAutoBrightness_PriDisplayBrightnessGuardStrategy: updateGuardStrategy update guard point: (10457.484, 490.0, 255.0)
06-13 14:26:43.032257  1570  1628 I priAutoBrightness_PriDisplayBrightnessGuardStrategy: not find left large change value
06-13 14:26:43.032296  1570  1628 I priAutoBrightness_PriDisplayBrightnessGuardStrategy: not find right large change value
06-13 14:26:43.032339  1570  1628 I priAutoBrightness_PriDisplayBrightnessGuardStrategy: updateGuardStrategy large lux threshold: [ (5000.0, 468.2304, 248.46051), (5000.0, 468.2304, 248.46051) ]
06-13 14:26:43.032421  1570  1628 I priAutoBrightness_PriDisplayBrightnessGuardStrategy: updateGuardStrategy small lux point: [ (9911.736, 490.0, 255.0), (11003.232, 490.0, 255.0) ]
06-13 14:26:43.032467  1570  1628 I priAutoBrightness_PriDisplayBrightnessGuardStrategy: updateGuardStrategy small lux threshold: [ (7182.9937, 490.0, 255.0), (7182.9937, 490.0, 255.0) ]
06-13 14:26:43.092393  1570  1593 E ApplicationHelper: Fail to get PackageManager
06-13 14:26:43.105881  1570  1654 D CoreBackPreview: Window{d34cec8 u0 Splash Screen com.mediatek.engineermode EXITING}: Setting back callback null
06-13 14:26:43.134409  1570  1570 W AccessibilityManagerService:  wait for adding window timeout: 2316
06-13 14:26:43.183054  2157  2235 V WindowManagerShell: Transition animation finished (aborted=false), notifying core (#1028)android.os.BinderProxy@3c197d0@0
06-13 14:26:43.184738  1570  1592 V WindowManager: Finish Transition #1028: created at 06-13 14:26:42.559 collect-started=0.118ms request-sent=25.305ms started=30.545ms ready=49.82ms sent=98.374ms finished=625.114ms
06-13 14:26:43.186770  2157  2235 V WindowManagerShell: Track 0 became idle
06-13 14:26:43.186839  2157  2235 V WindowManagerShell: All active transition animations finished
06-13 14:26:43.189881  1570  1593 E ApplicationHelper: Fail to get PackageManager
06-13 14:26:43.190256  1570  1596 D MSyncForWMS: setFrameRate: 2060.0
06-13 14:26:43.190647  1570  1593 E ApplicationHelper: Fail to get PackageManager
06-13 14:26:43.190674  1570  1593 E ApplicationHelper: Fail to get PackageManager
06-13 14:26:43.190683  1570  1593 E ApplicationHelper: Fail to get PackageManager
06-13 14:26:43.190692  1570  1593 E ApplicationHelper: Fail to get PackageManager
06-13 14:26:43.229552  1570  1628 D priAutoBrightness_PriDisplayBrightnessGuardStrategy: handleUpdateBrightness getNextPoint,LargeChanged:true,isRegressionDefaultSpline:false,full:false,HBM:false,count=0,point:(10455.952, 490.0, 255.0),target:(10457.484, 490.0, 255.0),drag:null,large[5000.0,5000.0],small[7182.9937,7182.9937]
06-13 14:26:43.229649  1570  1628 D priAutoBrightness_PriSmartBrightnessController: handleUpdateBrightness brightness changed:(10457.484, 490.0, 255.0)->(10455.952, 490.0, 255.0),isReset=false lux=10455.952,drag:null
06-13 14:26:43.229678  1570  1628 I priAutoBrightness_PriSmartBrightnessController: update target brightness point to : (10457.484, 490.0, 255.0)->(10455.952, 490.0, 255.0)
06-13 14:26:43.229691  1570  1628 D priAutoBrightness_PriSmartBrightnessController: onTargetBrightnessChange#3
06-13 14:26:43.229722  1570  1628 D priAutoBrightness_PriSmartBrightnessController: updateAutoBrightness() newScreenAutoBrightness0:1.0, mScreenAutoBrightness:1.0, mAmbientLux:10455.952 mDragPoint:null mTargetBrightnessPoint:(10455.952, 490.0, 255.0)
06-13 14:26:43.229768  1570  1628 D priAutoBrightness_PriMinimumBrightnessDelegate: checkMiniumBrightness() brightness:255
06-13 14:26:43.229788  1570  1628 D priAutoBrightness_PriMinimumBrightnessDelegate: checkTimeState() brightness=255, mCurrentEnvironmentStatus=1
06-13 14:26:43.229804  1570  1628 D priAutoBrightness_PriMinimumBrightnessDelegate: BrightDayStatus, change current brightness = 255 13nit=6 keep=false
06-13 14:26:43.229816  1570  1628 D priAutoBrightness_PriMinimumBrightnessDelegate: checkTimeState() resultBrightness:255
06-13 14:26:43.229832  1570  1628 D priAutoBrightness_PriSmartBrightnessController: checkMiniumBrightness() return newScreenAutoBrightness:1.0
06-13 14:26:43.229847  1570  1628 D priAutoBrightness_PriSmartBrightnessController: ignoring newScreenAutoBrightness: 1.0
06-13 14:26:43.229857  1570  1628 D priAutoBrightness_PriSmartBrightnessController: updateGuardStrategy#1
06-13 14:26:43.229879  1570  1628 I priAutoBrightness_PriDisplayBrightnessGuardStrategy: updateGuardStrategy update guard point: (10455.952, 490.0, 255.0)
06-13 14:26:43.229923  1570  1628 I priAutoBrightness_PriDisplayBrightnessGuardStrategy: not find left large change value
06-13 14:26:43.229942  1570  1628 I priAutoBrightness_PriDisplayBrightnessGuardStrategy: not find right large change value
06-13 14:26:43.229983  1570  1628 I priAutoBrightness_PriDisplayBrightnessGuardStrategy: updateGuardStrategy large lux threshold: [ (5000.0, 468.2304, 248.46051), (5000.0, 468.2304, 248.46051) ]
06-13 14:26:43.230037  1570  1628 I priAutoBrightness_PriDisplayBrightnessGuardStrategy: updateGuardStrategy small lux point: [ (9910.357, 490.0, 255.0), (11001.547, 490.0, 255.0) ]
06-13 14:26:43.230059  1570  1628 I priAutoBrightness_PriDisplayBrightnessGuardStrategy: updateGuardStrategy small lux threshold: [ (7182.381, 490.0, 255.0), (7182.381, 490.0, 255.0) ]
06-13 14:26:43.242591  1570  1593 E ApplicationHelper: Fail to get PackageManager
06-13 14:26:43.242644  1570  1593 E ApplicationHelper: Fail to get PackageManager
06-13 14:26:43.242654  1570  1593 E ApplicationHelper: Fail to get PackageManager
06-13 14:26:43.242663  1570  1593 E ApplicationHelper: Fail to get PackageManager
06-13 14:26:43.242672  1570  1593 E ApplicationHelper: Fail to get PackageManager
06-13 14:26:43.270560  1570  1596 D WindowManager: setParent old=ActivityRecord{c30dfae u0 com.mediatek.engineermode/.EngineerMode t278},new=null,this window=Window{d34cec8 u0 Splash Screen com.mediatek.engineermode},callers=com.android.server.wm.WindowContainer.removeChild:761 com.android.server.wm.ActivityRecord.removeChild:4488 com.android.server.wm.ActivityRecord.removeChild:409 com.android.server.wm.WindowContainer.removeImmediately:819 com.android.server.wm.WindowState.removeImmediately:2386 com.android.server.wm.WindowState.destroySurface:3379 
06-13 14:26:43.429617  1570  1628 D priAutoBrightness_PriDisplayBrightnessGuardStrategy: handleUpdateBrightness getNextPoint,LargeChanged:true,isRegressionDefaultSpline:false,full:false,HBM:false,count=0,point:(10454.697, 490.0, 255.0),target:(10455.952, 490.0, 255.0),drag:null,large[5000.0,5000.0],small[7182.381,7182.381]
06-13 14:26:43.429729  1570  1628 D priAutoBrightness_PriSmartBrightnessController: handleUpdateBrightness brightness changed:(10455.952, 490.0, 255.0)->(10454.697, 490.0, 255.0),isReset=false lux=10454.697,drag:null
06-13 14:26:43.429761  1570  1628 I priAutoBrightness_PriSmartBrightnessController: update target brightness point to : (10455.952, 490.0, 255.0)->(10454.697, 490.0, 255.0)
06-13 14:26:43.429776  1570  1628 D priAutoBrightness_PriSmartBrightnessController: onTargetBrightnessChange#3
06-13 14:26:43.429829  1570  1628 D priAutoBrightness_PriSmartBrightnessController: updateAutoBrightness() newScreenAutoBrightness0:1.0, mScreenAutoBrightness:1.0, mAmbientLux:10454.697 mDragPoint:null mTargetBrightnessPoint:(10454.697, 490.0, 255.0)
06-13 14:26:43.429855  1570  1628 D priAutoBrightness_PriMinimumBrightnessDelegate: checkMiniumBrightness() brightness:255
06-13 14:26:43.429874  1570  1628 D priAutoBrightness_PriMinimumBrightnessDelegate: checkTimeState() brightness=255, mCurrentEnvironmentStatus=1
06-13 14:26:43.429892  1570  1628 D priAutoBrightness_PriMinimumBrightnessDelegate: BrightDayStatus, change current brightness = 255 13nit=6 keep=false
06-13 14:26:43.429905  1570  1628 D priAutoBrightness_PriMinimumBrightnessDelegate: checkTimeState() resultBrightness:255
06-13 14:26:43.429924  1570  1628 D priAutoBrightness_PriSmartBrightnessController: checkMiniumBrightness() return newScreenAutoBrightness:1.0
06-13 14:26:43.429940  1570  1628 D priAutoBrightness_PriSmartBrightnessController: ignoring newScreenAutoBrightness: 1.0
06-13 14:26:43.429952  1570  1628 D priAutoBrightness_PriSmartBrightnessController: updateGuardStrategy#1
06-13 14:26:43.429976  1570  1628 I priAutoBrightness_PriDisplayBrightnessGuardStrategy: updateGuardStrategy update guard point: (10454.697, 490.0, 255.0)
06-13 14:26:43.430015  1570  1628 I priAutoBrightness_PriDisplayBrightnessGuardStrategy: not find left large change value
06-13 14:26:43.430037  1570  1628 I priAutoBrightness_PriDisplayBrightnessGuardStrategy: not find right large change value
06-13 14:26:43.430074  1570  1628 I priAutoBrightness_PriDisplayBrightnessGuardStrategy: updateGuardStrategy large lux threshold: [ (5000.0, 468.2304, 248.46051), (5000.0, 468.2304, 248.46051) ]
06-13 14:26:43.430100  1570  1628 I priAutoBrightness_PriDisplayBrightnessGuardStrategy: updateGuardStrategy small lux point: [ (9909.228, 490.0, 255.0), (11000.167, 490.0, 255.0) ]
06-13 14:26:43.430135  1570  1628 I priAutoBrightness_PriDisplayBrightnessGuardStrategy: updateGuardStrategy small lux threshold: [ (7181.879, 490.0, 255.0), (7181.879, 490.0, 255.0) ]
06-13 14:26:43.630010  1570  1628 D priAutoBrightness_PriDisplayBrightnessGuardStrategy: handleUpdateBrightness getNextPoint,LargeChanged:true,isRegressionDefaultSpline:false,full:false,HBM:false,count=0,point:(10453.328, 490.0, 255.0),target:(10454.697, 490.0, 255.0),drag:null,large[5000.0,5000.0],small[7181.879,7181.879]
06-13 14:26:43.630198  1570  1628 D priAutoBrightness_PriSmartBrightnessController: handleUpdateBrightness brightness changed:(10454.697, 490.0, 255.0)->(10453.328, 490.0, 255.0),isReset=false lux=10453.328,drag:null
06-13 14:26:43.630257  1570  1628 I priAutoBrightness_PriSmartBrightnessController: update target brightness point to : (10454.697, 490.0, 255.0)->(10453.328, 490.0, 255.0)
06-13 14:26:43.630285  1570  1628 D priAutoBrightness_PriSmartBrightnessController: onTargetBrightnessChange#3
06-13 14:26:43.630348  1570  1628 D priAutoBrightness_PriSmartBrightnessController: updateAutoBrightness() newScreenAutoBrightness0:1.0, mScreenAutoBrightness:1.0, mAmbientLux:10453.328 mDragPoint:null mTargetBrightnessPoint:(10453.328, 490.0, 255.0)
06-13 14:26:43.630441  1570  1628 D priAutoBrightness_PriMinimumBrightnessDelegate: checkMiniumBrightness() brightness:255
06-13 14:26:43.630480  1570  1628 D priAutoBrightness_PriMinimumBrightnessDelegate: checkTimeState() brightness=255, mCurrentEnvironmentStatus=1
06-13 14:26:43.630515  1570  1628 D priAutoBrightness_PriMinimumBrightnessDelegate: BrightDayStatus, change current brightness = 255 13nit=6 keep=false
06-13 14:26:43.630598  1570  1628 D priAutoBrightness_PriMinimumBrightnessDelegate: checkTimeState() resultBrightness:255
06-13 14:26:43.630643  1570  1628 D priAutoBrightness_PriSmartBrightnessController: checkMiniumBrightness() return newScreenAutoBrightness:1.0
06-13 14:26:43.630676  1570  1628 D priAutoBrightness_PriSmartBrightnessController: ignoring newScreenAutoBrightness: 1.0
06-13 14:26:43.630699  1570  1628 D priAutoBrightness_PriSmartBrightnessController: updateGuardStrategy#1
06-13 14:26:43.630837  1570  1628 I priAutoBrightness_PriDisplayBrightnessGuardStrategy: updateGuardStrategy update guard point: (10453.328, 490.0, 255.0)
06-13 14:26:43.630896  1570  1628 I priAutoBrightness_PriDisplayBrightnessGuardStrategy: not find left large change value
06-13 14:26:43.630930  1570  1628 I priAutoBrightness_PriDisplayBrightnessGuardStrategy: not find right large change value
06-13 14:26:43.631018  1570  1628 I priAutoBrightness_PriDisplayBrightnessGuardStrategy: updateGuardStrategy large lux threshold: [ (5000.0, 468.2304, 248.46051), (5000.0, 468.2304, 248.46051) ]
06-13 14:26:43.631066  1570  1628 I priAutoBrightness_PriDisplayBrightnessGuardStrategy: updateGuardStrategy small lux point: [ (9907.995, 490.0, 255.0), (10998.661, 490.0, 255.0) ]
06-13 14:26:43.631111  1570  1628 I priAutoBrightness_PriDisplayBrightnessGuardStrategy: updateGuardStrategy small lux threshold: [ (7181.3315, 490.0, 255.0), (7181.3315, 490.0, 255.0) ]
06-13 14:26:43.728262  1570  1593 E ApplicationHelper: Fail to get PackageManager
06-13 14:26:43.730302  1570  1593 E ApplicationHelper: Fail to get PackageManager
06-13 14:26:43.830060  1570  1628 D priAutoBrightness_PriDisplayBrightnessGuardStrategy: handleUpdateBrightness getNextPoint,LargeChanged:true,isRegressionDefaultSpline:false,full:false,HBM:false,count=0,point:(10451.939, 490.0, 255.0),target:(10453.328, 490.0, 255.0),drag:null,large[5000.0,5000.0],small[7181.3315,7181.3315]
06-13 14:26:43.830293  1570  1628 D priAutoBrightness_PriSmartBrightnessController: handleUpdateBrightness brightness changed:(10453.328, 490.0, 255.0)->(10451.939, 490.0, 255.0),isReset=false lux=10451.939,drag:null
06-13 14:26:43.830352  1570  1628 I priAutoBrightness_PriSmartBrightnessController: update target brightness point to : (10453.328, 490.0, 255.0)->(10451.939, 490.0, 255.0)
06-13 14:26:43.830380  1570  1628 D priAutoBrightness_PriSmartBrightnessController: onTargetBrightnessChange#3
06-13 14:26:43.830465  1570  1628 D priAutoBrightness_PriSmartBrightnessController: updateAutoBrightness() newScreenAutoBrightness0:1.0, mScreenAutoBrightness:1.0, mAmbientLux:10451.939 mDragPoint:null mTargetBrightnessPoint:(10451.939, 490.0, 255.0)
06-13 14:26:43.830514  1570  1628 D priAutoBrightness_PriMinimumBrightnessDelegate: checkMiniumBrightness() brightness:255
06-13 14:26:43.830548  1570  1628 D priAutoBrightness_PriMinimumBrightnessDelegate: checkTimeState() brightness=255, mCurrentEnvironmentStatus=1
06-13 14:26:43.830578  1570  1628 D priAutoBrightness_PriMinimumBrightnessDelegate: BrightDayStatus, change current brightness = 255 13nit=6 keep=false
06-13 14:26:43.830604  1570  1628 D priAutoBrightness_PriMinimumBrightnessDelegate: checkTimeState() resultBrightness:255
06-13 14:26:43.830639  1570  1628 D priAutoBrightness_PriSmartBrightnessController: checkMiniumBrightness() return newScreenAutoBrightness:1.0
06-13 14:26:43.830671  1570  1628 D priAutoBrightness_PriSmartBrightnessController: ignoring newScreenAutoBrightness: 1.0
06-13 14:26:43.830693  1570  1628 D priAutoBrightness_PriSmartBrightnessController: updateGuardStrategy#1
06-13 14:26:43.830754  1570  1628 I priAutoBrightness_PriDisplayBrightnessGuardStrategy: updateGuardStrategy update guard point: (10451.939, 490.0, 255.0)
06-13 14:26:43.830790  1570  1628 I priAutoBrightness_PriDisplayBrightnessGuardStrategy: not find left large change value
06-13 14:26:43.830825  1570  1628 I priAutoBrightness_PriDisplayBrightnessGuardStrategy: not find right large change value
06-13 14:26:43.830890  1570  1628 I priAutoBrightness_PriDisplayBrightnessGuardStrategy: updateGuardStrategy large lux threshold: [ (5000.0, 468.2304, 248.46051), (5000.0, 468.2304, 248.46051) ]
06-13 14:26:43.830936  1570  1628 I priAutoBrightness_PriDisplayBrightnessGuardStrategy: updateGuardStrategy small lux point: [ (9906.745, 490.0, 255.0), (10997.134, 490.0, 255.0) ]
06-13 14:26:43.830996  1570  1628 I priAutoBrightness_PriDisplayBrightnessGuardStrategy: updateGuardStrategy small lux threshold: [ (7180.776, 490.0, 255.0), (7180.776, 490.0, 255.0) ]
06-13 14:26:44.030098  1570  1628 D priAutoBrightness_PriDisplayBrightnessGuardStrategy: handleUpdateBrightness getNextPoint,LargeChanged:true,isRegressionDefaultSpline:false,full:false,HBM:false,count=0,point:(10451.071, 490.0, 255.0),target:(10451.939, 490.0, 255.0),drag:null,large[5000.0,5000.0],small[7180.776,7180.776]
06-13 14:26:44.030232  1570  1628 D priAutoBrightness_PriSmartBrightnessController: handleUpdateBrightness brightness changed:(10451.939, 490.0, 255.0)->(10451.071, 490.0, 255.0),isReset=false lux=10451.071,drag:null
06-13 14:26:44.030272  1570  1628 I priAutoBrightness_PriSmartBrightnessController: update target brightness point to : (10451.939, 490.0, 255.0)->(10451.071, 490.0, 255.0)
06-13 14:26:44.030292  1570  1628 D priAutoBrightness_PriSmartBrightnessController: onTargetBrightnessChange#3
06-13 14:26:44.030351  1570  1628 D priAutoBrightness_PriSmartBrightnessController: updateAutoBrightness() newScreenAutoBrightness0:1.0, mScreenAutoBrightness:1.0, mAmbientLux:10451.071 mDragPoint:null mTargetBrightnessPoint:(10451.071, 490.0, 255.0)
06-13 14:26:44.030398  1570  1628 D priAutoBrightness_PriMinimumBrightnessDelegate: checkMiniumBrightness() brightness:255
06-13 14:26:44.030432  1570  1628 D priAutoBrightness_PriMinimumBrightnessDelegate: checkTimeState() brightness=255, mCurrentEnvironmentStatus=1
06-13 14:26:44.030463  1570  1628 D priAutoBrightness_PriMinimumBrightnessDelegate: BrightDayStatus, change current brightness = 255 13nit=6 keep=false
06-13 14:26:44.030489  1570  1628 D priAutoBrightness_PriMinimumBrightnessDelegate: checkTimeState() resultBrightness:255
06-13 14:26:44.030554  1570  1628 D priAutoBrightness_PriSmartBrightnessController: checkMiniumBrightness() return newScreenAutoBrightness:1.0
06-13 14:26:44.030590  1570  1628 D priAutoBrightness_PriSmartBrightnessController: ignoring newScreenAutoBrightness: 1.0
06-13 14:26:44.030613  1570  1628 D priAutoBrightness_PriSmartBrightnessController: updateGuardStrategy#1
06-13 14:26:44.030659  1570  1628 I priAutoBrightness_PriDisplayBrightnessGuardStrategy: updateGuardStrategy update guard point: (10451.071, 490.0, 255.0)
06-13 14:26:44.030696  1570  1628 I priAutoBrightness_PriDisplayBrightnessGuardStrategy: not find left large change value
06-13 14:26:44.030728  1570  1628 I priAutoBrightness_PriDisplayBrightnessGuardStrategy: not find right large change value
06-13 14:26:44.030795  1570  1628 I priAutoBrightness_PriDisplayBrightnessGuardStrategy: updateGuardStrategy large lux threshold: [ (5000.0, 468.2304, 248.46051), (5000.0, 468.2304, 248.46051) ]
06-13 14:26:44.030844  1570  1628 I priAutoBrightness_PriDisplayBrightnessGuardStrategy: updateGuardStrategy small lux point: [ (9905.964, 490.0, 255.0), (10996.179, 490.0, 255.0) ]
06-13 14:26:44.030888  1570  1628 I priAutoBrightness_PriDisplayBrightnessGuardStrategy: updateGuardStrategy small lux threshold: [ (7180.4287, 490.0, 255.0), (7180.4287, 490.0, 255.0) ]
06-13 14:26:44.229717  1570  1628 D priAutoBrightness_PriDisplayBrightnessGuardStrategy: handleUpdateBrightness getNextPoint,LargeChanged:true,isRegressionDefaultSpline:false,full:false,HBM:false,count=0,point:(10450.717, 490.0, 255.0),target:(10451.071, 490.0, 255.0),drag:null,large[5000.0,5000.0],small[7180.4287,7180.4287]
06-13 14:26:44.229939  1570  1628 D priAutoBrightness_PriSmartBrightnessController: handleUpdateBrightness brightness changed:(10451.071, 490.0, 255.0)->(10450.717, 490.0, 255.0),isReset=false lux=10450.717,drag:null
06-13 14:26:44.230034  1570  1628 I priAutoBrightness_PriSmartBrightnessController: update target brightness point to : (10451.071, 490.0, 255.0)->(10450.717, 490.0, 255.0)
06-13 14:26:44.230073  1570  1628 D priAutoBrightness_PriSmartBrightnessController: onTargetBrightnessChange#3
06-13 14:26:44.230154  1570  1628 D priAutoBrightness_PriSmartBrightnessController: updateAutoBrightness() newScreenAutoBrightness0:1.0, mScreenAutoBrightness:1.0, mAmbientLux:10450.717 mDragPoint:null mTargetBrightnessPoint:(10450.717, 490.0, 255.0)
06-13 14:26:44.230283  1570  1628 D priAutoBrightness_PriMinimumBrightnessDelegate: checkMiniumBrightness() brightness:255
06-13 14:26:44.230399  1570  1628 D priAutoBrightness_PriMinimumBrightnessDelegate: checkTimeState() brightness=255, mCurrentEnvironmentStatus=1
06-13 14:26:44.230447  1570  1628 D priAutoBrightness_PriMinimumBrightnessDelegate: BrightDayStatus, change current brightness = 255 13nit=6 keep=false
06-13 14:26:44.230541  1570  1628 D priAutoBrightness_PriMinimumBrightnessDelegate: checkTimeState() resultBrightness:255
06-13 14:26:44.230599  1570  1628 D priAutoBrightness_PriSmartBrightnessController: checkMiniumBrightness() return newScreenAutoBrightness:1.0
06-13 14:26:44.230641  1570  1628 D priAutoBrightness_PriSmartBrightnessController: ignoring newScreenAutoBrightness: 1.0
06-13 14:26:44.230671  1570  1628 D priAutoBrightness_PriSmartBrightnessController: updateGuardStrategy#1
06-13 14:26:44.230736  1570  1628 I priAutoBrightness_PriDisplayBrightnessGuardStrategy: updateGuardStrategy update guard point: (10450.717, 490.0, 255.0)
06-13 14:26:44.230788  1570  1628 I priAutoBrightness_PriDisplayBrightnessGuardStrategy: not find left large change value
06-13 14:26:44.230907  1570  1628 I priAutoBrightness_PriDisplayBrightnessGuardStrategy: not find right large change value
06-13 14:26:44.231002  1570  1628 I priAutoBrightness_PriDisplayBrightnessGuardStrategy: updateGuardStrategy large lux threshold: [ (5000.0, 468.2304, 248.46051), (5000.0, 468.2304, 248.46051) ]
06-13 14:26:44.231162  1570  1628 I priAutoBrightness_PriDisplayBrightnessGuardStrategy: updateGuardStrategy small lux point: [ (9905.6455, 490.0, 255.0), (10995.788, 490.0, 255.0) ]
06-13 14:26:44.231229  1570  1628 I priAutoBrightness_PriDisplayBrightnessGuardStrategy: updateGuardStrategy small lux threshold: [ (7180.2866, 490.0, 255.0), (7180.2866, 490.0, 255.0) ]
06-13 14:26:44.430112  1570  1628 D priAutoBrightness_PriDisplayBrightnessGuardStrategy: handleUpdateBrightness getNextPoint,LargeChanged:true,isRegressionDefaultSpline:false,full:false,HBM:false,count=0,point:(10450.13, 490.0, 255.0),target:(10450.717, 490.0, 255.0),drag:null,large[5000.0,5000.0],small[7180.2866,7180.2866]
06-13 14:26:44.430283  1570  1628 D priAutoBrightness_PriSmartBrightnessController: handleUpdateBrightness brightness changed:(10450.717, 490.0, 255.0)->(10450.13, 490.0, 255.0),isReset=false lux=10450.13,drag:null
06-13 14:26:44.430340  1570  1628 I priAutoBrightness_PriSmartBrightnessController: update target brightness point to : (10450.717, 490.0, 255.0)->(10450.13, 490.0, 255.0)
06-13 14:26:44.430367  1570  1628 D priAutoBrightness_PriSmartBrightnessController: onTargetBrightnessChange#3
06-13 14:26:44.430425  1570  1628 D priAutoBrightness_PriSmartBrightnessController: updateAutoBrightness() newScreenAutoBrightness0:1.0, mScreenAutoBrightness:1.0, mAmbientLux:10450.13 mDragPoint:null mTargetBrightnessPoint:(10450.13, 490.0, 255.0)
06-13 14:26:44.430548  1570  1628 D priAutoBrightness_PriMinimumBrightnessDelegate: checkMiniumBrightness() brightness:255
06-13 14:26:44.430586  1570  1628 D priAutoBrightness_PriMinimumBrightnessDelegate: checkTimeState() brightness=255, mCurrentEnvironmentStatus=1
06-13 14:26:44.430619  1570  1628 D priAutoBrightness_PriMinimumBrightnessDelegate: BrightDayStatus, change current brightness = 255 13nit=6 keep=false
06-13 14:26:44.430665  1570  1628 D priAutoBrightness_PriMinimumBrightnessDelegate: checkTimeState() resultBrightness:255
06-13 14:26:44.430707  1570  1628 D priAutoBrightness_PriSmartBrightnessController: checkMiniumBrightness() return newScreenAutoBrightness:1.0
06-13 14:26:44.430739  1570  1628 D priAutoBrightness_PriSmartBrightnessController: ignoring newScreenAutoBrightness: 1.0
06-13 14:26:44.430861  1570  1628 D priAutoBrightness_PriSmartBrightnessController: updateGuardStrategy#1
06-13 14:26:44.430963  1570  1628 I priAutoBrightness_PriDisplayBrightnessGuardStrategy: updateGuardStrategy update guard point: (10450.13, 490.0, 255.0)
06-13 14:26:44.431005  1570  1628 I priAutoBrightness_PriDisplayBrightnessGuardStrategy: not find left large change value
06-13 14:26:44.431038  1570  1628 I priAutoBrightness_PriDisplayBrightnessGuardStrategy: not find right large change value
06-13 14:26:44.431103  1570  1628 I priAutoBrightness_PriDisplayBrightnessGuardStrategy: updateGuardStrategy large lux threshold: [ (5000.0, 468.2304, 248.46051), (5000.0, 468.2304, 248.46051) ]
06-13 14:26:44.431196  1570  1628 I priAutoBrightness_PriDisplayBrightnessGuardStrategy: updateGuardStrategy small lux point: [ (9905.117, 490.0, 255.0), (10995.143, 490.0, 255.0) ]
06-13 14:26:44.431245  1570  1628 I priAutoBrightness_PriDisplayBrightnessGuardStrategy: updateGuardStrategy small lux threshold: [ (7180.0522, 490.0, 255.0), (7180.0522, 490.0, 255.0) ]
06-13 14:26:44.629523  1570  1628 D priAutoBrightness_PriDisplayBrightnessGuardStrategy: handleUpdateBrightness getNextPoint,LargeChanged:true,isRegressionDefaultSpline:false,full:false,HBM:false,count=0,point:(10449.87, 490.0, 255.0),target:(10450.13, 490.0, 255.0),drag:null,large[5000.0,5000.0],small[7180.0522,7180.0522]
06-13 14:26:44.629676  1570  1628 D priAutoBrightness_PriSmartBrightnessController: handleUpdateBrightness brightness changed:(10450.13, 490.0, 255.0)->(10449.87, 490.0, 255.0),isReset=false lux=10449.87,drag:null
06-13 14:26:44.629718  1570  1628 I priAutoBrightness_PriSmartBrightnessController: update target brightness point to : (10450.13, 490.0, 255.0)->(10449.87, 490.0, 255.0)
06-13 14:26:44.629737  1570  1628 D priAutoBrightness_PriSmartBrightnessController: onTargetBrightnessChange#3
06-13 14:26:44.629777  1570  1628 D priAutoBrightness_PriSmartBrightnessController: updateAutoBrightness() newScreenAutoBrightness0:1.0, mScreenAutoBrightness:1.0, mAmbientLux:10449.87 mDragPoint:null mTargetBrightnessPoint:(10449.87, 490.0, 255.0)
06-13 14:26:44.629877  1570  1628 D priAutoBrightness_PriMinimumBrightnessDelegate: checkMiniumBrightness() brightness:255
06-13 14:26:44.629962  1570  1628 D priAutoBrightness_PriMinimumBrightnessDelegate: checkTimeState() brightness=255, mCurrentEnvironmentStatus=1
06-13 14:26:44.629990  1570  1628 D priAutoBrightness_PriMinimumBrightnessDelegate: BrightDayStatus, change current brightness = 255 13nit=6 keep=false
06-13 14:26:44.630007  1570  1628 D priAutoBrightness_PriMinimumBrightnessDelegate: checkTimeState() resultBrightness:255
06-13 14:26:44.630032  1570  1628 D priAutoBrightness_PriSmartBrightnessController: checkMiniumBrightness() return newScreenAutoBrightness:1.0
06-13 14:26:44.630053  1570  1628 D priAutoBrightness_PriSmartBrightnessController: ignoring newScreenAutoBrightness: 1.0
06-13 14:26:44.630112  1570  1628 D priAutoBrightness_PriSmartBrightnessController: updateGuardStrategy#1
06-13 14:26:44.630147  1570  1628 I priAutoBrightness_PriDisplayBrightnessGuardStrategy: updateGuardStrategy update guard point: (10449.87, 490.0, 255.0)
06-13 14:26:44.630174  1570  1628 I priAutoBrightness_PriDisplayBrightnessGuardStrategy: not find left large change value
06-13 14:26:44.630197  1570  1628 I priAutoBrightness_PriDisplayBrightnessGuardStrategy: not find right large change value
06-13 14:26:44.630251  1570  1628 I priAutoBrightness_PriDisplayBrightnessGuardStrategy: updateGuardStrategy large lux threshold: [ (5000.0, 468.2304, 248.46051), (5000.0, 468.2304, 248.46051) ]
06-13 14:26:44.630312  1570  1628 I priAutoBrightness_PriDisplayBrightnessGuardStrategy: updateGuardStrategy small lux point: [ (9904.883, 490.0, 255.0), (10994.857, 490.0, 255.0) ]
06-13 14:26:44.630344  1570  1628 I priAutoBrightness_PriDisplayBrightnessGuardStrategy: updateGuardStrategy small lux threshold: [ (7179.948, 490.0, 255.0), (7179.948, 490.0, 255.0) ]
06-13 14:26:44.829826  1570  1628 D priAutoBrightness_PriDisplayBrightnessGuardStrategy: handleUpdateBrightness getNextPoint,LargeChanged:true,isRegressionDefaultSpline:false,full:false,HBM:false,count=0,point:(10449.942, 490.0, 255.0),target:(10449.87, 490.0, 255.0),drag:null,large[5000.0,5000.0],small[7179.948,7179.948]
06-13 14:26:44.829989  1570  1628 D priAutoBrightness_PriSmartBrightnessController: handleUpdateBrightness brightness changed:(10449.87, 490.0, 255.0)->(10449.942, 490.0, 255.0),isReset=false lux=10449.942,drag:null
06-13 14:26:44.830027  1570  1628 I priAutoBrightness_PriSmartBrightnessController: update target brightness point to : (10449.87, 490.0, 255.0)->(10449.942, 490.0, 255.0)
06-13 14:26:44.830044  1570  1628 D priAutoBrightness_PriSmartBrightnessController: onTargetBrightnessChange#3
06-13 14:26:44.830085  1570  1628 D priAutoBrightness_PriSmartBrightnessController: updateAutoBrightness() newScreenAutoBrightness0:1.0, mScreenAutoBrightness:1.0, mAmbientLux:10449.942 mDragPoint:null mTargetBrightnessPoint:(10449.942, 490.0, 255.0)
06-13 14:26:44.830156  1570  1628 D priAutoBrightness_PriMinimumBrightnessDelegate: checkMiniumBrightness() brightness:255
06-13 14:26:44.830225  1570  1628 D priAutoBrightness_PriMinimumBrightnessDelegate: checkTimeState() brightness=255, mCurrentEnvironmentStatus=1
06-13 14:26:44.830248  1570  1628 D priAutoBrightness_PriMinimumBrightnessDelegate: BrightDayStatus, change current brightness = 255 13nit=6 keep=false
06-13 14:26:44.830264  1570  1628 D priAutoBrightness_PriMinimumBrightnessDelegate: checkTimeState() resultBrightness:255
06-13 14:26:44.830287  1570  1628 D priAutoBrightness_PriSmartBrightnessController: checkMiniumBrightness() return newScreenAutoBrightness:1.0
06-13 14:26:44.830336  1570  1628 D priAutoBrightness_PriSmartBrightnessController: ignoring newScreenAutoBrightness: 1.0
06-13 14:26:44.830351  1570  1628 D priAutoBrightness_PriSmartBrightnessController: updateGuardStrategy#1
06-13 14:26:44.830379  1570  1628 I priAutoBrightness_PriDisplayBrightnessGuardStrategy: updateGuardStrategy update guard point: (10449.942, 490.0, 255.0)
06-13 14:26:44.830403  1570  1628 I priAutoBrightness_PriDisplayBrightnessGuardStrategy: not find left large change value
06-13 14:26:44.830422  1570  1628 I priAutoBrightness_PriDisplayBrightnessGuardStrategy: not find right large change value
06-13 14:26:44.830459  1570  1628 I priAutoBrightness_PriDisplayBrightnessGuardStrategy: updateGuardStrategy large lux threshold: [ (5000.0, 468.2304, 248.46051), (5000.0, 468.2304, 248.46051) ]
06-13 14:26:44.830487  1570  1628 I priAutoBrightness_PriDisplayBrightnessGuardStrategy: updateGuardStrategy small lux point: [ (9904.948, 490.0, 255.0), (10994.937, 490.0, 255.0) ]
06-13 14:26:44.830512  1570  1628 I priAutoBrightness_PriDisplayBrightnessGuardStrategy: updateGuardStrategy small lux threshold: [ (7179.977, 490.0, 255.0), (7179.977, 490.0, 255.0) ]
06-13 14:26:45.030375  1570  1628 D priAutoBrightness_PriDisplayBrightnessGuardStrategy: handleUpdateBrightness getNextPoint,LargeChanged:true,isRegressionDefaultSpline:false,full:false,HBM:false,count=0,point:(10450.679, 490.0, 255.0),target:(10449.942, 490.0, 255.0),drag:null,large[5000.0,5000.0],small[7179.977,7179.977]
06-13 14:26:45.030640  1570  1628 D priAutoBrightness_PriSmartBrightnessController: handleUpdateBrightness brightness changed:(10449.942, 490.0, 255.0)->(10450.679, 490.0, 255.0),isReset=false lux=10450.679,drag:null
06-13 14:26:45.030722  1570  1628 I priAutoBrightness_PriSmartBrightnessController: update target brightness point to : (10449.942, 490.0, 255.0)->(10450.679, 490.0, 255.0)
06-13 14:26:45.030855  1570  1628 D priAutoBrightness_PriSmartBrightnessController: onTargetBrightnessChange#3
06-13 14:26:45.030948  1570  1628 D priAutoBrightness_PriSmartBrightnessController: updateAutoBrightness() newScreenAutoBrightness0:1.0, mScreenAutoBrightness:1.0, mAmbientLux:10450.679 mDragPoint:null mTargetBrightnessPoint:(10450.679, 490.0, 255.0)
06-13 14:26:45.031012  1570  1628 D priAutoBrightness_PriMinimumBrightnessDelegate: checkMiniumBrightness() brightness:255
06-13 14:26:45.031061  1570  1628 D priAutoBrightness_PriMinimumBrightnessDelegate: checkTimeState() brightness=255, mCurrentEnvironmentStatus=1
06-13 14:26:45.031105  1570  1628 D priAutoBrightness_PriMinimumBrightnessDelegate: BrightDayStatus, change current brightness = 255 13nit=6 keep=false
06-13 14:26:45.031143  1570  1628 D priAutoBrightness_PriMinimumBrightnessDelegate: checkTimeState() resultBrightness:255
06-13 14:26:45.031197  1570  1628 D priAutoBrightness_PriSmartBrightnessController: checkMiniumBrightness() return newScreenAutoBrightness:1.0
06-13 14:26:45.031241  1570  1628 D priAutoBrightness_PriSmartBrightnessController: ignoring newScreenAutoBrightness: 1.0
06-13 14:26:45.031272  1570  1628 D priAutoBrightness_PriSmartBrightnessController: updateGuardStrategy#1
06-13 14:26:45.031338  1570  1628 I priAutoBrightness_PriDisplayBrightnessGuardStrategy: updateGuardStrategy update guard point: (10450.679, 490.0, 255.0)
06-13 14:26:45.031450  1570  1628 I priAutoBrightness_PriDisplayBrightnessGuardStrategy: not find left large change value
06-13 14:26:45.031500  1570  1628 I priAutoBrightness_PriDisplayBrightnessGuardStrategy: not find right large change value
06-13 14:26:45.031741  1570  1628 I priAutoBrightness_PriDisplayBrightnessGuardStrategy: updateGuardStrategy large lux threshold: [ (5000.0, 468.2304, 248.46051), (5000.0, 468.2304, 248.46051) ]
06-13 14:26:45.031883  1570  1628 I priAutoBrightness_PriDisplayBrightnessGuardStrategy: updateGuardStrategy small lux point: [ (9905.611, 490.0, 255.0), (10995.746, 490.0, 255.0) ]
06-13 14:26:45.031954  1570  1628 I priAutoBrightness_PriDisplayBrightnessGuardStrategy: updateGuardStrategy small lux threshold: [ (7180.2715, 490.0, 255.0), (7180.2715, 490.0, 255.0) ]
06-13 14:26:45.230229  1570  1628 D priAutoBrightness_PriDisplayBrightnessGuardStrategy: handleUpdateBrightness getNextPoint,LargeChanged:true,isRegressionDefaultSpline:false,full:false,HBM:false,count=0,point:(10451.045, 490.0, 255.0),target:(10450.679, 490.0, 255.0),drag:null,large[5000.0,5000.0],small[7180.2715,7180.2715]
06-13 14:26:45.230432  1570  1628 D priAutoBrightness_PriSmartBrightnessController: handleUpdateBrightness brightness changed:(10450.679, 490.0, 255.0)->(10451.045, 490.0, 255.0),isReset=false lux=10451.045,drag:null
06-13 14:26:45.230510  1570  1628 I priAutoBrightness_PriSmartBrightnessController: update target brightness point to : (10450.679, 490.0, 255.0)->(10451.045, 490.0, 255.0)
06-13 14:26:45.230547  1570  1628 D priAutoBrightness_PriSmartBrightnessController: onTargetBrightnessChange#3
06-13 14:26:45.230627  1570  1628 D priAutoBrightness_PriSmartBrightnessController: updateAutoBrightness() newScreenAutoBrightness0:1.0, mScreenAutoBrightness:1.0, mAmbientLux:10451.045 mDragPoint:null mTargetBrightnessPoint:(10451.045, 490.0, 255.0)
06-13 14:26:45.230719  1570  1628 D priAutoBrightness_PriMinimumBrightnessDelegate: checkMiniumBrightness() brightness:255
06-13 14:26:45.230770  1570  1628 D priAutoBrightness_PriMinimumBrightnessDelegate: checkTimeState() brightness=255, mCurrentEnvironmentStatus=1
06-13 14:26:45.230816  1570  1628 D priAutoBrightness_PriMinimumBrightnessDelegate: BrightDayStatus, change current brightness = 255 13nit=6 keep=false
06-13 14:26:45.230853  1570  1628 D priAutoBrightness_PriMinimumBrightnessDelegate: checkTimeState() resultBrightness:255
06-13 14:26:45.230908  1570  1628 D priAutoBrightness_PriSmartBrightnessController: checkMiniumBrightness() return newScreenAutoBrightness:1.0
06-13 14:26:45.230952  1570  1628 D priAutoBrightness_PriSmartBrightnessController: ignoring newScreenAutoBrightness: 1.0
06-13 14:26:45.231125  1570  1628 D priAutoBrightness_PriSmartBrightnessController: updateGuardStrategy#1
06-13 14:26:45.231202  1570  1628 I priAutoBrightness_PriDisplayBrightnessGuardStrategy: updateGuardStrategy update guard point: (10451.045, 490.0, 255.0)
06-13 14:26:45.231250  1570  1628 I priAutoBrightness_PriDisplayBrightnessGuardStrategy: not find left large change value
06-13 14:26:45.231293  1570  1628 I priAutoBrightness_PriDisplayBrightnessGuardStrategy: not find right large change value
06-13 14:26:45.231383  1570  1628 I priAutoBrightness_PriDisplayBrightnessGuardStrategy: updateGuardStrategy large lux threshold: [ (5000.0, 468.2304, 248.46051), (5000.0, 468.2304, 248.46051) ]
06-13 14:26:45.231448  1570  1628 I priAutoBrightness_PriDisplayBrightnessGuardStrategy: updateGuardStrategy small lux point: [ (9905.94, 490.0, 255.0), (10996.149, 490.0, 255.0) ]
06-13 14:26:45.231511  1570  1628 I priAutoBrightness_PriDisplayBrightnessGuardStrategy: updateGuardStrategy small lux threshold: [ (7180.418, 490.0, 255.0), (7180.418, 490.0, 255.0) ]
06-13 14:26:45.429559  1570  1628 D priAutoBrightness_PriDisplayBrightnessGuardStrategy: handleUpdateBrightness getNextPoint,LargeChanged:true,isRegressionDefaultSpline:false,full:false,HBM:false,count=0,point:(10451.757, 490.0, 255.0),target:(10451.045, 490.0, 255.0),drag:null,large[5000.0,5000.0],small[7180.418,7180.418]
06-13 14:26:45.429684  1570  1628 D priAutoBrightness_PriSmartBrightnessController: handleUpdateBrightness brightness changed:(10451.045, 490.0, 255.0)->(10451.757, 490.0, 255.0),isReset=false lux=10451.757,drag:null
06-13 14:26:45.429723  1570  1628 I priAutoBrightness_PriSmartBrightnessController: update target brightness point to : (10451.045, 490.0, 255.0)->(10451.757, 490.0, 255.0)
06-13 14:26:45.429741  1570  1628 D priAutoBrightness_PriSmartBrightnessController: onTargetBrightnessChange#3
06-13 14:26:45.429780  1570  1628 D priAutoBrightness_PriSmartBrightnessController: updateAutoBrightness() newScreenAutoBrightness0:1.0, mScreenAutoBrightness:1.0, mAmbientLux:10451.757 mDragPoint:null mTargetBrightnessPoint:(10451.757, 490.0, 255.0)
06-13 14:26:45.429810  1570  1628 D priAutoBrightness_PriMinimumBrightnessDelegate: checkMiniumBrightness() brightness:255
06-13 14:26:45.429896  1570  1628 D priAutoBrightness_PriMinimumBrightnessDelegate: checkTimeState() brightness=255, mCurrentEnvironmentStatus=1
06-13 14:26:45.429921  1570  1628 D priAutoBrightness_PriMinimumBrightnessDelegate: BrightDayStatus, change current brightness = 255 13nit=6 keep=false
06-13 14:26:45.429938  1570  1628 D priAutoBrightness_PriMinimumBrightnessDelegate: checkTimeState() resultBrightness:255
06-13 14:26:45.429962  1570  1628 D priAutoBrightness_PriSmartBrightnessController: checkMiniumBrightness() return newScreenAutoBrightness:1.0
06-13 14:26:45.429982  1570  1628 D priAutoBrightness_PriSmartBrightnessController: ignoring newScreenAutoBrightness: 1.0
06-13 14:26:45.429996  1570  1628 D priAutoBrightness_PriSmartBrightnessController: updateGuardStrategy#1
06-13 14:26:45.430039  1570  1628 I priAutoBrightness_PriDisplayBrightnessGuardStrategy: updateGuardStrategy update guard point: (10451.757, 490.0, 255.0)
06-13 14:26:45.430116  1570  1628 I priAutoBrightness_PriDisplayBrightnessGuardStrategy: not find left large change value
06-13 14:26:45.430141  1570  1628 I priAutoBrightness_PriDisplayBrightnessGuardStrategy: not find right large change value
06-13 14:26:45.430185  1570  1628 I priAutoBrightness_PriDisplayBrightnessGuardStrategy: updateGuardStrategy large lux threshold: [ (5000.0, 468.2304, 248.46051), (5000.0, 468.2304, 248.46051) ]
06-13 14:26:45.430327  1570  1628 I priAutoBrightness_PriDisplayBrightnessGuardStrategy: updateGuardStrategy small lux point: [ (9906.581, 490.0, 255.0), (10996.933, 490.0, 255.0) ]
06-13 14:26:45.430358  1570  1628 I priAutoBrightness_PriDisplayBrightnessGuardStrategy: updateGuardStrategy small lux threshold: [ (7180.7026, 490.0, 255.0), (7180.7026, 490.0, 255.0) ]
06-13 14:26:45.629962  1570  1628 D priAutoBrightness_PriDisplayBrightnessGuardStrategy: handleUpdateBrightness getNextPoint,LargeChanged:true,isRegressionDefaultSpline:false,full:false,HBM:false,count=0,point:(10452.361, 490.0, 255.0),target:(10451.757, 490.0, 255.0),drag:null,large[5000.0,5000.0],small[7180.7026,7180.7026]
06-13 14:26:45.630160  1570  1628 D priAutoBrightness_PriSmartBrightnessController: handleUpdateBrightness brightness changed:(10451.757, 490.0, 255.0)->(10452.361, 490.0, 255.0),isReset=false lux=10452.361,drag:null
06-13 14:26:45.630221  1570  1628 I priAutoBrightness_PriSmartBrightnessController: update target brightness point to : (10451.757, 490.0, 255.0)->(10452.361, 490.0, 255.0)
06-13 14:26:45.630250  1570  1628 D priAutoBrightness_PriSmartBrightnessController: onTargetBrightnessChange#3
06-13 14:26:45.630343  1570  1628 D priAutoBrightness_PriSmartBrightnessController: updateAutoBrightness() newScreenAutoBrightness0:1.0, mScreenAutoBrightness:1.0, mAmbientLux:10452.361 mDragPoint:null mTargetBrightnessPoint:(10452.361, 490.0, 255.0)
06-13 14:26:45.630483  1570  1628 D priAutoBrightness_PriMinimumBrightnessDelegate: checkMiniumBrightness() brightness:255
06-13 14:26:45.630525  1570  1628 D priAutoBrightness_PriMinimumBrightnessDelegate: checkTimeState() brightness=255, mCurrentEnvironmentStatus=1
06-13 14:26:45.630558  1570  1628 D priAutoBrightness_PriMinimumBrightnessDelegate: BrightDayStatus, change current brightness = 255 13nit=6 keep=false
06-13 14:26:45.630585  1570  1628 D priAutoBrightness_PriMinimumBrightnessDelegate: checkTimeState() resultBrightness:255
06-13 14:26:45.630623  1570  1628 D priAutoBrightness_PriSmartBrightnessController: checkMiniumBrightness() return newScreenAutoBrightness:1.0
06-13 14:26:45.630655  1570  1628 D priAutoBrightness_PriSmartBrightnessController: ignoring newScreenAutoBrightness: 1.0
06-13 14:26:45.630676  1570  1628 D priAutoBrightness_PriSmartBrightnessController: updateGuardStrategy#1
06-13 14:26:45.630725  1570  1628 I priAutoBrightness_PriDisplayBrightnessGuardStrategy: updateGuardStrategy update guard point: (10452.361, 490.0, 255.0)
06-13 14:26:45.630765  1570  1628 I priAutoBrightness_PriDisplayBrightnessGuardStrategy: not find left large change value
06-13 14:26:45.630800  1570  1628 I priAutoBrightness_PriDisplayBrightnessGuardStrategy: not find right large change value
06-13 14:26:45.630868  1570  1628 I priAutoBrightness_PriDisplayBrightnessGuardStrategy: updateGuardStrategy large lux threshold: [ (5000.0, 468.2304, 248.46051), (5000.0, 468.2304, 248.46051) ]
06-13 14:26:45.630958  1570  1628 I priAutoBrightness_PriDisplayBrightnessGuardStrategy: updateGuardStrategy small lux point: [ (9907.125, 490.0, 255.0), (10997.598, 490.0, 255.0) ]
06-13 14:26:45.631085  1570  1628 I priAutoBrightness_PriDisplayBrightnessGuardStrategy: updateGuardStrategy small lux threshold: [ (7180.945, 490.0, 255.0), (7180.945, 490.0, 255.0) ]
06-13 14:26:45.829830  1570  1628 D priAutoBrightness_PriDisplayBrightnessGuardStrategy: handleUpdateBrightness getNextPoint,LargeChanged:true,isRegressionDefaultSpline:false,full:false,HBM:false,count=0,point:(10452.98, 490.0, 255.0),target:(10452.361, 490.0, 255.0),drag:null,large[5000.0,5000.0],small[7180.945,7180.945]
06-13 14:26:45.830044  1570  1628 D priAutoBrightness_PriSmartBrightnessController: handleUpdateBrightness brightness changed:(10452.361, 490.0, 255.0)->(10452.98, 490.0, 255.0),isReset=false lux=10452.98,drag:null
