06-13 03:19:26.378162  1292  1372 E RILMUXD : 3275:thread_serial_device_read(): Interrupt signal EINTR caught
06-13 03:19:26.379413  1399  1416 E RmcOemUrcHandler: rfCableStatusReaderLoop: count:-1 < 0
06-13 03:19:26.727896  1292  1372 E RILMUXD : 3275:thread_serial_device_read(): Interrupt signal EINTR caught
06-13 03:19:26.728834  1399  1416 E RmcOemUrcHandler: rfCableStatusReaderLoop: count:-1 < 0
06-13 03:21:40.363506  1292  1372 E RILMUXD : 3275:thread_serial_device_read(): Interrupt signal EINTR caught
06-13 03:21:40.365047  1399  1416 E RmcOemUrcHandler: rfCableStatusReaderLoop: count:-1 < 0
06-13 03:21:40.951775  1292  1372 E RILMUXD : 3275:thread_serial_device_read(): Interrupt signal EINTR caught
06-13 03:21:40.953629  1399  1416 E RmcOemUrcHandler: rfCableStatusReaderLoop: count:-1 < 0
06-13 03:24:30.378935  1292  1372 E RILMUXD : 3275:thread_serial_device_read(): Interrupt signal EINTR caught
06-13 03:24:30.380723  1399  1416 E RmcOemUrcHandler: rfCableStatusReaderLoop: count:-1 < 0
06-13 03:25:02.381740  1399  1416 E RmcOemUrcHandler: rfCableStatusReaderLoop: count:-1 < 0
06-13 03:25:02.387560  1292  1372 E RILMUXD : 3275:thread_serial_device_read(): Interrupt signal EINTR caught
06-13 03:25:02.761659  1292  1372 E RILMUXD : 3275:thread_serial_device_read(): Interrupt signal EINTR caught
06-13 03:25:02.763375  1399  1416 E RmcOemUrcHandler: rfCableStatusReaderLoop: count:-1 < 0
06-13 03:25:31.284660  1292  1372 E RILMUXD : 3275:thread_serial_device_read(): Interrupt signal EINTR caught
06-13 03:25:31.285878  1399  1416 E RmcOemUrcHandler: rfCableStatusReaderLoop: count:-1 < 0
06-13 03:25:49.288367  1292  1372 E RILMUXD : 3275:thread_serial_device_read(): Interrupt signal EINTR caught
06-13 03:25:49.290256  1399  1416 E RmcOemUrcHandler: rfCableStatusReaderLoop: count:-1 < 0
06-13 03:26:04.789037  1399  1416 E RmcOemUrcHandler: rfCableStatusReaderLoop: count:-1 < 0
06-13 03:26:04.791063  1292  1372 E RILMUXD : 3275:thread_serial_device_read(): Interrupt signal EINTR caught
06-13 03:31:41.380122  1292  1372 E RILMUXD : 3275:thread_serial_device_read(): Interrupt signal EINTR caught
06-13 03:31:41.381756  1399  1416 E RmcOemUrcHandler: rfCableStatusReaderLoop: count:-1 < 0
06-13 03:34:27.379431  1292  1372 E RILMUXD : 3275:thread_serial_device_read(): Interrupt signal EINTR caught
06-13 03:34:27.380439  1399  1416 E RmcOemUrcHandler: rfCableStatusReaderLoop: count:-1 < 0
06-13 03:34:27.937101  1292  1372 E RILMUXD : 3275:thread_serial_device_read(): Interrupt signal EINTR caught
06-13 03:34:27.938783  1399  1416 E RmcOemUrcHandler: rfCableStatusReaderLoop: count:-1 < 0
06-13 03:34:28.341771  1292  1372 E RILMUXD : 3275:thread_serial_device_read(): Interrupt signal EINTR caught
06-13 03:34:28.343093  1399  1416 E RmcOemUrcHandler: rfCableStatusReaderLoop: count:-1 < 0
06-13 03:37:55.381402  1292  1372 E RILMUXD : 3275:thread_serial_device_read(): Interrupt signal EINTR caught
06-13 03:37:55.381592  1399  1416 E RmcOemUrcHandler: rfCableStatusReaderLoop: count:-1 < 0
06-13 03:37:55.429848  1399  1468 I RilClient: initialize: commandFd is 91
06-13 03:37:55.430284  1399  1468 I RilClient: start listen on fd: 30, socket name: rild-oem
06-13 03:37:55.431267  1399  1418 I RmcOemHandler: requestQueryThermal Enter: -1
06-13 03:37:55.431393  1399  1418 I AT      : [0] AT> AT+ETHERMAL (RIL_CMD_READER_1 tid:520943541488)
06-13 03:37:55.440171  1399  1417 I AT      : [0] AT< +ETHERMAL: 2, 32767, -127, 111, 32767, 4046 (RIL_CMD_READER_1, tid:520944577776)
06-13 03:37:55.440288  1399  1417 I AT      : [0] AT< OK (RIL_CMD_READER_1, tid:520944577776)
06-13 03:37:55.440512  1399  1418 I RmcOemHandler: requestQueryThermal success
06-13 03:41:41.381620  1292  1372 E RILMUXD : 3275:thread_serial_device_read(): Interrupt signal EINTR caught
06-13 03:41:41.384021  1399  1416 E RmcOemUrcHandler: rfCableStatusReaderLoop: count:-1 < 0
06-13 03:41:41.786415  1292  1372 E RILMUXD : 3275:thread_serial_device_read(): Interrupt signal EINTR caught
06-13 03:41:41.792573  1399  1416 E RmcOemUrcHandler: rfCableStatusReaderLoop: count:-1 < 0
06-13 03:48:53.378342  1292  1372 E RILMUXD : 3275:thread_serial_device_read(): Interrupt signal EINTR caught
06-13 03:48:53.379621  1399  1416 E RmcOemUrcHandler: rfCableStatusReaderLoop: count:-1 < 0
06-13 03:48:53.977271  1292  1372 E RILMUXD : 3275:thread_serial_device_read(): Interrupt signal EINTR caught
06-13 03:48:53.979028  1399  1416 E RmcOemUrcHandler: rfCableStatusReaderLoop: count:-1 < 0
06-13 03:48:54.392338  1292  1372 E RILMUXD : 3275:thread_serial_device_read(): Interrupt signal EINTR caught
06-13 03:48:54.393626  1399  1416 E RmcOemUrcHandler: rfCableStatusReaderLoop: count:-1 < 0
06-13 03:49:28.381491  1292  1372 E RILMUXD : 3275:thread_serial_device_read(): Interrupt signal EINTR caught
06-13 03:49:28.383262  1399  1416 E RmcOemUrcHandler: rfCableStatusReaderLoop: count:-1 < 0
06-13 03:49:28.954236  1292  1372 E RILMUXD : 3275:thread_serial_device_read(): Interrupt signal EINTR caught
06-13 03:49:28.956004  1399  1416 E RmcOemUrcHandler: rfCableStatusReaderLoop: count:-1 < 0
06-13 03:49:29.371367  1292  1372 E RILMUXD : 3275:thread_serial_device_read(): Interrupt signal EINTR caught
06-13 03:49:29.372559  1399  1416 E RmcOemUrcHandler: rfCableStatusReaderLoop: count:-1 < 0
06-13 03:51:41.379716  1292  1372 E RILMUXD : 3275:thread_serial_device_read(): Interrupt signal EINTR caught
06-13 03:51:41.380997  1399  1416 E RmcOemUrcHandler: rfCableStatusReaderLoop: count:-1 < 0
06-13 03:51:41.788008  1292  1372 E RILMUXD : 3275:thread_serial_device_read(): Interrupt signal EINTR caught
06-13 03:51:41.789793  1399  1416 E RmcOemUrcHandler: rfCableStatusReaderLoop: count:-1 < 0
06-13 03:52:36.380281  1292  1372 E RILMUXD : 3275:thread_serial_device_read(): Interrupt signal EINTR caught
06-13 03:52:36.382020  1399  1416 E RmcOemUrcHandler: rfCableStatusReaderLoop: count:-1 < 0
06-13 04:00:01.381894  1292  1372 E RILMUXD : 3275:thread_serial_device_read(): Interrupt signal EINTR caught
06-13 04:00:01.383687  1399  1416 E RmcOemUrcHandler: rfCableStatusReaderLoop: count:-1 < 0
06-13 04:00:01.460427  1399  1404 I RfxMclMessenger: RFX_MSG_REQUEST_GET_ACTIVITY_INFO(55518) dispatchs to main protocol: 0
06-13 04:00:01.461066  1399  1418 I AT      : [0] AT> AT+ERFTX=11 (RIL_CMD_READER_1 tid:520943541488)
06-13 04:00:01.486949  1399  1417 I AT      : [0] AT< +ERFTX: 11,5,0,0,0,0,0,7587,3346781,254049 (RIL_CMD_READER_1, tid:520944577776)
06-13 04:00:01.487038  1399  1417 I AT      : [0] AT< OK (RIL_CMD_READER_1, tid:520944577776)
06-13 04:00:01.828570  1399  1404 I RfxMclMessenger: RFX_MSG_REQUEST_GET_ACTIVITY_INFO(55518) dispatchs to main protocol: 0
06-13 04:00:01.828896  1399  1418 I AT      : [0] AT> AT+ERFTX=11 (RIL_CMD_READER_1 tid:520943541488)
06-13 04:00:01.857114  1399  1417 I AT      : [0] AT< +ERFTX: 11,5,0,0,0,0,0,0,336,34 (RIL_CMD_READER_1, tid:520944577776)
06-13 04:00:01.857195  1399  1417 I AT      : [0] AT< OK (RIL_CMD_READER_1, tid:520944577776)
06-13 04:00:49.380630  1292  1372 E RILMUXD : 3275:thread_serial_device_read(): Interrupt signal EINTR caught
06-13 04:00:49.381628  1399  1416 E RmcOemUrcHandler: rfCableStatusReaderLoop: count:-1 < 0
06-13 04:01:41.383321  1292  1372 E RILMUXD : 3275:thread_serial_device_read(): Interrupt signal EINTR caught
06-13 04:01:41.385105  1399  1416 E RmcOemUrcHandler: rfCableStatusReaderLoop: count:-1 < 0
06-13 04:04:29.379396  1292  1372 E RILMUXD : 3275:thread_serial_device_read(): Interrupt signal EINTR caught
06-13 04:04:29.380648  1399  1416 E RmcOemUrcHandler: rfCableStatusReaderLoop: count:-1 < 0
06-13 04:11:40.383415  1292  1372 E RILMUXD : 3275:thread_serial_device_read(): Interrupt signal EINTR caught
06-13 04:11:40.384983  1399  1416 E RmcOemUrcHandler: rfCableStatusReaderLoop: count:-1 < 0
06-13 04:11:40.386532  1399  1468 I RilClient: initialize: commandFd is 103
06-13 04:11:40.387268  1399  1468 I RilClient: start listen on fd: 30, socket name: rild-oem
06-13 04:11:40.389334  1399  1418 I RmcOemHandler: requestQueryThermal Enter: -1
06-13 04:11:40.390008  1399  1418 I AT      : [0] AT> AT+ETHERMAL (RIL_CMD_READER_1 tid:520943541488)
06-13 04:11:40.399311  1399  1417 I AT      : [0] AT< +ETHERMAL: 2, 32767, -127, 111, 32767, 4046 (RIL_CMD_READER_1, tid:520944577776)
06-13 04:11:40.399471  1399  1417 I AT      : [0] AT< OK (RIL_CMD_READER_1, tid:520944577776)
06-13 04:11:40.399706  1399  1418 I RmcOemHandler: requestQueryThermal success
06-13 04:13:14.065944  1399  1416 E RmcOemUrcHandler: rfCableStatusReaderLoop: count:-1 < 0
06-13 04:13:14.066169  1292  1372 E RILMUXD : 3275:thread_serial_device_read(): Interrupt signal EINTR caught
06-13 04:13:15.001172  1292  1372 E RILMUXD : 3275:thread_serial_device_read(): Interrupt signal EINTR caught
06-13 04:13:15.002875  1399  1416 E RmcOemUrcHandler: rfCableStatusReaderLoop: count:-1 < 0
06-13 04:13:51.381451  1292  1372 E RILMUXD : 3275:thread_serial_device_read(): Interrupt signal EINTR caught
06-13 04:13:51.382735  1399  1416 E RmcOemUrcHandler: rfCableStatusReaderLoop: count:-1 < 0
06-13 04:13:58.287888  1292  1372 E RILMUXD : 3275:thread_serial_device_read(): Interrupt signal EINTR caught
06-13 04:13:58.289794  1399  1416 E RmcOemUrcHandler: rfCableStatusReaderLoop: count:-1 < 0
06-13 04:15:45.380803  1292  1372 E RILMUXD : 3275:thread_serial_device_read(): Interrupt signal EINTR caught
06-13 04:15:45.387176  1399  1416 E RmcOemUrcHandler: rfCableStatusReaderLoop: count:-1 < 0
06-13 04:19:30.380064  1292  1372 E RILMUXD : 3275:thread_serial_device_read(): Interrupt signal EINTR caught
06-13 04:19:30.380148  1399  1416 E RmcOemUrcHandler: rfCableStatusReaderLoop: count:-1 < 0
06-13 04:19:30.773028  1292  1372 E RILMUXD : 3275:thread_serial_device_read(): Interrupt signal EINTR caught
06-13 04:19:30.774638  1399  1416 E RmcOemUrcHandler: rfCableStatusReaderLoop: count:-1 < 0
06-13 04:21:41.380190  1292  1372 E RILMUXD : 3275:thread_serial_device_read(): Interrupt signal EINTR caught
06-13 04:21:41.381538  1399  1416 E RmcOemUrcHandler: rfCableStatusReaderLoop: count:-1 < 0
06-13 04:27:36.373957  1292  1372 E RILMUXD : 3275:thread_serial_device_read(): Interrupt signal EINTR caught
06-13 04:27:36.375674  1399  1416 E RmcOemUrcHandler: rfCableStatusReaderLoop: count:-1 < 0
06-13 04:31:41.381072  1292  1372 E RILMUXD : 3275:thread_serial_device_read(): Interrupt signal EINTR caught
06-13 04:31:41.382285  1399  1416 E RmcOemUrcHandler: rfCableStatusReaderLoop: count:-1 < 0
06-13 04:34:31.383247  1292  1372 E RILMUXD : 3275:thread_serial_device_read(): Interrupt signal EINTR caught
06-13 04:34:31.384506  1399  1416 E RmcOemUrcHandler: rfCableStatusReaderLoop: count:-1 < 0
06-13 04:34:31.697444  1292  1372 E RILMUXD : 3275:thread_serial_device_read(): Interrupt signal EINTR caught
06-13 04:34:31.699286  1399  1416 E RmcOemUrcHandler: rfCableStatusReaderLoop: count:-1 < 0
06-13 04:36:34.707810  1292  1372 E RILMUXD : 3275:thread_serial_device_read(): Interrupt signal EINTR caught
06-13 04:36:34.708778  1399  1416 E RmcOemUrcHandler: rfCableStatusReaderLoop: count:-1 < 0
06-13 04:36:35.334991  1292  1372 E RILMUXD : 3275:thread_serial_device_read(): Interrupt signal EINTR caught
06-13 04:36:35.336732  1399  1416 E RmcOemUrcHandler: rfCableStatusReaderLoop: count:-1 < 0
06-13 04:37:17.380360  1292  1372 E RILMUXD : 3275:thread_serial_device_read(): Interrupt signal EINTR caught
06-13 04:37:17.381844  1399  1416 E RmcOemUrcHandler: rfCableStatusReaderLoop: count:-1 < 0
06-13 04:41:41.381570  1292  1372 E RILMUXD : 3275:thread_serial_device_read(): Interrupt signal EINTR caught
06-13 04:41:41.383154  1399  1416 E RmcOemUrcHandler: rfCableStatusReaderLoop: count:-1 < 0
06-13 04:41:41.780228  1292  1372 E RILMUXD : 3275:thread_serial_device_read(): Interrupt signal EINTR caught
06-13 04:41:41.782245  1399  1416 E RmcOemUrcHandler: rfCableStatusReaderLoop: count:-1 < 0
06-13 04:41:41.814976  1399  1468 I RilClient: initialize: commandFd is 76
06-13 04:41:41.815628  1399  1468 I RilClient: start listen on fd: 30, socket name: rild-oem
06-13 04:41:41.817107  1399  1418 I RmcOemHandler: requestQueryThermal Enter: -1
06-13 04:41:41.817345  1399  1418 I AT      : [0] AT> AT+ETHERMAL (RIL_CMD_READER_1 tid:520943541488)
06-13 04:41:41.826692  1399  1417 I AT      : [0] AT< +ETHERMAL: 2, 32767, -127, 111, 32767, 4046 (RIL_CMD_READER_1, tid:520944577776)
06-13 04:41:41.827962  1399  1417 I AT      : [0] AT< OK (RIL_CMD_READER_1, tid:520944577776)
06-13 04:41:41.832830  1399  1418 I RmcOemHandler: requestQueryThermal success
06-13 04:49:22.381703  1292  1372 E RILMUXD : 3275:thread_serial_device_read(): Interrupt signal EINTR caught
06-13 04:49:22.382946  1399  1416 E RmcOemUrcHandler: rfCableStatusReaderLoop: count:-1 < 0
06-13 04:49:32.380064  1292  1372 E RILMUXD : 3275:thread_serial_device_read(): Interrupt signal EINTR caught
06-13 04:49:32.382031  1399  1416 E RmcOemUrcHandler: rfCableStatusReaderLoop: count:-1 < 0
06-13 04:49:32.707165  1292  1372 E RILMUXD : 3275:thread_serial_device_read(): Interrupt signal EINTR caught
06-13 04:49:32.708400  1399  1416 E RmcOemUrcHandler: rfCableStatusReaderLoop: count:-1 < 0
06-13 04:51:41.380338  1292  1372 E RILMUXD : 3275:thread_serial_device_read(): Interrupt signal EINTR caught
06-13 04:51:41.382054  1399  1416 E RmcOemUrcHandler: rfCableStatusReaderLoop: count:-1 < 0
06-13 05:00:01.382243  1292  1372 E RILMUXD : 3275:thread_serial_device_read(): Interrupt signal EINTR caught
06-13 05:00:01.383381  1399  1416 E RmcOemUrcHandler: rfCableStatusReaderLoop: count:-1 < 0
06-13 05:00:01.446645  1399  1404 I RfxMclMessenger: RFX_MSG_REQUEST_GET_ACTIVITY_INFO(55518) dispatchs to main protocol: 0
06-13 05:00:01.447228  1399  1418 I AT      : [0] AT> AT+ERFTX=11 (RIL_CMD_READER_1 tid:520943541488)
06-13 05:00:01.477361  1399  1417 I AT      : [0] AT< +ERFTX: 11,5,0,0,0,0,0,7576,3344239,255381 (RIL_CMD_READER_1, tid:520944577776)
06-13 05:00:01.477484  1399  1417 I AT      : [0] AT< OK (RIL_CMD_READER_1, tid:520944577776)
06-13 05:00:01.646866  1399  1404 I RfxMclMessenger: RFX_MSG_REQUEST_GET_ACTIVITY_INFO(55518) dispatchs to main protocol: 0
06-13 05:00:01.647311  1399  1418 I AT      : [0] AT> AT+ERFTX=11 (RIL_CMD_READER_1 tid:520943541488)
06-13 05:00:01.667148  1399  1417 I AT      : [0] AT< +ERFTX: 11,5,0,0,0,0,0,0,167,23 (RIL_CMD_READER_1, tid:520944577776)
06-13 05:00:01.667229  1399  1417 I AT      : [0] AT< OK (RIL_CMD_READER_1, tid:520944577776)
06-13 05:01:26.381818  1292  1372 E RILMUXD : 3275:thread_serial_device_read(): Interrupt signal EINTR caught
06-13 05:01:26.383012  1399  1416 E RmcOemUrcHandler: rfCableStatusReaderLoop: count:-1 < 0
06-13 05:01:41.382902  1292  1372 E RILMUXD : 3275:thread_serial_device_read(): Interrupt signal EINTR caught
06-13 05:01:41.389633  1399  1416 E RmcOemUrcHandler: rfCableStatusReaderLoop: count:-1 < 0
06-13 05:02:11.286950  1292  1372 E RILMUXD : 3275:thread_serial_device_read(): Interrupt signal EINTR caught
06-13 05:02:11.288285  1399  1416 E RmcOemUrcHandler: rfCableStatusReaderLoop: count:-1 < 0
06-13 05:03:05.382011  1292  1372 E RILMUXD : 3275:thread_serial_device_read(): Interrupt signal EINTR caught
06-13 05:03:05.383042  1399  1416 E RmcOemUrcHandler: rfCableStatusReaderLoop: count:-1 < 0
06-13 05:03:08.789475  1292  1372 E RILMUXD : 3275:thread_serial_device_read(): Interrupt signal EINTR caught
06-13 05:03:08.791196  1399  1416 E RmcOemUrcHandler: rfCableStatusReaderLoop: count:-1 < 0
06-13 05:04:33.382411  1292  1372 E RILMUXD : 3275:thread_serial_device_read(): Interrupt signal EINTR caught
06-13 05:04:33.383723  1399  1416 E RmcOemUrcHandler: rfCableStatusReaderLoop: count:-1 < 0
06-13 05:04:33.674420  1292  1372 E RILMUXD : 3275:thread_serial_device_read(): Interrupt signal EINTR caught
06-13 05:04:33.676311  1399  1416 E RmcOemUrcHandler: rfCableStatusReaderLoop: count:-1 < 0
06-13 05:11:41.382323  1292  1372 E RILMUXD : 3275:thread_serial_device_read(): Interrupt signal EINTR caught
06-13 05:11:41.383806  1399  1416 E RmcOemUrcHandler: rfCableStatusReaderLoop: count:-1 < 0
06-13 05:13:50.383863  1292  1372 E RILMUXD : 3275:thread_serial_device_read(): Interrupt signal EINTR caught
06-13 05:13:50.385514  1399  1416 E RmcOemUrcHandler: rfCableStatusReaderLoop: count:-1 < 0
06-13 05:14:52.386110  1292  1372 E RILMUXD : 3275:thread_serial_device_read(): Interrupt signal EINTR caught
06-13 05:14:52.387769  1399  1416 E RmcOemUrcHandler: rfCableStatusReaderLoop: count:-1 < 0
06-13 05:19:34.382565  1292  1372 E RILMUXD : 3275:thread_serial_device_read(): Interrupt signal EINTR caught
06-13 05:19:34.384098  1399  1416 E RmcOemUrcHandler: rfCableStatusReaderLoop: count:-1 < 0
06-13 05:19:34.478070  1399  1468 I RilClient: initialize: commandFd is 91
06-13 05:19:34.478400  1399  1468 I RilClient: start listen on fd: 30, socket name: rild-oem
06-13 05:19:34.479073  1399  1418 I RmcOemHandler: requestQueryThermal Enter: -1
06-13 05:19:34.479157  1399  1418 I AT      : [0] AT> AT+ETHERMAL (RIL_CMD_READER_1 tid:520943541488)
06-13 05:19:34.488258  1399  1417 I AT      : [0] AT< +ETHERMAL: 2, 32767, -127, 111, 32767, 4046 (RIL_CMD_READER_1, tid:520944577776)
06-13 05:19:34.488342  1399  1417 I AT      : [0] AT< OK (RIL_CMD_READER_1, tid:520944577776)
06-13 05:19:34.488560  1399  1418 I RmcOemHandler: requestQueryThermal success
06-13 05:21:41.383992  1292  1372 E RILMUXD : 3275:thread_serial_device_read(): Interrupt signal EINTR caught
06-13 05:21:41.385763  1399  1416 E RmcOemUrcHandler: rfCableStatusReaderLoop: count:-1 < 0
06-13 05:21:41.958740  1292  1372 E RILMUXD : 3275:thread_serial_device_read(): Interrupt signal EINTR caught
06-13 05:21:41.960064  1399  1416 E RmcOemUrcHandler: rfCableStatusReaderLoop: count:-1 < 0
06-13 05:26:18.382985  1292  1372 E RILMUXD : 3275:thread_serial_device_read(): Interrupt signal EINTR caught
06-13 05:26:18.384306  1399  1416 E RmcOemUrcHandler: rfCableStatusReaderLoop: count:-1 < 0
06-13 05:26:18.666056  1292  1372 E RILMUXD : 3275:thread_serial_device_read(): Interrupt signal EINTR caught
06-13 05:26:18.667821  1399  1416 E RmcOemUrcHandler: rfCableStatusReaderLoop: count:-1 < 0
06-13 05:26:56.382484  1292  1372 E RILMUXD : 3275:thread_serial_device_read(): Interrupt signal EINTR caught
06-13 05:26:56.383307  1399  1416 E RmcOemUrcHandler: rfCableStatusReaderLoop: count:-1 < 0
06-13 05:31:41.385167  1292  1372 E RILMUXD : 3275:thread_serial_device_read(): Interrupt signal EINTR caught
06-13 05:31:41.386255  1399  1416 E RmcOemUrcHandler: rfCableStatusReaderLoop: count:-1 < 0
06-13 05:34:35.384484  1292  1372 E RILMUXD : 3275:thread_serial_device_read(): Interrupt signal EINTR caught
06-13 05:34:35.385772  1399  1416 E RmcOemUrcHandler: rfCableStatusReaderLoop: count:-1 < 0
06-13 05:34:35.955846  1292  1372 E RILMUXD : 3275:thread_serial_device_read(): Interrupt signal EINTR caught
06-13 05:34:35.957693  1399  1416 E RmcOemUrcHandler: rfCableStatusReaderLoop: count:-1 < 0
06-13 05:34:36.381931  1292  1372 E RILMUXD : 3275:thread_serial_device_read(): Interrupt signal EINTR caught
06-13 05:34:36.383259  1399  1416 E RmcOemUrcHandler: rfCableStatusReaderLoop: count:-1 < 0
06-13 05:39:39.384524  1292  1372 E RILMUXD : 3275:thread_serial_device_read(): Interrupt signal EINTR caught
06-13 05:39:39.385704  1399  1416 E RmcOemUrcHandler: rfCableStatusReaderLoop: count:-1 < 0
06-13 05:41:41.384969  1292  1372 E RILMUXD : 3275:thread_serial_device_read(): Interrupt signal EINTR caught
06-13 05:41:41.386846  1399  1416 E RmcOemUrcHandler: rfCableStatusReaderLoop: count:-1 < 0
06-13 05:41:41.813238  1292  1372 E RILMUXD : 3275:thread_serial_device_read(): Interrupt signal EINTR caught
06-13 05:41:41.815005  1399  1416 E RmcOemUrcHandler: rfCableStatusReaderLoop: count:-1 < 0
06-13 05:41:42.490115  1292  1372 E RILMUXD : 3275:thread_serial_device_read(): Interrupt signal EINTR caught
06-13 05:41:42.491571  1399  1416 E RmcOemUrcHandler: rfCableStatusReaderLoop: count:-1 < 0
06-13 05:47:45.383459  1292  1372 E RILMUXD : 3275:thread_serial_device_read(): Interrupt signal EINTR caught
06-13 05:47:45.384836  1399  1416 E RmcOemUrcHandler: rfCableStatusReaderLoop: count:-1 < 0
06-13 05:47:48.795430  1399  1468 I RilClient: initialize: commandFd is 103
06-13 05:47:48.796015  1399  1468 I RilClient: start listen on fd: 30, socket name: rild-oem
06-13 05:47:48.797377  1399  1418 I RmcOemHandler: requestQueryThermal Enter: -1
06-13 05:47:48.797545  1399  1418 I AT      : [0] AT> AT+ETHERMAL (RIL_CMD_READER_1 tid:520943541488)
06-13 05:47:48.807111  1399  1417 I AT      : [0] AT< +ETHERMAL: 2, 32767, -127, 111, 32767, 4046 (RIL_CMD_READER_1, tid:520944577776)
06-13 05:47:48.807274  1399  1417 I AT      : [0] AT< OK (RIL_CMD_READER_1, tid:520944577776)
06-13 05:47:48.807516  1399  1418 I RmcOemHandler: requestQueryThermal success
06-13 05:49:36.384280  1292  1372 E RILMUXD : 3275:thread_serial_device_read(): Interrupt signal EINTR caught
06-13 05:49:36.386181  1399  1416 E RmcOemUrcHandler: rfCableStatusReaderLoop: count:-1 < 0
06-13 05:49:37.005998  1292  1372 E RILMUXD : 3275:thread_serial_device_read(): Interrupt signal EINTR caught
06-13 05:49:37.007354  1399  1416 E RmcOemUrcHandler: rfCableStatusReaderLoop: count:-1 < 0
06-13 05:49:37.420145  1292  1372 E RILMUXD : 3275:thread_serial_device_read(): Interrupt signal EINTR caught
06-13 05:49:37.422032  1399  1416 E RmcOemUrcHandler: rfCableStatusReaderLoop: count:-1 < 0
06-13 05:51:38.715719  1292  1372 E RILMUXD : 3275:thread_serial_device_read(): Interrupt signal EINTR caught
06-13 05:51:38.717508  1399  1416 E RmcOemUrcHandler: rfCableStatusReaderLoop: count:-1 < 0
06-13 05:51:39.117858  1292  1372 E RILMUXD : 3275:thread_serial_device_read(): Interrupt signal EINTR caught
06-13 05:51:39.119686  1399  1416 E RmcOemUrcHandler: rfCableStatusReaderLoop: count:-1 < 0
06-13 05:51:39.572297  1292  1372 E RILMUXD : 3275:thread_serial_device_read(): Interrupt signal EINTR caught
06-13 05:51:39.574184  1399  1416 E RmcOemUrcHandler: rfCableStatusReaderLoop: count:-1 < 0
06-13 05:52:44.383240  1292  1372 E RILMUXD : 3275:thread_serial_device_read(): Interrupt signal EINTR caught
06-13 05:52:44.385330  1399  1416 E RmcOemUrcHandler: rfCableStatusReaderLoop: count:-1 < 0
06-13 06:00:01.386291  1292  1372 E RILMUXD : 3275:thread_serial_device_read(): Interrupt signal EINTR caught
06-13 06:00:01.387949  1399  1416 E RmcOemUrcHandler: rfCableStatusReaderLoop: count:-1 < 0
06-13 06:00:01.458717  1399  1404 I RfxMclMessenger: RFX_MSG_REQUEST_GET_ACTIVITY_INFO(55518) dispatchs to main protocol: 0
06-13 06:00:01.459202  1399  1418 I AT      : [0] AT> AT+ERFTX=11 (RIL_CMD_READER_1 tid:520943541488)
06-13 06:00:01.487205  1399  1417 I AT      : [0] AT< +ERFTX: 11,5,0,0,0,0,0,7966,3343199,256621 (RIL_CMD_READER_1, tid:520944577776)
06-13 06:00:01.487321  1399  1417 I AT      : [0] AT< OK (RIL_CMD_READER_1, tid:520944577776)
06-13 06:00:01.623574  1399  1404 I RfxMclMessenger: RFX_MSG_REQUEST_GET_ACTIVITY_INFO(55518) dispatchs to main protocol: 0
06-13 06:00:01.623979  1399  1418 I AT      : [0] AT> AT+ERFTX=11 (RIL_CMD_READER_1 tid:520943541488)
06-13 06:00:01.647145  1399  1417 I AT      : [0] AT< +ERFTX: 11,5,0,0,0,0,0,0,135,25 (RIL_CMD_READER_1, tid:520944577776)
06-13 06:00:01.647229  1399  1417 I AT      : [0] AT< OK (RIL_CMD_READER_1, tid:520944577776)
06-13 06:01:41.383366  1292  1372 E RILMUXD : 3275:thread_serial_device_read(): Interrupt signal EINTR caught
06-13 06:01:41.384653  1399  1416 E RmcOemUrcHandler: rfCableStatusReaderLoop: count:-1 < 0
06-13 06:01:41.518492  1399  1468 I RilClient: initialize: commandFd is 76
06-13 06:01:41.519067  1399  1468 I RilClient: start listen on fd: 30, socket name: rild-oem
06-13 06:01:41.520560  1399  1418 I RmcOemHandler: requestQueryThermal Enter: -1
06-13 06:01:41.520679  1399  1418 I AT      : [0] AT> AT+ETHERMAL (RIL_CMD_READER_1 tid:520943541488)
06-13 06:01:41.530252  1399  1417 I AT      : [0] AT< +ETHERMAL: 2, 32767, -127, 111, 32767, 4046 (RIL_CMD_READER_1, tid:520944577776)
06-13 06:01:41.530395  1399  1417 I AT      : [0] AT< OK (RIL_CMD_READER_1, tid:520944577776)
06-13 06:01:41.530775  1399  1418 I RmcOemHandler: requestQueryThermal success
06-13 06:03:23.386315  1292  1372 E RILMUXD : 3275:thread_serial_device_read(): Interrupt signal EINTR caught
06-13 06:03:23.387644  1399  1416 E RmcOemUrcHandler: rfCableStatusReaderLoop: count:-1 < 0
06-13 06:04:37.384464  1292  1372 E RILMUXD : 3275:thread_serial_device_read(): Interrupt signal EINTR caught
06-13 06:04:37.386364  1399  1416 E RmcOemUrcHandler: rfCableStatusReaderLoop: count:-1 < 0
06-13 06:04:37.753342  1292  1372 E RILMUXD : 3275:thread_serial_device_read(): Interrupt signal EINTR caught
06-13 06:04:37.753592  1399  1416 E RmcOemUrcHandler: rfCableStatusReaderLoop: count:-1 < 0
06-13 06:11:41.387021  1292  1372 E RILMUXD : 3275:thread_serial_device_read(): Interrupt signal EINTR caught
06-13 06:11:41.388568  1399  1416 E RmcOemUrcHandler: rfCableStatusReaderLoop: count:-1 < 0
06-13 06:11:41.747087  1292  1372 E RILMUXD : 3275:thread_serial_device_read(): Interrupt signal EINTR caught
06-13 06:11:41.748841  1399  1416 E RmcOemUrcHandler: rfCableStatusReaderLoop: count:-1 < 0
06-13 06:13:00.384687  1292  1372 E RILMUXD : 3275:thread_serial_device_read(): Interrupt signal EINTR caught
06-13 06:13:00.385437  1399  1416 E RmcOemUrcHandler: rfCableStatusReaderLoop: count:-1 < 0
06-13 06:13:05.461756  1399  1468 I RilClient: initialize: commandFd is 91
06-13 06:13:05.462524  1399  1468 I RilClient: start listen on fd: 30, socket name: rild-oem
06-13 06:13:05.463888  1399  1418 I RmcOemHandler: requestQueryThermal Enter: -1
06-13 06:13:05.464053  1399  1418 I AT      : [0] AT> AT+ETHERMAL (RIL_CMD_READER_1 tid:520943541488)
06-13 06:13:05.474168  1399  1417 I AT      : [0] AT< +ETHERMAL: 2, 32767, -127, 111, 32767, 4046 (RIL_CMD_READER_1, tid:520944577776)
06-13 06:13:05.474272  1399  1417 I AT      : [0] AT< OK (RIL_CMD_READER_1, tid:520944577776)
06-13 06:13:05.474494  1399  1418 I RmcOemHandler: requestQueryThermal success
06-13 06:13:15.481603  1399  1468 I RilClient: initialize: commandFd is 76
06-13 06:13:15.482387  1399  1468 I RilClient: start listen on fd: 30, socket name: rild-oem
06-13 06:13:15.483672  1399  1418 I RmcOemHandler: requestQueryThermal Enter: -1
06-13 06:13:15.483835  1399  1418 I AT      : [0] AT> AT+ETHERMAL (RIL_CMD_READER_1 tid:520943541488)
06-13 06:13:15.494268  1399  1417 I AT      : [0] AT< +ETHERMAL: 2, 32767, -127, 111, 32767, 4046 (RIL_CMD_READER_1, tid:520944577776)
06-13 06:13:15.494393  1399  1417 I AT      : [0] AT< OK (RIL_CMD_READER_1, tid:520944577776)
06-13 06:13:15.494658  1399  1418 I RmcOemHandler: requestQueryThermal success
06-13 06:13:21.235317  1953  1953 E CarrierPrivilegesTracker: Unable to find uid for package com.google.android.apps.docs and user 999
06-13 06:13:21.241540  1953  1953 E CarrierPrivilegesTracker: Unable to find uid for package com.google.android.apps.docs and user 999
06-13 06:13:22.609942  1953  2273 E SMSVC   : Invalid sub id -1, callingPackage=com.google.android.apps.messaging
06-13 06:13:22.611036  1953  2273 E SMSVC   : Invalid sub id -1, callingPackage=com.google.android.apps.messaging
06-13 06:13:22.611297  1953  2273 E SMSVC   : Invalid sub id -1, callingPackage=com.google.android.apps.messaging
06-13 06:13:25.510270  1399  1468 I RilClient: initialize: commandFd is 91
06-13 06:13:25.510662  1399  1468 I RilClient: start listen on fd: 30, socket name: rild-oem
06-13 06:13:25.513466  1399  1418 I RmcOemHandler: requestQueryThermal Enter: -1
06-13 06:13:25.513574  1399  1418 I AT      : [0] AT> AT+ETHERMAL (RIL_CMD_READER_1 tid:520943541488)
06-13 06:13:25.526591  1399  1417 I AT      : [0] AT< +ETHERMAL: 2, 32767, -127, 111, 32767, 4046 (RIL_CMD_READER_1, tid:520944577776)
06-13 06:13:25.526696  1399  1417 I AT      : [0] AT< OK (RIL_CMD_READER_1, tid:520944577776)
06-13 06:13:25.526829  1399  1418 I RmcOemHandler: requestQueryThermal success
06-13 06:13:32.593418  1399  1404 I RfxMclMessenger: RFX_MSG_REQUEST_GET_ACTIVITY_INFO(55518) dispatchs to main protocol: 0
06-13 06:13:32.594126  1399  1418 I AT      : [0] AT> AT+ERFTX=11 (RIL_CMD_READER_1 tid:520943541488)
06-13 06:13:32.617356  1399  1417 I AT      : [0] AT< +ERFTX: 11,5,0,0,0,0,0,1705,753287,57683 (RIL_CMD_READER_1, tid:520944577776)
06-13 06:13:32.619073  1399  1417 I AT      : [0] AT< OK (RIL_CMD_READER_1, tid:520944577776)
06-13 06:13:35.535593  1399  1468 I RilClient: initialize: commandFd is 76
06-13 06:13:35.536019  1399  1468 I RilClient: start listen on fd: 30, socket name: rild-oem
06-13 06:13:35.536758  1399  1418 I RmcOemHandler: requestQueryThermal Enter: -1
06-13 06:13:35.536860  1399  1418 I AT      : [0] AT> AT+ETHERMAL (RIL_CMD_READER_1 tid:520943541488)
06-13 06:13:35.546765  1399  1417 I AT      : [0] AT< +ETHERMAL: 2, 32767, -127, 111, 32767, 4046 (RIL_CMD_READER_1, tid:520944577776)
06-13 06:13:35.546863  1399  1417 I AT      : [0] AT< OK (RIL_CMD_READER_1, tid:520944577776)
06-13 06:13:35.546989  1399  1418 I RmcOemHandler: requestQueryThermal success
06-13 06:13:51.381385  1399  1416 E RmcOemUrcHandler: rfCableStatusReaderLoop: count:-1 < 0
06-13 06:13:51.382590  1399  1468 I RilClient: initialize: commandFd is 91
06-13 06:13:51.382641  1292  1372 E RILMUXD : 3275:thread_serial_device_read(): Interrupt signal EINTR caught
06-13 06:13:51.383067  1399  1468 I RilClient: start listen on fd: 30, socket name: rild-oem
06-13 06:13:51.385727  1399  1418 I RmcOemHandler: requestQueryThermal Enter: -1
06-13 06:13:51.385891  1399  1418 I AT      : [0] AT> AT+ETHERMAL (RIL_CMD_READER_1 tid:520943541488)
06-13 06:13:51.398624  1399  1417 I AT      : [0] AT< +ETHERMAL: 2, 32767, -127, 111, 32767, 4046 (RIL_CMD_READER_1, tid:520944577776)
06-13 06:13:51.398706  1399  1417 I AT      : [0] AT< OK (RIL_CMD_READER_1, tid:520944577776)
06-13 06:13:51.398850  1399  1418 I RmcOemHandler: requestQueryThermal success
06-13 06:14:25.662258  1292  1372 E RILMUXD : 3275:thread_serial_device_read(): Interrupt signal EINTR caught
06-13 06:14:25.663586  1399  1416 E RmcOemUrcHandler: rfCableStatusReaderLoop: count:-1 < 0
06-13 06:17:02.028292  1292  1372 E RILMUXD : 3275:thread_serial_device_read(): Interrupt signal EINTR caught
06-13 06:17:02.029846  1399  1416 E RmcOemUrcHandler: rfCableStatusReaderLoop: count:-1 < 0
06-13 06:17:05.815581  1292  1372 E RILMUXD : 3275:thread_serial_device_read(): Interrupt signal EINTR caught
06-13 06:17:05.816668  1399  1416 E RmcOemUrcHandler: rfCableStatusReaderLoop: count:-1 < 0
06-13 06:17:11.040011  1292  1372 E RILMUXD : 3275:thread_serial_device_read(): Interrupt signal EINTR caught
06-13 06:17:11.041154  1399  1416 E RmcOemUrcHandler: rfCableStatusReaderLoop: count:-1 < 0
06-13 06:17:20.357316  1292  1372 E RILMUXD : 3275:thread_serial_device_read(): Interrupt signal EINTR caught
06-13 06:17:20.358610  1399  1416 E RmcOemUrcHandler: rfCableStatusReaderLoop: count:-1 < 0
06-13 06:17:21.036860  1292  1372 E RILMUXD : 3275:thread_serial_device_read(): Interrupt signal EINTR caught
06-13 06:17:21.038118  1399  1416 E RmcOemUrcHandler: rfCableStatusReaderLoop: count:-1 < 0
06-13 06:17:21.712636  1292  1372 E RILMUXD : 3275:thread_serial_device_read(): Interrupt signal EINTR caught
06-13 06:17:21.714396  1399  1416 E RmcOemUrcHandler: rfCableStatusReaderLoop: count:-1 < 0
06-13 06:17:23.123179  1292  1372 E RILMUXD : 3275:thread_serial_device_read(): Interrupt signal EINTR caught
06-13 06:17:23.124404  1399  1416 E RmcOemUrcHandler: rfCableStatusReaderLoop: count:-1 < 0
06-13 06:17:23.790868  1292  1372 E RILMUXD : 3275:thread_serial_device_read(): Interrupt signal EINTR caught
06-13 06:17:23.792742  1399  1416 E RmcOemUrcHandler: rfCableStatusReaderLoop: count:-1 < 0
06-13 06:17:25.254302  1292  1372 E RILMUXD : 3275:thread_serial_device_read(): Interrupt signal EINTR caught
06-13 06:17:25.255571  1399  1416 E RmcOemUrcHandler: rfCableStatusReaderLoop: count:-1 < 0
06-13 06:17:25.983401  1292  1372 E RILMUXD : 3275:thread_serial_device_read(): Interrupt signal EINTR caught
06-13 06:17:25.984726  1399  1416 E RmcOemUrcHandler: rfCableStatusReaderLoop: count:-1 < 0
06-13 06:17:26.403256  1292  1372 E RILMUXD : 3275:thread_serial_device_read(): Interrupt signal EINTR caught
06-13 06:17:26.404419  1399  1416 E RmcOemUrcHandler: rfCableStatusReaderLoop: count:-1 < 0
06-13 06:17:27.119301  1292  1372 E RILMUXD : 3275:thread_serial_device_read(): Interrupt signal EINTR caught
06-13 06:17:27.119849  1399  1416 E RmcOemUrcHandler: rfCableStatusReaderLoop: count:-1 < 0
06-13 06:17:28.039160  1292  1372 E RILMUXD : 3275:thread_serial_device_read(): Interrupt signal EINTR caught
06-13 06:17:28.039977  1399  1416 E RmcOemUrcHandler: rfCableStatusReaderLoop: count:-1 < 0
06-13 06:17:30.803792  1292  1372 E RILMUXD : 3275:thread_serial_device_read(): Interrupt signal EINTR caught
06-13 06:17:30.805171  1399  1416 E RmcOemUrcHandler: rfCableStatusReaderLoop: count:-1 < 0
06-13 06:17:31.333202  1399  1468 I RilClient: initialize: commandFd is 103
06-13 06:17:31.333806  1399  1468 I RilClient: start listen on fd: 30, socket name: rild-oem
06-13 06:17:31.335092  1399  1418 I RmcOemHandler: requestQueryThermal Enter: -1
06-13 06:17:31.335257  1399  1418 I AT      : [0] AT> AT+ETHERMAL (RIL_CMD_READER_1 tid:520943541488)
06-13 06:17:31.345855  1399  1417 I AT      : [0] AT< +ETHERMAL: 2, 32767, -127, 111, 32767, 4046 (RIL_CMD_READER_1, tid:520944577776)
06-13 06:17:31.346019  1399  1417 I AT      : [0] AT< OK (RIL_CMD_READER_1, tid:520944577776)
06-13 06:17:31.346344  1399  1418 I RmcOemHandler: requestQueryThermal success
06-13 06:17:32.219752  1292  1372 E RILMUXD : 3275:thread_serial_device_read(): Interrupt signal EINTR caught
06-13 06:17:32.221564  1399  1416 E RmcOemUrcHandler: rfCableStatusReaderLoop: count:-1 < 0
06-13 06:17:35.515624  1399  1416 E RmcOemUrcHandler: rfCableStatusReaderLoop: count:-1 < 0
06-13 06:17:35.522960  1292  1372 E RILMUXD : 3275:thread_serial_device_read(): Interrupt signal EINTR caught
06-13 06:17:35.721564  1953  2343 E SMSVC   : Invalid sub id -1, callingPackage=com.google.android.apps.messaging
06-13 06:17:35.722836  1953  2343 E SMSVC   : Invalid sub id -1, callingPackage=com.google.android.apps.messaging
06-13 06:17:35.723048  1953  2343 E SMSVC   : Invalid sub id -1, callingPackage=com.google.android.apps.messaging
06-13 06:17:36.445978  1292  1372 E RILMUXD : 3275:thread_serial_device_read(): Interrupt signal EINTR caught
06-13 06:17:36.447397  1399  1416 E RmcOemUrcHandler: rfCableStatusReaderLoop: count:-1 < 0
06-13 06:17:38.586098  1292  1372 E RILMUXD : 3275:thread_serial_device_read(): Interrupt signal EINTR caught
06-13 06:17:38.587550  1399  1416 E RmcOemUrcHandler: rfCableStatusReaderLoop: count:-1 < 0
06-13 06:17:39.508382  1292  1372 E RILMUXD : 3275:thread_serial_device_read(): Interrupt signal EINTR caught
06-13 06:17:39.509749  1399  1416 E RmcOemUrcHandler: rfCableStatusReaderLoop: count:-1 < 0
06-13 06:17:44.724014  1292  1372 E RILMUXD : 3275:thread_serial_device_read(): Interrupt signal EINTR caught
06-13 06:17:44.725385  1399  1416 E RmcOemUrcHandler: rfCableStatusReaderLoop: count:-1 < 0
06-13 06:17:49.749360  1292  1372 E RILMUXD : 3275:thread_serial_device_read(): Interrupt signal EINTR caught
06-13 06:17:49.750170  1399  1416 E RmcOemUrcHandler: rfCableStatusReaderLoop: count:-1 < 0
06-13 06:17:53.435071  1292  1372 E RILMUXD : 3275:thread_serial_device_read(): Interrupt signal EINTR caught
06-13 06:17:53.435822  1399  1416 E RmcOemUrcHandler: rfCableStatusReaderLoop: count:-1 < 0
06-13 06:17:53.972106  1292  1372 E RILMUXD : 3275:thread_serial_device_read(): Interrupt signal EINTR caught
06-13 06:17:53.973890  1399  1416 E RmcOemUrcHandler: rfCableStatusReaderLoop: count:-1 < 0
06-13 06:18:18.010830  1292  1372 E RILMUXD : 3275:thread_serial_device_read(): Interrupt signal EINTR caught
06-13 06:18:18.013313  1399  1416 E RmcOemUrcHandler: rfCableStatusReaderLoop: count:-1 < 0
06-13 06:18:23.224424  1292  1372 E RILMUXD : 3275:thread_serial_device_read(): Interrupt signal EINTR caught
06-13 06:18:23.225870  1399  1416 E RmcOemUrcHandler: rfCableStatusReaderLoop: count:-1 < 0
06-13 06:19:38.371486  1292  1372 E RILMUXD : 3275:thread_serial_device_read(): Interrupt signal EINTR caught
06-13 06:19:38.372928  1399  1416 E RmcOemUrcHandler: rfCableStatusReaderLoop: count:-1 < 0
06-13 06:19:38.898288  1292  1372 E RILMUXD : 3275:thread_serial_device_read(): Interrupt signal EINTR caught
06-13 06:19:38.899956  1399  1416 E RmcOemUrcHandler: rfCableStatusReaderLoop: count:-1 < 0
06-13 06:19:39.754158  1399  1416 E RmcOemUrcHandler: rfCableStatusReaderLoop: count:-1 < 0
06-13 06:19:39.754190  1292  1372 E RILMUXD : 3275:thread_serial_device_read(): Interrupt signal EINTR caught
06-13 06:21:41.376933  1292  1372 E RILMUXD : 3275:thread_serial_device_read(): Interrupt signal EINTR caught
06-13 06:21:41.378023  1399  1416 E RmcOemUrcHandler: rfCableStatusReaderLoop: count:-1 < 0
06-13 06:21:41.791023  1292  1372 E RILMUXD : 3275:thread_serial_device_read(): Interrupt signal EINTR caught
06-13 06:21:41.792815  1399  1416 E RmcOemUrcHandler: rfCableStatusReaderLoop: count:-1 < 0
06-13 06:22:36.265782  1292  1372 E RILMUXD : 3275:thread_serial_device_read(): Interrupt signal EINTR caught
06-13 06:22:36.266801  1399  1416 E RmcOemUrcHandler: rfCableStatusReaderLoop: count:-1 < 0
06-13 06:22:36.267736  1399  1468 I RilClient: initialize: commandFd is 76
06-13 06:22:36.268360  1399  1468 I RilClient: start listen on fd: 30, socket name: rild-oem
06-13 06:22:36.269654  1399  1418 I RmcOemHandler: requestQueryThermal Enter: -1
06-13 06:22:36.269756  1399  1418 I AT      : [0] AT> AT+ETHERMAL (RIL_CMD_READER_1 tid:520943541488)
06-13 06:22:36.279003  1399  1417 I AT      : [0] AT< +ETHERMAL: 2, 32767, -127, 111, 32767, 4046 (RIL_CMD_READER_1, tid:520944577776)
06-13 06:22:36.279121  1399  1417 I AT      : [0] AT< OK (RIL_CMD_READER_1, tid:520944577776)
06-13 06:22:36.279365  1399  1418 I RmcOemHandler: requestQueryThermal success
06-13 06:24:38.380450  1292  1372 E RILMUXD : 3275:thread_serial_device_read(): Interrupt signal EINTR caught
06-13 06:24:38.381673  1399  1416 E RmcOemUrcHandler: rfCableStatusReaderLoop: count:-1 < 0
06-13 06:31:41.380645  1292  1372 E RILMUXD : 3275:thread_serial_device_read(): Interrupt signal EINTR caught
06-13 06:31:41.381723  1399  1416 E RmcOemUrcHandler: rfCableStatusReaderLoop: count:-1 < 0
06-13 06:34:39.379340  1292  1372 E RILMUXD : 3275:thread_serial_device_read(): Interrupt signal EINTR caught
06-13 06:34:39.383244  1399  1416 E RmcOemUrcHandler: rfCableStatusReaderLoop: count:-1 < 0
06-13 06:34:39.965893  1292  1372 E RILMUXD : 3275:thread_serial_device_read(): Interrupt signal EINTR caught
06-13 06:34:39.967106  1399  1416 E RmcOemUrcHandler: rfCableStatusReaderLoop: count:-1 < 0
06-13 06:34:40.384094  1292  1372 E RILMUXD : 3275:thread_serial_device_read(): Interrupt signal EINTR caught
06-13 06:34:40.385203  1399  1416 E RmcOemUrcHandler: rfCableStatusReaderLoop: count:-1 < 0
06-13 06:34:41.791462  1399  1416 E RmcOemUrcHandler: rfCableStatusReaderLoop: count:-1 < 0
06-13 06:34:41.795716  1292  1372 E RILMUXD : 3275:thread_serial_device_read(): Interrupt signal EINTR caught
06-13 06:35:39.379681  1292  1372 E RILMUXD : 3275:thread_serial_device_read(): Interrupt signal EINTR caught
06-13 06:35:39.382012  1399  1416 E RmcOemUrcHandler: rfCableStatusReaderLoop: count:-1 < 0
06-13 06:38:41.858802  1292  1372 E RILMUXD : 3275:thread_serial_device_read(): Interrupt signal EINTR caught
06-13 06:38:41.859638  1399  1416 E RmcOemUrcHandler: rfCableStatusReaderLoop: count:-1 < 0
06-13 06:41:41.382136  1292  1372 E RILMUXD : 3275:thread_serial_device_read(): Interrupt signal EINTR caught
06-13 06:41:41.383888  1399  1416 E RmcOemUrcHandler: rfCableStatusReaderLoop: count:-1 < 0
06-13 06:46:56.608515  1292  1372 E RILMUXD : 3275:thread_serial_device_read(): Interrupt signal EINTR caught
06-13 06:46:56.611156  1399  1416 E RmcOemUrcHandler: rfCableStatusReaderLoop: count:-1 < 0
06-13 06:47:48.233247  1292  1372 E RILMUXD : 3275:thread_serial_device_read(): Interrupt signal EINTR caught
06-13 06:47:48.234535  1399  1416 E RmcOemUrcHandler: rfCableStatusReaderLoop: count:-1 < 0
06-13 06:48:00.795731  1292  1372 E RILMUXD : 3275:thread_serial_device_read(): Interrupt signal EINTR caught
06-13 06:48:00.796940  1399  1416 E RmcOemUrcHandler: rfCableStatusReaderLoop: count:-1 < 0
06-13 06:49:40.380474  1292  1372 E RILMUXD : 3275:thread_serial_device_read(): Interrupt signal EINTR caught
06-13 06:49:40.381854  1399  1416 E RmcOemUrcHandler: rfCableStatusReaderLoop: count:-1 < 0
06-13 06:49:40.655384  1292  1372 E RILMUXD : 3275:thread_serial_device_read(): Interrupt signal EINTR caught
06-13 06:49:40.656574  1399  1416 E RmcOemUrcHandler: rfCableStatusReaderLoop: count:-1 < 0
06-13 06:49:40.990699  1292  1372 E RILMUXD : 3275:thread_serial_device_read(): Interrupt signal EINTR caught
06-13 06:49:40.991669  1399  1416 E RmcOemUrcHandler: rfCableStatusReaderLoop: count:-1 < 0
06-13 06:49:45.677574  1292  1372 E RILMUXD : 3275:thread_serial_device_read(): Interrupt signal EINTR caught
06-13 06:49:45.678636  1399  1416 E RmcOemUrcHandler: rfCableStatusReaderLoop: count:-1 < 0
06-13 06:50:38.102484  1292  1372 E RILMUXD : 3275:thread_serial_device_read(): Interrupt signal EINTR caught
06-13 06:50:38.103911  1399  1416 E RmcOemUrcHandler: rfCableStatusReaderLoop: count:-1 < 0
06-13 06:51:41.380386  1292  1372 E RILMUXD : 3275:thread_serial_device_read(): Interrupt signal EINTR caught
06-13 06:51:41.382191  1399  1416 E RmcOemUrcHandler: rfCableStatusReaderLoop: count:-1 < 0
06-13 06:56:54.381431  1292  1372 E RILMUXD : 3275:thread_serial_device_read(): Interrupt signal EINTR caught
06-13 06:56:54.382823  1399  1416 E RmcOemUrcHandler: rfCableStatusReaderLoop: count:-1 < 0
06-13 06:56:54.383849  1399  1468 I RilClient: initialize: commandFd is 91
06-13 06:56:54.384433  1399  1468 I RilClient: start listen on fd: 30, socket name: rild-oem
06-13 06:56:54.385872  1399  1418 I RmcOemHandler: requestQueryThermal Enter: -1
06-13 06:56:54.385999  1399  1418 I AT      : [0] AT> AT+ETHERMAL (RIL_CMD_READER_1 tid:520943541488)
06-13 06:56:54.398943  1399  1417 I AT      : [0] AT< +ETHERMAL: 2, 32767, -127, 111, 32767, 4046 (RIL_CMD_READER_1, tid:520944577776)
06-13 06:56:54.399046  1399  1417 I AT      : [0] AT< OK (RIL_CMD_READER_1, tid:520944577776)
06-13 06:56:54.399609  1399  1418 I RmcOemHandler: requestQueryThermal success
06-13 07:00:00.380991  1292  1372 E RILMUXD : 3275:thread_serial_device_read(): Interrupt signal EINTR caught
06-13 07:00:00.382235  1399  1416 E RmcOemUrcHandler: rfCableStatusReaderLoop: count:-1 < 0
06-13 07:00:00.482532  1399  1404 I RfxMclMessenger: RFX_MSG_REQUEST_GET_ACTIVITY_INFO(55518) dispatchs to main protocol: 0
06-13 07:00:00.483000  1399  1418 I AT      : [0] AT> AT+ERFTX=11 (RIL_CMD_READER_1 tid:520943541488)
06-13 07:00:00.508252  1399  1417 I AT      : [0] AT< +ERFTX: 11,5,0,0,0,0,0,5853,2590168,197723 (RIL_CMD_READER_1, tid:520944577776)
06-13 07:00:00.508368  1399  1417 I AT      : [0] AT< OK (RIL_CMD_READER_1, tid:520944577776)
06-13 07:00:06.408158  1292  1372 E RILMUXD : 3275:thread_serial_device_read(): Interrupt signal EINTR caught
06-13 07:00:06.409467  1399  1416 E RmcOemUrcHandler: rfCableStatusReaderLoop: count:-1 < 0
06-13 07:00:06.671517  1292  1372 E RILMUXD : 3275:thread_serial_device_read(): Interrupt signal EINTR caught
06-13 07:00:06.672253  1399  1416 E RmcOemUrcHandler: rfCableStatusReaderLoop: count:-1 < 0
06-13 07:01:41.383120  1292  1372 E RILMUXD : 3275:thread_serial_device_read(): Interrupt signal EINTR caught
06-13 07:01:41.383454  1399  1416 E RmcOemUrcHandler: rfCableStatusReaderLoop: count:-1 < 0
06-13 07:04:41.382423  1292  1372 E RILMUXD : 3275:thread_serial_device_read(): Interrupt signal EINTR caught
06-13 07:04:41.382717  1399  1416 E RmcOemUrcHandler: rfCableStatusReaderLoop: count:-1 < 0
06-13 07:04:41.760336  1292  1372 E RILMUXD : 3275:thread_serial_device_read(): Interrupt signal EINTR caught
06-13 07:04:41.761284  1399  1416 E RmcOemUrcHandler: rfCableStatusReaderLoop: count:-1 < 0
06-13 07:06:03.382391  1292  1372 E RILMUXD : 3275:thread_serial_device_read(): Interrupt signal EINTR caught
06-13 07:06:03.383768  1399  1416 E RmcOemUrcHandler: rfCableStatusReaderLoop: count:-1 < 0
06-13 07:06:51.732978  1292  1372 E RILMUXD : 3275:thread_serial_device_read(): Interrupt signal EINTR caught
06-13 07:06:51.734479  1399  1416 E RmcOemUrcHandler: rfCableStatusReaderLoop: count:-1 < 0
06-13 07:08:11.915965  1292  1372 E RILMUXD : 3275:thread_serial_device_read(): Interrupt signal EINTR caught
06-13 07:08:11.917062  1399  1416 E RmcOemUrcHandler: rfCableStatusReaderLoop: count:-1 < 0
06-13 07:11:41.384343  1292  1372 E RILMUXD : 3275:thread_serial_device_read(): Interrupt signal EINTR caught
06-13 07:11:41.385912  1399  1416 E RmcOemUrcHandler: rfCableStatusReaderLoop: count:-1 < 0
06-13 07:13:50.368998  1292  1372 E RILMUXD : 3275:thread_serial_device_read(): Interrupt signal EINTR caught
06-13 07:13:50.370276  1399  1416 E RmcOemUrcHandler: rfCableStatusReaderLoop: count:-1 < 0
06-13 07:17:09.364025  1292  1372 E RILMUXD : 3275:thread_serial_device_read(): Interrupt signal EINTR caught
06-13 07:17:09.365344  1399  1416 E RmcOemUrcHandler: rfCableStatusReaderLoop: count:-1 < 0
06-13 07:17:09.698952  1292  1372 E RILMUXD : 3275:thread_serial_device_read(): Interrupt signal EINTR caught
06-13 07:17:09.700498  1399  1416 E RmcOemUrcHandler: rfCableStatusReaderLoop: count:-1 < 0
06-13 07:19:42.383630  1399  1416 E RmcOemUrcHandler: rfCableStatusReaderLoop: count:-1 < 0
06-13 07:19:42.385943  1292  1372 E RILMUXD : 3275:thread_serial_device_read(): Interrupt signal EINTR caught
06-13 07:21:41.383745  1292  1372 E RILMUXD : 3275:thread_serial_device_read(): Interrupt signal EINTR caught
06-13 07:21:41.385597  1399  1416 E RmcOemUrcHandler: rfCableStatusReaderLoop: count:-1 < 0
06-13 07:21:55.628387  1292  1372 E RILMUXD : 3275:thread_serial_device_read(): Interrupt signal EINTR caught
06-13 07:21:55.636169  1399  1416 E RmcOemUrcHandler: rfCableStatusReaderLoop: count:-1 < 0
06-13 07:24:49.031069  1292  1372 E RILMUXD : 3275:thread_serial_device_read(): Interrupt signal EINTR caught
06-13 07:24:49.032273  1399  1416 E RmcOemUrcHandler: rfCableStatusReaderLoop: count:-1 < 0
06-13 07:24:49.415078  1292  1372 E RILMUXD : 3275:thread_serial_device_read(): Interrupt signal EINTR caught
06-13 07:24:49.416905  1399  1416 E RmcOemUrcHandler: rfCableStatusReaderLoop: count:-1 < 0
06-13 07:24:49.423389  1399  1468 I RilClient: initialize: commandFd is 103
06-13 07:24:49.425857  1399  1468 I RilClient: start listen on fd: 30, socket name: rild-oem
06-13 07:24:49.426969  1399  1418 I RmcOemHandler: requestQueryThermal Enter: -1
06-13 07:24:49.427142  1399  1418 I AT      : [0] AT> AT+ETHERMAL (RIL_CMD_READER_1 tid:520943541488)
06-13 07:24:49.436479  1399  1417 I AT      : [0] AT< +ETHERMAL: 2, 32767, -127, 111, 32767, 4046 (RIL_CMD_READER_1, tid:520944577776)
06-13 07:24:49.436640  1399  1417 I AT      : [0] AT< OK (RIL_CMD_READER_1, tid:520944577776)
06-13 07:24:49.436887  1399  1418 I RmcOemHandler: requestQueryThermal success
06-13 07:24:52.110114  1292  1372 E RILMUXD : 3275:thread_serial_device_read(): Interrupt signal EINTR caught
06-13 07:24:52.111297  1399  1416 E RmcOemUrcHandler: rfCableStatusReaderLoop: count:-1 < 0
06-13 07:25:06.204429  1292  1372 E RILMUXD : 3275:thread_serial_device_read(): Interrupt signal EINTR caught
06-13 07:25:06.204986  1399  1416 E RmcOemUrcHandler: rfCableStatusReaderLoop: count:-1 < 0
06-13 07:25:07.118513  1292  1372 E RILMUXD : 3275:thread_serial_device_read(): Interrupt signal EINTR caught
06-13 07:25:07.120299  1399  1416 E RmcOemUrcHandler: rfCableStatusReaderLoop: count:-1 < 0
06-13 07:25:07.371356  1292  1372 E RILMUXD : 3275:thread_serial_device_read(): Interrupt signal EINTR caught
06-13 07:25:07.372631  1399  1416 E RmcOemUrcHandler: rfCableStatusReaderLoop: count:-1 < 0
06-13 07:25:07.711891  1292  1372 E RILMUXD : 3275:thread_serial_device_read(): Interrupt signal EINTR caught
06-13 07:25:07.713740  1399  1416 E RmcOemUrcHandler: rfCableStatusReaderLoop: count:-1 < 0
06-13 07:25:20.751777  1292  1372 E RILMUXD : 3275:thread_serial_device_read(): Interrupt signal EINTR caught
06-13 07:25:20.753497  1399  1416 E RmcOemUrcHandler: rfCableStatusReaderLoop: count:-1 < 0
06-13 07:25:21.402177  1292  1372 E RILMUXD : 3275:thread_serial_device_read(): Interrupt signal EINTR caught
06-13 07:25:21.403408  1399  1416 E RmcOemUrcHandler: rfCableStatusReaderLoop: count:-1 < 0
06-13 07:25:24.422388  1292  1372 E RILMUXD : 3275:thread_serial_device_read(): Interrupt signal EINTR caught
06-13 07:25:24.423710  1399  1416 E RmcOemUrcHandler: rfCableStatusReaderLoop: count:-1 < 0
06-13 07:25:25.988980  1292  1372 E RILMUXD : 3275:thread_serial_device_read(): Interrupt signal EINTR caught
06-13 07:25:25.990340  1399  1416 E RmcOemUrcHandler: rfCableStatusReaderLoop: count:-1 < 0
06-13 07:25:26.447769  1292  1372 E RILMUXD : 3275:thread_serial_device_read(): Interrupt signal EINTR caught
06-13 07:25:26.449466  1399  1416 E RmcOemUrcHandler: rfCableStatusReaderLoop: count:-1 < 0
06-13 07:25:27.113624  1292  1372 E RILMUXD : 3275:thread_serial_device_read(): Interrupt signal EINTR caught
06-13 07:25:27.115241  1399  1416 E RmcOemUrcHandler: rfCableStatusReaderLoop: count:-1 < 0
06-13 07:25:28.616934  1292  1372 E RILMUXD : 3275:thread_serial_device_read(): Interrupt signal EINTR caught
06-13 07:25:28.618618  1399  1416 E RmcOemUrcHandler: rfCableStatusReaderLoop: count:-1 < 0
06-13 07:25:28.859452  1292  1372 E RILMUXD : 3275:thread_serial_device_read(): Interrupt signal EINTR caught
06-13 07:25:28.861188  1399  1416 E RmcOemUrcHandler: rfCableStatusReaderLoop: count:-1 < 0
