06-13 07:44:12.949972  1399  1418 I AT      : [0] AT> AT+ETHERMAL (RIL_CMD_READER_1 tid:520943541488)
06-13 07:44:12.960405  1399  1417 I AT      : [0] AT< +ETHERMAL: 2, 32767, -127, 111, 32767, 4046 (RIL_CMD_READER_1, tid:520944577776)
06-13 07:44:12.960936  1399  1417 I AT      : [0] AT< OK (RIL_CMD_READER_1, tid:520944577776)
06-13 07:44:12.961206  1399  1418 I RmcOemHandler: requestQueryThermal success
06-13 07:44:13.103188  1292  1372 E RILMUXD : 3275:thread_serial_device_read(): Interrupt signal EINTR caught
06-13 07:44:13.104949  1399  1416 E RmcOemUrcHandler: rfCableStatusReaderLoop: count:-1 < 0
06-13 07:44:23.122349  1292  1372 E RILMUXD : 3275:thread_serial_device_read(): Interrupt signal EINTR caught
06-13 07:44:23.124532  1399  1416 E RmcOemUrcHandler: rfCableStatusReaderLoop: count:-1 < 0
06-13 07:44:26.853653  1292  1372 E RILMUXD : 3275:thread_serial_device_read(): Interrupt signal EINTR caught
06-13 07:44:26.855049  1399  1416 E RmcOemUrcHandler: rfCableStatusReaderLoop: count:-1 < 0
06-13 07:44:27.835452  1292  1372 E RILMUXD : 3275:thread_serial_device_read(): Interrupt signal EINTR caught
06-13 07:44:27.836913  1399  1416 E RmcOemUrcHandler: rfCableStatusReaderLoop: count:-1 < 0
06-13 07:44:32.749939  1292  1372 E RILMUXD : 3275:thread_serial_device_read(): Interrupt signal EINTR caught
06-13 07:44:32.751374  1399  1416 E RmcOemUrcHandler: rfCableStatusReaderLoop: count:-1 < 0
06-13 07:44:38.587473  1292  1372 E RILMUXD : 3275:thread_serial_device_read(): Interrupt signal EINTR caught
06-13 07:44:38.587982  1399  1416 E RmcOemUrcHandler: rfCableStatusReaderLoop: count:-1 < 0
06-13 07:45:02.964420  1292  1372 E RILMUXD : 3275:thread_serial_device_read(): Interrupt signal EINTR caught
06-13 07:45:02.965516  1399  1416 E RmcOemUrcHandler: rfCableStatusReaderLoop: count:-1 < 0
06-13 07:45:12.796361  1292  1372 E RILMUXD : 3275:thread_serial_device_read(): Interrupt signal EINTR caught
06-13 07:45:12.797601  1399  1416 E RmcOemUrcHandler: rfCableStatusReaderLoop: count:-1 < 0
06-13 07:45:13.711908  1292  1372 E RILMUXD : 3275:thread_serial_device_read(): Interrupt signal EINTR caught
06-13 07:45:13.713139  1399  1416 E RmcOemUrcHandler: rfCableStatusReaderLoop: count:-1 < 0
06-13 07:45:19.545961  1292  1372 E RILMUXD : 3275:thread_serial_device_read(): Interrupt signal EINTR caught
06-13 07:45:19.547623  1399  1416 E RmcOemUrcHandler: rfCableStatusReaderLoop: count:-1 < 0
06-13 07:45:23.540130  1292  1372 E RILMUXD : 3275:thread_serial_device_read(): Interrupt signal EINTR caught
06-13 07:45:23.541411  1399  1416 E RmcOemUrcHandler: rfCableStatusReaderLoop: count:-1 < 0
06-13 07:45:24.462695  1292  1372 E RILMUXD : 3275:thread_serial_device_read(): Interrupt signal EINTR caught
06-13 07:45:24.463974  1399  1416 E RmcOemUrcHandler: rfCableStatusReaderLoop: count:-1 < 0
06-13 07:45:29.375778  1292  1372 E RILMUXD : 3275:thread_serial_device_read(): Interrupt signal EINTR caught
06-13 07:45:29.376953  1399  1416 E RmcOemUrcHandler: rfCableStatusReaderLoop: count:-1 < 0
06-13 07:45:30.287503  1292  1372 E RILMUXD : 3275:thread_serial_device_read(): Interrupt signal EINTR caught
06-13 07:45:30.288811  1399  1416 E RmcOemUrcHandler: rfCableStatusReaderLoop: count:-1 < 0
06-13 07:45:31.533645  1292  1372 E RILMUXD : 3275:thread_serial_device_read(): Interrupt signal EINTR caught
06-13 07:45:31.534907  1399  1416 E RmcOemUrcHandler: rfCableStatusReaderLoop: count:-1 < 0
06-13 07:45:34.291604  1292  1372 E RILMUXD : 3275:thread_serial_device_read(): Interrupt signal EINTR caught
06-13 07:45:34.292800  1399  1416 E RmcOemUrcHandler: rfCableStatusReaderLoop: count:-1 < 0
06-13 07:45:47.202456  1292  1372 E RILMUXD : 3275:thread_serial_device_read(): Interrupt signal EINTR caught
06-13 07:45:47.203777  1399  1416 E RmcOemUrcHandler: rfCableStatusReaderLoop: count:-1 < 0
06-13 07:45:48.120571  1292  1372 E RILMUXD : 3275:thread_serial_device_read(): Interrupt signal EINTR caught
06-13 07:45:48.122446  1399  1416 E RmcOemUrcHandler: rfCableStatusReaderLoop: count:-1 < 0
06-13 07:45:55.198367  1292  1372 E RILMUXD : 3275:thread_serial_device_read(): Interrupt signal EINTR caught
06-13 07:45:55.199750  1399  1416 E RmcOemUrcHandler: rfCableStatusReaderLoop: count:-1 < 0
06-13 07:46:03.782683  1292  1372 E RILMUXD : 3275:thread_serial_device_read(): Interrupt signal EINTR caught
06-13 07:46:03.784141  1399  1416 E RmcOemUrcHandler: rfCableStatusReaderLoop: count:-1 < 0
06-13 07:46:13.021861  1292  1372 E RILMUXD : 3275:thread_serial_device_read(): Interrupt signal EINTR caught
06-13 07:46:13.022838  1399  1416 E RmcOemUrcHandler: rfCableStatusReaderLoop: count:-1 < 0
06-13 07:46:13.943864  1292  1372 E RILMUXD : 3275:thread_serial_device_read(): Interrupt signal EINTR caught
06-13 07:46:13.945758  1399  1416 E RmcOemUrcHandler: rfCableStatusReaderLoop: count:-1 < 0
06-13 07:46:20.690685  1292  1372 E RILMUXD : 3275:thread_serial_device_read(): Interrupt signal EINTR caught
06-13 07:46:20.691971  1399  1416 E RmcOemUrcHandler: rfCableStatusReaderLoop: count:-1 < 0
06-13 07:46:24.367837  1292  1372 E RILMUXD : 3275:thread_serial_device_read(): Interrupt signal EINTR caught
06-13 07:46:24.369615  1399  1416 E RmcOemUrcHandler: rfCableStatusReaderLoop: count:-1 < 0
06-13 07:46:27.439037  1292  1372 E RILMUXD : 3275:thread_serial_device_read(): Interrupt signal EINTR caught
06-13 07:46:27.440491  1399  1416 E RmcOemUrcHandler: rfCableStatusReaderLoop: count:-1 < 0
06-13 07:46:27.441383  1399  1468 I RilClient: initialize: commandFd is 91
06-13 07:46:27.441864  1399  1468 I RilClient: start listen on fd: 30, socket name: rild-oem
06-13 07:46:27.442823  1399  1418 I RmcOemHandler: requestQueryThermal Enter: -1
06-13 07:46:27.442955  1399  1418 I AT      : [0] AT> AT+ETHERMAL (RIL_CMD_READER_1 tid:520943541488)
06-13 07:46:27.455952  1399  1417 I AT      : [0] AT< +ETHERMAL: 2, 32767, -127, 111, 32767, 4046 (RIL_CMD_READER_1, tid:520944577776)
06-13 07:46:27.456051  1399  1417 I AT      : [0] AT< OK (RIL_CMD_READER_1, tid:520944577776)
06-13 07:46:27.456348  1399  1418 I RmcOemHandler: requestQueryThermal success
06-13 07:46:41.267407  1292  1372 E RILMUXD : 3275:thread_serial_device_read(): Interrupt signal EINTR caught
06-13 07:46:41.269112  1399  1416 E RmcOemUrcHandler: rfCableStatusReaderLoop: count:-1 < 0
06-13 07:46:52.016562  1292  1372 E RILMUXD : 3275:thread_serial_device_read(): Interrupt signal EINTR caught
06-13 07:46:52.017451  1399  1416 E RmcOemUrcHandler: rfCableStatusReaderLoop: count:-1 < 0
06-13 07:46:55.427271  1292  1372 E RILMUXD : 3275:thread_serial_device_read(): Interrupt signal EINTR caught
06-13 07:46:55.429096  1399  1416 E RmcOemUrcHandler: rfCableStatusReaderLoop: count:-1 < 0
06-13 07:47:04.929681  1292  1372 E RILMUXD : 3275:thread_serial_device_read(): Interrupt signal EINTR caught
06-13 07:47:04.932004  1399  1416 E RmcOemUrcHandler: rfCableStatusReaderLoop: count:-1 < 0
06-13 07:47:12.005016  1292  1372 E RILMUXD : 3275:thread_serial_device_read(): Interrupt signal EINTR caught
06-13 07:47:12.006051  1399  1416 E RmcOemUrcHandler: rfCableStatusReaderLoop: count:-1 < 0
06-13 07:47:12.265948  1292  1372 E RILMUXD : 3275:thread_serial_device_read(): Interrupt signal EINTR caught
06-13 07:47:12.267145  1399  1416 E RmcOemUrcHandler: rfCableStatusReaderLoop: count:-1 < 0
06-13 07:47:12.599817  1292  1372 E RILMUXD : 3275:thread_serial_device_read(): Interrupt signal EINTR caught
06-13 07:47:12.601703  1399  1416 E RmcOemUrcHandler: rfCableStatusReaderLoop: count:-1 < 0
06-13 07:47:28.584684  1292  1372 E RILMUXD : 3275:thread_serial_device_read(): Interrupt signal EINTR caught
06-13 07:47:28.586091  1399  1416 E RmcOemUrcHandler: rfCableStatusReaderLoop: count:-1 < 0
06-13 07:47:33.384891  1292  1372 E RILMUXD : 3275:thread_serial_device_read(): Interrupt signal EINTR caught
06-13 07:47:33.386662  1399  1416 E RmcOemUrcHandler: rfCableStatusReaderLoop: count:-1 < 0
06-13 07:47:34.220018  1292  1372 E RILMUXD : 3275:thread_serial_device_read(): Interrupt signal EINTR caught
06-13 07:47:34.221525  1399  1416 E RmcOemUrcHandler: rfCableStatusReaderLoop: count:-1 < 0
06-13 07:47:37.893093  1292  1372 E RILMUXD : 3275:thread_serial_device_read(): Interrupt signal EINTR caught
06-13 07:47:37.894488  1399  1416 E RmcOemUrcHandler: rfCableStatusReaderLoop: count:-1 < 0
06-13 07:47:39.732056  1292  1372 E RILMUXD : 3275:thread_serial_device_read(): Interrupt signal EINTR caught
06-13 07:47:39.733371  1399  1416 E RmcOemUrcHandler: rfCableStatusReaderLoop: count:-1 < 0
06-13 07:48:23.052692  1292  1372 E RILMUXD : 3275:thread_serial_device_read(): Interrupt signal EINTR caught
06-13 07:48:23.054658  1399  1416 E RmcOemUrcHandler: rfCableStatusReaderLoop: count:-1 < 0
06-13 07:48:40.876880  1292  1372 E RILMUXD : 3275:thread_serial_device_read(): Interrupt signal EINTR caught
06-13 07:48:40.878624  1399  1416 E RmcOemUrcHandler: rfCableStatusReaderLoop: count:-1 < 0
06-13 07:48:58.701503  1292  1372 E RILMUXD : 3275:thread_serial_device_read(): Interrupt signal EINTR caught
06-13 07:48:58.702762  1399  1416 E RmcOemUrcHandler: rfCableStatusReaderLoop: count:-1 < 0
06-13 07:49:43.385432  1292  1372 E RILMUXD : 3275:thread_serial_device_read(): Interrupt signal EINTR caught
06-13 07:49:43.386763  1399  1416 E RmcOemUrcHandler: rfCableStatusReaderLoop: count:-1 < 0
06-13 07:49:43.917462  1292  1372 E RILMUXD : 3275:thread_serial_device_read(): Interrupt signal EINTR caught
06-13 07:49:43.919327  1399  1416 E RmcOemUrcHandler: rfCableStatusReaderLoop: count:-1 < 0
06-13 07:49:44.972984  1292  1372 E RILMUXD : 3275:thread_serial_device_read(): Interrupt signal EINTR caught
06-13 07:49:44.974759  1399  1416 E RmcOemUrcHandler: rfCableStatusReaderLoop: count:-1 < 0
06-13 07:51:41.386357  1292  1372 E RILMUXD : 3275:thread_serial_device_read(): Interrupt signal EINTR caught
06-13 07:51:41.387588  1399  1416 E RmcOemUrcHandler: rfCableStatusReaderLoop: count:-1 < 0
06-13 07:58:33.386118  1292  1372 E RILMUXD : 3275:thread_serial_device_read(): Interrupt signal EINTR caught
06-13 07:58:33.388009  1399  1416 E RmcOemUrcHandler: rfCableStatusReaderLoop: count:-1 < 0
06-13 07:58:33.389464  1399  1468 I RilClient: initialize: commandFd is 103
06-13 07:58:33.390074  1399  1468 I RilClient: start listen on fd: 30, socket name: rild-oem
06-13 07:58:33.393171  1399  1418 I RmcOemHandler: requestQueryThermal Enter: -1
06-13 07:58:33.393313  1399  1418 I AT      : [0] AT> AT+ETHERMAL (RIL_CMD_READER_1 tid:520943541488)
06-13 07:58:33.402295  1399  1417 I AT      : [0] AT< +ETHERMAL: 2, 32767, -127, 111, 32767, 4046 (RIL_CMD_READER_1, tid:520944577776)
06-13 07:58:33.402406  1399  1417 I AT      : [0] AT< OK (RIL_CMD_READER_1, tid:520944577776)
06-13 07:58:33.402743  1399  1418 I RmcOemHandler: requestQueryThermal success
06-13 07:58:35.010341  1292  1372 E RILMUXD : 3275:thread_serial_device_read(): Interrupt signal EINTR caught
06-13 07:58:35.011604  1399  1416 E RmcOemUrcHandler: rfCableStatusReaderLoop: count:-1 < 0
06-13 07:58:42.384984  1292  1372 E RILMUXD : 3275:thread_serial_device_read(): Interrupt signal EINTR caught
06-13 07:58:42.387334  1399  1416 E RmcOemUrcHandler: rfCableStatusReaderLoop: count:-1 < 0
06-13 08:00:01.385484  1292  1372 E RILMUXD : 3275:thread_serial_device_read(): Interrupt signal EINTR caught
06-13 08:00:01.386780  1399  1416 E RmcOemUrcHandler: rfCableStatusReaderLoop: count:-1 < 0
06-13 08:00:01.426096  1399  1404 I RfxMclMessenger: RFX_MSG_REQUEST_GET_ACTIVITY_INFO(55518) dispatchs to main protocol: 0
06-13 08:00:01.426492  1399  1418 I AT      : [0] AT> AT+ERFTX=11 (RIL_CMD_READER_1 tid:520943541488)
06-13 08:00:01.447130  1399  1417 I AT      : [0] AT< +ERFTX: 11,5,0,0,0,0,0,3129,1375360,106270 (RIL_CMD_READER_1, tid:520944577776)
06-13 08:00:01.447221  1399  1417 I AT      : [0] AT< OK (RIL_CMD_READER_1, tid:520944577776)
06-13 08:00:01.575643  1399  1404 I RfxMclMessenger: RFX_MSG_REQUEST_GET_ACTIVITY_INFO(55518) dispatchs to main protocol: 0
06-13 08:00:01.576061  1399  1418 I AT      : [0] AT> AT+ERFTX=11 (RIL_CMD_READER_1 tid:520943541488)
06-13 08:00:01.597341  1399  1417 I AT      : [0] AT< +ERFTX: 11,5,0,0,0,0,0,0,127,23 (RIL_CMD_READER_1, tid:520944577776)
06-13 08:00:01.597448  1399  1417 I AT      : [0] AT< OK (RIL_CMD_READER_1, tid:520944577776)
06-13 08:01:40.385585  1292  1372 E RILMUXD : 3275:thread_serial_device_read(): Interrupt signal EINTR caught
06-13 08:01:40.387500  1399  1416 E RmcOemUrcHandler: rfCableStatusReaderLoop: count:-1 < 0
06-13 08:01:40.795528  1292  1372 E RILMUXD : 3275:thread_serial_device_read(): Interrupt signal EINTR caught
06-13 08:01:40.797257  1399  1416 E RmcOemUrcHandler: rfCableStatusReaderLoop: count:-1 < 0
06-13 08:01:57.458225  1292  1372 E RILMUXD : 3275:thread_serial_device_read(): Interrupt signal EINTR caught
06-13 08:01:57.460449  1399  1416 E RmcOemUrcHandler: rfCableStatusReaderLoop: count:-1 < 0
06-13 08:02:21.718950  1292  1372 E RILMUXD : 3275:thread_serial_device_read(): Interrupt signal EINTR caught
06-13 08:02:21.720696  1399  1416 E RmcOemUrcHandler: rfCableStatusReaderLoop: count:-1 < 0
06-13 08:02:22.638119  1292  1372 E RILMUXD : 3275:thread_serial_device_read(): Interrupt signal EINTR caught
06-13 08:02:22.638925  1399  1416 E RmcOemUrcHandler: rfCableStatusReaderLoop: count:-1 < 0
06-13 08:02:28.203181  1292  1372 E RILMUXD : 3275:thread_serial_device_read(): Interrupt signal EINTR caught
06-13 08:02:28.204529  1399  1416 E RmcOemUrcHandler: rfCableStatusReaderLoop: count:-1 < 0
06-13 08:02:34.099933  1292  1372 E RILMUXD : 3275:thread_serial_device_read(): Interrupt signal EINTR caught
06-13 08:02:34.102119  1399  1416 E RmcOemUrcHandler: rfCableStatusReaderLoop: count:-1 < 0
06-13 08:02:35.019420  1292  1372 E RILMUXD : 3275:thread_serial_device_read(): Interrupt signal EINTR caught
06-13 08:02:35.020682  1399  1416 E RmcOemUrcHandler: rfCableStatusReaderLoop: count:-1 < 0
06-13 08:02:38.402009  1292  1372 E RILMUXD : 3275:thread_serial_device_read(): Interrupt signal EINTR caught
06-13 08:02:38.403148  1399  1416 E RmcOemUrcHandler: rfCableStatusReaderLoop: count:-1 < 0
06-13 08:02:38.993197  1292  1372 E RILMUXD : 3275:thread_serial_device_read(): Interrupt signal EINTR caught
06-13 08:02:38.994782  1399  1416 E RmcOemUrcHandler: rfCableStatusReaderLoop: count:-1 < 0
06-13 08:03:49.395776  1292  1372 E RILMUXD : 3275:thread_serial_device_read(): Interrupt signal EINTR caught
06-13 08:03:49.397093  1399  1416 E RmcOemUrcHandler: rfCableStatusReaderLoop: count:-1 < 0
06-13 08:03:51.075945  1292  1372 E RILMUXD : 3275:thread_serial_device_read(): Interrupt signal EINTR caught
06-13 08:03:51.077411  1399  1416 E RmcOemUrcHandler: rfCableStatusReaderLoop: count:-1 < 0
06-13 08:04:44.378527  1292  1372 E RILMUXD : 3275:thread_serial_device_read(): Interrupt signal EINTR caught
06-13 08:04:44.379797  1399  1416 E RmcOemUrcHandler: rfCableStatusReaderLoop: count:-1 < 0
06-13 08:04:44.380689  1399  1468 I RilClient: initialize: commandFd is 76
06-13 08:04:44.381207  1399  1468 I RilClient: start listen on fd: 30, socket name: rild-oem
06-13 08:04:44.383657  1399  1418 I RmcOemHandler: requestQueryThermal Enter: -1
06-13 08:04:44.383798  1399  1418 I AT      : [0] AT> AT+ETHERMAL (RIL_CMD_READER_1 tid:520943541488)
06-13 08:04:44.395006  1399  1417 I AT      : [0] AT< +ETHERMAL: 2, 32767, -127, 111, 32767, 4046 (RIL_CMD_READER_1, tid:520944577776)
06-13 08:04:44.395116  1399  1417 I AT      : [0] AT< OK (RIL_CMD_READER_1, tid:520944577776)
06-13 08:04:44.395314  1399  1418 I RmcOemHandler: requestQueryThermal success
06-13 08:05:19.591379  1292  1372 E RILMUXD : 3275:thread_serial_device_read(): Interrupt signal EINTR caught
06-13 08:05:19.593510  1399  1416 E RmcOemUrcHandler: rfCableStatusReaderLoop: count:-1 < 0
06-13 08:05:20.246154  1292  1372 E RILMUXD : 3275:thread_serial_device_read(): Interrupt signal EINTR caught
06-13 08:05:20.247532  1399  1416 E RmcOemUrcHandler: rfCableStatusReaderLoop: count:-1 < 0
06-13 08:08:22.057180  1292  1372 E RILMUXD : 3275:thread_serial_device_read(): Interrupt signal EINTR caught
06-13 08:08:22.058011  1399  1416 E RmcOemUrcHandler: rfCableStatusReaderLoop: count:-1 < 0
06-13 08:10:27.425880  1292  1372 E RILMUXD : 3275:thread_serial_device_read(): Interrupt signal EINTR caught
06-13 08:10:27.427746  1399  1416 E RmcOemUrcHandler: rfCableStatusReaderLoop: count:-1 < 0
06-13 08:10:45.249987  1292  1372 E RILMUXD : 3275:thread_serial_device_read(): Interrupt signal EINTR caught
06-13 08:10:45.256927  1399  1416 E RmcOemUrcHandler: rfCableStatusReaderLoop: count:-1 < 0
06-13 08:11:05.185116  1292  1372 E RILMUXD : 3275:thread_serial_device_read(): Interrupt signal EINTR caught
06-13 08:11:05.186800  1399  1416 E RmcOemUrcHandler: rfCableStatusReaderLoop: count:-1 < 0
06-13 08:11:41.370279  1292  1372 E RILMUXD : 3275:thread_serial_device_read(): Interrupt signal EINTR caught
06-13 08:11:41.371515  1399  1416 E RmcOemUrcHandler: rfCableStatusReaderLoop: count:-1 < 0
06-13 08:12:20.666764  1292  1372 E RILMUXD : 3275:thread_serial_device_read(): Interrupt signal EINTR caught
06-13 08:12:20.669279  1399  1416 E RmcOemUrcHandler: rfCableStatusReaderLoop: count:-1 < 0
06-13 08:12:33.249188  1292  1372 E RILMUXD : 3275:thread_serial_device_read(): Interrupt signal EINTR caught
06-13 08:12:33.250690  1399  1416 E RmcOemUrcHandler: rfCableStatusReaderLoop: count:-1 < 0
06-13 08:12:33.715164  1292  1372 E RILMUXD : 3275:thread_serial_device_read(): Interrupt signal EINTR caught
06-13 08:12:33.716849  1399  1416 E RmcOemUrcHandler: rfCableStatusReaderLoop: count:-1 < 0
06-13 08:12:48.362745  1292  1372 E RILMUXD : 3275:thread_serial_device_read(): Interrupt signal EINTR caught
06-13 08:12:48.362824  1399  1416 E RmcOemUrcHandler: rfCableStatusReaderLoop: count:-1 < 0
06-13 08:13:50.381682  1292  1372 E RILMUXD : 3275:thread_serial_device_read(): Interrupt signal EINTR caught
06-13 08:13:50.388545  1399  1416 E RmcOemUrcHandler: rfCableStatusReaderLoop: count:-1 < 0
06-13 08:15:01.309048  1292  1372 E RILMUXD : 3275:thread_serial_device_read(): Interrupt signal EINTR caught
06-13 08:15:01.310070  1399  1416 E RmcOemUrcHandler: rfCableStatusReaderLoop: count:-1 < 0
06-13 08:17:48.028371  1292  1372 E RILMUXD : 3275:thread_serial_device_read(): Interrupt signal EINTR caught
06-13 08:17:48.028908  1399  1416 E RmcOemUrcHandler: rfCableStatusReaderLoop: count:-1 < 0
06-13 08:17:48.355016  1292  1372 E RILMUXD : 3275:thread_serial_device_read(): Interrupt signal EINTR caught
06-13 08:17:48.356708  1399  1416 E RmcOemUrcHandler: rfCableStatusReaderLoop: count:-1 < 0
06-13 08:17:53.267147  1292  1372 E RILMUXD : 3275:thread_serial_device_read(): Interrupt signal EINTR caught
06-13 08:17:53.268338  1399  1416 E RmcOemUrcHandler: rfCableStatusReaderLoop: count:-1 < 0
06-13 08:17:58.514341  1292  1372 E RILMUXD : 3275:thread_serial_device_read(): Interrupt signal EINTR caught
06-13 08:17:58.521458  1399  1416 E RmcOemUrcHandler: rfCableStatusReaderLoop: count:-1 < 0
06-13 08:19:45.381315  1292  1372 E RILMUXD : 3275:thread_serial_device_read(): Interrupt signal EINTR caught
06-13 08:19:45.382559  1399  1416 E RmcOemUrcHandler: rfCableStatusReaderLoop: count:-1 < 0
06-13 08:19:59.103778  1292  1372 E RILMUXD : 3275:thread_serial_device_read(): Interrupt signal EINTR caught
06-13 08:19:59.104954  1399  1416 E RmcOemUrcHandler: rfCableStatusReaderLoop: count:-1 < 0
06-13 08:19:59.401797  1292  1372 E RILMUXD : 3275:thread_serial_device_read(): Interrupt signal EINTR caught
06-13 08:19:59.403534  1399  1416 E RmcOemUrcHandler: rfCableStatusReaderLoop: count:-1 < 0
06-13 08:19:59.405071  1399  1468 I RilClient: initialize: commandFd is 103
06-13 08:19:59.405662  1399  1468 I RilClient: start listen on fd: 30, socket name: rild-oem
06-13 08:19:59.407229  1399  1418 I RmcOemHandler: requestQueryThermal Enter: -1
06-13 08:19:59.407514  1399  1418 I AT      : [0] AT> AT+ETHERMAL (RIL_CMD_READER_1 tid:520943541488)
06-13 08:19:59.416823  1399  1417 I AT      : [0] AT< +ETHERMAL: 2, 32767, -127, 111, 32767, 4046 (RIL_CMD_READER_1, tid:520944577776)
06-13 08:19:59.416952  1399  1417 I AT      : [0] AT< OK (RIL_CMD_READER_1, tid:520944577776)
06-13 08:19:59.417221  1399  1418 I RmcOemHandler: requestQueryThermal success
06-13 08:20:00.320941  1292  1372 E RILMUXD : 3275:thread_serial_device_read(): Interrupt signal EINTR caught
06-13 08:20:00.322650  1399  1416 E RmcOemUrcHandler: rfCableStatusReaderLoop: count:-1 < 0
06-13 08:20:00.862907  1292  1372 E RILMUXD : 3275:thread_serial_device_read(): Interrupt signal EINTR caught
06-13 08:20:00.864697  1399  1416 E RmcOemUrcHandler: rfCableStatusReaderLoop: count:-1 < 0
06-13 08:21:21.963276  1292  1372 E RILMUXD : 3275:thread_serial_device_read(): Interrupt signal EINTR caught
06-13 08:21:21.963339  1399  1416 E RmcOemUrcHandler: rfCableStatusReaderLoop: count:-1 < 0
06-13 08:21:40.382430  1292  1372 E RILMUXD : 3275:thread_serial_device_read(): Interrupt signal EINTR caught
06-13 08:21:40.384632  1399  1416 E RmcOemUrcHandler: rfCableStatusReaderLoop: count:-1 < 0
06-13 08:22:37.211420  1292  1372 E RILMUXD : 3275:thread_serial_device_read(): Interrupt signal EINTR caught
06-13 08:22:37.212899  1399  1416 E RmcOemUrcHandler: rfCableStatusReaderLoop: count:-1 < 0
06-13 08:23:10.739969  1292  1372 E RILMUXD : 3275:thread_serial_device_read(): Interrupt signal EINTR caught
06-13 08:23:10.746691  1399  1416 E RmcOemUrcHandler: rfCableStatusReaderLoop: count:-1 < 0
06-13 08:23:41.149998  1292  1372 E RILMUXD : 3275:thread_serial_device_read(): Interrupt signal EINTR caught
06-13 08:23:41.151134  1399  1416 E RmcOemUrcHandler: rfCableStatusReaderLoop: count:-1 < 0
06-13 08:24:31.488690  1292  1372 E RILMUXD : 3275:thread_serial_device_read(): Interrupt signal EINTR caught
06-13 08:24:31.490085  1399  1416 E RmcOemUrcHandler: rfCableStatusReaderLoop: count:-1 < 0
06-13 08:24:32.144837  1292  1372 E RILMUXD : 3275:thread_serial_device_read(): Interrupt signal EINTR caught
06-13 08:24:32.145362  1399  1416 E RmcOemUrcHandler: rfCableStatusReaderLoop: count:-1 < 0
06-13 08:24:32.484752  1292  1372 E RILMUXD : 3275:thread_serial_device_read(): Interrupt signal EINTR caught
06-13 08:24:32.486414  1399  1416 E RmcOemUrcHandler: rfCableStatusReaderLoop: count:-1 < 0
06-13 08:24:54.100031  1292  1372 E RILMUXD : 3275:thread_serial_device_read(): Interrupt signal EINTR caught
06-13 08:24:54.101097  1399  1416 E RmcOemUrcHandler: rfCableStatusReaderLoop: count:-1 < 0
06-13 08:24:55.300427  1953  1953 E CarrierPrivilegesTracker: Unable to find uid for package com.google.android.apps.docs and user 999
06-13 08:24:55.346078  1953  1953 E CarrierPrivilegesTracker: Unable to find uid for package com.google.android.apps.docs and user 999
06-13 08:26:07.939181  1292  1372 E RILMUXD : 3275:thread_serial_device_read(): Interrupt signal EINTR caught
06-13 08:26:07.940543  1399  1416 E RmcOemUrcHandler: rfCableStatusReaderLoop: count:-1 < 0
06-13 08:26:51.364299  1292  1372 E RILMUXD : 3275:thread_serial_device_read(): Interrupt signal EINTR caught
06-13 08:26:51.365325  1399  1416 E RmcOemUrcHandler: rfCableStatusReaderLoop: count:-1 < 0
06-13 08:27:50.246149  1292  1372 E RILMUXD : 3275:thread_serial_device_read(): Interrupt signal EINTR caught
06-13 08:27:50.247164  1399  1416 E RmcOemUrcHandler: rfCableStatusReaderLoop: count:-1 < 0
06-13 08:27:50.972353  1399  1468 I RilClient: initialize: commandFd is 76
06-13 08:27:50.972764  1399  1468 I RilClient: start listen on fd: 30, socket name: rild-oem
06-13 08:27:50.973400  1399  1418 I RmcOemHandler: requestQueryThermal Enter: -1
06-13 08:27:50.973501  1399  1418 I AT      : [0] AT> AT+ETHERMAL (RIL_CMD_READER_1 tid:520943541488)
06-13 08:27:50.985348  1399  1417 I AT      : [0] AT< +ETHERMAL: 2, 32767, -127, 111, 32767, 4046 (RIL_CMD_READER_1, tid:520944577776)
06-13 08:27:50.985415  1399  1417 I AT      : [0] AT< OK (RIL_CMD_READER_1, tid:520944577776)
06-13 08:27:50.985552  1399  1418 I RmcOemHandler: requestQueryThermal success
06-13 08:27:51.029914  1399  1404 I RfxMclMessenger: RFX_MSG_REQUEST_GET_ACTIVITY_INFO(55518) dispatchs to main protocol: 0
06-13 08:27:51.030281  1399  1418 I AT      : [0] AT> AT+ERFTX=11 (RIL_CMD_READER_1 tid:520943541488)
06-13 08:27:51.056908  1399  1417 I AT      : [0] AT< +ERFTX: 11,5,0,0,0,0,0,3506,1551499,117961 (RIL_CMD_READER_1, tid:520944577776)
06-13 08:27:51.060232  1399  1417 I AT      : [0] AT< OK (RIL_CMD_READER_1, tid:520944577776)
06-13 08:28:16.462258  1292  1372 E RILMUXD : 3275:thread_serial_device_read(): Interrupt signal EINTR caught
06-13 08:28:16.463597  1399  1416 E RmcOemUrcHandler: rfCableStatusReaderLoop: count:-1 < 0
06-13 08:28:33.036604  1292  1372 E RILMUXD : 3275:thread_serial_device_read(): Interrupt signal EINTR caught
06-13 08:28:33.037504  1399  1416 E RmcOemUrcHandler: rfCableStatusReaderLoop: count:-1 < 0
06-13 08:28:33.470931  1292  1372 E RILMUXD : 3275:thread_serial_device_read(): Interrupt signal EINTR caught
06-13 08:28:33.471944  1399  1416 E RmcOemUrcHandler: rfCableStatusReaderLoop: count:-1 < 0
06-13 08:29:35.106739  1292  1372 E RILMUXD : 3275:thread_serial_device_read(): Interrupt signal EINTR caught
06-13 08:29:35.108047  1399  1416 E RmcOemUrcHandler: rfCableStatusReaderLoop: count:-1 < 0
06-13 08:29:47.681557  1292  1372 E RILMUXD : 3275:thread_serial_device_read(): Interrupt signal EINTR caught
06-13 08:29:47.682817  1399  1416 E RmcOemUrcHandler: rfCableStatusReaderLoop: count:-1 < 0
06-13 08:30:18.094223  1292  1372 E RILMUXD : 3275:thread_serial_device_read(): Interrupt signal EINTR caught
06-13 08:30:18.095748  1399  1416 E RmcOemUrcHandler: rfCableStatusReaderLoop: count:-1 < 0
06-13 08:30:18.367503  1292  1372 E RILMUXD : 3275:thread_serial_device_read(): Interrupt signal EINTR caught
06-13 08:30:18.368918  1399  1416 E RmcOemUrcHandler: rfCableStatusReaderLoop: count:-1 < 0
06-13 08:30:46.420562  1292  1372 E RILMUXD : 3275:thread_serial_device_read(): Interrupt signal EINTR caught
06-13 08:30:46.421777  1399  1416 E RmcOemUrcHandler: rfCableStatusReaderLoop: count:-1 < 0
06-13 08:31:06.350425  1292  1372 E RILMUXD : 3275:thread_serial_device_read(): Interrupt signal EINTR caught
06-13 08:31:06.351842  1399  1416 E RmcOemUrcHandler: rfCableStatusReaderLoop: count:-1 < 0
06-13 08:31:16.832567  1292  1372 E RILMUXD : 3275:thread_serial_device_read(): Interrupt signal EINTR caught
06-13 08:31:16.834009  1399  1416 E RmcOemUrcHandler: rfCableStatusReaderLoop: count:-1 < 0
06-13 08:31:41.364820  1292  1372 E RILMUXD : 3275:thread_serial_device_read(): Interrupt signal EINTR caught
06-13 08:31:41.366203  1399  1416 E RmcOemUrcHandler: rfCableStatusReaderLoop: count:-1 < 0
06-13 08:34:46.379068  1292  1372 E RILMUXD : 3275:thread_serial_device_read(): Interrupt signal EINTR caught
06-13 08:34:46.380308  1399  1416 E RmcOemUrcHandler: rfCableStatusReaderLoop: count:-1 < 0
06-13 08:34:47.001630  1292  1372 E RILMUXD : 3275:thread_serial_device_read(): Interrupt signal EINTR caught
06-13 08:34:47.003542  1399  1416 E RmcOemUrcHandler: rfCableStatusReaderLoop: count:-1 < 0
06-13 08:34:51.332287  1292  1372 E RILMUXD : 3275:thread_serial_device_read(): Interrupt signal EINTR caught
06-13 08:34:51.333662  1399  1416 E RmcOemUrcHandler: rfCableStatusReaderLoop: count:-1 < 0
06-13 08:34:51.334656  1399  1468 I RilClient: initialize: commandFd is 91
06-13 08:34:51.335105  1399  1468 I RilClient: start listen on fd: 30, socket name: rild-oem
06-13 08:34:51.337606  1399  1418 I RmcOemHandler: requestQueryThermal Enter: -1
06-13 08:34:51.337707  1399  1418 I AT      : [0] AT> AT+ETHERMAL (RIL_CMD_READER_1 tid:520943541488)
06-13 08:34:51.347110  1399  1417 I AT      : [0] AT< +ETHERMAL: 2, 32767, -127, 111, 32767, 4046 (RIL_CMD_READER_1, tid:520944577776)
06-13 08:34:51.347214  1399  1417 I AT      : [0] AT< OK (RIL_CMD_READER_1, tid:520944577776)
06-13 08:34:51.347525  1399  1418 I RmcOemHandler: requestQueryThermal success
06-13 08:34:52.091261  1292  1372 E RILMUXD : 3275:thread_serial_device_read(): Interrupt signal EINTR caught
06-13 08:34:52.092919  1399  1416 E RmcOemUrcHandler: rfCableStatusReaderLoop: count:-1 < 0
06-13 08:35:13.333883  1292  1372 E RILMUXD : 3275:thread_serial_device_read(): Interrupt signal EINTR caught
06-13 08:35:13.335102  1399  1416 E RmcOemUrcHandler: rfCableStatusReaderLoop: count:-1 < 0
06-13 08:36:24.654313  1292  1372 E RILMUXD : 3275:thread_serial_device_read(): Interrupt signal EINTR caught
06-13 08:36:24.656166  1399  1416 E RmcOemUrcHandler: rfCableStatusReaderLoop: count:-1 < 0
06-13 08:37:21.274419  1292  1372 E RILMUXD : 3275:thread_serial_device_read(): Interrupt signal EINTR caught
06-13 08:37:21.276043  1399  1416 E RmcOemUrcHandler: rfCableStatusReaderLoop: count:-1 < 0
06-13 08:38:07.377881  1292  1372 E RILMUXD : 3275:thread_serial_device_read(): Interrupt signal EINTR caught
06-13 08:38:07.378977  1399  1416 E RmcOemUrcHandler: rfCableStatusReaderLoop: count:-1 < 0
06-13 08:38:07.639339  1292  1372 E RILMUXD : 3275:thread_serial_device_read(): Interrupt signal EINTR caught
06-13 08:38:07.641018  1399  1416 E RmcOemUrcHandler: rfCableStatusReaderLoop: count:-1 < 0
06-13 08:38:08.575673  1292  1372 E RILMUXD : 3275:thread_serial_device_read(): Interrupt signal EINTR caught
06-13 08:38:08.577106  1399  1416 E RmcOemUrcHandler: rfCableStatusReaderLoop: count:-1 < 0
06-13 08:38:15.741086  1292  1372 E RILMUXD : 3275:thread_serial_device_read(): Interrupt signal EINTR caught
06-13 08:38:15.742051  1399  1416 E RmcOemUrcHandler: rfCableStatusReaderLoop: count:-1 < 0
06-13 08:38:36.690012  1292  1372 E RILMUXD : 3275:thread_serial_device_read(): Interrupt signal EINTR caught
06-13 08:38:36.691964  1399  1416 E RmcOemUrcHandler: rfCableStatusReaderLoop: count:-1 < 0
06-13 08:38:37.040430  1292  1372 E RILMUXD : 3275:thread_serial_device_read(): Interrupt signal EINTR caught
06-13 08:38:37.041886  1399  1416 E RmcOemUrcHandler: rfCableStatusReaderLoop: count:-1 < 0
06-13 08:39:33.334250  1292  1372 E RILMUXD : 3275:thread_serial_device_read(): Interrupt signal EINTR caught
06-13 08:39:33.335674  1399  1416 E RmcOemUrcHandler: rfCableStatusReaderLoop: count:-1 < 0
06-13 08:39:56.404533  1292  1372 E RILMUXD : 3275:thread_serial_device_read(): Interrupt signal EINTR caught
06-13 08:39:56.406184  1399  1416 E RmcOemUrcHandler: rfCableStatusReaderLoop: count:-1 < 0
06-13 08:40:21.569154  1292  1372 E RILMUXD : 3275:thread_serial_device_read(): Interrupt signal EINTR caught
06-13 08:40:21.570582  1399  1416 E RmcOemUrcHandler: rfCableStatusReaderLoop: count:-1 < 0
06-13 08:40:49.880237  1399  1416 E RmcOemUrcHandler: rfCableStatusReaderLoop: count:-1 < 0
06-13 08:40:49.880378  1292  1372 E RILMUXD : 3275:thread_serial_device_read(): Interrupt signal EINTR caught
06-13 08:40:57.222870  1292  1372 E RILMUXD : 3275:thread_serial_device_read(): Interrupt signal EINTR caught
06-13 08:40:57.222891  1399  1416 E RmcOemUrcHandler: rfCableStatusReaderLoop: count:-1 < 0
06-13 08:41:02.464983  1292  1372 E RILMUXD : 3275:thread_serial_device_read(): Interrupt signal EINTR caught
06-13 08:41:02.466748  1399  1416 E RmcOemUrcHandler: rfCableStatusReaderLoop: count:-1 < 0
06-13 08:41:09.804540  1292  1372 E RILMUXD : 3275:thread_serial_device_read(): Interrupt signal EINTR caught
06-13 08:41:09.805870  1399  1416 E RmcOemUrcHandler: rfCableStatusReaderLoop: count:-1 < 0
06-13 08:41:31.824890  1292  1372 E RILMUXD : 3275:thread_serial_device_read(): Interrupt signal EINTR caught
06-13 08:41:31.826000  1399  1416 E RmcOemUrcHandler: rfCableStatusReaderLoop: count:-1 < 0
06-13 08:41:41.380071  1292  1372 E RILMUXD : 3275:thread_serial_device_read(): Interrupt signal EINTR caught
06-13 08:41:41.381138  1399  1416 E RmcOemUrcHandler: rfCableStatusReaderLoop: count:-1 < 0
06-13 08:42:07.478125  1292  1372 E RILMUXD : 3275:thread_serial_device_read(): Interrupt signal EINTR caught
06-13 08:42:07.479313  1399  1416 E RmcOemUrcHandler: rfCableStatusReaderLoop: count:-1 < 0
06-13 08:42:25.302886  1292  1372 E RILMUXD : 3275:thread_serial_device_read(): Interrupt signal EINTR caught
06-13 08:42:25.304175  1399  1416 E RmcOemUrcHandler: rfCableStatusReaderLoop: count:-1 < 0
06-13 08:42:25.305723  1399  1468 I RilClient: initialize: commandFd is 103
06-13 08:42:25.306406  1399  1468 I RilClient: start listen on fd: 30, socket name: rild-oem
06-13 08:42:25.307392  1399  1418 I RmcOemHandler: requestQueryThermal Enter: -1
06-13 08:42:25.307488  1399  1418 I AT      : [0] AT> AT+ETHERMAL (RIL_CMD_READER_1 tid:520943541488)
06-13 08:42:25.314612  1399  1417 I AT      : [0] AT< +ETHERMAL: 2, 32767, -127, 111, 32767, 4046 (RIL_CMD_READER_1, tid:520944577776)
06-13 08:42:25.314715  1399  1417 I AT      : [0] AT< OK (RIL_CMD_READER_1, tid:520944577776)
06-13 08:42:25.314896  1399  1418 I RmcOemHandler: requestQueryThermal success
06-13 08:42:27.424762  1292  1372 E RILMUXD : 3275:thread_serial_device_read(): Interrupt signal EINTR caught
06-13 08:42:27.426186  1399  1416 E RmcOemUrcHandler: rfCableStatusReaderLoop: count:-1 < 0
06-13 08:42:28.050343  1292  1372 E RILMUXD : 3275:thread_serial_device_read(): Interrupt signal EINTR caught
06-13 08:42:28.051725  1399  1416 E RmcOemUrcHandler: rfCableStatusReaderLoop: count:-1 < 0
06-13 08:44:21.695478  1292  1372 E RILMUXD : 3275:thread_serial_device_read(): Interrupt signal EINTR caught
06-13 08:44:21.696652  1399  1416 E RmcOemUrcHandler: rfCableStatusReaderLoop: count:-1 < 0
06-13 08:44:22.203892  1292  1372 E RILMUXD : 3275:thread_serial_device_read(): Interrupt signal EINTR caught
06-13 08:44:22.205629  1399  1416 E RmcOemUrcHandler: rfCableStatusReaderLoop: count:-1 < 0
06-13 08:44:36.376762  1292  1372 E RILMUXD : 3275:thread_serial_device_read(): Interrupt signal EINTR caught
06-13 08:44:36.378199  1399  1416 E RmcOemUrcHandler: rfCableStatusReaderLoop: count:-1 < 0
06-13 08:45:31.950500  1292  1372 E RILMUXD : 3275:thread_serial_device_read(): Interrupt signal EINTR caught
06-13 08:45:31.952167  1399  1416 E RmcOemUrcHandler: rfCableStatusReaderLoop: count:-1 < 0
06-13 08:45:44.536809  1292  1372 E RILMUXD : 3275:thread_serial_device_read(): Interrupt signal EINTR caught
06-13 08:45:44.537911  1399  1416 E RmcOemUrcHandler: rfCableStatusReaderLoop: count:-1 < 0
06-13 08:46:35.381827  1292  1372 E RILMUXD : 3275:thread_serial_device_read(): Interrupt signal EINTR caught
06-13 08:46:35.382822  1399  1416 E RmcOemUrcHandler: rfCableStatusReaderLoop: count:-1 < 0
06-13 08:46:35.906999  1292  1372 E RILMUXD : 3275:thread_serial_device_read(): Interrupt signal EINTR caught
06-13 08:46:35.908825  1399  1416 E RmcOemUrcHandler: rfCableStatusReaderLoop: count:-1 < 0
06-13 08:46:38.012050  1292  1372 E RILMUXD : 3275:thread_serial_device_read(): Interrupt signal EINTR caught
06-13 08:46:38.013515  1399  1416 E RmcOemUrcHandler: rfCableStatusReaderLoop: count:-1 < 0
06-13 08:46:43.256212  1292  1372 E RILMUXD : 3275:thread_serial_device_read(): Interrupt signal EINTR caught
06-13 08:46:43.257445  1399  1416 E RmcOemUrcHandler: rfCableStatusReaderLoop: count:-1 < 0
06-13 08:46:55.838839  1292  1372 E RILMUXD : 3275:thread_serial_device_read(): Interrupt signal EINTR caught
06-13 08:46:55.839783  1399  1416 E RmcOemUrcHandler: rfCableStatusReaderLoop: count:-1 < 0
06-13 08:47:08.419506  1292  1372 E RILMUXD : 3275:thread_serial_device_read(): Interrupt signal EINTR caught
06-13 08:47:08.420710  1399  1416 E RmcOemUrcHandler: rfCableStatusReaderLoop: count:-1 < 0
06-13 08:47:26.248211  1292  1372 E RILMUXD : 3275:thread_serial_device_read(): Interrupt signal EINTR caught
06-13 08:47:26.249650  1399  1416 E RmcOemUrcHandler: rfCableStatusReaderLoop: count:-1 < 0
06-13 08:49:47.380597  1292  1372 E RILMUXD : 3275:thread_serial_device_read(): Interrupt signal EINTR caught
06-13 08:49:47.382132  1399  1416 E RmcOemUrcHandler: rfCableStatusReaderLoop: count:-1 < 0
06-13 08:49:48.007814  1292  1372 E RILMUXD : 3275:thread_serial_device_read(): Interrupt signal EINTR caught
06-13 08:49:48.008829  1399  1416 E RmcOemUrcHandler: rfCableStatusReaderLoop: count:-1 < 0
06-13 08:49:48.827993  1292  1372 E RILMUXD : 3275:thread_serial_device_read(): Interrupt signal EINTR caught
06-13 08:49:48.829344  1399  1416 E RmcOemUrcHandler: rfCableStatusReaderLoop: count:-1 < 0
06-13 08:49:49.580264  1292  1372 E RILMUXD : 3275:thread_serial_device_read(): Interrupt signal EINTR caught
06-13 08:49:49.581467  1399  1416 E RmcOemUrcHandler: rfCableStatusReaderLoop: count:-1 < 0
06-13 08:49:54.099794  1292  1372 E RILMUXD : 3275:thread_serial_device_read(): Interrupt signal EINTR caught
06-13 08:49:54.101774  1399  1416 E RmcOemUrcHandler: rfCableStatusReaderLoop: count:-1 < 0
06-13 08:49:54.103307  1399  1468 I RilClient: initialize: commandFd is 91
06-13 08:49:54.104381  1399  1468 I RilClient: start listen on fd: 30, socket name: rild-oem
06-13 08:49:54.105635  1399  1418 I RmcOemHandler: requestQueryThermal Enter: -1
06-13 08:49:54.105942  1399  1418 I AT      : [0] AT> AT+ETHERMAL (RIL_CMD_READER_1 tid:520943541488)
06-13 08:49:54.114882  1399  1417 I AT      : [0] AT< +ETHERMAL: 2, 32767, -127, 111, 32767, 4046 (RIL_CMD_READER_1, tid:520944577776)
06-13 08:49:54.114986  1399  1417 I AT      : [0] AT< OK (RIL_CMD_READER_1, tid:520944577776)
06-13 08:49:54.115181  1399  1418 I RmcOemHandler: requestQueryThermal success
06-13 08:50:14.677142  1292  1372 E RILMUXD : 3275:thread_serial_device_read(): Interrupt signal EINTR caught
06-13 08:50:14.678317  1399  1416 E RmcOemUrcHandler: rfCableStatusReaderLoop: count:-1 < 0
06-13 08:50:15.078399  1292  1372 E RILMUXD : 3275:thread_serial_device_read(): Interrupt signal EINTR caught
06-13 08:50:15.080202  1399  1416 E RmcOemUrcHandler: rfCableStatusReaderLoop: count:-1 < 0
06-13 08:51:41.382882  1292  1372 E RILMUXD : 3275:thread_serial_device_read(): Interrupt signal EINTR caught
06-13 08:51:41.384668  1399  1416 E RmcOemUrcHandler: rfCableStatusReaderLoop: count:-1 < 0
06-13 08:52:14.609038  1292  1372 E RILMUXD : 3275:thread_serial_device_read(): Interrupt signal EINTR caught
06-13 08:52:14.610109  1399  1416 E RmcOemUrcHandler: rfCableStatusReaderLoop: count:-1 < 0
06-13 08:52:27.196071  1292  1372 E RILMUXD : 3275:thread_serial_device_read(): Interrupt signal EINTR caught
06-13 08:52:27.197439  1399  1416 E RmcOemUrcHandler: rfCableStatusReaderLoop: count:-1 < 0
06-13 08:52:50.258397  1292  1372 E RILMUXD : 3275:thread_serial_device_read(): Interrupt signal EINTR caught
06-13 08:52:50.259649  1399  1416 E RmcOemUrcHandler: rfCableStatusReaderLoop: count:-1 < 0
06-13 08:53:52.196083  1292  1372 E RILMUXD : 3275:thread_serial_device_read(): Interrupt signal EINTR caught
06-13 08:53:52.197847  1399  1416 E RmcOemUrcHandler: rfCableStatusReaderLoop: count:-1 < 0
06-13 08:54:11.001959  1292  1372 E RILMUXD : 3275:thread_serial_device_read(): Interrupt signal EINTR caught
06-13 08:54:11.003760  1399  1416 E RmcOemUrcHandler: rfCableStatusReaderLoop: count:-1 < 0
06-13 08:54:16.242927  1399  1416 E RmcOemUrcHandler: rfCableStatusReaderLoop: count:-1 < 0
06-13 08:54:16.248449  1292  1372 E RILMUXD : 3275:thread_serial_device_read(): Interrupt signal EINTR caught
06-13 08:56:02.379274  1292  1372 E RILMUXD : 3275:thread_serial_device_read(): Interrupt signal EINTR caught
06-13 08:56:02.381332  1399  1416 E RmcOemUrcHandler: rfCableStatusReaderLoop: count:-1 < 0
06-13 08:58:25.688387  1292  1372 E RILMUXD : 3275:thread_serial_device_read(): Interrupt signal EINTR caught
06-13 08:58:25.690268  1399  1416 E RmcOemUrcHandler: rfCableStatusReaderLoop: count:-1 < 0
06-13 08:58:26.067274  1292  1372 E RILMUXD : 3275:thread_serial_device_read(): Interrupt signal EINTR caught
06-13 08:58:26.068945  1399  1416 E RmcOemUrcHandler: rfCableStatusReaderLoop: count:-1 < 0
06-13 08:58:26.816402  1399  1416 E RmcOemUrcHandler: rfCableStatusReaderLoop: count:-1 < 0
06-13 08:58:26.816950  1292  1372 E RILMUXD : 3275:thread_serial_device_read(): Interrupt signal EINTR caught
06-13 09:00:01.362104  1292  1372 E RILMUXD : 3275:thread_serial_device_read(): Interrupt signal EINTR caught
06-13 09:00:01.363220  1399  1416 E RmcOemUrcHandler: rfCableStatusReaderLoop: count:-1 < 0
06-13 09:00:01.395059  1399  1404 I RfxMclMessenger: RFX_MSG_REQUEST_GET_ACTIVITY_INFO(55518) dispatchs to main protocol: 0
06-13 09:00:01.395536  1399  1418 I AT      : [0] AT> AT+ERFTX=11 (RIL_CMD_READER_1 tid:520943541488)
06-13 09:00:01.417262  1399  1417 I AT      : [0] AT< +ERFTX: 11,5,0,0,0,0,0,4088,1794122,136238 (RIL_CMD_READER_1, tid:520944577776)
06-13 09:00:01.417347  1399  1417 I AT      : [0] AT< OK (RIL_CMD_READER_1, tid:520944577776)
06-13 09:00:01.651583  1399  1404 I RfxMclMessenger: RFX_MSG_REQUEST_GET_ACTIVITY_INFO(55518) dispatchs to main protocol: 0
06-13 09:00:01.651896  1399  1418 I AT      : [0] AT> AT+ERFTX=11 (RIL_CMD_READER_1 tid:520943541488)
06-13 09:00:01.677125  1399  1417 I AT      : [0] AT< +ERFTX: 11,5,0,0,0,0,0,0,235,25 (RIL_CMD_READER_1, tid:520944577776)
06-13 09:00:01.677202  1399  1417 I AT      : [0] AT< OK (RIL_CMD_READER_1, tid:520944577776)
06-13 09:00:02.605987  1292  1372 E RILMUXD : 3275:thread_serial_device_read(): Interrupt signal EINTR caught
06-13 09:00:02.608933  1399  1416 E RmcOemUrcHandler: rfCableStatusReaderLoop: count:-1 < 0
06-13 09:01:41.384903  1399  1416 E RmcOemUrcHandler: rfCableStatusReaderLoop: count:-1 < 0
06-13 09:01:41.388874  1292  1372 E RILMUXD : 3275:thread_serial_device_read(): Interrupt signal EINTR caught
06-13 09:02:34.725029  1292  1372 E RILMUXD : 3275:thread_serial_device_read(): Interrupt signal EINTR caught
06-13 09:02:34.727044  1399  1416 E RmcOemUrcHandler: rfCableStatusReaderLoop: count:-1 < 0
06-13 09:03:50.209893  1292  1372 E RILMUXD : 3275:thread_serial_device_read(): Interrupt signal EINTR caught
06-13 09:03:50.210975  1399  1416 E RmcOemUrcHandler: rfCableStatusReaderLoop: count:-1 < 0
06-13 09:03:55.449350  1292  1372 E RILMUXD : 3275:thread_serial_device_read(): Interrupt signal EINTR caught
06-13 09:03:55.450739  1399  1416 E RmcOemUrcHandler: rfCableStatusReaderLoop: count:-1 < 0
06-13 09:03:55.452790  1399  1468 I RilClient: initialize: commandFd is 76
06-13 09:03:55.453256  1399  1468 I RilClient: start listen on fd: 30, socket name: rild-oem
06-13 09:03:55.454471  1399  1418 I RmcOemHandler: requestQueryThermal Enter: -1
06-13 09:03:55.454615  1399  1418 I AT      : [0] AT> AT+ETHERMAL (RIL_CMD_READER_1 tid:520943541488)
06-13 09:03:55.463551  1399  1417 I AT      : [0] AT< +ETHERMAL: 2, 32767, -127, 111, 32767, 4046 (RIL_CMD_READER_1, tid:520944577776)
06-13 09:03:55.463642  1399  1417 I AT      : [0] AT< OK (RIL_CMD_READER_1, tid:520944577776)
06-13 09:03:55.463840  1399  1418 I RmcOemHandler: requestQueryThermal success
06-13 09:04:48.383800  1292  1372 E RILMUXD : 3275:thread_serial_device_read(): Interrupt signal EINTR caught
06-13 09:04:48.384672  1399  1416 E RmcOemUrcHandler: rfCableStatusReaderLoop: count:-1 < 0
06-13 09:04:48.925127  1292  1372 E RILMUXD : 3275:thread_serial_device_read(): Interrupt signal EINTR caught
06-13 09:04:48.926888  1399  1416 E RmcOemUrcHandler: rfCableStatusReaderLoop: count:-1 < 0
06-13 09:04:59.415250  1292  1372 E RILMUXD : 3275:thread_serial_device_read(): Interrupt signal EINTR caught
06-13 09:04:59.416345  1399  1416 E RmcOemUrcHandler: rfCableStatusReaderLoop: count:-1 < 0
06-13 09:06:59.384173  1399  1416 E RmcOemUrcHandler: rfCableStatusReaderLoop: count:-1 < 0
06-13 09:06:59.386690  1292  1372 E RILMUXD : 3275:thread_serial_device_read(): Interrupt signal EINTR caught
06-13 09:08:38.473683  1292  1372 E RILMUXD : 3275:thread_serial_device_read(): Interrupt signal EINTR caught
06-13 09:08:38.475531  1399  1416 E RmcOemUrcHandler: rfCableStatusReaderLoop: count:-1 < 0
06-13 09:08:39.071723  1292  1372 E RILMUXD : 3275:thread_serial_device_read(): Interrupt signal EINTR caught
06-13 09:08:39.073474  1399  1416 E RmcOemUrcHandler: rfCableStatusReaderLoop: count:-1 < 0
06-13 09:11:41.383252  1292  1372 E RILMUXD : 3275:thread_serial_device_read(): Interrupt signal EINTR caught
06-13 09:11:41.384636  1399  1416 E RmcOemUrcHandler: rfCableStatusReaderLoop: count:-1 < 0
06-13 09:11:42.124028  1292  1372 E RILMUXD : 3275:thread_serial_device_read(): Interrupt signal EINTR caught
06-13 09:11:42.125221  1399  1416 E RmcOemUrcHandler: rfCableStatusReaderLoop: count:-1 < 0
06-13 09:11:42.573385  1292  1372 E RILMUXD : 3275:thread_serial_device_read(): Interrupt signal EINTR caught
06-13 09:11:42.575050  1399  1416 E RmcOemUrcHandler: rfCableStatusReaderLoop: count:-1 < 0
06-13 09:13:50.384363  1292  1372 E RILMUXD : 3275:thread_serial_device_read(): Interrupt signal EINTR caught
06-13 09:13:50.386052  1399  1416 E RmcOemUrcHandler: rfCableStatusReaderLoop: count:-1 < 0
06-13 09:14:34.917454  1292  1372 E RILMUXD : 3275:thread_serial_device_read(): Interrupt signal EINTR caught
06-13 09:14:34.919259  1399  1416 E RmcOemUrcHandler: rfCableStatusReaderLoop: count:-1 < 0
06-13 09:14:38.913135  1292  1372 E RILMUXD : 3275:thread_serial_device_read(): Interrupt signal EINTR caught
06-13 09:14:38.914375  1399  1416 E RmcOemUrcHandler: rfCableStatusReaderLoop: count:-1 < 0
06-13 09:14:40.752812  1292  1372 E RILMUXD : 3275:thread_serial_device_read(): Interrupt signal EINTR caught
06-13 09:14:40.754118  1399  1416 E RmcOemUrcHandler: rfCableStatusReaderLoop: count:-1 < 0
06-13 09:14:41.389865  1292  1372 E RILMUXD : 3275:thread_serial_device_read(): Interrupt signal EINTR caught
06-13 09:14:41.391349  1399  1416 E RmcOemUrcHandler: rfCableStatusReaderLoop: count:-1 < 0
06-13 09:14:46.318261  1292  1372 E RILMUXD : 3275:thread_serial_device_read(): Interrupt signal EINTR caught
06-13 09:14:46.319080  1399  1416 E RmcOemUrcHandler: rfCableStatusReaderLoop: count:-1 < 0
06-13 09:14:47.502705  1292  1372 E RILMUXD : 3275:thread_serial_device_read(): Interrupt signal EINTR caught
06-13 09:14:47.503981  1399  1416 E RmcOemUrcHandler: rfCableStatusReaderLoop: count:-1 < 0
06-13 09:14:47.561849  1399  1468 I RilClient: initialize: commandFd is 91
06-13 09:14:47.562428  1399  1468 I RilClient: start listen on fd: 30, socket name: rild-oem
06-13 09:14:47.563656  1399  1418 I RmcOemHandler: requestQueryThermal Enter: -1
06-13 09:14:47.563822  1399  1418 I AT      : [0] AT> AT+ETHERMAL (RIL_CMD_READER_1 tid:520943541488)
06-13 09:14:47.573480  1399  1417 I AT      : [0] AT< +ETHERMAL: 2, 32767, -127, 111, 32767, 4046 (RIL_CMD_READER_1, tid:520944577776)
06-13 09:14:47.573628  1399  1417 I AT      : [0] AT< OK (RIL_CMD_READER_1, tid:520944577776)
06-13 09:14:47.574008  1399  1418 I RmcOemHandler: requestQueryThermal success
06-13 09:14:52.154332  1292  1372 E RILMUXD : 3275:thread_serial_device_read(): Interrupt signal EINTR caught
06-13 09:14:52.155567  1399  1416 E RmcOemUrcHandler: rfCableStatusReaderLoop: count:-1 < 0
06-13 09:14:53.073515  1292  1372 E RILMUXD : 3275:thread_serial_device_read(): Interrupt signal EINTR caught
06-13 09:14:53.075561  1399  1416 E RmcOemUrcHandler: rfCableStatusReaderLoop: count:-1 < 0
06-13 09:14:54.579971  1292  1372 E RILMUXD : 3275:thread_serial_device_read(): Interrupt signal EINTR caught
06-13 09:14:54.581337  1399  1416 E RmcOemUrcHandler: rfCableStatusReaderLoop: count:-1 < 0
06-13 09:15:02.572902  1399  1416 E RmcOemUrcHandler: rfCableStatusReaderLoop: count:-1 < 0
06-13 09:15:02.578837  1292  1372 E RILMUXD : 3275:thread_serial_device_read(): Interrupt signal EINTR caught
06-13 09:15:13.978862  1292  1372 E RILMUXD : 3275:thread_serial_device_read(): Interrupt signal EINTR caught
06-13 09:15:13.980440  1399  1416 E RmcOemUrcHandler: rfCableStatusReaderLoop: count:-1 < 0
06-13 09:15:20.073886  1292  1372 E RILMUXD : 3275:thread_serial_device_read(): Interrupt signal EINTR caught
06-13 09:15:20.074662  1399  1416 E RmcOemUrcHandler: rfCableStatusReaderLoop: count:-1 < 0
06-13 09:15:20.650364  1399  1416 E RmcOemUrcHandler: rfCableStatusReaderLoop: count:-1 < 0
06-13 09:15:20.654418  1292  1372 E RILMUXD : 3275:thread_serial_device_read(): Interrupt signal EINTR caught
06-13 09:15:24.987182  1292  1372 E RILMUXD : 3275:thread_serial_device_read(): Interrupt signal EINTR caught
06-13 09:15:24.988532  1399  1416 E RmcOemUrcHandler: rfCableStatusReaderLoop: count:-1 < 0
06-13 09:15:28.984929  1292  1372 E RILMUXD : 3275:thread_serial_device_read(): Interrupt signal EINTR caught
06-13 09:15:28.986210  1399  1416 E RmcOemUrcHandler: rfCableStatusReaderLoop: count:-1 < 0
06-13 09:15:29.637873  1292  1372 E RILMUXD : 3275:thread_serial_device_read(): Interrupt signal EINTR caught
06-13 09:15:29.639322  1399  1416 E RmcOemUrcHandler: rfCableStatusReaderLoop: count:-1 < 0
06-13 09:15:30.948748  1292  1372 E RILMUXD : 3275:thread_serial_device_read(): Interrupt signal EINTR caught
06-13 09:15:30.950080  1399  1416 E RmcOemUrcHandler: rfCableStatusReaderLoop: count:-1 < 0
06-13 09:15:32.520595  1292  1372 E RILMUXD : 3275:thread_serial_device_read(): Interrupt signal EINTR caught
06-13 09:15:32.521956  1399  1416 E RmcOemUrcHandler: rfCableStatusReaderLoop: count:-1 < 0
06-13 09:15:35.279672  1292  1372 E RILMUXD : 3275:thread_serial_device_read(): Interrupt signal EINTR caught
06-13 09:15:35.282208  1399  1416 E RmcOemUrcHandler: rfCableStatusReaderLoop: count:-1 < 0
06-13 09:15:37.379858  1292  1372 E RILMUXD : 3275:thread_serial_device_read(): Interrupt signal EINTR caught
06-13 09:15:37.381315  1399  1416 E RmcOemUrcHandler: rfCableStatusReaderLoop: count:-1 < 0
06-13 09:15:47.529405  1292  1372 E RILMUXD : 3275:thread_serial_device_read(): Interrupt signal EINTR caught
06-13 09:15:47.536471  1399  1416 E RmcOemUrcHandler: rfCableStatusReaderLoop: count:-1 < 0
06-13 09:15:52.447004  1292  1372 E RILMUXD : 3275:thread_serial_device_read(): Interrupt signal EINTR caught
06-13 09:15:52.448227  1399  1416 E RmcOemUrcHandler: rfCableStatusReaderLoop: count:-1 < 0
