06-13 10:03:22.660823  1292  1372 E RILMUXD : 3275:thread_serial_device_read(): Interrupt signal EINTR caught
06-13 10:03:22.662943  1399  1416 E RmcOemUrcHandler: rfCableStatusReaderLoop: count:-1 < 0
06-13 10:03:35.157661  1292  1372 E RILMUXD : 3275:thread_serial_device_read(): Interrupt signal EINTR caught
06-13 10:03:35.159505  1399  1416 E RmcOemUrcHandler: rfCableStatusReaderLoop: count:-1 < 0
06-13 10:03:35.652606  1292  1372 E RILMUXD : 3275:thread_serial_device_read(): Interrupt signal EINTR caught
06-13 10:03:35.654481  1399  1416 E RmcOemUrcHandler: rfCableStatusReaderLoop: count:-1 < 0
06-13 10:03:47.748852  1292  1372 E RILMUXD : 3275:thread_serial_device_read(): Interrupt signal EINTR caught
06-13 10:03:47.750856  1399  1416 E RmcOemUrcHandler: rfCableStatusReaderLoop: count:-1 < 0
06-13 10:04:51.381836  1292  1372 E RILMUXD : 3275:thread_serial_device_read(): Interrupt signal EINTR caught
06-13 10:04:51.383201  1399  1416 E RmcOemUrcHandler: rfCableStatusReaderLoop: count:-1 < 0
06-13 10:04:51.669361  1292  1372 E RILMUXD : 3275:thread_serial_device_read(): Interrupt signal EINTR caught
06-13 10:04:51.671081  1399  1416 E RmcOemUrcHandler: rfCableStatusReaderLoop: count:-1 < 0
06-13 10:04:52.010723  1292  1372 E RILMUXD : 3275:thread_serial_device_read(): Interrupt signal EINTR caught
06-13 10:04:52.012518  1399  1416 E RmcOemUrcHandler: rfCableStatusReaderLoop: count:-1 < 0
06-13 10:05:33.843379  1292  1372 E RILMUXD : 3275:thread_serial_device_read(): Interrupt signal EINTR caught
06-13 10:05:33.844641  1399  1416 E RmcOemUrcHandler: rfCableStatusReaderLoop: count:-1 < 0
06-13 10:05:33.845242  1399  1468 I RilClient: initialize: commandFd is 91
06-13 10:05:33.845672  1399  1468 I RilClient: start listen on fd: 30, socket name: rild-oem
06-13 10:05:33.847491  1399  1418 I RmcOemHandler: requestQueryThermal Enter: -1
06-13 10:05:33.847606  1399  1418 I AT      : [0] AT> AT+ETHERMAL (RIL_CMD_READER_1 tid:520943541488)
06-13 10:05:33.856559  1399  1417 I AT      : [0] AT< +ETHERMAL: 2, 32767, -127, 111, 32767, 4046 (RIL_CMD_READER_1, tid:520944577776)
06-13 10:05:33.856652  1399  1417 I AT      : [0] AT< OK (RIL_CMD_READER_1, tid:520944577776)
06-13 10:05:33.857137  1399  1418 I RmcOemHandler: requestQueryThermal success
06-13 10:05:35.672386  1292  1372 E RILMUXD : 3275:thread_serial_device_read(): Interrupt signal EINTR caught
06-13 10:05:35.673796  1399  1416 E RmcOemUrcHandler: rfCableStatusReaderLoop: count:-1 < 0
06-13 10:05:39.674837  1292  1372 E RILMUXD : 3275:thread_serial_device_read(): Interrupt signal EINTR caught
06-13 10:05:39.675878  1399  1416 E RmcOemUrcHandler: rfCableStatusReaderLoop: count:-1 < 0
06-13 10:05:44.588247  1292  1372 E RILMUXD : 3275:thread_serial_device_read(): Interrupt signal EINTR caught
06-13 10:05:44.588577  1399  1416 E RmcOemUrcHandler: rfCableStatusReaderLoop: count:-1 < 0
06-13 10:05:45.507890  1292  1372 E RILMUXD : 3275:thread_serial_device_read(): Interrupt signal EINTR caught
06-13 10:05:45.508929  1399  1416 E RmcOemUrcHandler: rfCableStatusReaderLoop: count:-1 < 0
06-13 10:05:45.856320  1292  1372 E RILMUXD : 3275:thread_serial_device_read(): Interrupt signal EINTR caught
06-13 10:05:45.858053  1399  1416 E RmcOemUrcHandler: rfCableStatusReaderLoop: count:-1 < 0
06-13 10:05:46.688887  1292  1372 E RILMUXD : 3275:thread_serial_device_read(): Interrupt signal EINTR caught
06-13 10:05:46.690773  1399  1416 E RmcOemUrcHandler: rfCableStatusReaderLoop: count:-1 < 0
06-13 10:05:48.586808  1292  1372 E RILMUXD : 3275:thread_serial_device_read(): Interrupt signal EINTR caught
06-13 10:05:48.588597  1399  1416 E RmcOemUrcHandler: rfCableStatusReaderLoop: count:-1 < 0
06-13 10:05:50.159594  1292  1372 E RILMUXD : 3275:thread_serial_device_read(): Interrupt signal EINTR caught
06-13 10:05:50.160731  1399  1416 E RmcOemUrcHandler: rfCableStatusReaderLoop: count:-1 < 0
06-13 10:05:52.064270  1292  1372 E RILMUXD : 3275:thread_serial_device_read(): Interrupt signal EINTR caught
06-13 10:05:52.065852  1399  1416 E RmcOemUrcHandler: rfCableStatusReaderLoop: count:-1 < 0
06-13 10:05:55.140114  1399  1416 E RmcOemUrcHandler: rfCableStatusReaderLoop: count:-1 < 0
06-13 10:05:55.146119  1292  1372 E RILMUXD : 3275:thread_serial_device_read(): Interrupt signal EINTR caught
06-13 10:06:01.695702  1292  1372 E RILMUXD : 3275:thread_serial_device_read(): Interrupt signal EINTR caught
06-13 10:06:01.696972  1399  1416 E RmcOemUrcHandler: rfCableStatusReaderLoop: count:-1 < 0
06-13 10:06:02.081572  1292  1372 E RILMUXD : 3275:thread_serial_device_read(): Interrupt signal EINTR caught
06-13 10:06:02.083311  1399  1416 E RmcOemUrcHandler: rfCableStatusReaderLoop: count:-1 < 0
06-13 10:06:05.891364  1292  1372 E RILMUXD : 3275:thread_serial_device_read(): Interrupt signal EINTR caught
06-13 10:06:05.893160  1399  1416 E RmcOemUrcHandler: rfCableStatusReaderLoop: count:-1 < 0
06-13 10:06:09.886895  1292  1372 E RILMUXD : 3275:thread_serial_device_read(): Interrupt signal EINTR caught
06-13 10:06:09.889542  1399  1416 E RmcOemUrcHandler: rfCableStatusReaderLoop: count:-1 < 0
06-13 10:06:10.804655  1292  1372 E RILMUXD : 3275:thread_serial_device_read(): Interrupt signal EINTR caught
06-13 10:06:10.805900  1399  1416 E RmcOemUrcHandler: rfCableStatusReaderLoop: count:-1 < 0
06-13 10:06:16.638640  1292  1372 E RILMUXD : 3275:thread_serial_device_read(): Interrupt signal EINTR caught
06-13 10:06:16.639911  1399  1416 E RmcOemUrcHandler: rfCableStatusReaderLoop: count:-1 < 0
06-13 10:06:21.881507  1292  1372 E RILMUXD : 3275:thread_serial_device_read(): Interrupt signal EINTR caught
06-13 10:06:21.883878  1399  1416 E RmcOemUrcHandler: rfCableStatusReaderLoop: count:-1 < 0
06-13 10:06:31.709985  1292  1372 E RILMUXD : 3275:thread_serial_device_read(): Interrupt signal EINTR caught
06-13 10:06:31.711334  1399  1416 E RmcOemUrcHandler: rfCableStatusReaderLoop: count:-1 < 0
06-13 10:06:36.299322  1292  1372 E RILMUXD : 3275:thread_serial_device_read(): Interrupt signal EINTR caught
06-13 10:06:36.300417  1399  1416 E RmcOemUrcHandler: rfCableStatusReaderLoop: count:-1 < 0
06-13 10:06:55.962066  1292  1372 E RILMUXD : 3275:thread_serial_device_read(): Interrupt signal EINTR caught
06-13 10:06:55.963889  1399  1416 E RmcOemUrcHandler: rfCableStatusReaderLoop: count:-1 < 0
06-13 10:06:55.965107  1399  1468 I RilClient: initialize: commandFd is 76
06-13 10:06:55.966160  1399  1468 I RilClient: start listen on fd: 30, socket name: rild-oem
06-13 10:06:55.970154  1399  1418 I RmcOemHandler: requestQueryThermal Enter: -1
06-13 10:06:55.970362  1399  1418 I AT      : [0] AT> AT+ETHERMAL (RIL_CMD_READER_1 tid:520943541488)
06-13 10:06:55.980835  1399  1417 I AT      : [0] AT< +ETHERMAL: 2, 32767, -127, 111, 32767, 4046 (RIL_CMD_READER_1, tid:520944577776)
06-13 10:06:55.980978  1399  1417 I AT      : [0] AT< OK (RIL_CMD_READER_1, tid:520944577776)
06-13 10:06:55.981300  1399  1418 I RmcOemHandler: requestQueryThermal success
06-13 10:07:09.786533  1292  1372 E RILMUXD : 3275:thread_serial_device_read(): Interrupt signal EINTR caught
06-13 10:07:09.788099  1399  1416 E RmcOemUrcHandler: rfCableStatusReaderLoop: count:-1 < 0
06-13 10:07:10.707548  1292  1372 E RILMUXD : 3275:thread_serial_device_read(): Interrupt signal EINTR caught
06-13 10:07:10.708057  1399  1416 E RmcOemUrcHandler: rfCableStatusReaderLoop: count:-1 < 0
06-13 10:07:19.616826  1292  1372 E RILMUXD : 3275:thread_serial_device_read(): Interrupt signal EINTR caught
06-13 10:07:19.618292  1399  1416 E RmcOemUrcHandler: rfCableStatusReaderLoop: count:-1 < 0
06-13 10:07:23.615256  1292  1372 E RILMUXD : 3275:thread_serial_device_read(): Interrupt signal EINTR caught
06-13 10:07:23.616538  1399  1416 E RmcOemUrcHandler: rfCableStatusReaderLoop: count:-1 < 0
06-13 10:07:24.529731  1292  1372 E RILMUXD : 3275:thread_serial_device_read(): Interrupt signal EINTR caught
06-13 10:07:24.531117  1399  1416 E RmcOemUrcHandler: rfCableStatusReaderLoop: count:-1 < 0
06-13 10:07:24.905096  1292  1372 E RILMUXD : 3275:thread_serial_device_read(): Interrupt signal EINTR caught
06-13 10:07:24.906888  1399  1416 E RmcOemUrcHandler: rfCableStatusReaderLoop: count:-1 < 0
06-13 10:07:38.358267  1292  1372 E RILMUXD : 3275:thread_serial_device_read(): Interrupt signal EINTR caught
06-13 10:07:38.359975  1399  1416 E RmcOemUrcHandler: rfCableStatusReaderLoop: count:-1 < 0
06-13 10:07:39.004694  1292  1372 E RILMUXD : 3275:thread_serial_device_read(): Interrupt signal EINTR caught
06-13 10:07:39.006434  1399  1416 E RmcOemUrcHandler: rfCableStatusReaderLoop: count:-1 < 0
06-13 10:07:44.197194  1292  1372 E RILMUXD : 3275:thread_serial_device_read(): Interrupt signal EINTR caught
06-13 10:07:44.203725  1399  1416 E RmcOemUrcHandler: rfCableStatusReaderLoop: count:-1 < 0
06-13 10:07:54.349892  1292  1372 E RILMUXD : 3275:thread_serial_device_read(): Interrupt signal EINTR caught
06-13 10:07:54.351309  1399  1416 E RmcOemUrcHandler: rfCableStatusReaderLoop: count:-1 < 0
06-13 10:08:15.845872  1292  1372 E RILMUXD : 3275:thread_serial_device_read(): Interrupt signal EINTR caught
06-13 10:08:15.847245  1399  1416 E RmcOemUrcHandler: rfCableStatusReaderLoop: count:-1 < 0
06-13 10:08:16.235243  1292  1372 E RILMUXD : 3275:thread_serial_device_read(): Interrupt signal EINTR caught
06-13 10:08:16.236949  1399  1416 E RmcOemUrcHandler: rfCableStatusReaderLoop: count:-1 < 0
06-13 10:08:16.851438  1292  1372 E RILMUXD : 3275:thread_serial_device_read(): Interrupt signal EINTR caught
06-13 10:08:16.852503  1399  1416 E RmcOemUrcHandler: rfCableStatusReaderLoop: count:-1 < 0
06-13 10:08:25.153188  1292  1372 E RILMUXD : 3275:thread_serial_device_read(): Interrupt signal EINTR caught
06-13 10:08:25.154536  1399  1416 E RmcOemUrcHandler: rfCableStatusReaderLoop: count:-1 < 0
06-13 10:08:27.966955  1292  1372 E RILMUXD : 3275:thread_serial_device_read(): Interrupt signal EINTR caught
06-13 10:08:27.968347  1399  1416 E RmcOemUrcHandler: rfCableStatusReaderLoop: count:-1 < 0
06-13 10:08:31.706362  1292  1372 E RILMUXD : 3275:thread_serial_device_read(): Interrupt signal EINTR caught
06-13 10:08:31.707883  1399  1416 E RmcOemUrcHandler: rfCableStatusReaderLoop: count:-1 < 0
06-13 10:08:33.347446  1292  1372 E RILMUXD : 3275:thread_serial_device_read(): Interrupt signal EINTR caught
06-13 10:08:33.348782  1399  1416 E RmcOemUrcHandler: rfCableStatusReaderLoop: count:-1 < 0
06-13 10:08:33.639792  1292  1372 E RILMUXD : 3275:thread_serial_device_read(): Interrupt signal EINTR caught
06-13 10:08:33.641676  1399  1416 E RmcOemUrcHandler: rfCableStatusReaderLoop: count:-1 < 0
06-13 10:08:34.199596  1292  1372 E RILMUXD : 3275:thread_serial_device_read(): Interrupt signal EINTR caught
06-13 10:08:34.201320  1399  1416 E RmcOemUrcHandler: rfCableStatusReaderLoop: count:-1 < 0
06-13 10:08:34.341892  1399  1468 I RilClient: initialize: commandFd is 91
06-13 10:08:34.342588  1399  1468 I RilClient: start listen on fd: 30, socket name: rild-oem
06-13 10:08:34.344047  1399  1418 I RmcOemHandler: requestQueryThermal Enter: -1
06-13 10:08:34.344215  1399  1418 I AT      : [0] AT> AT+ETHERMAL (RIL_CMD_READER_1 tid:520943541488)
06-13 10:08:34.353629  1399  1417 I AT      : [0] AT< +ETHERMAL: 2, 32767, -127, 111, 32767, 4046 (RIL_CMD_READER_1, tid:520944577776)
06-13 10:08:34.353738  1399  1417 I AT      : [0] AT< OK (RIL_CMD_READER_1, tid:520944577776)
06-13 10:08:34.353952  1399  1418 I RmcOemHandler: requestQueryThermal success
06-13 10:08:36.421050  1292  1372 E RILMUXD : 3275:thread_serial_device_read(): Interrupt signal EINTR caught
06-13 10:08:36.422692  1399  1416 E RmcOemUrcHandler: rfCableStatusReaderLoop: count:-1 < 0
06-13 10:08:36.773933  1292  1372 E RILMUXD : 3275:thread_serial_device_read(): Interrupt signal EINTR caught
06-13 10:08:36.775688  1399  1416 E RmcOemUrcHandler: rfCableStatusReaderLoop: count:-1 < 0
06-13 10:08:38.262107  1292  1372 E RILMUXD : 3275:thread_serial_device_read(): Interrupt signal EINTR caught
06-13 10:08:38.263124  1399  1416 E RmcOemUrcHandler: rfCableStatusReaderLoop: count:-1 < 0
06-13 10:08:43.178364  1292  1372 E RILMUXD : 3275:thread_serial_device_read(): Interrupt signal EINTR caught
06-13 10:08:43.180611  1399  1416 E RmcOemUrcHandler: rfCableStatusReaderLoop: count:-1 < 0
06-13 10:08:56.086709  1292  1372 E RILMUXD : 3275:thread_serial_device_read(): Interrupt signal EINTR caught
06-13 10:08:56.092286  1399  1416 E RmcOemUrcHandler: rfCableStatusReaderLoop: count:-1 < 0
06-13 10:08:56.542421  1292  1372 E RILMUXD : 3275:thread_serial_device_read(): Interrupt signal EINTR caught
06-13 10:08:56.544210  1399  1416 E RmcOemUrcHandler: rfCableStatusReaderLoop: count:-1 < 0
06-13 10:08:57.328758  1292  1372 E RILMUXD : 3275:thread_serial_device_read(): Interrupt signal EINTR caught
06-13 10:08:57.330765  1399  1416 E RmcOemUrcHandler: rfCableStatusReaderLoop: count:-1 < 0
06-13 10:08:57.922777  1292  1372 E RILMUXD : 3275:thread_serial_device_read(): Interrupt signal EINTR caught
06-13 10:08:57.924148  1399  1416 E RmcOemUrcHandler: rfCableStatusReaderLoop: count:-1 < 0
06-13 10:09:01.326874  1292  1372 E RILMUXD : 3275:thread_serial_device_read(): Interrupt signal EINTR caught
06-13 10:09:01.328355  1399  1416 E RmcOemUrcHandler: rfCableStatusReaderLoop: count:-1 < 0
06-13 10:09:06.386140  1292  1372 E RILMUXD : 3275:thread_serial_device_read(): Interrupt signal EINTR caught
06-13 10:09:06.387416  1399  1416 E RmcOemUrcHandler: rfCableStatusReaderLoop: count:-1 < 0
06-13 10:09:06.788135  1292  1372 E RILMUXD : 3275:thread_serial_device_read(): Interrupt signal EINTR caught
06-13 10:09:06.790470  1399  1416 E RmcOemUrcHandler: rfCableStatusReaderLoop: count:-1 < 0
06-13 10:09:07.182130  1292  1372 E RILMUXD : 3275:thread_serial_device_read(): Interrupt signal EINTR caught
06-13 10:09:07.183620  1399  1416 E RmcOemUrcHandler: rfCableStatusReaderLoop: count:-1 < 0
06-13 10:09:08.077353  1292  1372 E RILMUXD : 3275:thread_serial_device_read(): Interrupt signal EINTR caught
06-13 10:09:08.078744  1399  1416 E RmcOemUrcHandler: rfCableStatusReaderLoop: count:-1 < 0
06-13 10:09:09.912782  1292  1372 E RILMUXD : 3275:thread_serial_device_read(): Interrupt signal EINTR caught
06-13 10:09:09.914067  1399  1416 E RmcOemUrcHandler: rfCableStatusReaderLoop: count:-1 < 0
06-13 10:09:16.663834  1399  1416 E RmcOemUrcHandler: rfCableStatusReaderLoop: count:-1 < 0
06-13 10:09:16.664265  1292  1372 E RILMUXD : 3275:thread_serial_device_read(): Interrupt signal EINTR caught
06-13 10:09:20.662155  1292  1372 E RILMUXD : 3275:thread_serial_device_read(): Interrupt signal EINTR caught
06-13 10:09:20.663491  1399  1416 E RmcOemUrcHandler: rfCableStatusReaderLoop: count:-1 < 0
06-13 10:09:25.573860  1292  1372 E RILMUXD : 3275:thread_serial_device_read(): Interrupt signal EINTR caught
06-13 10:09:25.575251  1399  1416 E RmcOemUrcHandler: rfCableStatusReaderLoop: count:-1 < 0
06-13 10:09:27.413638  1292  1372 E RILMUXD : 3275:thread_serial_device_read(): Interrupt signal EINTR caught
06-13 10:09:27.415019  1399  1416 E RmcOemUrcHandler: rfCableStatusReaderLoop: count:-1 < 0
06-13 10:09:27.871956  1292  1372 E RILMUXD : 3275:thread_serial_device_read(): Interrupt signal EINTR caught
06-13 10:09:27.873688  1399  1416 E RmcOemUrcHandler: rfCableStatusReaderLoop: count:-1 < 0
06-13 10:09:30.489305  1292  1372 E RILMUXD : 3275:thread_serial_device_read(): Interrupt signal EINTR caught
06-13 10:09:30.491226  1399  1416 E RmcOemUrcHandler: rfCableStatusReaderLoop: count:-1 < 0
06-13 10:09:31.409653  1292  1372 E RILMUXD : 3275:thread_serial_device_read(): Interrupt signal EINTR caught
06-13 10:09:31.410792  1399  1416 E RmcOemUrcHandler: rfCableStatusReaderLoop: count:-1 < 0
06-13 10:09:31.411702  1399  1468 I RilClient: initialize: commandFd is 76
06-13 10:09:31.412329  1399  1468 I RilClient: start listen on fd: 30, socket name: rild-oem
06-13 10:09:31.413505  1399  1418 I RmcOemHandler: requestQueryThermal Enter: -1
06-13 10:09:31.413658  1399  1418 I AT      : [0] AT> AT+ETHERMAL (RIL_CMD_READER_1 tid:520943541488)
06-13 10:09:31.422910  1399  1417 I AT      : [0] AT< +ETHERMAL: 2, 32767, -127, 111, 32767, 4046 (RIL_CMD_READER_1, tid:520944577776)
06-13 10:09:31.422985  1399  1417 I AT      : [0] AT< OK (RIL_CMD_READER_1, tid:520944577776)
06-13 10:09:31.423171  1399  1418 I RmcOemHandler: requestQueryThermal success
06-13 10:09:40.320173  1292  1372 E RILMUXD : 3275:thread_serial_device_read(): Interrupt signal EINTR caught
06-13 10:09:40.321180  1399  1416 E RmcOemUrcHandler: rfCableStatusReaderLoop: count:-1 < 0
06-13 10:09:55.070505  1292  1372 E RILMUXD : 3275:thread_serial_device_read(): Interrupt signal EINTR caught
06-13 10:09:55.071509  1399  1416 E RmcOemUrcHandler: rfCableStatusReaderLoop: count:-1 < 0
06-13 10:09:55.414691  1292  1372 E RILMUXD : 3275:thread_serial_device_read(): Interrupt signal EINTR caught
06-13 10:09:55.416462  1399  1416 E RmcOemUrcHandler: rfCableStatusReaderLoop: count:-1 < 0
06-13 10:09:55.954181  1292  1372 E RILMUXD : 3275:thread_serial_device_read(): Interrupt signal EINTR caught
06-13 10:09:55.955995  1399  1416 E RmcOemUrcHandler: rfCableStatusReaderLoop: count:-1 < 0
06-13 10:09:58.144994  1292  1372 E RILMUXD : 3275:thread_serial_device_read(): Interrupt signal EINTR caught
06-13 10:09:58.146956  1399  1416 E RmcOemUrcHandler: rfCableStatusReaderLoop: count:-1 < 0
06-13 10:10:03.980242  1292  1372 E RILMUXD : 3275:thread_serial_device_read(): Interrupt signal EINTR caught
06-13 10:10:03.981730  1399  1416 E RmcOemUrcHandler: rfCableStatusReaderLoop: count:-1 < 0
06-13 10:10:15.969433  1292  1372 E RILMUXD : 3275:thread_serial_device_read(): Interrupt signal EINTR caught
06-13 10:10:15.970665  1399  1416 E RmcOemUrcHandler: rfCableStatusReaderLoop: count:-1 < 0
06-13 10:10:17.806333  1292  1372 E RILMUXD : 3275:thread_serial_device_read(): Interrupt signal EINTR caught
06-13 10:10:17.807997  1399  1416 E RmcOemUrcHandler: rfCableStatusReaderLoop: count:-1 < 0
06-13 10:10:18.722744  1292  1372 E RILMUXD : 3275:thread_serial_device_read(): Interrupt signal EINTR caught
06-13 10:10:18.723989  1399  1416 E RmcOemUrcHandler: rfCableStatusReaderLoop: count:-1 < 0
06-13 10:10:21.481307  1292  1372 E RILMUXD : 3275:thread_serial_device_read(): Interrupt signal EINTR caught
06-13 10:10:21.482636  1399  1416 E RmcOemUrcHandler: rfCableStatusReaderLoop: count:-1 < 0
06-13 10:10:26.724011  1292  1372 E RILMUXD : 3275:thread_serial_device_read(): Interrupt signal EINTR caught
06-13 10:10:26.726049  1399  1416 E RmcOemUrcHandler: rfCableStatusReaderLoop: count:-1 < 0
06-13 10:10:35.305770  1292  1372 E RILMUXD : 3275:thread_serial_device_read(): Interrupt signal EINTR caught
06-13 10:10:35.307666  1399  1416 E RmcOemUrcHandler: rfCableStatusReaderLoop: count:-1 < 0
06-13 10:10:36.047671  1292  1372 E RILMUXD : 3275:thread_serial_device_read(): Interrupt signal EINTR caught
06-13 10:10:36.049223  1399  1416 E RmcOemUrcHandler: rfCableStatusReaderLoop: count:-1 < 0
06-13 10:10:39.624314  1292  1372 E RILMUXD : 3275:thread_serial_device_read(): Interrupt signal EINTR caught
06-13 10:10:39.625665  1399  1416 E RmcOemUrcHandler: rfCableStatusReaderLoop: count:-1 < 0
06-13 10:10:41.135551  1292  1372 E RILMUXD : 3275:thread_serial_device_read(): Interrupt signal EINTR caught
06-13 10:10:41.136772  1399  1416 E RmcOemUrcHandler: rfCableStatusReaderLoop: count:-1 < 0
06-13 10:10:44.215814  1292  1372 E RILMUXD : 3275:thread_serial_device_read(): Interrupt signal EINTR caught
06-13 10:10:44.217386  1399  1416 E RmcOemUrcHandler: rfCableStatusReaderLoop: count:-1 < 0
06-13 10:10:46.051444  1292  1372 E RILMUXD : 3275:thread_serial_device_read(): Interrupt signal EINTR caught
06-13 10:10:46.052659  1399  1416 E RmcOemUrcHandler: rfCableStatusReaderLoop: count:-1 < 0
06-13 10:10:49.328534  1292  1372 E RILMUXD : 3275:thread_serial_device_read(): Interrupt signal EINTR caught
06-13 10:10:49.330054  1399  1416 E RmcOemUrcHandler: rfCableStatusReaderLoop: count:-1 < 0
06-13 10:10:52.405125  1292  1372 E RILMUXD : 3275:thread_serial_device_read(): Interrupt signal EINTR caught
06-13 10:10:52.406459  1399  1416 E RmcOemUrcHandler: rfCableStatusReaderLoop: count:-1 < 0
06-13 10:10:52.664501  1399  1468 I RilClient: initialize: commandFd is 103
06-13 10:10:52.670496  1399  1468 I RilClient: start listen on fd: 30, socket name: rild-oem
06-13 10:10:52.672140  1399  1418 I RmcOemHandler: requestQueryThermal Enter: -1
06-13 10:10:52.672355  1399  1418 I AT      : [0] AT> AT+ETHERMAL (RIL_CMD_READER_1 tid:520943541488)
06-13 10:10:52.681743  1399  1417 I AT      : [0] AT< +ETHERMAL: 2, 32767, -127, 111, 32767, 4046 (RIL_CMD_READER_1, tid:520944577776)
06-13 10:10:52.681869  1399  1417 I AT      : [0] AT< OK (RIL_CMD_READER_1, tid:520944577776)
06-13 10:10:52.682241  1399  1418 I RmcOemHandler: requestQueryThermal success
06-13 10:10:52.751542  1292  1372 E RILMUXD : 3275:thread_serial_device_read(): Interrupt signal EINTR caught
06-13 10:10:52.753301  1399  1416 E RmcOemUrcHandler: rfCableStatusReaderLoop: count:-1 < 0
06-13 10:10:53.336001  1292  1372 E RILMUXD : 3275:thread_serial_device_read(): Interrupt signal EINTR caught
06-13 10:10:53.337867  1399  1416 E RmcOemUrcHandler: rfCableStatusReaderLoop: count:-1 < 0
06-13 10:11:07.150008  1292  1372 E RILMUXD : 3275:thread_serial_device_read(): Interrupt signal EINTR caught
06-13 10:11:07.151575  1399  1416 E RmcOemUrcHandler: rfCableStatusReaderLoop: count:-1 < 0
06-13 10:11:08.069250  1292  1372 E RILMUXD : 3275:thread_serial_device_read(): Interrupt signal EINTR caught
06-13 10:11:08.070619  1399  1416 E RmcOemUrcHandler: rfCableStatusReaderLoop: count:-1 < 0
06-13 10:11:08.990622  1292  1372 E RILMUXD : 3275:thread_serial_device_read(): Interrupt signal EINTR caught
06-13 10:11:08.992815  1399  1416 E RmcOemUrcHandler: rfCableStatusReaderLoop: count:-1 < 0
06-13 10:11:22.815770  1292  1372 E RILMUXD : 3275:thread_serial_device_read(): Interrupt signal EINTR caught
06-13 10:11:22.817084  1399  1416 E RmcOemUrcHandler: rfCableStatusReaderLoop: count:-1 < 0
06-13 10:11:25.897433  1292  1372 E RILMUXD : 3275:thread_serial_device_read(): Interrupt signal EINTR caught
06-13 10:11:25.897686  1399  1416 E RmcOemUrcHandler: rfCableStatusReaderLoop: count:-1 < 0
06-13 10:11:27.731953  1292  1372 E RILMUXD : 3275:thread_serial_device_read(): Interrupt signal EINTR caught
06-13 10:11:27.733122  1399  1416 E RmcOemUrcHandler: rfCableStatusReaderLoop: count:-1 < 0
06-13 10:11:28.078760  1292  1372 E RILMUXD : 3275:thread_serial_device_read(): Interrupt signal EINTR caught
06-13 10:11:28.080571  1399  1416 E RmcOemUrcHandler: rfCableStatusReaderLoop: count:-1 < 0
06-13 10:11:34.806830  1292  1372 E RILMUXD : 3275:thread_serial_device_read(): Interrupt signal EINTR caught
06-13 10:11:34.808516  1399  1416 E RmcOemUrcHandler: rfCableStatusReaderLoop: count:-1 < 0
06-13 10:11:35.314819  1292  1372 E RILMUXD : 3275:thread_serial_device_read(): Interrupt signal EINTR caught
06-13 10:11:35.316237  1399  1416 E RmcOemUrcHandler: rfCableStatusReaderLoop: count:-1 < 0
06-13 10:11:37.563689  1292  1372 E RILMUXD : 3275:thread_serial_device_read(): Interrupt signal EINTR caught
06-13 10:11:37.564132  1399  1416 E RmcOemUrcHandler: rfCableStatusReaderLoop: count:-1 < 0
06-13 10:11:41.380302  1292  1372 E RILMUXD : 3275:thread_serial_device_read(): Interrupt signal EINTR caught
06-13 10:11:41.380763  1399  1416 E RmcOemUrcHandler: rfCableStatusReaderLoop: count:-1 < 0
06-13 10:11:43.717261  1292  1372 E RILMUXD : 3275:thread_serial_device_read(): Interrupt signal EINTR caught
06-13 10:11:43.718476  1399  1416 E RmcOemUrcHandler: rfCableStatusReaderLoop: count:-1 < 0
06-13 10:11:44.635461  1292  1372 E RILMUXD : 3275:thread_serial_device_read(): Interrupt signal EINTR caught
06-13 10:11:44.636857  1399  1416 E RmcOemUrcHandler: rfCableStatusReaderLoop: count:-1 < 0
06-13 10:11:58.142647  1292  1372 E RILMUXD : 3275:thread_serial_device_read(): Interrupt signal EINTR caught
06-13 10:11:58.143996  1399  1416 E RmcOemUrcHandler: rfCableStatusReaderLoop: count:-1 < 0
06-13 10:12:15.961157  1292  1372 E RILMUXD : 3275:thread_serial_device_read(): Interrupt signal EINTR caught
06-13 10:12:15.962078  1399  1416 E RmcOemUrcHandler: rfCableStatusReaderLoop: count:-1 < 0
06-13 10:12:16.879952  1292  1372 E RILMUXD : 3275:thread_serial_device_read(): Interrupt signal EINTR caught
06-13 10:12:16.881051  1399  1416 E RmcOemUrcHandler: rfCableStatusReaderLoop: count:-1 < 0
06-13 10:12:18.455722  1292  1372 E RILMUXD : 3275:thread_serial_device_read(): Interrupt signal EINTR caught
06-13 10:12:18.456063  1399  1416 E RmcOemUrcHandler: rfCableStatusReaderLoop: count:-1 < 0
06-13 10:12:19.961495  1292  1372 E RILMUXD : 3275:thread_serial_device_read(): Interrupt signal EINTR caught
06-13 10:12:19.962903  1399  1416 E RmcOemUrcHandler: rfCableStatusReaderLoop: count:-1 < 0
06-13 10:12:25.797665  1399  1416 E RmcOemUrcHandler: rfCableStatusReaderLoop: count:-1 < 0
06-13 10:12:25.800989  1292  1372 E RILMUXD : 3275:thread_serial_device_read(): Interrupt signal EINTR caught
06-13 10:12:26.126274  1399  1468 I RilClient: initialize: commandFd is 76
06-13 10:12:26.126882  1399  1468 I RilClient: start listen on fd: 30, socket name: rild-oem
06-13 10:12:26.128327  1399  1418 I RmcOemHandler: requestQueryThermal Enter: -1
06-13 10:12:26.128492  1399  1418 I AT      : [0] AT> AT+ETHERMAL (RIL_CMD_READER_1 tid:520943541488)
06-13 10:12:26.137834  1399  1417 I AT      : [0] AT< +ETHERMAL: 2, 32767, -127, 111, 32767, 4046 (RIL_CMD_READER_1, tid:520944577776)
06-13 10:12:26.137963  1399  1417 I AT      : [0] AT< OK (RIL_CMD_READER_1, tid:520944577776)
06-13 10:12:26.138231  1399  1418 I RmcOemHandler: requestQueryThermal success
06-13 10:12:26.160269  1292  1372 E RILMUXD : 3275:thread_serial_device_read(): Interrupt signal EINTR caught
06-13 10:12:26.162125  1399  1416 E RmcOemUrcHandler: rfCableStatusReaderLoop: count:-1 < 0
06-13 10:12:32.711841  1292  1372 E RILMUXD : 3275:thread_serial_device_read(): Interrupt signal EINTR caught
06-13 10:12:32.713235  1399  1416 E RmcOemUrcHandler: rfCableStatusReaderLoop: count:-1 < 0
06-13 10:12:36.548976  1399  1416 E RmcOemUrcHandler: rfCableStatusReaderLoop: count:-1 < 0
06-13 10:12:36.550226  1292  1372 E RILMUXD : 3275:thread_serial_device_read(): Interrupt signal EINTR caught
06-13 10:12:39.948321  1292  1372 E RILMUXD : 3275:thread_serial_device_read(): Interrupt signal EINTR caught
06-13 10:12:39.949729  1399  1416 E RmcOemUrcHandler: rfCableStatusReaderLoop: count:-1 < 0
06-13 10:12:48.531489  1292  1372 E RILMUXD : 3275:thread_serial_device_read(): Interrupt signal EINTR caught
06-13 10:12:48.533012  1399  1416 E RmcOemUrcHandler: rfCableStatusReaderLoop: count:-1 < 0
06-13 10:12:54.369353  1292  1372 E RILMUXD : 3275:thread_serial_device_read(): Interrupt signal EINTR caught
06-13 10:12:54.371086  1399  1416 E RmcOemUrcHandler: rfCableStatusReaderLoop: count:-1 < 0
06-13 10:12:55.283690  1292  1372 E RILMUXD : 3275:thread_serial_device_read(): Interrupt signal EINTR caught
06-13 10:12:55.284895  1399  1416 E RmcOemUrcHandler: rfCableStatusReaderLoop: count:-1 < 0
06-13 10:12:55.628846  1292  1372 E RILMUXD : 3275:thread_serial_device_read(): Interrupt signal EINTR caught
06-13 10:12:55.630517  1399  1416 E RmcOemUrcHandler: rfCableStatusReaderLoop: count:-1 < 0
06-13 10:12:57.445864  1292  1372 E RILMUXD : 3275:thread_serial_device_read(): Interrupt signal EINTR caught
06-13 10:12:57.447638  1399  1416 E RmcOemUrcHandler: rfCableStatusReaderLoop: count:-1 < 0
06-13 10:12:59.281325  1292  1372 E RILMUXD : 3275:thread_serial_device_read(): Interrupt signal EINTR caught
06-13 10:12:59.282986  1399  1416 E RmcOemUrcHandler: rfCableStatusReaderLoop: count:-1 < 0
06-13 10:13:10.033016  1292  1372 E RILMUXD : 3275:thread_serial_device_read(): Interrupt signal EINTR caught
06-13 10:13:10.034392  1399  1416 E RmcOemUrcHandler: rfCableStatusReaderLoop: count:-1 < 0
06-13 10:13:10.380729  1292  1372 E RILMUXD : 3275:thread_serial_device_read(): Interrupt signal EINTR caught
06-13 10:13:10.382368  1399  1416 E RmcOemUrcHandler: rfCableStatusReaderLoop: count:-1 < 0
06-13 10:13:10.731929  1292  1372 E RILMUXD : 3275:thread_serial_device_read(): Interrupt signal EINTR caught
06-13 10:13:10.733770  1399  1416 E RmcOemUrcHandler: rfCableStatusReaderLoop: count:-1 < 0
06-13 10:13:11.803818  1292  1372 E RILMUXD : 3275:thread_serial_device_read(): Interrupt signal EINTR caught
06-13 10:13:11.805606  1399  1416 E RmcOemUrcHandler: rfCableStatusReaderLoop: count:-1 < 0
06-13 10:13:12.259506  1292  1372 E RILMUXD : 3275:thread_serial_device_read(): Interrupt signal EINTR caught
06-13 10:13:12.260959  1399  1416 E RmcOemUrcHandler: rfCableStatusReaderLoop: count:-1 < 0
06-13 10:13:15.469996  1292  1372 E RILMUXD : 3275:thread_serial_device_read(): Interrupt signal EINTR caught
06-13 10:13:15.472536  1399  1416 E RmcOemUrcHandler: rfCableStatusReaderLoop: count:-1 < 0
06-13 10:13:15.817936  1292  1372 E RILMUXD : 3275:thread_serial_device_read(): Interrupt signal EINTR caught
06-13 10:13:15.819702  1399  1416 E RmcOemUrcHandler: rfCableStatusReaderLoop: count:-1 < 0
06-13 10:13:17.306436  1292  1372 E RILMUXD : 3275:thread_serial_device_read(): Interrupt signal EINTR caught
06-13 10:13:17.308191  1399  1416 E RmcOemUrcHandler: rfCableStatusReaderLoop: count:-1 < 0
06-13 10:13:18.222836  1292  1372 E RILMUXD : 3275:thread_serial_device_read(): Interrupt signal EINTR caught
06-13 10:13:18.224302  1399  1416 E RmcOemUrcHandler: rfCableStatusReaderLoop: count:-1 < 0
06-13 10:13:23.465101  1292  1372 E RILMUXD : 3275:thread_serial_device_read(): Interrupt signal EINTR caught
06-13 10:13:23.466359  1399  1416 E RmcOemUrcHandler: rfCableStatusReaderLoop: count:-1 < 0
06-13 10:13:26.543520  1292  1372 E RILMUXD : 3275:thread_serial_device_read(): Interrupt signal EINTR caught
06-13 10:13:26.545493  1399  1416 E RmcOemUrcHandler: rfCableStatusReaderLoop: count:-1 < 0
06-13 10:13:27.137865  1292  1372 E RILMUXD : 3275:thread_serial_device_read(): Interrupt signal EINTR caught
06-13 10:13:27.139206  1399  1416 E RmcOemUrcHandler: rfCableStatusReaderLoop: count:-1 < 0
06-13 10:13:27.140229  1399  1468 I RilClient: initialize: commandFd is 91
06-13 10:13:27.140711  1399  1468 I RilClient: start listen on fd: 30, socket name: rild-oem
06-13 10:13:27.143791  1399  1418 I RmcOemHandler: requestQueryThermal Enter: -1
06-13 10:13:27.143932  1399  1418 I AT      : [0] AT> AT+ETHERMAL (RIL_CMD_READER_1 tid:520943541488)
06-13 10:13:27.153114  1399  1417 I AT      : [0] AT< +ETHERMAL: 2, 32767, -127, 111, 32767, 4046 (RIL_CMD_READER_1, tid:520944577776)
06-13 10:13:27.153200  1399  1417 I AT      : [0] AT< OK (RIL_CMD_READER_1, tid:520944577776)
06-13 10:13:27.153420  1399  1418 I RmcOemHandler: requestQueryThermal success
06-13 10:13:50.380385  1292  1372 E RILMUXD : 3275:thread_serial_device_read(): Interrupt signal EINTR caught
06-13 10:13:50.381806  1399  1416 E RmcOemUrcHandler: rfCableStatusReaderLoop: count:-1 < 0
06-13 10:17:11.286582  1292  1372 E RILMUXD : 3275:thread_serial_device_read(): Interrupt signal EINTR caught
06-13 10:17:11.288251  1399  1416 E RmcOemUrcHandler: rfCableStatusReaderLoop: count:-1 < 0
06-13 10:17:46.288403  1292  1372 E RILMUXD : 3275:thread_serial_device_read(): Interrupt signal EINTR caught
06-13 10:17:46.290233  1399  1416 E RmcOemUrcHandler: rfCableStatusReaderLoop: count:-1 < 0
06-13 10:19:52.383213  1292  1372 E RILMUXD : 3275:thread_serial_device_read(): Interrupt signal EINTR caught
06-13 10:19:52.384323  1399  1416 E RmcOemUrcHandler: rfCableStatusReaderLoop: count:-1 < 0
06-13 10:19:52.965707  1292  1372 E RILMUXD : 3275:thread_serial_device_read(): Interrupt signal EINTR caught
06-13 10:19:52.966718  1399  1416 E RmcOemUrcHandler: rfCableStatusReaderLoop: count:-1 < 0
06-13 10:19:54.098263  1292  1372 E RILMUXD : 3275:thread_serial_device_read(): Interrupt signal EINTR caught
06-13 10:19:54.099942  1399  1416 E RmcOemUrcHandler: rfCableStatusReaderLoop: count:-1 < 0
06-13 10:21:41.383464  1292  1372 E RILMUXD : 3275:thread_serial_device_read(): Interrupt signal EINTR caught
06-13 10:21:41.385351  1399  1416 E RmcOemUrcHandler: rfCableStatusReaderLoop: count:-1 < 0
06-13 10:21:42.333198  1292  1372 E RILMUXD : 3275:thread_serial_device_read(): Interrupt signal EINTR caught
06-13 10:21:42.334908  1399  1416 E RmcOemUrcHandler: rfCableStatusReaderLoop: count:-1 < 0
06-13 10:21:42.868781  1292  1372 E RILMUXD : 3275:thread_serial_device_read(): Interrupt signal EINTR caught
06-13 10:21:42.869942  1399  1416 E RmcOemUrcHandler: rfCableStatusReaderLoop: count:-1 < 0
06-13 10:22:02.769898  1292  1372 E RILMUXD : 3275:thread_serial_device_read(): Interrupt signal EINTR caught
06-13 10:22:02.771368  1399  1416 E RmcOemUrcHandler: rfCableStatusReaderLoop: count:-1 < 0
06-13 10:22:50.382322  1292  1372 E RILMUXD : 3275:thread_serial_device_read(): Interrupt signal EINTR caught
06-13 10:22:50.384150  1399  1416 E RmcOemUrcHandler: rfCableStatusReaderLoop: count:-1 < 0
06-13 10:23:17.064296  1292  1372 E RILMUXD : 3275:thread_serial_device_read(): Interrupt signal EINTR caught
06-13 10:23:17.065693  1399  1416 E RmcOemUrcHandler: rfCableStatusReaderLoop: count:-1 < 0
06-13 10:26:12.380104  1292  1372 E RILMUXD : 3275:thread_serial_device_read(): Interrupt signal EINTR caught
06-13 10:26:12.381499  1399  1416 E RmcOemUrcHandler: rfCableStatusReaderLoop: count:-1 < 0
06-13 10:28:11.261422  1399  1416 E RmcOemUrcHandler: rfCableStatusReaderLoop: count:-1 < 0
06-13 10:28:11.266844  1292  1372 E RILMUXD : 3275:thread_serial_device_read(): Interrupt signal EINTR caught
06-13 10:31:22.822345  1292  1372 E RILMUXD : 3275:thread_serial_device_read(): Interrupt signal EINTR caught
06-13 10:31:22.823466  1399  1416 E RmcOemUrcHandler: rfCableStatusReaderLoop: count:-1 < 0
06-13 10:31:22.937747  1399  1468 I RilClient: initialize: commandFd is 76
06-13 10:31:22.938345  1399  1468 I RilClient: start listen on fd: 30, socket name: rild-oem
06-13 10:31:22.939640  1399  1418 I RmcOemHandler: requestQueryThermal Enter: -1
06-13 10:31:22.939809  1399  1418 I AT      : [0] AT> AT+ETHERMAL (RIL_CMD_READER_1 tid:520943541488)
06-13 10:31:22.943144  1399  1417 I AT      : [0] AT< +ETHERMAL: 2, 32767, -127, 111, 32767, 4046 (RIL_CMD_READER_1, tid:520944577776)
06-13 10:31:22.943390  1399  1417 I AT      : [0] AT< OK (RIL_CMD_READER_1, tid:520944577776)
06-13 10:31:22.943639  1399  1418 I RmcOemHandler: requestQueryThermal success
06-13 10:31:41.382807  1292  1372 E RILMUXD : 3275:thread_serial_device_read(): Interrupt signal EINTR caught
06-13 10:31:41.384662  1399  1416 E RmcOemUrcHandler: rfCableStatusReaderLoop: count:-1 < 0
06-13 10:31:58.378315  1292  1372 E RILMUXD : 3275:thread_serial_device_read(): Interrupt signal EINTR caught
06-13 10:31:58.379649  1399  1416 E RmcOemUrcHandler: rfCableStatusReaderLoop: count:-1 < 0
06-13 10:34:17.447880  1292  1372 E RILMUXD : 3275:thread_serial_device_read(): Interrupt signal EINTR caught
06-13 10:34:17.450110  1399  1416 E RmcOemUrcHandler: rfCableStatusReaderLoop: count:-1 < 0
06-13 10:34:17.933164  1292  1372 E RILMUXD : 3275:thread_serial_device_read(): Interrupt signal EINTR caught
06-13 10:34:17.934987  1399  1416 E RmcOemUrcHandler: rfCableStatusReaderLoop: count:-1 < 0
06-13 10:34:53.380284  1292  1372 E RILMUXD : 3275:thread_serial_device_read(): Interrupt signal EINTR caught
06-13 10:34:53.381604  1399  1416 E RmcOemUrcHandler: rfCableStatusReaderLoop: count:-1 < 0
06-13 10:34:53.939493  1292  1372 E RILMUXD : 3275:thread_serial_device_read(): Interrupt signal EINTR caught
06-13 10:34:53.941591  1399  1416 E RmcOemUrcHandler: rfCableStatusReaderLoop: count:-1 < 0
06-13 10:34:54.354189  1292  1372 E RILMUXD : 3275:thread_serial_device_read(): Interrupt signal EINTR caught
06-13 10:34:54.355375  1399  1416 E RmcOemUrcHandler: rfCableStatusReaderLoop: count:-1 < 0
06-13 10:40:52.879430  1292  1372 E RILMUXD : 3275:thread_serial_device_read(): Interrupt signal EINTR caught
06-13 10:40:52.880695  1399  1416 E RmcOemUrcHandler: rfCableStatusReaderLoop: count:-1 < 0
06-13 10:41:32.754420  1292  1372 E RILMUXD : 3275:thread_serial_device_read(): Interrupt signal EINTR caught
06-13 10:41:32.756225  1399  1416 E RmcOemUrcHandler: rfCableStatusReaderLoop: count:-1 < 0
06-13 10:41:41.382232  1292  1372 E RILMUXD : 3275:thread_serial_device_read(): Interrupt signal EINTR caught
06-13 10:41:41.383514  1399  1416 E RmcOemUrcHandler: rfCableStatusReaderLoop: count:-1 < 0
06-13 10:41:41.926659  1292  1372 E RILMUXD : 3275:thread_serial_device_read(): Interrupt signal EINTR caught
06-13 10:41:41.928456  1399  1416 E RmcOemUrcHandler: rfCableStatusReaderLoop: count:-1 < 0
06-13 10:47:03.712814  1292  1372 E RILMUXD : 3275:thread_serial_device_read(): Interrupt signal EINTR caught
06-13 10:47:03.714087  1399  1416 E RmcOemUrcHandler: rfCableStatusReaderLoop: count:-1 < 0
06-13 10:47:04.389004  1399  1404 I RfxMclMessenger: RFX_MSG_REQUEST_GET_ACTIVITY_INFO(55518) dispatchs to main protocol: 0
06-13 10:47:04.389469  1399  1418 I AT      : [0] AT> AT+ERFTX=11 (RIL_CMD_READER_1 tid:520943541488)
06-13 10:47:04.419629  1399  1417 I AT      : [0] AT< +ERFTX: 11,5,0,0,0,0,0,6127,2624284,199706 (RIL_CMD_READER_1, tid:520944577776)
06-13 10:47:04.419699  1399  1417 I AT      : [0] AT< OK (RIL_CMD_READER_1, tid:520944577776)
06-13 10:47:05.368120  1399  1468 I RilClient: initialize: commandFd is 103
06-13 10:47:05.368511  1399  1468 I RilClient: start listen on fd: 30, socket name: rild-oem
06-13 10:47:05.369259  1399  1418 I RmcOemHandler: requestQueryThermal Enter: -1
06-13 10:47:05.369346  1399  1418 I AT      : [0] AT> AT+ETHERMAL (RIL_CMD_READER_1 tid:520943541488)
06-13 10:47:05.371907  1399  1417 I AT      : [0] AT< +ETHERMAL: 2, 32767, -127, 111, 32767, 4046 (RIL_CMD_READER_1, tid:520944577776)
06-13 10:47:05.371984  1399  1417 I AT      : [0] AT< OK (RIL_CMD_READER_1, tid:520944577776)
06-13 10:47:05.372187  1399  1418 I RmcOemHandler: requestQueryThermal success
06-13 10:47:05.466656  1292  1372 E RILMUXD : 3275:thread_serial_device_read(): Interrupt signal EINTR caught
06-13 10:47:05.468153  1399  1416 E RmcOemUrcHandler: rfCableStatusReaderLoop: count:-1 < 0
06-13 10:47:06.318821  1292  1372 E RILMUXD : 3275:thread_serial_device_read(): Interrupt signal EINTR caught
06-13 10:47:06.319755  1399  1416 E RmcOemUrcHandler: rfCableStatusReaderLoop: count:-1 < 0
06-13 10:47:45.392850  1292  1372 E RILMUXD : 3275:thread_serial_device_read(): Interrupt signal EINTR caught
06-13 10:47:45.394253  1399  1416 E RmcOemUrcHandler: rfCableStatusReaderLoop: count:-1 < 0
06-13 10:47:46.095789  1292  1372 E RILMUXD : 3275:thread_serial_device_read(): Interrupt signal EINTR caught
06-13 10:47:46.097239  1399  1416 E RmcOemUrcHandler: rfCableStatusReaderLoop: count:-1 < 0
06-13 10:49:54.382584  1292  1372 E RILMUXD : 3275:thread_serial_device_read(): Interrupt signal EINTR caught
06-13 10:49:54.383711  1399  1416 E RmcOemUrcHandler: rfCableStatusReaderLoop: count:-1 < 0
06-13 10:49:54.940747  1292  1372 E RILMUXD : 3275:thread_serial_device_read(): Interrupt signal EINTR caught
06-13 10:49:54.942072  1399  1416 E RmcOemUrcHandler: rfCableStatusReaderLoop: count:-1 < 0
06-13 10:49:55.468585  1292  1372 E RILMUXD : 3275:thread_serial_device_read(): Interrupt signal EINTR caught
06-13 10:49:55.470347  1399  1416 E RmcOemUrcHandler: rfCableStatusReaderLoop: count:-1 < 0
06-13 10:51:05.076829  1292  1372 E RILMUXD : 3275:thread_serial_device_read(): Interrupt signal EINTR caught
06-13 10:51:05.077894  1399  1416 E RmcOemUrcHandler: rfCableStatusReaderLoop: count:-1 < 0
06-13 10:51:41.383781  1292  1372 E RILMUXD : 3275:thread_serial_device_read(): Interrupt signal EINTR caught
06-13 10:51:41.385404  1399  1416 E RmcOemUrcHandler: rfCableStatusReaderLoop: count:-1 < 0
06-13 10:51:52.940568  1399  1416 E RmcOemUrcHandler: rfCableStatusReaderLoop: count:-1 < 0
06-13 10:51:52.943973  1292  1372 E RILMUXD : 3275:thread_serial_device_read(): Interrupt signal EINTR caught
06-13 10:51:53.583595  1399  1416 E RmcOemUrcHandler: rfCableStatusReaderLoop: count:-1 < 0
06-13 10:51:53.587586  1292  1372 E RILMUXD : 3275:thread_serial_device_read(): Interrupt signal EINTR caught
06-13 10:53:56.383548  1292  1372 E RILMUXD : 3275:thread_serial_device_read(): Interrupt signal EINTR caught
06-13 10:53:56.384902  1399  1416 E RmcOemUrcHandler: rfCableStatusReaderLoop: count:-1 < 0
06-13 10:55:05.411081  1292  1372 E RILMUXD : 3275:thread_serial_device_read(): Interrupt signal EINTR caught
06-13 10:55:05.411950  1399  1416 E RmcOemUrcHandler: rfCableStatusReaderLoop: count:-1 < 0
06-13 11:00:00.384337  1292  1372 E RILMUXD : 3275:thread_serial_device_read(): Interrupt signal EINTR caught
06-13 11:00:00.386187  1399  1416 E RmcOemUrcHandler: rfCableStatusReaderLoop: count:-1 < 0
06-13 11:00:00.450812  1399  1404 I RfxMclMessenger: RFX_MSG_REQUEST_GET_ACTIVITY_INFO(55518) dispatchs to main protocol: 0
06-13 11:00:00.451184  1399  1418 I AT      : [0] AT> AT+ERFTX=11 (RIL_CMD_READER_1 tid:520943541488)
06-13 11:00:00.477480  1399  1417 I AT      : [0] AT< +ERFTX: 11,5,0,0,0,0,0,1653,720540,55520 (RIL_CMD_READER_1, tid:520944577776)
06-13 11:00:00.477587  1399  1417 I AT      : [0] AT< OK (RIL_CMD_READER_1, tid:520944577776)
06-13 11:00:00.631426  1399  1404 I RfxMclMessenger: RFX_MSG_REQUEST_GET_ACTIVITY_INFO(55518) dispatchs to main protocol: 0
06-13 11:00:00.631865  1399  1418 I AT      : [0] AT> AT+ERFTX=11 (RIL_CMD_READER_1 tid:520943541488)
06-13 11:00:00.657286  1399  1417 I AT      : [0] AT< +ERFTX: 11,5,0,0,0,0,0,0,152,28 (RIL_CMD_READER_1, tid:520944577776)
06-13 11:00:00.657374  1399  1417 I AT      : [0] AT< OK (RIL_CMD_READER_1, tid:520944577776)
06-13 11:01:41.383708  1292  1372 E RILMUXD : 3275:thread_serial_device_read(): Interrupt signal EINTR caught
06-13 11:01:41.384674  1399  1416 E RmcOemUrcHandler: rfCableStatusReaderLoop: count:-1 < 0
06-13 11:03:56.384327  1292  1372 E RILMUXD : 3275:thread_serial_device_read(): Interrupt signal EINTR caught
06-13 11:03:56.386019  1399  1416 E RmcOemUrcHandler: rfCableStatusReaderLoop: count:-1 < 0
06-13 11:03:56.649847  1292  1372 E RILMUXD : 3275:thread_serial_device_read(): Interrupt signal EINTR caught
06-13 11:03:56.651549  1399  1416 E RmcOemUrcHandler: rfCableStatusReaderLoop: count:-1 < 0
06-13 11:04:55.383624  1292  1372 E RILMUXD : 3275:thread_serial_device_read(): Interrupt signal EINTR caught
06-13 11:04:55.385024  1399  1416 E RmcOemUrcHandler: rfCableStatusReaderLoop: count:-1 < 0
06-13 11:04:55.670948  1292  1372 E RILMUXD : 3275:thread_serial_device_read(): Interrupt signal EINTR caught
06-13 11:04:55.672524  1399  1416 E RmcOemUrcHandler: rfCableStatusReaderLoop: count:-1 < 0
06-13 11:04:55.832443  1399  1468 I RilClient: initialize: commandFd is 91
06-13 11:04:55.833203  1399  1468 I RilClient: start listen on fd: 30, socket name: rild-oem
06-13 11:04:55.834359  1399  1418 I RmcOemHandler: requestQueryThermal Enter: -1
06-13 11:04:55.834501  1399  1418 I AT      : [0] AT> AT+ETHERMAL (RIL_CMD_READER_1 tid:520943541488)
06-13 11:04:55.844023  1399  1417 I AT      : [0] AT< +ETHERMAL: 2, 32767, -127, 111, 32767, 4046 (RIL_CMD_READER_1, tid:520944577776)
06-13 11:04:55.844148  1399  1417 I AT      : [0] AT< OK (RIL_CMD_READER_1, tid:520944577776)
06-13 11:04:55.844357  1399  1418 I RmcOemHandler: requestQueryThermal success
06-13 11:05:02.996495  1292  1372 E RILMUXD : 3275:thread_serial_device_read(): Interrupt signal EINTR caught
06-13 11:05:02.997669  1399  1416 E RmcOemUrcHandler: rfCableStatusReaderLoop: count:-1 < 0
06-13 11:06:57.383405  1292  1372 E RILMUXD : 3275:thread_serial_device_read(): Interrupt signal EINTR caught
06-13 11:06:57.384706  1399  1416 E RmcOemUrcHandler: rfCableStatusReaderLoop: count:-1 < 0
06-13 11:10:44.633903  1292  1372 E RILMUXD : 3275:thread_serial_device_read(): Interrupt signal EINTR caught
06-13 11:10:44.635999  1399  1416 E RmcOemUrcHandler: rfCableStatusReaderLoop: count:-1 < 0
06-13 11:10:45.177762  1292  1372 E RILMUXD : 3275:thread_serial_device_read(): Interrupt signal EINTR caught
06-13 11:10:45.179482  1399  1416 E RmcOemUrcHandler: rfCableStatusReaderLoop: count:-1 < 0
06-13 11:10:45.665287  1292  1372 E RILMUXD : 3275:thread_serial_device_read(): Interrupt signal EINTR caught
06-13 11:10:45.667027  1399  1416 E RmcOemUrcHandler: rfCableStatusReaderLoop: count:-1 < 0
06-13 11:10:48.627263  1292  1372 E RILMUXD : 3275:thread_serial_device_read(): Interrupt signal EINTR caught
06-13 11:10:48.629060  1399  1416 E RmcOemUrcHandler: rfCableStatusReaderLoop: count:-1 < 0
06-13 11:10:49.108034  1292  1372 E RILMUXD : 3275:thread_serial_device_read(): Interrupt signal EINTR caught
06-13 11:10:49.109374  1399  1416 E RmcOemUrcHandler: rfCableStatusReaderLoop: count:-1 < 0
06-13 11:10:52.517801  1292  1372 E RILMUXD : 3275:thread_serial_device_read(): Interrupt signal EINTR caught
06-13 11:10:52.519026  1399  1416 E RmcOemUrcHandler: rfCableStatusReaderLoop: count:-1 < 0
06-13 11:11:41.383374  1292  1372 E RILMUXD : 3275:thread_serial_device_read(): Interrupt signal EINTR caught
06-13 11:11:41.384749  1399  1416 E RmcOemUrcHandler: rfCableStatusReaderLoop: count:-1 < 0
06-13 11:12:47.386888  1292  1372 E RILMUXD : 3275:thread_serial_device_read(): Interrupt signal EINTR caught
06-13 11:12:47.388840  1399  1416 E RmcOemUrcHandler: rfCableStatusReaderLoop: count:-1 < 0
06-13 11:12:47.918990  1399  1416 E RmcOemUrcHandler: rfCableStatusReaderLoop: count:-1 < 0
06-13 11:12:47.919166  1292  1372 E RILMUXD : 3275:thread_serial_device_read(): Interrupt signal EINTR caught
06-13 11:13:51.384304  1292  1372 E RILMUXD : 3275:thread_serial_device_read(): Interrupt signal EINTR caught
06-13 11:13:51.385689  1399  1416 E RmcOemUrcHandler: rfCableStatusReaderLoop: count:-1 < 0
06-13 11:13:51.670000  1292  1372 E RILMUXD : 3275:thread_serial_device_read(): Interrupt signal EINTR caught
06-13 11:13:51.671373  1399  1416 E RmcOemUrcHandler: rfCableStatusReaderLoop: count:-1 < 0
06-13 11:13:57.291143  1292  1372 E RILMUXD : 3275:thread_serial_device_read(): Interrupt signal EINTR caught
06-13 11:13:57.292407  1399  1416 E RmcOemUrcHandler: rfCableStatusReaderLoop: count:-1 < 0
06-13 11:21:38.385509  1292  1372 E RILMUXD : 3275:thread_serial_device_read(): Interrupt signal EINTR caught
06-13 11:21:38.387115  1399  1416 E RmcOemUrcHandler: rfCableStatusReaderLoop: count:-1 < 0
06-13 11:21:38.388439  1399  1468 I RilClient: initialize: commandFd is 76
06-13 11:21:38.389038  1399  1468 I RilClient: start listen on fd: 30, socket name: rild-oem
06-13 11:21:38.394002  1399  1418 I RmcOemHandler: requestQueryThermal Enter: -1
06-13 11:21:38.394198  1399  1418 I AT      : [0] AT> AT+ETHERMAL (RIL_CMD_READER_1 tid:520943541488)
06-13 11:21:38.403500  1399  1417 I AT      : [0] AT< +ETHERMAL: 2, 32767, -127, 111, 32767, 4046 (RIL_CMD_READER_1, tid:520944577776)
06-13 11:21:38.403542  1399  1417 I AT      : [0] AT< OK (RIL_CMD_READER_1, tid:520944577776)
06-13 11:21:38.403766  1399  1418 I RmcOemHandler: requestQueryThermal success
06-13 11:21:39.327377  1292  1372 E RILMUXD : 3275:thread_serial_device_read(): Interrupt signal EINTR caught
06-13 11:21:39.329128  1399  1416 E RmcOemUrcHandler: rfCableStatusReaderLoop: count:-1 < 0
06-13 11:24:13.057130  1292  1372 E RILMUXD : 3275:thread_serial_device_read(): Interrupt signal EINTR caught
06-13 11:24:13.058909  1399  1416 E RmcOemUrcHandler: rfCableStatusReaderLoop: count:-1 < 0
06-13 11:25:51.382039  1292  1372 E RILMUXD : 3275:thread_serial_device_read(): Interrupt signal EINTR caught
06-13 11:25:51.384082  1399  1416 E RmcOemUrcHandler: rfCableStatusReaderLoop: count:-1 < 0
06-13 11:25:51.788458  1292  1372 E RILMUXD : 3275:thread_serial_device_read(): Interrupt signal EINTR caught
06-13 11:25:51.790198  1399  1416 E RmcOemUrcHandler: rfCableStatusReaderLoop: count:-1 < 0
06-13 11:25:52.474672  1399  1416 E RmcOemUrcHandler: rfCableStatusReaderLoop: count:-1 < 0
06-13 11:25:52.475302  1292  1372 E RILMUXD : 3275:thread_serial_device_read(): Interrupt signal EINTR caught
06-13 11:25:54.041698  1292  1372 E RILMUXD : 3275:thread_serial_device_read(): Interrupt signal EINTR caught
06-13 11:25:54.043085  1399  1416 E RmcOemUrcHandler: rfCableStatusReaderLoop: count:-1 < 0
06-13 11:30:58.904265  1292  1372 E RILMUXD : 3275:thread_serial_device_read(): Interrupt signal EINTR caught
06-13 11:30:58.906108  1399  1416 E RmcOemUrcHandler: rfCableStatusReaderLoop: count:-1 < 0
06-13 11:30:59.734523  1292  1372 E RILMUXD : 3275:thread_serial_device_read(): Interrupt signal EINTR caught
06-13 11:30:59.735824  1399  1416 E RmcOemUrcHandler: rfCableStatusReaderLoop: count:-1 < 0
06-13 11:31:41.385840  1292  1372 E RILMUXD : 3275:thread_serial_device_read(): Interrupt signal EINTR caught
06-13 11:31:41.387112  1399  1416 E RmcOemUrcHandler: rfCableStatusReaderLoop: count:-1 < 0
06-13 11:32:12.295106  1292  1372 E RILMUXD : 3275:thread_serial_device_read(): Interrupt signal EINTR caught
06-13 11:32:12.296902  1399  1416 E RmcOemUrcHandler: rfCableStatusReaderLoop: count:-1 < 0
06-13 11:32:47.384901  1292  1372 E RILMUXD : 3275:thread_serial_device_read(): Interrupt signal EINTR caught
06-13 11:32:47.386186  1399  1416 E RmcOemUrcHandler: rfCableStatusReaderLoop: count:-1 < 0
06-13 11:32:47.394126  1399  1468 I RilClient: initialize: commandFd is 103
06-13 11:32:47.394665  1399  1468 I RilClient: start listen on fd: 30, socket name: rild-oem
06-13 11:32:47.396101  1399  1418 I RmcOemHandler: requestQueryThermal Enter: -1
06-13 11:32:47.396217  1399  1418 I AT      : [0] AT> AT+ETHERMAL (RIL_CMD_READER_1 tid:520943541488)
06-13 11:32:47.405240  1399  1417 I AT      : [0] AT< +ETHERMAL: 2, 32767, -127, 111, 32767, 4046 (RIL_CMD_READER_1, tid:520944577776)
06-13 11:32:47.405343  1399  1417 I AT      : [0] AT< OK (RIL_CMD_READER_1, tid:520944577776)
