06-13 09:51:31.503894  1399  1416 E RmcOemUrcHandler: rfCableStatusReaderLoop: count:-1 < 0
06-13 09:51:33.892417  1292  1372 E RILMUXD : 3275:thread_serial_device_read(): Interrupt signal EINTR caught
06-13 09:51:33.894891  1399  1416 E RmcOemUrcHandler: rfCableStatusReaderLoop: count:-1 < 0
06-13 09:51:35.170385  1292  1372 E RILMUXD : 3275:thread_serial_device_read(): Interrupt signal EINTR caught
06-13 09:51:35.171980  1399  1416 E RmcOemUrcHandler: rfCableStatusReaderLoop: count:-1 < 0
06-13 09:51:36.420667  1292  1372 E RILMUXD : 3275:thread_serial_device_read(): Interrupt signal EINTR caught
06-13 09:51:36.422043  1399  1416 E RmcOemUrcHandler: rfCableStatusReaderLoop: count:-1 < 0
06-13 09:51:36.676073  1399  1468 I RilClient: initialize: commandFd is 76
06-13 09:51:36.676723  1399  1468 I RilClient: start listen on fd: 30, socket name: rild-oem
06-13 09:51:36.678121  1399  1418 I RmcOemHandler: requestQueryThermal Enter: -1
06-13 09:51:36.678410  1399  1418 I AT      : [0] AT> AT+ETHERMAL (RIL_CMD_READER_1 tid:520943541488)
06-13 09:51:36.688026  1399  1417 I AT      : [0] AT< +ETHERMAL: 2, 32767, -127, 111, 32767, 4046 (RIL_CMD_READER_1, tid:520944577776)
06-13 09:51:36.688266  1399  1417 I AT      : [0] AT< OK (RIL_CMD_READER_1, tid:520944577776)
06-13 09:51:36.688647  1399  1418 I RmcOemHandler: requestQueryThermal success
06-13 09:51:36.771694  1292  1372 E RILMUXD : 3275:thread_serial_device_read(): Interrupt signal EINTR caught
06-13 09:51:36.772838  1399  1416 E RmcOemUrcHandler: rfCableStatusReaderLoop: count:-1 < 0
06-13 09:51:41.380618  1292  1372 E RILMUXD : 3275:thread_serial_device_read(): Interrupt signal EINTR caught
06-13 09:51:41.382327  1399  1416 E RmcOemUrcHandler: rfCableStatusReaderLoop: count:-1 < 0
06-13 09:51:41.926572  1292  1372 E RILMUXD : 3275:thread_serial_device_read(): Interrupt signal EINTR caught
06-13 09:51:41.930388  1399  1416 E RmcOemUrcHandler: rfCableStatusReaderLoop: count:-1 < 0
06-13 09:51:45.000795  1292  1372 E RILMUXD : 3275:thread_serial_device_read(): Interrupt signal EINTR caught
06-13 09:51:45.002429  1399  1416 E RmcOemUrcHandler: rfCableStatusReaderLoop: count:-1 < 0
06-13 09:51:51.427280  1292  1372 E RILMUXD : 3275:thread_serial_device_read(): Interrupt signal EINTR caught
06-13 09:51:51.428734  1399  1416 E RmcOemUrcHandler: rfCableStatusReaderLoop: count:-1 < 0
06-13 09:51:53.913825  1292  1372 E RILMUXD : 3275:thread_serial_device_read(): Interrupt signal EINTR caught
06-13 09:51:53.915177  1399  1416 E RmcOemUrcHandler: rfCableStatusReaderLoop: count:-1 < 0
06-13 09:51:55.158646  1292  1372 E RILMUXD : 3275:thread_serial_device_read(): Interrupt signal EINTR caught
06-13 09:51:55.160446  1399  1416 E RmcOemUrcHandler: rfCableStatusReaderLoop: count:-1 < 0
06-13 09:51:55.176450  1399  1418 I AT      : [0] AT> AT+ECELL (RIL_CMD_READER_1 tid:520943541488)
06-13 09:51:55.185377  1399  1417 I AT      : [0] AT< +ECELL=*** (RIL_CMD_READER_1, tid:520944577776)
06-13 09:51:55.185469  1399  1417 I AT      : [0] AT< OK (RIL_CMD_READER_1, tid:520944577776)
06-13 09:51:55.185678  1399  1418 D RmcNwHdlr: [0] act=2,cid=***4CD7,mcc=286,mnc=1,mnc_len=2,lacTac=**42,pscPci=*BE,sig1=56,sig2=42,rsrp=-260,rsrq=-14,ta=2147483647,rssnr=2147483647,cqi=2147483647,bsic=0,arfcn=10813
06-13 09:51:55.185756  1399  1418 E RmcNwHdlr: [0] rscp=56, ecno=42
06-13 09:51:55.185799  1399  1418 D RmcNwHdlr: [0] act=2,cid=***4CD7,mcc=286,mnc=1,mnc_len=2,lacTac=**42,pscPci=*BE,sig1=51,sig2=42,rsrp=-280,rsrq=-14,ta=2147483647,rssnr=2147483647,cqi=2147483647,bsic=0,arfcn=10813
06-13 09:51:55.185824  1399  1418 E RmcNwHdlr: [0] rscp=51, ecno=42
06-13 09:51:56.169125  1292  1372 E RILMUXD : 3275:thread_serial_device_read(): Interrupt signal EINTR caught
06-13 09:51:56.170770  1399  1416 E RmcOemUrcHandler: rfCableStatusReaderLoop: count:-1 < 0
06-13 09:52:01.588851  1292  1372 E RILMUXD : 3275:thread_serial_device_read(): Interrupt signal EINTR caught
06-13 09:52:01.590354  1399  1416 E RmcOemUrcHandler: rfCableStatusReaderLoop: count:-1 < 0
06-13 09:52:02.830254  1399  1416 E RmcOemUrcHandler: rfCableStatusReaderLoop: count:-1 < 0
06-13 09:52:02.831419  1292  1372 E RILMUXD : 3275:thread_serial_device_read(): Interrupt signal EINTR caught
06-13 09:52:06.436023  1292  1372 E RILMUXD : 3275:thread_serial_device_read(): Interrupt signal EINTR caught
06-13 09:52:06.437413  1399  1416 E RmcOemUrcHandler: rfCableStatusReaderLoop: count:-1 < 0
06-13 09:52:09.576129  1292  1372 E RILMUXD : 3275:thread_serial_device_read(): Interrupt signal EINTR caught
06-13 09:52:09.577512  1399  1416 E RmcOemUrcHandler: rfCableStatusReaderLoop: count:-1 < 0
06-13 09:52:17.575930  1292  1372 E RILMUXD : 3275:thread_serial_device_read(): Interrupt signal EINTR caught
06-13 09:52:17.577225  1399  1416 E RmcOemUrcHandler: rfCableStatusReaderLoop: count:-1 < 0
06-13 09:52:19.734864  1292  1372 E RILMUXD : 3275:thread_serial_device_read(): Interrupt signal EINTR caught
06-13 09:52:19.736384  1399  1416 E RmcOemUrcHandler: rfCableStatusReaderLoop: count:-1 < 0
06-13 09:52:20.399674  1292  1372 E RILMUXD : 3275:thread_serial_device_read(): Interrupt signal EINTR caught
06-13 09:52:20.400759  1399  1416 E RmcOemUrcHandler: rfCableStatusReaderLoop: count:-1 < 0
06-13 09:52:21.441318  1292  1372 E RILMUXD : 3275:thread_serial_device_read(): Interrupt signal EINTR caught
06-13 09:52:21.442656  1399  1416 E RmcOemUrcHandler: rfCableStatusReaderLoop: count:-1 < 0
06-13 09:52:26.882595  1292  1372 E RILMUXD : 3275:thread_serial_device_read(): Interrupt signal EINTR caught
06-13 09:52:26.882754  1399  1416 E RmcOemUrcHandler: rfCableStatusReaderLoop: count:-1 < 0
06-13 09:52:31.795225  1292  1372 E RILMUXD : 3275:thread_serial_device_read(): Interrupt signal EINTR caught
06-13 09:52:31.796590  1399  1416 E RmcOemUrcHandler: rfCableStatusReaderLoop: count:-1 < 0
06-13 09:52:32.451355  1292  1372 E RILMUXD : 3275:thread_serial_device_read(): Interrupt signal EINTR caught
06-13 09:52:32.452729  1399  1416 E RmcOemUrcHandler: rfCableStatusReaderLoop: count:-1 < 0
06-13 09:52:34.356054  1292  1372 E RILMUXD : 3275:thread_serial_device_read(): Interrupt signal EINTR caught
06-13 09:52:34.357569  1399  1416 E RmcOemUrcHandler: rfCableStatusReaderLoop: count:-1 < 0
06-13 09:52:36.452729  1292  1372 E RILMUXD : 3275:thread_serial_device_read(): Interrupt signal EINTR caught
06-13 09:52:36.454035  1399  1416 E RmcOemUrcHandler: rfCableStatusReaderLoop: count:-1 < 0
06-13 09:52:41.431020  1292  1372 E RILMUXD : 3275:thread_serial_device_read(): Interrupt signal EINTR caught
06-13 09:52:41.432392  1399  1416 E RmcOemUrcHandler: rfCableStatusReaderLoop: count:-1 < 0
06-13 09:52:41.661444  1399  1468 I RilClient: initialize: commandFd is 91
06-13 09:52:41.661912  1399  1468 I RilClient: start listen on fd: 30, socket name: rild-oem
06-13 09:52:41.662881  1399  1418 I RmcOemHandler: requestQueryThermal Enter: -1
06-13 09:52:41.662973  1399  1418 I AT      : [0] AT> AT+ETHERMAL (RIL_CMD_READER_1 tid:520943541488)
06-13 09:52:41.672249  1399  1417 I AT      : [0] AT< +ETHERMAL: 2, 32767, -127, 111, 32767, 4046 (RIL_CMD_READER_1, tid:520944577776)
06-13 09:52:41.672377  1399  1417 I AT      : [0] AT< OK (RIL_CMD_READER_1, tid:520944577776)
06-13 09:52:41.672686  1399  1418 I RmcOemHandler: requestQueryThermal success
06-13 09:52:41.777362  1292  1372 E RILMUXD : 3275:thread_serial_device_read(): Interrupt signal EINTR caught
06-13 09:52:41.779263  1399  1416 E RmcOemUrcHandler: rfCableStatusReaderLoop: count:-1 < 0
06-13 09:52:44.511953  1292  1372 E RILMUXD : 3275:thread_serial_device_read(): Interrupt signal EINTR caught
06-13 09:52:44.513460  1399  1416 E RmcOemUrcHandler: rfCableStatusReaderLoop: count:-1 < 0
06-13 09:52:46.674891  1292  1372 E RILMUXD : 3275:thread_serial_device_read(): Interrupt signal EINTR caught
06-13 09:52:46.676176  1399  1416 E RmcOemUrcHandler: rfCableStatusReaderLoop: count:-1 < 0
06-13 09:52:48.506911  1292  1372 E RILMUXD : 3275:thread_serial_device_read(): Interrupt signal EINTR caught
06-13 09:52:48.508232  1399  1416 E RmcOemUrcHandler: rfCableStatusReaderLoop: count:-1 < 0
06-13 09:52:49.425158  1292  1372 E RILMUXD : 3275:thread_serial_device_read(): Interrupt signal EINTR caught
06-13 09:52:49.426564  1399  1416 E RmcOemUrcHandler: rfCableStatusReaderLoop: count:-1 < 0
06-13 09:52:49.752570  1292  1372 E RILMUXD : 3275:thread_serial_device_read(): Interrupt signal EINTR caught
06-13 09:52:49.753964  1399  1416 E RmcOemUrcHandler: rfCableStatusReaderLoop: count:-1 < 0
06-13 09:52:56.373712  1292  1372 E RILMUXD : 3275:thread_serial_device_read(): Interrupt signal EINTR caught
06-13 09:52:56.375029  1399  1416 E RmcOemUrcHandler: rfCableStatusReaderLoop: count:-1 < 0
06-13 09:52:57.296738  1292  1372 E RILMUXD : 3275:thread_serial_device_read(): Interrupt signal EINTR caught
06-13 09:52:57.298143  1399  1416 E RmcOemUrcHandler: rfCableStatusReaderLoop: count:-1 < 0
06-13 09:53:06.206402  1292  1372 E RILMUXD : 3275:thread_serial_device_read(): Interrupt signal EINTR caught
06-13 09:53:06.208103  1399  1416 E RmcOemUrcHandler: rfCableStatusReaderLoop: count:-1 < 0
06-13 09:53:07.124594  1292  1372 E RILMUXD : 3275:thread_serial_device_read(): Interrupt signal EINTR caught
06-13 09:53:07.126104  1399  1416 E RmcOemUrcHandler: rfCableStatusReaderLoop: count:-1 < 0
06-13 09:53:08.689701  1292  1372 E RILMUXD : 3275:thread_serial_device_read(): Interrupt signal EINTR caught
06-13 09:53:08.691039  1399  1416 E RmcOemUrcHandler: rfCableStatusReaderLoop: count:-1 < 0
06-13 09:53:14.857876  1292  1372 E RILMUXD : 3275:thread_serial_device_read(): Interrupt signal EINTR caught
06-13 09:53:14.859198  1399  1416 E RmcOemUrcHandler: rfCableStatusReaderLoop: count:-1 < 0
06-13 09:53:15.502375  1292  1372 E RILMUXD : 3275:thread_serial_device_read(): Interrupt signal EINTR caught
06-13 09:53:15.503669  1399  1416 E RmcOemUrcHandler: rfCableStatusReaderLoop: count:-1 < 0
06-13 09:53:16.013596  1292  1372 E RILMUXD : 3275:thread_serial_device_read(): Interrupt signal EINTR caught
06-13 09:53:16.015323  1399  1416 E RmcOemUrcHandler: rfCableStatusReaderLoop: count:-1 < 0
06-13 09:53:16.773696  1292  1372 E RILMUXD : 3275:thread_serial_device_read(): Interrupt signal EINTR caught
06-13 09:53:16.775440  1399  1416 E RmcOemUrcHandler: rfCableStatusReaderLoop: count:-1 < 0
06-13 09:53:29.992775  1292  1372 E RILMUXD : 3275:thread_serial_device_read(): Interrupt signal EINTR caught
06-13 09:53:29.994084  1399  1416 E RmcOemUrcHandler: rfCableStatusReaderLoop: count:-1 < 0
06-13 09:53:32.152686  1292  1372 E RILMUXD : 3275:thread_serial_device_read(): Interrupt signal EINTR caught
06-13 09:53:32.152824  1399  1416 E RmcOemUrcHandler: rfCableStatusReaderLoop: count:-1 < 0
06-13 09:53:34.056813  1292  1372 E RILMUXD : 3275:thread_serial_device_read(): Interrupt signal EINTR caught
06-13 09:53:34.057949  1399  1416 E RmcOemUrcHandler: rfCableStatusReaderLoop: count:-1 < 0
06-13 09:53:39.100565  1292  1372 E RILMUXD : 3275:thread_serial_device_read(): Interrupt signal EINTR caught
06-13 09:53:39.101895  1399  1416 E RmcOemUrcHandler: rfCableStatusReaderLoop: count:-1 < 0
06-13 09:53:44.019367  1292  1372 E RILMUXD : 3275:thread_serial_device_read(): Interrupt signal EINTR caught
06-13 09:53:44.020687  1399  1416 E RmcOemUrcHandler: rfCableStatusReaderLoop: count:-1 < 0
06-13 09:53:44.479826  1292  1372 E RILMUXD : 3275:thread_serial_device_read(): Interrupt signal EINTR caught
06-13 09:53:44.481544  1399  1416 E RmcOemUrcHandler: rfCableStatusReaderLoop: count:-1 < 0
06-13 09:53:44.749786  1399  1468 I RilClient: initialize: commandFd is 76
06-13 09:53:44.750379  1399  1468 I RilClient: start listen on fd: 30, socket name: rild-oem
06-13 09:53:44.751703  1399  1418 I RmcOemHandler: requestQueryThermal Enter: -1
06-13 09:53:44.751870  1399  1418 I AT      : [0] AT> AT+ETHERMAL (RIL_CMD_READER_1 tid:520943541488)
06-13 09:53:44.761373  1399  1417 I AT      : [0] AT< +ETHERMAL: 2, 32767, -127, 111, 32767, 4046 (RIL_CMD_READER_1, tid:520944577776)
06-13 09:53:44.761502  1399  1417 I AT      : [0] AT< OK (RIL_CMD_READER_1, tid:520944577776)
06-13 09:53:44.761809  1399  1418 I RmcOemHandler: requestQueryThermal success
06-13 09:53:44.856525  1292  1372 E RILMUXD : 3275:thread_serial_device_read(): Interrupt signal EINTR caught
06-13 09:53:44.858206  1399  1416 E RmcOemUrcHandler: rfCableStatusReaderLoop: count:-1 < 0
06-13 09:53:48.933540  1292  1372 E RILMUXD : 3275:thread_serial_device_read(): Interrupt signal EINTR caught
06-13 09:53:48.935435  1399  1416 E RmcOemUrcHandler: rfCableStatusReaderLoop: count:-1 < 0
06-13 09:53:49.850222  1292  1372 E RILMUXD : 3275:thread_serial_device_read(): Interrupt signal EINTR caught
06-13 09:53:49.850469  1399  1416 E RmcOemUrcHandler: rfCableStatusReaderLoop: count:-1 < 0
06-13 09:53:50.286515  1292  1372 E RILMUXD : 3275:thread_serial_device_read(): Interrupt signal EINTR caught
06-13 09:53:50.287928  1399  1416 E RmcOemUrcHandler: rfCableStatusReaderLoop: count:-1 < 0
06-13 09:53:52.932270  1292  1372 E RILMUXD : 3275:thread_serial_device_read(): Interrupt signal EINTR caught
06-13 09:53:52.934338  1399  1416 E RmcOemUrcHandler: rfCableStatusReaderLoop: count:-1 < 0
06-13 09:53:58.762483  1292  1372 E RILMUXD : 3275:thread_serial_device_read(): Interrupt signal EINTR caught
06-13 09:53:58.764191  1399  1416 E RmcOemUrcHandler: rfCableStatusReaderLoop: count:-1 < 0
06-13 09:53:59.404096  1292  1372 E RILMUXD : 3275:thread_serial_device_read(): Interrupt signal EINTR caught
06-13 09:53:59.405429  1399  1416 E RmcOemUrcHandler: rfCableStatusReaderLoop: count:-1 < 0
06-13 09:54:00.925213  1292  1372 E RILMUXD : 3275:thread_serial_device_read(): Interrupt signal EINTR caught
06-13 09:54:00.926315  1399  1416 E RmcOemUrcHandler: rfCableStatusReaderLoop: count:-1 < 0
06-13 09:54:08.268214  1292  1372 E RILMUXD : 3275:thread_serial_device_read(): Interrupt signal EINTR caught
06-13 09:54:08.270301  1399  1416 E RmcOemUrcHandler: rfCableStatusReaderLoop: count:-1 < 0
06-13 09:54:15.019988  1292  1372 E RILMUXD : 3275:thread_serial_device_read(): Interrupt signal EINTR caught
06-13 09:54:15.020645  1399  1416 E RmcOemUrcHandler: rfCableStatusReaderLoop: count:-1 < 0
06-13 09:54:17.507913  1292  1372 E RILMUXD : 3275:thread_serial_device_read(): Interrupt signal EINTR caught
06-13 09:54:17.509218  1399  1416 E RmcOemUrcHandler: rfCableStatusReaderLoop: count:-1 < 0
06-13 09:54:19.935265  1292  1372 E RILMUXD : 3275:thread_serial_device_read(): Interrupt signal EINTR caught
06-13 09:54:19.936914  1399  1416 E RmcOemUrcHandler: rfCableStatusReaderLoop: count:-1 < 0
06-13 09:54:21.175701  1292  1372 E RILMUXD : 3275:thread_serial_device_read(): Interrupt signal EINTR caught
06-13 09:54:21.176410  1399  1416 E RmcOemUrcHandler: rfCableStatusReaderLoop: count:-1 < 0
06-13 09:54:22.091362  1292  1372 E RILMUXD : 3275:thread_serial_device_read(): Interrupt signal EINTR caught
06-13 09:54:22.092571  1399  1416 E RmcOemUrcHandler: rfCableStatusReaderLoop: count:-1 < 0
06-13 09:54:22.603483  1292  1372 E RILMUXD : 3275:thread_serial_device_read(): Interrupt signal EINTR caught
06-13 09:54:22.604810  1399  1416 E RmcOemUrcHandler: rfCableStatusReaderLoop: count:-1 < 0
06-13 09:54:23.052275  1292  1372 E RILMUXD : 3275:thread_serial_device_read(): Interrupt signal EINTR caught
06-13 09:54:23.054091  1399  1416 E RmcOemUrcHandler: rfCableStatusReaderLoop: count:-1 < 0
06-13 09:54:31.334638  1292  1372 E RILMUXD : 3275:thread_serial_device_read(): Interrupt signal EINTR caught
06-13 09:54:31.336548  1399  1416 E RmcOemUrcHandler: rfCableStatusReaderLoop: count:-1 < 0
06-13 09:54:31.944471  1292  1372 E RILMUXD : 3275:thread_serial_device_read(): Interrupt signal EINTR caught
06-13 09:54:31.945926  1399  1416 E RmcOemUrcHandler: rfCableStatusReaderLoop: count:-1 < 0
06-13 09:54:39.595793  1292  1372 E RILMUXD : 3275:thread_serial_device_read(): Interrupt signal EINTR caught
06-13 09:54:39.597167  1399  1416 E RmcOemUrcHandler: rfCableStatusReaderLoop: count:-1 < 0
06-13 09:54:42.674050  1292  1372 E RILMUXD : 3275:thread_serial_device_read(): Interrupt signal EINTR caught
06-13 09:54:42.675280  1399  1416 E RmcOemUrcHandler: rfCableStatusReaderLoop: count:-1 < 0
06-13 09:54:42.941416  1399  1468 I RilClient: initialize: commandFd is 103
06-13 09:54:42.942078  1399  1468 I RilClient: start listen on fd: 30, socket name: rild-oem
06-13 09:54:42.943679  1399  1418 I RmcOemHandler: requestQueryThermal Enter: -1
06-13 09:54:42.943842  1399  1418 I AT      : [0] AT> AT+ETHERMAL (RIL_CMD_READER_1 tid:520943541488)
06-13 09:54:42.947638  1399  1417 I AT      : [0] AT< +ETHERMAL: 2, 32767, -127, 111, 32767, 4046 (RIL_CMD_READER_1, tid:520944577776)
06-13 09:54:42.947845  1399  1417 I AT      : [0] AT< OK (RIL_CMD_READER_1, tid:520944577776)
06-13 09:54:42.948207  1399  1418 I RmcOemHandler: requestQueryThermal success
06-13 09:54:43.028402  1292  1372 E RILMUXD : 3275:thread_serial_device_read(): Interrupt signal EINTR caught
06-13 09:54:43.029997  1399  1416 E RmcOemUrcHandler: rfCableStatusReaderLoop: count:-1 < 0
06-13 09:54:57.423086  1292  1372 E RILMUXD : 3275:thread_serial_device_read(): Interrupt signal EINTR caught
06-13 09:54:57.424664  1399  1416 E RmcOemUrcHandler: rfCableStatusReaderLoop: count:-1 < 0
06-13 09:55:06.534743  1292  1372 E RILMUXD : 3275:thread_serial_device_read(): Interrupt signal EINTR caught
06-13 09:55:06.535432  1399  1416 E RmcOemUrcHandler: rfCableStatusReaderLoop: count:-1 < 0
06-13 09:55:12.364508  1292  1372 E RILMUXD : 3275:thread_serial_device_read(): Interrupt signal EINTR caught
06-13 09:55:12.366416  1399  1416 E RmcOemUrcHandler: rfCableStatusReaderLoop: count:-1 < 0
06-13 09:55:14.524146  1399  1416 E RmcOemUrcHandler: rfCableStatusReaderLoop: count:-1 < 0
06-13 09:55:14.525099  1292  1372 E RILMUXD : 3275:thread_serial_device_read(): Interrupt signal EINTR caught
06-13 09:55:16.358433  1292  1372 E RILMUXD : 3275:thread_serial_device_read(): Interrupt signal EINTR caught
06-13 09:55:16.359668  1399  1416 E RmcOemUrcHandler: rfCableStatusReaderLoop: count:-1 < 0
06-13 09:55:20.688108  1292  1372 E RILMUXD : 3275:thread_serial_device_read(): Interrupt signal EINTR caught
06-13 09:55:20.689368  1399  1416 E RmcOemUrcHandler: rfCableStatusReaderLoop: count:-1 < 0
06-13 09:55:29.071509  1292  1372 E RILMUXD : 3275:thread_serial_device_read(): Interrupt signal EINTR caught
06-13 09:55:29.072738  1399  1416 E RmcOemUrcHandler: rfCableStatusReaderLoop: count:-1 < 0
06-13 09:55:29.761674  1292  1372 E RILMUXD : 3275:thread_serial_device_read(): Interrupt signal EINTR caught
06-13 09:55:29.763502  1399  1416 E RmcOemUrcHandler: rfCableStatusReaderLoop: count:-1 < 0
06-13 09:55:33.662768  1292  1372 E RILMUXD : 3275:thread_serial_device_read(): Interrupt signal EINTR caught
06-13 09:55:33.663951  1399  1416 E RmcOemUrcHandler: rfCableStatusReaderLoop: count:-1 < 0
06-13 09:55:39.823455  1292  1372 E RILMUXD : 3275:thread_serial_device_read(): Interrupt signal EINTR caught
06-13 09:55:39.825145  1399  1416 E RmcOemUrcHandler: rfCableStatusReaderLoop: count:-1 < 0
06-13 09:55:41.655168  1292  1372 E RILMUXD : 3275:thread_serial_device_read(): Interrupt signal EINTR caught
06-13 09:55:41.656389  1399  1416 E RmcOemUrcHandler: rfCableStatusReaderLoop: count:-1 < 0
06-13 09:55:45.657519  1292  1372 E RILMUXD : 3275:thread_serial_device_read(): Interrupt signal EINTR caught
06-13 09:55:45.658829  1399  1416 E RmcOemUrcHandler: rfCableStatusReaderLoop: count:-1 < 0
06-13 09:55:55.811806  1292  1372 E RILMUXD : 3275:thread_serial_device_read(): Interrupt signal EINTR caught
06-13 09:55:55.813088  1399  1416 E RmcOemUrcHandler: rfCableStatusReaderLoop: count:-1 < 0
06-13 09:55:58.241377  1292  1372 E RILMUXD : 3275:thread_serial_device_read(): Interrupt signal EINTR caught
06-13 09:55:58.242604  1399  1416 E RmcOemUrcHandler: rfCableStatusReaderLoop: count:-1 < 0
06-13 09:56:02.565848  1399  1416 E RmcOemUrcHandler: rfCableStatusReaderLoop: count:-1 < 0
06-13 09:56:02.571091  1292  1372 E RILMUXD : 3275:thread_serial_device_read(): Interrupt signal EINTR caught
06-13 09:56:03.155975  1292  1372 E RILMUXD : 3275:thread_serial_device_read(): Interrupt signal EINTR caught
06-13 09:56:03.157928  1399  1416 E RmcOemUrcHandler: rfCableStatusReaderLoop: count:-1 < 0
06-13 09:56:10.231808  1292  1372 E RILMUXD : 3275:thread_serial_device_read(): Interrupt signal EINTR caught
06-13 09:56:10.233212  1399  1416 E RmcOemUrcHandler: rfCableStatusReaderLoop: count:-1 < 0
06-13 09:56:11.475648  1292  1372 E RILMUXD : 3275:thread_serial_device_read(): Interrupt signal EINTR caught
06-13 09:56:11.476874  1399  1416 E RmcOemUrcHandler: rfCableStatusReaderLoop: count:-1 < 0
06-13 09:56:11.482789  1399  1468 I RilClient: initialize: commandFd is 91
06-13 09:56:11.483215  1399  1468 I RilClient: start listen on fd: 30, socket name: rild-oem
06-13 09:56:11.484716  1399  1418 I RmcOemHandler: requestQueryThermal Enter: -1
06-13 09:56:11.484819  1399  1418 I AT      : [0] AT> AT+ETHERMAL (RIL_CMD_READER_1 tid:520943541488)
06-13 09:56:11.493723  1399  1417 I AT      : [0] AT< +ETHERMAL: 2, 32767, -127, 111, 32767, 4046 (RIL_CMD_READER_1, tid:520944577776)
06-13 09:56:11.493831  1399  1417 I AT      : [0] AT< OK (RIL_CMD_READER_1, tid:520944577776)
06-13 09:56:11.494094  1399  1418 I RmcOemHandler: requestQueryThermal success
06-13 09:56:12.722200  1292  1372 E RILMUXD : 3275:thread_serial_device_read(): Interrupt signal EINTR caught
06-13 09:56:12.725093  1399  1416 E RmcOemUrcHandler: rfCableStatusReaderLoop: count:-1 < 0
06-13 09:56:13.181285  1292  1372 E RILMUXD : 3275:thread_serial_device_read(): Interrupt signal EINTR caught
06-13 09:56:13.182528  1399  1416 E RmcOemUrcHandler: rfCableStatusReaderLoop: count:-1 < 0
06-13 09:56:14.035141  1292  1372 E RILMUXD : 3275:thread_serial_device_read(): Interrupt signal EINTR caught
06-13 09:56:14.036838  1399  1416 E RmcOemUrcHandler: rfCableStatusReaderLoop: count:-1 < 0
06-13 09:56:14.623143  1292  1372 E RILMUXD : 3275:thread_serial_device_read(): Interrupt signal EINTR caught
06-13 09:56:14.624496  1399  1416 E RmcOemUrcHandler: rfCableStatusReaderLoop: count:-1 < 0
06-13 09:56:15.295008  1292  1372 E RILMUXD : 3275:thread_serial_device_read(): Interrupt signal EINTR caught
06-13 09:56:15.296551  1399  1416 E RmcOemUrcHandler: rfCableStatusReaderLoop: count:-1 < 0
06-13 09:56:15.805928  1292  1372 E RILMUXD : 3275:thread_serial_device_read(): Interrupt signal EINTR caught
06-13 09:56:15.807507  1399  1416 E RmcOemUrcHandler: rfCableStatusReaderLoop: count:-1 < 0
06-13 09:56:19.540944  1292  1372 E RILMUXD : 3275:thread_serial_device_read(): Interrupt signal EINTR caught
06-13 09:56:19.542686  1399  1416 E RmcOemUrcHandler: rfCableStatusReaderLoop: count:-1 < 0
06-13 09:56:20.176658  1292  1372 E RILMUXD : 3275:thread_serial_device_read(): Interrupt signal EINTR caught
06-13 09:56:20.178118  1399  1416 E RmcOemUrcHandler: rfCableStatusReaderLoop: count:-1 < 0
06-13 09:56:28.448519  1292  1372 E RILMUXD : 3275:thread_serial_device_read(): Interrupt signal EINTR caught
06-13 09:56:28.449962  1399  1416 E RmcOemUrcHandler: rfCableStatusReaderLoop: count:-1 < 0
06-13 09:56:33.692570  1292  1372 E RILMUXD : 3275:thread_serial_device_read(): Interrupt signal EINTR caught
06-13 09:56:33.694231  1399  1416 E RmcOemUrcHandler: rfCableStatusReaderLoop: count:-1 < 0
06-13 09:56:38.282903  1292  1372 E RILMUXD : 3275:thread_serial_device_read(): Interrupt signal EINTR caught
06-13 09:56:38.284214  1399  1416 E RmcOemUrcHandler: rfCableStatusReaderLoop: count:-1 < 0
06-13 09:56:38.845392  1292  1372 E RILMUXD : 3275:thread_serial_device_read(): Interrupt signal EINTR caught
06-13 09:56:38.847169  1399  1416 E RmcOemUrcHandler: rfCableStatusReaderLoop: count:-1 < 0
06-13 09:56:39.315018  1292  1372 E RILMUXD : 3275:thread_serial_device_read(): Interrupt signal EINTR caught
06-13 09:56:39.316806  1399  1416 E RmcOemUrcHandler: rfCableStatusReaderLoop: count:-1 < 0
06-13 09:56:41.689317  1292  1372 E RILMUXD : 3275:thread_serial_device_read(): Interrupt signal EINTR caught
06-13 09:56:41.690709  1399  1416 E RmcOemUrcHandler: rfCableStatusReaderLoop: count:-1 < 0
06-13 09:56:52.766563  1292  1372 E RILMUXD : 3275:thread_serial_device_read(): Interrupt signal EINTR caught
06-13 09:56:52.767992  1399  1416 E RmcOemUrcHandler: rfCableStatusReaderLoop: count:-1 < 0
06-13 09:56:53.947355  1399  1416 E RmcOemUrcHandler: rfCableStatusReaderLoop: count:-1 < 0
06-13 09:56:53.947395  1292  1372 E RILMUXD : 3275:thread_serial_device_read(): Interrupt signal EINTR caught
06-13 09:56:57.941146  1292  1372 E RILMUXD : 3275:thread_serial_device_read(): Interrupt signal EINTR caught
06-13 09:56:57.942481  1399  1416 E RmcOemUrcHandler: rfCableStatusReaderLoop: count:-1 < 0
06-13 09:57:01.941395  1292  1372 E RILMUXD : 3275:thread_serial_device_read(): Interrupt signal EINTR caught
06-13 09:57:01.942839  1399  1416 E RmcOemUrcHandler: rfCableStatusReaderLoop: count:-1 < 0
06-13 09:57:01.943956  1399  1468 I RilClient: initialize: commandFd is 76
06-13 09:57:01.944785  1399  1468 I RilClient: start listen on fd: 30, socket name: rild-oem
06-13 09:57:01.945510  1399  1418 I RmcOemHandler: requestQueryThermal Enter: -1
06-13 09:57:01.945734  1399  1418 I AT      : [0] AT> AT+ETHERMAL (RIL_CMD_READER_1 tid:520943541488)
06-13 09:57:01.954938  1399  1417 I AT      : [0] AT< +ETHERMAL: 2, 32767, -127, 111, 32767, 4046 (RIL_CMD_READER_1, tid:520944577776)
06-13 09:57:01.955044  1399  1417 I AT      : [0] AT< OK (RIL_CMD_READER_1, tid:520944577776)
06-13 09:57:01.955308  1399  1418 I RmcOemHandler: requestQueryThermal success
06-13 09:57:03.781574  1292  1372 E RILMUXD : 3275:thread_serial_device_read(): Interrupt signal EINTR caught
06-13 09:57:03.781749  1399  1416 E RmcOemUrcHandler: rfCableStatusReaderLoop: count:-1 < 0
06-13 09:57:04.396598  1292  1372 E RILMUXD : 3275:thread_serial_device_read(): Interrupt signal EINTR caught
06-13 09:57:04.397835  1399  1416 E RmcOemUrcHandler: rfCableStatusReaderLoop: count:-1 < 0
06-13 09:57:05.022315  1292  1372 E RILMUXD : 3275:thread_serial_device_read(): Interrupt signal EINTR caught
06-13 09:57:05.023668  1399  1416 E RmcOemUrcHandler: rfCableStatusReaderLoop: count:-1 < 0
06-13 09:57:08.691335  1292  1372 E RILMUXD : 3275:thread_serial_device_read(): Interrupt signal EINTR caught
06-13 09:57:08.692565  1399  1416 E RmcOemUrcHandler: rfCableStatusReaderLoop: count:-1 < 0
06-13 09:57:09.041061  1292  1372 E RILMUXD : 3275:thread_serial_device_read(): Interrupt signal EINTR caught
06-13 09:57:09.042512  1399  1416 E RmcOemUrcHandler: rfCableStatusReaderLoop: count:-1 < 0
06-13 09:57:14.261045  1292  1372 E RILMUXD : 3275:thread_serial_device_read(): Interrupt signal EINTR caught
06-13 09:57:14.262265  1399  1416 E RmcOemUrcHandler: rfCableStatusReaderLoop: count:-1 < 0
06-13 09:57:15.766185  1292  1372 E RILMUXD : 3275:thread_serial_device_read(): Interrupt signal EINTR caught
06-13 09:57:15.767738  1399  1416 E RmcOemUrcHandler: rfCableStatusReaderLoop: count:-1 < 0
06-13 09:57:21.599902  1292  1372 E RILMUXD : 3275:thread_serial_device_read(): Interrupt signal EINTR caught
06-13 09:57:21.601292  1399  1416 E RmcOemUrcHandler: rfCableStatusReaderLoop: count:-1 < 0
06-13 09:57:23.960306  1292  1372 E RILMUXD : 3275:thread_serial_device_read(): Interrupt signal EINTR caught
06-13 09:57:23.961517  1399  1416 E RmcOemUrcHandler: rfCableStatusReaderLoop: count:-1 < 0
06-13 09:57:25.205685  1292  1372 E RILMUXD : 3275:thread_serial_device_read(): Interrupt signal EINTR caught
06-13 09:57:25.207779  1399  1416 E RmcOemUrcHandler: rfCableStatusReaderLoop: count:-1 < 0
06-13 09:57:25.798809  1292  1372 E RILMUXD : 3275:thread_serial_device_read(): Interrupt signal EINTR caught
06-13 09:57:25.800182  1399  1416 E RmcOemUrcHandler: rfCableStatusReaderLoop: count:-1 < 0
06-13 09:57:30.709643  1292  1372 E RILMUXD : 3275:thread_serial_device_read(): Interrupt signal EINTR caught
06-13 09:57:30.711008  1399  1416 E RmcOemUrcHandler: rfCableStatusReaderLoop: count:-1 < 0
06-13 09:57:31.332495  1292  1372 E RILMUXD : 3275:thread_serial_device_read(): Interrupt signal EINTR caught
06-13 09:57:31.333864  1399  1416 E RmcOemUrcHandler: rfCableStatusReaderLoop: count:-1 < 0
06-13 09:57:31.777624  1292  1372 E RILMUXD : 3275:thread_serial_device_read(): Interrupt signal EINTR caught
06-13 09:57:31.779300  1399  1416 E RmcOemUrcHandler: rfCableStatusReaderLoop: count:-1 < 0
06-13 09:57:39.952859  1292  1372 E RILMUXD : 3275:thread_serial_device_read(): Interrupt signal EINTR caught
06-13 09:57:39.953379  1399  1416 E RmcOemUrcHandler: rfCableStatusReaderLoop: count:-1 < 0
06-13 09:57:40.315299  1292  1372 E RILMUXD : 3275:thread_serial_device_read(): Interrupt signal EINTR caught
06-13 09:57:40.317189  1399  1416 E RmcOemUrcHandler: rfCableStatusReaderLoop: count:-1 < 0
06-13 09:57:55.287630  1292  1372 E RILMUXD : 3275:thread_serial_device_read(): Interrupt signal EINTR caught
06-13 09:57:55.288818  1399  1416 E RmcOemUrcHandler: rfCableStatusReaderLoop: count:-1 < 0
06-13 09:57:57.449290  1292  1372 E RILMUXD : 3275:thread_serial_device_read(): Interrupt signal EINTR caught
06-13 09:57:57.450145  1399  1416 E RmcOemUrcHandler: rfCableStatusReaderLoop: count:-1 < 0
06-13 09:57:57.952933  1292  1372 E RILMUXD : 3275:thread_serial_device_read(): Interrupt signal EINTR caught
06-13 09:57:57.954231  1399  1416 E RmcOemUrcHandler: rfCableStatusReaderLoop: count:-1 < 0
06-13 09:57:59.283573  1292  1372 E RILMUXD : 3275:thread_serial_device_read(): Interrupt signal EINTR caught
06-13 09:57:59.284474  1399  1416 E RmcOemUrcHandler: rfCableStatusReaderLoop: count:-1 < 0
06-13 09:57:59.525476  1399  1468 I RilClient: initialize: commandFd is 91
06-13 09:57:59.526146  1399  1468 I RilClient: start listen on fd: 30, socket name: rild-oem
06-13 09:57:59.527711  1399  1418 I RmcOemHandler: requestQueryThermal Enter: -1
06-13 09:57:59.527910  1399  1418 I AT      : [0] AT> AT+ETHERMAL (RIL_CMD_READER_1 tid:520943541488)
06-13 09:57:59.537375  1399  1417 I AT      : [0] AT< +ETHERMAL: 2, 32767, -127, 111, 32767, 4046 (RIL_CMD_READER_1, tid:520944577776)
06-13 09:57:59.537483  1399  1417 I AT      : [0] AT< OK (RIL_CMD_READER_1, tid:520944577776)
06-13 09:57:59.537844  1399  1418 I RmcOemHandler: requestQueryThermal success
06-13 09:57:59.643172  1292  1372 E RILMUXD : 3275:thread_serial_device_read(): Interrupt signal EINTR caught
06-13 09:57:59.644852  1399  1416 E RmcOemUrcHandler: rfCableStatusReaderLoop: count:-1 < 0
06-13 09:58:00.538934  1292  1372 E RILMUXD : 3275:thread_serial_device_read(): Interrupt signal EINTR caught
06-13 09:58:00.540795  1399  1416 E RmcOemUrcHandler: rfCableStatusReaderLoop: count:-1 < 0
06-13 09:58:01.195573  1292  1372 E RILMUXD : 3275:thread_serial_device_read(): Interrupt signal EINTR caught
06-13 09:58:01.197353  1399  1416 E RmcOemUrcHandler: rfCableStatusReaderLoop: count:-1 < 0
06-13 09:58:10.030427  1292  1372 E RILMUXD : 3275:thread_serial_device_read(): Interrupt signal EINTR caught
06-13 09:58:10.032350  1399  1416 E RmcOemUrcHandler: rfCableStatusReaderLoop: count:-1 < 0
06-13 09:58:10.953735  1292  1372 E RILMUXD : 3275:thread_serial_device_read(): Interrupt signal EINTR caught
06-13 09:58:10.955669  1399  1416 E RmcOemUrcHandler: rfCableStatusReaderLoop: count:-1 < 0
06-13 09:58:12.197794  1292  1372 E RILMUXD : 3275:thread_serial_device_read(): Interrupt signal EINTR caught
06-13 09:58:12.199083  1399  1416 E RmcOemUrcHandler: rfCableStatusReaderLoop: count:-1 < 0
06-13 09:58:15.267610  1292  1372 E RILMUXD : 3275:thread_serial_device_read(): Interrupt signal EINTR caught
06-13 09:58:15.269027  1399  1416 E RmcOemUrcHandler: rfCableStatusReaderLoop: count:-1 < 0
06-13 09:58:19.263649  1292  1372 E RILMUXD : 3275:thread_serial_device_read(): Interrupt signal EINTR caught
06-13 09:58:19.264951  1399  1416 E RmcOemUrcHandler: rfCableStatusReaderLoop: count:-1 < 0
06-13 09:58:21.101922  1292  1372 E RILMUXD : 3275:thread_serial_device_read(): Interrupt signal EINTR caught
06-13 09:58:21.103370  1399  1416 E RmcOemUrcHandler: rfCableStatusReaderLoop: count:-1 < 0
06-13 09:58:27.851106  1399  1416 E RmcOemUrcHandler: rfCableStatusReaderLoop: count:-1 < 0
06-13 09:58:27.853477  1292  1372 E RILMUXD : 3275:thread_serial_device_read(): Interrupt signal EINTR caught
06-13 09:58:30.609818  1292  1372 E RILMUXD : 3275:thread_serial_device_read(): Interrupt signal EINTR caught
06-13 09:58:30.611471  1399  1416 E RmcOemUrcHandler: rfCableStatusReaderLoop: count:-1 < 0
06-13 09:58:43.512734  1292  1372 E RILMUXD : 3275:thread_serial_device_read(): Interrupt signal EINTR caught
06-13 09:58:43.514052  1399  1416 E RmcOemUrcHandler: rfCableStatusReaderLoop: count:-1 < 0
06-13 09:58:47.512477  1292  1372 E RILMUXD : 3275:thread_serial_device_read(): Interrupt signal EINTR caught
06-13 09:58:47.513582  1399  1416 E RmcOemUrcHandler: rfCableStatusReaderLoop: count:-1 < 0
06-13 09:58:48.199900  1292  1372 E RILMUXD : 3275:thread_serial_device_read(): Interrupt signal EINTR caught
06-13 09:58:48.201162  1399  1416 E RmcOemUrcHandler: rfCableStatusReaderLoop: count:-1 < 0
06-13 09:58:51.513212  1292  1372 E RILMUXD : 3275:thread_serial_device_read(): Interrupt signal EINTR caught
06-13 09:58:51.514462  1399  1416 E RmcOemUrcHandler: rfCableStatusReaderLoop: count:-1 < 0
06-13 09:58:52.432941  1399  1416 E RmcOemUrcHandler: rfCableStatusReaderLoop: count:-1 < 0
06-13 09:58:52.434622  1292  1372 E RILMUXD : 3275:thread_serial_device_read(): Interrupt signal EINTR caught
06-13 09:58:52.872658  1292  1372 E RILMUXD : 3275:thread_serial_device_read(): Interrupt signal EINTR caught
06-13 09:58:52.874034  1399  1416 E RmcOemUrcHandler: rfCableStatusReaderLoop: count:-1 < 0
06-13 09:58:53.395492  1292  1372 E RILMUXD : 3275:thread_serial_device_read(): Interrupt signal EINTR caught
06-13 09:58:53.397198  1399  1416 E RmcOemUrcHandler: rfCableStatusReaderLoop: count:-1 < 0
06-13 09:58:54.462496  1399  1468 I RilClient: initialize: commandFd is 76
06-13 09:58:54.463087  1399  1468 I RilClient: start listen on fd: 30, socket name: rild-oem
06-13 09:58:54.464444  1399  1418 I RmcOemHandler: requestQueryThermal Enter: -1
06-13 09:58:54.464607  1399  1418 I AT      : [0] AT> AT+ETHERMAL (RIL_CMD_READER_1 tid:520943541488)
06-13 09:58:54.469260  1399  1417 I AT      : [0] AT< +ETHERMAL: 2, 32767, -127, 111, 32767, 4046 (RIL_CMD_READER_1, tid:520944577776)
06-13 09:58:54.469508  1399  1417 I AT      : [0] AT< OK (RIL_CMD_READER_1, tid:520944577776)
06-13 09:58:54.469832  1399  1418 I RmcOemHandler: requestQueryThermal success
06-13 09:58:56.165345  1292  1372 E RILMUXD : 3275:thread_serial_device_read(): Interrupt signal EINTR caught
06-13 09:58:56.167051  1399  1416 E RmcOemUrcHandler: rfCableStatusReaderLoop: count:-1 < 0
06-13 09:59:02.984286  1292  1372 E RILMUXD : 3275:thread_serial_device_read(): Interrupt signal EINTR caught
06-13 09:59:02.985397  1399  1416 E RmcOemUrcHandler: rfCableStatusReaderLoop: count:-1 < 0
06-13 09:59:04.816811  1292  1372 E RILMUXD : 3275:thread_serial_device_read(): Interrupt signal EINTR caught
06-13 09:59:04.818065  1399  1416 E RmcOemUrcHandler: rfCableStatusReaderLoop: count:-1 < 0
06-13 09:59:05.731065  1292  1372 E RILMUXD : 3275:thread_serial_device_read(): Interrupt signal EINTR caught
06-13 09:59:05.731994  1399  1416 E RmcOemUrcHandler: rfCableStatusReaderLoop: count:-1 < 0
06-13 09:59:06.389460  1292  1372 E RILMUXD : 3275:thread_serial_device_read(): Interrupt signal EINTR caught
06-13 09:59:06.390125  1399  1416 E RmcOemUrcHandler: rfCableStatusReaderLoop: count:-1 < 0
06-13 09:59:11.897996  1399  1416 E RmcOemUrcHandler: rfCableStatusReaderLoop: count:-1 < 0
06-13 09:59:11.898133  1292  1372 E RILMUXD : 3275:thread_serial_device_read(): Interrupt signal EINTR caught
06-13 09:59:15.891513  1292  1372 E RILMUXD : 3275:thread_serial_device_read(): Interrupt signal EINTR caught
06-13 09:59:15.892806  1399  1416 E RmcOemUrcHandler: rfCableStatusReaderLoop: count:-1 < 0
06-13 09:59:16.505168  1292  1372 E RILMUXD : 3275:thread_serial_device_read(): Interrupt signal EINTR caught
06-13 09:59:16.506586  1399  1416 E RmcOemUrcHandler: rfCableStatusReaderLoop: count:-1 < 0
06-13 09:59:18.646494  1292  1372 E RILMUXD : 3275:thread_serial_device_read(): Interrupt signal EINTR caught
06-13 09:59:18.647295  1399  1416 E RmcOemUrcHandler: rfCableStatusReaderLoop: count:-1 < 0
06-13 09:59:21.398808  1292  1372 E RILMUXD : 3275:thread_serial_device_read(): Interrupt signal EINTR caught
06-13 09:59:21.400266  1399  1416 E RmcOemUrcHandler: rfCableStatusReaderLoop: count:-1 < 0
06-13 09:59:24.477372  1399  1416 E RmcOemUrcHandler: rfCableStatusReaderLoop: count:-1 < 0
06-13 09:59:24.482993  1292  1372 E RILMUXD : 3275:thread_serial_device_read(): Interrupt signal EINTR caught
06-13 09:59:26.315979  1292  1372 E RILMUXD : 3275:thread_serial_device_read(): Interrupt signal EINTR caught
06-13 09:59:26.317207  1399  1416 E RmcOemUrcHandler: rfCableStatusReaderLoop: count:-1 < 0
06-13 09:59:26.716161  1292  1372 E RILMUXD : 3275:thread_serial_device_read(): Interrupt signal EINTR caught
06-13 09:59:26.717544  1399  1416 E RmcOemUrcHandler: rfCableStatusReaderLoop: count:-1 < 0
06-13 09:59:29.132224  1292  1372 E RILMUXD : 3275:thread_serial_device_read(): Interrupt signal EINTR caught
06-13 09:59:29.133727  1399  1416 E RmcOemUrcHandler: rfCableStatusReaderLoop: count:-1 < 0
06-13 09:59:29.482247  1292  1372 E RILMUXD : 3275:thread_serial_device_read(): Interrupt signal EINTR caught
06-13 09:59:29.483657  1399  1416 E RmcOemUrcHandler: rfCableStatusReaderLoop: count:-1 < 0
06-13 09:59:29.826285  1292  1372 E RILMUXD : 3275:thread_serial_device_read(): Interrupt signal EINTR caught
06-13 09:59:29.827767  1399  1416 E RmcOemUrcHandler: rfCableStatusReaderLoop: count:-1 < 0
06-13 09:59:35.028304  1292  1372 E RILMUXD : 3275:thread_serial_device_read(): Interrupt signal EINTR caught
06-13 09:59:35.029866  1399  1416 E RmcOemUrcHandler: rfCableStatusReaderLoop: count:-1 < 0
06-13 09:59:35.672353  1292  1372 E RILMUXD : 3275:thread_serial_device_read(): Interrupt signal EINTR caught
06-13 09:59:35.673588  1399  1416 E RmcOemUrcHandler: rfCableStatusReaderLoop: count:-1 < 0
06-13 09:59:40.134036  1292  1372 E RILMUXD : 3275:thread_serial_device_read(): Interrupt signal EINTR caught
06-13 09:59:40.135373  1399  1416 E RmcOemUrcHandler: rfCableStatusReaderLoop: count:-1 < 0
06-13 09:59:45.979420  1292  1372 E RILMUXD : 3275:thread_serial_device_read(): Interrupt signal EINTR caught
06-13 09:59:45.979902  1399  1416 E RmcOemUrcHandler: rfCableStatusReaderLoop: count:-1 < 0
06-13 09:59:46.499473  1292  1372 E RILMUXD : 3275:thread_serial_device_read(): Interrupt signal EINTR caught
06-13 09:59:46.500347  1399  1416 E RmcOemUrcHandler: rfCableStatusReaderLoop: count:-1 < 0
06-13 09:59:46.525661  1399  1468 I RilClient: initialize: commandFd is 103
06-13 09:59:46.526104  1399  1468 I RilClient: start listen on fd: 30, socket name: rild-oem
06-13 09:59:46.527153  1399  1418 I RmcOemHandler: requestQueryThermal Enter: -1
06-13 09:59:46.527248  1399  1418 I AT      : [0] AT> AT+ETHERMAL (RIL_CMD_READER_1 tid:520943541488)
06-13 09:59:46.538641  1399  1417 I AT      : [0] AT< +ETHERMAL: 2, 32767, -127, 111, 32767, 4046 (RIL_CMD_READER_1, tid:520944577776)
06-13 09:59:46.538783  1399  1417 I AT      : [0] AT< OK (RIL_CMD_READER_1, tid:520944577776)
06-13 09:59:46.539160  1399  1418 I RmcOemHandler: requestQueryThermal success
06-13 09:59:47.504129  1292  1372 E RILMUXD : 3275:thread_serial_device_read(): Interrupt signal EINTR caught
06-13 09:59:47.505809  1399  1416 E RmcOemUrcHandler: rfCableStatusReaderLoop: count:-1 < 0
06-13 09:59:48.680715  1292  1372 E RILMUXD : 3275:thread_serial_device_read(): Interrupt signal EINTR caught
06-13 09:59:48.682140  1399  1416 E RmcOemUrcHandler: rfCableStatusReaderLoop: count:-1 < 0
06-13 09:59:50.074501  1292  1372 E RILMUXD : 3275:thread_serial_device_read(): Interrupt signal EINTR caught
06-13 09:59:50.076445  1399  1416 E RmcOemUrcHandler: rfCableStatusReaderLoop: count:-1 < 0
06-13 09:59:59.085086  1292  1372 E RILMUXD : 3275:thread_serial_device_read(): Interrupt signal EINTR caught
06-13 09:59:59.086909  1399  1416 E RmcOemUrcHandler: rfCableStatusReaderLoop: count:-1 < 0
06-13 09:59:59.518340  1292  1372 E RILMUXD : 3275:thread_serial_device_read(): Interrupt signal EINTR caught
06-13 09:59:59.520143  1399  1416 E RmcOemUrcHandler: rfCableStatusReaderLoop: count:-1 < 0
06-13 10:00:00.024506  1399  1404 I RfxMclMessenger: RFX_MSG_REQUEST_GET_ACTIVITY_INFO(55518) dispatchs to main protocol: 0
06-13 10:00:00.025040  1399  1418 I AT      : [0] AT> AT+ERFTX=11 (RIL_CMD_READER_1 tid:520943541488)
06-13 10:00:00.047467  1399  1417 I AT      : [0] AT< +ERFTX: 11,5,0,0,0,0,0,5279,2298464,176287 (RIL_CMD_READER_1, tid:520944577776)
06-13 10:00:00.047566  1399  1417 I AT      : [0] AT< OK (RIL_CMD_READER_1, tid:520944577776)
06-13 10:00:00.397426  1399  1404 I RfxMclMessenger: RFX_MSG_REQUEST_GET_ACTIVITY_INFO(55518) dispatchs to main protocol: 0
06-13 10:00:00.397821  1399  1418 I AT      : [0] AT> AT+ERFTX=11 (RIL_CMD_READER_1 tid:520943541488)
06-13 10:00:00.427200  1399  1417 I AT      : [0] AT< +ERFTX: 11,5,0,0,0,0,0,0,345,35 (RIL_CMD_READER_1, tid:520944577776)
06-13 10:00:00.427289  1399  1417 I AT      : [0] AT< OK (RIL_CMD_READER_1, tid:520944577776)
06-13 10:00:03.405266  1292  1372 E RILMUXD : 3275:thread_serial_device_read(): Interrupt signal EINTR caught
06-13 10:00:03.406948  1399  1416 E RmcOemUrcHandler: rfCableStatusReaderLoop: count:-1 < 0
06-13 10:00:07.403141  1292  1372 E RILMUXD : 3275:thread_serial_device_read(): Interrupt signal EINTR caught
06-13 10:00:07.404562  1399  1416 E RmcOemUrcHandler: rfCableStatusReaderLoop: count:-1 < 0
06-13 10:00:08.024020  1292  1372 E RILMUXD : 3275:thread_serial_device_read(): Interrupt signal EINTR caught
06-13 10:00:08.024934  1399  1416 E RmcOemUrcHandler: rfCableStatusReaderLoop: count:-1 < 0
06-13 10:00:09.839562  1292  1372 E RILMUXD : 3275:thread_serial_device_read(): Interrupt signal EINTR caught
06-13 10:00:09.840945  1399  1416 E RmcOemUrcHandler: rfCableStatusReaderLoop: count:-1 < 0
06-13 10:00:10.162659  1399  1468 I RilClient: initialize: commandFd is 91
06-13 10:00:10.163268  1399  1468 I RilClient: start listen on fd: 30, socket name: rild-oem
06-13 10:00:10.164709  1399  1418 I RmcOemHandler: requestQueryThermal Enter: -1
06-13 10:00:10.164860  1399  1418 I AT      : [0] AT> AT+ETHERMAL (RIL_CMD_READER_1 tid:520943541488)
06-13 10:00:10.174213  1399  1417 I AT      : [0] AT< +ETHERMAL: 2, 32767, -127, 111, 32767, 4046 (RIL_CMD_READER_1, tid:520944577776)
06-13 10:00:10.174355  1399  1417 I AT      : [0] AT< OK (RIL_CMD_READER_1, tid:520944577776)
06-13 10:00:10.174661  1399  1418 I RmcOemHandler: requestQueryThermal success
06-13 10:00:10.195523  1292  1372 E RILMUXD : 3275:thread_serial_device_read(): Interrupt signal EINTR caught
06-13 10:00:10.197379  1399  1416 E RmcOemUrcHandler: rfCableStatusReaderLoop: count:-1 < 0
06-13 10:00:12.191915  1292  1372 E RILMUXD : 3275:thread_serial_device_read(): Interrupt signal EINTR caught
06-13 10:00:12.193829  1399  1416 E RmcOemUrcHandler: rfCableStatusReaderLoop: count:-1 < 0
06-13 10:00:14.351524  1292  1372 E RILMUXD : 3275:thread_serial_device_read(): Interrupt signal EINTR caught
06-13 10:00:14.352953  1399  1416 E RmcOemUrcHandler: rfCableStatusReaderLoop: count:-1 < 0
06-13 10:00:15.270612  1292  1372 E RILMUXD : 3275:thread_serial_device_read(): Interrupt signal EINTR caught
06-13 10:00:15.272470  1399  1416 E RmcOemUrcHandler: rfCableStatusReaderLoop: count:-1 < 0
06-13 10:00:16.185891  1399  1416 E RmcOemUrcHandler: rfCableStatusReaderLoop: count:-1 < 0
06-13 10:00:16.190440  1292  1372 E RILMUXD : 3275:thread_serial_device_read(): Interrupt signal EINTR caught
06-13 10:00:16.426635  1292  1372 E RILMUXD : 3275:thread_serial_device_read(): Interrupt signal EINTR caught
06-13 10:00:16.428329  1399  1416 E RmcOemUrcHandler: rfCableStatusReaderLoop: count:-1 < 0
06-13 10:00:23.594022  1292  1372 E RILMUXD : 3275:thread_serial_device_read(): Interrupt signal EINTR caught
06-13 10:00:23.595868  1399  1416 E RmcOemUrcHandler: rfCableStatusReaderLoop: count:-1 < 0
06-13 10:00:23.940362  1292  1372 E RILMUXD : 3275:thread_serial_device_read(): Interrupt signal EINTR caught
06-13 10:00:23.942137  1399  1416 E RmcOemUrcHandler: rfCableStatusReaderLoop: count:-1 < 0
06-13 10:00:31.327333  1292  1372 E RILMUXD : 3275:thread_serial_device_read(): Interrupt signal EINTR caught
06-13 10:00:31.329270  1399  1416 E RmcOemUrcHandler: rfCableStatusReaderLoop: count:-1 < 0
06-13 10:00:33.818232  1292  1372 E RILMUXD : 3275:thread_serial_device_read(): Interrupt signal EINTR caught
06-13 10:00:33.819737  1399  1416 E RmcOemUrcHandler: rfCableStatusReaderLoop: count:-1 < 0
06-13 10:00:34.164612  1292  1372 E RILMUXD : 3275:thread_serial_device_read(): Interrupt signal EINTR caught
06-13 10:00:34.166138  1399  1416 E RmcOemUrcHandler: rfCableStatusReaderLoop: count:-1 < 0
06-13 10:00:34.594094  1292  1372 E RILMUXD : 3275:thread_serial_device_read(): Interrupt signal EINTR caught
06-13 10:00:34.595725  1399  1416 E RmcOemUrcHandler: rfCableStatusReaderLoop: count:-1 < 0
06-13 10:00:35.546709  1292  1372 E RILMUXD : 3275:thread_serial_device_read(): Interrupt signal EINTR caught
06-13 10:00:35.548580  1399  1416 E RmcOemUrcHandler: rfCableStatusReaderLoop: count:-1 < 0
06-13 10:00:36.544910  1292  1372 E RILMUXD : 3275:thread_serial_device_read(): Interrupt signal EINTR caught
06-13 10:00:36.546690  1399  1416 E RmcOemUrcHandler: rfCableStatusReaderLoop: count:-1 < 0
06-13 10:00:45.482825  1292  1372 E RILMUXD : 3275:thread_serial_device_read(): Interrupt signal EINTR caught
06-13 10:00:45.484719  1399  1416 E RmcOemUrcHandler: rfCableStatusReaderLoop: count:-1 < 0
06-13 10:00:49.801857  1292  1372 E RILMUXD : 3275:thread_serial_device_read(): Interrupt signal EINTR caught
06-13 10:00:49.803872  1399  1416 E RmcOemUrcHandler: rfCableStatusReaderLoop: count:-1 < 0
06-13 10:00:54.397969  1292  1372 E RILMUXD : 3275:thread_serial_device_read(): Interrupt signal EINTR caught
06-13 10:00:54.399755  1399  1416 E RmcOemUrcHandler: rfCableStatusReaderLoop: count:-1 < 0
06-13 10:00:55.015897  1399  1468 I RilClient: initialize: commandFd is 76
06-13 10:00:55.016503  1399  1468 I RilClient: start listen on fd: 30, socket name: rild-oem
06-13 10:00:55.018022  1399  1418 I RmcOemHandler: requestQueryThermal Enter: -1
06-13 10:00:55.018281  1399  1418 I AT      : [0] AT> AT+ETHERMAL (RIL_CMD_READER_1 tid:520943541488)
06-13 10:00:55.026898  1399  1417 I AT      : [0] AT< +ETHERMAL: 2, 32767, -127, 111, 32767, 4046 (RIL_CMD_READER_1, tid:520944577776)
06-13 10:00:55.026969  1399  1417 I AT      : [0] AT< OK (RIL_CMD_READER_1, tid:520944577776)
06-13 10:00:55.027158  1399  1418 I RmcOemHandler: requestQueryThermal success
06-13 10:00:55.108929  1292  1372 E RILMUXD : 3275:thread_serial_device_read(): Interrupt signal EINTR caught
06-13 10:00:55.110686  1399  1416 E RmcOemUrcHandler: rfCableStatusReaderLoop: count:-1 < 0
06-13 10:00:55.969013  1292  1372 E RILMUXD : 3275:thread_serial_device_read(): Interrupt signal EINTR caught
06-13 10:00:55.969927  1399  1416 E RmcOemUrcHandler: rfCableStatusReaderLoop: count:-1 < 0
06-13 10:00:57.148542  1292  1372 E RILMUXD : 3275:thread_serial_device_read(): Interrupt signal EINTR caught
06-13 10:00:57.150940  1399  1416 E RmcOemUrcHandler: rfCableStatusReaderLoop: count:-1 < 0
06-13 10:00:59.312505  1292  1372 E RILMUXD : 3275:thread_serial_device_read(): Interrupt signal EINTR caught
06-13 10:00:59.313821  1399  1416 E RmcOemUrcHandler: rfCableStatusReaderLoop: count:-1 < 0
06-13 10:01:01.800865  1292  1372 E RILMUXD : 3275:thread_serial_device_read(): Interrupt signal EINTR caught
06-13 10:01:01.802035  1399  1416 E RmcOemUrcHandler: rfCableStatusReaderLoop: count:-1 < 0
06-13 10:01:02.439721  1399  1416 E RmcOemUrcHandler: rfCableStatusReaderLoop: count:-1 < 0
06-13 10:01:02.444369  1292  1372 E RILMUXD : 3275:thread_serial_device_read(): Interrupt signal EINTR caught
06-13 10:01:08.356685  1292  1372 E RILMUXD : 3275:thread_serial_device_read(): Interrupt signal EINTR caught
06-13 10:01:08.357986  1399  1416 E RmcOemUrcHandler: rfCableStatusReaderLoop: count:-1 < 0
06-13 10:01:12.615043  1292  1372 E RILMUXD : 3275:thread_serial_device_read(): Interrupt signal EINTR caught
06-13 10:01:12.616426  1399  1416 E RmcOemUrcHandler: rfCableStatusReaderLoop: count:-1 < 0
06-13 10:01:17.527793  1399  1416 E RmcOemUrcHandler: rfCableStatusReaderLoop: count:-1 < 0
06-13 10:01:17.528369  1292  1372 E RILMUXD : 3275:thread_serial_device_read(): Interrupt signal EINTR caught
06-13 10:01:19.368878  1292  1372 E RILMUXD : 3275:thread_serial_device_read(): Interrupt signal EINTR caught
06-13 10:01:19.368969  1399  1416 E RmcOemUrcHandler: rfCableStatusReaderLoop: count:-1 < 0
06-13 10:01:22.440530  1292  1372 E RILMUXD : 3275:thread_serial_device_read(): Interrupt signal EINTR caught
06-13 10:01:22.441945  1399  1416 E RmcOemUrcHandler: rfCableStatusReaderLoop: count:-1 < 0
06-13 10:01:41.381382  1292  1372 E RILMUXD : 3275:thread_serial_device_read(): Interrupt signal EINTR caught
06-13 10:01:41.382718  1399  1416 E RmcOemUrcHandler: rfCableStatusReaderLoop: count:-1 < 0
06-13 10:02:46.924270  1292  1372 E RILMUXD : 3275:thread_serial_device_read(): Interrupt signal EINTR caught
06-13 10:02:46.926145  1399  1416 E RmcOemUrcHandler: rfCableStatusReaderLoop: count:-1 < 0
06-13 10:02:47.195145  1292  1372 E RILMUXD : 3275:thread_serial_device_read(): Interrupt signal EINTR caught
06-13 10:02:47.196970  1399  1416 E RmcOemUrcHandler: rfCableStatusReaderLoop: count:-1 < 0
