06-13 14:15:58.611095  1477  1508 D DisplayManagerService: Ignore redundant display event 0/2 to 10154/11264
06-13 14:15:58.611110  1477  1508 D DisplayManagerService: Ignore redundant display event 0/2 to 10155/11545
06-13 14:15:58.988549  1477  1506 E ApplicationHelper: Fail to get PackageManager
06-13 14:15:58.990545  1477  1506 E ApplicationHelper: Fail to get PackageManager
06-13 14:15:58.990817  1477  1506 E ApplicationHelper: Fail to get PackageManager
06-13 14:15:58.990840  1477  1506 E ApplicationHelper: Fail to get PackageManager
06-13 14:15:59.717997  1477  1506 E ApplicationHelper: Fail to get PackageManager
06-13 14:16:00.004542  1477  1477 D priAutoBrightness_PriMinimumBrightnessDelegate: receiver call updateCurrentEnvironmentStatus() action=android.intent.action.TIME_TICK
06-13 14:16:00.004993  1477  1477 D priAutoBrightness_PriMinimumBrightnessDelegate: updateCurrentEnvironmentStatus()
06-13 14:16:00.005306  1477  1477 D priAutoBrightness_PriMinimumBrightnessDelegate: updateCurrentEnvironmentStatus() update mCurrentEnvironmentStatus=1, tempStatus=1, currentBrightness=0
06-13 14:16:00.005520  1477  1477 D priAutoBrightness_PriMinimumBrightnessDelegate: normalizationValue=1416 state:1->1 keep=true statusChanged=false
06-13 14:16:00.157071  1723  6509 D PowerUI : can't show warning due to - plugged: true status unknown: false
06-13 14:16:00.794714  1477  1508 I DisplayDeviceRepository: Display device changed: DisplayDeviceInfo{"Built-in Screen": uniqueId="local:0", 1080 x 2460, modeId 2, renderFrameRate 90.0, defaultModeId 1, supportedModes [{id=1, width=1080, height=2460, fps=60.0, alternativeRefreshRates=[90.0, 120.00001], supportedHdrTypes=[]}, {id=2, width=1080, height=2460, fps=90.0, alternativeRefreshRates=[60.0, 120.00001], supportedHdrTypes=[]}, {id=3, width=1080, height=2460, fps=120.00001, alternativeRefreshRates=[60.0, 90.0], supportedHdrTypes=[]}], colorMode 0, supportedColorModes [0], hdrCapabilities HdrCapabilities{mSupportedHdrTypes=[], mMaxLuminance=500.0, mMaxAverageLuminance=500.0, mMinLuminance=0.0}, allmSupported false, gameContentTypeSupported false, density 480, 396.261 x 396.26 dpi, appVsyncOff 7955555, presDeadline 17488889, cutout DisplayCutout{insets=Rect(0, 106 - 0, 0) waterfall=Insets{left=0, top=0, right=0, bottom=0} boundingRect={Bounds=[Rect(0, 0 - 0, 0), Rect(500, 0 - 580, 106), Rect(0, 0 - 0, 0), Rect(0, 0 - 0, 0)]} cutoutPathParserInfo={CutoutPathParserInfo{displayWidth=1080 displayHeight=2460 physicalDisplayWidth=1080 physicalDisplayHeight=2460 density={3.0} cutoutSpec={m0,26c-10.605,0 -20.786,4.217 -28.284,11.716c-7.499,7.498 -11.716,17.679 -11.716,28.284c0,10.605 4.217,20.786 11.716,28.284c7.498,7.499 17.679,11.716 28.284,11.716c10.605,0 20.786,-4.217 28.284,-11.716c7.499,-7.498 11.716,-17.679 11.716,-28.284c0,-10.605 -4.217,-20.786 -11.716,-28.284c-7.498,-7.499 -17.679,-11.716 -28.284,-11.716z} rotation={0} scale={1.0} physicalPixelDisplaySizeRatio={1.0}}}}, touch INTERNAL, rotation 0, type INTERNAL, address {port=0}, deviceProductInfo null, state ON, committedState ON, frameRateOverride , brightnessMinimum 0.0, brightnessMaximum 1.0, brightnessDefault 0.4, hdrSdrRatio NaN, FLAG_ALLOWED_TO_BE_DEFAULT_DISPLAY, FLAG_ROTATES_WITH_CONTENT, FLAG_SECURE, FLAG_SUPPORTS_PROTECTED_BUFFERS, FLAG_TRUSTED, installOrientation 0, displayShape DisplayShape{ spec=-1119182123 displayWidth=1080 displayHeight=2460 physicalPixelDisplaySizeRatio=1.0 rotation=0 offsetX=0 offsetY=0 scale=1.0}}
06-13 14:16:00.797236  1477  1508 D DisplayManagerService: Ignore redundant display event 0/2 to 10219/8161
06-13 14:16:00.797338  1477  1508 D DisplayManagerService: Ignore redundant display event 0/2 to 10154/11264
06-13 14:16:00.797352  1477  1508 D DisplayManagerService: Ignore redundant display event 0/2 to 10155/11545
06-13 14:16:00.797576  1477  1508 D DisplayManagerService: Ignore redundant display event 0/2 to 10125/14595
06-13 14:16:02.805594  1477  1518 W ProcessStats: Tracking association SourceState{a4e43f1 app.revanced.android.gms:persistent/10218 Service #208636} whose proc state 8 is better than process ProcessState{6a9573a app.revanced.android.gms/10218 pkg=app.revanced.android.gms} proc state 13 (204 skipped)
06-13 14:16:02.806368  1477  1506 E ApplicationHelper: Fail to get PackageManager
06-13 14:16:02.861735  1477  1506 E ApplicationHelper: Fail to get PackageManager
06-13 14:16:02.861785  1477  1506 E ApplicationHelper: Fail to get PackageManager
06-13 14:16:02.908911  1477  1506 E ApplicationHelper: Fail to get PackageManager
06-13 14:16:03.081111  1477  1506 E ApplicationHelper: Fail to get PackageManager
06-13 14:16:03.527012  1477  1506 E ApplicationHelper: Fail to get PackageManager
06-13 14:16:03.529676  1477  1506 E ApplicationHelper: Fail to get PackageManager
06-13 14:16:03.530784  1477  1506 E ApplicationHelper: Fail to get PackageManager
06-13 14:16:03.950899  1477  1506 E ApplicationHelper: Fail to get PackageManager
06-13 14:16:05.171517  1477 10135 D ActivityTaskManager: Starting activity: rInfo=ResolveInfo{f2a015f com.debug.loggerui/.MainActivity m=0x0 userHandle=UserHandle{0}}, intent=Intent { act=android.intent.action.MAIN cmp=com.debug.loggerui/.MainActivity }, userId=0, realCallingPid=14724
06-13 14:16:05.171856  1477 10135 D PriAppLock_Starter: DWExchange srcintent: Intent { act=android.intent.action.MAIN cmp=com.debug.loggerui/.MainActivity }, caller: android.app.IApplicationThread$Stub$Proxy@fc7b7ac, resultTo:Token{fb56fa5 ActivityRecord{c94450f u0 com.mediatek.engineermode/.EngineerMode t58}}, resultWho:null, requestCode:-1, callingPid:-1, callingUid:-1, callingPackage:com.mediatek.engineermode, realCallingPid:14724, realCallingUid:10177, flag:0, aInfo:ActivityInfo{d07cc75 com.debug.loggerui.MainActivity}, rInfo:ResolveInfo{f2a015f com.debug.loggerui/.MainActivity m=0x0 userHandle=UserHandle{0}}, reason:startActivityAsUser, inTask:null
06-13 14:16:05.172001  1477 10135 D PriAppLock_Starter: DWExchange callerProcess:ProcessRecord{3da4388 14724:com.mediatek.engineermode/u0a177}, bindercallingpid:-1
06-13 14:16:05.172065  1477 10135 D PriAppLock_Starter: DWExchange isblockapp(db) : false
06-13 14:16:05.172163  1477 10135 D PriAppLock_Starter: DWExchange2 caller :android.app.IApplicationThread$Stub$Proxy@fc7b7ac, requestCode: -1, fromsource:0, isblockapp:false, intent=Intent { act=android.intent.action.MAIN cmp=com.debug.loggerui/.MainActivity }, resultTo=Token{fb56fa5 ActivityRecord{c94450f u0 com.mediatek.engineermode/.EngineerMode t58}}
06-13 14:16:05.189255  1477  1477 D MBrainLocalService: isVendorFreezeConditionPass is false
06-13 14:16:05.189323  1477  1477 E MBrainLocalService: notifyAppSwitch failed
06-13 14:16:05.191671  1477 10135 I ActivityTaskManager: START u0 {act=android.intent.action.MAIN cmp=com.debug.loggerui/.MainActivity} with LAUNCH_SINGLE_TASK from uid 10177 (BAL_ALLOW_VISIBLE_WINDOW) result code=0
06-13 14:16:05.192409  1723  1757 V WindowManagerShell: Transition requested: android.os.BinderProxy@73afc51 TransitionRequestInfo { type = OPEN, triggerTask = TaskInfo{userId=0 taskId=59 displayId=0 isRunning=true baseIntent=Intent { act=android.intent.action.MAIN flg=0x10000000 cmp=com.debug.loggerui/.MainActivity } baseActivity=ComponentInfo{com.debug.loggerui/com.debug.loggerui.MainActivity} topActivity=ComponentInfo{com.debug.loggerui/com.debug.loggerui.MainActivity} origActivity=null realActivity=ComponentInfo{com.debug.loggerui/com.debug.loggerui.MainActivity} numActivities=1 lastActiveTime=306168443 supportsMultiWindow=true resizeMode=1 isResizeable=true minWidth=-1 minHeight=-1 defaultMinSize=220 token=WCT{android.window.IWindowContainerToken$Stub$Proxy@4a44cb6} topActivityType=1 pictureInPictureParams=null shouldDockBigOverlays=false launchIntoPipHostTaskId=-1 lastParentTaskIdBeforePip=-1 displayCutoutSafeInsets=Rect(0, 106 - 0, 0) topActivityInfo=ActivityInfo{4184db7 com.debug.loggerui.MainActivity} launchCookies=[] positionInParent=Point(0, 0) parentTaskId=-1 isFocused=false isVisible=false isVisibleRequested=false isSleeping=false topActivityInSizeCompat=false topActivityEligibleForLetterboxEducation= false topActivityLetterboxed= false isFromDoubleTap= false topActivityLetterboxVerticalPosition= -1 topActivityLetterboxHorizontalPosition= -1 topActivityLetterboxWidth=-1 topActivityLetterboxHeight=-1 locusId=null displayAreaFeatureId=1 cameraCompatControlState=hidden}, remoteTransition = null, displayChange = null }
06-13 14:16:05.193425  1477  1506 E ApplicationHelper: Fail to get PackageManager
06-13 14:16:05.195860  1477  1506 E ApplicationHelper: Fail to get PackageManager
06-13 14:16:05.204635  1477  1559 W WindowManager: Changing focus from Window{7c02197 u0 com.mediatek.engineermode/com.mediatek.engineermode.EngineerMode} to null displayId=0 Callers=com.android.server.wm.RootWindowContainer.updateFocusedWindowLocked:455 com.android.server.wm.WindowManagerService.updateFocusedWindowLocked:6247 com.android.server.wm.ActivityTaskManagerService.setLastResumedActivityUncheckLocked:4919 com.android.server.wm.ActivityTaskSupervisor.updateTopResumedActivityIfNeeded:2468 
06-13 14:16:05.207042  1477  1477 D MBrainLocalService: isVendorFreezeConditionPass is false
06-13 14:16:05.207122  1477  1477 E MBrainLocalService: notifyAppSwitch failed
06-13 14:16:05.209333  1477  1559 D MSyncForWMS: setFrameRate: 0.0
06-13 14:16:05.213242  1477  1506 E ApplicationHelper: Fail to get PackageManager
06-13 14:16:05.215715  1477 10135 D CoreBackPreview: Window{2575044 u0 Splash Screen com.debug.loggerui}: Setting back callback OnBackInvokedCallbackInfo{mCallback=android.window.IOnBackInvokedCallback$Stub$Proxy@89b2cb0, mPriority=0, mIsAnimationCallback=false}
06-13 14:16:05.216068  1477  1506 E MBrainLocalService: MBrainJava launch failed: SecurityException
06-13 14:16:05.222699  1477  1506 E ApplicationHelper: Fail to get PackageManager
06-13 14:16:05.222748  1477  1506 E ApplicationHelper: Fail to get PackageManager
06-13 14:16:05.222757  1477  1506 E ApplicationHelper: Fail to get PackageManager
06-13 14:16:05.224315  1477  1506 E MBrainLocalService: MBrainJava launch failed: SecurityException
06-13 14:16:05.224357  1477  1506 E ApplicationHelper: Fail to get PackageManager
06-13 14:16:05.225452  1477  1506 E MBrainLocalService: MBrainJava launch failed: SecurityException
06-13 14:16:05.225547  1477  1506 E ApplicationHelper: Fail to get PackageManager
06-13 14:16:05.225567  1477  1506 E ApplicationHelper: Fail to get PackageManager
06-13 14:16:05.225578  1477  1506 E ApplicationHelper: Fail to get PackageManager
06-13 14:16:05.225589  1477  1506 E ApplicationHelper: Fail to get PackageManager
06-13 14:16:05.225603  1477  1506 E ApplicationHelper: Fail to get PackageManager
06-13 14:16:05.225655  1477  1506 E ApplicationHelper: Fail to get PackageManager
06-13 14:16:05.233902  1477 10135 W WindowManager: finishDrawingWindow: Window{2575044 u0 Splash Screen com.debug.loggerui} mDrawState=DRAW_PENDING
06-13 14:16:05.236343  1477  1509 W WindowManager: real show surface:Surface(name=Splash Screen com.debug.loggerui)/@0x1cfd729
06-13 14:16:05.253219  1477  1505 V WindowManager: Sent Transition #241 createdAt=06-13 14:16:05.177 via request=TransitionRequestInfo { type = OPEN, triggerTask = TaskInfo{userId=0 taskId=59 displayId=0 isRunning=true baseIntent=Intent { act=android.intent.action.MAIN flg=0x10000000 cmp=com.debug.loggerui/.MainActivity } baseActivity=ComponentInfo{com.debug.loggerui/com.debug.loggerui.MainActivity} topActivity=ComponentInfo{com.debug.loggerui/com.debug.loggerui.MainActivity} origActivity=null realActivity=ComponentInfo{com.debug.loggerui/com.debug.loggerui.MainActivity} numActivities=1 lastActiveTime=306168443 supportsMultiWindow=true resizeMode=1 isResizeable=true minWidth=-1 minHeight=-1 defaultMinSize=220 token=WCT{RemoteToken{98e0186 Task{315baf1 #59 type=standard A=10174:com.debug.loggerui}}} topActivityType=1 pictureInPictureParams=null shouldDockBigOverlays=false launchIntoPipHostTaskId=-1 lastParentTaskIdBeforePip=-1 displayCutoutSafeInsets=Rect(0, 106 - 0, 0) topActivityInfo=ActivityInfo{d07cc75 com.debug.loggerui.MainActivity} launchCookies=[] positionInParent=Point(0, 0) parentTaskId=-1 isFocused=false isVisible=false isVisibleRequested=false isSleeping=false topActivityInSizeCompat=false topActivityEligibleForLetterboxEducation= false topActivityLetterboxed= false isFromDoubleTap= false topActivityLetterboxVerticalPosition= -1 topActivityLetterboxHorizontalPosition= -1 topActivityLetterboxWidth=-1 topActivityLetterboxHeight=-1 locusId=null displayAreaFeatureId=1 cameraCompatControlState=hidden}, remoteTransition = null, displayChange = null }
06-13 14:16:05.253272  1723  1757 V WindowManagerShell: onTransitionReady android.os.BinderProxy@73afc51: {id=241 t=OPEN f=0x0 trk=0 r=[0@Point(0, 0)] c=[{WCT{android.window.IWindowContainerToken$Stub$Proxy@2e29bc1} m=OPEN f=NONE leash=Surface(name=Task=59)/@0x3c3939a sb=Rect(0, 0 - 1080, 2460) eb=Rect(0, 0 - 1080, 2460) d=0},{WCT{android.window.IWindowContainerToken$Stub$Proxy@e374f66} m=TO_BACK f=NONE leash=Surface(name=Task=58)/@0x45af4cb sb=Rect(0, 0 - 1080, 2460) eb=Rect(0, 0 - 1080, 2460) d=0}]}
06-13 14:16:05.253313  1477  1505 V WindowManager:     startWCT=WindowContainerTransaction { changes = {} hops = [] errorCallbackToken=null taskFragmentOrganizer=null }
06-13 14:16:05.253336  1723  1757 V WindowManagerShell: Playing animation for (#241)android.os.BinderProxy@73afc51@0
06-13 14:16:05.253392  1723  1757 V WindowManagerShell:  try handler com.android.wm.shell.transition.DefaultMixedHandler@ae56cbd
06-13 14:16:05.253407  1723  1757 V WindowManagerShell:  try handler com.android.wm.shell.keyguard.KeyguardTransitionHandler@ce8a6d9
06-13 14:16:05.253423  1723  1757 V WindowManagerShell:  try handler com.android.wm.shell.activityembedding.ActivityEmbeddingController@6bb589e
06-13 14:16:05.253422  1477  1505 V WindowManager:     info={id=241 t=OPEN f=0x0 trk=0 r=[0@Point(0, 0)] c=[{WCT{RemoteToken{98e0186 Task{315baf1 #59 type=standard A=10174:com.debug.loggerui}}} m=OPEN f=NONE leash=Surface(name=Task=59)/@0x8fbe1c8 sb=Rect(0, 0 - 1080, 2460) eb=Rect(0, 0 - 1080, 2460) d=0},{WCT{RemoteToken{fd58cd0 Task{c6299c #58 type=standard A=10177:com.mediatek.engineermode}}} m=TO_BACK f=NONE leash=Surface(name=Task=58)/@0x275ee64 sb=Rect(0, 0 - 1080, 2460) eb=Rect(0, 0 - 1080, 2460) d=0}]}
06-13 14:16:05.253442  1723  1757 V WindowManagerShell:  try handler com.android.wm.shell.recents.RecentsTransitionHandler@af90f7f
06-13 14:16:05.253461  1723  1757 V ShellRecents: RecentsTransitionHandler.startAnimation: no controller found
06-13 14:16:05.253483  1723  1757 V WindowManagerShell:  try handler com.android.wm.shell.pip.PipTransition@9fe7b4c
06-13 14:16:05.253508  1723  1757 V WindowManagerShell:  try handler com.android.wm.shell.splitscreen.StageCoordinator@3b3d795
06-13 14:16:05.253534  1723  1757 V WindowManagerShell:  try handler com.android.wm.shell.transition.RemoteTransitionHandler@18060aa
06-13 14:16:05.253584  1723  1757 V WindowManagerShell: Transition doesn't have explicit remote, search filters for match for {id=241 t=OPEN f=0x0 trk=0 r=[0@Point(0, 0)] c=[{WCT{android.window.IWindowContainerToken$Stub$Proxy@2e29bc1} m=OPEN f=NONE leash=Surface(name=Task=59)/@0x3c3939a sb=Rect(0, 0 - 1080, 2460) eb=Rect(0, 0 - 1080, 2460) d=0},{WCT{android.window.IWindowContainerToken$Stub$Proxy@e374f66} m=TO_BACK f=NONE leash=Surface(name=Task=58)/@0x45af4cb sb=Rect(0, 0 - 1080, 2460) eb=Rect(0, 0 - 1080, 2460) d=0}]}
06-13 14:16:05.253698  1723  1757 V WindowManagerShell:  Checking filter Pair{{types=[] flags=0x0] notFlags=0x100 checks=[{atype=home independent=true modes=[OPEN,TO_FRONT] flags=NONE mustBeTask=false order=TOP topActivity=ComponentInfo{com.android.launcher3/com.android.searchlauncher.SearchLauncher}},{atype=standard independent=true modes=[CLOSE,TO_BACK] flags=NONE mustBeTask=false order=ANY topActivity=null}]} RemoteTransition { remoteTransition = android.window.IRemoteTransition$Stub$Proxy@a8c0e19, appThread = android.app.IApplicationThread$Stub$Proxy@a43cede, debugName = QuickstepLaunchHome }}
06-13 14:16:05.253771  1723  1757 V WindowManagerShell:  Delegate animation for #241 to null
06-13 14:16:05.253786  1723  1757 V WindowManagerShell:  try handler com.android.wm.shell.transition.DefaultTransitionHandler@c75811
06-13 14:16:05.253835  1723  1757 V WindowManagerShell: start default transition animation, info = {id=241 t=OPEN f=0x0 trk=0 r=[0@Point(0, 0)] c=[{WCT{android.window.IWindowContainerToken$Stub$Proxy@2e29bc1} m=OPEN f=NONE leash=Surface(name=Task=59)/@0x3c3939a sb=Rect(0, 0 - 1080, 2460) eb=Rect(0, 0 - 1080, 2460) d=0},{WCT{android.window.IWindowContainerToken$Stub$Proxy@e374f66} m=TO_BACK f=NONE leash=Surface(name=Task=58)/@0x45af4cb sb=Rect(0, 0 - 1080, 2460) eb=Rect(0, 0 - 1080, 2460) d=0}]}
06-13 14:16:05.254117  1723  1757 V WindowManagerShell: loadAnimation: anim=android.view.animation.AnimationSet@6a212a7 animAttr=0x9 type=OPEN isEntrance=false
06-13 14:16:05.254799  1723  1757 V WindowManagerShell: loadAnimation: anim=android.view.animation.AnimationSet@8db0354 animAttr=0x8 type=OPEN isEntrance=true
06-13 14:16:05.256553  1723  1757 V WindowManagerShell:  animated by com.android.wm.shell.transition.DefaultTransitionHandler@c75811
06-13 14:16:05.265373  1477  4480 D CoreBackPreview: Window{ed15274 u0 com.debug.loggerui/com.debug.loggerui.MainActivity}: Setting back callback OnBackInvokedCallbackInfo{mCallback=android.window.IOnBackInvokedCallback$Stub$Proxy@c34a3e3, mPriority=0, mIsAnimationCallback=false}
06-13 14:16:05.274397  1477  4480 W WindowManager: Changing focus from null to Window{ed15274 u0 com.debug.loggerui/com.debug.loggerui.MainActivity} displayId=0 Callers=com.android.server.wm.RootWindowContainer.updateFocusedWindowLocked:455 com.android.server.wm.WindowManagerService.updateFocusedWindowLocked:6247 com.android.server.wm.WindowManagerService.relayoutWindow:2533 com.android.server.wm.Session.relayout:259 
06-13 14:16:05.277515  1477  4480 I WindowManager: Relayout Window{ed15274 u0 com.debug.loggerui/com.debug.loggerui.MainActivity}: oldVis=4 newVis=0 focusMayChange = true requestedWidth = 1080 requestedHeight = 2460 outFrames = ClientWindowFrames{frame=[0,0][1080,2460] display=[0,0][1080,2460] parentFrame=[0,0][0,0]} outSurfaceControl = Surface(name=com.debug.loggerui/com.debug.loggerui.MainActivity)/@0x99fd836
06-13 14:16:05.289540  1477  4480 W WindowManager: finishDrawingWindow: Window{ed15274 u0 com.debug.loggerui/com.debug.loggerui.MainActivity} mDrawState=DRAW_PENDING
06-13 14:16:05.293135  1477  1509 W WindowManager: real show surface:Surface(name=com.debug.loggerui/com.debug.loggerui.MainActivity)/@0xca840a4
06-13 14:16:05.319273  1477  4480 W PackageConfigPersister: App-specific configuration not found for packageName: com.debug.loggerui and userId: 0
06-13 14:16:05.432663  1477  1506 E ApplicationHelper: Fail to get PackageManager
06-13 14:16:05.448114  1477  2889 D CoreBackPreview: Window{2575044 u0 Splash Screen com.debug.loggerui EXITING}: Setting back callback null
06-13 14:16:05.522248  1723  1757 V WindowManagerShell: Transition animation finished (aborted=false), notifying core (#241)android.os.BinderProxy@73afc51@0
06-13 14:16:05.524102  1477  1505 V WindowManager: Finish Transition #241: created at 06-13 14:16:05.177 collect-started=0.108ms request-sent=13.513ms started=20.625ms ready=30.134ms sent=74.523ms finished=346.148ms
06-13 14:16:05.526215  1723  1757 V WindowManagerShell: Track 0 became idle
06-13 14:16:05.526308  1723  1757 V WindowManagerShell: All active transition animations finished
06-13 14:16:05.529994  1477  1509 D MSyncForWMS: setFrameRate: 2060.0
06-13 14:16:05.530352  1477  1506 E ApplicationHelper: Fail to get PackageManager
06-13 14:16:05.532107  1477  1509 D WindowManager: setParent old=ActivityRecord{ccea298 u0 com.debug.loggerui/.MainActivity t59},new=null,this window=Window{2575044 u0 Splash Screen com.debug.loggerui},callers=com.android.server.wm.WindowContainer.removeChild:761 com.android.server.wm.ActivityRecord.removeChild:4488 com.android.server.wm.ActivityRecord.removeChild:409 com.android.server.wm.WindowContainer.removeImmediately:819 com.android.server.wm.WindowState.removeImmediately:2386 com.android.server.wm.WindowState.destroySurface:3379 
06-13 14:16:05.570970  1477  1506 E ApplicationHelper: Fail to get PackageManager
06-13 14:16:05.571054  1477  1506 E ApplicationHelper: Fail to get PackageManager
06-13 14:16:05.571065  1477  1506 E ApplicationHelper: Fail to get PackageManager
06-13 14:16:05.571074  1477  1506 E ApplicationHelper: Fail to get PackageManager
06-13 14:16:05.729828  1477  1477 W AccessibilityManagerService:  wait for adding window timeout: 99
06-13 14:16:06.471642  1477  4480 D ActivityTaskManager: Starting activity: rInfo=ResolveInfo{b49cfc3 com.debug.loggerui/.LogFolderListActivity m=0x0 userHandle=UserHandle{0}}, intent=Intent { cmp=com.debug.loggerui/.LogFolderListActivity }, userId=0, realCallingPid=13675
06-13 14:16:06.471905  1477  4480 D PriAppLock_Starter: DWExchange srcintent: Intent { cmp=com.debug.loggerui/.LogFolderListActivity }, caller: android.app.IApplicationThread$Stub$Proxy@f8d1040, resultTo:Token{69c36d6 ActivityRecord{ccea298 u0 com.debug.loggerui/.MainActivity t59}}, resultWho:null, requestCode:-1, callingPid:-1, callingUid:-1, callingPackage:com.debug.loggerui, realCallingPid:13675, realCallingUid:10174, flag:0, aInfo:ActivityInfo{b839b79 com.debug.loggerui.LogFolderListActivity}, rInfo:ResolveInfo{b49cfc3 com.debug.loggerui/.LogFolderListActivity m=0x0 userHandle=UserHandle{0}}, reason:startActivityAsUser, inTask:null
06-13 14:16:06.472038  1477  4480 D PriAppLock_Starter: DWExchange callerProcess:ProcessRecord{ec9e344 13675:com.debug.loggerui/u0a174}, bindercallingpid:-1
06-13 14:16:06.472067  1477  4480 D PriAppLock_Starter: DWExchange isblockapp(db) : false
06-13 14:16:06.472128  1477  4480 D PriAppLock_Starter: DWExchange2 caller :android.app.IApplicationThread$Stub$Proxy@f8d1040, requestCode: -1, fromsource:0, isblockapp:false, intent=Intent { cmp=com.debug.loggerui/.LogFolderListActivity }, resultTo=Token{69c36d6 ActivityRecord{ccea298 u0 com.debug.loggerui/.MainActivity t59}}
06-13 14:16:06.482722  1477  1477 D MBrainLocalService: isVendorFreezeConditionPass is false
06-13 14:16:06.482741  1477  1477 E MBrainLocalService: notifyAppSwitch failed
06-13 14:16:06.484304  1477  4480 E Transition: Trying to add a ready-group twice: Display{#0 state=ON size=1080x2460 ROTATION_0}
06-13 14:16:06.485256  1477  4480 I ActivityTaskManager: START u0 {cmp=com.debug.loggerui/.LogFolderListActivity} with LAUNCH_MULTIPLE from uid 10174 (BAL_ALLOW_VISIBLE_WINDOW) result code=0
06-13 14:16:06.485980  1723  1757 V WindowManagerShell: Transition requested: android.os.BinderProxy@628f731 TransitionRequestInfo { type = OPEN, triggerTask = TaskInfo{userId=0 taskId=59 displayId=0 isRunning=true baseIntent=Intent { act=android.intent.action.MAIN flg=0x10000000 cmp=com.debug.loggerui/.MainActivity } baseActivity=ComponentInfo{com.debug.loggerui/com.debug.loggerui.MainActivity} topActivity=ComponentInfo{com.debug.loggerui/com.debug.loggerui.LogFolderListActivity} origActivity=null realActivity=ComponentInfo{com.debug.loggerui/com.debug.loggerui.MainActivity} numActivities=2 lastActiveTime=306169733 supportsMultiWindow=true resizeMode=1 isResizeable=true minWidth=-1 minHeight=-1 defaultMinSize=220 token=WCT{android.window.IWindowContainerToken$Stub$Proxy@ba85e16} topActivityType=1 pictureInPictureParams=null shouldDockBigOverlays=false launchIntoPipHostTaskId=-1 lastParentTaskIdBeforePip=-1 displayCutoutSafeInsets=Rect(0, 106 - 0, 0) topActivityInfo=ActivityInfo{e5ef397 com.debug.loggerui.LogFolderListActivity} launchCookies=[] positionInParent=Point(0, 0) parentTaskId=-1 isFocused=true isVisible=true isVisibleRequested=true isSleeping=false topActivityInSizeCompat=false topActivityEligibleForLetterboxEducation= false topActivityLetterboxed= false isFromDoubleTap= false topActivityLetterboxVerticalPosition= -1 topActivityLetterboxHorizontalPosition= -1 topActivityLetterboxWidth=-1 topActivityLetterboxHeight=-1 locusId=null displayAreaFeatureId=1 cameraCompatControlState=hidden}, remoteTransition = null, displayChange = null }
06-13 14:16:06.491673  1477  4480 W WindowManager: Changing focus from Window{ed15274 u0 com.debug.loggerui/com.debug.loggerui.MainActivity} to null displayId=0 Callers=com.android.server.wm.RootWindowContainer.updateFocusedWindowLocked:455 com.android.server.wm.WindowManagerService.updateFocusedWindowLocked:6247 com.android.server.wm.ActivityTaskManagerService.setLastResumedActivityUncheckLocked:4919 com.android.server.wm.ActivityTaskSupervisor.updateTopResumedActivityIfNeeded:2468 
06-13 14:16:06.496095  1477  4480 D MSyncForWMS: setFrameRate: 0.0
06-13 14:16:06.532578  1477  2889 W WindowManager: Changing focus from null to Window{64fa996 u0 com.debug.loggerui/com.debug.loggerui.LogFolderListActivity} displayId=0 Callers=com.android.server.wm.RootWindowContainer.updateFocusedWindowLocked:455 com.android.server.wm.WindowManagerService.updateFocusedWindowLocked:6247 com.android.server.wm.WindowManagerService.addWindow:1847 com.android.server.wm.Session.addToDisplayAsUser:224 
06-13 14:16:06.544051  1477  2889 D WindowManager: setParent old=ActivityRecord{cefa51f u0 com.debug.loggerui/.LogFolderListActivity t59},new=null,this window=Window{64fa996 u0 com.debug.loggerui/com.debug.loggerui.LogFolderListActivity},callers=com.android.server.wm.WindowContainer.removeChild:761 com.android.server.wm.ActivityRecord.removeChild:4488 com.android.server.wm.ActivityRecord.removeChild:409 com.android.server.wm.WindowContainer.removeImmediately:819 com.android.server.wm.WindowState.removeImmediately:2386 com.android.server.wm.WindowState.removeIfPossible:2546 
06-13 14:16:06.545110  1477  2889 W WindowManager: Changing focus from Window{64fa996 u0 com.debug.loggerui/com.debug.loggerui.LogFolderListActivity} to null displayId=0 Callers=com.android.server.wm.RootWindowContainer.updateFocusedWindowLocked:455 com.android.server.wm.WindowManagerService.updateFocusedWindowLocked:6247 com.android.server.wm.RootWindowContainer.performSurfacePlacementNoTrace:774 com.android.server.wm.RootWindowContainer.performSurfacePlacement:756 
06-13 14:16:06.553922  1477  2889 D CoreBackPreview: Window{9d9aaca u0 com.debug.loggerui/com.debug.loggerui.LogFolderListActivity}: Setting back callback OnBackInvokedCallbackInfo{mCallback=android.window.IOnBackInvokedCallback$Stub$Proxy@8a5e22b, mPriority=0, mIsAnimationCallback=false}
06-13 14:16:06.558944  1477  2889 W WindowManager: Changing focus from null to Window{9d9aaca u0 com.debug.loggerui/com.debug.loggerui.LogFolderListActivity} displayId=0 Callers=com.android.server.wm.RootWindowContainer.updateFocusedWindowLocked:455 com.android.server.wm.WindowManagerService.updateFocusedWindowLocked:6247 com.android.server.wm.WindowManagerService.relayoutWindow:2533 com.android.server.wm.Session.relayout:259 
06-13 14:16:06.563207  1477  2889 I WindowManager: Relayout Window{9d9aaca u0 com.debug.loggerui/com.debug.loggerui.LogFolderListActivity}: oldVis=4 newVis=0 focusMayChange = true requestedWidth = 1080 requestedHeight = 2460 outFrames = ClientWindowFrames{frame=[0,0][1080,2460] display=[0,0][1080,2460] parentFrame=[0,0][0,0]} outSurfaceControl = Surface(name=com.debug.loggerui/com.debug.loggerui.LogFolderListActivity)/@0xe25bed2
06-13 14:16:06.583002  1477  2889 W WindowManager: finishDrawingWindow: Window{9d9aaca u0 com.debug.loggerui/com.debug.loggerui.LogFolderListActivity} mDrawState=DRAW_PENDING
06-13 14:16:06.586455  1477  1509 W WindowManager: real show surface:Surface(name=com.debug.loggerui/com.debug.loggerui.LogFolderListActivity)/@0xea26ba3
06-13 14:16:06.590270  1477  1505 V WindowManager: Sent Transition #242 createdAt=06-13 14:16:06.474 via request=TransitionRequestInfo { type = OPEN, triggerTask = TaskInfo{userId=0 taskId=59 displayId=0 isRunning=true baseIntent=Intent { act=android.intent.action.MAIN flg=0x10000000 cmp=com.debug.loggerui/.MainActivity } baseActivity=ComponentInfo{com.debug.loggerui/com.debug.loggerui.MainActivity} topActivity=ComponentInfo{com.debug.loggerui/com.debug.loggerui.LogFolderListActivity} origActivity=null realActivity=ComponentInfo{com.debug.loggerui/com.debug.loggerui.MainActivity} numActivities=2 lastActiveTime=306169733 supportsMultiWindow=true resizeMode=1 isResizeable=true minWidth=-1 minHeight=-1 defaultMinSize=220 token=WCT{RemoteToken{98e0186 Task{315baf1 #59 type=standard A=10174:com.debug.loggerui}}} topActivityType=1 pictureInPictureParams=null shouldDockBigOverlays=false launchIntoPipHostTaskId=-1 lastParentTaskIdBeforePip=-1 displayCutoutSafeInsets=Rect(0, 106 - 0, 0) topActivityInfo=ActivityInfo{b839b79 com.debug.loggerui.LogFolderListActivity} launchCookies=[] positionInParent=Point(0, 0) parentTaskId=-1 isFocused=true isVisible=true isVisibleRequested=true isSleeping=false topActivityInSizeCompat=false topActivityEligibleForLetterboxEducation= false topActivityLetterboxed= false isFromDoubleTap= false topActivityLetterboxVerticalPosition= -1 topActivityLetterboxHorizontalPosition= -1 topActivityLetterboxWidth=-1 topActivityLetterboxHeight=-1 locusId=null displayAreaFeatureId=1 cameraCompatControlState=hidden}, remoteTransition = null, displayChange = null }
06-13 14:16:06.590342  1477  1505 V WindowManager:     startWCT=WindowContainerTransaction { changes = {} hops = [] errorCallbackToken=null taskFragmentOrganizer=null }
06-13 14:16:06.590380  1723  1757 V WindowManagerShell: onTransitionReady android.os.BinderProxy@628f731: {id=242 t=OPEN f=0x0 trk=0 r=[0@Point(0, 0)] c=[{null m=OPEN f=FILLS_TASK leash=Surface(name=ActivityRecord{cefa51f u0 com.debug.loggerui/.LogFolderListActivity)/@0xa6fe984 sb=Rect(0, 0 - 0, 0) eb=Rect(0, 0 - 1080, 2460) d=-1->0 r=-1->0:-1},{null m=TO_BACK f=FILLS_TASK leash=Surface(name=ActivityRecord{ccea298 u0 com.debug.loggerui/.MainActivity)/@0xae4d56d sb=Rect(0, 0 - 1080, 2460) eb=Rect(0, 0 - 1080, 2460) d=0}]}
06-13 14:16:06.590440  1477  1505 V WindowManager:     info={id=242 t=OPEN f=0x0 trk=0 r=[0@Point(0, 0)] c=[{null m=OPEN f=FILLS_TASK leash=Surface(name=ActivityRecord{cefa51f u0 com.debug.loggerui/.LogFolderListActivity)/@0xb05aea0 sb=Rect(0, 0 - 0, 0) eb=Rect(0, 0 - 1080, 2460) d=-1->0 r=-1->0:-1},{null m=TO_BACK f=FILLS_TASK leash=Surface(name=ActivityRecord{ccea298 u0 com.debug.loggerui/.MainActivity)/@0x8dfd22f sb=Rect(0, 0 - 1080, 2460) eb=Rect(0, 0 - 1080, 2460) d=0}]}
06-13 14:16:06.590485  1723  1757 V WindowManagerShell: Playing animation for (#242)android.os.BinderProxy@628f731@0
06-13 14:16:06.590588  1723  1757 V WindowManagerShell:  try handler com.android.wm.shell.transition.DefaultMixedHandler@ae56cbd
06-13 14:16:06.590632  1723  1757 V WindowManagerShell:  try handler com.android.wm.shell.keyguard.KeyguardTransitionHandler@ce8a6d9
06-13 14:16:06.590663  1723  1757 V WindowManagerShell:  try handler com.android.wm.shell.activityembedding.ActivityEmbeddingController@6bb589e
06-13 14:16:06.590695  1723  1757 V WindowManagerShell:  try handler com.android.wm.shell.recents.RecentsTransitionHandler@af90f7f
06-13 14:16:06.590727  1723  1757 V ShellRecents: RecentsTransitionHandler.startAnimation: no controller found
06-13 14:16:06.590751  1723  1757 V WindowManagerShell:  try handler com.android.wm.shell.pip.PipTransition@9fe7b4c
06-13 14:16:06.590783  1723  1757 V WindowManagerShell:  try handler com.android.wm.shell.splitscreen.StageCoordinator@3b3d795
06-13 14:16:06.590814  1723  1757 V WindowManagerShell:  try handler com.android.wm.shell.transition.RemoteTransitionHandler@18060aa
06-13 14:16:06.590948  1723  1757 V WindowManagerShell: Transition doesn't have explicit remote, search filters for match for {id=242 t=OPEN f=0x0 trk=0 r=[0@Point(0, 0)] c=[{null m=OPEN f=FILLS_TASK leash=Surface(name=ActivityRecord{cefa51f u0 com.debug.loggerui/.LogFolderListActivity)/@0xa6fe984 sb=Rect(0, 0 - 0, 0) eb=Rect(0, 0 - 1080, 2460) d=-1->0 r=-1->0:-1},{null m=TO_BACK f=FILLS_TASK leash=Surface(name=ActivityRecord{ccea298 u0 com.debug.loggerui/.MainActivity)/@0xae4d56d sb=Rect(0, 0 - 1080, 2460) eb=Rect(0, 0 - 1080, 2460) d=0}]}
06-13 14:16:06.591229  1723  1757 V WindowManagerShell:  Checking filter Pair{{types=[] flags=0x0] notFlags=0x100 checks=[{atype=home independent=true modes=[OPEN,TO_FRONT] flags=NONE mustBeTask=false order=TOP topActivity=ComponentInfo{com.android.launcher3/com.android.searchlauncher.SearchLauncher}},{atype=standard independent=true modes=[CLOSE,TO_BACK] flags=NONE mustBeTask=false order=ANY topActivity=null}]} RemoteTransition { remoteTransition = android.window.IRemoteTransition$Stub$Proxy@a8c0e19, appThread = android.app.IApplicationThread$Stub$Proxy@a43cede, debugName = QuickstepLaunchHome }}
06-13 14:16:06.591324  1723  1757 V WindowManagerShell:  Delegate animation for #242 to null
06-13 14:16:06.591351  1723  1757 V WindowManagerShell:  try handler com.android.wm.shell.transition.DefaultTransitionHandler@c75811
06-13 14:16:06.591461  1723  1757 V WindowManagerShell: start default transition animation, info = {id=242 t=OPEN f=0x0 trk=0 r=[0@Point(0, 0)] c=[{null m=OPEN f=FILLS_TASK leash=Surface(name=ActivityRecord{cefa51f u0 com.debug.loggerui/.LogFolderListActivity)/@0xa6fe984 sb=Rect(0, 0 - 0, 0) eb=Rect(0, 0 - 1080, 2460) d=-1->0 r=-1->0:-1},{null m=TO_BACK f=FILLS_TASK leash=Surface(name=ActivityRecord{ccea298 u0 com.debug.loggerui/.MainActivity)/@0xae4d56d sb=Rect(0, 0 - 1080, 2460) eb=Rect(0, 0 - 1080, 2460) d=0}]}
06-13 14:16:06.593107  1723  1757 V WindowManagerShell: loadAnimation: anim=android.view.animation.AnimationSet@c065b69 animAttr=0x5 type=OPEN isEntrance=false
06-13 14:16:06.617012  1723  1757 V WindowManagerShell: loadAnimation: anim=android.view.animation.AnimationSet@4ece6fa animAttr=0x4 type=OPEN isEntrance=true
06-13 14:16:06.651498  1723  1757 V WindowManagerShell:  animated by com.android.wm.shell.transition.DefaultTransitionHandler@c75811
06-13 14:16:06.733603  1477  4480 W PackageConfigPersister: App-specific configuration not found for packageName: com.debug.loggerui and userId: 0
06-13 14:16:06.892512  1723  1757 V WindowManagerShell: Transition animation finished (aborted=false), notifying core (#242)android.os.BinderProxy@628f731@0
06-13 14:16:06.899604  1477  1505 V WindowManager: Finish Transition #242: created at 06-13 14:16:06.474 collect-started=0.13ms request-sent=10.044ms started=11.974ms ready=20.088ms sent=114.129ms finished=424.263ms
06-13 14:16:06.904113  1723  1757 V WindowManagerShell: Track 0 became idle
06-13 14:16:06.904338  1723  1757 V WindowManagerShell: All active transition animations finished
06-13 14:16:06.908223  1477  1509 D MSyncForWMS: setFrameRate: 2060.0
06-13 14:16:07.825620  1477 10135 W WindowManager: Changing focus from Window{9d9aaca u0 com.debug.loggerui/com.debug.loggerui.LogFolderListActivity} to Window{683aaf6 u0 com.debug.loggerui/com.debug.loggerui.LogFolderListActivity} displayId=0 Callers=com.android.server.wm.RootWindowContainer.updateFocusedWindowLocked:455 com.android.server.wm.WindowManagerService.updateFocusedWindowLocked:6247 com.android.server.wm.WindowManagerService.addWindow:1847 com.android.server.wm.Session.addToDisplayAsUser:224 
06-13 14:16:07.837881  1477  4480 D CoreBackPreview: Window{683aaf6 u0 com.debug.loggerui/com.debug.loggerui.LogFolderListActivity}: Setting back callback OnBackInvokedCallbackInfo{mCallback=android.window.IOnBackInvokedCallback$Stub$Proxy@69b7bc9, mPriority=0, mIsAnimationCallback=false}
06-13 14:16:07.850597  1477  4480 D MSyncForWMS: setFrameRate: 2060.0
06-13 14:16:07.869808  1477  4480 W WindowManager: finishDrawingWindow: Window{683aaf6 u0 com.debug.loggerui/com.debug.loggerui.LogFolderListActivity} mDrawState=DRAW_PENDING
06-13 14:16:07.875737  1477  1509 D MSyncForWMS: setFrameRate: 0.0
06-13 14:16:07.875861  1477  1509 W WindowManager: real show surface:Surface(name=com.debug.loggerui/com.debug.loggerui.LogFolderListActivity)/@0xb81db01
06-13 14:16:07.992001  1477  1509 D MSyncForWMS: setFrameRate: 2060.0
06-13 14:16:08.349863  1723  7578 D PowerUI : can't show warning due to - plugged: true status unknown: false
06-13 14:16:08.535657  1477  1506 E ApplicationHelper: Fail to get PackageManager
06-13 14:16:08.543078  1477  1506 E ApplicationHelper: Fail to get PackageManager
06-13 14:16:08.705126  1477  2864 E TaskPersister: File error accessing recents directory (directory doesn't exist?).
06-13 14:16:08.817632  1477  4480 W WindowManager: Changing focus from Window{683aaf6 u0 com.debug.loggerui/com.debug.loggerui.LogFolderListActivity} to Window{61c318a u0 Clearing log} displayId=0 Callers=com.android.server.wm.RootWindowContainer.updateFocusedWindowLocked:455 com.android.server.wm.WindowManagerService.updateFocusedWindowLocked:6247 com.android.server.wm.WindowManagerService.addWindow:1847 com.android.server.wm.Session.addToDisplayAsUser:224 
06-13 14:16:08.831693  1477 10135 D CoreBackPreview: Window{683aaf6 u0 com.debug.loggerui/com.debug.loggerui.LogFolderListActivity}: Setting back callback null
06-13 14:16:08.843405  1477  4480 D MSyncForWMS: setFrameRate: 0.0
06-13 14:16:08.846494  1477  1508 V WindowManager: Unknown focus tokens, dropping reportFocusChanged
06-13 14:16:08.850753  1477 10135 D CoreBackPreview: Window{61c318a u0 Clearing log}: Setting back callback OnBackInvokedCallbackInfo{mCallback=android.window.IOnBackInvokedCallback$Stub$Proxy@f4e92a9, mPriority=0, mIsAnimationCallback=false}
06-13 14:16:08.854832  1477  2029 D MSyncForWMS: setFrameRate: 2060.0
06-13 14:16:08.870462  1477  1559 W WindowManager: finishDrawingWindow: Window{61c318a u0 Clearing log} mDrawState=DRAW_PENDING
06-13 14:16:08.877795  1477  1509 D MSyncForWMS: setFrameRate: 0.0
06-13 14:16:08.878278  1477  1509 W WindowManager: real show surface:Surface(name=Clearing log)/@0xae4ede1
06-13 14:16:08.885866  1477  1559 W WindowManager: finishDrawingWindow: Window{61c318a u0 Clearing log} mDrawState=HAS_DRAWN
06-13 14:16:08.961980  1477  1509 D WindowManager: setParent old=ActivityRecord{cefa51f u0 com.debug.loggerui/.LogFolderListActivity t59},new=null,this window=Window{683aaf6 u0 com.debug.loggerui/com.debug.loggerui.LogFolderListActivity},callers=com.android.server.wm.WindowContainer.removeChild:761 com.android.server.wm.ActivityRecord.removeChild:4488 com.android.server.wm.ActivityRecord.removeChild:409 com.android.server.wm.WindowContainer.removeImmediately:819 com.android.server.wm.WindowState.removeImmediately:2386 com.android.server.wm.WindowState.destroySurface:3379 
06-13 14:16:08.982971  1477  1506 E ApplicationHelper: Fail to get PackageManager
06-13 14:16:08.993342  1477  1506 E ApplicationHelper: Fail to get PackageManager
06-13 14:16:08.995929  1477  1509 D MSyncForWMS: setFrameRate: 2060.0
06-13 14:16:09.006407  1477  1506 E ApplicationHelper: Fail to get PackageManager
06-13 14:16:09.009602  1477  1506 E ApplicationHelper: Fail to get PackageManager
06-13 14:16:09.328866  1723  1757 V WindowManagerShell: Transition requested: android.os.BinderProxy@697ae75 TransitionRequestInfo { type = CLOSE, triggerTask = null, remoteTransition = null, displayChange = null }
06-13 14:16:09.333005  1477  1559 D MSyncForWMS: setFrameRate: 0.0
06-13 14:16:09.333099  1477  1559 D MSyncForWMS: setFrameRate: 0.0
06-13 14:16:09.342279  1477  1559 W WindowManager: Changing focus from Window{61c318a u0 Clearing log} to null displayId=0 Callers=com.android.server.wm.RootWindowContainer.updateFocusedWindowLocked:455 com.android.server.wm.WindowManagerService.updateFocusedWindowLocked:6247 com.android.server.wm.ActivityTaskManagerService.setLastResumedActivityUncheckLocked:4919 com.android.server.wm.ActivityTaskSupervisor.updateTopResumedActivityIfNeeded:2468 
06-13 14:16:09.364073  1477  1559 W WindowManager: Changing focus from null to Window{ed15274 u0 com.debug.loggerui/com.debug.loggerui.MainActivity} displayId=0 Callers=com.android.server.wm.RootWindowContainer.updateFocusedWindowLocked:455 com.android.server.wm.WindowManagerService.updateFocusedWindowLocked:6247 com.android.server.wm.WindowManagerService.relayoutWindow:2533 com.android.server.wm.Session.relayout:259 
06-13 14:16:09.367503  1477  1559 I WindowManager: Relayout Window{ed15274 u0 com.debug.loggerui/com.debug.loggerui.MainActivity}: oldVis=8 newVis=0 focusMayChange = true requestedWidth = 1080 requestedHeight = 2460 outFrames = ClientWindowFrames{frame=[0,0][1080,2460] display=[0,0][1080,2460] parentFrame=[0,0][0,0]} outSurfaceControl = Surface(name=com.debug.loggerui/com.debug.loggerui.MainActivity)/@0x8b82c9f
06-13 14:16:09.381019  1477  1559 W WindowManager: finishDrawingWindow: Window{ed15274 u0 com.debug.loggerui/com.debug.loggerui.MainActivity} mDrawState=DRAW_PENDING
06-13 14:16:09.384996  1477  1509 W WindowManager: real show surface:Surface(name=com.debug.loggerui/com.debug.loggerui.MainActivity)/@0x5fda1ec
06-13 14:16:09.389955  1477  1505 V WindowManager: Sent Transition #243 createdAt=06-13 14:16:09.327 via request=TransitionRequestInfo { type = CLOSE, triggerTask = null, remoteTransition = null, displayChange = null }
06-13 14:16:09.390062  1477  1505 V WindowManager:     startWCT=WindowContainerTransaction { changes = {} hops = [] errorCallbackToken=null taskFragmentOrganizer=null }
06-13 14:16:09.390200  1477  1505 V WindowManager:     info={id=243 t=CLOSE f=0x0 trk=0 r=[0@Point(0, 0)] c=[{null m=CLOSE f=FILLS_TASK leash=Surface(name=ActivityRecord{cefa51f u0 com.debug.loggerui/.LogFolderListActivity)/@0xb05aea0 sb=Rect(0, 0 - 1080, 2460) eb=Rect(0, 0 - 1080, 2460) d=0},{null m=TO_FRONT f=FILLS_TASK leash=Surface(name=ActivityRecord{ccea298 u0 com.debug.loggerui/.MainActivity)/@0x8dfd22f sb=Rect(0, 0 - 1080, 2460) eb=Rect(0, 0 - 1080, 2460) d=0}]}
06-13 14:16:09.391354  1723  1757 V WindowManagerShell: onTransitionReady android.os.BinderProxy@697ae75: {id=243 t=CLOSE f=0x0 trk=0 r=[0@Point(0, 0)] c=[{null m=CLOSE f=FILLS_TASK leash=Surface(name=ActivityRecord{cefa51f u0 com.debug.loggerui/.LogFolderListActivity)/@0x93b1e0a sb=Rect(0, 0 - 1080, 2460) eb=Rect(0, 0 - 1080, 2460) d=0},{null m=TO_FRONT f=FILLS_TASK leash=Surface(name=ActivityRecord{ccea298 u0 com.debug.loggerui/.MainActivity)/@0x70f067b sb=Rect(0, 0 - 1080, 2460) eb=Rect(0, 0 - 1080, 2460) d=0}]}
06-13 14:16:09.391514  1723  1757 V WindowManagerShell: Playing animation for (#243)android.os.BinderProxy@697ae75@0
06-13 14:16:09.391647  1723  1757 V WindowManagerShell:  try handler com.android.wm.shell.transition.DefaultMixedHandler@ae56cbd
06-13 14:16:09.391678  1723  1757 V WindowManagerShell:  try handler com.android.wm.shell.keyguard.KeyguardTransitionHandler@ce8a6d9
06-13 14:16:09.391724  1723  1757 V WindowManagerShell:  try handler com.android.wm.shell.activityembedding.ActivityEmbeddingController@6bb589e
06-13 14:16:09.391825  1723  1757 V WindowManagerShell:  try handler com.android.wm.shell.recents.RecentsTransitionHandler@af90f7f
06-13 14:16:09.391866  1723  1757 V ShellRecents: RecentsTransitionHandler.startAnimation: no controller found
06-13 14:16:09.391891  1723  1757 V WindowManagerShell:  try handler com.android.wm.shell.pip.PipTransition@9fe7b4c
06-13 14:16:09.391923  1723  1757 V WindowManagerShell:  try handler com.android.wm.shell.splitscreen.StageCoordinator@3b3d795
06-13 14:16:09.391959  1723  1757 V WindowManagerShell:  try handler com.android.wm.shell.transition.RemoteTransitionHandler@18060aa
06-13 14:16:09.392093  1723  1757 V WindowManagerShell: Transition doesn't have explicit remote, search filters for match for {id=243 t=CLOSE f=0x0 trk=0 r=[0@Point(0, 0)] c=[{null m=CLOSE f=FILLS_TASK leash=Surface(name=ActivityRecord{cefa51f u0 com.debug.loggerui/.LogFolderListActivity)/@0x93b1e0a sb=Rect(0, 0 - 1080, 2460) eb=Rect(0, 0 - 1080, 2460) d=0},{null m=TO_FRONT f=FILLS_TASK leash=Surface(name=ActivityRecord{ccea298 u0 com.debug.loggerui/.MainActivity)/@0x70f067b sb=Rect(0, 0 - 1080, 2460) eb=Rect(0, 0 - 1080, 2460) d=0}]}
06-13 14:16:09.392319  1723  1757 V WindowManagerShell:  Checking filter Pair{{types=[] flags=0x0] notFlags=0x100 checks=[{atype=home independent=true modes=[OPEN,TO_FRONT] flags=NONE mustBeTask=false order=TOP topActivity=ComponentInfo{com.android.launcher3/com.android.searchlauncher.SearchLauncher}},{atype=standard independent=true modes=[CLOSE,TO_BACK] flags=NONE mustBeTask=false order=ANY topActivity=null}]} RemoteTransition { remoteTransition = android.window.IRemoteTransition$Stub$Proxy@a8c0e19, appThread = android.app.IApplicationThread$Stub$Proxy@a43cede, debugName = QuickstepLaunchHome }}
06-13 14:16:09.392385  1723  1757 V WindowManagerShell:  Delegate animation for #243 to null
06-13 14:16:09.392411  1723  1757 V WindowManagerShell:  try handler com.android.wm.shell.transition.DefaultTransitionHandler@c75811
06-13 14:16:09.392514  1723  1757 V WindowManagerShell: start default transition animation, info = {id=243 t=CLOSE f=0x0 trk=0 r=[0@Point(0, 0)] c=[{null m=CLOSE f=FILLS_TASK leash=Surface(name=ActivityRecord{cefa51f u0 com.debug.loggerui/.LogFolderListActivity)/@0x93b1e0a sb=Rect(0, 0 - 1080, 2460) eb=Rect(0, 0 - 1080, 2460) d=0},{null m=TO_FRONT f=FILLS_TASK leash=Surface(name=ActivityRecord{ccea298 u0 com.debug.loggerui/.MainActivity)/@0x70f067b sb=Rect(0, 0 - 1080, 2460) eb=Rect(0, 0 - 1080, 2460) d=0}]}
06-13 14:16:09.393582  1723  1757 V WindowManagerShell: loadAnimation: anim=android.view.animation.AnimationSet@77510d6 animAttr=0x6 type=CLOSE isEntrance=true
06-13 14:16:09.394783  1723  1757 V WindowManagerShell: loadAnimation: anim=android.view.animation.AnimationSet@26cba44 animAttr=0x7 type=CLOSE isEntrance=false
06-13 14:16:09.396109  1477  1506 E ApplicationHelper: Fail to get PackageManager
06-13 14:16:09.396131  1477  1506 E ApplicationHelper: Fail to get PackageManager
06-13 14:16:09.396141  1477  1506 E ApplicationHelper: Fail to get PackageManager
06-13 14:16:09.396149  1477  1506 E ApplicationHelper: Fail to get PackageManager
06-13 14:16:09.396157  1477  1506 E ApplicationHelper: Fail to get PackageManager
06-13 14:16:09.396164  1477  1506 E ApplicationHelper: Fail to get PackageManager
06-13 14:16:09.436284  1477  1559 W PackageConfigPersister: App-specific configuration not found for packageName: com.debug.loggerui and userId: 0
06-13 14:16:09.450748  1723  1757 V WindowManagerShell:  animated by com.android.wm.shell.transition.DefaultTransitionHandler@c75811
06-13 14:16:09.529790  1477  1506 E ApplicationHelper: Fail to get PackageManager
06-13 14:16:09.573580  1477  2029 D CoreBackPreview: Window{f9902f0 u0 Toast}: Setting back callback OnBackInvokedCallbackInfo{mCallback=android.window.IOnBackInvokedCallback$Stub$Proxy@b8b7b8f, mPriority=0, mIsAnimationCallback=false}
06-13 14:16:09.594916  1477  2029 W WindowManager: finishDrawingWindow: Window{f9902f0 u0 Toast} mDrawState=DRAW_PENDING
06-13 14:16:09.596934  1477  1509 W WindowManager: real show surface:Surface(name=Toast)/@0x9a35e1c
06-13 14:16:09.686820  1723  1757 V WindowManagerShell: Transition animation finished (aborted=false), notifying core (#243)android.os.BinderProxy@697ae75@0
06-13 14:16:09.691339  1477  1505 V WindowManager: Finish Transition #243: created at 06-13 14:16:09.327 collect-started=0.341ms request-sent=0.482ms started=9.665ms ready=20.988ms sent=61.31ms finished=363.234ms
06-13 14:16:09.697272  1723  1757 V WindowManagerShell: Track 0 became idle
06-13 14:16:09.697355  1723  1757 V WindowManagerShell: All active transition animations finished
06-13 14:16:09.702854  1477  1506 E ApplicationHelper: Fail to get PackageManager
06-13 14:16:09.702916  1477  1506 E ApplicationHelper: Fail to get PackageManager
06-13 14:16:09.702936  1477  1506 E ApplicationHelper: Fail to get PackageManager
06-13 14:16:09.702954  1477  1506 E ApplicationHelper: Fail to get PackageManager
06-13 14:16:09.702971  1477  1506 E ApplicationHelper: Fail to get PackageManager
06-13 14:16:09.702987  1477  1506 E ApplicationHelper: Fail to get PackageManager
06-13 14:16:09.703004  1477  1506 E ApplicationHelper: Fail to get PackageManager
06-13 14:16:09.703020  1477  1506 E ApplicationHelper: Fail to get PackageManager
06-13 14:16:09.704181  1477  1509 D MSyncForWMS: setFrameRate: 2060.0
06-13 14:16:09.731694  1477  1559 D CoreBackPreview: Window{61c318a u0 Clearing log EXITING}: Setting back callback null
06-13 14:16:09.739385  1477  1559 D CoreBackPreview: Window{9d9aaca u0 com.debug.loggerui/com.debug.loggerui.LogFolderListActivity}: Setting back callback null
06-13 14:16:09.744403  1477  1559 D WindowManager: setParent old=ActivityRecord{cefa51f u0 com.debug.loggerui/.LogFolderListActivity t59 f}},new=null,this window=Window{9d9aaca u0 com.debug.loggerui/com.debug.loggerui.LogFolderListActivity},callers=com.android.server.wm.WindowContainer.removeChild:761 com.android.server.wm.ActivityRecord.removeChild:4488 com.android.server.wm.ActivityRecord.removeChild:409 com.android.server.wm.WindowContainer.removeImmediately:819 com.android.server.wm.WindowState.removeImmediately:2386 com.android.server.wm.WindowState.removeIfPossible:2546 
06-13 14:16:09.753553  1477  1509 D WindowManager: setParent old=ActivityRecord{cefa51f u0 com.debug.loggerui/.LogFolderListActivity t59 f} isExiting},new=null,this window=Window{61c318a u0 Clearing log EXITING},callers=com.android.server.wm.WindowContainer.removeChild:761 com.android.server.wm.ActivityRecord.removeChild:4488 com.android.server.wm.ActivityRecord.removeChild:409 com.android.server.wm.WindowContainer.removeImmediately:819 com.android.server.wm.WindowState.removeImmediately:2386 com.android.server.wm.WindowContainer.removeImmediately:795 
