06-13 14:14:44.085200  1477  6449 D CompatibilityChangeReporter: Compat change id reported: 168419799; UID 10177; state: DISABLED
06-13 14:14:44.085574  1477  6449 D CompatibilityChangeReporter: Compat change id reported: 273564678; UID 10177; state: DISABLED
06-13 14:14:44.086670  1477  1682 D PriStartDexopt: check need dexopt com.mediatek.engineermode reason:5,status:8,abi is arm64-v8a
06-13 14:14:44.090995  1477  1519 I ActivityManager: Start proc 14285:com.google.android.contacts/u0a148 for content provider {com.google.android.contacts/com.google.android.apps.contacts.othercontacts.OtherContactsProvider}
06-13 14:14:44.093869  1477  1519 D CompatibilityChangeReporter: Compat change id reported: 143937733; UID 10177; state: ENABLED
06-13 14:14:44.101136  1477  2029 D CoreBackPreview: Window{ecf5770 u0 Splash Screen com.mediatek.engineermode}: Setting back callback OnBackInvokedCallbackInfo{mCallback=android.window.IOnBackInvokedCallback$Stub$Proxy@319eca5, mPriority=0, mIsAnimationCallback=false}
06-13 14:14:44.118163  1477  2902 D MSyncForWMS: setFrameRate: 0.0
06-13 14:14:44.121126  1477  1519 I ActivityManager: Start proc 14287:com.mediatek.engineermode/u0a177 for next-top-activity {com.mediatek.engineermode/com.mediatek.engineermode.EngineerMode}
06-13 14:14:44.129656  1477  1506 E ApplicationHelper: Fail to get PackageManager
06-13 14:14:44.129705  1477  1506 E ApplicationHelper: Fail to get PackageManager
06-13 14:14:44.132553  1477  1506 E MBrainLocalService: MBrainJava launch failed: SecurityException
06-13 14:14:44.132637  1477  1506 E ApplicationHelper: Fail to get PackageManager
06-13 14:14:44.132660  1477  1506 E ApplicationHelper: Fail to get PackageManager
06-13 14:14:44.132672  1477  1506 E ApplicationHelper: Fail to get PackageManager
06-13 14:14:44.135986  1477  2030 W WindowManager: finishDrawingWindow: Window{ecf5770 u0 Splash Screen com.mediatek.engineermode} mDrawState=DRAW_PENDING
06-13 14:14:44.137662  1477  1506 E ApplicationHelper: Fail to get PackageManager
06-13 14:14:44.137723  1477  1506 E ApplicationHelper: Fail to get PackageManager
06-13 14:14:44.137738  1477  1506 E ApplicationHelper: Fail to get PackageManager
06-13 14:14:44.137748  1477  1506 E ApplicationHelper: Fail to get PackageManager
06-13 14:14:44.137758  1477  1506 E ApplicationHelper: Fail to get PackageManager
06-13 14:14:44.137767  1477  1506 E ApplicationHelper: Fail to get PackageManager
06-13 14:14:44.137775  1477  1506 E ApplicationHelper: Fail to get PackageManager
06-13 14:14:44.138633  1477  1509 W WindowManager: real show surface:Surface(name=Splash Screen com.mediatek.engineermode)/@0x2b6246
06-13 14:14:44.144576  1477  1798 V ActivityManager: New death recipient com.android.server.am.ActivityManagerService$AppDeathRecipient@df7ca0 for thread android.os.BinderProxy@ae10059
06-13 14:14:44.152290  1477  2029 I Telecom : MissedCallNotifierImpl: sendNotificationThroughDefaultDialer; count=0, dialerPackage=com.google.android.dialer: TSI.cMCN(cgad)@CQw
06-13 14:14:44.165104  1477  1505 V WindowManager: Sent Transition #234 createdAt=06-13 14:14:44.062 via request=TransitionRequestInfo { type = OPEN, triggerTask = TaskInfo{userId=0 taskId=55 displayId=0 isRunning=true baseIntent=Intent { flg=0x10000000 cmp=com.mediatek.engineermode/.EngineerMode } baseActivity=ComponentInfo{com.mediatek.engineermode/com.mediatek.engineermode.EngineerMode} topActivity=ComponentInfo{com.mediatek.engineermode/com.mediatek.engineermode.EngineerMode} origActivity=null realActivity=ComponentInfo{com.mediatek.engineermode/com.mediatek.engineermode.EngineerMode} numActivities=1 lastActiveTime=306087326 supportsMultiWindow=false resizeMode=0 isResizeable=false minWidth=-1 minHeight=-1 defaultMinSize=220 token=WCT{RemoteToken{9b6e8f6 Task{a257f17 #55 type=standard A=10177:com.mediatek.engineermode}}} topActivityType=1 pictureInPictureParams=null shouldDockBigOverlays=false launchIntoPipHostTaskId=-1 lastParentTaskIdBeforePip=-1 displayCutoutSafeInsets=Rect(0, 106 - 0, 0) topActivityInfo=ActivityInfo{ac8c35 com.mediatek.engineermode.EngineerMode} launchCookies=[] positionInParent=Point(0, 0) parentTaskId=-1 isFocused=false isVisible=false isVisibleRequested=false isSleeping=false topActivityInSizeCompat=false topActivityEligibleForLetterboxEducation= false topActivityLetterboxed= false isFromDoubleTap= false topActivityLetterboxVerticalPosition= -1 topActivityLetterboxHorizontalPosition= -1 topActivityLetterboxWidth=-1 topActivityLetterboxHeight=-1 locusId=null displayAreaFeatureId=1 cameraCompatControlState=hidden}, remoteTransition = null, displayChange = null }
06-13 14:14:44.165209  1477  1505 V WindowManager:     startWCT=WindowContainerTransaction { changes = {} hops = [] errorCallbackToken=null taskFragmentOrganizer=null }
06-13 14:14:44.165350  1477  1505 V WindowManager:     info={id=234 t=OPEN f=0x0 trk=0 r=[0@Point(0, 0)] c=[{WCT{RemoteToken{9b6e8f6 Task{a257f17 #55 type=standard A=10177:com.mediatek.engineermode}}} m=OPEN f=NONE leash=Surface(name=Task=55)/@0xd9c3fb8 sb=Rect(0, 0 - 1080, 2460) eb=Rect(0, 0 - 1080, 2460) d=0},{WCT{RemoteToken{491895f Task{5745f7c #54 type=standard A=10125:com.google.android.dialer}}} m=TO_BACK f=NONE leash=Surface(name=Task=54)/@0xf69f003 sb=Rect(0, 0 - 1080, 2460) eb=Rect(0, 0 - 1080, 2460) d=0}]}
06-13 14:14:44.166594  1723  1757 V WindowManagerShell: onTransitionReady android.os.BinderProxy@2bd2a3b: {id=234 t=OPEN f=0x0 trk=0 r=[0@Point(0, 0)] c=[{WCT{android.window.IWindowContainerToken$Stub$Proxy@e49182b} m=OPEN f=NONE leash=Surface(name=Task=55)/@0x5576a9c sb=Rect(0, 0 - 1080, 2460) eb=Rect(0, 0 - 1080, 2460) d=0},{WCT{android.window.IWindowContainerToken$Stub$Proxy@6be9488} m=TO_BACK f=NONE leash=Surface(name=Task=54)/@0x95c1ca5 sb=Rect(0, 0 - 1080, 2460) eb=Rect(0, 0 - 1080, 2460) d=0}]}
06-13 14:14:44.167076  1723  1757 V WindowManagerShell: Playing animation for (#234)android.os.BinderProxy@2bd2a3b@0
06-13 14:14:44.167203  1723  1757 V WindowManagerShell:  try handler com.android.wm.shell.transition.DefaultMixedHandler@ae56cbd
06-13 14:14:44.167220  1723  1757 V WindowManagerShell:  try handler com.android.wm.shell.keyguard.KeyguardTransitionHandler@ce8a6d9
06-13 14:14:44.167253  1723  1757 V WindowManagerShell:  try handler com.android.wm.shell.activityembedding.ActivityEmbeddingController@6bb589e
06-13 14:14:44.167272  1723  1757 V WindowManagerShell:  try handler com.android.wm.shell.recents.RecentsTransitionHandler@af90f7f
06-13 14:14:44.167297  1723  1757 V ShellRecents: RecentsTransitionHandler.startAnimation: no controller found
06-13 14:14:44.167313  1723  1757 V WindowManagerShell:  try handler com.android.wm.shell.pip.PipTransition@9fe7b4c
06-13 14:14:44.167339  1723  1757 V WindowManagerShell:  try handler com.android.wm.shell.splitscreen.StageCoordinator@3b3d795
06-13 14:14:44.167378  1723  1757 V WindowManagerShell:  try handler com.android.wm.shell.transition.RemoteTransitionHandler@18060aa
06-13 14:14:44.167447  1723  1757 V WindowManagerShell: Transition doesn't have explicit remote, search filters for match for {id=234 t=OPEN f=0x0 trk=0 r=[0@Point(0, 0)] c=[{WCT{android.window.IWindowContainerToken$Stub$Proxy@e49182b} m=OPEN f=NONE leash=Surface(name=Task=55)/@0x5576a9c sb=Rect(0, 0 - 1080, 2460) eb=Rect(0, 0 - 1080, 2460) d=0},{WCT{android.window.IWindowContainerToken$Stub$Proxy@6be9488} m=TO_BACK f=NONE leash=Surface(name=Task=54)/@0x95c1ca5 sb=Rect(0, 0 - 1080, 2460) eb=Rect(0, 0 - 1080, 2460) d=0}]}
06-13 14:14:44.167557  1723  1757 V WindowManagerShell:  Checking filter Pair{{types=[] flags=0x0] notFlags=0x100 checks=[{atype=home independent=true modes=[OPEN,TO_FRONT] flags=NONE mustBeTask=false order=TOP topActivity=ComponentInfo{com.android.launcher3/com.android.searchlauncher.SearchLauncher}},{atype=standard independent=true modes=[CLOSE,TO_BACK] flags=NONE mustBeTask=false order=ANY topActivity=null}]} RemoteTransition { remoteTransition = android.window.IRemoteTransition$Stub$Proxy@a8c0e19, appThread = android.app.IApplicationThread$Stub$Proxy@a43cede, debugName = QuickstepLaunchHome }}
06-13 14:14:44.167623  1723  1757 V WindowManagerShell:  Delegate animation for #234 to null
06-13 14:14:44.167642  1723  1757 V WindowManagerShell:  try handler com.android.wm.shell.transition.DefaultTransitionHandler@c75811
06-13 14:14:44.167696  1723  1757 V WindowManagerShell: start default transition animation, info = {id=234 t=OPEN f=0x0 trk=0 r=[0@Point(0, 0)] c=[{WCT{android.window.IWindowContainerToken$Stub$Proxy@e49182b} m=OPEN f=NONE leash=Surface(name=Task=55)/@0x5576a9c sb=Rect(0, 0 - 1080, 2460) eb=Rect(0, 0 - 1080, 2460) d=0},{WCT{android.window.IWindowContainerToken$Stub$Proxy@6be9488} m=TO_BACK f=NONE leash=Surface(name=Task=54)/@0x95c1ca5 sb=Rect(0, 0 - 1080, 2460) eb=Rect(0, 0 - 1080, 2460) d=0}]}
06-13 14:14:44.168852  1723  1757 V WindowManagerShell: loadAnimation: anim=android.view.animation.AnimationSet@73f0c07 animAttr=0x9 type=OPEN isEntrance=false
06-13 14:14:44.169612  1723  1757 V WindowManagerShell: loadAnimation: anim=android.view.animation.AnimationSet@4623b5d animAttr=0x8 type=OPEN isEntrance=true
06-13 14:14:44.169860  1477  1798 D CompatibilityChangeReporter: Compat change id reported: 168419799; UID 10148; state: DISABLED
06-13 14:14:44.170622  1477  1798 D CompatibilityChangeReporter: Compat change id reported: 273564678; UID 10148; state: DISABLED
06-13 14:14:44.173012  1723  1757 V WindowManagerShell:  animated by com.android.wm.shell.transition.DefaultTransitionHandler@c75811
06-13 14:14:44.175464  1477  1506 E ApplicationHelper: Fail to get PackageManager
06-13 14:14:44.180856  1477  1506 E ApplicationHelper: Fail to get PackageManager
06-13 14:14:44.181003  1477  1506 E ApplicationHelper: Fail to get PackageManager
06-13 14:14:44.182269  1477  2902 D CompatibilityChangeReporter: Compat change id reported: 170503758; UID 10148; state: ENABLED
06-13 14:14:44.186918  1477  1506 E ApplicationHelper: Fail to get PackageManager
06-13 14:14:44.186956  1477  1506 E ApplicationHelper: Fail to get PackageManager
06-13 14:14:44.187957  1477  1506 E MBrainLocalService: MBrainJava launch failed: SecurityException
06-13 14:14:44.187992  1477  1506 E ApplicationHelper: Fail to get PackageManager
06-13 14:14:44.188002  1477  1506 E ApplicationHelper: Fail to get PackageManager
06-13 14:14:44.211822  1477  1506 E ApplicationHelper: Fail to get PackageManager
06-13 14:14:44.211861  1477  1506 E ApplicationHelper: Fail to get PackageManager
06-13 14:14:44.214460  1477  1506 E MBrainLocalService: MBrainJava launch failed: SecurityException
06-13 14:14:44.214548  1477  1506 E ApplicationHelper: Fail to get PackageManager
06-13 14:14:44.214571  1477  1506 E ApplicationHelper: Fail to get PackageManager
06-13 14:14:44.218660  1477  2029 V ActivityManager: New death recipient com.android.server.am.ActivityManagerService$AppDeathRecipient@700580b for thread android.os.BinderProxy@97b06e8
06-13 14:14:44.224044  1477  2029 W WindowManager: Changing focus from Window{e87d587 u0 com.google.android.dialer/com.google.android.dialer.extensions.GoogleDialtactsActivity} to null displayId=0 Callers=com.android.server.wm.RootWindowContainer.updateFocusedWindowLocked:455 com.android.server.wm.WindowManagerService.updateFocusedWindowLocked:6247 com.android.server.wm.ActivityTaskManagerService.setLastResumedActivityUncheckLocked:4919 com.android.server.wm.ActivityTaskSupervisor.updateTopResumedActivityIfNeeded:2468 
06-13 14:14:44.233970  1477  1477 D MBrainLocalService: isVendorFreezeConditionPass is false
06-13 14:14:44.233991  1477  1477 E MBrainLocalService: notifyAppSwitch failed
06-13 14:14:44.240440  1477  2902 D CompatibilityChangeReporter: Compat change id reported: 170503758; UID 10177; state: ENABLED
06-13 14:14:44.242836  1477  1506 E ApplicationHelper: Fail to get PackageManager
06-13 14:14:44.247935  1477  1506 E MBrainLocalService: MBrainJava launch failed: SecurityException
06-13 14:14:44.298144 14287 14287 D MbrainDebugManagerImpl: getService failed
06-13 14:14:44.304783  1477  2029 I ActivityManager: Flag disabled. Ignoring finishAttachApplication from uid: 10177. pid: 14287
06-13 14:14:44.332933  1477  2889 D CompatibilityChangeReporter: Compat change id reported: 161145287; UID 10148; state: ENABLED
06-13 14:14:44.382624  1477  2889 D CompatibilityChangeReporter: Compat change id reported: 261072174; UID 10148; state: ENABLED
06-13 14:14:44.383677  1477  1506 E ApplicationHelper: Fail to get PackageManager
06-13 14:14:44.403669  1477  1506 E ApplicationHelper: Fail to get PackageManager
06-13 14:14:44.420694  1477  2030 I ActivityManager: Flag disabled. Ignoring finishAttachApplication from uid: 10148. pid: 14285
06-13 14:14:44.438496  1477  1506 E ApplicationHelper: Fail to get PackageManager
06-13 14:14:44.442976  1723  1757 V WindowManagerShell: Transition animation finished (aborted=false), notifying core (#234)android.os.BinderProxy@2bd2a3b@0
06-13 14:14:44.446227  1477  1505 V WindowManager: Finish Transition #234: created at 06-13 14:14:44.062 collect-started=0.081ms request-sent=11.495ms started=17.988ms ready=75.186ms sent=101.075ms finished=383.725ms
06-13 14:14:44.448892  1723  1757 V WindowManagerShell: Track 0 became idle
06-13 14:14:44.448995  1723  1757 V WindowManagerShell: All active transition animations finished
06-13 14:14:44.449941  1477  1509 D MSyncForWMS: setFrameRate: 2060.0
06-13 14:14:44.513149  1477  2027 D CoreBackPreview: Window{87b8123 u0 com.mediatek.engineermode/com.mediatek.engineermode.EngineerMode}: Setting back callback OnBackInvokedCallbackInfo{mCallback=android.window.IOnBackInvokedCallback$Stub$Proxy@92bad49, mPriority=0, mIsAnimationCallback=false}
06-13 14:14:44.598232  1477  2030 D CompatibilityChangeReporter: Compat change id reported: 253665015; UID 10148; state: ENABLED
06-13 14:14:44.598587  1477  2030 D CompatibilityChangeReporter: Compat change id reported: 194532703; UID 10148; state: ENABLED
06-13 14:14:44.602218  1477  6449 D MSyncForWMS: setFrameRate: 2060.0
06-13 14:14:44.604136  1477  6449 W WindowManager: Changing focus from null to Window{87b8123 u0 com.mediatek.engineermode/com.mediatek.engineermode.EngineerMode} displayId=0 Callers=com.android.server.wm.RootWindowContainer.updateFocusedWindowLocked:455 com.android.server.wm.WindowManagerService.updateFocusedWindowLocked:6247 com.android.server.wm.WindowManagerService.relayoutWindow:2533 com.android.server.wm.Session.relayout:259 
06-13 14:14:44.609655  1477  6449 I WindowManager: Relayout Window{87b8123 u0 com.mediatek.engineermode/com.mediatek.engineermode.EngineerMode}: oldVis=4 newVis=0 focusMayChange = true requestedWidth = 1080 requestedHeight = 2460 outFrames = ClientWindowFrames{frame=[0,0][1080,2460] display=[0,0][1080,2460] parentFrame=[0,0][0,0]} outSurfaceControl = Surface(name=com.mediatek.engineermode/com.mediatek.engineermode.EngineerMode)/@0x8f7c398
06-13 14:14:44.624857  1477  1477 W AccessibilityManagerService:  wait for adding window timeout: 79
06-13 14:14:44.645294  1477  2027 D CompatibilityChangeReporter: Compat change id reported: 154726397; UID 10148; state: ENABLED
06-13 14:14:44.656022  1477  2027 D CompatibilityChangeReporter: Compat change id reported: 201794303; UID 10148; state: ENABLED
06-13 14:14:44.657451  1477  2027 D CompatibilityChangeReporter: Compat change id reported: 207133734; UID 10148; state: ENABLED
06-13 14:14:44.680056  1477  2027 W WindowManager: finishDrawingWindow: Window{87b8123 u0 com.mediatek.engineermode/com.mediatek.engineermode.EngineerMode} mDrawState=DRAW_PENDING
06-13 14:14:44.685843  1477  1509 W WindowManager: real show surface:Surface(name=com.mediatek.engineermode/com.mediatek.engineermode.EngineerMode)/@0x7213f47
06-13 14:14:44.728625  1477  2030 D CompatibilityChangeReporter: Compat change id reported: 214016041; UID 10177; state: ENABLED
06-13 14:14:44.743719  1477  1506 E ApplicationHelper: Fail to get PackageManager
06-13 14:14:44.746582  1477  2027 W PackageConfigPersister: App-specific configuration not found for packageName: com.mediatek.engineermode and userId: 0
06-13 14:14:44.751427  1477  1570 D CompatibilityChangeReporter: Compat change id reported: 265195908; UID 10125; state: ENABLED
06-13 14:14:44.752029  1477  1506 E ApplicationHelper: Fail to get PackageManager
06-13 14:14:44.754540  1477  1506 E MBrainLocalService: MBrainJava launch failed: SecurityException
06-13 14:14:44.754594  1477  1506 E ApplicationHelper: Fail to get PackageManager
06-13 14:14:44.754611  1477  1506 E ApplicationHelper: Fail to get PackageManager
06-13 14:14:44.754622  1477  1506 E ApplicationHelper: Fail to get PackageManager
06-13 14:14:44.754632  1477  1506 E ApplicationHelper: Fail to get PackageManager
06-13 14:14:44.754642  1477  1506 E ApplicationHelper: Fail to get PackageManager
06-13 14:14:44.754651  1477  1506 E ApplicationHelper: Fail to get PackageManager
06-13 14:14:44.754662  1477  1506 E ApplicationHelper: Fail to get PackageManager
06-13 14:14:44.795865  1477  1506 E ApplicationHelper: Fail to get PackageManager
06-13 14:14:44.795910  1477  1506 E ApplicationHelper: Fail to get PackageManager
06-13 14:14:44.795919  1477  1506 E ApplicationHelper: Fail to get PackageManager
06-13 14:14:44.795951  1477  1506 E ApplicationHelper: Fail to get PackageManager
06-13 14:14:44.880243  1477  1506 E ApplicationHelper: Fail to get PackageManager
06-13 14:14:44.886735  1477  6449 D MSyncForWMS: setFrameRate: 0.0
06-13 14:14:44.889485  1477  6449 D CoreBackPreview: Window{ecf5770 u0 Splash Screen com.mediatek.engineermode EXITING}: Setting back callback null
06-13 14:14:44.953005  1477  1477 W AccessibilityManagerService:  wait for adding window timeout: 78
06-13 14:14:44.958171  1477  1506 E ApplicationHelper: Fail to get PackageManager
06-13 14:14:44.958608  1477  1506 E ApplicationHelper: Fail to get PackageManager
06-13 14:14:44.968351  1477  1509 D WindowManager: setParent old=ActivityRecord{28be796 u0 com.mediatek.engineermode/.EngineerMode t55},new=null,this window=Window{ecf5770 u0 Splash Screen com.mediatek.engineermode},callers=com.android.server.wm.WindowContainer.removeChild:761 com.android.server.wm.ActivityRecord.removeChild:4488 com.android.server.wm.ActivityRecord.removeChild:409 com.android.server.wm.WindowContainer.removeImmediately:819 com.android.server.wm.WindowState.removeImmediately:2386 com.android.server.wm.WindowState.destroySurface:3379 
06-13 14:14:45.046244  1477  1477 W AccessibilityManagerService:  wait for adding window timeout: 78
06-13 14:14:46.420351  1723  5947 D PowerUI : can't show warning due to - plugged: true status unknown: false
06-13 14:14:46.646543  1477  1506 E ApplicationHelper: Fail to get PackageManager
06-13 14:14:46.977556  1477  1506 E ApplicationHelper: Fail to get PackageManager
06-13 14:14:47.077688  1477  2864 E TaskPersister: File error accessing recents directory (directory doesn't exist?).
06-13 14:14:47.576274  1477  1506 E ApplicationHelper: Fail to get PackageManager
06-13 14:14:47.577991  1477  1506 E ApplicationHelper: Fail to get PackageManager
06-13 14:14:47.578028  1477  1506 E ApplicationHelper: Fail to get PackageManager
06-13 14:14:48.139911  1477  2902 D CompatibilityChangeReporter: Compat change id reported: 161252188; UID 10174; state: DISABLED
06-13 14:14:48.831287  1477  1477 D WindowManager: setParent old=Leaf:3:12@151131689,new=null,this window=WindowToken{da8c6c6 type=2005 android.os.Binder@1f68aab},callers=com.android.server.wm.WindowContainer.removeChild:761 com.android.server.wm.WindowContainer.removeImmediately:819 com.android.server.wm.WindowToken.setExiting:261 com.android.server.wm.DisplayContent.removeWindowToken:1440 com.android.server.wm.WindowManagerService.removeWindowToken:2987 com.android.server.wm.WindowManagerService$LocalService.removeWindowToken:7997 
06-13 14:14:48.950804  1477  2030 D ActivityTaskManager: Starting activity: rInfo=ResolveInfo{93d5241 com.debug.loggerui/.MainActivity m=0x0 userHandle=UserHandle{0}}, intent=Intent { act=android.intent.action.MAIN cmp=com.debug.loggerui/.MainActivity }, userId=0, realCallingPid=14287
06-13 14:14:48.950959  1477  2030 D PriAppLock_Starter: DWExchange srcintent: Intent { act=android.intent.action.MAIN cmp=com.debug.loggerui/.MainActivity }, caller: android.app.IApplicationThread$Stub$Proxy@d7203e6, resultTo:Token{17a4f04 ActivityRecord{28be796 u0 com.mediatek.engineermode/.EngineerMode t55}}, resultWho:null, requestCode:-1, callingPid:-1, callingUid:-1, callingPackage:com.mediatek.engineermode, realCallingPid:14287, realCallingUid:10177, flag:0, aInfo:ActivityInfo{9fed27 com.debug.loggerui.MainActivity}, rInfo:ResolveInfo{93d5241 com.debug.loggerui/.MainActivity m=0x0 userHandle=UserHandle{0}}, reason:startActivityAsUser, inTask:null
06-13 14:14:48.951031  1477  2030 D PriAppLock_Starter: DWExchange callerProcess:ProcessRecord{b16e722 14287:com.mediatek.engineermode/u0a177}, bindercallingpid:-1
06-13 14:14:48.951048  1477  2030 D PriAppLock_Starter: DWExchange isblockapp(db) : false
06-13 14:14:48.951088  1477  2030 D PriAppLock_Starter: DWExchange2 caller :android.app.IApplicationThread$Stub$Proxy@d7203e6, requestCode: -1, fromsource:0, isblockapp:false, intent=Intent { act=android.intent.action.MAIN cmp=com.debug.loggerui/.MainActivity }, resultTo=Token{17a4f04 ActivityRecord{28be796 u0 com.mediatek.engineermode/.EngineerMode t55}}
06-13 14:14:48.952469  1477  2030 D CompatibilityChangeReporter: Compat change id reported: 265464455; UID 10174; state: DISABLED
06-13 14:14:48.952655  1477  2030 D CompatibilityChangeReporter: Compat change id reported: 265452344; UID 10174; state: DISABLED
06-13 14:14:48.952796  1477  2030 D CompatibilityChangeReporter: Compat change id reported: 266124927; UID 10174; state: DISABLED
06-13 14:14:48.952914  1477  2030 D CompatibilityChangeReporter: Compat change id reported: 265451093; UID 10174; state: DISABLED
06-13 14:14:48.953105  1477  2030 D CompatibilityChangeReporter: Compat change id reported: 265456536; UID 10174; state: DISABLED
06-13 14:14:48.953206  1477  2030 D CompatibilityChangeReporter: Compat change id reported: 255940284; UID 10174; state: DISABLED
06-13 14:14:48.953344  1477  2030 D CompatibilityChangeReporter: Compat change id reported: 236283604; UID 10174; state: DISABLED
06-13 14:14:48.953431  1477  2030 D CompatibilityChangeReporter: Compat change id reported: 263959004; UID 10174; state: DISABLED
06-13 14:14:48.953573  1477  2030 D CompatibilityChangeReporter: Compat change id reported: 264304459; UID 10174; state: DISABLED
06-13 14:14:48.953692  1477  2030 D CompatibilityChangeReporter: Compat change id reported: 264301586; UID 10174; state: DISABLED
06-13 14:14:48.953791  1477  2030 D CompatibilityChangeReporter: Compat change id reported: 254631730; UID 10174; state: DISABLED
06-13 14:14:48.953879  1477  2030 D CompatibilityChangeReporter: Compat change id reported: 273509367; UID 10174; state: DISABLED
06-13 14:14:48.953963  1477  2030 D CompatibilityChangeReporter: Compat change id reported: 263259275; UID 10174; state: DISABLED
06-13 14:14:48.954092  1477  2030 D CompatibilityChangeReporter: Compat change id reported: 174042980; UID 10174; state: DISABLED
06-13 14:14:48.954179  1477  2030 D CompatibilityChangeReporter: Compat change id reported: 174042936; UID 10174; state: DISABLED
06-13 14:14:48.954269  1477  2030 D CompatibilityChangeReporter: Compat change id reported: 181136395; UID 10174; state: DISABLED
06-13 14:14:48.955641  1477  2030 D CompatibilityChangeReporter: Compat change id reported: 194480991; UID 10174; state: ENABLED
06-13 14:14:48.959845  1477  2030 D CompatibilityChangeReporter: Compat change id reported: 184838306; UID 10174; state: DISABLED
06-13 14:14:48.960041  1477  2030 D CompatibilityChangeReporter: Compat change id reported: 185004937; UID 10174; state: DISABLED
06-13 14:14:48.961959  1477  2030 D CompatibilityChangeReporter: Compat change id reported: 197654537; UID 10174; state: ENABLED
06-13 14:14:48.963524  1477  2030 D CompatibilityChangeReporter: Compat change id reported: 205907456; UID 10174; state: ENABLED
06-13 14:14:48.965188  1477  1477 D MBrainLocalService: isVendorFreezeConditionPass is false
06-13 14:14:48.965210  1477  1477 E MBrainLocalService: notifyAppSwitch failed
06-13 14:14:48.966622  1477  2030 I ActivityTaskManager: START u0 {act=android.intent.action.MAIN cmp=com.debug.loggerui/.MainActivity} with LAUNCH_SINGLE_TASK from uid 10177 (BAL_ALLOW_VISIBLE_WINDOW) result code=0
06-13 14:14:48.969439  1723  1757 V WindowManagerShell: Transition requested: android.os.BinderProxy@3e05f3a TransitionRequestInfo { type = OPEN, triggerTask = TaskInfo{userId=0 taskId=56 displayId=0 isRunning=true baseIntent=Intent { act=android.intent.action.MAIN flg=0x10000000 cmp=com.debug.loggerui/.MainActivity } baseActivity=ComponentInfo{com.debug.loggerui/com.debug.loggerui.MainActivity} topActivity=ComponentInfo{com.debug.loggerui/com.debug.loggerui.MainActivity} origActivity=null realActivity=ComponentInfo{com.debug.loggerui/com.debug.loggerui.MainActivity} numActivities=1 lastActiveTime=306092218 supportsMultiWindow=true resizeMode=1 isResizeable=true minWidth=-1 minHeight=-1 defaultMinSize=220 token=WCT{android.window.IWindowContainerToken$Stub$Proxy@46867eb} topActivityType=1 pictureInPictureParams=null shouldDockBigOverlays=false launchIntoPipHostTaskId=-1 lastParentTaskIdBeforePip=-1 displayCutoutSafeInsets=Rect(0, 106 - 0, 0) topActivityInfo=ActivityInfo{ae00948 com.debug.loggerui.MainActivity} launchCookies=[] positionInParent=Point(0, 0) parentTaskId=-1 isFocused=false isVisible=false isVisibleRequested=false isSleeping=false topActivityInSizeCompat=false topActivityEligibleForLetterboxEducation= false topActivityLetterboxed= false isFromDoubleTap= false topActivityLetterboxVerticalPosition= -1 topActivityLetterboxHorizontalPosition= -1 topActivityLetterboxWidth=-1 topActivityLetterboxHeight=-1 locusId=null displayAreaFeatureId=1 cameraCompatControlState=hidden}, remoteTransition = null, displayChange = null }
06-13 14:14:48.970982  1477  1506 E ApplicationHelper: Fail to get PackageManager
06-13 14:14:48.972608  1477  2902 D CompatibilityChangeReporter: Compat change id reported: 168419799; UID 10174; state: DISABLED
06-13 14:14:48.973064  1477  2902 D CompatibilityChangeReporter: Compat change id reported: 273564678; UID 10174; state: DISABLED
06-13 14:14:48.978990  1477  6449 W WindowManager: Changing focus from Window{87b8123 u0 com.mediatek.engineermode/com.mediatek.engineermode.EngineerMode} to null displayId=0 Callers=com.android.server.wm.RootWindowContainer.updateFocusedWindowLocked:455 com.android.server.wm.WindowManagerService.updateFocusedWindowLocked:6247 com.android.server.wm.ActivityTaskManagerService.setLastResumedActivityUncheckLocked:4919 com.android.server.wm.ActivityTaskSupervisor.updateTopResumedActivityIfNeeded:2468 
06-13 14:14:48.981138  1477  1477 D MBrainLocalService: isVendorFreezeConditionPass is false
06-13 14:14:48.981158  1477  1477 E MBrainLocalService: notifyAppSwitch failed
06-13 14:14:48.982555  1477  6449 D MSyncForWMS: setFrameRate: 0.0
06-13 14:14:48.985442  1477  1506 E ApplicationHelper: Fail to get PackageManager
06-13 14:14:48.989547  1477  2027 D CoreBackPreview: Window{1c3a9be u0 Splash Screen com.debug.loggerui}: Setting back callback OnBackInvokedCallbackInfo{mCallback=android.window.IOnBackInvokedCallback$Stub$Proxy@40ca3ca, mPriority=0, mIsAnimationCallback=false}
06-13 14:14:48.990120  1477  1506 E MBrainLocalService: MBrainJava launch failed: SecurityException
06-13 14:14:48.990721  1477  1506 E ApplicationHelper: Fail to get PackageManager
06-13 14:14:48.991605  1477  1506 E MBrainLocalService: MBrainJava launch failed: SecurityException
06-13 14:14:48.991681  1477  1506 E ApplicationHelper: Fail to get PackageManager
06-13 14:14:48.992530  1477  1506 E MBrainLocalService: MBrainJava launch failed: SecurityException
06-13 14:14:48.992573  1477  1506 E ApplicationHelper: Fail to get PackageManager
06-13 14:14:48.992586  1477  1506 E ApplicationHelper: Fail to get PackageManager
06-13 14:14:48.992595  1477  1506 E ApplicationHelper: Fail to get PackageManager
06-13 14:14:48.992603  1477  1506 E ApplicationHelper: Fail to get PackageManager
06-13 14:14:48.992612  1477  1506 E ApplicationHelper: Fail to get PackageManager
06-13 14:14:48.992620  1477  1506 E ApplicationHelper: Fail to get PackageManager
06-13 14:14:49.005900  1477  2027 W WindowManager: finishDrawingWindow: Window{1c3a9be u0 Splash Screen com.debug.loggerui} mDrawState=DRAW_PENDING
06-13 14:14:49.009049  1477  1509 W WindowManager: real show surface:Surface(name=Splash Screen com.debug.loggerui)/@0xb85793b
06-13 14:14:49.027294  1477  1505 V WindowManager: Sent Transition #235 createdAt=06-13 14:14:48.956 via request=TransitionRequestInfo { type = OPEN, triggerTask = TaskInfo{userId=0 taskId=56 displayId=0 isRunning=true baseIntent=Intent { act=android.intent.action.MAIN flg=0x10000000 cmp=com.debug.loggerui/.MainActivity } baseActivity=ComponentInfo{com.debug.loggerui/com.debug.loggerui.MainActivity} topActivity=ComponentInfo{com.debug.loggerui/com.debug.loggerui.MainActivity} origActivity=null realActivity=ComponentInfo{com.debug.loggerui/com.debug.loggerui.MainActivity} numActivities=1 lastActiveTime=306092218 supportsMultiWindow=true resizeMode=1 isResizeable=true minWidth=-1 minHeight=-1 defaultMinSize=220 token=WCT{RemoteToken{3393296 Task{89434c3 #56 type=standard A=10174:com.debug.loggerui}}} topActivityType=1 pictureInPictureParams=null shouldDockBigOverlays=false launchIntoPipHostTaskId=-1 lastParentTaskIdBeforePip=-1 displayCutoutSafeInsets=Rect(0, 106 - 0, 0) topActivityInfo=ActivityInfo{9fed27 com.debug.loggerui.MainActivity} launchCookies=[] positionInParent=Point(0, 0) parentTaskId=-1 isFocused=false isVisible=false isVisibleRequested=false isSleeping=false topActivityInSizeCompat=false topActivityEligibleForLetterboxEducation= false topActivityLetterboxed= false isFromDoubleTap= false topActivityLetterboxVerticalPosition= -1 topActivityLetterboxHorizontalPosition= -1 topActivityLetterboxWidth=-1 topActivityLetterboxHeight=-1 locusId=null displayAreaFeatureId=1 cameraCompatControlState=hidden}, remoteTransition = null, displayChange = null }
06-13 14:14:49.027436  1477  1505 V WindowManager:     startWCT=WindowContainerTransaction { changes = {} hops = [] errorCallbackToken=null taskFragmentOrganizer=null }
06-13 14:14:49.027578  1477  1505 V WindowManager:     info={id=235 t=OPEN f=0x0 trk=0 r=[0@Point(0, 0)] c=[{WCT{RemoteToken{3393296 Task{89434c3 #56 type=standard A=10174:com.debug.loggerui}}} m=OPEN f=NONE leash=Surface(name=Task=56)/@0x166c858 sb=Rect(0, 0 - 1080, 2460) eb=Rect(0, 0 - 1080, 2460) d=0},{WCT{RemoteToken{9b6e8f6 Task{a257f17 #55 type=standard A=10177:com.mediatek.engineermode}}} m=TO_BACK f=NONE leash=Surface(name=Task=55)/@0xd9c3fb8 sb=Rect(0, 0 - 1080, 2460) eb=Rect(0, 0 - 1080, 2460) d=0}]}
06-13 14:14:49.028628  1723  1757 V WindowManagerShell: onTransitionReady android.os.BinderProxy@3e05f3a: {id=235 t=OPEN f=0x0 trk=0 r=[0@Point(0, 0)] c=[{WCT{android.window.IWindowContainerToken$Stub$Proxy@daf0aea} m=OPEN f=NONE leash=Surface(name=Task=56)/@0xf5b8bf sb=Rect(0, 0 - 1080, 2460) eb=Rect(0, 0 - 1080, 2460) d=0},{WCT{android.window.IWindowContainerToken$Stub$Proxy@3d721db} m=TO_BACK f=NONE leash=Surface(name=Task=55)/@0x9a40b8c sb=Rect(0, 0 - 1080, 2460) eb=Rect(0, 0 - 1080, 2460) d=0}]}
06-13 14:14:49.028955  1723  1757 V WindowManagerShell: Playing animation for (#235)android.os.BinderProxy@3e05f3a@0
06-13 14:14:49.029112  1723  1757 V WindowManagerShell:  try handler com.android.wm.shell.transition.DefaultMixedHandler@ae56cbd
06-13 14:14:49.029141  1723  1757 V WindowManagerShell:  try handler com.android.wm.shell.keyguard.KeyguardTransitionHandler@ce8a6d9
06-13 14:14:49.029223  1723  1757 V WindowManagerShell:  try handler com.android.wm.shell.activityembedding.ActivityEmbeddingController@6bb589e
06-13 14:14:49.029264  1723  1757 V WindowManagerShell:  try handler com.android.wm.shell.recents.RecentsTransitionHandler@af90f7f
06-13 14:14:49.029302  1723  1757 V ShellRecents: RecentsTransitionHandler.startAnimation: no controller found
06-13 14:14:49.029327  1723  1757 V WindowManagerShell:  try handler com.android.wm.shell.pip.PipTransition@9fe7b4c
06-13 14:14:49.029367  1723  1757 V WindowManagerShell:  try handler com.android.wm.shell.splitscreen.StageCoordinator@3b3d795
06-13 14:14:49.029411  1723  1757 V WindowManagerShell:  try handler com.android.wm.shell.transition.RemoteTransitionHandler@18060aa
06-13 14:14:49.029561  1723  1757 V WindowManagerShell: Transition doesn't have explicit remote, search filters for match for {id=235 t=OPEN f=0x0 trk=0 r=[0@Point(0, 0)] c=[{WCT{android.window.IWindowContainerToken$Stub$Proxy@daf0aea} m=OPEN f=NONE leash=Surface(name=Task=56)/@0xf5b8bf sb=Rect(0, 0 - 1080, 2460) eb=Rect(0, 0 - 1080, 2460) d=0},{WCT{android.window.IWindowContainerToken$Stub$Proxy@3d721db} m=TO_BACK f=NONE leash=Surface(name=Task=55)/@0x9a40b8c sb=Rect(0, 0 - 1080, 2460) eb=Rect(0, 0 - 1080, 2460) d=0}]}
06-13 14:14:49.029734  1723  1757 V WindowManagerShell:  Checking filter Pair{{types=[] flags=0x0] notFlags=0x100 checks=[{atype=home independent=true modes=[OPEN,TO_FRONT] flags=NONE mustBeTask=false order=TOP topActivity=ComponentInfo{com.android.launcher3/com.android.searchlauncher.SearchLauncher}},{atype=standard independent=true modes=[CLOSE,TO_BACK] flags=NONE mustBeTask=false order=ANY topActivity=null}]} RemoteTransition { remoteTransition = android.window.IRemoteTransition$Stub$Proxy@a8c0e19, appThread = android.app.IApplicationThread$Stub$Proxy@a43cede, debugName = QuickstepLaunchHome }}
06-13 14:14:49.029840  1723  1757 V WindowManagerShell:  Delegate animation for #235 to null
06-13 14:14:49.029876  1723  1757 V WindowManagerShell:  try handler com.android.wm.shell.transition.DefaultTransitionHandler@c75811
06-13 14:14:49.030000  1723  1757 V WindowManagerShell: start default transition animation, info = {id=235 t=OPEN f=0x0 trk=0 r=[0@Point(0, 0)] c=[{WCT{android.window.IWindowContainerToken$Stub$Proxy@daf0aea} m=OPEN f=NONE leash=Surface(name=Task=56)/@0xf5b8bf sb=Rect(0, 0 - 1080, 2460) eb=Rect(0, 0 - 1080, 2460) d=0},{WCT{android.window.IWindowContainerToken$Stub$Proxy@3d721db} m=TO_BACK f=NONE leash=Surface(name=Task=55)/@0x9a40b8c sb=Rect(0, 0 - 1080, 2460) eb=Rect(0, 0 - 1080, 2460) d=0}]}
06-13 14:14:49.030504  1723  1757 V WindowManagerShell: loadAnimation: anim=android.view.animation.AnimationSet@94c5478 animAttr=0x9 type=OPEN isEntrance=false
06-13 14:14:49.031710  1723  1757 V WindowManagerShell: loadAnimation: anim=android.view.animation.AnimationSet@40cb751 animAttr=0x8 type=OPEN isEntrance=true
06-13 14:14:49.034516  1723  1757 V WindowManagerShell:  animated by com.android.wm.shell.transition.DefaultTransitionHandler@c75811
06-13 14:14:49.057076  1477  2902 D CoreBackPreview: Window{bfe6e u0 com.debug.loggerui/com.debug.loggerui.MainActivity}: Setting back callback OnBackInvokedCallbackInfo{mCallback=android.window.IOnBackInvokedCallback$Stub$Proxy@a0dd3a5, mPriority=0, mIsAnimationCallback=false}
06-13 14:14:49.068606  1477  2902 W WindowManager: Changing focus from null to Window{bfe6e u0 com.debug.loggerui/com.debug.loggerui.MainActivity} displayId=0 Callers=com.android.server.wm.RootWindowContainer.updateFocusedWindowLocked:455 com.android.server.wm.WindowManagerService.updateFocusedWindowLocked:6247 com.android.server.wm.WindowManagerService.relayoutWindow:2533 com.android.server.wm.Session.relayout:259 
06-13 14:14:49.072221  1477  2902 I WindowManager: Relayout Window{bfe6e u0 com.debug.loggerui/com.debug.loggerui.MainActivity}: oldVis=4 newVis=0 focusMayChange = true requestedWidth = 1080 requestedHeight = 2460 outFrames = ClientWindowFrames{frame=[0,0][1080,2460] display=[0,0][1080,2460] parentFrame=[0,0][0,0]} outSurfaceControl = Surface(name=com.debug.loggerui/com.debug.loggerui.MainActivity)/@0xd2fa0
06-13 14:14:49.120080  1477  2902 W WindowManager: finishDrawingWindow: Window{bfe6e u0 com.debug.loggerui/com.debug.loggerui.MainActivity} mDrawState=DRAW_PENDING
06-13 14:14:49.126192  1477  1509 W WindowManager: real show surface:Surface(name=com.debug.loggerui/com.debug.loggerui.MainActivity)/@0xb2adf1e
06-13 14:14:49.160031  1477  2027 W PackageConfigPersister: App-specific configuration not found for packageName: com.debug.loggerui and userId: 0
06-13 14:14:49.269818  1477  1506 E ApplicationHelper: Fail to get PackageManager
06-13 14:14:49.277018  1477  2027 D CoreBackPreview: Window{1c3a9be u0 Splash Screen com.debug.loggerui EXITING}: Setting back callback null
06-13 14:14:49.303503  1723  1757 V WindowManagerShell: Transition animation finished (aborted=false), notifying core (#235)android.os.BinderProxy@3e05f3a@0
06-13 14:14:49.305551  1477  1505 V WindowManager: Finish Transition #235: created at 06-13 14:14:48.956 collect-started=0.076ms request-sent=9.964ms started=13.813ms ready=25.323ms sent=69.354ms finished=348.969ms
06-13 14:14:49.307818  1723  1757 V WindowManagerShell: Track 0 became idle
06-13 14:14:49.307876  1723  1757 V WindowManagerShell: All active transition animations finished
06-13 14:14:49.311587  1477  1509 D MSyncForWMS: setFrameRate: 2060.0
06-13 14:14:49.311688  1477  1506 E ApplicationHelper: Fail to get PackageManager
06-13 14:14:49.314023  1477  1506 E ApplicationHelper: Fail to get PackageManager
06-13 14:14:49.315735  1477  1506 E ApplicationHelper: Fail to get PackageManager
06-13 14:14:49.354199  1477  1506 E ApplicationHelper: Fail to get PackageManager
06-13 14:14:49.354239  1477  1506 E ApplicationHelper: Fail to get PackageManager
06-13 14:14:49.354494  1477  1506 E ApplicationHelper: Fail to get PackageManager
06-13 14:14:49.354550  1477  1506 E ApplicationHelper: Fail to get PackageManager
06-13 14:14:49.357042  1477  1509 D WindowManager: setParent old=ActivityRecord{64a7872 u0 com.debug.loggerui/.MainActivity t56},new=null,this window=Window{1c3a9be u0 Splash Screen com.debug.loggerui},callers=com.android.server.wm.WindowContainer.removeChild:761 com.android.server.wm.ActivityRecord.removeChild:4488 com.android.server.wm.ActivityRecord.removeChild:409 com.android.server.wm.WindowContainer.removeImmediately:819 com.android.server.wm.WindowState.removeImmediately:2386 com.android.server.wm.WindowState.destroySurface:3379 
06-13 14:14:49.489651  1477  1506 E ApplicationHelper: Fail to get PackageManager
06-13 14:14:49.499817  1477  1477 W AccessibilityManagerService:  wait for adding window timeout: 81
06-13 14:14:49.987243  1477  1477 D CompatibilityChangeReporter: Compat change id reported: 175319604; UID 1000; state: ENABLED
06-13 14:14:49.989638  1477  1477 D CompatibilityChangeReporter: Compat change id reported: 195579280; UID 1000; state: ENABLED
06-13 14:14:49.998632  1477  6449 W WindowManager: Changing focus from Window{bfe6e u0 com.debug.loggerui/com.debug.loggerui.MainActivity} to Window{f2fa801 u0 Stopping logs} displayId=0 Callers=com.android.server.wm.RootWindowContainer.updateFocusedWindowLocked:455 com.android.server.wm.WindowManagerService.updateFocusedWindowLocked:6247 com.android.server.wm.WindowManagerService.addWindow:1847 com.android.server.wm.Session.addToDisplayAsUser:224 
06-13 14:14:50.012150  1477  2027 D CoreBackPreview: Window{f2fa801 u0 Stopping logs}: Setting back callback OnBackInvokedCallbackInfo{mCallback=android.window.IOnBackInvokedCallback$Stub$Proxy@148fe00, mPriority=0, mIsAnimationCallback=false}
06-13 14:14:50.015578  1477  2027 D MSyncForWMS: setFrameRate: 2060.0
06-13 14:14:50.034402  1477  2902 W WindowManager: finishDrawingWindow: Window{f2fa801 u0 Stopping logs} mDrawState=DRAW_PENDING
06-13 14:14:50.041422  1477  1509 D MSyncForWMS: setFrameRate: 0.0
06-13 14:14:50.041516  1477  1509 W WindowManager: real show surface:Surface(name=Stopping logs)/@0x57458fb
06-13 14:14:50.085374  1477  2902 D WindowManager: setParent old=Leaf:29:31@156405377,new=null,this window=WindowToken{b25c4d6 type=2032 android.os.Binder@b4c0f1},callers=com.android.server.wm.WindowContainer.removeChild:761 com.android.server.wm.WindowContainer.removeImmediately:819 com.android.server.wm.WindowToken.setExiting:261 com.android.server.wm.DisplayContent.removeWindowToken:1440 com.android.server.wm.WindowManagerService.removeWindowToken:2987 com.android.server.wm.WindowManagerService$LocalService.removeWindowToken:7997 
06-13 14:14:50.087178  1477  2902 W WindowMagnificationMgr: requestConnection duplicated request: connect=false, mConnectionState=DISCONNECTED
06-13 14:14:50.087253  1477  2902 V UiAutomationManager: UiAutomation service owner died
06-13 14:14:50.106267  1477  1477 D BatterySaverPolicy: accessibility changed to false, updating policy.
06-13 14:14:50.158981  1477  1509 D MSyncForWMS: setFrameRate: 2060.0
06-13 14:14:50.186143  1477  1506 E ApplicationHelper: Fail to get PackageManager
06-13 14:14:50.195353  1477  1477 I NotificationService: Cannot find enqueued record for key: 0|com.debug.loggerui|365001|null|10174
06-13 14:14:50.219950  1477  1506 E ApplicationHelper: Fail to get PackageManager
06-13 14:14:50.220006  1477  1506 E ApplicationHelper: Fail to get PackageManager
06-13 14:14:50.220020  1477  1506 E ApplicationHelper: Fail to get PackageManager
06-13 14:14:50.330586  1477 14417 I DropBoxManagerService: add tag=data_app_crash isTagEnabled=true flags=0x2
06-13 14:14:50.359851  1477  2027 V ActivityManager: Death received in com.android.server.am.ActivityManagerService$AppDeathRecipient@4a27275 for thread android.os.BinderProxy@388920a
06-13 14:14:50.360110  1477  2027 I ActivityManager: Process io.appium.uiautomator2.server (pid 13203) has died: fg  FGS 
06-13 14:14:50.361967  1477  1506 D DisplayManagerService: Drop pending events for gone uid 10247
06-13 14:14:50.362565  1477  2027 W ActivityManager: Crash of app io.appium.uiautomator2.server running instrumentation ComponentInfo{io.appium.uiautomator2.server.test/androidx.test.runner.AndroidJUnitRunner}
06-13 14:14:50.363406  1477  2027 I ActivityManager: Force stopping io.appium.uiautomator2.server appid=10247 user=0: finished inst
06-13 14:14:50.364049  1477 14422 I ActivityManager: Failure reporting to instrumentation watcher: comp=ComponentInfo{io.appium.uiautomator2.server.test/androidx.test.runner.AndroidJUnitRunner} results=Bundle[{shortMsg=Process crashed.}]
06-13 14:14:50.364594  1477  1518 W ActivityManager: Error shutting down UiAutomationConnection
06-13 14:14:50.365145  1477  1506 E ApplicationHelper: Fail to get PackageManager
06-13 14:14:50.365184  1477  1506 E ApplicationHelper: Fail to get PackageManager
06-13 14:14:50.365193  1477  1506 E ApplicationHelper: Fail to get PackageManager
06-13 14:14:50.365202  1477  1506 E ApplicationHelper: Fail to get PackageManager
06-13 14:14:50.395933  1477  1506 E ApplicationHelper: Fail to get PackageManager
06-13 14:14:50.584128  1477  1506 E ApplicationHelper: Fail to get PackageManager
06-13 14:14:50.585613  1477  1506 E ApplicationHelper: Fail to get PackageManager
06-13 14:14:50.585649  1477  1506 E ApplicationHelper: Fail to get PackageManager
06-13 14:14:50.857836  1477  1506 E ApplicationHelper: Fail to get PackageManager
06-13 14:14:50.868177  1477  1506 E ApplicationHelper: Fail to get PackageManager
06-13 14:14:50.881086  1477  1506 E ApplicationHelper: Fail to get PackageManager
06-13 14:14:50.894028  1477  1506 E ApplicationHelper: Fail to get PackageManager
06-13 14:14:51.043900  1477  1506 E ApplicationHelper: Fail to get PackageManager
06-13 14:14:51.361962  1477  1506 E ApplicationHelper: Fail to get PackageManager
06-13 14:14:51.973969  1477  2864 E TaskPersister: File error accessing recents directory (directory doesn't exist?).
06-13 14:14:54.273784  1477  2027 D CoreBackPreview: Window{f2fa801 u0 Stopping logs}: Setting back callback null
06-13 14:14:54.281611  1477  2027 W WindowManager: Changing focus from Window{f2fa801 u0 Stopping logs EXITING} to Window{bfe6e u0 com.debug.loggerui/com.debug.loggerui.MainActivity} displayId=0 Callers=com.android.server.wm.RootWindowContainer.updateFocusedWindowLocked:455 com.android.server.wm.WindowManagerService.updateFocusedWindowLocked:6247 com.android.server.wm.WindowState.setupWindowForRemoveOnExit:2573 com.android.server.wm.WindowState.removeIfPossible:2535 
06-13 14:14:54.285710  1477  2027 D MSyncForWMS: setFrameRate: 0.0
06-13 14:14:54.291144  1477  1508 V WindowManager: Unknown focus tokens, dropping reportFocusChanged
06-13 14:14:54.304167  1477  1560 D CompatibilityChangeReporter: Compat change id reported: 149924527; UID 1000; state: ENABLED
06-13 14:14:54.304903  1477  1560 D CompatibilityChangeReporter: Compat change id reported: 132649864; UID 1000; state: DISABLED
06-13 14:14:54.321715  1477  6493 W PackageConfigPersister: App-specific configuration not found for packageName: com.debug.loggerui and userId: 0
06-13 14:14:54.325117  1477  6493 D CompatibilityChangeReporter: Compat change id reported: 178209446; UID 1000; state: ENABLED
06-13 14:14:54.402996  1477  1509 D WindowManager: setParent old=ActivityRecord{64a7872 u0 com.debug.loggerui/.MainActivity t56},new=null,this window=Window{f2fa801 u0 Stopping logs},callers=com.android.server.wm.WindowContainer.removeChild:761 com.android.server.wm.ActivityRecord.removeChild:4488 com.android.server.wm.ActivityRecord.removeChild:409 com.android.server.wm.WindowContainer.removeImmediately:819 com.android.server.wm.WindowState.removeImmediately:2386 com.android.server.wm.WindowState.destroySurface:3379 
06-13 14:14:54.466061  1477  1477 I NotificationService: Cannot find enqueued record for key: 0|com.debug.loggerui|365001|null|10174
06-13 14:14:54.519211  1477  2027 W ProcessStats: Tracking association SourceState{b4319a6 com.google.android.gms.persistent/10115 Fgs #208339} whose proc state 3 is better than process ProcessState{6a9573a app.revanced.android.gms/10218 pkg=app.revanced.android.gms} proc state 13 (368 skipped)
06-13 14:14:54.519344  1477  1506 E ApplicationHelper: Fail to get PackageManager
06-13 14:14:54.530509  1477  1506 E ApplicationHelper: Fail to get PackageManager
06-13 14:14:54.542587  1477  1506 E ApplicationHelper: Fail to get PackageManager
06-13 14:14:54.544703  1477  1506 E ApplicationHelper: Fail to get PackageManager
06-13 14:14:54.617428  1723  6509 D PowerUI : can't show warning due to - plugged: true status unknown: false
06-13 14:14:54.838581  1477  1506 E ApplicationHelper: Fail to get PackageManager
06-13 14:14:54.838880  1477  1506 E ApplicationHelper: Fail to get PackageManager
06-13 14:14:54.840328  1477  1506 E ApplicationHelper: Fail to get PackageManager
06-13 14:14:54.841399  1477  1506 E ApplicationHelper: Fail to get PackageManager
06-13 14:14:54.841478  1477  1506 E ApplicationHelper: Fail to get PackageManager
06-13 14:14:55.139637  1477  1506 E ApplicationHelper: Fail to get PackageManager
06-13 14:14:55.143605  1477  1506 E ApplicationHelper: Fail to get PackageManager
06-13 14:14:55.158803  1477  1506 E ApplicationHelper: Fail to get PackageManager
06-13 14:14:56.001064  1477  1506 E ApplicationHelper: Fail to get PackageManager
06-13 14:14:56.044230  1477  2890 D CoreBackPreview: Window{63b920d u0 Toast}: Setting back callback OnBackInvokedCallbackInfo{mCallback=android.window.IOnBackInvokedCallback$Stub$Proxy@e60cfd3, mPriority=0, mIsAnimationCallback=false}
06-13 14:14:56.074014  1477  2890 W WindowManager: finishDrawingWindow: Window{63b920d u0 Toast} mDrawState=DRAW_PENDING
06-13 14:14:56.078065  1477  1509 W WindowManager: real show surface:Surface(name=Toast)/@0xebcf710
06-13 14:14:57.884813  1477  2890 I ActivityManager: Killing 13946:com.google.android.apps.wellbeing/u0a116 (adj 955): empty #11
06-13 14:14:57.887115  1477  1506 E ApplicationHelper: Fail to get PackageManager
06-13 14:14:57.890382  1477  1506 E ApplicationHelper: Fail to get PackageManager
06-13 14:14:57.896924  1477  1506 E ApplicationHelper: Fail to get PackageManager
06-13 14:14:57.947185  1477  6493 V ActivityManager: Death received in com.android.server.am.ActivityManagerService$AppDeathRecipient@a3e07a2 for thread android.os.BinderProxy@c08cc33
06-13 14:14:57.951584  1477  1506 D DisplayManagerService: Drop pending events for gone uid 10116
06-13 14:14:57.956591  1477  1506 E ApplicationHelper: Fail to get PackageManager
06-13 14:14:57.958423  1477  1506 E ApplicationHelper: Fail to get PackageManager
06-13 14:14:57.958816  1477  1506 E ApplicationHelper: Fail to get PackageManager
06-13 14:14:57.959047  1477  1506 E ApplicationHelper: Fail to get PackageManager
06-13 14:14:57.959259  1477  1506 E ApplicationHelper: Fail to get PackageManager
06-13 14:14:57.959419  1477  1506 E ApplicationHelper: Fail to get PackageManager
06-13 14:14:57.959658  1477  1506 E ApplicationHelper: Fail to get PackageManager
06-13 14:14:58.479671  1477  2890 D CoreBackPreview: Window{63b920d u0 Toast}: Setting back callback null
06-13 14:14:58.485690  1477  2890 D WindowManager: setParent old=WindowToken{b48ac36 type=2005 android.os.Binder@d3f29d1},new=null,this window=Window{63b920d u0 Toast},callers=com.android.server.wm.WindowContainer.removeChild:761 com.android.server.wm.WindowContainer.removeImmediately:819 com.android.server.wm.WindowState.removeImmediately:2386 com.android.server.wm.WindowState.removeIfPossible:2546 com.android.server.wm.WindowManagerService.removeWindow:2028 com.android.server.wm.Session.remove:241 
06-13 14:14:58.493287  1477  2890 W NotificationService: Toast already killed. pkg=com.pri.factorytest token=android.os.BinderProxy@41d0c0e
