06-13 14:14:59.326994  1477  1508 I DisplayDeviceRepository: Display device changed: DisplayDeviceInfo{"Built-in Screen": uniqueId="local:0", 1080 x 2460, modeId 1, renderFrameRate 60.0, defaultModeId 1, supportedModes [{id=1, width=1080, height=2460, fps=60.0, alternativeRefreshRates=[90.0, 120.00001], supportedHdrTypes=[]}, {id=2, width=1080, height=2460, fps=90.0, alternativeRefreshRates=[60.0, 120.00001], supportedHdrTypes=[]}, {id=3, width=1080, height=2460, fps=120.00001, alternativeRefreshRates=[60.0, 90.0], supportedHdrTypes=[]}], colorMode 0, supportedColorModes [0], hdrCapabilities HdrCapabilities{mSupportedHdrTypes=[], mMaxLuminance=500.0, mMaxAverageLuminance=500.0, mMinLuminance=0.0}, allmSupported false, gameContentTypeSupported false, density 480, 396.261 x 396.26 dpi, appVsyncOff 2400001, presDeadline 28600000, cutout DisplayCutout{insets=Rect(0, 106 - 0, 0) waterfall=Insets{left=0, top=0, right=0, bottom=0} boundingRect={Bounds=[Rect(0, 0 - 0, 0), Rect(500, 0 - 580, 106), Rect(0, 0 - 0, 0), Rect(0, 0 - 0, 0)]} cutoutPathParserInfo={CutoutPathParserInfo{displayWidth=1080 displayHeight=2460 physicalDisplayWidth=1080 physicalDisplayHeight=2460 density={3.0} cutoutSpec={m0,26c-10.605,0 -20.786,4.217 -28.284,11.716c-7.499,7.498 -11.716,17.679 -11.716,28.284c0,10.605 4.217,20.786 11.716,28.284c7.498,7.499 17.679,11.716 28.284,11.716c10.605,0 20.786,-4.217 28.284,-11.716c7.499,-7.498 11.716,-17.679 11.716,-28.284c0,-10.605 -4.217,-20.786 -11.716,-28.284c-7.498,-7.499 -17.679,-11.716 -28.284,-11.716z} rotation={0} scale={1.0} physicalPixelDisplaySizeRatio={1.0}}}}, touch INTERNAL, rotation 0, type INTERNAL, address {port=0}, deviceProductInfo null, state ON, committedState ON, frameRateOverride , brightnessMinimum 0.0, brightnessMaximum 1.0, brightnessDefault 0.4, hdrSdrRatio NaN, FLAG_ALLOWED_TO_BE_DEFAULT_DISPLAY, FLAG_ROTATES_WITH_CONTENT, FLAG_SECURE, FLAG_SUPPORTS_PROTECTED_BUFFERS, FLAG_TRUSTED, installOrientation 0, displayShape DisplayShape{ spec=-1119182123 displayWidth=1080 displayHeight=2460 physicalPixelDisplaySizeRatio=1.0 rotation=0 offsetX=0 offsetY=0 scale=1.0}}
06-13 14:14:59.338552  1477  1508 D DisplayManagerService: Ignore redundant display event 0/2 to 10219/8161
06-13 14:14:59.340057  1477  1508 D DisplayManagerService: Ignore redundant display event 0/2 to 10155/11545
06-13 14:14:59.343468  1477  6449 D CompatibilityChangeReporter: Compat change id reported: 170503758; UID 10115; state: ENABLED
06-13 14:14:59.524887  1477  1506 E ApplicationHelper: Fail to get PackageManager
06-13 14:14:59.626645  1477  1506 E ApplicationHelper: Fail to get PackageManager
06-13 14:14:59.631947  1477  1506 E ApplicationHelper: Fail to get PackageManager
06-13 14:14:59.846995  1477  1506 E ApplicationHelper: Fail to get PackageManager
06-13 14:14:59.853515  1477  6267 I ActivityManager: Killing 13863:com.google.android.apps.messaging/u0a117 (adj 955): empty #11
06-13 14:14:59.856886  1477  1506 E ApplicationHelper: Fail to get PackageManager
06-13 14:14:59.941452  1477  6267 V ActivityManager: Death received in com.android.server.am.ActivityManagerService$AppDeathRecipient@cc9477 for thread android.os.BinderProxy@761a8e4
06-13 14:14:59.947460  1477  1506 E ApplicationHelper: Fail to get PackageManager
06-13 14:14:59.947556  1477  1506 E ApplicationHelper: Fail to get PackageManager
06-13 14:14:59.947586  1477  1506 E ApplicationHelper: Fail to get PackageManager
06-13 14:14:59.947607  1477  1506 E ApplicationHelper: Fail to get PackageManager
06-13 14:14:59.947628  1477  1506 E ApplicationHelper: Fail to get PackageManager
06-13 14:14:59.947648  1477  1506 E ApplicationHelper: Fail to get PackageManager
06-13 14:14:59.947668  1477  1506 E ApplicationHelper: Fail to get PackageManager
06-13 14:15:00.008248  1477  1477 D priAutoBrightness_PriMinimumBrightnessDelegate: receiver call updateCurrentEnvironmentStatus() action=android.intent.action.TIME_TICK
06-13 14:15:00.008605  1477  1477 D priAutoBrightness_PriMinimumBrightnessDelegate: updateCurrentEnvironmentStatus()
06-13 14:15:00.008868  1477  1477 D priAutoBrightness_PriMinimumBrightnessDelegate: updateCurrentEnvironmentStatus() update mCurrentEnvironmentStatus=1, tempStatus=1, currentBrightness=0
06-13 14:15:00.009116  1477  1477 D priAutoBrightness_PriMinimumBrightnessDelegate: normalizationValue=1415 state:1->1 keep=true statusChanged=false
06-13 14:15:00.403565  1477  1506 E ApplicationHelper: Fail to get PackageManager
06-13 14:15:02.816165  1723  7578 D PowerUI : can't show warning due to - plugged: true status unknown: false
06-13 14:15:05.169139  1477 10133 W ProcessStats: Tracking association SourceState{b4319a6 com.google.android.gms.persistent/10115 Fgs #208377} whose proc state 3 is better than process ProcessState{6a9573a app.revanced.android.gms/10218 pkg=app.revanced.android.gms} proc state 13 (27 skipped)
06-13 14:15:05.169556  1477  1506 E ApplicationHelper: Fail to get PackageManager
06-13 14:15:05.504521  1477  1506 E ApplicationHelper: Fail to get PackageManager
06-13 14:15:05.508157  1477  1506 E ApplicationHelper: Fail to get PackageManager
06-13 14:15:06.026289  1477  1506 E ApplicationHelper: Fail to get PackageManager
06-13 14:15:06.043276  1477  1506 E ApplicationHelper: Fail to get PackageManager
06-13 14:15:09.332149  1477  1477 D WindowManager: setParent old=Leaf:3:12@151131689,new=null,this window=WindowToken{b48ac36 type=2005 android.os.Binder@d3f29d1},callers=com.android.server.wm.WindowContainer.removeChild:761 com.android.server.wm.WindowContainer.removeImmediately:819 com.android.server.wm.WindowToken.setExiting:261 com.android.server.wm.DisplayContent.removeWindowToken:1440 com.android.server.wm.WindowManagerService.removeWindowToken:2987 com.android.server.wm.WindowManagerService$LocalService.removeWindowToken:7997 
06-13 14:15:11.009090  1723  2157 D PowerUI : can't show warning due to - plugged: true status unknown: false
06-13 14:15:14.190139  1477  1570 I ActivityManager: Killing 14112:com.google.android.gms.unstable/u0a115 (adj 999): empty #11
06-13 14:15:14.192242  1477  1506 E ApplicationHelper: Fail to get PackageManager
06-13 14:15:14.192294  1477  1506 E ApplicationHelper: Fail to get PackageManager
06-13 14:15:14.192308  1477  1506 E ApplicationHelper: Fail to get PackageManager
06-13 14:15:14.192319  1477  1506 E ApplicationHelper: Fail to get PackageManager
06-13 14:15:14.192328  1477  1506 E ApplicationHelper: Fail to get PackageManager
06-13 14:15:14.192337  1477  1506 E ApplicationHelper: Fail to get PackageManager
06-13 14:15:14.192346  1477  1506 E ApplicationHelper: Fail to get PackageManager
06-13 14:15:14.230822  1477  5735 V ActivityManager: Death received in com.android.server.am.ActivityManagerService$AppDeathRecipient@cbf3771 for thread android.os.BinderProxy@2b53956
06-13 14:15:14.234068  1477  1506 E ApplicationHelper: Fail to get PackageManager
06-13 14:15:14.238271  1477  1506 E ApplicationHelper: Fail to get PackageManager
06-13 14:15:14.238340  1477  1506 E ApplicationHelper: Fail to get PackageManager
06-13 14:15:14.238362  1477  1506 E ApplicationHelper: Fail to get PackageManager
06-13 14:15:14.238378  1477  1506 E ApplicationHelper: Fail to get PackageManager
06-13 14:15:14.239429  1477  1506 E ApplicationHelper: Fail to get PackageManager
06-13 14:15:14.533578  1477  1506 E ApplicationHelper: Fail to get PackageManager
06-13 14:15:14.542533  1477  1506 E ApplicationHelper: Fail to get PackageManager
06-13 14:15:14.554137  1477  1506 E ApplicationHelper: Fail to get PackageManager
06-13 14:15:14.557016  1477  1506 E ApplicationHelper: Fail to get PackageManager
06-13 14:15:19.191161  1723  2752 D PowerUI : can't show warning due to - plugged: true status unknown: false
06-13 14:15:19.589439  1477  1518 W ProcessStats: Tracking association SourceState{b4319a6 com.google.android.gms.persistent/10115 Fgs #208397} whose proc state 3 is better than process ProcessState{6a9573a app.revanced.android.gms/10218 pkg=app.revanced.android.gms} proc state 13 (21 skipped)
06-13 14:15:19.589979  1477  1506 E ApplicationHelper: Fail to get PackageManager
06-13 14:15:19.593169  1477  1506 E ApplicationHelper: Fail to get PackageManager
06-13 14:15:19.662560  1477  1506 E ApplicationHelper: Fail to get PackageManager
06-13 14:15:19.678743  1477  1506 E ApplicationHelper: Fail to get PackageManager
06-13 14:15:19.723152  1477  1506 E ApplicationHelper: Fail to get PackageManager
06-13 14:15:19.731652  1477  1506 E ApplicationHelper: Fail to get PackageManager
06-13 14:15:19.746758  1477  1506 E ApplicationHelper: Fail to get PackageManager
06-13 14:15:19.756407  1477  1506 E ApplicationHelper: Fail to get PackageManager
06-13 14:15:19.764394  1477  1506 E ApplicationHelper: Fail to get PackageManager
06-13 14:15:19.766396  1477  1506 E ApplicationHelper: Fail to get PackageManager
06-13 14:15:19.810607  1477  1506 E ApplicationHelper: Fail to get PackageManager
06-13 14:15:19.815019  1477  1506 E ApplicationHelper: Fail to get PackageManager
06-13 14:15:20.200683  1477  2030 D CompatibilityChangeReporter: Compat change id reported: 171306433; UID 10115; state: ENABLED
06-13 14:15:20.201315  1477  2030 D CompatibilityChangeReporter: Compat change id reported: 218533173; UID 10115; state: ENABLED
06-13 14:15:24.546659  1477  1506 E ApplicationHelper: Fail to get PackageManager
06-13 14:15:24.581740  1477 10133 D CompatibilityChangeReporter: Compat change id reported: 182734110; UID 10115; state: ENABLED
06-13 14:15:24.775555  1477  1506 E ApplicationHelper: Fail to get PackageManager
06-13 14:15:27.384210  1723  2784 D PowerUI : can't show warning due to - plugged: true status unknown: false
06-13 14:15:29.731593  1477  2030 W ProcessStats: Tracking association SourceState{b4319a6 com.google.android.gms.persistent/10115 Fgs #208423} whose proc state 3 is better than process ProcessState{6a9573a app.revanced.android.gms/10218 pkg=app.revanced.android.gms} proc state 13 (33 skipped)
06-13 14:15:29.734304  1477  1506 E ApplicationHelper: Fail to get PackageManager
06-13 14:15:29.766418  1477  1506 E ApplicationHelper: Fail to get PackageManager
06-13 14:15:29.778294  1477  1506 E ApplicationHelper: Fail to get PackageManager
06-13 14:15:29.789472  1477  1506 E ApplicationHelper: Fail to get PackageManager
06-13 14:15:30.354671  1477  1506 E ApplicationHelper: Fail to get PackageManager
06-13 14:15:30.355150  1477  1506 E ApplicationHelper: Fail to get PackageManager
06-13 14:15:30.355185  1477  1506 E ApplicationHelper: Fail to get PackageManager
06-13 14:15:30.355207  1477  1506 E ApplicationHelper: Fail to get PackageManager
06-13 14:15:30.355228  1477  1506 E ApplicationHelper: Fail to get PackageManager
06-13 14:15:30.355248  1477  1506 E ApplicationHelper: Fail to get PackageManager
06-13 14:15:31.578748  1477  1506 E ApplicationHelper: Fail to get PackageManager
06-13 14:15:31.583110  1477  2030 I ActivityManager: Killing 14215:com.google.android.projection.gearhead:provider/u0a120 (adj 935): empty #11
06-13 14:15:31.584827  1477  1506 E ApplicationHelper: Fail to get PackageManager
06-13 14:15:31.609945  1477  2030 V ActivityManager: Death received in com.android.server.am.ActivityManagerService$AppDeathRecipient@b2853b2 for thread android.os.BinderProxy@7580f03
06-13 14:15:31.612339  1477  1506 D DisplayManagerService: Drop pending events for gone uid 10120
06-13 14:15:31.618735  1477  1506 E ApplicationHelper: Fail to get PackageManager
06-13 14:15:31.619048  1477  1506 E ApplicationHelper: Fail to get PackageManager
06-13 14:15:31.619197  1477  1506 E ApplicationHelper: Fail to get PackageManager
06-13 14:15:31.619440  1477  1506 E ApplicationHelper: Fail to get PackageManager
06-13 14:15:31.619541  1477  1506 E ApplicationHelper: Fail to get PackageManager
06-13 14:15:31.619636  1477  1506 E ApplicationHelper: Fail to get PackageManager
06-13 14:15:31.619817  1477  1506 E ApplicationHelper: Fail to get PackageManager
06-13 14:15:31.619969  1477  1506 E ApplicationHelper: Fail to get PackageManager
06-13 14:15:32.985548  1477  2030 I ActivityManager: Force stopping io.appium.uiautomator2.server appid=10247 user=0: from pid 14533
06-13 14:15:32.986753  1477  1506 E ApplicationHelper: Fail to get PackageManager
06-13 14:15:32.988344  1477  2030 I AppsFilter: interaction: PackageSetting{b5e4e87 io.appium.settings/10244} -> PackageSetting{b9643f5 io.appium.uiautomator2.server/10247} BLOCKED
06-13 14:15:32.989259  1477  2030 W ActivityManager: Invalid packageName: io.appium.uiautomator2.server
06-13 14:15:33.013586  1477  2890 I ActivityManager: Force stopping io.appium.uiautomator2.server.test appid=10246 user=0: from pid 14538
06-13 14:15:33.016104  1477  2890 I AppsFilter: interaction: PackageSetting{b5e4e87 io.appium.settings/10244} -> PackageSetting{c1c541b io.appium.uiautomator2.server.test/10246} BLOCKED
06-13 14:15:33.017194  1477  2890 W ActivityManager: Invalid packageName: io.appium.uiautomator2.server.test
06-13 14:15:33.472682  1477  2890 I ActivityManager: Force stopping io.appium.uiautomator2.server appid=10247 user=0: start instr
06-13 14:15:33.478256  1477  2890 D CompatibilityChangeReporter: Compat change id reported: 135634846; UID 10247; state: DISABLED
06-13 14:15:33.478645  1477  2890 D CompatibilityChangeReporter: Compat change id reported: 177438394; UID 10247; state: DISABLED
06-13 14:15:33.478930  1477  2890 D CompatibilityChangeReporter: Compat change id reported: 135772972; UID 10247; state: DISABLED
06-13 14:15:33.479249  1477  2890 D CompatibilityChangeReporter: Compat change id reported: 135754954; UID 10247; state: ENABLED
06-13 14:15:33.480048  1477  1519 D CompatibilityChangeReporter: Compat change id reported: 143937733; UID 10247; state: ENABLED
06-13 14:15:33.482843  1477  1506 E ApplicationHelper: Fail to get PackageManager
06-13 14:15:33.483090  1477  1570 D CompatibilityChangeReporter: Compat change id reported: 265195908; UID 10247; state: ENABLED
06-13 14:15:33.494368  1477  1519 I ActivityManager: Start proc 14552:io.appium.uiautomator2.server/u0a247 for added application io.appium.uiautomator2.server
06-13 14:15:33.557421  1477  2890 V ActivityManager: New death recipient com.android.server.am.ActivityManagerService$AppDeathRecipient@c397be2 for thread android.os.BinderProxy@b04cb73
06-13 14:15:33.559690  1477  2890 D CompatibilityChangeReporter: Compat change id reported: 168419799; UID 10247; state: DISABLED
06-13 14:15:33.560331  1477  2890 D CompatibilityChangeReporter: Compat change id reported: 273564678; UID 10247; state: DISABLED
06-13 14:15:33.564362  1477  1506 E ApplicationHelper: Fail to get PackageManager
06-13 14:15:33.583943  1477  2890 D CompatibilityChangeReporter: Compat change id reported: 170503758; UID 10247; state: ENABLED
06-13 14:15:34.290549  1477  2030 I ActivityManager: Flag disabled. Ignoring finishAttachApplication from uid: 10247. pid: 14552
06-13 14:15:34.302905  1477  2030 D ActivityManager: broadcastIntentWithFeature, suppress to broadcastIntent!
06-13 14:15:34.306254  1477  2030 D CompatibilityChangeReporter: Compat change id reported: 161145287; UID 10247; state: ENABLED
06-13 14:15:34.957701  1477  1506 E ApplicationHelper: Fail to get PackageManager
06-13 14:15:34.957803  1477  1506 E ApplicationHelper: Fail to get PackageManager
06-13 14:15:35.237633  1477  1506 E ApplicationHelper: Fail to get PackageManager
06-13 14:15:35.476256  1477  2030 D AccessibilityManagerService: changeCurrentUserForTestAutomationIfNeededLocked(0): ignoring because device doesn't support visible background users
06-13 14:15:35.476482  1477  2030 I UiAutomationManager: Registering UiTestAutomationService (id=com.android.server.accessibility/UiAutomation) when called by user 0
06-13 14:15:35.485787  1477  2030 W WindowMagnificationMgr: requestConnection duplicated request: connect=false, mConnectionState=DISCONNECTED
06-13 14:15:35.500497  1477  2890 W WindowMagnificationMgr: requestConnection duplicated request: connect=false, mConnectionState=DISCONNECTED
06-13 14:15:35.541665  1477  1506 E ApplicationHelper: Fail to get PackageManager
06-13 14:15:35.556175  1477  1477 D BatterySaverPolicy: accessibility changed to true, updating policy.
06-13 14:15:35.564835  1477  1506 E ApplicationHelper: Fail to get PackageManager
06-13 14:15:35.580874  1723  3724 D PowerUI : can't show warning due to - plugged: true status unknown: false
06-13 14:15:35.594354  1477  1506 E ApplicationHelper: Fail to get PackageManager
06-13 14:15:35.604046  1477  1506 E ApplicationHelper: Fail to get PackageManager
06-13 14:15:35.613375  1477  1506 E ApplicationHelper: Fail to get PackageManager
06-13 14:15:35.621842  1477  1506 E ApplicationHelper: Fail to get PackageManager
06-13 14:15:35.628942  1477  1506 E ApplicationHelper: Fail to get PackageManager
06-13 14:15:35.636239  1477  1506 E ApplicationHelper: Fail to get PackageManager
06-13 14:15:37.943626  1477  1508 I DisplayDeviceRepository: Display device changed: DisplayDeviceInfo{"Built-in Screen": uniqueId="local:0", 1080 x 2460, modeId 2, renderFrameRate 90.0, defaultModeId 1, supportedModes [{id=1, width=1080, height=2460, fps=60.0, alternativeRefreshRates=[90.0, 120.00001], supportedHdrTypes=[]}, {id=2, width=1080, height=2460, fps=90.0, alternativeRefreshRates=[60.0, 120.00001], supportedHdrTypes=[]}, {id=3, width=1080, height=2460, fps=120.00001, alternativeRefreshRates=[60.0, 90.0], supportedHdrTypes=[]}], colorMode 0, supportedColorModes [0], hdrCapabilities HdrCapabilities{mSupportedHdrTypes=[], mMaxLuminance=500.0, mMaxAverageLuminance=500.0, mMinLuminance=0.0}, allmSupported false, gameContentTypeSupported false, density 480, 396.261 x 396.26 dpi, appVsyncOff 7955555, presDeadline 17488889, cutout DisplayCutout{insets=Rect(0, 106 - 0, 0) waterfall=Insets{left=0, top=0, right=0, bottom=0} boundingRect={Bounds=[Rect(0, 0 - 0, 0), Rect(500, 0 - 580, 106), Rect(0, 0 - 0, 0), Rect(0, 0 - 0, 0)]} cutoutPathParserInfo={CutoutPathParserInfo{displayWidth=1080 displayHeight=2460 physicalDisplayWidth=1080 physicalDisplayHeight=2460 density={3.0} cutoutSpec={m0,26c-10.605,0 -20.786,4.217 -28.284,11.716c-7.499,7.498 -11.716,17.679 -11.716,28.284c0,10.605 4.217,20.786 11.716,28.284c7.498,7.499 17.679,11.716 28.284,11.716c10.605,0 20.786,-4.217 28.284,-11.716c7.499,-7.498 11.716,-17.679 11.716,-28.284c0,-10.605 -4.217,-20.786 -11.716,-28.284c-7.498,-7.499 -17.679,-11.716 -28.284,-11.716z} rotation={0} scale={1.0} physicalPixelDisplaySizeRatio={1.0}}}}, touch INTERNAL, rotation 0, type INTERNAL, address {port=0}, deviceProductInfo null, state ON, committedState ON, frameRateOverride , brightnessMinimum 0.0, brightnessMaximum 1.0, brightnessDefault 0.4, hdrSdrRatio NaN, FLAG_ALLOWED_TO_BE_DEFAULT_DISPLAY, FLAG_ROTATES_WITH_CONTENT, FLAG_SECURE, FLAG_SUPPORTS_PROTECTED_BUFFERS, FLAG_TRUSTED, installOrientation 0, displayShape DisplayShape{ spec=-1119182123 displayWidth=1080 displayHeight=2460 physicalPixelDisplaySizeRatio=1.0 rotation=0 offsetX=0 offsetY=0 scale=1.0}}
06-13 14:15:37.945853  1477  1508 D DisplayManagerService: Ignore redundant display event 0/2 to 10219/8161
06-13 14:15:37.945945  1477  1508 D DisplayManagerService: Ignore redundant display event 0/2 to 10154/11264
06-13 14:15:37.945975  1477  1508 D DisplayManagerService: Ignore redundant display event 0/2 to 10155/11545
06-13 14:15:37.946152  1477  1508 D DisplayManagerService: Ignore redundant display event 0/2 to 10125/14161
06-13 14:15:37.946182  1477  1508 D DisplayManagerService: Ignore redundant display event 0/2 to 10177/14287
06-13 14:15:37.985664  1477  2889 D CompatibilityChangeReporter: Compat change id reported: 197654537; UID 10125; state: ENABLED
06-13 14:15:38.007697  1723  1757 V ShellRecents: RecentsTransitionHandler.startRecentsTransition
06-13 14:15:38.008412  1723  1757 V WindowManagerShell: Directly starting a new transition type=3 wct=WindowContainerTransaction { changes = {} hops = [{PendingIntent: options=Bundle[mParcelledData.dataSize=332]}] errorCallbackToken=null taskFragmentOrganizer=null } handler=com.android.wm.shell.recents.RecentsTransitionHandler@af90f7f
06-13 14:15:38.017527  1477  1560 D MSyncForWMS: setFrameRate: 0.0
06-13 14:15:38.022434  1723  1757 V ShellRecents: [254339142] RecentsController.setTransition: id=android.os.BinderProxy@7546a07
06-13 14:15:38.029474  1477  1477 D MBrainLocalService: isVendorFreezeConditionPass is false
06-13 14:15:38.029512  1477  1477 E MBrainLocalService: notifyAppSwitch failed
06-13 14:15:38.034626  1477  6267 I WindowManager: Relayout Window{9a5fd3b u0 (7-7)-Window{9fc0f69 alpha=1.0 fl=}}: oldVis=8 newVis=0 focusMayChange = true requestedWidth = 1080 requestedHeight = 2460 outFrames = ClientWindowFrames{frame=[0,0][1080,2460] display=[0,0][1080,2460] parentFrame=[0,0][0,0]} outSurfaceControl = Surface(name=(7-7)-Window{9fc0f69 alpha=1.0 fl=})/@0x53edaa2
06-13 14:15:38.053512  1477  2889 W WindowManager: finishDrawingWindow: Window{9a5fd3b u0 (7-7)-Window{9fc0f69 alpha=1.0 fl=}} mDrawState=DRAW_PENDING
06-13 14:15:38.070729  1477  1560 I WindowManager: Relayout Window{90b7389 u0 com.android.launcher3/com.android.searchlauncher.SearchLauncher}: oldVis=4 newVis=0 focusMayChange = true requestedWidth = 1080 requestedHeight = 2460 outFrames = ClientWindowFrames{frame=[0,0][1080,2460] display=[0,0][1080,2460] parentFrame=[0,0][0,0]} outSurfaceControl = Surface(name=com.android.launcher3/com.android.searchlauncher.SearchLauncher)/@0x61db469
06-13 14:15:38.096077  1477  1560 W WindowManager: finishDrawingWindow: Window{90b7389 u0 com.android.launcher3/com.android.searchlauncher.SearchLauncher} mDrawState=DRAW_PENDING
06-13 14:15:38.097664  1477  1509 W WindowManager: real show surface:Surface(name=com.android.systemui.wallpapers.ImageWallpaper)/@0xe0b04a8
06-13 14:15:38.099159  1477  1509 W WindowManager: real show surface:Surface(name=(7-7)-Window{9fc0f69 alpha=1.0 fl=})/@0x9d3feee
06-13 14:15:38.099263  1477  1509 W WindowManager: real show surface:Surface(name=com.android.launcher3/com.android.searchlauncher.SearchLauncher)/@0x1043f8f
06-13 14:15:38.106724  1723  1757 V WindowManagerShell: onTransitionReady android.os.BinderProxy@7546a07: {id=236 t=TO_FRONT f=0x80 trk=0 r=[0@Point(0, 0)] c=[{WCT{android.window.IWindowContainerToken$Stub$Proxy@600d2a0} m=TO_FRONT f=SHOW_WALLPAPER|MOVE_TO_TOP leash=Surface(name=Task=1)/@0xfa97734 sb=Rect(0, 0 - 1080, 2460) eb=Rect(0, 0 - 1080, 2460) d=0},{WCT{android.window.IWindowContainerToken$Stub$Proxy@6469e59} m=TO_BACK f=NONE leash=Surface(name=Task=56)/@0x3b1c95d sb=Rect(0, 0 - 1080, 2460) eb=Rect(0, 0 - 1080, 2460) d=0},{null m=TO_FRONT f=IS_WALLPAPER leash=Surface(name=WallpaperWindowToken{c966cfc token=android.os.Binder@f72a6ce})/@0x8fb42d2 sb=Rect(0, 0 - 1080, 2460) eb=Rect(0, 0 - 1080, 2460) d=0}]}
06-13 14:15:38.106922  1723  1757 V WindowManagerShell: Playing animation for (#236)android.os.BinderProxy@7546a07@0
06-13 14:15:38.107041  1723  1757 V WindowManagerShell:  try firstHandler com.android.wm.shell.recents.RecentsTransitionHandler@af90f7f
06-13 14:15:38.108256  1723  1757 V ShellRecents: [254339142] RecentsController.start
06-13 14:15:38.111546  1477  1505 V WindowManager: Sent Transition #236 createdAt=06-13 14:15:38.010
06-13 14:15:38.111650  1477  1505 V WindowManager:     startWCT=WindowContainerTransaction { changes = {} hops = [{PendingIntent: options=Bundle[{android.activity.splashScreenStyle=-1, android.activity.sourceInfo=android.app.ActivityOptions$SourceInfo@6851bfa, android.activity.transientLaunch=true}]}] errorCallbackToken=null taskFragmentOrganizer=null }
06-13 14:15:38.111845  1477  1505 V WindowManager:     info={id=236 t=TO_FRONT f=0x80 trk=0 r=[0@Point(0, 0)] c=[{WCT{RemoteToken{a8ace98 Task{ecc3486 #1 type=home}}} m=TO_FRONT f=SHOW_WALLPAPER|MOVE_TO_TOP leash=Surface(name=Task=1)/@0x1446f9f sb=Rect(0, 0 - 1080, 2460) eb=Rect(0, 0 - 1080, 2460) d=0},{WCT{RemoteToken{3393296 Task{89434c3 #56 type=standard A=10174:com.debug.loggerui}}} m=TO_BACK f=NONE leash=Surface(name=Task=56)/@0x166c858 sb=Rect(0, 0 - 1080, 2460) eb=Rect(0, 0 - 1080, 2460) d=0},{null m=TO_FRONT f=IS_WALLPAPER leash=Surface(name=WallpaperWindowToken{c966cfc token=android.os.Binder@f72a6ce})/@0xf3fc1f9 sb=Rect(0, 0 - 1080, 2460) eb=Rect(0, 0 - 1080, 2460) d=0}]}
06-13 14:15:38.112041  1723  1757 V ShellRecents:   adding pausing leaf taskId=56 at layer=8
06-13 14:15:38.115075  1477  1506 E ApplicationHelper: Fail to get PackageManager
06-13 14:15:38.115112  1477  1506 E ApplicationHelper: Fail to get PackageManager
06-13 14:15:38.115306  1723  1757 V ShellRecents: [254339142] RecentsController.start: calling onAnimationStart
06-13 14:15:38.115642  1723  1757 V WindowManagerShell:  animated by firstHandler
06-13 14:15:38.116652  1477  1506 E MBrainLocalService: MBrainJava launch failed: SecurityException
06-13 14:15:38.116773  1477  1506 E ApplicationHelper: Fail to get PackageManager
06-13 14:15:38.116805  1477  1506 E ApplicationHelper: Fail to get PackageManager
06-13 14:15:38.116819  1477  1506 E ApplicationHelper: Fail to get PackageManager
06-13 14:15:38.116829  1477  1506 E ApplicationHelper: Fail to get PackageManager
06-13 14:15:38.116839  1477  1506 E ApplicationHelper: Fail to get PackageManager
06-13 14:15:38.132407  1477  1598 E HandwritingModeController: Cannot get requestId: Handwriting was not initialized.
06-13 14:15:38.133155  1723  1757 V ShellRecents: [254339142] RecentsController.setInputConsumerEnabled: set focus to recents
06-13 14:15:38.136535  1477  2029 W WindowManager: Changing focus from Window{bfe6e u0 com.debug.loggerui/com.debug.loggerui.MainActivity} to Window{90b7389 u0 com.android.launcher3/com.android.searchlauncher.SearchLauncher} displayId=0 Callers=com.android.server.wm.RootWindowContainer.updateFocusedWindowLocked:455 com.android.server.wm.WindowManagerService.updateFocusedWindowLocked:6247 com.android.server.wm.ActivityTaskManagerService.setLastResumedActivityUncheckLocked:4919 com.android.server.wm.ActivityTaskManagerService.setFocusedTask:2105 
06-13 14:15:38.141809  1477  1598 E HandwritingModeController: Cannot get requestId: Handwriting was not initialized.
06-13 14:15:38.143290  1477  1598 E HandwritingModeController: Cannot get requestId: Handwriting was not initialized.
06-13 14:15:38.307703  1723  4190 V ShellRecents: [254339142] RecentsController.screenshotTask: taskId=56
06-13 14:15:38.353059  1989  1989 W ContextImpl: Calling a method in the system process without a qualified user: android.app.ContextImpl.bindService:1993 android.content.ContextWrapper.bindService:861 com.google.android.libraries.gsa.launcherclient.l.i:4 com.google.android.libraries.gsa.launcherclient.h.run:1 com.google.android.libraries.gsa.launcherclient.l.g:2 
06-13 14:15:38.354428  1723  4305 V ShellRecents: [254339142] RecentsController.detachNavigationBarFromApp
06-13 14:15:38.360828  1477  1506 E ApplicationHelper: Fail to get PackageManager
06-13 14:15:38.361668  1477  1506 E ApplicationHelper: Fail to get PackageManager
06-13 14:15:38.361709  1477  1506 E ApplicationHelper: Fail to get PackageManager
06-13 14:15:38.375161  1477  2029 D CompatibilityChangeReporter: Compat change id reported: 161252188; UID 10115; state: DISABLED
06-13 14:15:38.377334  1477  1506 E ApplicationHelper: Fail to get PackageManager
06-13 14:15:38.397408  1477  1506 E ApplicationHelper: Fail to get PackageManager
06-13 14:15:38.542083  1477  1477 W AccessibilityManagerService:  wait for adding window timeout: 91
06-13 14:15:40.070654  1477  2029 W ProcessStats: Tracking association SourceState{6962fff com.google.android.gms/10115 BTop #208478} whose proc state 2 is better than process ProcessState{840003f com.google.android.gms.persistent/10115 pkg=com.google.android.gms} proc state 3 (56 skipped)
06-13 14:15:40.070701  1477  1506 E ApplicationHelper: Fail to get PackageManager
06-13 14:15:40.359419  1477  1506 E ApplicationHelper: Fail to get PackageManager
06-13 14:15:40.359448  1477  1506 E ApplicationHelper: Fail to get PackageManager
06-13 14:15:40.359457  1477  1506 E ApplicationHelper: Fail to get PackageManager
06-13 14:15:40.359467  1477  1506 E ApplicationHelper: Fail to get PackageManager
06-13 14:15:40.359475  1477  1506 E ApplicationHelper: Fail to get PackageManager
06-13 14:15:43.298284  1477  1506 W Looper  : Slow delivery took 4909ms android.ui h=android.view.GestureDetector$GestureHandler c=null m=1
06-13 14:15:43.470482  1723  1757 V ShellRecents: [254339142] RecentsController.finishInner: toHome=true userLeave=false willFinishToHome=true state=0
06-13 14:15:43.470559  1723  1757 V ShellRecents:   normal finish
06-13 14:15:43.470673  1723  1757 V ShellRecents: [254339142] RecentsController.cleanup
06-13 14:15:43.470892  1723  1757 V WindowManagerShell: Transition animation finished (aborted=false), notifying core (#236)android.os.BinderProxy@7546a07@0
06-13 14:15:43.474020  1477  1477 D MBrainLocalService: isVendorFreezeConditionPass is false
06-13 14:15:43.474069  1477  1477 E MBrainLocalService: notifyAppSwitch failed
06-13 14:15:43.474940  1477  1506 E ApplicationHelper: Fail to get PackageManager
06-13 14:15:43.475041  1477  1508 I ActivityManager: Killing 14161:com.google.android.dialer/u0a125 (adj 900): remove task
06-13 14:15:43.475100  1477  1506 W Looper  : Drained
06-13 14:15:43.481930  1477  1477 D MBrainLocalService: isVendorFreezeConditionPass is false
06-13 14:15:43.481973  1477  1477 E MBrainLocalService: notifyAppSwitch failed
06-13 14:15:43.488767  1477  1477 D MBrainLocalService: isVendorFreezeConditionPass is false
06-13 14:15:43.488809  1477  1477 E MBrainLocalService: notifyAppSwitch failed
06-13 14:15:43.493406  1477  1505 V WindowManager: Finish Transition #236: created at 06-13 14:15:38.010 collect-started=0.965ms started=1.315ms ready=6.016ms sent=92.177ms finished=5482.151ms
06-13 14:15:43.509272  1477  1508 V WindowManager: Unknown focus tokens, dropping reportFocusChanged
06-13 14:15:43.509359  1723  1757 V WindowManagerShell: Track 0 became idle
06-13 14:15:43.509390  1723  1757 V WindowManagerShell: All active transition animations finished
06-13 14:15:43.509870  1723  1757 V WindowManagerShell: Transition requested: android.os.BinderProxy@c1b601b TransitionRequestInfo { type = CLOSE, triggerTask = TaskInfo{userId=0 taskId=56 displayId=0 isRunning=true baseIntent=Intent { act=android.intent.action.MAIN flg=0x10000000 cmp=com.debug.loggerui/.MainActivity } baseActivity=ComponentInfo{com.debug.loggerui/com.debug.loggerui.MainActivity} topActivity=ComponentInfo{com.debug.loggerui/com.debug.loggerui.MainActivity} origActivity=null realActivity=ComponentInfo{com.debug.loggerui/com.debug.loggerui.MainActivity} numActivities=1 lastActiveTime=306092231 supportsMultiWindow=true resizeMode=1 isResizeable=true minWidth=-1 minHeight=-1 defaultMinSize=220 token=WCT{android.window.IWindowContainerToken$Stub$Proxy@ed255b8} topActivityType=1 pictureInPictureParams=null shouldDockBigOverlays=false launchIntoPipHostTaskId=-1 lastParentTaskIdBeforePip=-1 displayCutoutSafeInsets=Rect(0, 106 - 0, 0) topActivityInfo=ActivityInfo{9fcbf91 com.debug.loggerui.MainActivity} launchCookies=[] positionInParent=Point(0, 0) parentTaskId=-1 isFocused=false isVisible=true isVisibleRequested=true isSleeping=false topActivityInSizeCompat=false topActivityEligibleForLetterboxEducation= false topActivityLetterboxed= false isFromDoubleTap= false topActivityLetterboxVerticalPosition= -1 topActivityLetterboxHorizontalPosition= -1 topActivityLetterboxWidth=-1 topActivityLetterboxHeight=-1 locusId=null displayAreaFeatureId=1 cameraCompatControlState=hidden}, remoteTransition = null, displayChange = null }
06-13 14:15:43.515499  1477  2902 D CoreBackPreview: Window{87b8123 u0 com.mediatek.engineermode/com.mediatek.engineermode.EngineerMode}: Setting back callback null
06-13 14:15:43.517516  1477  1506 E ApplicationHelper: Fail to get PackageManager
06-13 14:15:43.517872  1477  1508 I ActivityManager: Killing 14287:com.mediatek.engineermode/u0a177 (adj 905): remove task
06-13 14:15:43.521696  1477  1509 D MSyncForWMS: setFrameRate: 2060.0
06-13 14:15:43.521815  1477  1509 D MSyncForWMS: setFrameRate: 2060.0
06-13 14:15:43.524202  1477  1506 E ApplicationHelper: Fail to get PackageManager
06-13 14:15:43.536333  1723  1757 V WindowManagerShell: onTransitionReady android.os.BinderProxy@c1b601b: {id=237 t=CLOSE f=0x0 trk=1 r=[] c=[]}
06-13 14:15:43.536564  1723  1757 V WindowManagerShell: No transition roots in (#237)android.os.BinderProxy@c1b601b@1 so abort
06-13 14:15:43.537025  1477  1505 V WindowManager: Sent Transition #237 createdAt=06-13 14:15:43.482 via request=TransitionRequestInfo { type = CLOSE, triggerTask = TaskInfo{userId=0 taskId=56 displayId=0 isRunning=true baseIntent=Intent { act=android.intent.action.MAIN flg=0x10000000 cmp=com.debug.loggerui/.MainActivity } baseActivity=ComponentInfo{com.debug.loggerui/com.debug.loggerui.MainActivity} topActivity=ComponentInfo{com.debug.loggerui/com.debug.loggerui.MainActivity} origActivity=null realActivity=ComponentInfo{com.debug.loggerui/com.debug.loggerui.MainActivity} numActivities=1 lastActiveTime=306092231 supportsMultiWindow=true resizeMode=1 isResizeable=true minWidth=-1 minHeight=-1 defaultMinSize=220 token=WCT{RemoteToken{3393296 Task{89434c3 #56 type=standard A=10174:com.debug.loggerui}}} topActivityType=1 pictureInPictureParams=null shouldDockBigOverlays=false launchIntoPipHostTaskId=-1 lastParentTaskIdBeforePip=-1 displayCutoutSafeInsets=Rect(0, 106 - 0, 0) topActivityInfo=ActivityInfo{9fed27 com.debug.loggerui.MainActivity} launchCookies=[] positionInParent=Point(0, 0) parentTaskId=-1 isFocused=false isVisible=true isVisibleRequested=true isSleeping=false topActivityInSizeCompat=false topActivityEligibleForLetterboxEducation= false topActivityLetterboxed= false isFromDoubleTap= false topActivityLetterboxVerticalPosition= -1 topActivityLetterboxHorizontalPosition= -1 topActivityLetterboxWidth=-1 topActivityLetterboxHeight=-1 locusId=null displayAreaFeatureId=1 cameraCompatControlState=hidden}, remoteTransition = null, displayChange = null }
06-13 14:15:43.537153  1477  1505 V WindowManager:     startWCT=WindowContainerTransaction { changes = {} hops = [] errorCallbackToken=null taskFragmentOrganizer=null }
06-13 14:15:43.537212  1477  1505 V WindowManager:     info={id=237 t=CLOSE f=0x0 trk=1 r=[] c=[]}
06-13 14:15:43.537531  1723  1757 V WindowManagerShell: Transition animation finished (aborted=true), notifying core (#237)android.os.BinderProxy@c1b601b@1
06-13 14:15:43.543070  1477  6267 D CoreBackPreview: Window{bfe6e u0 com.debug.loggerui/com.debug.loggerui.MainActivity}: Setting back callback null
06-13 14:15:43.549178  1477  1505 V WindowManager: Finish Transition #237: created at 06-13 14:15:43.482 collect-started=0.062ms request-sent=0.991ms started=37.168ms ready=36.963ms sent=51.548ms finished=64.574ms
06-13 14:15:43.564254  1723  1757 V WindowManagerShell: Track 1 became idle
06-13 14:15:43.564275  1723  1757 V WindowManagerShell: All active transition animations finished
06-13 14:15:43.566737  1477  2029 W PackageConfigPersister: App-specific configuration not found for packageName: com.android.launcher3 and userId: 0
06-13 14:15:43.573832  1477  2864 E TaskPersister: File error accessing recents directory (directory doesn't exist?).
06-13 14:15:43.574624  1477 10133 D WindowManager: setParent old=ActivityRecord{64a7872 u0 com.debug.loggerui/.MainActivity t56 f}},new=null,this window=Window{bfe6e u0 com.debug.loggerui/com.debug.loggerui.MainActivity},callers=com.android.server.wm.WindowContainer.removeChild:761 com.android.server.wm.ActivityRecord.removeChild:4488 com.android.server.wm.ActivityRecord.removeChild:409 com.android.server.wm.WindowContainer.removeImmediately:819 com.android.server.wm.WindowState.removeImmediately:2386 com.android.server.wm.WindowState.removeIfPossible:2546 
06-13 14:15:43.584376  1477  2029 D WindowManager: setParent old=Task{89434c3 #56 type=standard A=10174:com.debug.loggerui},new=null,this window=ActivityRecord{64a7872 u0 com.debug.loggerui/.MainActivity t56 f}},callers=com.android.server.wm.WindowContainer.removeChild:761 com.android.server.wm.TaskFragment.removeChild:2845 com.android.server.wm.Task.removeChild:1500 com.android.server.wm.Task.removeChild:1483 com.android.server.wm.WindowContainer.removeImmediately:819 com.android.server.wm.WindowToken.removeImmediately:365 
06-13 14:15:43.588321  1477  2029 D WindowManager: setParent old=DefaultTaskDisplayArea@89791918,new=null,this window=Task{89434c3 #56 type=standard A=10174:com.debug.loggerui},callers=com.android.server.wm.WindowContainer.removeChild:761 com.android.server.wm.TaskDisplayArea.removeChildTask:356 com.android.server.wm.TaskDisplayArea.removeChild:347 com.android.server.wm.WindowContainer.removeImmediately:819 com.android.server.wm.TaskFragment.removeImmediately:2929 com.android.server.wm.Task.removeImmediately:2603 
06-13 14:15:43.607338  1477  2864 E TaskPersister: File error accessing recents directory (directory doesn't exist?).
06-13 14:15:43.615865  1477  6267 V ActivityManager: Death received in com.android.server.am.ActivityManagerService$AppDeathRecipient@40102f1 for thread android.os.BinderProxy@ab9ded6
06-13 14:15:43.616593  1477  6267 D CompatibilityChangeReporter: Compat change id reported: 261072174; UID 10115; state: ENABLED
06-13 14:15:43.616724  1477  6267 D CompatibilityChangeReporter: Compat change id reported: 261072174; UID 10117; state: ENABLED
06-13 14:15:43.620426  1477  6267 D WindowManager: setParent old=ActivityRecord{fa4266f u0 com.google.android.dialer/.extensions.GoogleDialtactsActivity t54 f}},new=null,this window=Window{e87d587 u0 com.google.android.dialer/com.google.android.dialer.extensions.GoogleDialtactsActivity},callers=com.android.server.wm.WindowContainer.removeChild:761 com.android.server.wm.ActivityRecord.removeChild:4488 com.android.server.wm.ActivityRecord.removeChild:409 com.android.server.wm.WindowContainer.removeImmediately:819 com.android.server.wm.WindowState.removeImmediately:2386 com.android.server.wm.WindowState.removeIfPossible:2546 
06-13 14:15:43.622640  1477  1506 D DisplayManagerService: Drop pending events for gone uid 10125
06-13 14:15:43.625076  1477  2027 V ActivityManager: Death received in com.android.server.am.ActivityManagerService$AppDeathRecipient@700580b for thread android.os.BinderProxy@97b06e8
06-13 14:15:43.625118  1477  6267 D WindowManager: setParent old=Task{5745f7c #54 type=standard A=10125:com.google.android.dialer},new=null,this window=ActivityRecord{fa4266f u0 com.google.android.dialer/.extensions.GoogleDialtactsActivity t54 f}},callers=com.android.server.wm.WindowContainer.removeChild:761 com.android.server.wm.TaskFragment.removeChild:2845 com.android.server.wm.Task.removeChild:1500 com.android.server.wm.Task.removeChild:1483 com.android.server.wm.WindowContainer.removeImmediately:819 com.android.server.wm.WindowToken.removeImmediately:365 
06-13 14:15:43.627228  1477  1517 W UsageStatsService: Unexpected activity event reported! (com.google.android.dialer/com.android.dialer.main.impl.MainActivity event : 23 instanceId : 227319813)
06-13 14:15:43.628750  1477  6267 D WindowManager: setParent old=DefaultTaskDisplayArea@89791918,new=null,this window=Task{5745f7c #54 type=standard A=10125:com.google.android.dialer},callers=com.android.server.wm.WindowContainer.removeChild:761 com.android.server.wm.TaskDisplayArea.removeChildTask:356 com.android.server.wm.TaskDisplayArea.removeChild:347 com.android.server.wm.WindowContainer.removeImmediately:819 com.android.server.wm.TaskFragment.removeImmediately:2929 com.android.server.wm.Task.removeImmediately:2603 
06-13 14:15:43.631105  1477  1506 E ApplicationHelper: Fail to get PackageManager
06-13 14:15:43.635251  1477  4480 I WindowManager: WIN DEATH: Window{87b8123 u0 com.mediatek.engineermode/com.mediatek.engineermode.EngineerMode}
06-13 14:15:43.635891  1477  4480 D WindowManager: setParent old=ActivityRecord{28be796 u0 com.mediatek.engineermode/.EngineerMode t55 f}},new=null,this window=Window{87b8123 u0 com.mediatek.engineermode/com.mediatek.engineermode.EngineerMode},callers=com.android.server.wm.WindowContainer.removeChild:761 com.android.server.wm.ActivityRecord.removeChild:4488 com.android.server.wm.ActivityRecord.removeChild:409 com.android.server.wm.WindowContainer.removeImmediately:819 com.android.server.wm.WindowState.removeImmediately:2386 com.android.server.wm.WindowState.removeIfPossible:2546 
06-13 14:15:43.638953  1477 10135 W WindowManager: Failed looking up window session=Session{69049ab 14161:u0a10125} callers=com.android.server.wm.WindowManagerService.windowForClientLocked:6135 com.android.server.wm.WindowState$DeathRecipient.binderDied:2959 android.os.IBinder$DeathRecipient.binderDied:319 
06-13 14:15:43.639074  1477 10135 I WindowManager: WIN DEATH: null
06-13 14:15:43.639212  1477  1814 W WindowManager: Cannot find window which accessibility connection is added to
06-13 14:15:43.641461  1477  1506 D DisplayManagerService: Drop pending events for gone uid 10177
06-13 14:15:43.650282  1477  2027 D WindowManager: setParent old=Task{a257f17 #55 type=standard A=10177:com.mediatek.engineermode},new=null,this window=ActivityRecord{28be796 u0 com.mediatek.engineermode/.EngineerMode t55 f}},callers=com.android.server.wm.WindowContainer.removeChild:761 com.android.server.wm.TaskFragment.removeChild:2845 com.android.server.wm.Task.removeChild:1500 com.android.server.wm.Task.removeChild:1483 com.android.server.wm.WindowContainer.removeImmediately:819 com.android.server.wm.WindowToken.removeImmediately:365 
06-13 14:15:43.653061  1477  2027 D WindowManager: setParent old=DefaultTaskDisplayArea@89791918,new=null,this window=Task{a257f17 #55 type=standard A=10177:com.mediatek.engineermode},callers=com.android.server.wm.WindowContainer.removeChild:761 com.android.server.wm.TaskDisplayArea.removeChildTask:356 com.android.server.wm.TaskDisplayArea.removeChild:347 com.android.server.wm.WindowContainer.removeImmediately:819 com.android.server.wm.TaskFragment.removeImmediately:2929 com.android.server.wm.Task.removeImmediately:2603 
06-13 14:15:43.657695  1477  1508 W ActivityManager: setHasOverlayUi called on unknown pid: 14161
06-13 14:15:43.657768  1477  1508 W ActivityManager: setHasOverlayUi called on unknown pid: 14287
06-13 14:15:43.658794  1477  1517 W UsageStatsService: Unexpected activity event reported! (com.mediatek.engineermode/com.mediatek.engineermode.EngineerMode event : 23 instanceId : 24792836)
06-13 14:15:43.755895  1723  5043 D PowerUI : can't show warning due to - plugged: true status unknown: false
06-13 14:15:43.983110  1477  1506 D PriAppLock_Starter: DWExchange srcintent: Intent { act=android.intent.action.MAIN cat=[android.intent.category.HOME] flg=0x10000100 cmp=com.android.launcher3/com.android.searchlauncher.SearchLauncher (has extras) }, caller: null, resultTo:null, resultWho:null, requestCode:0, callingPid:0, callingUid:0, callingPackage:null, realCallingPid:0, realCallingUid:-1, flag:10000100, aInfo:ActivityInfo{1c73114 com.android.searchlauncher.SearchLauncher}, rInfo:null, reason:startHomeActivity: startDockOrHome:0:0:0, inTask:null
06-13 14:15:43.983202  1477  1506 D PriAppLock_Starter: DWExchange callerProcess:null, bindercallingpid:-1
06-13 14:15:43.983223  1477  1506 D PriAppLock_Starter: DWExchange2 caller :null, requestCode: 0, fromsource:0, isblockapp:false, intent=Intent { act=android.intent.action.MAIN cat=[android.intent.category.HOME] flg=0x10000100 cmp=com.android.launcher3/com.android.searchlauncher.SearchLauncher (has extras) }, resultTo=null
06-13 14:15:43.992630  1477  1506 I ActivityTaskManager: START u0 {act=android.intent.action.MAIN cat=[android.intent.category.HOME] flg=0x10000100 cmp=com.android.launcher3/com.android.searchlauncher.SearchLauncher (has extras)} with LAUNCH_SINGLE_TASK from uid 0 (BAL_ALLOW_ALLOWLISTED_UID) result code=3
06-13 14:15:43.994180  1723  1757 D WindowManagerShell: onActivityRestartAttempt: ComponentInfo{com.android.launcher3/com.android.searchlauncher.SearchLauncher}
06-13 14:15:44.075323  1477  2903 V SettingsProvider: name : prize_release_memInfo appId : 1000
06-13 14:15:44.131024  1477  2903 D CoreBackPreview: Window{e9d773b u0 Toast}: Setting back callback OnBackInvokedCallbackInfo{mCallback=android.window.IOnBackInvokedCallback$Stub$Proxy@7b7c896, mPriority=0, mIsAnimationCallback=false}
06-13 14:15:44.153668  1477  6493 W WindowManager: finishDrawingWindow: Window{e9d773b u0 Toast} mDrawState=DRAW_PENDING
06-13 14:15:44.155511  1477  1509 W WindowManager: real show surface:Surface(name=Toast)/@0x48121ed
06-13 14:15:44.564715  1477  1506 E ApplicationHelper: Fail to get PackageManager
06-13 14:15:44.738008  1477  1506 E ApplicationHelper: Fail to get PackageManager
06-13 14:15:46.562606  1477  2903 D CoreBackPreview: Window{e9d773b u0 Toast}: Setting back callback null
06-13 14:15:46.570615  1477  6493 D WindowManager: setParent old=WindowToken{9ef781f type=2005 android.os.Binder@b9d7fbe},new=null,this window=Window{e9d773b u0 Toast},callers=com.android.server.wm.WindowContainer.removeChild:761 com.android.server.wm.WindowContainer.removeImmediately:819 com.android.server.wm.WindowState.removeImmediately:2386 com.android.server.wm.WindowState.removeIfPossible:2546 com.android.server.wm.WindowManagerService.removeWindow:2028 com.android.server.wm.Session.remove:241 
06-13 14:15:46.579260  1477  6493 W NotificationService: Toast already killed. pkg=com.android.launcher3 token=android.os.BinderProxy@d56a52b
06-13 14:15:47.128295  1477  2864 E TaskPersister: File error accessing recents directory (directory doesn't exist?).
06-13 14:15:47.290458  1477  2903 D ActivityTaskManager: Starting activity: rInfo=ResolveInfo{6f7b321 com.google.android.dialer/.extensions.GoogleDialtactsActivity m=0x0 userHandle=UserHandle{0}}, intent=Intent { act=android.intent.action.MAIN cat=[android.intent.category.LAUNCHER] flg=0x10200000 pkg=com.google.android.dialer cmp=com.google.android.dialer/.extensions.GoogleDialtactsActivity bnds=[25,2054][231,2366] }, userId=0, realCallingPid=1989
06-13 14:15:47.290582  1477  2903 D PriAppLock_Starter: DWExchange srcintent: Intent { act=android.intent.action.MAIN cat=[android.intent.category.LAUNCHER] flg=0x10200000 pkg=com.google.android.dialer cmp=com.google.android.dialer/.extensions.GoogleDialtactsActivity bnds=[25,2054][231,2366] }, caller: android.app.IApplicationThread$Stub$Proxy@c918346, resultTo:Token{67b188a ActivityRecord{629b3df u0 com.android.launcher3/com.android.searchlauncher.SearchLauncher t7}}, resultWho:null, requestCode:-1, callingPid:-1, callingUid:-1, callingPackage:com.android.launcher3, realCallingPid:1989, realCallingUid:1000, flag:10200000, aInfo:ActivityInfo{e186907 com.google.android.dialer.extensions.GoogleDialtactsActivity}, rInfo:ResolveInfo{6f7b321 com.google.android.dialer/.extensions.GoogleDialtactsActivity m=0x0 userHandle=UserHandle{0}}, reason:startActivityAsUser, inTask:null
06-13 14:15:47.290636  1477  2903 D PriAppLock_Starter: DWExchange callerProcess:ProcessRecord{2c78299 1989:com.android.launcher3/1000}, bindercallingpid:-1
06-13 14:15:47.290652  1477  2903 D PriAppLock_Starter: DWExchange isblockapp(db) : false
06-13 14:15:47.290683  1477  2903 D PriAppLock_Starter: DWExchange2 caller :android.app.IApplicationThread$Stub$Proxy@c918346, requestCode: -1, fromsource:0, isblockapp:false, intent=Intent { act=android.intent.action.MAIN cat=[android.intent.category.LAUNCHER] flg=0x10200000 pkg=com.google.android.dialer cmp=com.google.android.dialer/.extensions.GoogleDialtactsActivity bnds=[25,2054][231,2366] }, resultTo=Token{67b188a ActivityRecord{629b3df u0 com.android.launcher3/com.android.searchlauncher.SearchLauncher t7}}
06-13 14:15:47.291804  1477  2903 D CompatibilityChangeReporter: Compat change id reported: 265464455; UID 10125; state: DISABLED
06-13 14:15:47.291937  1477  2903 D CompatibilityChangeReporter: Compat change id reported: 265452344; UID 10125; state: DISABLED
06-13 14:15:47.292004  1477  2903 D CompatibilityChangeReporter: Compat change id reported: 266124927; UID 10125; state: DISABLED
06-13 14:15:47.292073  1477  2903 D CompatibilityChangeReporter: Compat change id reported: 265451093; UID 10125; state: DISABLED
06-13 14:15:47.292154  1477  2903 D CompatibilityChangeReporter: Compat change id reported: 265456536; UID 10125; state: DISABLED
06-13 14:15:47.292254  1477  2903 D CompatibilityChangeReporter: Compat change id reported: 255940284; UID 10125; state: DISABLED
06-13 14:15:47.292364  1477  2903 D CompatibilityChangeReporter: Compat change id reported: 236283604; UID 10125; state: DISABLED
06-13 14:15:47.292451  1477  2903 D CompatibilityChangeReporter: Compat change id reported: 263959004; UID 10125; state: DISABLED
06-13 14:15:47.292579  1477  2903 D CompatibilityChangeReporter: Compat change id reported: 264304459; UID 10125; state: DISABLED
06-13 14:15:47.292686  1477  2903 D CompatibilityChangeReporter: Compat change id reported: 264301586; UID 10125; state: DISABLED
06-13 14:15:47.292856  1477  2903 D CompatibilityChangeReporter: Compat change id reported: 254631730; UID 10125; state: DISABLED
06-13 14:15:47.292980  1477  2903 D CompatibilityChangeReporter: Compat change id reported: 273509367; UID 10125; state: DISABLED
06-13 14:15:47.293075  1477  2903 D CompatibilityChangeReporter: Compat change id reported: 263259275; UID 10125; state: DISABLED
06-13 14:15:47.293168  1477  2903 D CompatibilityChangeReporter: Compat change id reported: 174042980; UID 10125; state: DISABLED
06-13 14:15:47.293313  1477  2903 D CompatibilityChangeReporter: Compat change id reported: 174042936; UID 10125; state: DISABLED
06-13 14:15:47.293413  1477  2903 D CompatibilityChangeReporter: Compat change id reported: 181136395; UID 10125; state: DISABLED
