06-13 14:17:22.049976  1477 10135 D CompatibilityChangeReporter: Compat change id reported: 168419799; UID 10125; state: DISABLED
06-13 14:17:22.050633  1477 10135 D CompatibilityChangeReporter: Compat change id reported: 273564678; UID 10125; state: DISABLED
06-13 14:17:22.054981  1477  1682 D PriStartDexopt: check need dexopt com.google.android.dialer reason:5,status:9,abi is arm64-v8a
06-13 14:17:22.056208  1477  1506 E ApplicationHelper: Fail to get PackageManager
06-13 14:17:22.064815  1477  1506 E ApplicationHelper: Fail to get PackageManager
06-13 14:17:22.064835  1477  1506 E ApplicationHelper: Fail to get PackageManager
06-13 14:17:22.065992  1477  1506 E ApplicationHelper: Fail to get PackageManager
06-13 14:17:22.066030  1477  1506 E ApplicationHelper: Fail to get PackageManager
06-13 14:17:22.066667  1477  1519 I ActivityManager: Start proc 14957:com.google.android.dialer/u0a125 for next-top-activity {com.google.android.dialer/com.google.android.dialer.extensions.GoogleDialtactsActivity}
06-13 14:17:22.068126  1477  2909 W WindowManager: Changing focus from Window{90b7389 u0 com.android.launcher3/com.android.searchlauncher.SearchLauncher} to null displayId=0 Callers=com.android.server.wm.RootWindowContainer.updateFocusedWindowLocked:455 com.android.server.wm.WindowManagerService.updateFocusedWindowLocked:6247 com.android.server.wm.WindowManagerService.relayoutWindow:2533 com.android.server.wm.Session.relayout:259 
06-13 14:17:22.084407  1477  2909 W WindowManager: finishDrawingWindow: Window{d867e65 u0 Splash Screen com.google.android.dialer} mDrawState=DRAW_PENDING
06-13 14:17:22.089361  1477  1509 W WindowManager: real show surface:Surface(name=Splash Screen com.google.android.dialer)/@0xec81d06
06-13 14:17:22.099121  1723  1757 V WindowManagerShell: onTransitionReady android.os.BinderProxy@110fb0: {id=250 t=OPEN f=0x0 trk=0 r=[0@Point(0, 0)] c=[{WCT{android.window.IWindowContainerToken$Stub$Proxy@76c4f0c} m=OPEN f=NONE leash=Surface(name=Task=61)/@0x3c34399 sb=Rect(0, 0 - 1080, 2460) eb=Rect(0, 0 - 1080, 2460) d=0},{WCT{android.window.IWindowContainerToken$Stub$Proxy@87b8055} m=TO_BACK f=SHOW_WALLPAPER leash=Surface(name=Task=1)/@0xa12965e sb=Rect(0, 0 - 1080, 2460) eb=Rect(0, 0 - 1080, 2460) d=0}]}
06-13 14:17:22.099324  1723  1757 V WindowManagerShell: Playing animation for (#250)android.os.BinderProxy@110fb0@0
06-13 14:17:22.099595  1723  1757 V WindowManagerShell:  try firstHandler com.android.wm.shell.transition.DefaultMixedHandler@ae56cbd
06-13 14:17:22.099819  1723  1757 V WindowManagerShell:  Delegate animation for #250 to RemoteTransition { remoteTransition = android.window.IRemoteTransition$Stub$Proxy@c6f76dc, appThread = android.app.IApplicationThread$Stub$Proxy@bd4d3e5, debugName = QuickstepLaunch }
06-13 14:17:22.100041  1477  1505 V WindowManager: Sent Transition #250 createdAt=06-13 14:17:22.026 via request=TransitionRequestInfo { type = OPEN, triggerTask = TaskInfo{userId=0 taskId=61 displayId=0 isRunning=true baseIntent=Intent { act=android.intent.action.MAIN cat=[android.intent.category.LAUNCHER] flg=0x10200000 pkg=com.google.android.dialer cmp=com.google.android.dialer/.extensions.GoogleDialtactsActivity } baseActivity=ComponentInfo{com.google.android.dialer/com.android.dialer.main.impl.MainActivity} topActivity=ComponentInfo{com.google.android.dialer/com.android.dialer.main.impl.MainActivity} origActivity=ComponentInfo{com.google.android.dialer/com.google.android.dialer.extensions.GoogleDialtactsActivity} realActivity=ComponentInfo{com.google.android.dialer/com.android.dialer.main.impl.MainActivity} numActivities=1 lastActiveTime=306245290 supportsMultiWindow=true resizeMode=2 isResizeable=true minWidth=-1 minHeight=-1 defaultMinSize=220 token=WCT{RemoteToken{a390392 Task{e5f80a9 #61 type=standard A=10125:com.google.android.dialer}}} topActivityType=1 pictureInPictureParams=null shouldDockBigOverlays=false launchIntoPipHostTaskId=-1 lastParentTaskIdBeforePip=-1 displayCutoutSafeInsets=Rect(0, 106 - 0, 0) topActivityInfo=ActivityInfo{f1a26ad com.google.android.dialer.extensions.GoogleDialtactsActivity} launchCookies=[android.os.BinderProxy@7c86160] positionInParent=Point(0, 0) parentTaskId=-1 isFocused=false isVisible=false isVisibleRequested=false isSleeping=false topActivityInSizeCompat=false topActivityEligibleForLetterboxEducation= false topActivityLetterboxed= false isFromDoubleTap= false topActivityLetterboxVerticalPosition= -1 topActivityLetterboxHorizontalPosition= -1 topActivityLetterboxWidth=-1 topActivityLetterboxHeight=-1 locusId=null displayAreaFeatureId=1 cameraCompatControlState=hidden}, remoteTransition = RemoteTransition { remoteTransition = android.window.IRemoteTransition$Stub$Proxy@e5fc6de, appThread = android.app.IApplicationThread$Stub$Proxy@b1380bf, debugName = QuickstepLaunch }, displayChange = null }
06-13 14:17:22.100106  1477  1505 V WindowManager:     startWCT=WindowContainerTransaction { changes = {} hops = [] errorCallbackToken=null taskFragmentOrganizer=null }
06-13 14:17:22.100178  1723  7578 D PowerUI : can't show warning due to - plugged: true status unknown: false
06-13 14:17:22.100244  1477  1505 V WindowManager:     info={id=250 t=OPEN f=0x0 trk=0 r=[0@Point(0, 0)] c=[{WCT{RemoteToken{a390392 Task{e5f80a9 #61 type=standard A=10125:com.google.android.dialer}}} m=OPEN f=NONE leash=Surface(name=Task=61)/@0xcb05fc7 sb=Rect(0, 0 - 1080, 2460) eb=Rect(0, 0 - 1080, 2460) d=0},{WCT{RemoteToken{a8ace98 Task{ecc3486 #1 type=home}}} m=TO_BACK f=SHOW_WALLPAPER leash=Surface(name=Task=1)/@0x1446f9f sb=Rect(0, 0 - 1080, 2460) eb=Rect(0, 0 - 1080, 2460) d=0}]}
06-13 14:17:22.102142  1723  1757 V WindowManagerShell:  animated by firstHandler
06-13 14:17:22.108608  1477  1799 V ActivityManager: New death recipient com.android.server.am.ActivityManagerService$AppDeathRecipient@b9d72ea for thread android.os.BinderProxy@60969db
06-13 14:17:22.120847  1477  1477 D MBrainLocalService: isVendorFreezeConditionPass is false
06-13 14:17:22.120911  1477  1477 E MBrainLocalService: notifyAppSwitch failed
06-13 14:17:22.126130  1477  1506 E ApplicationHelper: Fail to get PackageManager
06-13 14:17:22.127407  1477  1506 E MBrainLocalService: MBrainJava launch failed: SecurityException
06-13 14:17:22.128866  1477  1560 D CompatibilityChangeReporter: Compat change id reported: 170503758; UID 10125; state: ENABLED
06-13 14:17:22.131960  1477  1506 E ApplicationHelper: Fail to get PackageManager
06-13 14:17:22.133196  1477  1506 E MBrainLocalService: MBrainJava launch failed: SecurityException
06-13 14:17:22.268056  1477  1560 D CompatibilityChangeReporter: Compat change id reported: 261072174; UID 10125; state: ENABLED
06-13 14:17:22.304847  1723  1757 V WindowManagerShell: Transition animation finished (aborted=false), notifying core (#250)android.os.BinderProxy@110fb0@0
06-13 14:17:22.308796  1477  1505 V WindowManager: Finish Transition #250: created at 06-13 14:17:22.026 collect-started=0.046ms request-sent=11.698ms started=15.834ms ready=61.043ms sent=69.007ms finished=281.495ms
06-13 14:17:22.318163  1723  1757 V WindowManagerShell: Track 0 became idle
06-13 14:17:22.318676  1723  1757 V WindowManagerShell: All active transition animations finished
06-13 14:17:22.320505  1477  1509 D MSyncForWMS: setFrameRate: 2060.0
06-13 14:17:22.375313 14957 14957 D MbrainDebugManagerImpl: getService failed
06-13 14:17:22.399599  1477  2909 D CompatibilityChangeReporter: Compat change id reported: 183407956; UID 10125; state: ENABLED
06-13 14:17:22.444661  1477  2909 I ActivityManager: Flag disabled. Ignoring finishAttachApplication from uid: 10125. pid: 14957
06-13 14:17:22.575462  1477  1477 W AccessibilityManagerService:  wait for adding window timeout: 111
06-13 14:17:22.634759  1477  1560 D CompatibilityChangeReporter: Compat change id reported: 161145287; UID 10125; state: ENABLED
06-13 14:17:22.641830  1477  1560 D CompatibilityChangeReporter: Compat change id reported: 271850009; UID 10125; state: ENABLED
06-13 14:17:22.642214  1477  1560 D CompatibilityChangeReporter: Compat change id reported: 253665015; UID 10125; state: ENABLED
06-13 14:17:22.642656  1477  1560 D CompatibilityChangeReporter: Compat change id reported: 194532703; UID 10125; state: ENABLED
06-13 14:17:22.699645  1477  1506 E ApplicationHelper: Fail to get PackageManager
06-13 14:17:22.750252  1477  1506 E ApplicationHelper: Fail to get PackageManager
06-13 14:17:22.773211  1477  1506 E ApplicationHelper: Fail to get PackageManager
06-13 14:17:22.773526  1477  1506 E ApplicationHelper: Fail to get PackageManager
06-13 14:17:22.832624  1477  1506 E ApplicationHelper: Fail to get PackageManager
06-13 14:17:22.832724  1477  1506 E ApplicationHelper: Fail to get PackageManager
06-13 14:17:22.832761  1477  1477 W JobScheduler: Job didn't exist in JobStore: 458a56d {androidx.work.systemjobscheduler} #u0a125/2490 @androidx.work.systemjobscheduler@com.google.android.dialer/androidx.work.impl.background.systemjob.SystemJobService
06-13 14:17:22.842376  1477  1799 D CompatibilityChangeReporter: Compat change id reported: 177438394; UID 10120; state: DISABLED
06-13 14:17:22.843840  1477  1799 D CompatibilityChangeReporter: Compat change id reported: 135772972; UID 10120; state: DISABLED
06-13 14:17:22.844103  1477  1799 D CompatibilityChangeReporter: Compat change id reported: 135754954; UID 10120; state: ENABLED
06-13 14:17:22.845779  1477  1519 D CompatibilityChangeReporter: Compat change id reported: 143937733; UID 10120; state: ENABLED
06-13 14:17:22.859559  1477  1799 D CoreBackPreview: Window{6693c29 u0 com.google.android.dialer/com.google.android.dialer.extensions.GoogleDialtactsActivity}: Setting back callback OnBackInvokedCallbackInfo{mCallback=android.window.IOnBackInvokedCallback$Stub$Proxy@c85fc5e, mPriority=-1, mIsAnimationCallback=false}
06-13 14:17:22.865024  1477  1519 I ActivityManager: Start proc 15000:com.google.android.projection.gearhead:provider/u0a120 for content provider {com.google.android.projection.gearhead/com.google.android.apps.auto.components.projectionstate.ProjectionStateProvider}
06-13 14:17:22.876242  1477  1560 D MSyncForWMS: setFrameRate: 2060.0
06-13 14:17:22.878253  1477  1560 W WindowManager: Changing focus from null to Window{6693c29 u0 com.google.android.dialer/com.google.android.dialer.extensions.GoogleDialtactsActivity} displayId=0 Callers=com.android.server.wm.RootWindowContainer.updateFocusedWindowLocked:455 com.android.server.wm.WindowManagerService.updateFocusedWindowLocked:6247 com.android.server.wm.WindowManagerService.relayoutWindow:2533 com.android.server.wm.Session.relayout:259 
06-13 14:17:22.883138  1477  1560 I WindowManager: Relayout Window{6693c29 u0 com.google.android.dialer/com.google.android.dialer.extensions.GoogleDialtactsActivity}: oldVis=4 newVis=0 focusMayChange = true requestedWidth = 1080 requestedHeight = 2460 outFrames = ClientWindowFrames{frame=[0,0][1080,2460] display=[0,0][1080,2460] parentFrame=[0,0][0,0]} outSurfaceControl = Surface(name=com.google.android.dialer/com.google.android.dialer.extensions.GoogleDialtactsActivity)/@0x96868d3
06-13 14:17:22.888231  1477  1799 D CompatibilityChangeReporter: Compat change id reported: 135634846; UID 10115; state: DISABLED
06-13 14:17:22.888408  1477  1799 D CompatibilityChangeReporter: Compat change id reported: 177438394; UID 10115; state: DISABLED
06-13 14:17:22.888453  1477  1799 D CompatibilityChangeReporter: Compat change id reported: 135772972; UID 10115; state: DISABLED
06-13 14:17:22.888512  1477  1799 D CompatibilityChangeReporter: Compat change id reported: 135754954; UID 10115; state: ENABLED
06-13 14:17:22.888833  1477  1519 D CompatibilityChangeReporter: Compat change id reported: 143937733; UID 10115; state: ENABLED
06-13 14:17:22.907959  1477  1519 I ActivityManager: Start proc 15011:com.google.process.gservices/u0a115 for content provider {com.google.android.gsf/com.google.android.gsf.gservices.GservicesProvider}
06-13 14:17:22.914751  1477  6449 V ActivityManager: New death recipient com.android.server.am.ActivityManagerService$AppDeathRecipient@44c0a41 for thread android.os.BinderProxy@ec65be6
06-13 14:17:22.918068  1477  6449 D CompatibilityChangeReporter: Compat change id reported: 168419799; UID 10120; state: DISABLED
06-13 14:17:22.918491  1477  6449 D CompatibilityChangeReporter: Compat change id reported: 273564678; UID 10120; state: DISABLED
06-13 14:17:22.923549  1477  1506 E ApplicationHelper: Fail to get PackageManager
06-13 14:17:22.923923  1477  1570 D CompatibilityChangeReporter: Compat change id reported: 265195908; UID 10120; state: ENABLED
06-13 14:17:22.932282  1477  1799 D CompatibilityChangeReporter: Compat change id reported: 170503758; UID 10120; state: ENABLED
06-13 14:17:23.017325  1477  1560 V ActivityManager: New death recipient com.android.server.am.ActivityManagerService$AppDeathRecipient@ff36058 for thread android.os.BinderProxy@e0b05b1
06-13 14:17:23.018896  1477  1560 D CompatibilityChangeReporter: Compat change id reported: 168419799; UID 10115; state: DISABLED
06-13 14:17:23.019059  1477  1560 D CompatibilityChangeReporter: Compat change id reported: 273564678; UID 10115; state: DISABLED
06-13 14:17:23.027237  1477  6449 D CompatibilityChangeReporter: Compat change id reported: 170503758; UID 10115; state: ENABLED
06-13 14:17:23.059524  1477  1560 D CompatibilityChangeReporter: Compat change id reported: 161145287; UID 10120; state: ENABLED
06-13 14:17:23.071711  1477 10135 D CompatibilityChangeReporter: Compat change id reported: 261072174; UID 10120; state: ENABLED
06-13 14:17:23.075263  1477  1506 E ApplicationHelper: Fail to get PackageManager
06-13 14:17:23.093836  1477  1560 I ActivityManager: Flag disabled. Ignoring finishAttachApplication from uid: 10120. pid: 15000
06-13 14:17:23.103323  1477  1799 W ActivityManager: Unable to start service Intent { act=com.google.android.gms.gservices.START pkg=com.google.android.gms } U=0: not found
06-13 14:17:23.104687  1477  1799 W ActivityManager: Unbind failed: could not find connection for android.os.BinderProxy@5dc291b
06-13 14:17:23.132596  1477  1799 I ActivityManager: Flag disabled. Ignoring finishAttachApplication from uid: 10115. pid: 15011
06-13 14:17:23.154350  1477  1799 D CompatibilityChangeReporter: Compat change id reported: 261072174; UID 10115; state: ENABLED
06-13 14:17:23.401760  1477  2909 W WindowManager: finishDrawingWindow: Window{6693c29 u0 com.google.android.dialer/com.google.android.dialer.extensions.GoogleDialtactsActivity} mDrawState=DRAW_PENDING
06-13 14:17:23.407623  1477  1509 W WindowManager: real show surface:Surface(name=com.google.android.dialer/com.google.android.dialer.extensions.GoogleDialtactsActivity)/@0xf4f3abc
06-13 14:17:23.451832  1477  6449 W ProcessStats: Tracking association SourceState{8307ca7 com.google.android.apps.tachyon/10146 BTop #208884} whose proc state 2 is better than process ProcessState{840003f com.google.android.gms.persistent/10115 pkg=com.google.android.gms} proc state 3 (228 skipped)
06-13 14:17:23.485139  1477  6449 D CompatibilityChangeReporter: Compat change id reported: 214016041; UID 10125; state: ENABLED
06-13 14:17:23.507229  1477  2909 W PackageConfigPersister: App-specific configuration not found for packageName: com.google.android.dialer and userId: 0
06-13 14:17:23.562573  1477  1506 E ApplicationHelper: Fail to get PackageManager
06-13 14:17:23.562651  1477  6449 W JobScheduler: Job didn't exist in JobStore: 39c4c4c {androidx.work.systemjobscheduler} #u0a125/2490 @androidx.work.systemjobscheduler@com.google.android.dialer/androidx.work.impl.background.systemjob.SystemJobService
06-13 14:17:23.580034  1477  1506 E ApplicationHelper: Fail to get PackageManager
06-13 14:17:23.580083  1477  1506 E ApplicationHelper: Fail to get PackageManager
06-13 14:17:23.580096  1477  1506 E ApplicationHelper: Fail to get PackageManager
06-13 14:17:23.587824  1477  1506 E ApplicationHelper: Fail to get PackageManager
06-13 14:17:23.587908  1477  1506 E ApplicationHelper: Fail to get PackageManager
06-13 14:17:23.587928  1477  1506 E ApplicationHelper: Fail to get PackageManager
06-13 14:17:23.587938  1477  1506 E ApplicationHelper: Fail to get PackageManager
06-13 14:17:23.587948  1477  1506 E ApplicationHelper: Fail to get PackageManager
06-13 14:17:23.600215  1477  1506 E ApplicationHelper: Fail to get PackageManager
06-13 14:17:23.600565  1477  1506 E ApplicationHelper: Fail to get PackageManager
06-13 14:17:23.600615  1477  1506 E ApplicationHelper: Fail to get PackageManager
06-13 14:17:23.610460  1477  1799 D MSyncForWMS: setFrameRate: 0.0
06-13 14:17:23.697039  1477  1509 D WindowManager: setParent old=ActivityRecord{b618c30 u0 com.google.android.dialer/.extensions.GoogleDialtactsActivity t61},new=null,this window=Window{d867e65 u0 Splash Screen com.google.android.dialer},callers=com.android.server.wm.WindowContainer.removeChild:761 com.android.server.wm.ActivityRecord.removeChild:4488 com.android.server.wm.ActivityRecord.removeChild:409 com.android.server.wm.WindowContainer.removeImmediately:819 com.android.server.wm.WindowState.removeImmediately:2386 com.android.server.wm.WindowState.destroySurface:3379 
06-13 14:17:24.608533  1477  1506 E ApplicationHelper: Fail to get PackageManager
06-13 14:17:24.976390  1477  6449 D CoreBackPreview: Window{6693c29 u0 com.google.android.dialer/com.google.android.dialer.extensions.GoogleDialtactsActivity}: Setting back callback OnBackInvokedCallbackInfo{mCallback=android.window.IOnBackInvokedCallback$Stub$Proxy@bc5c49, mPriority=0, mIsAnimationCallback=true}
06-13 14:17:25.046194  1477  2864 E TaskPersister: File error accessing recents directory (directory doesn't exist?).
06-13 14:17:26.812466  1477  2909 D PriAmsExtImpl: SECRET_CODE 8803
06-13 14:17:26.817947  1477  1506 E ApplicationHelper: Fail to get PackageManager
06-13 14:17:26.818491 13557 13557 W ContextImpl: Calling a method in the system process without a qualified user: android.app.ContextImpl.startActivity:1107 android.content.ContextWrapper.startActivity:436 com.pri.factorytest.secretcode.EngineerModeHostHandle.doSecretHostHandle:25 com.pri.factorytest.GoogleDialerReceiver.onReceive:75 android.app.ActivityThread.handleReceiver:4494 
06-13 14:17:26.818648 13557 13557 W ContextImpl: Calling a method in the system process without a qualified user: android.app.ContextImpl.startActivity:1119 android.app.ContextImpl.startActivity:1108 android.content.ContextWrapper.startActivity:436 com.pri.factorytest.secretcode.EngineerModeHostHandle.doSecretHostHandle:25 com.pri.factorytest.GoogleDialerReceiver.onReceive:75 
06-13 14:17:26.820798  1477  2909 D ActivityTaskManager: Starting activity: rInfo=ResolveInfo{577e11f com.mediatek.engineermode/.EngineerMode m=0x0 userHandle=UserHandle{0}}, intent=Intent { flg=0x10000000 cmp=com.mediatek.engineermode/.EngineerMode }, userId=0, realCallingPid=13557
06-13 14:17:26.820924  1477  2909 D PriAppLock_Starter: DWExchange srcintent: Intent { flg=0x10000000 cmp=com.mediatek.engineermode/.EngineerMode }, caller: android.app.IApplicationThread$Stub$Proxy@79c7c6c, resultTo:null, resultWho:null, requestCode:-1, callingPid:-1, callingUid:-1, callingPackage:com.pri.factorytest, realCallingPid:13557, realCallingUid:1000, flag:10000000, aInfo:ActivityInfo{3121235 com.mediatek.engineermode.EngineerMode}, rInfo:ResolveInfo{577e11f com.mediatek.engineermode/.EngineerMode m=0x0 userHandle=UserHandle{0}}, reason:startActivityAsUser, inTask:null
06-13 14:17:26.821090  1477  2909 D PriAppLock_Starter: DWExchange callerProcess:ProcessRecord{8a0e2aa 13557:com.pri.factorytest/1000}, bindercallingpid:-1
06-13 14:17:26.821130  1477  2909 D PriAppLock_Starter: DWExchange isblockapp(db) : false
06-13 14:17:26.821168  1477  2909 D PriAppLock_Starter: DWExchange2 caller :android.app.IApplicationThread$Stub$Proxy@79c7c6c, requestCode: -1, fromsource:0, isblockapp:false, intent=Intent { flg=0x10000000 cmp=com.mediatek.engineermode/.EngineerMode }, resultTo=null
06-13 14:17:26.822623  1477  2909 D CompatibilityChangeReporter: Compat change id reported: 265464455; UID 10177; state: DISABLED
06-13 14:17:26.822864  1477  2909 D CompatibilityChangeReporter: Compat change id reported: 265452344; UID 10177; state: DISABLED
06-13 14:17:26.823053  1477  2909 D CompatibilityChangeReporter: Compat change id reported: 266124927; UID 10177; state: DISABLED
06-13 14:17:26.823217  1477  2909 D CompatibilityChangeReporter: Compat change id reported: 265451093; UID 10177; state: DISABLED
06-13 14:17:26.823388  1477  2909 D CompatibilityChangeReporter: Compat change id reported: 265456536; UID 10177; state: DISABLED
06-13 14:17:26.823540  1477  2909 D CompatibilityChangeReporter: Compat change id reported: 255940284; UID 10177; state: DISABLED
06-13 14:17:26.824082  1477  1506 E ApplicationHelper: Fail to get PackageManager
06-13 14:17:26.824188  1477  2909 D CompatibilityChangeReporter: Compat change id reported: 236283604; UID 10177; state: DISABLED
06-13 14:17:26.824684  1477  1506 E ApplicationHelper: Fail to get PackageManager
06-13 14:17:26.824724  1477  2909 D CompatibilityChangeReporter: Compat change id reported: 263959004; UID 10177; state: DISABLED
06-13 14:17:26.824962  1477  2909 D CompatibilityChangeReporter: Compat change id reported: 264304459; UID 10177; state: DISABLED
06-13 14:17:26.825179  1477  2909 D CompatibilityChangeReporter: Compat change id reported: 264301586; UID 10177; state: DISABLED
06-13 14:17:26.825371  1477  2909 D CompatibilityChangeReporter: Compat change id reported: 254631730; UID 10177; state: DISABLED
06-13 14:17:26.825578  1477  2909 D CompatibilityChangeReporter: Compat change id reported: 273509367; UID 10177; state: DISABLED
06-13 14:17:26.825726  1477  2909 D CompatibilityChangeReporter: Compat change id reported: 263259275; UID 10177; state: DISABLED
06-13 14:17:26.825943  1477  2909 D CompatibilityChangeReporter: Compat change id reported: 174042980; UID 10177; state: DISABLED
06-13 14:17:26.826107  1477  2909 D CompatibilityChangeReporter: Compat change id reported: 174042936; UID 10177; state: DISABLED
06-13 14:17:26.826285  1477  2909 D CompatibilityChangeReporter: Compat change id reported: 181136395; UID 10177; state: DISABLED
06-13 14:17:26.828144  1477  2909 D CompatibilityChangeReporter: Compat change id reported: 194480991; UID 10177; state: ENABLED
06-13 14:17:26.833121  1477  2909 D CompatibilityChangeReporter: Compat change id reported: 184838306; UID 10177; state: DISABLED
06-13 14:17:26.833320  1477  2909 D CompatibilityChangeReporter: Compat change id reported: 185004937; UID 10177; state: DISABLED
06-13 14:17:26.836483  1477  2909 D CompatibilityChangeReporter: Compat change id reported: 205907456; UID 10177; state: ENABLED
06-13 14:17:26.838423  1477  1477 D MBrainLocalService: isVendorFreezeConditionPass is false
06-13 14:17:26.838438  1477  1477 E MBrainLocalService: notifyAppSwitch failed
06-13 14:17:26.840447  1477  2909 I ActivityTaskManager: START u0 {flg=0x10000000 cmp=com.mediatek.engineermode/.EngineerMode} with LAUNCH_MULTIPLE from uid 1000 (BAL_ALLOW_ALLOWLISTED_UID) result code=0
06-13 14:17:26.846237  1477  1508 D CompatibilityChangeReporter: Compat change id reported: 135634846; UID 10177; state: DISABLED
06-13 14:17:26.846752  1477  1508 D CompatibilityChangeReporter: Compat change id reported: 177438394; UID 10177; state: DISABLED
06-13 14:17:26.846966  1477  1508 D CompatibilityChangeReporter: Compat change id reported: 135772972; UID 10177; state: DISABLED
06-13 14:17:26.847208  1477  1508 D CompatibilityChangeReporter: Compat change id reported: 135754954; UID 10177; state: ENABLED
06-13 14:17:26.847944  1477  1506 E ApplicationHelper: Fail to get PackageManager
06-13 14:17:26.847987  1477  1519 D CompatibilityChangeReporter: Compat change id reported: 143937733; UID 10177; state: ENABLED
06-13 14:17:26.850627  1477  1506 E ApplicationHelper: Fail to get PackageManager
06-13 14:17:26.850975  1477  1682 D PriStartDexopt: check need dexopt com.mediatek.engineermode reason:5,status:8,abi is arm64-v8a
06-13 14:17:26.852030  1723  1757 V WindowManagerShell: Transition requested: android.os.BinderProxy@b240634 TransitionRequestInfo { type = OPEN, triggerTask = TaskInfo{userId=0 taskId=62 displayId=0 isRunning=true baseIntent=Intent { flg=0x10000000 cmp=com.mediatek.engineermode/.EngineerMode } baseActivity=ComponentInfo{com.mediatek.engineermode/com.mediatek.engineermode.EngineerMode} topActivity=ComponentInfo{com.mediatek.engineermode/com.mediatek.engineermode.EngineerMode} origActivity=null realActivity=ComponentInfo{com.mediatek.engineermode/com.mediatek.engineermode.EngineerMode} numActivities=1 lastActiveTime=306250092 supportsMultiWindow=false resizeMode=0 isResizeable=false minWidth=-1 minHeight=-1 defaultMinSize=220 token=WCT{android.window.IWindowContainerToken$Stub$Proxy@872ac5d} topActivityType=1 pictureInPictureParams=null shouldDockBigOverlays=false launchIntoPipHostTaskId=-1 lastParentTaskIdBeforePip=-1 displayCutoutSafeInsets=Rect(0, 106 - 0, 0) topActivityInfo=ActivityInfo{645e9d2 com.mediatek.engineermode.EngineerMode} launchCookies=[] positionInParent=Point(0, 0) parentTaskId=-1 isFocused=false isVisible=false isVisibleRequested=false isSleeping=false topActivityInSizeCompat=false topActivityEligibleForLetterboxEducation= false topActivityLetterboxed= false isFromDoubleTap= false topActivityLetterboxVerticalPosition= -1 topActivityLetterboxHorizontalPosition= -1 topActivityLetterboxWidth=-1 topActivityLetterboxHeight=-1 locusId=null displayAreaFeatureId=1 cameraCompatControlState=hidden}, remoteTransition = null, displayChange = null }
06-13 14:17:26.854511  1477  1560 D CompatibilityChangeReporter: Compat change id reported: 168419799; UID 10177; state: DISABLED
06-13 14:17:26.854673  1477  1560 D CompatibilityChangeReporter: Compat change id reported: 273564678; UID 10177; state: DISABLED
06-13 14:17:26.863698  1477  1519 I ActivityManager: Start proc 15070:com.mediatek.engineermode/u0a177 for next-top-activity {com.mediatek.engineermode/com.mediatek.engineermode.EngineerMode}
06-13 14:17:26.873375  1477  6449 D CoreBackPreview: Window{f78d570 u0 Splash Screen com.mediatek.engineermode}: Setting back callback OnBackInvokedCallbackInfo{mCallback=android.window.IOnBackInvokedCallback$Stub$Proxy@96cde2b, mPriority=0, mIsAnimationCallback=false}
06-13 14:17:26.893658  1477  1799 D MSyncForWMS: setFrameRate: 0.0
06-13 14:17:26.900398  1477  2909 W WindowManager: finishDrawingWindow: Window{f78d570 u0 Splash Screen com.mediatek.engineermode} mDrawState=DRAW_PENDING
06-13 14:17:26.906906  1477  1506 E ApplicationHelper: Fail to get PackageManager
06-13 14:17:26.907528  1477  1570 D CompatibilityChangeReporter: Compat change id reported: 265195908; UID 10177; state: ENABLED
06-13 14:17:26.907571  1477  1506 E ApplicationHelper: Fail to get PackageManager
06-13 14:17:26.907593  1477  1506 E ApplicationHelper: Fail to get PackageManager
06-13 14:17:26.907604  1477  1506 E ApplicationHelper: Fail to get PackageManager
06-13 14:17:26.907615  1477  1506 E ApplicationHelper: Fail to get PackageManager
06-13 14:17:26.907623  1477  1506 E ApplicationHelper: Fail to get PackageManager
06-13 14:17:26.907633  1477  1506 E ApplicationHelper: Fail to get PackageManager
06-13 14:17:26.907642  1477  1506 E ApplicationHelper: Fail to get PackageManager
06-13 14:17:26.907651  1477  1506 E ApplicationHelper: Fail to get PackageManager
06-13 14:17:26.912946  1477  1506 E MBrainLocalService: MBrainJava launch failed: SecurityException
06-13 14:17:26.913036  1477  1506 E ApplicationHelper: Fail to get PackageManager
06-13 14:17:26.913055  1477  1506 E ApplicationHelper: Fail to get PackageManager
06-13 14:17:26.915472  1477  1509 W WindowManager: real show surface:Surface(name=Splash Screen com.mediatek.engineermode)/@0x7652659
06-13 14:17:26.918585  1477  1799 I Telecom : MissedCallNotifierImpl: sendNotificationThroughDefaultDialer; count=0, dialerPackage=com.google.android.dialer: TSI.cMCN(cgad)@CXI
06-13 14:17:26.922116  1477  1506 E ApplicationHelper: Fail to get PackageManager
06-13 14:17:26.922177  1477  1506 E ApplicationHelper: Fail to get PackageManager
06-13 14:17:26.922190  1477  1506 E ApplicationHelper: Fail to get PackageManager
06-13 14:17:26.922200  1477  1506 E ApplicationHelper: Fail to get PackageManager
06-13 14:17:26.928370  1477  1506 E ApplicationHelper: Fail to get PackageManager
06-13 14:17:26.928437  1477  1506 E ApplicationHelper: Fail to get PackageManager
06-13 14:17:26.928537  1477  1560 V ActivityManager: New death recipient com.android.server.am.ActivityManagerService$AppDeathRecipient@6a6d6f6 for thread android.os.BinderProxy@2ccaaf7
06-13 14:17:26.930817  1477  1506 E MBrainLocalService: MBrainJava launch failed: SecurityException
06-13 14:17:26.930980  1477  1506 E ApplicationHelper: Fail to get PackageManager
06-13 14:17:26.931009  1477  1506 E ApplicationHelper: Fail to get PackageManager
06-13 14:17:26.937952  1477  1505 V WindowManager: Sent Transition #251 createdAt=06-13 14:17:26.828 via request=TransitionRequestInfo { type = OPEN, triggerTask = TaskInfo{userId=0 taskId=62 displayId=0 isRunning=true baseIntent=Intent { flg=0x10000000 cmp=com.mediatek.engineermode/.EngineerMode } baseActivity=ComponentInfo{com.mediatek.engineermode/com.mediatek.engineermode.EngineerMode} topActivity=ComponentInfo{com.mediatek.engineermode/com.mediatek.engineermode.EngineerMode} origActivity=null realActivity=ComponentInfo{com.mediatek.engineermode/com.mediatek.engineermode.EngineerMode} numActivities=1 lastActiveTime=306250092 supportsMultiWindow=false resizeMode=0 isResizeable=false minWidth=-1 minHeight=-1 defaultMinSize=220 token=WCT{RemoteToken{a3dcece Task{5e7ed04 #62 type=standard A=10177:com.mediatek.engineermode}}} topActivityType=1 pictureInPictureParams=null shouldDockBigOverlays=false launchIntoPipHostTaskId=-1 lastParentTaskIdBeforePip=-1 displayCutoutSafeInsets=Rect(0, 106 - 0, 0) topActivityInfo=ActivityInfo{3121235 com.mediatek.engineermode.EngineerMode} launchCookies=[] positionInParent=Point(0, 0) parentTaskId=-1 isFocused=false isVisible=false isVisibleRequested=false isSleeping=false topActivityInSizeCompat=false topActivityEligibleForLetterboxEducation= false topActivityLetterboxed= false isFromDoubleTap= false topActivityLetterboxVerticalPosition= -1 topActivityLetterboxHorizontalPosition= -1 topActivityLetterboxWidth=-1 topActivityLetterboxHeight=-1 locusId=null displayAreaFeatureId=1 cameraCompatControlState=hidden}, remoteTransition = null, displayChange = null }
06-13 14:17:26.938023  1477  1505 V WindowManager:     startWCT=WindowContainerTransaction { changes = {} hops = [] errorCallbackToken=null taskFragmentOrganizer=null }
06-13 14:17:26.938234  1477  1505 V WindowManager:     info={id=251 t=OPEN f=0x0 trk=0 r=[0@Point(0, 0)] c=[{WCT{RemoteToken{a3dcece Task{5e7ed04 #62 type=standard A=10177:com.mediatek.engineermode}}} m=OPEN f=NONE leash=Surface(name=Task=62)/@0x9e16c82 sb=Rect(0, 0 - 1080, 2460) eb=Rect(0, 0 - 1080, 2460) d=0},{WCT{RemoteToken{a390392 Task{e5f80a9 #61 type=standard A=10125:com.google.android.dialer}}} m=TO_BACK f=NONE leash=Surface(name=Task=61)/@0xcb05fc7 sb=Rect(0, 0 - 1080, 2460) eb=Rect(0, 0 - 1080, 2460) d=0}]}
06-13 14:17:26.938634  1723  1757 V WindowManagerShell: onTransitionReady android.os.BinderProxy@b240634: {id=251 t=OPEN f=0x0 trk=0 r=[0@Point(0, 0)] c=[{WCT{android.window.IWindowContainerToken$Stub$Proxy@fef6464} m=OPEN f=NONE leash=Surface(name=Task=62)/@0x6783291 sb=Rect(0, 0 - 1080, 2460) eb=Rect(0, 0 - 1080, 2460) d=0},{WCT{android.window.IWindowContainerToken$Stub$Proxy@2dc66cd} m=TO_BACK f=NONE leash=Surface(name=Task=61)/@0xdbbe5f6 sb=Rect(0, 0 - 1080, 2460) eb=Rect(0, 0 - 1080, 2460) d=0}]}
06-13 14:17:26.939046  1723  1757 V WindowManagerShell: Playing animation for (#251)android.os.BinderProxy@b240634@0
06-13 14:17:26.939153  1723  1757 V WindowManagerShell:  try handler com.android.wm.shell.transition.DefaultMixedHandler@ae56cbd
06-13 14:17:26.939180  1723  1757 V WindowManagerShell:  try handler com.android.wm.shell.keyguard.KeyguardTransitionHandler@ce8a6d9
06-13 14:17:26.939235  1723  1757 V WindowManagerShell:  try handler com.android.wm.shell.activityembedding.ActivityEmbeddingController@6bb589e
06-13 14:17:26.939267  1723  1757 V WindowManagerShell:  try handler com.android.wm.shell.recents.RecentsTransitionHandler@af90f7f
06-13 14:17:26.939299  1723  1757 V ShellRecents: RecentsTransitionHandler.startAnimation: no controller found
06-13 14:17:26.939324  1723  1757 V WindowManagerShell:  try handler com.android.wm.shell.pip.PipTransition@9fe7b4c
06-13 14:17:26.939365  1723  1757 V WindowManagerShell:  try handler com.android.wm.shell.splitscreen.StageCoordinator@3b3d795
06-13 14:17:26.939411  1723  1757 V WindowManagerShell:  try handler com.android.wm.shell.transition.RemoteTransitionHandler@18060aa
06-13 14:17:26.939543  1723  1757 V WindowManagerShell: Transition doesn't have explicit remote, search filters for match for {id=251 t=OPEN f=0x0 trk=0 r=[0@Point(0, 0)] c=[{WCT{android.window.IWindowContainerToken$Stub$Proxy@fef6464} m=OPEN f=NONE leash=Surface(name=Task=62)/@0x6783291 sb=Rect(0, 0 - 1080, 2460) eb=Rect(0, 0 - 1080, 2460) d=0},{WCT{android.window.IWindowContainerToken$Stub$Proxy@2dc66cd} m=TO_BACK f=NONE leash=Surface(name=Task=61)/@0xdbbe5f6 sb=Rect(0, 0 - 1080, 2460) eb=Rect(0, 0 - 1080, 2460) d=0}]}
06-13 14:17:26.939721  1723  1757 V WindowManagerShell:  Checking filter Pair{{types=[] flags=0x0] notFlags=0x100 checks=[{atype=home independent=true modes=[OPEN,TO_FRONT] flags=NONE mustBeTask=false order=TOP topActivity=ComponentInfo{com.android.launcher3/com.android.searchlauncher.SearchLauncher}},{atype=standard independent=true modes=[CLOSE,TO_BACK] flags=NONE mustBeTask=false order=ANY topActivity=null}]} RemoteTransition { remoteTransition = android.window.IRemoteTransition$Stub$Proxy@a8c0e19, appThread = android.app.IApplicationThread$Stub$Proxy@a43cede, debugName = QuickstepLaunchHome }}
06-13 14:17:26.940239  1723  1757 V WindowManagerShell:  Delegate animation for #251 to null
06-13 14:17:26.940276  1723  1757 V WindowManagerShell:  try handler com.android.wm.shell.transition.DefaultTransitionHandler@c75811
06-13 14:17:26.940400  1723  1757 V WindowManagerShell: start default transition animation, info = {id=251 t=OPEN f=0x0 trk=0 r=[0@Point(0, 0)] c=[{WCT{android.window.IWindowContainerToken$Stub$Proxy@fef6464} m=OPEN f=NONE leash=Surface(name=Task=62)/@0x6783291 sb=Rect(0, 0 - 1080, 2460) eb=Rect(0, 0 - 1080, 2460) d=0},{WCT{android.window.IWindowContainerToken$Stub$Proxy@2dc66cd} m=TO_BACK f=NONE leash=Surface(name=Task=61)/@0xdbbe5f6 sb=Rect(0, 0 - 1080, 2460) eb=Rect(0, 0 - 1080, 2460) d=0}]}
06-13 14:17:26.941846  1723  1757 V WindowManagerShell: loadAnimation: anim=android.view.animation.AnimationSet@a7062d0 animAttr=0x9 type=OPEN isEntrance=false
06-13 14:17:26.943404  1723  1757 V WindowManagerShell: loadAnimation: anim=android.view.animation.AnimationSet@9ac4ef animAttr=0x8 type=OPEN isEntrance=true
06-13 14:17:26.945948  1477  1560 W WindowManager: Changing focus from Window{6693c29 u0 com.google.android.dialer/com.google.android.dialer.extensions.GoogleDialtactsActivity} to null displayId=0 Callers=com.android.server.wm.RootWindowContainer.updateFocusedWindowLocked:455 com.android.server.wm.WindowManagerService.updateFocusedWindowLocked:6247 com.android.server.wm.ActivityTaskManagerService.setLastResumedActivityUncheckLocked:4919 com.android.server.wm.ActivityTaskSupervisor.updateTopResumedActivityIfNeeded:2468 
06-13 14:17:26.949058  1723  1757 V WindowManagerShell:  animated by com.android.wm.shell.transition.DefaultTransitionHandler@c75811
06-13 14:17:26.951876  1477  1477 D MBrainLocalService: isVendorFreezeConditionPass is false
06-13 14:17:26.951903  1477  1477 E MBrainLocalService: notifyAppSwitch failed
06-13 14:17:26.961175  1477  1560 D CompatibilityChangeReporter: Compat change id reported: 170503758; UID 10177; state: ENABLED
06-13 14:17:26.963372  1477  1506 E ApplicationHelper: Fail to get PackageManager
06-13 14:17:26.963424  1477  1506 E ApplicationHelper: Fail to get PackageManager
06-13 14:17:26.966204  1477  1506 E MBrainLocalService: MBrainJava launch failed: SecurityException
06-13 14:17:26.966327  1477  1506 E ApplicationHelper: Fail to get PackageManager
06-13 14:17:26.966350  1477  1506 E ApplicationHelper: Fail to get PackageManager
06-13 14:17:26.968994  1477  1506 E ApplicationHelper: Fail to get PackageManager
06-13 14:17:26.970318  1477  1506 E MBrainLocalService: MBrainJava launch failed: SecurityException
06-13 14:17:26.974764  1477  1506 E ApplicationHelper: Fail to get PackageManager
06-13 14:17:27.005853  1477  1506 E ApplicationHelper: Fail to get PackageManager
06-13 14:17:27.011475 15070 15070 D MbrainDebugManagerImpl: getService failed
06-13 14:17:27.016558  1477  1506 E ApplicationHelper: Fail to get PackageManager
06-13 14:17:27.018088  1477  2909 I ActivityManager: Flag disabled. Ignoring finishAttachApplication from uid: 10177. pid: 15070
06-13 14:17:27.202445  1477  1799 D CoreBackPreview: Window{33aba7 u0 com.mediatek.engineermode/com.mediatek.engineermode.EngineerMode}: Setting back callback OnBackInvokedCallbackInfo{mCallback=android.window.IOnBackInvokedCallback$Stub$Proxy@3e55b43, mPriority=0, mIsAnimationCallback=false}
06-13 14:17:27.222048  1723  1757 V WindowManagerShell: Transition animation finished (aborted=false), notifying core (#251)android.os.BinderProxy@b240634@0
06-13 14:17:27.224026  1477  1505 V WindowManager: Finish Transition #251: created at 06-13 14:17:26.828 collect-started=0.081ms request-sent=11.162ms started=23.963ms ready=78.1ms sent=105.55ms finished=394.894ms
06-13 14:17:27.225963  1723  1757 V WindowManagerShell: Track 0 became idle
06-13 14:17:27.226051  1723  1757 V WindowManagerShell: All active transition animations finished
06-13 14:17:27.228122  1477  1509 D MSyncForWMS: setFrameRate: 2060.0
06-13 14:17:27.268053  1477  2909 D MSyncForWMS: setFrameRate: 2060.0
06-13 14:17:27.269483  1477  2909 W WindowManager: Changing focus from null to Window{33aba7 u0 com.mediatek.engineermode/com.mediatek.engineermode.EngineerMode} displayId=0 Callers=com.android.server.wm.RootWindowContainer.updateFocusedWindowLocked:455 com.android.server.wm.WindowManagerService.updateFocusedWindowLocked:6247 com.android.server.wm.WindowManagerService.relayoutWindow:2533 com.android.server.wm.Session.relayout:259 
06-13 14:17:27.273556  1477  2909 I WindowManager: Relayout Window{33aba7 u0 com.mediatek.engineermode/com.mediatek.engineermode.EngineerMode}: oldVis=4 newVis=0 focusMayChange = true requestedWidth = 1080 requestedHeight = 2460 outFrames = ClientWindowFrames{frame=[0,0][1080,2460] display=[0,0][1080,2460] parentFrame=[0,0][0,0]} outSurfaceControl = Surface(name=com.mediatek.engineermode/com.mediatek.engineermode.EngineerMode)/@0x66ee831
06-13 14:17:27.346325  1477  1799 W WindowManager: finishDrawingWindow: Window{33aba7 u0 com.mediatek.engineermode/com.mediatek.engineermode.EngineerMode} mDrawState=DRAW_PENDING
06-13 14:17:27.351406  1477  1509 W WindowManager: real show surface:Surface(name=com.mediatek.engineermode/com.mediatek.engineermode.EngineerMode)/@0x936b2a2
06-13 14:17:27.380028  1477  1477 W AccessibilityManagerService:  wait for adding window timeout: 113
06-13 14:17:27.398036  1477  1799 D CompatibilityChangeReporter: Compat change id reported: 214016041; UID 10177; state: ENABLED
06-13 14:17:27.411674  1477  1506 E ApplicationHelper: Fail to get PackageManager
06-13 14:17:27.413232  1477  1506 E ApplicationHelper: Fail to get PackageManager
06-13 14:17:27.414381  1477  1506 E MBrainLocalService: MBrainJava launch failed: SecurityException
06-13 14:17:27.414416  1477  1506 E ApplicationHelper: Fail to get PackageManager
06-13 14:17:27.414427  1477  1506 E ApplicationHelper: Fail to get PackageManager
06-13 14:17:27.414437  1477  1506 E ApplicationHelper: Fail to get PackageManager
06-13 14:17:27.414445  1477  1506 E ApplicationHelper: Fail to get PackageManager
06-13 14:17:27.414453  1477  1506 E ApplicationHelper: Fail to get PackageManager
06-13 14:17:27.414465  1477  1506 E ApplicationHelper: Fail to get PackageManager
06-13 14:17:27.421052  1477  2909 W PackageConfigPersister: App-specific configuration not found for packageName: com.mediatek.engineermode and userId: 0
06-13 14:17:27.462132  1477  1506 E ApplicationHelper: Fail to get PackageManager
06-13 14:17:27.462164  1477  1506 E ApplicationHelper: Fail to get PackageManager
06-13 14:17:27.462173  1477  1506 E ApplicationHelper: Fail to get PackageManager
06-13 14:17:27.462180  1477  1506 E ApplicationHelper: Fail to get PackageManager
06-13 14:17:27.535984  1477  1506 E ApplicationHelper: Fail to get PackageManager
06-13 14:17:27.542341  1477  1560 D MSyncForWMS: setFrameRate: 0.0
06-13 14:17:27.545674  1477  1560 D CoreBackPreview: Window{f78d570 u0 Splash Screen com.mediatek.engineermode EXITING}: Setting back callback null
06-13 14:17:27.623306  1477  1509 D WindowManager: setParent old=ActivityRecord{76ed517 u0 com.mediatek.engineermode/.EngineerMode t62},new=null,this window=Window{f78d570 u0 Splash Screen com.mediatek.engineermode},callers=com.android.server.wm.WindowContainer.removeChild:761 com.android.server.wm.ActivityRecord.removeChild:4488 com.android.server.wm.ActivityRecord.removeChild:409 com.android.server.wm.WindowContainer.removeImmediately:819 com.android.server.wm.WindowState.removeImmediately:2386 com.android.server.wm.WindowState.destroySurface:3379 
06-13 14:17:27.664396  1477  1506 E ApplicationHelper: Fail to get PackageManager
06-13 14:17:28.459584  1477  1506 E ApplicationHelper: Fail to get PackageManager
06-13 14:17:28.459701  1477  1506 E ApplicationHelper: Fail to get PackageManager
06-13 14:17:29.843981  1477  2864 E TaskPersister: File error accessing recents directory (directory doesn't exist?).
06-13 14:17:30.272943  1723  2157 D PowerUI : can't show warning due to - plugged: true status unknown: false
06-13 14:17:30.397869  1477  1506 E ApplicationHelper: Fail to get PackageManager
06-13 14:17:30.399215  1477  1506 E ApplicationHelper: Fail to get PackageManager
06-13 14:17:30.399244  1477  1506 E ApplicationHelper: Fail to get PackageManager
06-13 14:17:31.684236  1477  1560 D ActivityTaskManager: Starting activity: rInfo=ResolveInfo{8b86277 com.debug.loggerui/.MainActivity m=0x0 userHandle=UserHandle{0}}, intent=Intent { act=android.intent.action.MAIN cmp=com.debug.loggerui/.MainActivity }, userId=0, realCallingPid=15070
06-13 14:17:31.684372  1477  1560 D PriAppLock_Starter: DWExchange srcintent: Intent { act=android.intent.action.MAIN cmp=com.debug.loggerui/.MainActivity }, caller: android.app.IApplicationThread$Stub$Proxy@38c5ee4, resultTo:Token{30f52ed ActivityRecord{76ed517 u0 com.mediatek.engineermode/.EngineerMode t62}}, resultWho:null, requestCode:-1, callingPid:-1, callingUid:-1, callingPackage:com.mediatek.engineermode, realCallingPid:15070, realCallingUid:10177, flag:0, aInfo:ActivityInfo{60f4d com.debug.loggerui.MainActivity}, rInfo:ResolveInfo{8b86277 com.debug.loggerui/.MainActivity m=0x0 userHandle=UserHandle{0}}, reason:startActivityAsUser, inTask:null
06-13 14:17:31.684440  1477  1560 D PriAppLock_Starter: DWExchange callerProcess:ProcessRecord{918b522 15070:com.mediatek.engineermode/u0a177}, bindercallingpid:-1
06-13 14:17:31.684457  1477  1560 D PriAppLock_Starter: DWExchange isblockapp(db) : false
06-13 14:17:31.684510  1477  1560 D PriAppLock_Starter: DWExchange2 caller :android.app.IApplicationThread$Stub$Proxy@38c5ee4, requestCode: -1, fromsource:0, isblockapp:false, intent=Intent { act=android.intent.action.MAIN cmp=com.debug.loggerui/.MainActivity }, resultTo=Token{30f52ed ActivityRecord{76ed517 u0 com.mediatek.engineermode/.EngineerMode t62}}
06-13 14:17:31.696138  1477  1477 D MBrainLocalService: isVendorFreezeConditionPass is false
06-13 14:17:31.696160  1477  1477 E MBrainLocalService: notifyAppSwitch failed
06-13 14:17:31.698078  1477  1560 I ActivityTaskManager: START u0 {act=android.intent.action.MAIN cmp=com.debug.loggerui/.MainActivity} with LAUNCH_SINGLE_TASK from uid 10177 (BAL_ALLOW_VISIBLE_WINDOW) result code=0
06-13 14:17:31.698929  1477  1506 E ApplicationHelper: Fail to get PackageManager
06-13 14:17:31.700207  1723  1757 V WindowManagerShell: Transition requested: android.os.BinderProxy@c4378b6 TransitionRequestInfo { type = OPEN, triggerTask = TaskInfo{userId=0 taskId=63 displayId=0 isRunning=true baseIntent=Intent { act=android.intent.action.MAIN flg=0x10000000 cmp=com.debug.loggerui/.MainActivity } baseActivity=ComponentInfo{com.debug.loggerui/com.debug.loggerui.MainActivity} topActivity=ComponentInfo{com.debug.loggerui/com.debug.loggerui.MainActivity} origActivity=null realActivity=ComponentInfo{com.debug.loggerui/com.debug.loggerui.MainActivity} numActivities=1 lastActiveTime=306254949 supportsMultiWindow=true resizeMode=1 isResizeable=true minWidth=-1 minHeight=-1 defaultMinSize=220 token=WCT{android.window.IWindowContainerToken$Stub$Proxy@a4609b7} topActivityType=1 pictureInPictureParams=null shouldDockBigOverlays=false launchIntoPipHostTaskId=-1 lastParentTaskIdBeforePip=-1 displayCutoutSafeInsets=Rect(0, 106 - 0, 0) topActivityInfo=ActivityInfo{1521524 com.debug.loggerui.MainActivity} launchCookies=[] positionInParent=Point(0, 0) parentTaskId=-1 isFocused=false isVisible=false isVisibleRequested=false isSleeping=false topActivityInSizeCompat=false topActivityEligibleForLetterboxEducation= false topActivityLetterboxed= false isFromDoubleTap= false topActivityLetterboxVerticalPosition= -1 topActivityLetterboxHorizontalPosition= -1 topActivityLetterboxWidth=-1 topActivityLetterboxHeight=-1 locusId=null displayAreaFeatureId=1 cameraCompatControlState=hidden}, remoteTransition = null, displayChange = null }
06-13 14:17:31.708995  1477  1799 W WindowManager: Changing focus from Window{33aba7 u0 com.mediatek.engineermode/com.mediatek.engineermode.EngineerMode} to null displayId=0 Callers=com.android.server.wm.RootWindowContainer.updateFocusedWindowLocked:455 com.android.server.wm.WindowManagerService.updateFocusedWindowLocked:6247 com.android.server.wm.ActivityTaskManagerService.setLastResumedActivityUncheckLocked:4919 com.android.server.wm.ActivityTaskSupervisor.updateTopResumedActivityIfNeeded:2468 
06-13 14:17:31.711348  1477  1477 D MBrainLocalService: isVendorFreezeConditionPass is false
06-13 14:17:31.711367  1477  1477 E MBrainLocalService: notifyAppSwitch failed
06-13 14:17:31.713582  1477  1799 D MSyncForWMS: setFrameRate: 0.0
06-13 14:17:31.720729  1477  1506 E ApplicationHelper: Fail to get PackageManager
06-13 14:17:31.722269  1477  1506 E MBrainLocalService: MBrainJava launch failed: SecurityException
06-13 14:17:31.724981  1477  1560 D CoreBackPreview: Window{fb2a67c u0 Splash Screen com.debug.loggerui}: Setting back callback OnBackInvokedCallbackInfo{mCallback=android.window.IOnBackInvokedCallback$Stub$Proxy@c1ae68, mPriority=0, mIsAnimationCallback=false}
06-13 14:17:31.725314  1477  1506 E ApplicationHelper: Fail to get PackageManager
06-13 14:17:31.727920  1477  1506 E MBrainLocalService: MBrainJava launch failed: SecurityException
06-13 14:17:31.727992  1477  1506 E ApplicationHelper: Fail to get PackageManager
06-13 14:17:31.729162  1477  1506 E MBrainLocalService: MBrainJava launch failed: SecurityException
06-13 14:17:31.729244  1477  1506 E ApplicationHelper: Fail to get PackageManager
06-13 14:17:31.729264  1477  1506 E ApplicationHelper: Fail to get PackageManager
06-13 14:17:31.729275  1477  1506 E ApplicationHelper: Fail to get PackageManager
06-13 14:17:31.729286  1477  1506 E ApplicationHelper: Fail to get PackageManager
06-13 14:17:31.729295  1477  1506 E ApplicationHelper: Fail to get PackageManager
06-13 14:17:31.729305  1477  1506 E ApplicationHelper: Fail to get PackageManager
06-13 14:17:31.741477  1477  2909 W WindowManager: finishDrawingWindow: Window{fb2a67c u0 Splash Screen com.debug.loggerui} mDrawState=DRAW_PENDING
06-13 14:17:31.743893  1477  1509 W WindowManager: real show surface:Surface(name=Splash Screen com.debug.loggerui)/@0x20b2281
06-13 14:17:31.760539  1477  1505 V WindowManager: Sent Transition #252 createdAt=06-13 14:17:31.687 via request=TransitionRequestInfo { type = OPEN, triggerTask = TaskInfo{userId=0 taskId=63 displayId=0 isRunning=true baseIntent=Intent { act=android.intent.action.MAIN flg=0x10000000 cmp=com.debug.loggerui/.MainActivity } baseActivity=ComponentInfo{com.debug.loggerui/com.debug.loggerui.MainActivity} topActivity=ComponentInfo{com.debug.loggerui/com.debug.loggerui.MainActivity} origActivity=null realActivity=ComponentInfo{com.debug.loggerui/com.debug.loggerui.MainActivity} numActivities=1 lastActiveTime=306254949 supportsMultiWindow=true resizeMode=1 isResizeable=true minWidth=-1 minHeight=-1 defaultMinSize=220 token=WCT{RemoteToken{1eafcfe Task{a315349 #63 type=standard A=10174:com.debug.loggerui}}} topActivityType=1 pictureInPictureParams=null shouldDockBigOverlays=false launchIntoPipHostTaskId=-1 lastParentTaskIdBeforePip=-1 displayCutoutSafeInsets=Rect(0, 106 - 0, 0) topActivityInfo=ActivityInfo{60f4d com.debug.loggerui.MainActivity} launchCookies=[] positionInParent=Point(0, 0) parentTaskId=-1 isFocused=false isVisible=false isVisibleRequested=false isSleeping=false topActivityInSizeCompat=false topActivityEligibleForLetterboxEducation= false topActivityLetterboxed= false isFromDoubleTap= false topActivityLetterboxVerticalPosition= -1 topActivityLetterboxHorizontalPosition= -1 topActivityLetterboxWidth=-1 topActivityLetterboxHeight=-1 locusId=null displayAreaFeatureId=1 cameraCompatControlState=hidden}, remoteTransition = null, displayChange = null }
