----- timezone:Europe/Istanbul
06-13 13:42:35.852509  1477  1519 I am_proc_start: [0,5278,10115,com.google.process.gservices,content provider,{com.google.android.gsf/com.google.android.gsf.gservices.GservicesProvider}]
06-13 13:42:35.877000  5278  5278 I auditd  : type=1400 audit(0.0:11907): avc:  denied  { read } for  comm="main" name="u:object_r:vendor_prize_fp_prop:s0" dev="tmpfs" ino=11299 scontext=u:r:priv_app:s0:c512,c768 tcontext=u:object_r:vendor_prize_fp_prop:s0 tclass=file permissive=0 app=com.google.android.gms
06-13 13:42:35.896023  1477 10133 I am_proc_bound: [0,5278,com.google.process.gservices]
06-13 13:42:36.089961  1477 10133 I sysui_multi_action: [757,128,758,1,793,88743161,794,0,795,88743161,796,99,797,niGqZCO0b_8,798,7,806,app.revanced.android.youtube,857,1,858,4,946,,947,0,1395,36,1500,88742958,1688,1,1745,680407814]
06-13 13:42:36.090140  1477 10133 I sysui_multi_action: [757,1501,758,1,793,88743162,794,1,795,88743162,796,99,797,niGqZCO0b_8,806,app.revanced.android.youtube,857,1,858,4,946,,947,0,1500,0,1688,1,1745,680407814]
06-13 13:42:36.090205  1477 10133 I sysui_multi_action: [757,804,799,note_interruptive,801,0,802,1]
06-13 13:42:36.090237  1477 10133 I sysui_multi_action: [757,804,799,note_freshness,801,88743161,802,1]
06-13 13:42:36.090253  1477 10133 I notification_visibility: [0|app.revanced.android.youtube|99|niGqZCO0b_8|10219,1,88743161,88743161,0,7]
06-13 13:42:36.098102  1723  1760 I jank_cuj_events_begin_request: [4,1749811356097947000,304159350693767,59089150215905,]
06-13 13:42:36.135974  1477 10133 I am_kill : [999,4571,com.google.android.gms,999,empty #11]
06-13 13:42:36.164375  1723  1723 I sysui_multi_action: [757,803,799,notification_dismissed,802,1]
06-13 13:42:36.168600  1477  1477 I am_uid_active: 10219
06-13 13:42:36.173442  1477  1477 I sysui_multi_action: [757,804,799,note_dismiss_longevity,801,39,802,1]
06-13 13:42:36.175569  1477  1477 I sysui_multi_action: [757,128,758,5,759,2,793,2357962,794,2763,795,2357962,796,99,797,oueqkCPIFsE,798,3,806,app.revanced.android.youtube,857,1,858,4,946,,947,0,1395,36,1500,2762,1688,1,1745,680407814]
06-13 13:42:36.175718  1477  1477 I notification_canceled: [0|app.revanced.android.youtube|99|oueqkCPIFsE|10219,2,2357962,2357962,2763,3,36,NULL]
06-13 13:42:36.187721  1477  5735 I am_proc_died: [999,4571,com.google.android.gms,999,19]
06-13 13:42:36.235631  1723  1760 I jank_cuj_events_end_request: [4,1749811356235494000,304159488240767,59089287762675]
06-13 13:42:36.470282  1723  1760 I jank_cuj_events_begin_request: [4,1749811356470133000,304159722879613,59089522401444,]
06-13 13:42:36.536639  1723  1723 I sysui_multi_action: [757,803,799,notification_dismissed,802,1]
06-13 13:42:36.542312  1477  1477 I sysui_multi_action: [757,804,799,note_dismiss_longevity,801,74,802,1]
06-13 13:42:36.542707  1477  1477 I sysui_multi_action: [757,128,758,5,759,2,793,74447367,794,3135,795,4479696,796,99,797,unwatched-channel,798,3,806,app.revanced.android.youtube,857,1,858,4,946,,947,0,1395,35,1500,3134,1688,1,1745,680407814]
06-13 13:42:36.542866  1477  1477 I notification_canceled: [0|app.revanced.android.youtube|99|unwatched-channel|10219,2,74447367,4479696,3135,3,35,NULL]
06-13 13:42:36.598845  1723  1760 I jank_cuj_events_end_request: [4,1749811356598692000,304159851438075,59089650959675]
06-13 13:42:36.610326  1477  1560 I sysui_multi_action: [757,128,758,1,793,89822274,794,0,795,89822274,796,99,797,yKQr0jhRBbM,798,6,806,app.revanced.android.youtube,857,1,858,4,946,,947,0,1395,34,1500,89822071,1688,1,1745,680407814]
06-13 13:42:36.610534  1477  1560 I sysui_multi_action: [757,1501,758,1,793,89822275,794,1,795,89822275,796,99,797,yKQr0jhRBbM,806,app.revanced.android.youtube,857,1,858,4,946,,947,0,1500,0,1688,1,1745,680407814]
06-13 13:42:36.610605  1477  1560 I sysui_multi_action: [757,804,799,note_interruptive,801,0,802,1]
06-13 13:42:36.610664  1477  1560 I sysui_multi_action: [757,804,799,note_freshness,801,89822274,802,1]
06-13 13:42:36.610709  1477  1560 I notification_visibility: [0|app.revanced.android.youtube|99|yKQr0jhRBbM|10219,1,89822274,89822274,0,6]
06-13 13:42:36.611384  1477  1560 I sysui_multi_action: [757,128,758,1,793,243432762,794,0,795,4479218,796,0,797,unwatched-channel::19002a4f-a02f-4eb1-b5c3-1673338513af,798,7,806,com.google.android.youtube,857,1,858,4,946,1605984775::SUMMARY::162069-976549c3,947,0,1395,34,1500,4479218,1688,1,1745,680407814]
06-13 13:42:36.611542  1477  1560 I sysui_multi_action: [757,1501,758,1,793,243432762,794,0,795,4479218,796,0,797,unwatched-channel::19002a4f-a02f-4eb1-b5c3-1673338513af,806,com.google.android.youtube,857,1,858,4,946,1605984775::SUMMARY::162069-976549c3,947,0,1500,0,1688,1,1745,680407814]
06-13 13:42:36.611610  1477  1560 I sysui_multi_action: [757,804,799,note_interruptive,801,0,802,1]
06-13 13:42:36.611641  1477  1560 I sysui_multi_action: [757,804,799,note_freshness,801,4479218,802,1]
06-13 13:42:36.611659  1477  1560 I notification_visibility: [0|com.google.android.youtube|0|unwatched-channel::19002a4f-a02f-4eb1-b5c3-1673338513af|10154,1,243432762,4479218,0,7]
06-13 13:42:36.632283  1477  1621 I netstats_mobile_sample: [0,0,0,0,0,0,0,0,1749811356279]
06-13 13:42:36.633179  1477  1621 I netstats_wifi_sample: [725424971,54929465,805697,251949,723186733,53616732,753839,240909,1749811356279]
06-13 13:42:36.752485  1477  1621 I netstats_mobile_sample: [0,0,0,0,0,0,0,0,1749811356399]
06-13 13:42:36.753255  1477  1621 I netstats_wifi_sample: [725424971,54929465,805697,251949,723186733,53616732,753839,240909,1749811356399]
06-13 13:42:36.781050  1477  1621 I netstats_mobile_sample: [0,0,0,0,0,0,0,0,1749811356428]
06-13 13:42:36.781680  1477  1621 I netstats_wifi_sample: [725425142,54929599,805700,251951,723186853,53616732,753842,240909,1749811356428]
06-13 13:42:36.840709  1477  1648 I service_manager_slow: [14,time_detector]
06-13 13:42:36.864311  1723  1760 I jank_cuj_events_begin_request: [4,1749811356864184000,304160116928229,59089916449828,]
06-13 13:42:36.871054  1477  1519 I am_proc_start: [0,5319,10117,com.google.android.apps.messaging,content provider,{com.google.android.apps.messaging/com.google.android.apps.messaging.shared.datamodel.provider.sharedstorage.SharedStorageProvider}]
06-13 13:42:36.889000  5319  5319 I auditd  : type=1400 audit(0.0:11908): avc:  denied  { read } for  comm="main" name="u:object_r:vendor_prize_fp_prop:s0" dev="tmpfs" ino=11299 scontext=u:r:priv_app:s0:c512,c768 tcontext=u:object_r:vendor_prize_fp_prop:s0 tclass=file permissive=0 app=com.google.android.apps.messaging
06-13 13:42:36.913698  1723  1723 I sysui_multi_action: [757,803,799,notification_dismissed,802,1]
06-13 13:42:36.918429  1477  1477 I sysui_multi_action: [757,804,799,note_dismiss_longevity,801,1361,802,1]
06-13 13:42:36.918811  1477  1477 I sysui_multi_action: [757,128,758,5,759,2,793,81699497,794,3512,795,81699497,796,99,797,9S_7ikndDlY,798,3,806,app.revanced.android.youtube,857,1,858,4,946,,947,0,1395,34,1500,3511,1688,1,1745,680407814]
06-13 13:42:36.918870  1477  1477 I notification_canceled: [0|app.revanced.android.youtube|99|9S_7ikndDlY|10219,2,81699497,81699497,3512,3,34,NULL]
06-13 13:42:36.926332  1477  2909 I am_proc_bound: [0,5319,com.google.android.apps.messaging]
06-13 13:42:36.981635  1723  1760 I jank_cuj_events_end_request: [4,1749811356981505000,304160234250613,59090033772521]
06-13 13:42:37.138745  1477  2028 I sysui_multi_action: [757,128,758,1,793,81699470,794,0,795,81699470,796,0,797,9S_7ikndDlY::492bd70c-2a58-4042-88a8-d3bc5437eef3,798,7,806,com.google.android.youtube,857,1,858,4,946,1605984775::SUMMARY::684964-638b016e,947,0,1395,33,1500,81699267,1688,1,1745,680407814]
06-13 13:42:37.139086  1477  2028 I sysui_multi_action: [757,1501,758,1,793,81699485,794,15,795,81699485,796,0,797,9S_7ikndDlY::492bd70c-2a58-4042-88a8-d3bc5437eef3,806,com.google.android.youtube,857,1,858,4,946,1605984775::SUMMARY::684964-638b016e,947,0,1500,0,1688,1,1745,680407814]
06-13 13:42:37.139136  1477  2028 I sysui_multi_action: [757,804,799,note_interruptive,801,0,802,1]
06-13 13:42:37.139167  1477  2028 I sysui_multi_action: [757,804,799,note_freshness,801,81699470,802,1]
06-13 13:42:37.139186  1477  2028 I notification_visibility: [0|com.google.android.youtube|0|9S_7ikndDlY::492bd70c-2a58-4042-88a8-d3bc5437eef3|10154,1,81699470,81699470,0,7]
06-13 13:42:37.176543   494   494 I auditd  : avc:  denied  { find } for pid=5319 uid=10117 name=vendor.mediatek.hardware.mbrain.IMBrain/default scontext=u:r:priv_app:s0:c512,c768 tcontext=u:object_r:default_android_service:s0 tclass=service_manager permissive=0
06-13 13:42:37.196446 20915 24227 I c2dm    : [19,com.cloudflare.onedotonedotonedotone:252037029,0,0]
06-13 13:42:37.210270 20915  4778 I c2dm    : [-2,,1,1]
06-13 13:42:37.272981  1723  1760 I jank_cuj_events_begin_request: [4,1749811357270289000,304160523033460,59090322555059,]
06-13 13:42:37.275508 20915  5381 I gtalk_heartbeat_reset: [67146,142.251.31.188:5228]
06-13 13:42:37.281254 20915  5381 I gtalk_connection: 0
06-13 13:42:37.328157  1723  1723 I sysui_multi_action: [757,803,799,notification_dismissed,802,1]
06-13 13:42:37.332099  1477  1477 I sysui_multi_action: [757,804,799,note_dismiss_longevity,801,1419,802,1]
06-13 13:42:37.332501  1477  1477 I sysui_multi_action: [757,128,758,5,759,2,793,85141037,794,3924,795,85141037,796,99,797,v-Zo_fKltYA,798,3,806,app.revanced.android.youtube,857,1,858,4,946,,947,0,1395,33,1500,3924,1688,1,1745,680407814]
06-13 13:42:37.332546  1477  1477 I notification_canceled: [0|app.revanced.android.youtube|99|v-Zo_fKltYA|10219,2,85141037,85141037,3924,3,33,NULL]
06-13 13:42:37.409561  1723  1760 I jank_cuj_events_end_request: [4,1749811357409430000,304160662175536,59090461697213]
06-13 13:42:37.623476  1477  2902 I sysui_multi_action: [757,128,758,1,793,85140241,794,0,795,85140241,796,0,797,v-Zo_fKltYA::47a1f65b-5d84-4216-aaa5-ec2b1cb6104e,798,7,806,com.google.android.youtube,857,1,858,4,946,1605984775::SUMMARY::277326-c3fc21a6,947,0,1395,32,1500,85140036,1688,1,1745,680407814]
06-13 13:42:37.623707  1477  2902 I sysui_multi_action: [757,1501,758,1,793,85140241,794,0,795,85140241,796,0,797,v-Zo_fKltYA::47a1f65b-5d84-4216-aaa5-ec2b1cb6104e,806,com.google.android.youtube,857,1,858,4,946,1605984775::SUMMARY::277326-c3fc21a6,947,0,1500,0,1688,1,1745,680407814]
06-13 13:42:37.623806  1477  2902 I sysui_multi_action: [757,804,799,note_interruptive,801,0,802,1]
06-13 13:42:37.623879  1477  2902 I sysui_multi_action: [757,804,799,note_freshness,801,85140241,802,1]
06-13 13:42:37.623931  1477  2902 I notification_visibility: [0|com.google.android.youtube|0|v-Zo_fKltYA::47a1f65b-5d84-4216-aaa5-ec2b1cb6104e|10154,1,85140241,85140241,0,7]
06-13 13:42:37.777642  1723  1760 I jank_cuj_events_begin_request: [4,1749811357777513000,304161030256844,59090829778675,]
06-13 13:42:37.813407  1723  1723 I sysui_multi_action: [757,803,799,notification_dismissed,802,1]
06-13 13:42:37.818383  1477  1477 I sysui_multi_action: [757,804,799,note_dismiss_longevity,801,1479,802,1]
06-13 13:42:37.818784  1477  1477 I sysui_multi_action: [757,128,758,5,759,2,793,88744890,794,1729,795,88744890,796,99,797,niGqZCO0b_8,798,3,806,app.revanced.android.youtube,857,1,858,4,946,,947,0,1395,32,1500,1728,1688,1,1745,680407814]
06-13 13:42:37.818821  1477  1477 I notification_canceled: [0|app.revanced.android.youtube|99|niGqZCO0b_8|10219,2,88744890,88744890,1729,3,32,NULL]
06-13 13:42:37.908374 20915  5394 I c2dm    : [-19,SUCCESSFUL,0,0]
06-13 13:42:37.925841  1723  1760 I jank_cuj_events_end_request: [4,1749811357925707000,304161178451844,59090977973752]
06-13 13:42:38.106896 20915  4299 I gtalk_conn_close: [276,0]
06-13 13:42:38.123662  1477  2902 I sysui_multi_action: [757,128,758,1,793,88744998,794,0,795,88744998,796,0,797,niGqZCO0b_8::c30e3689-7350-45f7-a6af-e74269dfa296,798,7,806,com.google.android.youtube,857,1,858,4,946,1605984775::SUMMARY::168161-47207ac8,947,0,1395,31,1500,88744795,1688,1,1745,680407814]
06-13 13:42:38.124185  1477  2902 I sysui_multi_action: [757,1501,758,1,793,88744999,794,1,795,88744999,796,0,797,niGqZCO0b_8::c30e3689-7350-45f7-a6af-e74269dfa296,806,com.google.android.youtube,857,1,858,4,946,1605984775::SUMMARY::168161-47207ac8,947,0,1500,0,1688,1,1745,680407814]
06-13 13:42:38.124225  1477  2902 I sysui_multi_action: [757,804,799,note_interruptive,801,0,802,1]
06-13 13:42:38.124254  1477  2902 I sysui_multi_action: [757,804,799,note_freshness,801,88744998,802,1]
06-13 13:42:38.124276  1477  2902 I notification_visibility: [0|com.google.android.youtube|0|niGqZCO0b_8::c30e3689-7350-45f7-a6af-e74269dfa296|10154,1,88744998,88744998,0,7]
06-13 13:42:38.193489  1477  1621 I netstats_mobile_sample: [0,0,0,0,0,0,0,0,1749811357841]
06-13 13:42:38.194093  1477  1621 I netstats_wifi_sample: [727299734,55007503,807303,252420,725064448,53692308,755463,241360,1749811357841]
06-13 13:42:38.252497  1723  1760 I jank_cuj_events_begin_request: [4,1749811358251993000,304161504737383,59091304258752,]
06-13 13:42:38.268378  1477  1611 I service_manager_stats: [100,142,542802]
06-13 13:42:38.309177  1723  1723 I sysui_multi_action: [757,803,799,notification_dismissed,802,1]
06-13 13:42:38.312312  1477  1477 I sysui_multi_action: [757,804,799,note_dismiss_longevity,801,74,802,1]
06-13 13:42:38.312726  1477  1477 I sysui_multi_action: [757,128,758,5,759,2,793,243434463,794,1701,795,4480919,796,0,797,unwatched-channel::19002a4f-a02f-4eb1-b5c3-1673338513af,798,5,806,com.google.android.youtube,857,1,858,4,946,1605984775::SUMMARY::162069-976549c3,947,0,1395,31,1500,1701,1688,1,1745,680407814]
06-13 13:42:38.312775  1477  1477 I notification_canceled: [0|com.google.android.youtube|0|unwatched-channel::19002a4f-a02f-4eb1-b5c3-1673338513af|10154,2,243434463,4480919,1701,5,31,NULL]
06-13 13:42:38.322601  1477  4480 I force_gc: Binder
06-13 13:42:38.431392  1723  1760 I jank_cuj_events_end_request: [4,1749811358431243000,304161683989690,59091483511598]
06-13 13:42:38.441741  1477  1610 I netstats_mobile_sample: [0,0,0,0,0,0,0,0,1749811358089]
06-13 13:42:38.442655  1477  1610 I netstats_wifi_sample: [727304725,55011711,807311,252434,725069439,53696516,755471,241374,1749811358089]
06-13 13:42:38.623579  1477  4480 I sysui_multi_action: [757,128,758,1,793,89823279,794,0,795,89823279,796,0,797,yKQr0jhRBbM::9391c5c2-bf55-4990-84d4-90acb115f44c,798,7,806,com.google.android.youtube,857,1,858,4,946,1605984775::SUMMARY::993495-e622b2b5,947,0,1395,30,1500,89823076,1688,1,1745,680407814]
06-13 13:42:38.623877  1477  4480 I sysui_multi_action: [757,1501,758,1,793,89823279,794,0,795,89823279,796,0,797,yKQr0jhRBbM::9391c5c2-bf55-4990-84d4-90acb115f44c,806,com.google.android.youtube,857,1,858,4,946,1605984775::SUMMARY::993495-e622b2b5,947,0,1500,0,1688,1,1745,680407814]
06-13 13:42:38.623934  1477  4480 I sysui_multi_action: [757,804,799,note_interruptive,801,0,802,1]
06-13 13:42:38.623966  1477  4480 I sysui_multi_action: [757,804,799,note_freshness,801,89823279,802,1]
06-13 13:42:38.623993  1477  4480 I notification_visibility: [0|com.google.android.youtube|0|yKQr0jhRBbM::9391c5c2-bf55-4990-84d4-90acb115f44c|10154,1,89823279,89823279,0,7]
06-13 13:42:38.845945  1477  1507 I commit_sys_config_file: [jobs,8]
06-13 13:42:38.984823 20915  4299 I c2dm    : [-2,,1,1]
06-13 13:42:39.469793  1723  1760 I jank_cuj_events_begin_request: [2,1749811359469658000,304162722402998,59092521924829,]
06-13 13:42:39.870156 20915  4299 I gtalk_heartbeat_reset: [1114642,142.250.4.188:443]
06-13 13:42:39.873009 20915  4299 I gtalk_connection: 0
06-13 13:42:39.959041  1477 10135 I sysui_multi_action: [757,128,758,1,793,156081541,794,0,795,156081541,796,416073950,797,gig:1384111047:^sq_ig_i_personal,798,18,806,com.google.android.gm,857,^nc_1_mail_ali.yldz5860@gmail.com,858,3,946,gig:1384111047:^sq_ig_i_personal,947,0,1395,30,1500,156058589,1641,email,1688,1,1744,1,1745,2098068913]
06-13 13:42:39.959244  1477 10135 I sysui_multi_action: [757,1501,758,1,793,156081542,794,1,795,156081542,796,416073950,797,gig:1384111047:^sq_ig_i_personal,806,com.google.android.gm,857,^nc_1_mail_ali.yldz5860@gmail.com,858,3,946,gig:1384111047:^sq_ig_i_personal,947,0,1500,0,1641,email,1688,1,1744,1,1745,2098068913]
06-13 13:42:39.959327  1477 10135 I sysui_multi_action: [757,804,799,note_interruptive,801,0,802,1]
06-13 13:42:39.959368  1477 10135 I sysui_multi_action: [757,804,799,note_freshness,801,156081541,802,1]
06-13 13:42:39.959423  1477 10135 I notification_visibility: [0|com.google.android.gm|416073950|gig:1384111047:^sq_ig_i_personal|10153,1,156081541,156081541,0,18]
06-13 13:42:39.960129  1477 10135 I sysui_multi_action: [757,128,758,1,793,191964542,794,0,795,191964542,796,2345,797,ChFBbmRyb2lkTG9ja1NjcmVlbhIRTm9TY3JlZW5Mb2NrSXNzdWUYAA==,798,24,806,android,857,safety_center_recommendation,858,3,947,0,1395,30,1500,191964339,1688,1]
06-13 13:42:39.960321  1477 10135 I sysui_multi_action: [757,1501,758,1,793,191964543,794,1,795,191964543,796,2345,797,ChFBbmRyb2lkTG9ja1NjcmVlbhIRTm9TY3JlZW5Mb2NrSXNzdWUYAA==,806,android,857,safety_center_recommendation,858,3,947,0,1500,0,1688,1]
06-13 13:42:39.960359  1477 10135 I sysui_multi_action: [757,804,799,note_interruptive,801,0,802,1]
06-13 13:42:39.960396  1477 10135 I sysui_multi_action: [757,804,799,note_freshness,801,191964542,802,1]
06-13 13:42:39.960413  1477 10135 I notification_visibility: [0|android|2345|ChFBbmRyb2lkTG9ja1NjcmVlbhIRTm9TY3JlZW5Mb2NrSXNzdWUYAA==|1000,1,191964542,191964542,0,24]
06-13 13:42:39.960837  1477 10135 I sysui_multi_action: [757,128,758,1,793,20568,794,0,795,20568,796,101,798,27,806,com.cloudflare.onedotonedotonedotone,857,VpnService,858,2,947,0,1395,30,1500,20568,1688,1]
06-13 13:42:39.960893  1477 10135 I sysui_multi_action: [757,804,799,note_freshness,801,20568,802,1]
06-13 13:42:39.960911  1477 10135 I notification_visibility: [0|com.cloudflare.onedotonedotonedotone|101|null|10212,1,20568,20568,0,27]
06-13 13:42:39.961284  1477 10135 I sysui_multi_action: [757,128,758,1,793,244301671,794,0,795,244295820,796,0,797,com.mediatek.duraspeed.DuraSpeedAppReceiver,798,25,806,com.mediatek.duraspeed,857,channel_01,858,3,947,0,1395,30,1500,244295820,1688,1]
06-13 13:42:39.961341  1477 10135 I sysui_multi_action: [757,804,799,note_freshness,801,244295820,802,1]
06-13 13:42:39.961359  1477 10135 I notification_visibility: [0|com.mediatek.duraspeed|0|com.mediatek.duraspeed.DuraSpeedAppReceiver|10165,1,244301671,244295820,0,25]
06-13 13:42:39.961703  1477 10135 I sysui_multi_action: [757,128,758,1,793,266240108,794,0,795,266240108,796,2147483647,797,ranker_group,798,19,806,com.google.android.gms,857,com.google.android.gms.noti-9e60d696,858,3,946,ranker_group,947,1,1395,30,1500,266240108,1688,1]
06-13 13:42:39.961760  1477 10135 I sysui_multi_action: [757,804,799,note_freshness,801,266240108,802,1]
06-13 13:42:39.961777  1477 10135 I notification_visibility: [0|com.google.android.gms|2147483647|ranker_group|10115|ranker_group,1,266240108,266240108,0,19]
06-13 13:42:39.962064  1477 10135 I sysui_multi_action: [757,128,758,1,793,170352325,794,0,795,170352325,796,1000,797,a:GMSCORE_STORE_RENDERER:d06ab8d7bfca0000:101463515329094664000,798,20,806,com.google.android.gms,857,com.google.android.gms.noti-9e60d696,858,3,946,ranker_group,947,0,1395,30,1500,49151,1688,1,1745,2098068913]
06-13 13:42:39.962190  1477 10135 I sysui_multi_action: [757,1501,758,1,793,170352326,794,1,795,170352326,796,1000,797,a:GMSCORE_STORE_RENDERER:d06ab8d7bfca0000:101463515329094664000,806,com.google.android.gms,857,com.google.android.gms.noti-9e60d696,858,3,946,ranker_group,947,0,1500,0,1688,1,1745,2098068913]
06-13 13:42:39.962240  1477 10135 I sysui_multi_action: [757,804,799,note_interruptive,801,0,802,1]
06-13 13:42:39.962282  1477 10135 I sysui_multi_action: [757,804,799,note_freshness,801,170352325,802,1]
06-13 13:42:39.962309  1477 10135 I notification_visibility: [0|com.google.android.gms|1000|a:GMSCORE_STORE_RENDERER:d06ab8d7bfca0000:101463515329094664000|10115,1,170352325,170352325,0,20]
06-13 13:42:39.962695  1477 10135 I sysui_multi_action: [757,128,758,1,793,263828780,794,0,795,191976789,796,0,797,com.google.android.gms.auth.TokenNotificationManager:5e4bb754a40f19166e8fe0549dd78117:com.google,798,21,806,com.google.android.gms,857,com.google.android.gms.auth-2289e1ec,858,3,946,ranker_group,947,0,1395,30,1500,191976789,1688,1]
06-13 13:42:39.962837  1477 10135 I sysui_multi_action: [757,1501,758,1,793,263828780,794,0,795,191976789,796,0,797,com.google.android.gms.auth.TokenNotificationManager:5e4bb754a40f19166e8fe0549dd78117:com.google,806,com.google.android.gms,857,com.google.android.gms.auth-2289e1ec,858,3,946,ranker_group,947,0,1500,0,1688,1]
06-13 13:42:39.962894  1477 10135 I sysui_multi_action: [757,804,799,note_interruptive,801,0,802,1]
06-13 13:42:39.962923  1477 10135 I sysui_multi_action: [757,804,799,note_freshness,801,191976789,802,1]
06-13 13:42:39.962956  1477 10135 I notification_visibility: [0|com.google.android.gms|0|com.google.android.gms.auth.TokenNotificationManager:5e4bb754a40f19166e8fe0549dd78117:com.google|10115,1,263828780,191976789,0,21]
06-13 13:42:39.965302  1477 10135 I sysui_multi_action: [757,128,758,1,793,109553341,794,0,795,109553341,796,99,797,SHORTS_UNSUBSCRIBED,798,26,806,app.revanced.android.youtube,857,5,858,2,946,,947,0,1395,30,1500,109553135,1688,1,1745,680407814]
06-13 13:42:39.965640  1477 10135 I sysui_multi_action: [757,1501,758,1,793,109553341,794,0,795,109553341,796,99,797,SHORTS_UNSUBSCRIBED,806,app.revanced.android.youtube,857,5,858,2,946,,947,0,1500,0,1688,1,1745,680407814]
06-13 13:42:39.965707  1477 10135 I sysui_multi_action: [757,804,799,note_interruptive,801,0,802,1]
06-13 13:42:39.965746  1477 10135 I sysui_multi_action: [757,804,799,note_freshness,801,109553341,802,1]
06-13 13:42:39.965831  1477 10135 I notification_visibility: [0|app.revanced.android.youtube|99|SHORTS_UNSUBSCRIBED|10219,1,109553341,109553341,0,26]
06-13 13:42:39.966864  1477 10135 I sysui_multi_action: [757,128,758,1,793,266196014,794,0,795,266196014,796,1000,797,a:GMSCORE_STORE_RENDERER:2fe62cf56fca0000:101463515329094664000,798,22,806,com.google.android.gms,857,com.google.android.gms.noti-9e60d696,858,3,946,ranker_group,947,0,1395,30,1500,263841977,1688,1,1745,2098068913]
06-13 13:42:39.967171  1477 10135 I sysui_multi_action: [757,1501,758,1,793,266196014,794,0,795,266196014,796,1000,797,a:GMSCORE_STORE_RENDERER:2fe62cf56fca0000:101463515329094664000,806,com.google.android.gms,857,com.google.android.gms.noti-9e60d696,858,3,946,ranker_group,947,0,1500,0,1688,1,1745,2098068913]
06-13 13:42:39.967250  1477 10135 I sysui_multi_action: [757,804,799,note_interruptive,801,0,802,1]
06-13 13:42:39.967282  1477 10135 I sysui_multi_action: [757,804,799,note_freshness,801,266196014,802,1]
06-13 13:42:39.967328  1477 10135 I notification_visibility: [0|com.google.android.gms|1000|a:GMSCORE_STORE_RENDERER:2fe62cf56fca0000:101463515329094664000|10115,1,266196014,266196014,0,22]
06-13 13:42:39.968062  1477 10135 I sysui_multi_action: [757,128,758,2,793,89825632,794,3358,795,89825632,796,99,797,yKQr0jhRBbM,798,3,806,app.revanced.android.youtube,857,1,858,4,946,,947,0,1395,30,1500,3357,1688,1,1745,680407814]
06-13 13:42:39.968129  1477 10135 I notification_visibility: [0|app.revanced.android.youtube|99|yKQr0jhRBbM|10219,0,89825632,89825632,0,3]
06-13 13:42:39.968696  1477 10135 I sysui_multi_action: [757,128,758,2,793,50515,794,7063,795,50515,796,26,798,1,806,android,857,DEVELOPER_IMPORTANT,858,4,946,ranker_group,947,0,1395,30,1500,7062,1688,1]
06-13 13:42:39.968771  1477 10135 I notification_visibility: [-1|android|26|null|1000,0,50515,50515,0,1]
06-13 13:42:39.969364  1477 10135 I sysui_multi_action: [757,128,758,2,793,88746844,794,1846,795,88746844,796,0,797,niGqZCO0b_8::c30e3689-7350-45f7-a6af-e74269dfa296,798,6,806,com.google.android.youtube,857,1,858,4,946,1605984775::SUMMARY::168161-47207ac8,947,0,1395,30,1500,1845,1688,1,1745,680407814]
06-13 13:42:39.969413  1477 10135 I notification_visibility: [0|com.google.android.youtube|0|niGqZCO0b_8::c30e3689-7350-45f7-a6af-e74269dfa296|10154,0,88746844,88746844,0,6]
06-13 13:42:39.969994  1477 10135 I sysui_multi_action: [757,128,758,2,793,81702316,794,2846,795,81702316,796,0,797,9S_7ikndDlY::492bd70c-2a58-4042-88a8-d3bc5437eef3,798,4,806,com.google.android.youtube,857,1,858,4,946,1605984775::SUMMARY::684964-638b016e,947,0,1395,30,1500,2831,1688,1,1745,680407814]
06-13 13:42:39.970056  1477 10135 I notification_visibility: [0|com.google.android.youtube|0|9S_7ikndDlY::492bd70c-2a58-4042-88a8-d3bc5437eef3|10154,0,81702316,81702316,0,4]
06-13 13:42:39.970482  1477 10135 I sysui_multi_action: [757,128,758,2,793,85142588,794,2347,795,85142588,796,0,797,v-Zo_fKltYA::47a1f65b-5d84-4216-aaa5-ec2b1cb6104e,798,5,806,com.google.android.youtube,857,1,858,4,946,1605984775::SUMMARY::277326-c3fc21a6,947,0,1395,30,1500,2347,1688,1,1745,680407814]
06-13 13:42:39.970546  1477 10135 I notification_visibility: [0|com.google.android.youtube|0|v-Zo_fKltYA::47a1f65b-5d84-4216-aaa5-ec2b1cb6104e|10154,0,85142588,85142588,0,5]
06-13 13:42:39.970903  1477 10135 I sysui_multi_action: [757,128,758,2,793,50261,794,6561,795,50261,796,2147483647,797,ranker_group,798,0,806,android,857,DEVELOPER_IMPORTANT,858,4,946,ranker_group,947,1,1395,30,1500,50261,1688,1]
06-13 13:42:39.970957  1477 10135 I notification_visibility: [-1|android|2147483647|ranker_group|1000|ranker_group,0,50261,50261,0,0]
06-13 13:42:39.971365  1477 10135 I sysui_multi_action: [757,128,758,2,793,89824627,794,1348,795,89824627,796,0,797,yKQr0jhRBbM::9391c5c2-bf55-4990-84d4-90acb115f44c,798,7,806,com.google.android.youtube,857,1,858,4,946,1605984775::SUMMARY::993495-e622b2b5,947,0,1395,30,1500,1348,1688,1,1745,680407814]
06-13 13:42:39.971426  1477 10135 I notification_visibility: [0|com.google.android.youtube|0|yKQr0jhRBbM::9391c5c2-bf55-4990-84d4-90acb115f44c|10154,0,89824627,89824627,0,7]
06-13 13:42:39.971850  1477 10135 I sysui_multi_action: [757,128,758,2,793,50524,794,6560,795,50524,796,32,798,2,806,android,857,USB,858,1,946,ranker_group,947,0,1395,30,1500,6560,1688,1]
06-13 13:42:39.971906  1477 10135 I notification_visibility: [-1|android|32|null|1000,0,50524,50524,0,2]
06-13 13:42:40.326740  1723  1760 I jank_cuj_events_end_request: [2,1749811360326525000,304163579272152,59093378793752]
06-13 13:42:40.365972  1723  1760 I jank_cuj_events_begin_request: [0,1749811360365841000,304163618586921,59093418108290,Collapse]
06-13 13:42:40.439355  1723  1760 I jank_cuj_events_begin_request: [0,1749811360439175000,304163691922075,59093491444521,Collapse]
06-13 13:42:40.469584  1477 10135 I sysui_multi_action: [757,128,758,1,793,5332388,794,0,795,576995,796,0,797,1605984775::a:snotification:[0x394,wx.f,NOTIFICATION],798,29,806,com.google.android.googlequicksearchbox,857,71,858,1,946,1605984775::SUMMARY::wx,947,0,1395,30,1500,576995,1688,1,1745,2098068913]
06-13 13:42:40.469770  1477 10135 I sysui_multi_action: [757,1501,758,1,793,5332388,794,0,795,576995,796,0,797,1605984775::a:snotification:[0x394,wx.f,NOTIFICATION],806,com.google.android.googlequicksearchbox,857,71,858,1,946,1605984775::SUMMARY::wx,947,0,1500,0,1688,1,1745,2098068913]
06-13 13:42:40.469825  1477 10135 I sysui_multi_action: [757,804,799,note_interruptive,801,0,802,1]
06-13 13:42:40.469871  1477 10135 I sysui_multi_action: [757,804,799,note_freshness,801,576995,802,1]
06-13 13:42:40.469915  1477 10135 I notification_visibility: [0|com.google.android.googlequicksearchbox|0|1605984775::a:snotification:[0x394,wx.f,NOTIFICATION]|10130,1,5332388,576995,0,29]
06-13 13:42:40.481251  1477 10135 I sysui_multi_action: [757,128,758,1,793,91873037,794,0,795,91873037,796,0,797,SHORTS_UNSUBSCRIBED::1465f567-dc9c-44d6-8d82-9a0916d1a0cb,798,28,806,com.google.android.youtube,857,5,858,2,946,1605984775::SUMMARY::181477-b14618f1,947,0,1395,30,1500,91872792,1688,1,1745,2098068913]
06-13 13:42:40.481336  1477 10135 I sysui_multi_action: [757,1501,758,1,793,91873037,794,0,795,91873037,796,0,797,SHORTS_UNSUBSCRIBED::1465f567-dc9c-44d6-8d82-9a0916d1a0cb,806,com.google.android.youtube,857,5,858,2,946,1605984775::SUMMARY::181477-b14618f1,947,0,1500,0,1688,1,1745,2098068913]
06-13 13:42:40.481354  1477 10135 I sysui_multi_action: [757,804,799,note_interruptive,801,0,802,1]
06-13 13:42:40.481369  1477 10135 I sysui_multi_action: [757,804,799,note_freshness,801,91873037,802,1]
06-13 13:42:40.481378  1477 10135 I notification_visibility: [0|com.google.android.youtube|0|SHORTS_UNSUBSCRIBED::1465f567-dc9c-44d6-8d82-9a0916d1a0cb|10154,1,91873037,91873037,0,28]
06-13 13:42:40.481692  1477 10135 I sysui_multi_action: [757,128,758,2,793,156082064,794,523,795,156082064,796,416073950,797,gig:1384111047:^sq_ig_i_personal,798,18,806,com.google.android.gm,857,^nc_1_mail_ali.yldz5860@gmail.com,858,3,946,gig:1384111047:^sq_ig_i_personal,947,0,1395,30,1500,522,1641,email,1688,1,1744,1,1745,2098068913]
06-13 13:42:40.481715  1477 10135 I notification_visibility: [0|com.google.android.gm|416073950|gig:1384111047:^sq_ig_i_personal|10153,0,156082064,156082064,0,18]
06-13 13:42:40.481921  1477 10135 I sysui_multi_action: [757,128,758,2,793,191965064,794,522,795,191965064,796,2345,797,ChFBbmRyb2lkTG9ja1NjcmVlbhIRTm9TY3JlZW5Mb2NrSXNzdWUYAA==,798,24,806,android,857,safety_center_recommendation,858,3,947,0,1395,30,1500,521,1688,1]
06-13 13:42:40.481978  1477 10135 I notification_visibility: [0|android|2345|ChFBbmRyb2lkTG9ja1NjcmVlbhIRTm9TY3JlZW5Mb2NrSXNzdWUYAA==|1000,0,191965064,191965064,0,24]
06-13 13:42:40.482176  1477 10135 I sysui_multi_action: [757,128,758,2,793,244302192,794,521,795,244296341,796,0,797,com.mediatek.duraspeed.DuraSpeedAppReceiver,798,25,806,com.mediatek.duraspeed,857,channel_01,858,3,947,0,1395,30,1500,244296341,1688,1]
06-13 13:42:40.482207  1477 10135 I notification_visibility: [0|com.mediatek.duraspeed|0|com.mediatek.duraspeed.DuraSpeedAppReceiver|10165,0,244302192,244296341,0,25]
06-13 13:42:40.482393  1477 10135 I sysui_multi_action: [757,128,758,2,793,266240629,794,521,795,266240629,796,2147483647,797,ranker_group,798,19,806,com.google.android.gms,857,com.google.android.gms.noti-9e60d696,858,3,946,ranker_group,947,1,1395,30,1500,266240629,1688,1]
06-13 13:42:40.482445  1477 10135 I notification_visibility: [0|com.google.android.gms|2147483647|ranker_group|10115|ranker_group,0,266240629,266240629,0,19]
06-13 13:42:40.482634  1477 10135 I sysui_multi_action: [757,128,758,2,793,170352846,794,521,795,170352846,796,1000,797,a:GMSCORE_STORE_RENDERER:d06ab8d7bfca0000:101463515329094664000,798,20,806,com.google.android.gms,857,com.google.android.gms.noti-9e60d696,858,3,946,ranker_group,947,0,1395,30,1500,520,1688,1,1745,2098068913]
06-13 13:42:40.482664  1477 10135 I notification_visibility: [0|com.google.android.gms|1000|a:GMSCORE_STORE_RENDERER:d06ab8d7bfca0000:101463515329094664000|10115,0,170352846,170352846,0,20]
06-13 13:42:40.482855  1477 10135 I sysui_multi_action: [757,128,758,2,793,263829300,794,520,795,191977309,796,0,797,com.google.android.gms.auth.TokenNotificationManager:5e4bb754a40f19166e8fe0549dd78117:com.google,798,21,806,com.google.android.gms,857,com.google.android.gms.auth-2289e1ec,858,3,946,ranker_group,947,0,1395,30,1500,520,1688,1]
06-13 13:42:40.482886  1477 10135 I notification_visibility: [0|com.google.android.gms|0|com.google.android.gms.auth.TokenNotificationManager:5e4bb754a40f19166e8fe0549dd78117:com.google|10115,0,263829300,191977309,0,21]
06-13 13:42:40.483058  1477 10135 I sysui_multi_action: [757,128,758,2,793,266196530,794,516,795,266196530,796,1000,797,a:GMSCORE_STORE_RENDERER:2fe62cf56fca0000:101463515329094664000,798,22,806,com.google.android.gms,857,com.google.android.gms.noti-9e60d696,858,3,946,ranker_group,947,0,1395,30,1500,516,1688,1,1745,2098068913]
06-13 13:42:40.483075  1477 10135 I notification_visibility: [0|com.google.android.gms|1000|a:GMSCORE_STORE_RENDERER:2fe62cf56fca0000:101463515329094664000|10115,0,266196530,266196530,0,22]
06-13 13:42:40.656033  1723  1760 I jank_cuj_events_end_request: [0,1749811360655889000,304163908633767,59093708155367]
06-13 13:42:40.676843  1477  1509 I input_focus: [Focus request 746af3e com.cloudflare.onedotonedotonedotone/com.cloudflare.app.presentation.main.MainActivity,reason=UpdateInputWindows]
06-13 13:42:40.689122  1477  1560 I sysui_multi_action: [757,128,758,2,793,21296,794,728,795,21296,796,101,798,27,806,com.cloudflare.onedotonedotonedotone,857,VpnService,858,2,947,0,1395,30,1500,21296,1688,1]
06-13 13:42:40.689231  1477  1560 I notification_visibility: [0|com.cloudflare.onedotonedotonedotone|101|null|10212,0,21296,21296,0,27]
06-13 13:42:40.691034  1477  1560 I sysui_multi_action: [757,128,758,2,793,5332608,794,220,795,577215,796,0,797,1605984775::a:snotification:[0x394,wx.f,NOTIFICATION],798,29,806,com.google.android.googlequicksearchbox,857,71,858,1,946,1605984775::SUMMARY::wx,947,0,1395,30,1500,220,1688,1,1745,2098068913]
06-13 13:42:40.691108  1477  1560 I notification_visibility: [0|com.google.android.googlequicksearchbox|0|1605984775::a:snotification:[0x394,wx.f,NOTIFICATION]|10130,0,5332608,577215,0,29]
06-13 13:42:40.691967  1477  1592 I input_focus: [Focus leaving 895a52e NotificationShade (server),reason=NOT_FOCUSABLE]
06-13 13:42:40.692002  1477  1560 I sysui_multi_action: [757,128,758,2,793,91873247,794,210,795,91873247,796,0,797,SHORTS_UNSUBSCRIBED::1465f567-dc9c-44d6-8d82-9a0916d1a0cb,798,28,806,com.google.android.youtube,857,5,858,2,946,1605984775::SUMMARY::181477-b14618f1,947,0,1395,30,1500,210,1688,1,1745,2098068913]
06-13 13:42:40.692035  1477  1560 I notification_visibility: [0|com.google.android.youtube|0|SHORTS_UNSUBSCRIBED::1465f567-dc9c-44d6-8d82-9a0916d1a0cb|10154,0,91873247,91873247,0,28]
06-13 13:42:40.692131  1477  1592 I input_focus: [Focus entering 746af3e com.cloudflare.onedotonedotonedotone/com.cloudflare.app.presentation.main.MainActivity (server),reason=setFocusedWindow]
06-13 13:42:40.692543  1477  1560 I sysui_multi_action: [757,128,758,2,793,109554068,794,727,795,109554068,796,99,797,SHORTS_UNSUBSCRIBED,798,26,806,app.revanced.android.youtube,857,5,858,2,946,,947,0,1395,30,1500,727,1688,1,1745,680407814]
06-13 13:42:40.692757  1477  1560 I notification_visibility: [0|app.revanced.android.youtube|99|SHORTS_UNSUBSCRIBED|10219,0,109554068,109554068,0,26]
06-13 13:42:40.693785  1477  1560 I sysui_multi_action: [757,127,758,2]
06-13 13:42:40.694072  1477  1560 I notification_panel_hidden: 
06-13 13:42:41.102096 20915  5393 I gtalk_conn_close: [283,1]
06-13 13:42:41.104863 20915  5393 I c2dm    : [-2,,1,1]
06-13 13:42:41.830539  1477  1592 I input_interaction: Interaction with: bf528e StatusBar (server), PointerEventDispatcher0 (server), 
06-13 13:42:41.832391  1723  1723 I sysui_multi_action: [757,803,799,panel_open,802,1]
06-13 13:42:41.832715  1723  1760 I jank_cuj_events_begin_request: [0,1749811361832584000,304165085329691,59094884851598,Expand]
06-13 13:42:41.832977  1723  1723 I sysui_multi_action: [757,1328,758,4,1326,65,1327,1,1329,0]
06-13 13:42:41.879139  1477 10133 I sysui_multi_action: [757,127,758,1]
06-13 13:42:41.879218  1477 10133 I sysui_multi_action: [757,804,799,note_load,801,30,802,1]
06-13 13:42:41.879358  1477 10133 I notification_panel_revealed: 30
06-13 13:42:41.912426  1477  1509 I input_focus: [Focus request 895a52e NotificationShade,reason=UpdateInputWindows]
06-13 13:42:41.919099  1477  1592 I input_focus: [Focus leaving 746af3e com.cloudflare.onedotonedotonedotone/com.cloudflare.app.presentation.main.MainActivity (server),reason=Waiting for window because NO_WINDOW]
06-13 13:42:41.947699  1477 10135 I sysui_multi_action: [757,128,758,1,793,52494,794,0,795,52494,796,26,798,1,806,android,857,DEVELOPER_IMPORTANT,858,4,946,ranker_group,947,0,1395,30,1500,9041,1688,1]
06-13 13:42:41.947930  1477 10135 I sysui_multi_action: [757,1501,758,1,793,52494,794,0,795,52494,796,26,806,android,857,DEVELOPER_IMPORTANT,858,4,946,ranker_group,947,0,1500,0,1688,1]
06-13 13:42:41.948046  1477 10135 I sysui_multi_action: [757,804,799,note_interruptive,801,0,802,1]
06-13 13:42:41.948087  1477 10135 I sysui_multi_action: [757,804,799,note_freshness,801,52494,802,1]
06-13 13:42:41.949569  1477 10135 I notification_visibility: [-1|android|26|null|1000,1,52494,52494,0,1]
06-13 13:42:41.952064  1477  1592 I input_focus: [Focus entering 895a52e NotificationShade (server),reason=Window became focusable. Previous reason: NOT_VISIBLE]
06-13 13:42:41.984263  1723  1760 I jank_cuj_events_begin_request: [0,1749811361983671000,304165236417998,59095035939598,Collapse]
06-13 13:42:41.987542 20915  5393 I gtalk_heartbeat_reset: [1114642,[2a00:1450:4013:c00::bc]:5228]
06-13 13:42:41.988960 20915  5393 I gtalk_connection: 0
06-13 13:42:42.110390  1723  1723 I service_manager_stats: [200,231,30593571]
06-13 13:42:42.368980  1723  1760 I jank_cuj_events_end_request: [0,1749811362368851000,304165621596460,59095421117829]
06-13 13:42:42.447428  1477  4480 I sysui_multi_action: [757,128,758,1,793,89828112,794,0,795,89828112,796,99,797,yKQr0jhRBbM,798,3,806,app.revanced.android.youtube,857,1,858,4,946,,947,0,1395,30,1500,5837,1688,1,1745,680407814]
06-13 13:42:42.447494  1477  4480 I sysui_multi_action: [757,1501,758,1,793,89828112,794,0,795,89828112,796,99,797,yKQr0jhRBbM,806,app.revanced.android.youtube,857,1,858,4,946,,947,0,1500,0,1688,1,1745,680407814]
06-13 13:42:42.447511  1477  4480 I sysui_multi_action: [757,804,799,note_interruptive,801,0,802,1]
06-13 13:42:42.447532  1477  4480 I sysui_multi_action: [757,804,799,note_freshness,801,89828112,802,1]
06-13 13:42:42.447541  1477  4480 I notification_visibility: [0|app.revanced.android.youtube|99|yKQr0jhRBbM|10219,1,89828112,89828112,0,3]
06-13 13:42:42.448020  1477  4480 I sysui_multi_action: [757,128,758,1,793,88749322,794,0,795,88749322,796,0,797,niGqZCO0b_8::c30e3689-7350-45f7-a6af-e74269dfa296,798,6,806,com.google.android.youtube,857,1,858,4,946,1605984775::SUMMARY::168161-47207ac8,947,0,1395,30,1500,4323,1688,1,1745,680407814]
06-13 13:42:42.448097  1477  4480 I sysui_multi_action: [757,1501,758,1,793,88749323,794,1,795,88749323,796,0,797,niGqZCO0b_8::c30e3689-7350-45f7-a6af-e74269dfa296,806,com.google.android.youtube,857,1,858,4,946,1605984775::SUMMARY::168161-47207ac8,947,0,1500,0,1688,1,1745,680407814]
06-13 13:42:42.448113  1477  4480 I sysui_multi_action: [757,804,799,note_interruptive,801,0,802,1]
06-13 13:42:42.448133  1477  4480 I sysui_multi_action: [757,804,799,note_freshness,801,88749322,802,1]
06-13 13:42:42.448143  1477  4480 I notification_visibility: [0|com.google.android.youtube|0|niGqZCO0b_8::c30e3689-7350-45f7-a6af-e74269dfa296|10154,1,88749322,88749322,0,6]
06-13 13:42:42.448342  1477  4480 I sysui_multi_action: [757,128,758,1,793,81704795,794,0,795,81704795,796,0,797,9S_7ikndDlY::492bd70c-2a58-4042-88a8-d3bc5437eef3,798,4,806,com.google.android.youtube,857,1,858,4,946,1605984775::SUMMARY::684964-638b016e,947,0,1395,30,1500,5310,1688,1,1745,680407814]
06-13 13:42:42.448389  1477  4480 I sysui_multi_action: [757,1501,758,1,793,81704795,794,0,795,81704795,796,0,797,9S_7ikndDlY::492bd70c-2a58-4042-88a8-d3bc5437eef3,806,com.google.android.youtube,857,1,858,4,946,1605984775::SUMMARY::684964-638b016e,947,0,1500,0,1688,1,1745,680407814]
06-13 13:42:42.448408  1477  4480 I sysui_multi_action: [757,804,799,note_interruptive,801,0,802,1]
06-13 13:42:42.448423  1477  4480 I sysui_multi_action: [757,804,799,note_freshness,801,81704795,802,1]
06-13 13:42:42.448432  1477  4480 I notification_visibility: [0|com.google.android.youtube|0|9S_7ikndDlY::492bd70c-2a58-4042-88a8-d3bc5437eef3|10154,1,81704795,81704795,0,4]
06-13 13:42:42.448635  1477  4480 I sysui_multi_action: [757,128,758,1,793,85145066,794,0,795,85145066,796,0,797,v-Zo_fKltYA::47a1f65b-5d84-4216-aaa5-ec2b1cb6104e,798,5,806,com.google.android.youtube,857,1,858,4,946,1605984775::SUMMARY::277326-c3fc21a6,947,0,1395,30,1500,4825,1688,1,1745,680407814]
06-13 13:42:42.448683  1477  4480 I sysui_multi_action: [757,1501,758,1,793,85145066,794,0,795,85145066,796,0,797,v-Zo_fKltYA::47a1f65b-5d84-4216-aaa5-ec2b1cb6104e,806,com.google.android.youtube,857,1,858,4,946,1605984775::SUMMARY::277326-c3fc21a6,947,0,1500,0,1688,1,1745,680407814]
06-13 13:42:42.448698  1477  4480 I sysui_multi_action: [757,804,799,note_interruptive,801,0,802,1]
06-13 13:42:42.448712  1477  4480 I sysui_multi_action: [757,804,799,note_freshness,801,85145066,802,1]
06-13 13:42:42.448720  1477  4480 I notification_visibility: [0|com.google.android.youtube|0|v-Zo_fKltYA::47a1f65b-5d84-4216-aaa5-ec2b1cb6104e|10154,1,85145066,85145066,0,5]
06-13 13:42:42.448912  1477  4480 I sysui_multi_action: [757,128,758,1,793,52739,794,0,795,52739,796,2147483647,797,ranker_group,798,0,806,android,857,DEVELOPER_IMPORTANT,858,4,946,ranker_group,947,1,1395,30,1500,52739,1688,1]
06-13 13:42:42.448930  1477  4480 I sysui_multi_action: [757,804,799,note_freshness,801,52739,802,1]
06-13 13:42:42.448940  1477  4480 I notification_visibility: [-1|android|2147483647|ranker_group|1000|ranker_group,1,52739,52739,0,0]
06-13 13:42:42.449124  1477  4480 I sysui_multi_action: [757,128,758,1,793,89827105,794,0,795,89827105,796,0,797,yKQr0jhRBbM::9391c5c2-bf55-4990-84d4-90acb115f44c,798,7,806,com.google.android.youtube,857,1,858,4,946,1605984775::SUMMARY::993495-e622b2b5,947,0,1395,30,1500,3826,1688,1,1745,680407814]
06-13 13:42:42.449198  1477  4480 I sysui_multi_action: [757,1501,758,1,793,89827105,794,0,795,89827105,796,0,797,yKQr0jhRBbM::9391c5c2-bf55-4990-84d4-90acb115f44c,806,com.google.android.youtube,857,1,858,4,946,1605984775::SUMMARY::993495-e622b2b5,947,0,1500,0,1688,1,1745,680407814]
06-13 13:42:42.449218  1477  4480 I sysui_multi_action: [757,804,799,note_interruptive,801,0,802,1]
06-13 13:42:42.449233  1477  4480 I sysui_multi_action: [757,804,799,note_freshness,801,89827105,802,1]
06-13 13:42:42.449265  1477  4480 I notification_visibility: [0|com.google.android.youtube|0|yKQr0jhRBbM::9391c5c2-bf55-4990-84d4-90acb115f44c|10154,1,89827105,89827105,0,7]
06-13 13:42:42.449413  1477  4480 I sysui_multi_action: [757,128,758,1,793,53002,794,0,795,53002,796,32,798,2,806,android,857,USB,858,1,946,ranker_group,947,0,1395,30,1500,9038,1688,1]
06-13 13:42:42.449457  1477  4480 I sysui_multi_action: [757,1501,758,1,793,53002,794,0,795,53002,796,32,806,android,857,USB,858,1,946,ranker_group,947,0,1500,0,1688,1]
06-13 13:42:42.449472  1477  4480 I sysui_multi_action: [757,804,799,note_interruptive,801,0,802,1]
06-13 13:42:42.449487  1477  4480 I sysui_multi_action: [757,804,799,note_freshness,801,53002,802,1]
06-13 13:42:42.449495  1477  4480 I notification_visibility: [-1|android|32|null|1000,1,53002,53002,0,2]
06-13 13:42:42.509548  1477  1517 I am_pss  : [4529,10115,com.google.android.gms,56430592,30642176,633856,204165120,0,3,14]
06-13 13:42:42.518133  1477  1517 I am_pss  : [5173,10047,com.google.android.apps.turbo,13853696,10653696,1236992,88387584,0,19,7]
06-13 13:42:42.714916  1477  1592 I input_interaction: Interaction with: 895a52e NotificationShade (server), PointerEventDispatcher0 (server), 
06-13 13:42:42.752738  1723  1760 I jank_cuj_events_begin_request: [2,1749811362752606000,304166005350614,59095804871983,]
06-13 13:42:42.950270  1477  4480 I sysui_multi_action: [757,128,758,1,793,156084533,794,0,795,156084533,796,416073950,797,gig:1384111047:^sq_ig_i_personal,798,18,806,com.google.android.gm,857,^nc_1_mail_ali.yldz5860@gmail.com,858,3,946,gig:1384111047:^sq_ig_i_personal,947,0,1395,30,1500,2991,1641,email,1688,1,1744,1,1745,2098068913]
06-13 13:42:42.950368  1477  4480 I sysui_multi_action: [757,1501,758,1,793,156084533,794,0,795,156084533,796,416073950,797,gig:1384111047:^sq_ig_i_personal,806,com.google.android.gm,857,^nc_1_mail_ali.yldz5860@gmail.com,858,3,946,gig:1384111047:^sq_ig_i_personal,947,0,1500,0,1641,email,1688,1,1744,1,1745,2098068913]
06-13 13:42:42.950385  1477  4480 I sysui_multi_action: [757,804,799,note_interruptive,801,0,802,1]
06-13 13:42:42.950401  1477  4480 I sysui_multi_action: [757,804,799,note_freshness,801,156084533,802,1]
06-13 13:42:42.950411  1477  4480 I notification_visibility: [0|com.google.android.gm|416073950|gig:1384111047:^sq_ig_i_personal|10153,1,156084533,156084533,0,18]
06-13 13:42:42.950727  1477  4480 I sysui_multi_action: [757,128,758,1,793,191967533,794,0,795,191967533,796,2345,797,ChFBbmRyb2lkTG9ja1NjcmVlbhIRTm9TY3JlZW5Mb2NrSXNzdWUYAA==,798,24,806,android,857,safety_center_recommendation,858,3,947,0,1395,30,1500,2990,1688,1]
06-13 13:42:42.950797  1477  4480 I sysui_multi_action: [757,1501,758,1,793,191967533,794,0,795,191967533,796,2345,797,ChFBbmRyb2lkTG9ja1NjcmVlbhIRTm9TY3JlZW5Mb2NrSXNzdWUYAA==,806,android,857,safety_center_recommendation,858,3,947,0,1500,0,1688,1]
06-13 13:42:42.950812  1477  4480 I sysui_multi_action: [757,804,799,note_interruptive,801,0,802,1]
06-13 13:42:42.950865  1477  4480 I sysui_multi_action: [757,804,799,note_freshness,801,191967533,802,1]
06-13 13:42:42.950874  1477  4480 I notification_visibility: [0|android|2345|ChFBbmRyb2lkTG9ja1NjcmVlbhIRTm9TY3JlZW5Mb2NrSXNzdWUYAA==|1000,1,191967533,191967533,0,24]
06-13 13:42:42.951090  1477  4480 I sysui_multi_action: [757,128,758,1,793,23559,794,0,795,23559,796,101,798,27,806,com.cloudflare.onedotonedotonedotone,857,VpnService,858,2,947,0,1395,30,1500,23559,1688,1]
06-13 13:42:42.951131  1477  4480 I sysui_multi_action: [757,804,799,note_freshness,801,23559,802,1]
06-13 13:42:42.951140  1477  4480 I notification_visibility: [0|com.cloudflare.onedotonedotonedotone|101|null|10212,1,23559,23559,0,27]
06-13 13:42:42.951310  1477  4480 I sysui_multi_action: [757,128,758,1,793,244304661,794,0,795,244298810,796,0,797,com.mediatek.duraspeed.DuraSpeedAppReceiver,798,25,806,com.mediatek.duraspeed,857,channel_01,858,3,947,0,1395,30,1500,244298810,1688,1]
06-13 13:42:42.951347  1477  4480 I sysui_multi_action: [757,804,799,note_freshness,801,244298810,802,1]
06-13 13:42:42.951358  1477  4480 I notification_visibility: [0|com.mediatek.duraspeed|0|com.mediatek.duraspeed.DuraSpeedAppReceiver|10165,1,244304661,244298810,0,25]
06-13 13:42:42.951598  1477  4480 I sysui_multi_action: [757,128,758,1,793,266243098,794,0,795,266243098,796,2147483647,797,ranker_group,798,19,806,com.google.android.gms,857,com.google.android.gms.noti-9e60d696,858,3,946,ranker_group,947,1,1395,30,1500,266243098,1688,1]
06-13 13:42:42.951639  1477  4480 I sysui_multi_action: [757,804,799,note_freshness,801,266243098,802,1]
06-13 13:42:42.951648  1477  4480 I notification_visibility: [0|com.google.android.gms|2147483647|ranker_group|10115|ranker_group,1,266243098,266243098,0,19]
06-13 13:42:42.951890  1477  4480 I sysui_multi_action: [757,128,758,1,793,170355315,794,0,795,170355315,796,1000,797,a:GMSCORE_STORE_RENDERER:d06ab8d7bfca0000:101463515329094664000,798,20,806,com.google.android.gms,857,com.google.android.gms.noti-9e60d696,858,3,946,ranker_group,947,0,1395,30,1500,2989,1688,1,1745,2098068913]
06-13 13:42:42.951946  1477  4480 I sysui_multi_action: [757,1501,758,1,793,170355315,794,0,795,170355315,796,1000,797,a:GMSCORE_STORE_RENDERER:d06ab8d7bfca0000:101463515329094664000,806,com.google.android.gms,857,com.google.android.gms.noti-9e60d696,858,3,946,ranker_group,947,0,1500,0,1688,1,1745,2098068913]
06-13 13:42:42.951962  1477  4480 I sysui_multi_action: [757,804,799,note_interruptive,801,0,802,1]
06-13 13:42:42.951977  1477  4480 I sysui_multi_action: [757,804,799,note_freshness,801,170355315,802,1]
06-13 13:42:42.952001  1477  4480 I notification_visibility: [0|com.google.android.gms|1000|a:GMSCORE_STORE_RENDERER:d06ab8d7bfca0000:101463515329094664000|10115,1,170355315,170355315,0,20]
06-13 13:42:42.952191  1477  4480 I sysui_multi_action: [757,128,758,1,793,263831770,794,0,795,191979779,796,0,797,com.google.android.gms.auth.TokenNotificationManager:5e4bb754a40f19166e8fe0549dd78117:com.google,798,21,806,com.google.android.gms,857,com.google.android.gms.auth-2289e1ec,858,3,946,ranker_group,947,0,1395,30,1500,2990,1688,1]
06-13 13:42:42.952237  1477  4480 I sysui_multi_action: [757,1501,758,1,793,263831770,794,0,795,191979779,796,0,797,com.google.android.gms.auth.TokenNotificationManager:5e4bb754a40f19166e8fe0549dd78117:com.google,806,com.google.android.gms,857,com.google.android.gms.auth-2289e1ec,858,3,946,ranker_group,947,0,1500,0,1688,1]
06-13 13:42:42.952272  1477  4480 I sysui_multi_action: [757,804,799,note_interruptive,801,0,802,1]
06-13 13:42:42.952288  1477  4480 I sysui_multi_action: [757,804,799,note_freshness,801,191979779,802,1]
06-13 13:42:42.952299  1477  4480 I notification_visibility: [0|com.google.android.gms|0|com.google.android.gms.auth.TokenNotificationManager:5e4bb754a40f19166e8fe0549dd78117:com.google|10115,1,263831770,191979779,0,21]
06-13 13:42:42.952453  1477  4480 I sysui_multi_action: [757,128,758,1,793,109556328,794,0,795,109556328,796,99,797,SHORTS_UNSUBSCRIBED,798,26,806,app.revanced.android.youtube,857,5,858,2,946,,947,0,1395,30,1500,2987,1688,1,1745,680407814]
06-13 13:42:42.952498  1477  4480 I sysui_multi_action: [757,1501,758,1,793,109556328,794,0,795,109556328,796,99,797,SHORTS_UNSUBSCRIBED,806,app.revanced.android.youtube,857,5,858,2,946,,947,0,1500,0,1688,1,1745,680407814]
06-13 13:42:42.952512  1477  4480 I sysui_multi_action: [757,804,799,note_interruptive,801,0,802,1]
06-13 13:42:42.952526  1477  4480 I sysui_multi_action: [757,804,799,note_freshness,801,109556328,802,1]
06-13 13:42:42.952534  1477  4480 I notification_visibility: [0|app.revanced.android.youtube|99|SHORTS_UNSUBSCRIBED|10219,1,109556328,109556328,0,26]
06-13 13:42:42.952706  1477  4480 I sysui_multi_action: [757,128,758,1,793,266199000,794,0,795,266199000,796,1000,797,a:GMSCORE_STORE_RENDERER:2fe62cf56fca0000:101463515329094664000,798,22,806,com.google.android.gms,857,com.google.android.gms.noti-9e60d696,858,3,946,ranker_group,947,0,1395,30,1500,2986,1688,1,1745,2098068913]
