06-13 13:57:52.364875  1477  1517 I am_pss  : [11730,90000,com.android.chrome:sandboxed_process0:org.chromium.content.app.SandboxedProcessService0:0,41993216,28712960,689152,132046848,0,19,18]
06-13 13:57:52.365954  1477 10133 I am_proc_died: [0,7463,android.process.acore,999,19]
06-13 13:57:52.366851  1477 10133 I am_uid_stopped: 10041
06-13 13:57:52.382399  1477  1517 I am_pss  : [11661,10155,com.android.chrome:privileged_process0,29627392,15482880,622592,130048000,0,19,14]
06-13 13:57:52.393676  1477  1517 I am_pss  : [9217,10122,com.google.android.as.oss,18091008,15572992,614400,99942400,0,19,10]
06-13 13:57:52.406083  1477  1517 I am_pss  : [10364,10129,com.android.vending:quick_launch,44406784,25808896,604160,159756288,0,19,12]
06-13 13:57:56.649933  1477  1518 I am_uid_idle: 10116
06-13 13:58:10.192571   494   494 I auditd  : avc:  denied  { add } for pid=1477 uid=1000 name=vendor.mediatek.hardware.mbrainj.IMBrainJava/default scontext=u:r:system_server:s0 tcontext=u:object_r:default_android_service:s0 tclass=service_manager permissive=0
06-13 13:58:10.210677   494   494 I auditd  : avc:  denied  { add } for pid=1477 uid=1000 name=vendor.mediatek.hardware.mbrainj.IMBrainJava/default scontext=u:r:system_server:s0 tcontext=u:object_r:default_android_service:s0 tclass=service_manager permissive=0
06-13 13:58:10.222540  1477  1517 I am_pss  : [11264,10154,com.google.android.youtube,405382144,385458176,517120,569548800,0,2,45]
06-13 13:58:59.489533  1477  1519 I am_proc_start: [0,11868,10117,com.google.android.apps.messaging,content provider,{com.google.android.apps.messaging/com.google.android.apps.messaging.shared.datamodel.provider.sharedstorage.SharedStorageProvider}]
06-13 13:58:59.497000 11868 11868 I auditd  : type=1400 audit(0.0:12058): avc:  denied  { read } for  comm="main" name="u:object_r:vendor_prize_fp_prop:s0" dev="tmpfs" ino=11299 scontext=u:r:priv_app:s0:c512,c768 tcontext=u:object_r:vendor_prize_fp_prop:s0 tclass=file permissive=0 app=com.google.android.apps.messaging
06-13 13:58:59.515370  1477  2909 I am_proc_bound: [0,11868,com.google.android.apps.messaging]
06-13 13:58:59.810988   494   494 I auditd  : avc:  denied  { find } for pid=11868 uid=10117 name=vendor.mediatek.hardware.mbrain.IMBrain/default scontext=u:r:priv_app:s0:c512,c768 tcontext=u:object_r:default_android_service:s0 tclass=service_manager permissive=0
06-13 13:59:20.988724  1477  2909 I am_uid_running: 10041
06-13 13:59:21.014007  1477  1519 I am_proc_start: [0,11941,10041,android.process.acore,content provider,{com.android.providers.contacts/com.android.providers.contacts.ContactsProvider2}]
06-13 13:59:21.025000 11941 11941 I auditd  : type=1400 audit(0.0:12059): avc:  denied  { read } for  comm="main" name="u:object_r:vendor_prize_fp_prop:s0" dev="tmpfs" ino=11299 scontext=u:r:priv_app:s0:c512,c768 tcontext=u:object_r:vendor_prize_fp_prop:s0 tclass=file permissive=0 app=com.android.calllogbackup
06-13 13:59:21.046288  1477  2909 I am_proc_bound: [0,11941,android.process.acore]
06-13 13:59:29.952504  1477  2909 I am_kill : [0,6564,com.google.android.permissioncontroller,995,empty #11]
06-13 13:59:30.010758  1477  2909 I am_proc_died: [0,6564,com.google.android.permissioncontroller,995,19]
06-13 13:59:30.011173  1477  2909 I am_uid_stopped: 10199
06-13 13:59:30.014200  1477  2909 I am_kill : [0,10364,com.android.vending:quick_launch,999,empty #11]
06-13 13:59:30.017397   494   494 I auditd  : avc:  denied  { add } for pid=1477 uid=1000 name=vendor.mediatek.hardware.mbrainj.IMBrainJava/default scontext=u:r:system_server:s0 tcontext=u:object_r:default_android_service:s0 tclass=service_manager permissive=0
06-13 13:59:30.032579  1477  1517 I am_pss  : [10105,10129,com.android.vending,132929536,108048384,564224,271790080,0,4,16]
06-13 13:59:30.045753  1477  1517 I am_pss  : [5010,10212,com.cloudflare.onedotonedotonedotone,83517440,76513280,536576,217268224,0,4,12]
06-13 13:59:30.057320  1477  2909 I am_proc_died: [0,10364,com.android.vending:quick_launch,999,19]
06-13 13:59:44.638185  1477  1578 I commit_sys_config_file: [settings-0-0,11]
06-13 13:59:45.998374  1477  1477 I notification_cancel_all: [1000,1477,io.appium.uiautomator2.server,0,0,0,5,NULL]
06-13 13:59:46.028562  1477  1517 I am_pss  : [11264,10154,com.google.android.youtube,410173440,387518464,517120,570130432,0,2,41]
06-13 13:59:46.047143  1477  1517 I am_pss  : [11868,10117,com.google.android.apps.messaging,125069312,118124544,594944,221044736,0,19,16]
06-13 13:59:46.051034  1477  1477 I notification_cancel_all: [1000,1477,io.appium.uiautomator2.server.test,0,0,0,5,NULL]
06-13 13:59:47.045000 12035 12035 I auditd  : type=1400 audit(0.0:12060): avc:  denied  { read } for  comm="main" name="u:object_r:build_attestation_prop:s0" dev="tmpfs" ino=7646 scontext=u:r:shell:s0 tcontext=u:object_r:build_attestation_prop:s0 tclass=file permissive=0
06-13 13:59:47.045000 12035 12035 I auditd  : type=1400 audit(0.0:12061): avc:  denied  { read } for  comm="main" name="u:object_r:build_attestation_prop:s0" dev="tmpfs" ino=7646 scontext=u:r:shell:s0 tcontext=u:object_r:build_attestation_prop:s0 tclass=file permissive=0
06-13 13:59:47.045000 12035 12035 I auditd  : type=1400 audit(0.0:12062): avc:  denied  { read } for  comm="main" name="u:object_r:build_attestation_prop:s0" dev="tmpfs" ino=7646 scontext=u:r:shell:s0 tcontext=u:object_r:build_attestation_prop:s0 tclass=file permissive=0
06-13 13:59:47.045000 12035 12035 I auditd  : type=1400 audit(0.0:12063): avc:  denied  { read } for  comm="main" name="u:object_r:system_mtk_app32_boost_prop:s0" dev="tmpfs" ino=7866 scontext=u:r:shell:s0 tcontext=u:object_r:system_mtk_app32_boost_prop:s0 tclass=file permissive=0
06-13 13:59:47.045000 12035 12035 I auditd  : type=1400 audit(0.0:12064): avc:  denied  { read } for  comm="main" name="u:object_r:system_mtk_app32_boost_prop:s0" dev="tmpfs" ino=7866 scontext=u:r:shell:s0 tcontext=u:object_r:system_mtk_app32_boost_prop:s0 tclass=file permissive=0
06-13 13:59:47.045000 12035 12035 I auditd  : type=1400 audit(0.0:12065): avc:  denied  { read } for  comm="main" name="u:object_r:system_mtk_app32_boost_prop:s0" dev="tmpfs" ino=7866 scontext=u:r:shell:s0 tcontext=u:object_r:system_mtk_app32_boost_prop:s0 tclass=file permissive=0
06-13 13:59:47.083080 12035 12035 I service_manager_slow: [10,activity]
06-13 13:59:47.092297  1477  2026 I am_uid_running: 10247
06-13 13:59:47.110931  1477  1519 I am_proc_start: [0,12046,10247,io.appium.uiautomator2.server,added application,io.appium.uiautomator2.server]
06-13 13:59:47.121000 12046 12046 I auditd  : type=1400 audit(0.0:12066): avc:  denied  { read } for  comm="main" name="u:object_r:vendor_prize_fp_prop:s0" dev="tmpfs" ino=11299 scontext=u:r:untrusted_app:s0:c247,c256,c512,c768 tcontext=u:object_r:vendor_prize_fp_prop:s0 tclass=file permissive=0 app=io.appium.uiautomator2.server
06-13 13:59:47.179320  1477  2026 I am_proc_bound: [0,12046,io.appium.uiautomator2.server]
06-13 13:59:47.183023  1477  2026 I am_uid_active: 10247
06-13 13:59:49.316062  1477  1578 I commit_sys_config_file: [settings-2-0,5]
06-13 13:59:49.317000 12046 12046 I auditd  : type=1400 audit(0.0:12067): avc:  denied  { read } for  comm="Thread-5" name="somaxconn" dev="proc" ino=2794987 scontext=u:r:untrusted_app:s0:c247,c256,c512,c768 tcontext=u:object_r:proc_net:s0 tclass=file permissive=0 app=io.appium.uiautomator2.server
06-13 13:59:56.058486  1477  1543 I commit_sys_config_file: [package-user-0,22]
06-13 14:00:00.006949  1477  1518 I am_uid_active: 99901000
06-13 14:00:00.045545  1477  1517 I am_pss  : [12046,10247,io.appium.uiautomator2.server,69878784,58855424,1988608,155111424,0,4,20]
06-13 14:00:00.063877  1477  1517 I am_pss  : [11941,10041,android.process.acore,14605312,11653120,587776,99237888,0,19,12]
06-13 14:00:00.069047  1477  1559 I am_kill : [0,9217,com.google.android.as.oss,999,empty #11]
06-13 14:00:00.107121  1477  1559 I am_proc_died: [0,9217,com.google.android.as.oss,999,19]
06-13 14:00:00.107460  1477  1559 I am_uid_stopped: 10122
06-13 14:00:00.147250  1477  2909 I am_kill : [0,11393,com.google.android.apps.wellbeing,999,empty #11]
06-13 14:00:00.169000   553   553 I auditd  : type=1400 audit(0.0:12068): avc:  denied  { read } for  comm="binder:553_3" name="wakeup126" dev="sysfs" ino=37180 scontext=u:r:system_suspend:s0 tcontext=u:object_r:sysfs:s0 tclass=dir permissive=0
06-13 14:00:00.179111  1477  2909 I am_proc_died: [0,11393,com.google.android.apps.wellbeing,999,19]
06-13 14:00:00.180011  1477  2909 I am_uid_stopped: 10116
06-13 14:00:00.261000   553   553 I auditd  : type=1400 audit(0.0:12069): avc:  denied  { read } for  comm="binder:553_3" name="wakeup130" dev="sysfs" ino=38009 scontext=u:r:system_suspend:s0 tcontext=u:object_r:sysfs:s0 tclass=dir permissive=0
06-13 14:00:00.277000   553   553 I auditd  : type=1400 audit(0.0:12070): avc:  denied  { read } for  comm="binder:553_3" name="wakeup129" dev="sysfs" ino=37962 scontext=u:r:system_suspend:s0 tcontext=u:object_r:sysfs:s0 tclass=dir permissive=0
06-13 14:00:00.285000   553   553 I auditd  : type=1400 audit(0.0:12071): avc:  denied  { read } for  comm="binder:553_3" name="wakeup147" dev="sysfs" ino=41954 scontext=u:r:system_suspend:s0 tcontext=u:object_r:sysfs:s0 tclass=dir permissive=0
06-13 14:00:00.301000   553   553 I auditd  : type=1400 audit(0.0:12072): avc:  denied  { read } for  comm="binder:553_3" name="wakeup145" dev="sysfs" ino=41916 scontext=u:r:system_suspend:s0 tcontext=u:object_r:sysfs:s0 tclass=dir permissive=0
06-13 14:00:00.349000   553   553 I auditd  : type=1400 audit(0.0:12073): avc:  denied  { read } for  comm="binder:553_3" name="wakeup148" dev="sysfs" ino=42185 scontext=u:r:system_suspend:s0 tcontext=u:object_r:sysfs:s0 tclass=dir permissive=0
06-13 14:00:00.517000   553   553 I auditd  : type=1400 audit(0.0:12074): avc:  denied  { read } for  comm="binder:553_3" name="wakeup126" dev="sysfs" ino=37180 scontext=u:r:system_suspend:s0 tcontext=u:object_r:sysfs:s0 tclass=dir permissive=0
06-13 14:00:00.521000   553   553 I auditd  : type=1400 audit(0.0:12075): avc:  denied  { read } for  comm="binder:553_3" name="wakeup130" dev="sysfs" ino=38009 scontext=u:r:system_suspend:s0 tcontext=u:object_r:sysfs:s0 tclass=dir permissive=0
06-13 14:00:00.525000   553   553 I auditd  : type=1400 audit(0.0:12076): avc:  denied  { read } for  comm="binder:553_3" name="wakeup129" dev="sysfs" ino=37962 scontext=u:r:system_suspend:s0 tcontext=u:object_r:sysfs:s0 tclass=dir permissive=0
06-13 14:00:03.878373  1477  1517 I am_pss  : [6619,10244,io.appium.settings,40816640,28897280,463872,141615104,0,4,20]
06-13 14:00:06.572478  1477  1517 I am_pss  : [11868,10117,com.google.android.apps.messaging,124753920,117985280,610304,221061120,0,19,26]
06-13 14:00:10.062768  1477  1517 I am_pss  : [12046,10247,io.appium.uiautomator2.server,56133632,46559232,490496,143208448,0,4,18]
06-13 14:00:10.281211 20915 11615 I gtalk_conn_close: [276,478]
06-13 14:00:10.619003  1723  1760 I jank_cuj_events_end_request: [55,1749812410618803000,305213871551907,60143671074430]
06-13 14:00:10.655695  1989  2876 I jank_cuj_events_end_request: [11,1749812410655505000,305213908254061,60143707776891]
06-13 14:00:10.658453  1989  2876 I jank_cuj_events_end_request: [11,1749812410658027000,305213910774676,60143710296660]
06-13 14:00:10.659407  1989  2876 I jank_cuj_events_end_request: [9,1749812410658113000,305213910857138,60143710378737]
06-13 14:00:10.659716  1989  2876 I jank_cuj_events_end_request: [66,1749812410658122000,305213910864830,60143710386430]
06-13 14:00:10.667518  1477 10130 I wm_task_moved: [47,47,0,1,2]
06-13 14:00:10.667706  1477 10130 I wm_task_to_front: [0,47,0]
06-13 14:00:10.685970  1989  1989 I wm_on_top_resumed_lost_called: [103396319,com.android.searchlauncher.SearchLauncher,topStateChangedWhenResumed]
06-13 14:00:10.700159  1477 10130 I wm_set_resumed_activity: [0,com.google.android.youtube/.app.honeycomb.Shell$HomeActivity,positionChildTaskAt]
06-13 14:00:10.700314  1477 10130 I wm_task_moved: [1,1,0,0,1]
06-13 14:00:10.701041  1477 10130 I wm_add_to_stopping: [0,103396319,com.android.launcher3/com.android.searchlauncher.SearchLauncher,makeInvisible]
06-13 14:00:10.714303  1477 10130 I wm_pause_activity: [0,103396319,com.android.launcher3/com.android.searchlauncher.SearchLauncher,userLeaving=true,finishTransition]
06-13 14:00:10.727486  1477  1509 I wm_wallpaper_surface: [0,0,Window{90b7389 u0 com.android.launcher3/com.android.searchlauncher.SearchLauncher}]
06-13 14:00:10.732243   494   494 I auditd  : avc:  denied  { add } for pid=1477 uid=1000 name=vendor.mediatek.hardware.mbrainj.IMBrainJava/default scontext=u:r:system_server:s0 tcontext=u:object_r:default_android_service:s0 tclass=service_manager permissive=0
06-13 14:00:10.732389 11264 11264 I wm_on_top_resumed_gained_called: [164711981,com.google.android.youtube.app.honeycomb.Shell$HomeActivity,topStateChangedWhenResumed]
06-13 14:00:10.749743  1477  1509 I input_focus: [Focus request 6b3aa8 com.google.android.youtube/com.google.android.youtube.app.honeycomb.Shell$HomeActivity,reason=UpdateInputWindows]
06-13 14:00:10.757025  1989  1989 I wm_on_paused_called: [103396319,com.android.searchlauncher.SearchLauncher,performPause,1]
06-13 14:00:10.765177  1477  1505 I sysui_multi_action: [757,803,799,window_time_0,802,205]
06-13 14:00:10.766347  1477  1508 I wm_stop_activity: [0,103396319,com.android.launcher3/com.android.searchlauncher.SearchLauncher]
06-13 14:00:10.778939  1477  1592 I input_focus: [Focus leaving recents_animation_input_consumer (server),reason=setFocusedWindow]
06-13 14:00:10.779066  1477  1592 I input_focus: [Focus entering 6b3aa8 com.google.android.youtube/com.google.android.youtube.app.honeycomb.Shell$HomeActivity (server),reason=setFocusedWindow]
06-13 14:00:10.827392  1989  1989 I wm_on_stop_called: [103396319,com.android.searchlauncher.SearchLauncher,STOP_ACTIVITY_ITEM,8]
06-13 14:00:11.831542  1723  1723 I sysui_multi_action: [757,931,758,4,759,3,932,0,933,0]
06-13 14:00:11.893746  1723  1723 I sysui_multi_action: [757,931,758,4,759,3,932,0,933,1]
06-13 14:00:11.904973  1477  1506 I wm_task_moved: [1,1,0,1,2]
06-13 14:00:11.905315  1477  1506 I wm_task_moved: [7,1,0,1,2147483647]
06-13 14:00:11.905372  1477  1506 I wm_task_to_front: [0,7,0]
06-13 14:00:11.905572  1477  1506 I wm_focused_root_task: [0,0,1,47,bringingFoundTaskToFront]
06-13 14:00:11.905732 11264 11264 I wm_on_top_resumed_lost_called: [164711981,com.google.android.youtube.app.honeycomb.Shell$HomeActivity,topStateChangedWhenResumed]
06-13 14:00:11.906574  1477  1506 I wm_set_resumed_activity: [0,com.android.launcher3/com.android.searchlauncher.SearchLauncher,bringingFoundTaskToFront]
06-13 14:00:11.906769  1477  1506 I wm_new_intent: [0,103396319,7,com.android.launcher3/com.android.searchlauncher.SearchLauncher,android.intent.action.MAIN,NULL,NULL,268435712]
06-13 14:00:11.907341  1477  1506 I wm_pause_activity: [0,164711981,com.google.android.youtube/.app.honeycomb.Shell$HomeActivity,userLeaving=true,pauseBackTasks]
06-13 14:00:11.910568  1477  1509 I input_focus: [Requesting to set focus to null window,reason=UpdateInputWindows]
06-13 14:00:11.917894 11264 11264 I wm_on_paused_called: [164711981,com.google.android.youtube.app.honeycomb.Shell$HomeActivity,performPause,3]
06-13 14:00:11.921208  1477 10133 I wm_set_resumed_activity: [0,com.android.launcher3/com.android.searchlauncher.SearchLauncher,resumeTopActivity - onActivityStateChanged]
06-13 14:00:11.925506  1477 10133 I wm_add_to_stopping: [0,164711981,com.google.android.youtube/.app.honeycomb.Shell$HomeActivity,makeInvisible]
06-13 14:00:11.926070  1477  1592 I input_focus: [Focus leaving 6b3aa8 com.google.android.youtube/com.google.android.youtube.app.honeycomb.Shell$HomeActivity (server),reason=Waiting for window because NO_WINDOW]
06-13 14:00:11.926948  1477 10133 I wm_resume_activity: [0,103396319,7,com.android.launcher3/com.android.searchlauncher.SearchLauncher]
06-13 14:00:11.928166  1989  1989 I wm_on_restart_called: [103396319,com.android.searchlauncher.SearchLauncher,performRestart,0]
06-13 14:00:11.929612  1477  1505 I sysui_multi_action: [757,803,799,window_time_0,802,1]
06-13 14:00:11.938650  1989  1989 I wm_on_start_called: [103396319,com.android.searchlauncher.SearchLauncher,handleStartActivity,10]
06-13 14:00:11.944053  1989  1989 I wm_on_resume_called: [103396319,com.android.searchlauncher.SearchLauncher,RESUME_ACTIVITY,2]
06-13 14:00:11.944250  1989  1989 I wm_on_top_resumed_gained_called: [103396319,com.android.searchlauncher.SearchLauncher,topWhenResuming]
06-13 14:00:11.966029  1477  1509 I input_focus: [Focus request 90b7389 com.android.launcher3/com.android.searchlauncher.SearchLauncher,reason=UpdateInputWindows]
06-13 14:00:12.013393  1477  1509 I wm_wallpaper_surface: [0,1,Window{90b7389 u0 com.android.launcher3/com.android.searchlauncher.SearchLauncher}]
06-13 14:00:12.039594  1477  1505 I sysui_multi_action: [319,134,322,113,325,60144,757,761,758,9,759,2,806,com.android.launcher3,871,com.android.searchlauncher.SearchLauncher,905,0,1320,8,1321,5]
06-13 14:00:12.052042  1723  1760 I jank_cuj_events_end_request: [55,1749812412051883000,305215304629830,60145104151430]
06-13 14:00:12.133176  1989  2876 I jank_cuj_events_begin_request: [9,1749812412133038000,305215385782676,60145185304891,]
06-13 14:00:12.146412   494   494 I auditd  : avc:  denied  { add } for pid=1477 uid=1000 name=vendor.mediatek.hardware.mbrainj.IMBrainJava/default scontext=u:r:system_server:s0 tcontext=u:object_r:default_android_service:s0 tclass=service_manager permissive=0
06-13 14:00:12.153303  1477  1592 I input_focus: [Focus entering 90b7389 com.android.launcher3/com.android.searchlauncher.SearchLauncher (server),reason=Window became focusable. Previous reason: NOT_VISIBLE]
06-13 14:00:12.401428  1989  2876 I jank_cuj_events_end_request: [9,1749812412401321000,305215654065522,60145453587045]
06-13 14:00:12.414817  1477  1508 I wm_stop_activity: [0,164711981,com.google.android.youtube/.app.honeycomb.Shell$HomeActivity]
06-13 14:00:12.513417 11264 11264 I wm_on_stop_called: [164711981,com.google.android.youtube.app.honeycomb.Shell$HomeActivity,STOP_ACTIVITY_ITEM,51]
06-13 14:00:13.235347  1723  1760 I jank_cuj_events_end_request: [55,1749812413235095000,305216487841446,60146287363045]
06-13 14:00:13.668412  1477  1610 I netstats_mobile_sample: [0,0,0,0,0,0,0,0,1749812413315]
06-13 14:00:13.670169  1477  1610 I netstats_wifi_sample: [837414342,61341105,909237,290917,835255151,59995090,855684,279627,1749812413315]
06-13 14:00:13.717742  1477  1592 I input_interaction: Interaction with: 90b7389 com.android.launcher3/com.android.searchlauncher.SearchLauncher (server), db174de com.android.systemui.wallpapers.ImageWallpaper (server), PointerEventDispatcher0 (server), 
06-13 14:00:13.719352  1989  2876 I jank_cuj_events_begin_request: [25,1749812413719047000,305216971792522,60146771314122,]
06-13 14:00:13.719413  1989  2876 I jank_cuj_events_begin_request: [67,1749812413719197000,305216971939292,60146771460891,]
06-13 14:00:13.739103  1989  2876 I jank_cuj_events_cancel_request: [25,1749812413738903000,305216991647599,60146791168968]
06-13 14:00:13.739152  1989  2876 I jank_cuj_events_cancel_request: [67,1749812413738941000,305216991683292,60146791204661]
06-13 14:00:14.247075  1989  2876 I jank_cuj_events_begin_request: [25,1749812414246869000,305217499614676,60147299136276,]
06-13 14:00:14.247154  1989  2876 I jank_cuj_events_begin_request: [67,1749812414246978000,305217499720523,60147299241891,]
06-13 14:00:14.343282  1989  2876 I jank_cuj_events_cancel_request: [25,1749812414343151000,305217595895676,60147395417199]
06-13 14:00:14.343375  1989  2876 I jank_cuj_events_cancel_request: [67,1749812414343184000,305217595926446,60147395447968]
06-13 14:00:14.367856  1477 10130 I wm_task_created: 48
06-13 14:00:14.382119  1477 10130 I wm_task_moved: [48,48,0,1,3]
06-13 14:00:14.382345  1477 10130 I wm_task_to_front: [0,48,0]
06-13 14:00:14.383532  1477 10130 I wm_create_task: [0,48,48,0]
06-13 14:00:14.383821  1477 10130 I wm_create_activity: [0,199841701,48,com.google.android.dialer/.extensions.GoogleDialtactsActivity,android.intent.action.MAIN,NULL,NULL,270532608]
06-13 14:00:14.384489  1477 10130 I wm_task_moved: [48,48,0,1,3]
06-13 14:00:14.388605  1477 10130 I wm_pause_activity: [0,103396319,com.android.launcher3/com.android.searchlauncher.SearchLauncher,userLeaving=true,pauseBackTasks]
06-13 14:00:14.396273  1477  1508 I am_uid_running: 10125
06-13 14:00:14.397031  1989  1989 I wm_on_top_resumed_lost_called: [103396319,com.android.searchlauncher.SearchLauncher,topStateChangedWhenResumed]
06-13 14:00:14.397895  1989  1989 I wm_on_paused_called: [103396319,com.android.searchlauncher.SearchLauncher,performPause,1]
06-13 14:00:14.400857  1477  6493 I wm_add_to_stopping: [0,103396319,com.android.launcher3/com.android.searchlauncher.SearchLauncher,makeInvisible]
06-13 14:00:14.401211  1477  1505 I sysui_multi_action: [757,803,799,window_time_0,802,2]
06-13 14:00:14.411833  1477  1519 I am_proc_start: [0,12112,10125,com.google.android.dialer,next-top-activity,{com.google.android.dialer/com.google.android.dialer.extensions.GoogleDialtactsActivity}]
06-13 14:00:14.419538  1477  1592 I input_focus: [Focus leaving 90b7389 com.android.launcher3/com.android.searchlauncher.SearchLauncher (server),reason=NO_WINDOW]
06-13 14:00:14.425000 12112 12112 I auditd  : type=1400 audit(0.0:12080): avc:  denied  { read } for  comm="main" name="u:object_r:vendor_prize_fp_prop:s0" dev="tmpfs" ino=11299 scontext=u:r:priv_app:s0:c512,c768 tcontext=u:object_r:vendor_prize_fp_prop:s0 tclass=file permissive=0 app=com.google.android.deskclock
06-13 14:00:14.447628  1477 10133 I am_proc_bound: [0,12112,com.google.android.dialer]
06-13 14:00:14.465306  1477 10133 I wm_restart_activity: [0,199841701,48,com.google.android.dialer/.extensions.GoogleDialtactsActivity]
06-13 14:00:14.465698  1989  2876 I jank_cuj_events_begin_request: [8,1749812414465125000,305217717869523,60147517391122,]
06-13 14:00:14.466179  1477 10133 I wm_set_resumed_activity: [0,com.google.android.dialer/.extensions.GoogleDialtactsActivity,minimalResumeActivityLocked - onActivityStateChanged]
06-13 14:00:14.468710  1477  1508 I am_uid_active: 10125
06-13 14:00:14.471629   494   494 I auditd  : avc:  denied  { add } for pid=1477 uid=1000 name=vendor.mediatek.hardware.mbrainj.IMBrainJava/default scontext=u:r:system_server:s0 tcontext=u:object_r:default_android_service:s0 tclass=service_manager permissive=0
06-13 14:00:14.529000   553   553 I auditd  : type=1400 audit(0.0:12081): avc:  denied  { read } for  comm="binder:553_3" name="wakeup126" dev="sysfs" ino=37180 scontext=u:r:system_suspend:s0 tcontext=u:object_r:sysfs:s0 tclass=dir permissive=0
06-13 14:00:14.581000   553   553 I auditd  : type=1400 audit(0.0:12082): avc:  denied  { read } for  comm="binder:553_3" name="wakeup130" dev="sysfs" ino=38009 scontext=u:r:system_suspend:s0 tcontext=u:object_r:sysfs:s0 tclass=dir permissive=0
06-13 14:00:14.601000   553   553 I auditd  : type=1400 audit(0.0:12083): avc:  denied  { read } for  comm="binder:553_3" name="wakeup129" dev="sysfs" ino=37962 scontext=u:r:system_suspend:s0 tcontext=u:object_r:sysfs:s0 tclass=dir permissive=0
06-13 14:00:14.609000   553   553 I auditd  : type=1400 audit(0.0:12084): avc:  denied  { read } for  comm="binder:553_3" name="wakeup147" dev="sysfs" ino=41954 scontext=u:r:system_suspend:s0 tcontext=u:object_r:sysfs:s0 tclass=dir permissive=0
06-13 14:00:14.647872  1989  2876 I jank_cuj_events_end_request: [8,1749812414647706000,305217900450369,60147699971968]
06-13 14:00:14.667336  1477  1509 I wm_wallpaper_surface: [0,0,Window{90b7389 u0 com.android.launcher3/com.android.searchlauncher.SearchLauncher}]
06-13 14:00:14.847010   494   494 I auditd  : avc:  denied  { find } for pid=12112 uid=10125 name=vendor.mediatek.hardware.mbrain.IMBrain/default scontext=u:r:priv_app:s0:c512,c768 tcontext=u:object_r:default_android_service:s0 tclass=service_manager permissive=0
06-13 14:00:15.073224 12112 12112 I wm_on_create_called: [199841701,com.google.android.dialer.extensions.GoogleDialtactsActivity,performCreate,148]
06-13 14:00:15.206919  1477 10133 I am_uid_active: 10041
06-13 14:00:15.230832 12112 12112 I wm_on_start_called: [199841701,com.google.android.dialer.extensions.GoogleDialtactsActivity,handleStartActivity,155]
06-13 14:00:15.236112  1477 10130 I am_uid_active: 10146
06-13 14:00:15.247491 12112 12112 I wm_on_resume_called: [199841701,com.google.android.dialer.extensions.GoogleDialtactsActivity,RESUME_ACTIVITY,10]
06-13 14:00:15.290306 12112 12112 I wm_on_top_resumed_gained_called: [199841701,com.google.android.dialer.extensions.GoogleDialtactsActivity,topStateChangedWhenResumed]
06-13 14:00:15.298366  1477  6493 I am_uid_running: 10120
06-13 14:00:15.323429  1477  1519 I am_proc_start: [0,12163,10120,com.google.android.projection.gearhead:provider,content provider,{com.google.android.projection.gearhead/com.google.android.apps.auto.components.projectionstate.ProjectionStateProvider}]
06-13 14:00:15.333542  1477  1509 I input_focus: [Focus request eab5f47 com.google.android.dialer/com.google.android.dialer.extensions.GoogleDialtactsActivity,reason=UpdateInputWindows]
06-13 14:00:15.362692  1477 10130 I am_proc_bound: [0,12163,com.google.android.projection.gearhead:provider]
06-13 14:00:15.372151  1477 10130 I am_uid_active: 10120
06-13 14:00:15.902065   494   494 I auditd  : avc:  denied  { find } for pid=12112 uid=10125 name=vendor.mediatek.hardware.mbrain.IMBrain/default scontext=u:r:priv_app:s0:c512,c768 tcontext=u:object_r:default_android_service:s0 tclass=service_manager permissive=0
06-13 14:00:15.913491  1723  1760 I jank_cuj_events_begin_request: [39,1749812415913366000,305219166111292,60148965632968,]
06-13 14:00:15.914193  1477  1505 I sysui_multi_action: [319,104,321,93,322,1563,325,60147,757,761,758,7,759,1,806,com.google.android.dialer,871,com.google.android.dialer.extensions.GoogleDialtactsActivity,904,com.android.launcher3,905,0,945,115,1320,9,1321,5]
06-13 14:00:15.914953  1477  1505 I wm_activity_launch_time: [0,199841701,com.google.android.dialer/.extensions.GoogleDialtactsActivity,1563]
06-13 14:00:15.920991  1477  1592 I input_focus: [Focus entering eab5f47 com.google.android.dialer/com.google.android.dialer.extensions.GoogleDialtactsActivity (server),reason=Window became focusable. Previous reason: NOT_VISIBLE]
06-13 14:00:15.949318  1477  1505 I sysui_multi_action: [324,0,757,1090,758,12,806,com.google.android.dialer,871,com.google.android.dialer.extensions.GoogleDialtactsActivity,1091,1602]
06-13 14:00:16.081983  1477 10130 I wm_stop_activity: [0,103396319,com.android.launcher3/com.android.searchlauncher.SearchLauncher]
06-13 14:00:16.091132   494   494 I auditd  : avc:  denied  { add } for pid=1477 uid=1000 name=vendor.mediatek.hardware.mbrainj.IMBrainJava/default scontext=u:r:system_server:s0 tcontext=u:object_r:default_android_service:s0 tclass=service_manager permissive=0
06-13 14:00:16.099172  1989  1989 I wm_on_stop_called: [103396319,com.android.searchlauncher.SearchLauncher,STOP_ACTIVITY_ITEM,15]
06-13 14:00:16.107734  1723  1760 I jank_cuj_events_end_request: [39,1749812416107604000,305219360350446,60149159872045]
06-13 14:00:16.724886  1477  1592 I input_interaction: Interaction with: eab5f47 com.google.android.dialer/com.google.android.dialer.extensions.GoogleDialtactsActivity (server), PointerEventDispatcher0 (server), 
06-13 14:00:17.555235 20915 11901 I c2dm    : [-2,,1,1]
06-13 14:00:17.813808 20915  6816 I gtalk_heartbeat_reset: [1114642,[2a00:1450:4013:c02::bc]:5228]
06-13 14:00:17.815654 20915  6816 I gtalk_connection: 0
06-13 14:00:20.264920  1477 10132 I am_uid_running: 10148
06-13 14:00:20.280131  1477  1519 I am_proc_start: [0,12230,10148,com.google.android.contacts,content provider,{com.google.android.contacts/com.google.android.apps.contacts.othercontacts.OtherContactsProvider}]
06-13 14:00:20.285000 12230 12230 I auditd  : type=1400 audit(0.0:12088): avc:  denied  { read } for  comm="main" name="u:object_r:vendor_prize_fp_prop:s0" dev="tmpfs" ino=11299 scontext=u:r:untrusted_app:s0:c148,c256,c512,c768 tcontext=u:object_r:vendor_prize_fp_prop:s0 tclass=file permissive=0 app=com.google.android.contacts
06-13 14:00:20.307154  1477  2028 I am_proc_bound: [0,12230,com.google.android.contacts]
06-13 14:00:20.311307  1477  2028 I am_uid_active: 10148
06-13 14:00:22.015292  1477  1519 I am_proc_start: [0,12272,1000,com.pri.factorytest,broadcast,{com.pri.factorytest/com.pri.factorytest.GoogleDialerReceiver}]
06-13 14:00:22.029000 12272 12272 I auditd  : type=1400 audit(0.0:12089): avc:  denied  { read } for  comm="main" name="u:object_r:vendor_prize_fp_prop:s0" dev="tmpfs" ino=11299 scontext=u:r:system_app:s0 tcontext=u:object_r:vendor_prize_fp_prop:s0 tclass=file permissive=0
06-13 14:00:22.051457  1477  2030 I am_proc_bound: [0,12272,com.pri.factorytest]
06-13 14:00:22.134553   494   494 I auditd  : avc:  denied  { find } for pid=12272 uid=1000 name=vendor.mediatek.hardware.mbrain.IMBrain/default scontext=u:r:system_app:s0 tcontext=u:object_r:default_android_service:s0 tclass=service_manager permissive=0
06-13 14:00:22.280929  1477  1559 I wm_task_created: 49
06-13 14:00:22.289899  1477  1559 I wm_task_moved: [49,49,0,1,4]
06-13 14:00:22.290087  1477  1559 I wm_task_to_front: [0,49,0]
06-13 14:00:22.290673  1477  1559 I wm_create_task: [0,49,49,0]
06-13 14:00:22.290713  1477  1559 I wm_create_activity: [0,193965671,49,com.mediatek.engineermode/.EngineerMode,NULL,NULL,NULL,268435456]
06-13 14:00:22.290980  1477  1559 I wm_task_moved: [49,49,0,1,4]
06-13 14:00:22.292902  1477  1559 I wm_pause_activity: [0,199841701,com.google.android.dialer/.extensions.GoogleDialtactsActivity,userLeaving=true,pauseBackTasks]
06-13 14:00:22.296224 12112 12112 I wm_on_top_resumed_lost_called: [199841701,com.google.android.dialer.extensions.GoogleDialtactsActivity,topStateChangedWhenResumed]
06-13 14:00:22.309805 12112 12112 I wm_on_paused_called: [199841701,com.google.android.dialer.extensions.GoogleDialtactsActivity,performPause,10]
06-13 14:00:22.310104  1477  1508 I am_uid_running: 10177
06-13 14:00:22.318917  1477  1559 I wm_add_to_stopping: [0,199841701,com.google.android.dialer/.extensions.GoogleDialtactsActivity,makeInvisible]
06-13 14:00:22.319434  1477  1505 I sysui_multi_action: [757,803,799,window_time_0,802,8]
06-13 14:00:22.330495   494   494 I auditd  : avc:  denied  { add } for pid=1477 uid=1000 name=vendor.mediatek.hardware.mbrainj.IMBrainJava/default scontext=u:r:system_server:s0 tcontext=u:object_r:default_android_service:s0 tclass=service_manager permissive=0
06-13 14:00:22.332294  1477  1592 I input_focus: [Focus leaving eab5f47 com.google.android.dialer/com.google.android.dialer.extensions.GoogleDialtactsActivity (server),reason=NO_WINDOW]
06-13 14:00:22.337356  1477  1519 I am_proc_start: [0,12288,10177,com.mediatek.engineermode,next-top-activity,{com.mediatek.engineermode/com.mediatek.engineermode.EngineerMode}]
06-13 14:00:22.361389   494   494 I auditd  : avc:  denied  { add } for pid=1477 uid=1000 name=vendor.mediatek.hardware.mbrainj.IMBrainJava/default scontext=u:r:system_server:s0 tcontext=u:object_r:default_android_service:s0 tclass=service_manager permissive=0
06-13 14:00:22.361000 12288 12288 I auditd  : type=1400 audit(0.0:12090): avc:  denied  { read } for  comm="main" name="u:object_r:vendor_prize_fp_prop:s0" dev="tmpfs" ino=11299 scontext=u:r:em_app:s0:c512,c768 tcontext=u:object_r:vendor_prize_fp_prop:s0 tclass=file permissive=0 app=com.mediatek.engineermode
06-13 14:00:22.383412   494   494 I auditd  : avc:  denied  { add } for pid=1477 uid=1000 name=vendor.mediatek.hardware.mbrainj.IMBrainJava/default scontext=u:r:system_server:s0 tcontext=u:object_r:default_android_service:s0 tclass=service_manager permissive=0
06-13 14:00:22.404301  1477  2029 I am_proc_bound: [0,12288,com.mediatek.engineermode]
06-13 14:00:22.415662  1477  2029 I wm_restart_activity: [0,193965671,49,com.mediatek.engineermode/.EngineerMode]
06-13 14:00:22.417274  1477  2029 I wm_set_resumed_activity: [0,com.mediatek.engineermode/.EngineerMode,minimalResumeActivityLocked - onActivityStateChanged]
06-13 14:00:22.423196  1477  1508 I am_uid_active: 10177
06-13 14:00:22.426047   494   494 I auditd  : avc:  denied  { add } for pid=1477 uid=1000 name=vendor.mediatek.hardware.mbrainj.IMBrainJava/default scontext=u:r:system_server:s0 tcontext=u:object_r:default_android_service:s0 tclass=service_manager permissive=0
06-13 14:00:22.523023   494   494 I auditd  : avc:  denied  { find } for pid=12288 uid=10177 name=vendor.mediatek.hardware.mbrain.IMBrain/default scontext=u:r:em_app:s0:c512,c768 tcontext=u:object_r:default_android_service:s0 tclass=service_manager permissive=0
06-13 14:00:22.585541  1477  1560 I wm_task_moved: [49,49,0,1,4]
06-13 14:00:22.585717  1477  1560 I wm_create_activity: [0,202000960,49,com.google.android.permissioncontroller/com.android.permissioncontroller.permission.ui.GrantPermissionsActivity,android.content.pm.action.REQUEST_PERMISSIONS,NULL,NULL,8388608]
06-13 14:00:22.586958  1477  1560 I wm_pause_activity: [0,193965671,com.mediatek.engineermode/.EngineerMode,userLeaving=true,resumeTopActivity]
06-13 14:00:22.589789 12288 12288 I wm_on_create_called: [193965671,com.mediatek.engineermode.EngineerMode,performCreate,29]
06-13 14:00:22.591795  1477  1508 I am_uid_running: 10199
06-13 14:00:22.602752  1477  1519 I am_proc_start: [0,12305,10199,com.google.android.permissioncontroller,next-top-activity,{com.google.android.permissioncontroller/com.android.permissioncontroller.permission.ui.GrantPermissionsActivity}]
06-13 14:00:22.609000 12305 12305 I auditd  : type=1400 audit(0.0:12091): avc:  denied  { read } for  comm="main" name="u:object_r:vendor_prize_fp_prop:s0" dev="tmpfs" ino=11299 scontext=u:r:permissioncontroller_app:s0:c199,c256,c512,c768 tcontext=u:object_r:vendor_prize_fp_prop:s0 tclass=file permissive=0 app=com.google.android.permissioncontroller
06-13 14:00:22.628147  1477  1560 I am_proc_bound: [0,12305,com.google.android.permissioncontroller]
06-13 14:00:22.636667 12288 12288 I wm_on_start_called: [193965671,com.mediatek.engineermode.EngineerMode,handleStartActivity,0]
06-13 14:00:22.639223 12288 12288 I wm_on_resume_called: [193965671,com.mediatek.engineermode.EngineerMode,RESUME_ACTIVITY,0]
06-13 14:00:22.667938 12288 12288 I wm_on_top_resumed_gained_called: [193965671,com.mediatek.engineermode.EngineerMode,topStateChangedWhenResumed]
06-13 14:00:22.683993  1477  1509 I input_focus: [Focus request 264c370 com.mediatek.engineermode/com.mediatek.engineermode.EngineerMode,reason=UpdateInputWindows]
06-13 14:00:22.760486   494   494 I auditd  : avc:  denied  { find } for pid=12288 uid=10177 name=vendor.mediatek.hardware.mbrain.IMBrain/default scontext=u:r:em_app:s0:c512,c768 tcontext=u:object_r:default_android_service:s0 tclass=service_manager permissive=0
06-13 14:00:22.762048 12288 12288 I wm_on_top_resumed_lost_called: [193965671,com.mediatek.engineermode.EngineerMode,topStateChangedWhenResumed]
06-13 14:00:22.767417  1723  1760 I jank_cuj_events_begin_request: [39,1749812422767200000,305226019944523,60155819465892,]
06-13 14:00:22.768894 12288 12288 I wm_on_paused_called: [193965671,com.mediatek.engineermode.EngineerMode,performPause,1]
06-13 14:00:22.770790  1477 10132 I wm_restart_activity: [0,202000960,49,com.google.android.permissioncontroller/com.android.permissioncontroller.permission.ui.GrantPermissionsActivity]
06-13 14:00:22.777049  1477 10132 I wm_set_resumed_activity: [0,com.google.android.permissioncontroller/com.android.permissioncontroller.permission.ui.GrantPermissionsActivity,minimalResumeActivityLocked - onActivityStateChanged]
06-13 14:00:22.779624  1477  1505 I sysui_multi_action: [757,803,799,window_time_0,802,1]
06-13 14:00:22.780618  1477  1592 I input_focus: [Focus entering 264c370 com.mediatek.engineermode/com.mediatek.engineermode.EngineerMode (server),reason=Window became focusable. Previous reason: NOT_VISIBLE]
06-13 14:00:22.781965  1477  1508 I am_uid_active: 10199
06-13 14:00:22.784054  1477  1509 I input_focus: [Requesting to set focus to null window,reason=UpdateInputWindows]
06-13 14:00:22.784326   494   494 I auditd  : avc:  denied  { add } for pid=1477 uid=1000 name=vendor.mediatek.hardware.mbrainj.IMBrainJava/default scontext=u:r:system_server:s0 tcontext=u:object_r:default_android_service:s0 tclass=service_manager permissive=0
06-13 14:00:22.793338  1477  1592 I input_focus: [Focus leaving 264c370 com.mediatek.engineermode/com.mediatek.engineermode.EngineerMode (server),reason=Waiting for window because NO_WINDOW]
06-13 14:00:22.805525  1477 10132 I wm_stop_activity: [0,199841701,com.google.android.dialer/.extensions.GoogleDialtactsActivity]
06-13 14:00:22.817835   494   494 I auditd  : avc:  denied  { add } for pid=1477 uid=1000 name=vendor.mediatek.hardware.mbrainj.IMBrainJava/default scontext=u:r:system_server:s0 tcontext=u:object_r:default_android_service:s0 tclass=service_manager permissive=0
06-13 14:00:22.819150   494   494 I auditd  : avc:  denied  { add } for pid=1477 uid=1000 name=vendor.mediatek.hardware.mbrainj.IMBrainJava/default scontext=u:r:system_server:s0 tcontext=u:object_r:default_android_service:s0 tclass=service_manager permissive=0
06-13 14:00:22.836892 12112 12112 I wm_on_stop_called: [199841701,com.google.android.dialer.extensions.GoogleDialtactsActivity,STOP_ACTIVITY_ITEM,13]
06-13 14:00:22.953759  1723  1760 I jank_cuj_events_end_request: [39,1749812422953573000,305226206319908,60156005841507]
06-13 14:00:23.034313 12305 12305 I wm_on_create_called: [202000960,com.android.permissioncontroller.permission.ui.GrantPermissionsActivity,performCreate,168]
06-13 14:00:23.036219 12305 12305 I wm_on_start_called: [202000960,com.android.permissioncontroller.permission.ui.GrantPermissionsActivity,handleStartActivity,0]
06-13 14:00:23.041901 12305 12305 I wm_on_resume_called: [202000960,com.android.permissioncontroller.permission.ui.GrantPermissionsActivity,RESUME_ACTIVITY,0]
06-13 14:00:23.052652   494   494 I auditd  : avc:  denied  { find } for pid=12305 uid=10199 name=vendor.mediatek.hardware.mbrain.IMBrain/default scontext=u:r:permissioncontroller_app:s0:c199,c256,c512,c768 tcontext=u:object_r:default_android_service:s0 tclass=service_manager permissive=0
06-13 14:00:23.080148 12305 12305 I wm_on_top_resumed_gained_called: [202000960,com.android.permissioncontroller.permission.ui.GrantPermissionsActivity,topStateChangedWhenResumed]
06-13 14:00:23.096501  1477  1509 I input_focus: [Focus request 67de656 com.google.android.permissioncontroller/com.android.permissioncontroller.permission.ui.GrantPermissionsActivity,reason=UpdateInputWindows]
06-13 14:00:23.127274  1477  1505 I sysui_multi_action: [319,131,321,103,322,857,325,60155,757,761,758,7,759,1,806,com.google.android.permissioncontroller,871,com.android.permissioncontroller.permission.ui.GrantPermissionsActivity,904,com.mediatek.engineermode,905,0,945,364,1320,8,1321,5]
06-13 14:00:23.130232  1477  1505 I wm_activity_launch_time: [0,202000960,com.google.android.permissioncontroller/com.android.permissioncontroller.permission.ui.GrantPermissionsActivity,857]
06-13 14:00:23.142656  1477  1592 I input_focus: [Focus entering 67de656 com.google.android.permissioncontroller/com.android.permissioncontroller.permission.ui.GrantPermissionsActivity (server),reason=Window became focusable. Previous reason: NOT_VISIBLE]
06-13 14:00:23.335520   494   494 I auditd  : avc:  denied  { find } for pid=12305 uid=10199 name=vendor.mediatek.hardware.mbrain.IMBrain/default scontext=u:r:permissioncontroller_app:s0:c199,c256,c512,c768 tcontext=u:object_r:default_android_service:s0 tclass=service_manager permissive=0
06-13 14:00:28.098289  1477  1517 I am_pss  : [27466,10138,com.google.android.inputmethod.latin,120550400,75292672,39337984,209326080,0,7,12]
06-13 14:00:28.107856  1477  1517 I am_pss  : [2838,10130,com.google.android.googlequicksearchbox:interactor,61506560,39677952,11057152,151748608,0,5,9]
06-13 14:00:28.116035  1477  1517 I am_pss  : [2845,10117,com.google.android.apps.messaging:rcs,55117824,25489408,25182208,119840768,0,5,8]
06-13 14:00:28.132091  1477  1517 I am_pss  : [1723,10162,com.android.systemui,157919232,122298368,27719680,270815232,0,0,15]
06-13 14:00:28.156890  1477  1517 I am_pss  : [1477,1000,system,291226624,257032192,21414912,419713024,0,0,24]
06-13 14:00:29.385673  1477  1517 I commit_sys_config_file: [procstats,44]
06-13 14:00:29.657415  1477  1517 I am_meminfo: [930729984,106651648,300421120,476733440,547193856]
06-13 14:00:29.669967  1477  1517 I am_pss  : [12305,10199,com.google.android.permissioncontroller,79470592,67809280,1017856,212312064,2,2,11]
06-13 14:00:29.681026  1477  1517 I am_pss  : [12288,10177,com.mediatek.engineermode,35691520,26083328,1033216,161366016,2,2,9]
06-13 14:00:29.701323  1477  1517 I am_pss  : [12112,10125,com.google.android.dialer,244100096,231976960,484352,392658944,2,15,19]
06-13 14:00:29.716448  1477  1517 I am_pss  : [1989,1000,com.android.launcher3,153193472,129900544,11344896,276070400,2,5,14]
06-13 14:00:29.743824  1477  1517 I am_pss  : [11264,10154,com.google.android.youtube,350363648,335183872,471040,520507392,2,16,27]
06-13 14:00:29.757765  1477  1517 I am_pss  : [27466,10138,com.google.android.inputmethod.latin,120550400,75292672,39337984,209326080,2,7,13]
06-13 14:00:29.773989  1477  1517 I am_pss  : [6469,10115,com.google.android.gms,100751360,72052736,518144,274522112,2,15,15]
06-13 14:00:29.781520  1477  1517 I am_pss  : [11398,10194,com.google.android.adservices.api,22774784,19599360,544768,110346240,2,17,6]
06-13 14:00:29.795101  1477  1517 I am_pss  : [11545,10155,com.android.chrome,94420992,75677696,534528,232943616,2,17,13]
06-13 14:00:29.815001  1477  1517 I am_pss  : [32755,10130,com.google.android.googlequicksearchbox:search,169151488,119635968,32424960,285306880,2,17,19]
06-13 14:00:29.829344  1477  1517 I am_pss  : [7950,10146,com.google.android.apps.tachyon,63784960,58982400,537600,175849472,2,15,13]
06-13 14:00:29.836081  1477  1517 I am_pss  : [6390,10115,com.google.process.gservices,9715712,7659520,579584,86548480,2,15,5]
06-13 14:00:29.856331  1477  1517 I am_pss  : [8161,10219,app.revanced.android.youtube,303676416,190078976,108516352,311918592,2,19,20]
06-13 14:00:29.866113  1477  1517 I am_pss  : [2838,10130,com.google.android.googlequicksearchbox:interactor,61514752,39686144,11057152,151756800,2,5,8]
06-13 14:00:29.877792  1477  1517 I am_pss  : [12230,10148,com.google.android.contacts,79322112,73146368,1057792,193740800,2,15,10]
06-13 14:00:29.884864  1477  1517 I am_pss  : [12272,1000,com.pri.factorytest,16286720,13328384,1091584,95158272,2,19,6]
06-13 14:00:29.901380  1477  1517 I am_pss  : [10105,10129,com.android.vending,148575232,119934976,527360,279347200,2,4,15]
06-13 14:00:29.911891  1477  1517 I am_pss  : [10397,10129,com.android.vending:background,54303744,27287552,545792,167297024,2,8,10]
06-13 14:00:29.919985  1477  1517 I am_pss  : [12163,10120,com.google.android.projection.gearhead:provider,33854464,30167040,1095680,113954816,2,19,7]
06-13 14:00:29.941465  1477  1517 I am_pss  : [16018,1000,com.android.settings,202267648,149594112,12282880,386641920,2,19,21]
06-13 14:00:29.954213  1477  1517 I am_pss  : [16034,99901000,com.android.settings,68858880,22945792,14151680,195878912,2,19,12]
06-13 14:00:29.964501  1477  1517 I am_pss  : [12046,10247,io.appium.uiautomator2.server,76394496,67133440,438272,164335616,2,4,9]
06-13 14:00:29.977474  1477  1517 I am_pss  : [11868,10117,com.google.android.apps.messaging,123731968,117415936,544768,220491776,2,19,12]
06-13 14:00:29.991274  1477  1517 I am_pss  : [5010,10212,com.cloudflare.onedotonedotonedotone,82724864,75694080,1479680,216440832,2,4,12]
06-13 14:00:30.007142  1477  1517 I am_pss  : [25793,99910115,com.google.android.gms.persistent,59107328,33218560,7396352,206008320,2,10,13]
06-13 14:00:30.020477  1477  1517 I am_pss  : [11163,10115,com.google.android.gms.unstable,51082240,30040064,526336,221548544,2,19,12]
06-13 14:00:30.029864  1477  1517 I am_pss  : [11730,90000,com.android.chrome:sandboxed_process0:org.chromium.content.app.SandboxedProcessService0:0,41456640,28241920,632832,132108288,2,19,9]
06-13 14:00:30.040731  1477  1517 I am_pss  : [11661,10155,com.android.chrome:privileged_process0,29541376,15364096,569344,131235840,2,19,9]
06-13 14:00:30.047231  1477  1517 I am_pss  : [6697,10218,app.revanced.android.gms:persistent,17995776,7372800,8784896,93450240,2,10,5]
06-13 14:00:30.055995  1477  1517 I am_pss  : [2845,10117,com.google.android.apps.messaging:rcs,55117824,25489408,25182208,119840768,2,5,7]
06-13 14:00:30.065885  1477  1517 I am_pss  : [2812,10193,com.google.android.providers.media.module,64551936,17133568,45616128,106881024,2,0,8]
06-13 14:00:30.074333  1477  1517 I am_pss  : [2828,10118,com.google.android.as,40169472,26271744,11921408,117063680,2,5,7]
06-13 14:00:30.080955  1477  1517 I am_pss  : [1987,10202,com.google.android.ext.services,17922048,7020544,9195520,89284608,2,5,6]
06-13 14:00:30.090560  1477  1517 I am_pss  : [6619,10244,io.appium.settings,39878656,28893184,412672,141606912,2,4,8]
06-13 14:00:30.098474  1477  1517 I am_pss  : [4355,1000,com.pri.charginganimation:remote,138213376,60481536,75880448,148721664,2,0,7]
06-13 14:00:30.104265  1477  1517 I am_pss  : [4309,1000,com.pri.charginganimation,5569536,1359872,2877440,75366400,2,0,5]
06-13 14:00:30.110546  1477  1517 I am_pss  : [2935,1000,com.pri.cloudlist,19176448,1589248,15965184,85491712,2,0,5]
06-13 14:00:30.116215  1477  1517 I am_pss  : [2919,1000,com.pri.permissioncontroller,5391360,1294336,2804736,73621504,2,0,4]
06-13 14:00:30.121938  1477  1517 I am_pss  : [2915,1000,com.mediatek.voicecommand,5468160,1245184,2913280,74104832,2,0,5]
06-13 14:00:30.127980  1477  1517 I am_pss  : [2875,1000,com.pri.screenoff.killer,13223936,1937408,9844736,79863808,2,0,5]
06-13 14:00:30.134486  1477  1517 I am_pss  : [2879,1027,com.android.nfc,21959680,7942144,12542976,87687168,2,0,5]
06-13 14:00:30.142015  1477  1517 I am_pss  : [2457,1002,com.android.bluetooth,26059776,8069120,16216064,94523392,2,0,6]
06-13 14:00:30.150588  1477  1517 I am_pss  : [1953,1001,com.android.phone,39905280,32096256,5051392,130449408,2,0,7]
06-13 14:00:30.156428  1477  1517 I am_pss  : [1939,1068,com.android.se,5543936,1220608,3000320,74952704,2,0,4]
06-13 14:00:30.162403  1477  1517 I am_pss  : [1929,10181,com.mediatek.camera,6197248,1343488,3461120,77832192,2,0,5]
06-13 14:00:30.168330  1477  1517 I am_pss  : [1930,1001,com.mediatek.smartratswitch,7673856,1781760,4426752,80601088,2,0,5]
06-13 14:00:30.175040  1477  1517 I am_pss  : [1893,1001,com.mediatek.ims,14462976,4050944,8675328,89706496,2,0,6]
06-13 14:00:30.186059  1477  1517 I am_pss  : [1854,1073,com.android.networkstack.process,30386176,19492864,8838144,109744128,2,0,9]
06-13 14:00:30.202194  1477  1517 I am_pss  : [1723,10162,com.android.systemui,158189568,122572800,27715584,271089664,2,0,15]
06-13 14:00:30.228188  1477  1517 I am_pss  : [1477,1000,system,292535296,258342912,21410816,421031936,2,0,24]
06-13 14:00:44.409200  1477  1517 I am_pss  : [27504,10218,app.revanced.android.gms,21190656,10465280,8778752,100298752,0,4,6]
06-13 14:00:49.195470  1477  2909 I am_kill : [0,11730,com.android.chrome:sandboxed_process0:org.chromium.content.app.SandboxedProcessService0:0,985,empty #11]
06-13 14:00:49.197161  1477  2909 I am_kill : [0,11661,com.android.chrome:privileged_process0,995,empty #12]
06-13 14:00:49.247090  1477  2909 I am_proc_died: [0,11730,com.android.chrome:sandboxed_process0:org.chromium.content.app.SandboxedProcessService0:0,985,19]
06-13 14:00:49.248273  1477  2909 I am_schedule_service_restart: [0,com.android.chrome/org.chromium.content.app.SandboxedProcessService0:0,1000]
06-13 14:00:49.248429  1477  2909 I am_uid_stopped: 90000
06-13 14:00:49.253545  1477  2909 I am_kill : [0,11163,com.google.android.gms.unstable,999,empty #11]
06-13 14:00:49.265480  1477  2027 I am_proc_died: [0,11661,com.android.chrome:privileged_process0,995,19]
06-13 14:00:49.265937  1477  2027 I am_schedule_service_restart: [0,com.android.chrome/org.chromium.content.app.PrivilegedProcessService0,1000]
06-13 14:00:49.267904  1477  1517 I am_pss  : [12305,10199,com.google.android.permissioncontroller,70402048,59162624,529408,203636736,0,2,12]
06-13 14:00:49.279343  1477  1517 I am_pss  : [12288,10177,com.mediatek.engineermode,36963328,26107904,2068480,161366016,0,2,10]
06-13 14:00:49.333727  1477  1560 I am_proc_died: [0,11163,com.google.android.gms.unstable,999,19]
06-13 14:00:50.794482  1477  1517 I am_pss  : [12112,10125,com.google.android.dialer,247418880,233984000,512000,394547200,0,15,27]
06-13 14:00:50.832282  1477  1517 I am_pss  : [11264,10154,com.google.android.youtube,351983616,335343616,498688,520220672,0,16,35]
06-13 14:00:50.843498  1477  1517 I am_pss  : [12230,10148,com.google.android.contacts,75170816,70017024,578560,188420096,0,19,10]
06-13 14:00:50.851272  1477  1517 I am_pss  : [12163,10120,com.google.android.projection.gearhead:provider,33236992,29970432,615424,113885184,0,19,6]
06-13 14:00:52.364963  1477  1517 I am_pss  : [11398,10194,com.google.android.adservices.api,22897664,19599360,576512,110346240,0,17,8]
06-13 14:00:52.372362  1477  1517 I am_pss  : [12272,1000,com.pri.factorytest,15833088,13291520,618496,95244288,0,19,6]
06-13 14:01:12.422025  1477  1518 I am_uid_idle: 10194
06-13 14:01:12.422290  1477  1518 I am_uid_idle: 10154
06-13 14:01:22.808858  1477  1518 I am_uid_idle: 10146
06-13 14:01:22.809217  1477  1518 I am_uid_idle: 10120
06-13 14:01:28.083969  1477  1518 I am_uid_idle: 10148
06-13 14:01:28.387954  1477  1518 I am_uid_idle: 10041
06-13 14:01:52.356908  1477  1518 I am_uid_idle: 10125
