06-13 13:46:09.496713  1477  1592 I input_interaction: Interaction with: 18a9d9d com.android.settings/com.android.settings.SubSettings (server), PointerEventDispatcher0 (server), 
06-13 13:46:09.584315 16018  4946 I jank_cuj_events_begin_request: [28,1749811569584178000,304372836922011,59302636443995,com.android.settings.development.DevelopmentSettingsDashboardFragment]
06-13 13:46:10.245993 16018  4946 I jank_cuj_events_end_request: [28,1749811570245858000,304373498603857,59303298125457]
06-13 13:46:10.495792 16018  4946 I jank_cuj_events_begin_request: [28,1749811570495622000,304373748366934,59303547888303,com.android.settings.development.DevelopmentSettingsDashboardFragment]
06-13 13:46:11.736721 16018  4946 I jank_cuj_events_end_request: [28,1749811571736530000,304374989275934,59304788797764]
06-13 13:46:11.786411 16018  4946 I jank_cuj_events_begin_request: [28,1749811571786154000,304375038898934,59304838420534,com.android.settings.development.DevelopmentSettingsDashboardFragment]
06-13 13:46:12.413228 16018  4946 I jank_cuj_events_end_request: [28,1749811572412992000,304375665739318,59305465260918]
06-13 13:46:12.488963 16018  4946 I jank_cuj_events_begin_request: [28,1749811572488828000,304375741574395,59305541096534,com.android.settings.development.DevelopmentSettingsDashboardFragment]
06-13 13:46:12.932820 16018  4946 I jank_cuj_events_end_request: [28,1749811572932620000,304376185366319,59305984887995]
06-13 13:46:15.369484  1477  1517 I am_pss  : [16018,1000,com.android.settings,138337280,119521280,2132992,286978048,0,2,32]
06-13 13:46:17.596714 16018  4946 I jank_cuj_events_begin_request: [28,1749811577596560000,304380849304857,59310648826457,com.android.settings.development.DevelopmentSettingsDashboardFragment]
06-13 13:46:18.088883 16018  4946 I jank_cuj_events_end_request: [28,1749811578088678000,304381341423242,59311140944919]
06-13 13:46:29.102725 16018 16018 I sysui_multi_action: [757,853,758,4,833,39,854,debug_view_attributes,1089,1]
06-13 13:46:29.104349 16018  4946 I jank_cuj_events_begin_request: [57,1749811589104127000,304392356875243,59322156397458,debug_view_attributes]
06-13 13:46:29.127223 16018 16018 I sysui_multi_action: [757,830,758,4,833,39,854,debug_view_attributes]
06-13 13:46:29.149719  1989  1989 I wm_on_destroy_called: [103396319,com.android.searchlauncher.SearchLauncher,performDestroy,43]
06-13 13:46:29.172543 16018 16018 I wm_on_destroy_called: [39173355,com.android.settings.SubSettings,performDestroy,7]
06-13 13:46:29.315386  1477  1578 I commit_sys_config_file: [settings-0-0,13]
06-13 13:46:29.318679 16018 16018 I wm_on_create_called: [39173355,com.android.settings.SubSettings,performCreate,139]
06-13 13:46:29.332844 16018 16018 I wm_on_start_called: [39173355,com.android.settings.SubSettings,handleStartActivity,13]
06-13 13:46:29.333357 16018 16018 I snet_event_log: [120484087,-1,]
06-13 13:46:29.337750 16018 16018 I wm_on_resume_called: [39173355,com.android.settings.SubSettings,LIFECYCLER_RESUME_ACTIVITY,2]
06-13 13:46:29.338492 16018 16018 I sysui_multi_action: [757,744,758,1,833,35,1089,154]
06-13 13:46:29.368068 16018 16018 I sysui_multi_action: [757,744,758,2,1089,30]
06-13 13:46:29.369491 16018 16018 I wm_on_paused_called: [39173355,com.android.settings.SubSettings,performPause,2]
06-13 13:46:29.375948 16018 16018 I wm_on_stop_called: [39173355,com.android.settings.SubSettings,STOP_ACTIVITY_ITEM,3]
06-13 13:46:29.380139 16018 16018 I wm_on_top_resumed_lost_called: [178511166,com.android.settings.SubSettings,pausing]
06-13 13:46:29.382521 16018 16018 I sysui_multi_action: [757,39,758,2,1089,22180]
06-13 13:46:29.387880 16018 16018 I wm_on_paused_called: [178511166,com.android.settings.SubSettings,performPause,6]
06-13 13:46:29.391654 16018 16018 I wm_on_stop_called: [178511166,com.android.settings.SubSettings,handleRelaunchActivity,3]
06-13 13:46:29.406415 16018 16018 I wm_on_destroy_called: [178511166,com.android.settings.SubSettings,performDestroy,13]
06-13 13:46:29.427994 16018 16018 I service_manager_stats: [100,76,59322480]
06-13 13:46:29.505000 16018 16018 I auditd  : type=1400 audit(0.0:11946): avc:  denied  { read } for  comm="ndroid.settings" name="pagetypeinfo" dev="proc" ino=4026531857 scontext=u:r:system_app:s0 tcontext=u:object_r:proc_pagetypeinfo:s0 tclass=file permissive=0
06-13 13:46:29.611415 16018  6301 I sysui_multi_action: [757,853,758,4,833,39,854,select_logd_size,1089,1048576]
06-13 13:46:29.615477 16018  6326 I sysui_multi_action: [757,853,758,4,833,39,854,autofill_logging_level,1089,0]
06-13 13:46:29.641000 16018 16018 I auditd  : type=1400 audit(0.0:11947): avc:  denied  { read } for  comm="pool-27-thread-" name="pagetypeinfo" dev="proc" ino=4026531857 scontext=u:r:system_app:s0 tcontext=u:object_r:proc_pagetypeinfo:s0 tclass=file permissive=0
06-13 13:46:29.652647  1477  1493 I wm_set_requested_orientation: [5,com.android.launcher3/com.android.searchlauncher.SearchLauncher]
06-13 13:46:29.653976  1989  1989 I wm_on_create_called: [103396319,com.android.searchlauncher.SearchLauncher,performCreate,447]
06-13 13:46:29.656365  1989  1989 I wm_on_start_called: [103396319,com.android.searchlauncher.SearchLauncher,handleStartActivity,1]
06-13 13:46:29.657110 16018  6328 I sysui_multi_action: [757,853,758,4,833,39,854,app_process_limit,1089,-1]
06-13 13:46:29.660089  1989  1989 I wm_on_resume_called: [103396319,com.android.searchlauncher.SearchLauncher,LIFECYCLER_RESUME_ACTIVITY,1]
06-13 13:46:29.663261  1989  1989 I wm_on_paused_called: [103396319,com.android.searchlauncher.SearchLauncher,performPause,1]
06-13 13:46:29.665452 16018  6301 I sysui_multi_action: [757,853,758,4,833,39,854,simulate_color_space,1089,-1]
06-13 13:46:29.668573 16018  6329 I sysui_multi_action: [757,853,758,4,833,39,854,ingress_rate_limit,1089,-1]
06-13 13:46:29.675009  1989  1989 I wm_on_stop_called: [103396319,com.android.searchlauncher.SearchLauncher,STOP_ACTIVITY_ITEM,9]
06-13 13:46:29.704278  1477  1517 I am_pss  : [16018,1000,com.android.settings,144720896,125886464,2120704,293658624,0,2,23]
06-13 13:46:29.719386 16018 16018 I wm_on_create_called: [178511166,com.android.settings.SubSettings,performCreate,306]
06-13 13:46:29.720111  1477  1517 I am_pss  : [4891,10116,com.google.android.apps.wellbeing,29424640,26558464,689152,108675072,0,3,10]
06-13 13:46:29.772890  1477  1517 I am_pss  : [3680,10155,com.android.chrome,101868544,81145856,645120,230080512,0,19,19]
06-13 13:46:29.786685  1477  1517 I am_pss  : [6264,1000,com.pri.featureX,11419648,8904704,701440,85426176,0,3,10]
06-13 13:46:29.796162 16018 16018 I sysui_multi_action: [757,853,758,4,833,39,854,switch_bar,1089,1]
06-13 13:46:29.798929 16018 16018 I wm_on_start_called: [178511166,com.android.settings.SubSettings,handleStartActivity,78]
06-13 13:46:29.799346  1477  1517 I am_pss  : [6213,99910115,com.google.process.gservices,9878528,7426048,701440,84500480,0,19,9]
06-13 13:46:29.799368 16018 16018 I snet_event_log: [120484087,-1,]
06-13 13:46:29.804479 16018 16018 I wm_on_resume_called: [178511166,com.android.settings.SubSettings,RESUME_ACTIVITY,3]
06-13 13:46:29.809405 16018 16018 I sysui_multi_action: [757,39,758,1,833,744,1089,392]
06-13 13:46:29.814389  1477  1517 I am_pss  : [6184,10041,android.process.acore,15068160,11579392,655360,98676736,0,19,9]
06-13 13:46:29.917000 16018 16018 I auditd  : type=1400 audit(0.0:11948): avc:  denied  { read } for  comm="pool-27-thread-" name="pagetypeinfo" dev="proc" ino=4026531857 scontext=u:r:system_app:s0 tcontext=u:object_r:proc_pagetypeinfo:s0 tclass=file permissive=0
06-13 13:46:29.942289 16018 16018 I wm_on_top_resumed_gained_called: [178511166,com.android.settings.SubSettings,topWhenResuming]
06-13 13:46:29.959564 16018 16018 I wm_on_destroy_called: [125855174,com.android.settings.Settings,performDestroy,13]
06-13 13:46:30.049533 16018 16018 I wm_on_create_called: [125855174,com.android.settings.Settings,performCreate,83]
06-13 13:46:30.068451 16018 16018 I wm_on_start_called: [125855174,com.android.settings.Settings,handleStartActivity,16]
06-13 13:46:30.068974 16018 16018 I snet_event_log: [120484087,-1,]
06-13 13:46:30.071168 16018 16018 I wm_on_resume_called: [125855174,com.android.settings.Settings,LIFECYCLER_RESUME_ACTIVITY,0]
06-13 13:46:30.071827 16018 16018 I sysui_multi_action: [757,35,758,1,833,0,1089,103]
06-13 13:46:30.086702 16018 16018 I sysui_multi_action: [757,35,758,2,1089,13]
06-13 13:46:30.087911 16018 16018 I wm_on_paused_called: [125855174,com.android.settings.Settings,performPause,4]
06-13 13:46:30.102028 16018 16018 I wm_on_stop_called: [125855174,com.android.settings.Settings,STOP_ACTIVITY_ITEM,3]
06-13 13:46:36.498639  1477  1518 I am_uid_running: 10043
06-13 13:46:36.524024  1477  1519 I am_proc_start: [0,6336,10043,android.process.media,broadcast,{com.android.mtp/com.android.mtp.MtpReceiver}]
06-13 13:46:36.533000  6336  6336 I auditd  : type=1400 audit(0.0:11949): avc:  denied  { read } for  comm="main" name="u:object_r:vendor_prize_fp_prop:s0" dev="tmpfs" ino=11299 scontext=u:r:mediaprovider:s0:c512,c768 tcontext=u:object_r:vendor_prize_fp_prop:s0 tclass=file permissive=0 app=com.android.providers.media
06-13 13:46:36.554865  1477  5735 I am_proc_bound: [0,6336,android.process.media]
06-13 13:46:36.564428  1477  1518 I am_uid_running: 10120
06-13 13:46:36.575634  1477  1519 I am_proc_start: [0,6348,10120,com.google.android.projection.gearhead:car,broadcast,{com.google.android.projection.gearhead/com.google.android.apps.auto.components.connectivity.usbtrigger.CarUsbTriggerReceiver}]
06-13 13:46:36.589000  6348  6348 I auditd  : type=1400 audit(0.0:11950): avc:  denied  { read } for  comm="main" name="u:object_r:vendor_prize_fp_prop:s0" dev="tmpfs" ino=11299 scontext=u:r:priv_app:s0:c512,c768 tcontext=u:object_r:vendor_prize_fp_prop:s0 tclass=file permissive=0 app=com.google.android.projection.gearhead
06-13 13:46:36.610576  1477  2030 I am_proc_bound: [0,6348,com.google.android.projection.gearhead:car]
06-13 13:46:36.806423  1477  1814 I am_kill : [0,6184,android.process.acore,995,empty #11]
06-13 13:46:36.816682  1477  1519 I am_proc_start: [0,6366,10120,com.google.android.projection.gearhead:shared,broadcast,{com.google.android.projection.gearhead/com.google.android.apps.auto.components.connectivity.impl.ConnectivityEventHandlerImpl$ConnectivityEventBroadcastReceiver}]
06-13 13:46:36.830894  1477  5735 I am_proc_died: [0,6184,android.process.acore,995,19]
06-13 13:46:36.825000  6366  6366 I auditd  : type=1400 audit(0.0:11951): avc:  denied  { read } for  comm="main" name="u:object_r:vendor_prize_fp_prop:s0" dev="tmpfs" ino=11299 scontext=u:r:priv_app:s0:c512,c768 tcontext=u:object_r:vendor_prize_fp_prop:s0 tclass=file permissive=0 app=com.google.android.projection.gearhead
06-13 13:46:36.831497  1477  5735 I am_uid_stopped: 10041
06-13 13:46:36.844749  1477  6268 I am_proc_bound: [0,6366,com.google.android.projection.gearhead:shared]
06-13 13:46:37.005532  1477  1477 I notification_cancel_all: [1000,1477,com.google.android.projection.gearhead,0,0,0,20,NULL]
06-13 13:46:37.005660  1477  1477 I notification_cancel_all: [1000,1477,com.google.android.projection.gearhead,0,0,0,20,NULL]
06-13 13:46:37.005935  1477  1477 I notification_cancel_all: [1000,1477,com.google.android.projection.gearhead,0,0,0,20,NULL]
06-13 13:46:37.083966  1477  6268 I am_kill : [0,6096,com.google.android.apps.messaging,935,empty #11]
06-13 13:46:37.135195  1477  6268 I am_proc_died: [0,6096,com.google.android.apps.messaging,935,19]
06-13 13:46:37.175457  1477  1519 I am_proc_start: [0,6390,10115,com.google.process.gservices,content provider,{com.google.android.gsf/com.google.android.gsf.gservices.GservicesProvider}]
06-13 13:46:37.185000  6390  6390 I auditd  : type=1400 audit(0.0:11952): avc:  denied  { read } for  comm="main" name="u:object_r:vendor_prize_fp_prop:s0" dev="tmpfs" ino=11299 scontext=u:r:priv_app:s0:c512,c768 tcontext=u:object_r:vendor_prize_fp_prop:s0 tclass=file permissive=0 app=com.google.android.gms
06-13 13:46:37.203839  1477  6268 I am_proc_bound: [0,6390,com.google.process.gservices]
06-13 13:46:45.066598  1477  5735 I am_kill : [999,6213,com.google.process.gservices,999,empty #11]
06-13 13:46:45.090960  1477  5735 I am_proc_died: [999,6213,com.google.process.gservices,999,19]
06-13 13:46:54.872954  1477  1517 I am_pss  : [4891,10116,com.google.android.apps.wellbeing,29396992,26587136,670720,108699648,0,3,16]
06-13 13:46:58.880983  1477  1517 I am_pss  : [6366,10120,com.google.android.projection.gearhead:shared,30307328,17879040,1241088,121561088,0,19,17]
06-13 13:46:58.899879  1477  1517 I am_pss  : [6348,10120,com.google.android.projection.gearhead:car,26900480,14663680,1245184,115941376,0,19,16]
06-13 13:47:17.519177 20915  5910 I gtalk_conn_close: [276,275]
06-13 13:47:18.746403  1477  1517 I am_pss  : [4529,10115,com.google.android.gms,59511808,31981568,635904,218361856,0,4,27]
06-13 13:47:18.925377  1477  1517 I am_pss  : [6366,10120,com.google.android.projection.gearhead:shared,29090816,17297408,664576,120930304,0,19,17]
06-13 13:47:18.943617  1477  1517 I am_pss  : [6348,10120,com.google.android.projection.gearhead:car,26120192,14516224,670720,115740672,0,19,16]
06-13 13:47:19.700425  1477 10132 I am_kill : [999,6174,com.google.android.gms,999,empty #11]
06-13 13:47:19.763475  1477 10132 I am_proc_died: [999,6174,com.google.android.gms,999,19]
06-13 13:47:19.779961  1477  1517 I am_pss  : [6390,10115,com.google.process.gservices,10245120,7782400,694272,85061632,0,19,8]
06-13 13:47:19.793499  1477  1517 I am_pss  : [6336,10043,android.process.media,10474496,7782400,691200,86016000,0,19,13]
06-13 13:47:19.805917  1477  1517 I am_pss  : [6264,1000,com.pri.featureX,11428864,8908800,697344,85430272,0,3,11]
06-13 13:47:27.922222 20915  5910 I c2dm    : [-2,,1,1]
06-13 13:47:28.154329 20915  5910 I gtalk_heartbeat_reset: [1114642,[2a00:1450:4013:c07::bc]:5228]
06-13 13:47:28.159011 20915  5910 I gtalk_connection: 0
06-13 13:47:29.712171  1477  1517 I am_pss  : [16018,1000,com.android.settings,100446208,83361792,2108416,234999808,0,2,27]
06-13 13:47:43.246518  1477  1517 I am_pss  : [4529,10115,com.google.android.gms,63424512,32837632,650240,218374144,0,19,27]
06-13 13:47:47.569000   553   553 I auditd  : type=1400 audit(0.0:11953): avc:  denied  { read } for  comm="binder:553_2" name="wakeup126" dev="sysfs" ino=37180 scontext=u:r:system_suspend:s0 tcontext=u:object_r:sysfs:s0 tclass=dir permissive=0
06-13 13:47:47.669000   553   553 I auditd  : type=1400 audit(0.0:11954): avc:  denied  { read } for  comm="binder:553_2" name="wakeup130" dev="sysfs" ino=38009 scontext=u:r:system_suspend:s0 tcontext=u:object_r:sysfs:s0 tclass=dir permissive=0
06-13 13:47:47.705000   553   553 I auditd  : type=1400 audit(0.0:11955): avc:  denied  { read } for  comm="binder:553_2" name="wakeup129" dev="sysfs" ino=37962 scontext=u:r:system_suspend:s0 tcontext=u:object_r:sysfs:s0 tclass=dir permissive=0
06-13 13:47:47.709000   553   553 I auditd  : type=1400 audit(0.0:11956): avc:  denied  { read } for  comm="binder:553_2" name="wakeup147" dev="sysfs" ino=41954 scontext=u:r:system_suspend:s0 tcontext=u:object_r:sysfs:s0 tclass=dir permissive=0
06-13 13:47:47.725000   553   553 I auditd  : type=1400 audit(0.0:11957): avc:  denied  { read } for  comm="binder:553_2" name="wakeup145" dev="sysfs" ino=41916 scontext=u:r:system_suspend:s0 tcontext=u:object_r:sysfs:s0 tclass=dir permissive=0
06-13 13:47:47.773000   553   553 I auditd  : type=1400 audit(0.0:11958): avc:  denied  { read } for  comm="binder:553_2" name="wakeup148" dev="sysfs" ino=42185 scontext=u:r:system_suspend:s0 tcontext=u:object_r:sysfs:s0 tclass=dir permissive=0
06-13 13:47:47.860633  1477  1517 I commit_sys_config_file: [batterystats,23]
06-13 13:47:47.864838  1477  1517 I commit_sys_config_file: [batterystats,3]
06-13 13:48:10.767111  1477  1517 I am_pss  : [4529,10115,com.google.android.gms,63424512,32837632,650240,218374144,0,19,27]
06-13 13:49:39.765576  1477  1517 I am_pss  : [16018,1000,com.android.settings,100458496,83374080,2108416,235012096,0,2,28]
06-13 13:49:47.282672  1477  1896 I battery_level: [8,3731,290]
06-13 13:49:47.288038  1477  1518 I am_uid_running: 10047
06-13 13:49:47.317748  1477 10132 I am_kill : [0,6336,android.process.media,995,empty #11]
06-13 13:49:47.319622  1477  1519 I am_proc_start: [0,6437,10047,com.google.android.apps.turbo,broadcast,{com.google.android.apps.turbo/com.google.android.apps.turbo.nudges.broadcasts.BatteryStatusChangedReceiver}]
06-13 13:49:47.325000  6437  6437 I auditd  : type=1400 audit(0.0:11959): avc:  denied  { read } for  comm="main" name="u:object_r:vendor_prize_fp_prop:s0" dev="tmpfs" ino=11299 scontext=u:r:priv_app:s0:c512,c768 tcontext=u:object_r:vendor_prize_fp_prop:s0 tclass=file permissive=0 app=com.google.android.apps.turbo
06-13 13:49:47.344259  1477 10132 I am_proc_bound: [0,6437,com.google.android.apps.turbo]
06-13 13:49:47.351458  1477  2030 I am_proc_died: [0,6336,android.process.media,995,19]
06-13 13:49:47.352024  1477  2030 I am_uid_stopped: 10043
06-13 13:49:47.377396  1477  1517 I am_pss  : [5010,10212,com.cloudflare.onedotonedotonedotone,114870272,98439168,594944,265392128,0,4,16]
06-13 13:49:47.392226  1477  1517 I am_pss  : [3800,10129,com.android.vending,125065216,120061952,647168,216346624,0,4,13]
06-13 13:49:47.398599  1477  1517 I am_pss  : [6390,10115,com.google.process.gservices,10247168,7774208,693248,85061632,0,19,6]
06-13 13:49:47.447899  1477  2030 I am_kill : [0,6348,com.google.android.projection.gearhead:car,945,empty #11]
06-13 13:49:47.472308  1477  2030 I am_proc_died: [0,6348,com.google.android.projection.gearhead:car,945,19]
06-13 13:50:09.549470  1477  1517 I am_pss  : [6437,10047,com.google.android.apps.turbo,15017984,10653696,2139136,88330240,0,19,11]
06-13 13:50:37.157041  1477  1517 I am_pss  : [6437,10047,com.google.android.apps.turbo,13606912,10817536,710656,88465408,0,19,13]
06-13 13:51:04.664009 16018  4946 I jank_cuj_events_begin_request: [28,1749811864663823000,304667916568182,59597716089782,com.android.settings.development.DevelopmentSettingsDashboardFragment]
06-13 13:51:04.685711  1477  1592 I input_interaction: Interaction with: 18a9d9d com.android.settings/com.android.settings.SubSettings (server), bf528e StatusBar (server), PointerEventDispatcher0 (server), 
06-13 13:51:04.688195  1723  1723 I sysui_multi_action: [757,803,799,panel_open,802,1]
06-13 13:51:04.689463  1723  1760 I jank_cuj_events_begin_request: [0,1749811864689148000,304667941897105,59597741419628,Expand]
06-13 13:51:04.689807  1723  1723 I sysui_multi_action: [757,1328,758,4,1326,45,1327,3,1329,0]
06-13 13:51:04.694861  1477  1592 I input_interaction: Interaction with: 18a9d9d com.android.settings/com.android.settings.SubSettings (server), PointerEventDispatcher0 (server), 
06-13 13:51:04.698533  1723  1760 I jank_cuj_events_end_request: [0,1749811864698179000,304667950926336,59597750448551]
06-13 13:51:04.804802 16018  4946 I jank_cuj_events_begin_request: [28,1749811864804543000,304668057288874,59597856810474,com.android.settings.development.DevelopmentSettingsDashboardFragment]
06-13 13:51:04.821278 16018  4946 I jank_cuj_events_end_request: [28,1749811864821037000,304668073782644,59597873304551]
06-13 13:51:05.026344  1477  2026 I wm_task_moved: [41,41,0,1,2]
06-13 13:51:05.026735  1477  2026 I wm_create_activity: [0,131025177,41,com.android.settings/.development.AppPicker,NULL,NULL,NULL,0]
06-13 13:51:05.028381  1477  2026 I wm_pause_activity: [0,178511166,com.android.settings/.SubSettings,userLeaving=true,resumeTopActivity]
06-13 13:51:05.034626 16018 16018 I sysui_multi_action: [757,830,758,4,833,39,854,debug_app]
06-13 13:51:05.035833 16018 16018 I wm_on_top_resumed_lost_called: [178511166,com.android.settings.SubSettings,topStateChangedWhenResumed]
06-13 13:51:05.038161 16018 16018 I sysui_multi_action: [757,39,758,2,1089,275229]
06-13 13:51:05.039795 16018 16018 I wm_on_paused_called: [178511166,com.android.settings.SubSettings,performPause,3]
06-13 13:51:05.042459  1477 10132 I wm_add_to_stopping: [0,178511166,com.android.settings/.SubSettings,makeInvisible]
06-13 13:51:05.043319  1477 10132 I wm_restart_activity: [0,131025177,41,com.android.settings/.development.AppPicker]
06-13 13:51:05.045475  1477 10132 I wm_set_resumed_activity: [0,com.android.settings/.development.AppPicker,minimalResumeActivityLocked - onActivityStateChanged]
06-13 13:51:05.048466  1477  1505 I sysui_multi_action: [757,803,799,window_time_0,802,298]
06-13 13:51:05.049972  1477  1509 I input_focus: [Requesting to set focus to null window,reason=UpdateInputWindows]
06-13 13:51:05.054316  1477  1592 I input_focus: [Focus leaving 18a9d9d com.android.settings/com.android.settings.SubSettings (server),reason=NO_WINDOW]
06-13 13:51:05.067176  1477  1517 I am_pss  : [3801,10155,com.android.chrome:privileged_process0,33091584,14950400,694272,129224704,0,19,9]
06-13 13:51:05.103998 16018 16018 I wm_on_create_called: [131025177,com.android.settings.development.AppPicker,performCreate,48]
06-13 13:51:05.104710 16018 16018 I wm_on_start_called: [131025177,com.android.settings.development.AppPicker,handleStartActivity,0]
06-13 13:51:05.106430 16018 16018 I wm_on_resume_called: [131025177,com.android.settings.development.AppPicker,RESUME_ACTIVITY,0]
06-13 13:51:05.113978 16018 16018 I wm_on_top_resumed_gained_called: [131025177,com.android.settings.development.AppPicker,topStateChangedWhenResumed]
06-13 13:51:05.127731  1477  1509 I input_focus: [Focus request 910b4db com.android.settings/com.android.settings.development.AppPicker,reason=UpdateInputWindows]
06-13 13:51:05.147665  1477  1505 I wm_activity_launch_time: [0,131025177,com.android.settings/.development.AppPicker,130]
06-13 13:51:05.245669  1477  1578 I commit_sys_config_file: [settings-1-0,4]
06-13 13:51:05.265265  1477  1592 I input_focus: [Focus entering 910b4db com.android.settings/com.android.settings.development.AppPicker (server),reason=Window became focusable. Previous reason: NOT_VISIBLE]
06-13 13:51:05.443339  1477  1508 I wm_stop_activity: [0,178511166,com.android.settings/.SubSettings]
06-13 13:51:05.461693 16018 16018 I wm_on_stop_called: [178511166,com.android.settings.SubSettings,STOP_ACTIVITY_ITEM,2]
06-13 13:51:05.464942  1477  1517 I am_pss  : [16034,99901000,com.android.settings,95257600,74977280,3987456,197763072,0,19,17]
06-13 13:51:10.524579  1477  1592 I input_interaction: Interaction with: 92de9f8 NavigationBar0 (server), PointerEventDispatcher0 (server), 
06-13 13:51:10.527391  1723  1723 I sysui_multi_action: [757,931,758,4,759,3,932,0,933,0]
06-13 13:51:10.595011  1723  1723 I sysui_multi_action: [757,931,758,4,759,3,932,0,933,1]
06-13 13:51:10.604968  1477  1506 I wm_task_moved: [1,1,0,1,2]
06-13 13:51:10.605228  1477  1506 I wm_task_moved: [7,1,0,1,2147483647]
06-13 13:51:10.605285  1477  1506 I wm_task_to_front: [0,7,0]
06-13 13:51:10.605358 16018 16018 I wm_on_top_resumed_lost_called: [131025177,com.android.settings.development.AppPicker,topStateChangedWhenResumed]
06-13 13:51:10.605437  1477  1506 I wm_focused_root_task: [0,0,1,41,bringingFoundTaskToFront]
06-13 13:51:10.606358  1477  1506 I wm_set_resumed_activity: [0,com.android.launcher3/com.android.searchlauncher.SearchLauncher,bringingFoundTaskToFront]
06-13 13:51:10.606737  1477  1506 I wm_new_intent: [0,103396319,7,com.android.launcher3/com.android.searchlauncher.SearchLauncher,android.intent.action.MAIN,NULL,NULL,268435712]
06-13 13:51:10.607159  1477  1506 I wm_pause_activity: [0,131025177,com.android.settings/.development.AppPicker,userLeaving=true,pauseBackTasks]
06-13 13:51:10.610387  1477  1506 I wm_add_to_stopping: [0,131025177,com.android.settings/.development.AppPicker,makeInvisible]
06-13 13:51:10.610597  1477  1505 I sysui_multi_action: [757,803,799,window_time_0,802,5]
06-13 13:51:10.611425  1477  1506 I wm_set_resumed_activity: [0,com.android.launcher3/com.android.searchlauncher.SearchLauncher,resumeTopActivity - onActivityStateChanged]
06-13 13:51:10.612311  1477  1506 I wm_resume_activity: [0,103396319,7,com.android.launcher3/com.android.searchlauncher.SearchLauncher]
06-13 13:51:10.613336  1989  1989 I wm_on_restart_called: [103396319,com.android.searchlauncher.SearchLauncher,performRestart,0]
06-13 13:51:10.617378 16018 16018 I wm_on_paused_called: [131025177,com.android.settings.development.AppPicker,performPause,0]
06-13 13:51:10.617664  1477  1509 I input_focus: [Requesting to set focus to null window,reason=UpdateInputWindows]
06-13 13:51:10.622263  1989  1989 I wm_on_start_called: [103396319,com.android.searchlauncher.SearchLauncher,handleStartActivity,9]
06-13 13:51:10.623497  1989  1989 I wm_on_resume_called: [103396319,com.android.searchlauncher.SearchLauncher,RESUME_ACTIVITY,0]
06-13 13:51:10.628675  1477  1592 I input_focus: [Focus leaving 910b4db com.android.settings/com.android.settings.development.AppPicker (server),reason=Waiting for window because NO_WINDOW]
06-13 13:51:10.646431  1477  1509 I input_focus: [Focus request e20a450 com.android.launcher3/com.android.searchlauncher.SearchLauncher,reason=UpdateInputWindows]
06-13 13:51:10.666160  1477 10131 I am_kill : [0,4529,com.google.android.gms,0,remove task]
06-13 13:51:10.693973  1989  1989 I wm_on_top_resumed_gained_called: [103396319,com.android.searchlauncher.SearchLauncher,topStateChangedWhenResumed]
06-13 13:51:10.695335  1477  1509 I wm_wallpaper_surface: [0,1,Window{e20a450 u0 com.android.launcher3/com.android.searchlauncher.SearchLauncher}]
06-13 13:51:10.737010  1723  1760 I jank_cuj_events_end_request: [55,1749811870736727000,304673989474952,59603788996628]
06-13 13:51:10.739918  1477  1505 I sysui_multi_action: [319,128,322,95,325,59603,757,761,758,9,759,2,806,com.android.launcher3,871,com.android.searchlauncher.SearchLauncher,905,0,1320,8,1321,5]
06-13 13:51:10.755649  1477  1493 I am_proc_died: [0,4529,com.google.android.gms,0,3]
06-13 13:51:10.757026  1477  1493 I am_schedule_service_restart: [0,com.google.android.gms/.chimera.GmsApiService,1000]
06-13 13:51:10.784953  1989  2876 I jank_cuj_events_begin_request: [9,1749811870784833000,304674037577182,59603837098705,]
06-13 13:51:10.803563  1477  1592 I input_focus: [Focus entering e20a450 com.android.launcher3/com.android.searchlauncher.SearchLauncher (server),reason=Window became focusable. Previous reason: NOT_VISIBLE]
06-13 13:51:10.814288  1477  1578 I commit_sys_config_file: [settings-1-0,3]
06-13 13:51:11.053146  1989  2876 I jank_cuj_events_end_request: [9,1749811871052948000,304674305692490,59604105214090]
06-13 13:51:11.061233  1477  1508 I wm_stop_activity: [0,131025177,com.android.settings/.development.AppPicker]
06-13 13:51:11.091943 16018 16018 I wm_on_stop_called: [131025177,com.android.settings.development.AppPicker,STOP_ACTIVITY_ITEM,1]
06-13 13:51:11.787640  1477  1519 I am_proc_start: [0,6469,10115,com.google.android.gms,service,{com.google.android.gms/com.google.android.gms.chimera.GmsApiService}]
06-13 13:51:11.801000  6469  6469 I auditd  : type=1400 audit(0.0:11960): avc:  denied  { read } for  comm="main" name="u:object_r:vendor_prize_fp_prop:s0" dev="tmpfs" ino=11299 scontext=u:r:gmscore_app:s0:c512,c768 tcontext=u:object_r:vendor_prize_fp_prop:s0 tclass=file permissive=0 app=com.google.android.gms
06-13 13:51:11.821290  1477 10130 I am_proc_bound: [0,6469,com.google.android.gms]
06-13 13:51:22.875028  1477  1578 I commit_sys_config_file: [settings-0-0,7]
06-13 13:51:23.386909  1477  1507 I commit_sys_config_file: [package-session,59593350]
06-13 13:51:23.402890  1477  1507 I commit_sys_config_file: [package-session,59593366]
06-13 13:51:23.469444  1477  1558 I commit_sys_config_file: [package-session,59593432]
06-13 13:51:24.973207  1477  1507 I commit_sys_config_file: [package-session,59594936]
06-13 13:51:25.103003  1477  1546 I sysui_multi_action: [757,1243,758,4,806,io.appium.settings,1241,android.permission.READ_EXTERNAL_STORAGE]
06-13 13:51:25.103196  1477  1546 I sysui_multi_action: [757,1243,758,4,806,io.appium.settings,1241,android.permission.READ_PHONE_STATE]
06-13 13:51:25.103298  1477  1546 I sysui_multi_action: [757,1243,758,4,806,io.appium.settings,1241,android.permission.ACCESS_FINE_LOCATION]
06-13 13:51:25.103367  1477  1546 I sysui_multi_action: [757,1243,758,4,806,io.appium.settings,1241,android.permission.ACCESS_COARSE_LOCATION]
06-13 13:51:25.103440  1477  1546 I sysui_multi_action: [757,1243,758,4,806,io.appium.settings,1241,android.permission.ACCESS_BACKGROUND_LOCATION]
06-13 13:51:25.103638  1477  1546 I sysui_multi_action: [757,1243,758,4,806,io.appium.settings,1241,android.permission.READ_SMS]
06-13 13:51:25.103717  1477  1546 I sysui_multi_action: [757,1243,758,4,806,io.appium.settings,1241,android.permission.RECORD_AUDIO]
06-13 13:51:25.103821  1477  1546 I sysui_multi_action: [757,1243,758,4,806,io.appium.settings,1241,android.permission.POST_NOTIFICATIONS]
06-13 13:51:25.103893  1477  1546 I sysui_multi_action: [757,1243,758,4,806,io.appium.settings,1241,android.permission.READ_MEDIA_AUDIO]
06-13 13:51:25.103947  1477  1546 I sysui_multi_action: [757,1243,758,4,806,io.appium.settings,1241,android.permission.READ_MEDIA_VIDEO]
06-13 13:51:25.104024  1477  1546 I sysui_multi_action: [757,1243,758,4,806,io.appium.settings,1241,android.permission.READ_MEDIA_IMAGES]
06-13 13:51:25.104101  1477  1546 I sysui_multi_action: [757,1243,758,4,806,io.appium.settings,1241,android.permission.READ_MEDIA_VISUAL_USER_SELECTED]
06-13 13:51:25.104516  1477  1546 I sysui_multi_action: [757,1243,758,4,806,io.appium.settings,1241,android.permission.READ_EXTERNAL_STORAGE]
06-13 13:51:25.104604  1477  1546 I sysui_multi_action: [757,1243,758,4,806,io.appium.settings,1241,android.permission.READ_PHONE_STATE]
06-13 13:51:25.104689  1477  1546 I sysui_multi_action: [757,1243,758,4,806,io.appium.settings,1241,android.permission.ACCESS_FINE_LOCATION]
06-13 13:51:25.104755  1477  1546 I sysui_multi_action: [757,1243,758,4,806,io.appium.settings,1241,android.permission.ACCESS_COARSE_LOCATION]
06-13 13:51:25.104825  1477  1546 I sysui_multi_action: [757,1243,758,4,806,io.appium.settings,1241,android.permission.ACCESS_BACKGROUND_LOCATION]
06-13 13:51:25.104976  1477  1546 I sysui_multi_action: [757,1243,758,4,806,io.appium.settings,1241,android.permission.READ_SMS]
06-13 13:51:25.105050  1477  1546 I sysui_multi_action: [757,1243,758,4,806,io.appium.settings,1241,android.permission.RECORD_AUDIO]
06-13 13:51:25.105113  1477  1546 I sysui_multi_action: [757,1243,758,4,806,io.appium.settings,1241,android.permission.POST_NOTIFICATIONS]
06-13 13:51:25.105183  1477  1546 I sysui_multi_action: [757,1243,758,4,806,io.appium.settings,1241,android.permission.READ_MEDIA_AUDIO]
06-13 13:51:25.105248  1477  1546 I sysui_multi_action: [757,1243,758,4,806,io.appium.settings,1241,android.permission.READ_MEDIA_VIDEO]
06-13 13:51:25.105317  1477  1546 I sysui_multi_action: [757,1243,758,4,806,io.appium.settings,1241,android.permission.READ_MEDIA_IMAGES]
06-13 13:51:25.105380  1477  1546 I sysui_multi_action: [757,1243,758,4,806,io.appium.settings,1241,android.permission.READ_MEDIA_VISUAL_USER_SELECTED]
06-13 13:51:25.196406  1477  1546 I commit_sys_config_file: [package,86]
06-13 13:51:25.223112  1477  1543 I commit_sys_config_file: [package-user-0,29]
06-13 13:51:25.248788  1477  1543 I commit_sys_config_file: [package-user-999,53]
06-13 13:51:25.258471  1477  1681 I am_uid_running: 10199
06-13 13:51:25.277339  1477  1519 I am_proc_start: [0,6564,10199,com.google.android.permissioncontroller,service,{com.google.android.permissioncontroller/com.android.permissioncontroller.permission.service.PermissionControllerServiceImpl}]
06-13 13:51:25.289000  6564  6564 I auditd  : type=1400 audit(0.0:11961): avc:  denied  { read } for  comm="main" name="u:object_r:vendor_prize_fp_prop:s0" dev="tmpfs" ino=11299 scontext=u:r:permissioncontroller_app:s0:c199,c256,c512,c768 tcontext=u:object_r:vendor_prize_fp_prop:s0 tclass=file permissive=0 app=com.google.android.permissioncontroller
06-13 13:51:25.306145  1477 10132 I am_proc_bound: [0,6564,com.google.android.permissioncontroller]
06-13 13:51:25.309544  1477 10132 I am_uid_active: 10199
06-13 13:51:25.428264  1477  1546 I unknown_sources_enabled: 1
06-13 13:51:25.435201  1477  1507 I commit_sys_config_file: [package-session,59595398]
06-13 13:51:25.444248  1477  1558 I commit_sys_config_file: [package-session,59595407]
06-13 13:51:25.461885  1477  1561 I commit_sys_config_file: [overlays,59597151]
06-13 13:51:25.484718  1477  1477 I notification_cancel_all: [1000,1477,io.appium.settings,0,0,0,5,NULL]
06-13 13:51:25.486757  1477  1518 I am_uid_running: 10054
06-13 13:51:25.515443  1477  1519 I am_proc_start: [0,6582,10054,com.google.android.packageinstaller,broadcast,{com.google.android.packageinstaller/com.android.packageinstaller.PackageInstalledReceiver}]
06-13 13:51:25.533000  6582  6582 I auditd  : type=1400 audit(0.0:11962): avc:  denied  { read } for  comm="main" name="u:object_r:vendor_prize_fp_prop:s0" dev="tmpfs" ino=11299 scontext=u:r:priv_app:s0:c512,c768 tcontext=u:object_r:vendor_prize_fp_prop:s0 tclass=file permissive=0 app=com.google.android.packageinstaller
06-13 13:51:25.554835  1477  1493 I am_proc_bound: [0,6582,com.google.android.packageinstaller]
06-13 13:51:25.772180  1477  1493 I am_uid_running: 10244
06-13 13:51:25.788288  1477  1519 I am_proc_start: [0,6619,10244,io.appium.settings,service,{io.appium.settings/io.appium.settings.NLService}]
06-13 13:51:25.797000  6619  6619 I auditd  : type=1400 audit(0.0:11963): avc:  denied  { read } for  comm="main" name="u:object_r:vendor_prize_fp_prop:s0" dev="tmpfs" ino=11299 scontext=u:r:untrusted_app_32:s0:c244,c256,c512,c768 tcontext=u:object_r:vendor_prize_fp_prop:s0 tclass=file permissive=0 app=io.appium.settings
06-13 13:51:25.887594  1477 10132 I am_proc_bound: [0,6619,io.appium.settings]
06-13 13:51:25.890560  1477 10132 I am_uid_active: 10244
06-13 13:51:25.986981  1477  1519 I am_proc_start: [0,6638,10129,com.android.vending:background,broadcast,{com.android.vending/com.google.android.finsky.packagemonitor.backgroundimpl.BackgroundPackageMonitorReceiverImpl$RegisteredReceiver}]
06-13 13:51:26.013000  6638  6638 I auditd  : type=1400 audit(0.0:11964): avc:  denied  { read } for  comm="main" name="u:object_r:vendor_prize_fp_prop:s0" dev="tmpfs" ino=11299 scontext=u:r:priv_app:s0:c512,c768 tcontext=u:object_r:vendor_prize_fp_prop:s0 tclass=file permissive=0 app=com.android.vending
06-13 13:51:26.060171  1477  1507 I commit_sys_config_file: [notification-policy,59596528]
06-13 13:51:26.100137  1477  2030 I am_proc_bound: [0,6638,com.android.vending:background]
06-13 13:51:26.126458  1477  1518 I am_uid_running: 10124
06-13 13:51:26.164334  1477  1799 I sysui_multi_action: [757,1721,758,4,908,com.google.android.as/com.google.android.apps.miphone.aiai.app.AiAiAugmentedAutofillService]
06-13 13:51:26.175526  1477  1519 I am_proc_start: [0,6684,10124,com.google.android.apps.nbu.files,broadcast,{com.google.android.apps.nbu.files/com.google.android.apps.nbu.files.documentbrowser.browselanding.rootcontainerlist.receiver.PackageChangeReceiver_Receiver}]
06-13 13:51:26.193574  1477  2027 I cc_current_allowlist: [0,2]
06-13 13:51:26.193782  1477  2027 I cc_set_allowlist: [0,2,0]
06-13 13:51:26.193919  1477  2027 I cc_current_allowlist: [0,2]
06-13 13:51:26.193942  1477  2027 I cc_update_options: [0,0]
06-13 13:51:26.201000  6684  6684 I auditd  : type=1400 audit(0.0:11965): avc:  denied  { read } for  comm="main" name="u:object_r:vendor_prize_fp_prop:s0" dev="tmpfs" ino=11299 scontext=u:r:priv_app:s0:c512,c768 tcontext=u:object_r:vendor_prize_fp_prop:s0 tclass=file permissive=0 app=com.google.android.apps.nbu.files
06-13 13:51:26.207327  1477  2027 I cc_current_allowlist: [0,2]
06-13 13:51:26.207865  1477  2027 I cc_set_allowlist: [0,2,0]
06-13 13:51:26.208044  1477  2027 I cc_current_allowlist: [0,2]
06-13 13:51:26.208066  1477  2027 I cc_update_options: [0,0]
06-13 13:51:26.228232  1477  2890 I am_proc_bound: [0,6684,com.google.android.apps.nbu.files]
06-13 13:51:26.282983  1477 10131 I wm_task_created: 42
06-13 13:51:26.292405  1477 10131 I wm_task_moved: [42,42,0,1,3]
06-13 13:51:26.292665  1477 10131 I wm_task_to_front: [0,42,0]
06-13 13:51:26.293623  1477 10131 I wm_create_task: [0,42,42,0]
06-13 13:51:26.293838  1477 10131 I wm_create_activity: [0,244636912,42,io.appium.settings/.Settings,android.intent.action.MAIN,NULL,NULL,276824064]
06-13 13:51:26.294119  1989  1989 I wm_on_top_resumed_lost_called: [103396319,com.android.searchlauncher.SearchLauncher,topStateChangedWhenResumed]
06-13 13:51:26.294474  1477 10131 I wm_task_moved: [42,42,0,1,3]
06-13 13:51:26.296472  1477 10131 I wm_pause_activity: [0,103396319,com.android.launcher3/com.android.searchlauncher.SearchLauncher,userLeaving=true,pauseBackTasks]
06-13 13:51:26.300081  1477  1578 I commit_sys_config_file: [settings-2-0,49]
06-13 13:51:26.313409  1989  1989 I wm_on_paused_called: [103396319,com.android.searchlauncher.SearchLauncher,performPause,0]
06-13 13:51:26.322864  1477  2027 I wm_add_to_stopping: [0,103396319,com.android.launcher3/com.android.searchlauncher.SearchLauncher,makeInvisible]
06-13 13:51:26.323493  1477  2027 I wm_restart_activity: [0,244636912,42,io.appium.settings/.Settings]
06-13 13:51:26.327188  1477  2027 I wm_set_resumed_activity: [0,io.appium.settings/.Settings,minimalResumeActivityLocked - onActivityStateChanged]
06-13 13:51:26.334164  1477  1505 I sysui_multi_action: [757,803,799,window_time_0,802,16]
06-13 13:51:26.338730   494   494 I auditd  : avc:  denied  { add } for pid=1477 uid=1000 name=vendor.mediatek.hardware.mbrainj.IMBrainJava/default scontext=u:r:system_server:s0 tcontext=u:object_r:default_android_service:s0 tclass=service_manager permissive=0
06-13 13:51:26.342865  1477  1509 I input_focus: [Requesting to set focus to null window,reason=UpdateInputWindows]
06-13 13:51:26.351584   494   494 I auditd  : avc:  denied  { add } for pid=1477 uid=1000 name=vendor.mediatek.hardware.mbrainj.IMBrainJava/default scontext=u:r:system_server:s0 tcontext=u:object_r:default_android_service:s0 tclass=service_manager permissive=0
06-13 13:51:26.352588  1477  1592 I input_focus: [Focus leaving e20a450 com.android.launcher3/com.android.searchlauncher.SearchLauncher (server),reason=NO_WINDOW]
06-13 13:51:26.477000   553   553 I auditd  : type=1400 audit(0.0:11966): avc:  denied  { read } for  comm="binder:553_7" name="wakeup126" dev="sysfs" ino=37180 scontext=u:r:system_suspend:s0 tcontext=u:object_r:sysfs:s0 tclass=dir permissive=0
06-13 13:51:26.537000   553   553 I auditd  : type=1400 audit(0.0:11967): avc:  denied  { read } for  comm="binder:553_7" name="wakeup130" dev="sysfs" ino=38009 scontext=u:r:system_suspend:s0 tcontext=u:object_r:sysfs:s0 tclass=dir permissive=0
06-13 13:51:26.569000   553   553 I auditd  : type=1400 audit(0.0:11968): avc:  denied  { read } for  comm="binder:553_7" name="wakeup129" dev="sysfs" ino=37962 scontext=u:r:system_suspend:s0 tcontext=u:object_r:sysfs:s0 tclass=dir permissive=0
06-13 13:51:26.633871  1477  1509 I wm_wallpaper_surface: [0,0,Window{e20a450 u0 com.android.launcher3/com.android.searchlauncher.SearchLauncher}]
06-13 13:51:26.641299  6619  6619 I wm_on_create_called: [244636912,io.appium.settings.Settings,performCreate,166]
06-13 13:51:26.644319  6619  6619 I wm_on_start_called: [244636912,io.appium.settings.Settings,handleStartActivity,0]
06-13 13:51:26.655282  6619  6619 I wm_on_resume_called: [244636912,io.appium.settings.Settings,RESUME_ACTIVITY,0]
06-13 13:51:26.691181   494   494 I auditd  : avc:  denied  { find } for pid=6619 uid=10244 name=vendor.mediatek.hardware.mbrain.IMBrain/default scontext=u:r:untrusted_app_32:s0:c244,c256,c512,c768 tcontext=u:object_r:default_android_service:s0 tclass=service_manager permissive=0
06-13 13:51:26.721259  6619  6619 I wm_on_top_resumed_gained_called: [244636912,io.appium.settings.Settings,topStateChangedWhenResumed]
06-13 13:51:26.722845  1477 10131 I wm_finish_activity: [0,244636912,42,io.appium.settings/.Settings,app-request]
06-13 13:51:26.723309  1477 10131 I wm_task_moved: [1,1,0,1,3]
06-13 13:51:26.723874  1477 10131 I wm_task_moved: [7,1,0,1,2147483647]
06-13 13:51:26.723948  1477 10131 I wm_task_to_front: [0,7,0]
06-13 13:51:26.724173  1477 10131 I wm_focused_root_task: [0,0,1,42,finish-top adjustFocusToNextFocusableTask]
06-13 13:51:26.724653  1477 10131 I wm_set_resumed_activity: [0,com.android.launcher3/com.android.searchlauncher.SearchLauncher,finish-top adjustFocusToNextFocusableTask]
06-13 13:51:26.726296  1477 10131 I wm_pause_activity: [0,244636912,io.appium.settings/.Settings,userLeaving=false,finish]
06-13 13:51:26.737126  1477  1508 I sysui_multi_action: [757,1144,758,8,806,io.appium.settings,871,io.appium.settings.Settings]
06-13 13:51:26.746962  1477  2030 I sysui_multi_action: [757,856,758,1,806,io.appium.settings,857,main_channel,858,3]
06-13 13:51:26.771704  1477  2030 I am_foreground_service_start: [0,io.appium.settings/.ForegroundService,1,PROC_STATE_TOP,32,32,0,0,0,1,UNKNOWN,0]
06-13 13:51:27.002374   494   494 I auditd  : avc:  denied  { find } for pid=6619 uid=10244 name=vendor.mediatek.hardware.mbrain.IMBrain/default scontext=u:r:untrusted_app_32:s0:c244,c256,c512,c768 tcontext=u:object_r:default_android_service:s0 tclass=service_manager permissive=0
06-13 13:51:27.008613  6619  6619 I wm_on_top_resumed_lost_called: [244636912,io.appium.settings.Settings,topStateChangedWhenResumed]
06-13 13:51:27.010466  6619  6619 I wm_on_paused_called: [244636912,io.appium.settings.Settings,performPause,0]
06-13 13:51:27.011401  1477  1507 I commit_sys_config_file: [notification-policy,59597479]
06-13 13:51:27.011562  1477  2027 I wm_add_to_stopping: [0,244636912,io.appium.settings/.Settings,completeFinishing]
06-13 13:51:27.015947  1477  2027 I wm_set_resumed_activity: [0,com.android.launcher3/com.android.searchlauncher.SearchLauncher,resumeTopActivity - onActivityStateChanged]
06-13 13:51:27.019069  1477  2027 I wm_resume_activity: [0,103396319,7,com.android.launcher3/com.android.searchlauncher.SearchLauncher]
06-13 13:51:27.020413  1477  1505 I sysui_multi_action: [757,803,799,window_time_0,802,1]
06-13 13:51:27.050506  1477  1509 I input_focus: [Focus request e20a450 com.android.launcher3/com.android.searchlauncher.SearchLauncher,reason=UpdateInputWindows]
06-13 13:51:27.079439  1989  1989 I wm_on_resume_called: [103396319,com.android.searchlauncher.SearchLauncher,RESUME_ACTIVITY,2]
06-13 13:51:27.079891  1989  1989 I wm_on_top_resumed_gained_called: [103396319,com.android.searchlauncher.SearchLauncher,topWhenResuming]
06-13 13:51:27.083383  1477  1509 I wm_wallpaper_surface: [0,1,Window{e20a450 u0 com.android.launcher3/com.android.searchlauncher.SearchLauncher}]
06-13 13:51:27.125972  1477  1505 I sysui_multi_action: [757,803,799,window_time_0,802,0]
06-13 13:51:27.150836  1989  2876 I jank_cuj_events_begin_request: [9,1749811887150606000,304690403351030,59620202872629,]
06-13 13:51:27.157623  1477  1592 I input_focus: [Focus entering e20a450 com.android.launcher3/com.android.searchlauncher.SearchLauncher (server),reason=Window became focusable. Previous reason: NOT_VISIBLE]
06-13 13:51:27.172887  1723  1760 I jank_cuj_events_begin_request: [39,1749811887168296000,304690421041722,59620220563706,]
06-13 13:51:27.225168  1477  1578 I commit_sys_config_file: [settings-2-0,17]
06-13 13:51:27.318078  1989  2876 I jank_cuj_events_end_request: [9,1749811887317012000,304690569759030,59620369280629]
06-13 13:51:27.339365  1477  1508 I wm_destroy_activity: [0,244636912,42,io.appium.settings/.Settings,finish-imm:idle]
06-13 13:51:27.358415  1723  1760 I jank_cuj_events_end_request: [39,1749811887358281000,304690611026414,59620410547706]
06-13 13:51:27.400809  6619  6619 I wm_on_stop_called: [244636912,io.appium.settings.Settings,LIFECYCLER_STOP_ACTIVITY,1]
06-13 13:51:27.403318  6619  6619 I wm_on_destroy_called: [244636912,io.appium.settings.Settings,performDestroy,0]
06-13 13:51:27.439160  1477  1814 I wm_task_removed: [42,42,0,removeChild, last child = ActivityRecord{e94dcf0 u0 io.appium.settings/.Settings t-1 f}} in Task{582d81c #42 type=standard A=10244:io.appium.settings:1637244049}]
06-13 13:51:27.542489  1477 10132 I am_uid_running: 10041
06-13 13:51:27.562223  1477  1519 I am_proc_start: [0,6824,10041,android.process.acore,content provider,{com.android.providers.contacts/com.android.providers.contacts.ContactsProvider2}]
06-13 13:51:27.581000  6824  6824 I auditd  : type=1400 audit(0.0:11972): avc:  denied  { read } for  comm="main" name="u:object_r:vendor_prize_fp_prop:s0" dev="tmpfs" ino=11299 scontext=u:r:priv_app:s0:c512,c768 tcontext=u:object_r:vendor_prize_fp_prop:s0 tclass=file permissive=0 app=com.google.android.youtube
06-13 13:51:27.601548  1477  1799 I am_proc_bound: [0,6824,android.process.acore]
06-13 13:51:27.606831  1477  1799 I am_uid_active: 10041
06-13 13:51:28.306259  1477  1507 I commit_sys_config_file: [package-session,59598269]
06-13 13:51:28.314654  1477  1507 I commit_sys_config_file: [package-session,59598277]
06-13 13:51:28.401289  1477  1507 I commit_sys_config_file: [package-session,59598364]
06-13 13:51:28.454656  1477  1558 I commit_sys_config_file: [package-session,59598417]
06-13 13:51:28.710528  1477  1558 I commit_sys_config_file: [package-session,59598673]
06-13 13:51:30.634254  1477  1507 I commit_sys_config_file: [package-session,59600597]
06-13 13:51:30.789952  1477  1546 I commit_sys_config_file: [package,112]
06-13 13:51:30.804115  1477  1543 I commit_sys_config_file: [package-user-0,16]
06-13 13:51:30.820869  1477  1543 I commit_sys_config_file: [package-user-999,31]
06-13 13:51:30.841199  1477  1546 I unknown_sources_enabled: 1
06-13 13:51:30.849525  1477  1507 I commit_sys_config_file: [package-session,59600812]
06-13 13:51:30.862560  1477  1558 I commit_sys_config_file: [package-session,59600825]
06-13 13:51:30.866616  1477  1561 I commit_sys_config_file: [overlays,59602555]
06-13 13:51:30.900484  1477  1477 I notification_cancel_all: [1000,1477,io.appium.uiautomator2.server.test,0,0,0,5,NULL]
06-13 13:51:30.912590  1477  1688 I service_manager_slow: [11,user]
06-13 13:51:30.912834  1477  1688 I service_manager_stats: [100,96,532644]
06-13 13:51:31.007084  1477  1507 I commit_sys_config_file: [package-session,59600970]
06-13 13:51:31.275602  1477  1546 I commit_sys_config_file: [package,96]
06-13 13:51:31.294085  1477  1543 I commit_sys_config_file: [package-user-0,19]
06-13 13:51:31.312714  1477  1543 I commit_sys_config_file: [package-user-999,37]
06-13 13:51:31.324219  1477  1546 I unknown_sources_enabled: 1
06-13 13:51:31.330361  1477  1507 I commit_sys_config_file: [package-session,59601293]
06-13 13:51:31.347650  1477  1558 I commit_sys_config_file: [package-session,59601310]
06-13 13:51:31.349214  1477  1517 I am_pss  : [16018,1000,com.android.settings,98033664,83140608,1928192,235565056,0,15,14]
06-13 13:51:31.357266  1477  1517 I am_pss  : [4891,10116,com.google.android.apps.wellbeing,29378560,26841088,618496,108765184,0,15,7]
06-13 13:51:31.420157  1477  2903 I sysui_multi_action: [757,1721,758,4,908,com.google.android.as/com.google.android.apps.miphone.aiai.app.AiAiAugmentedAutofillService]
06-13 13:51:31.423300  1477  1688 I service_manager_slow: [15,user]
06-13 13:51:31.442275  1477  1561 I commit_sys_config_file: [overlays,59603131]
06-13 13:51:31.471988  1477 10132 I sysui_multi_action: [757,1721,758,4,908,com.google.android.as/com.google.android.apps.miphone.aiai.app.AiAiAugmentedAutofillService]
06-13 13:51:31.518742  1477  1477 I notification_cancel_all: [1000,1477,io.appium.uiautomator2.server,0,0,0,5,NULL]
06-13 13:51:31.614889  1477 10130 I cc_current_allowlist: [0,2]
06-13 13:51:31.614976  1477 10130 I cc_set_allowlist: [0,2,0]
06-13 13:51:31.615127  1477 10130 I cc_current_allowlist: [0,2]
06-13 13:51:31.615149  1477 10130 I cc_update_options: [0,0]
06-13 13:51:31.615359  1477  1799 I cc_current_allowlist: [0,2]
06-13 13:51:31.615422  1477  1799 I cc_set_allowlist: [0,2,0]
06-13 13:51:31.615532  1477  1799 I cc_current_allowlist: [0,2]
06-13 13:51:31.615552  1477  1799 I cc_update_options: [0,0]
06-13 13:51:31.615683  1477  1799 I cc_current_allowlist: [0,2]
06-13 13:51:31.615724  1477  1799 I cc_set_allowlist: [0,2,0]
06-13 13:51:31.615856  1477  1799 I cc_current_allowlist: [0,2]
06-13 13:51:31.615876  1477  1799 I cc_update_options: [0,0]
06-13 13:51:31.615984  1477  1799 I cc_current_allowlist: [0,2]
06-13 13:51:31.616022  1477  1799 I cc_set_allowlist: [0,2,0]
06-13 13:51:31.616104  1477  1799 I cc_current_allowlist: [0,2]
06-13 13:51:31.616143  1477  1799 I cc_update_options: [0,0]
06-13 13:51:31.679515  1477  1688 I service_manager_slow: [29,user]
06-13 13:51:31.952987  1477  1517 I am_pss  : [6469,10115,com.google.android.gms,81829888,50032640,600064,231960576,0,3,13]
06-13 13:51:32.169320  1477  1517 I am_pss  : [6264,1000,com.pri.featureX,11196416,8916992,629760,85438464,0,15,7]
06-13 13:51:32.175989  1477  1477 I notification_cancel_all: [1000,1477,io.appium.uiautomator2.server,0,0,0,5,NULL]
06-13 13:51:32.221745  1477  1477 I notification_cancel_all: [1000,1477,io.appium.uiautomator2.server.test,0,0,0,5,NULL]
06-13 13:51:33.621000  6910  6910 I auditd  : type=1400 audit(0.0:11973): avc:  denied  { read } for  comm="main" name="u:object_r:build_attestation_prop:s0" dev="tmpfs" ino=7646 scontext=u:r:shell:s0 tcontext=u:object_r:build_attestation_prop:s0 tclass=file permissive=0 app=com.google.android.gms
06-13 13:51:33.621000  6910  6910 I auditd  : type=1400 audit(0.0:11974): avc:  denied  { read } for  comm="main" name="u:object_r:build_attestation_prop:s0" dev="tmpfs" ino=7646 scontext=u:r:shell:s0 tcontext=u:object_r:build_attestation_prop:s0 tclass=file permissive=0 app=com.google.android.gms
