06-13 13:54:57.685384  1477  1494 I am_proc_bound: [0,8066,com.google.android.apps.youtube.music]
06-13 13:54:57.712386  1477  4480 I configuration_changed: 256
06-13 13:54:57.752898  1477  6267 I wm_relaunch_activity: [0,103396319,7,com.android.launcher3/com.android.searchlauncher.SearchLauncher,2004]
06-13 13:54:57.753637  1477  6267 I wm_add_to_stopping: [0,103396319,com.android.launcher3/com.android.searchlauncher.SearchLauncher,preloadRecents]
06-13 13:54:57.766606  1477  1494 I am_uid_active: 10139
06-13 13:54:57.811250 16018 16018 I wm_on_top_resumed_lost_called: [10974805,com.android.settings.SubSettings,pausing]
06-13 13:54:57.811078  1477  1509 I input_focus: [Focus request 9a01d55 com.android.settings/com.android.settings.SubSettings,reason=UpdateInputWindows]
06-13 13:54:57.829336  1477  1592 I input_focus: [Focus entering 9a01d55 com.android.settings/com.android.settings.SubSettings (server),reason=setFocusedWindow]
06-13 13:54:57.854327  1477  2027 I netstats_mobile_sample: [0,0,0,0,0,0,0,0,1749812097501]
06-13 13:54:57.854666  1477  2027 I netstats_wifi_sample: [739788906,56316281,826792,258401,737615489,54976272,773934,247161,1749812097501]
06-13 13:54:57.867528 16018 16018 I sysui_multi_action: [757,2022,758,2,1089,1969]
06-13 13:54:57.868163 16018 16018 I sysui_multi_action: [757,344,758,2,1089,5779]
06-13 13:54:57.884804  1477  1518 I am_wtf  : [0,1477,system_server,-1,JobScheduler.JobStatus,App com.google.android.apps.youtube.music became active but still in NEVER bucket]
06-13 13:54:57.885055  1477  1518 I am_wtf  : [0,1477,system_server,-1,JobScheduler.JobStatus,App com.google.android.apps.youtube.music became active but still in NEVER bucket]
06-13 13:54:57.885162  1477  1518 I am_wtf  : [0,1477,system_server,-1,JobScheduler.JobStatus,App com.google.android.apps.youtube.music became active but still in NEVER bucket]
06-13 13:54:57.885258  1477  1518 I am_wtf  : [0,1477,system_server,-1,JobScheduler.JobStatus,App com.google.android.apps.youtube.music became active but still in NEVER bucket]
06-13 13:54:57.885346  1477  1518 I am_wtf  : [0,1477,system_server,-1,JobScheduler.JobStatus,App com.google.android.apps.youtube.music became active but still in NEVER bucket]
06-13 13:54:57.885435  1477  1518 I am_wtf  : [0,1477,system_server,-1,JobScheduler.JobStatus,App com.google.android.apps.youtube.music became active but still in NEVER bucket]
06-13 13:54:57.890568 16018 16018 I wm_on_paused_called: [10974805,com.android.settings.SubSettings,performPause,24]
06-13 13:54:57.895641  1477  1518 I am_wtf  : [0,1477,system_server,-1,JobScheduler.JobStatus,App com.google.android.apps.youtube.music became active but still in NEVER bucket]
06-13 13:54:57.895912 16018 16018 I wm_on_stop_called: [10974805,com.android.settings.SubSettings,handleRelaunchActivity,1]
06-13 13:54:57.895898  1477  1518 I am_wtf  : [0,1477,system_server,-1,JobScheduler.JobStatus,App com.google.android.apps.youtube.music became active but still in NEVER bucket]
06-13 13:54:57.910027  1477  1519 I am_proc_start: [0,8156,10115,com.google.process.gapps,content provider,{com.google.android.gsf/com.google.android.gsf.settings.GoogleSettingsProvider}]
06-13 13:54:57.914041 16018 16018 I wm_on_destroy_called: [10974805,com.android.settings.SubSettings,performDestroy,17]
06-13 13:54:57.909000  8156  8156 I auditd  : type=1400 audit(0.0:12000): avc:  denied  { read } for  comm="main" name="u:object_r:vendor_prize_fp_prop:s0" dev="tmpfs" ino=11299 scontext=u:r:priv_app:s0:c512,c768 tcontext=u:object_r:vendor_prize_fp_prop:s0 tclass=file permissive=0 app=com.google.android.gms
06-13 13:54:57.942440  1854  1889 I service_manager_slow: [10,carrier_config]
06-13 13:54:57.945104  1989  1989 I wm_on_destroy_called: [103396319,com.android.searchlauncher.SearchLauncher,performDestroy,182]
06-13 13:54:57.949111  1477  1570 I job_deferred_execution: 299456512
06-13 13:54:57.966348  1477  1570 I job_deferred_execution: 1184954
06-13 13:54:57.973554  1854  5294 I service_manager_slow: [19,phone]
06-13 13:54:57.976918  1477  1559 I am_proc_bound: [0,8156,com.google.process.gapps]
06-13 13:54:57.985451  1477  1570 I job_deferred_execution: 1184548
06-13 13:54:57.989875  1477  1578 I commit_sys_config_file: [settings-1-0,198]
06-13 13:54:58.001060  1477  1509 I input_focus: [Requesting to set focus to null window,reason=UpdateInputWindows]
06-13 13:54:58.002954  1477  1570 I am_kill : [0,3801,com.android.chrome:privileged_process0,995,empty #11]
06-13 13:54:58.028610  1477  1570 I job_deferred_execution: 1184566
06-13 13:54:58.068726  1477  1507 I commit_sys_config_file: [notification-policy,59808536]
06-13 13:54:58.092391  1989  1989 I service_manager_slow: [22,virtualdevice]
06-13 13:54:58.113531 16018 16018 I wm_on_create_called: [10974805,com.android.settings.SubSettings,performCreate,120]
06-13 13:54:58.116079   494   494 I auditd  : avc:  denied  { find } for pid=8156 uid=10115 name=vendor.mediatek.hardware.mbrain.IMBrain/default scontext=u:r:priv_app:s0:c512,c768 tcontext=u:object_r:default_android_service:s0 tclass=service_manager permissive=0
06-13 13:54:58.202232  1477  1477 I sysui_multi_action: [757,859,758,6,806,android,860,safety_center_channels]
06-13 13:54:58.236376 16018 16018 I wm_on_start_called: [10974805,com.android.settings.SubSettings,handleStartActivity,122]
06-13 13:54:58.237184 16018 16018 I snet_event_log: [120484087,-1,]
06-13 13:54:58.253130 16018 16018 I wm_on_resume_called: [10974805,com.android.settings.SubSettings,RESUME_ACTIVITY,15]
06-13 13:54:58.253609 16018 16018 I sysui_multi_action: [757,344,758,1,833,1950,1089,259]
06-13 13:54:58.259060  1477  6449 I am_kill : [0,3680,com.android.chrome,965,empty #11]
06-13 13:54:58.261922 16018 16018 I wm_on_top_resumed_gained_called: [10974805,com.android.settings.SubSettings,topWhenResuming]
06-13 13:54:58.300693  1477 10133 I sysui_multi_action: [757,859,758,6,806,com.google.android.apps.messaging,860,_bugle_default_settings_group]
06-13 13:54:58.322459  1477 10135 I sysui_multi_action: [757,859,758,6,806,com.google.android.apps.messaging,860,bugle_conversations_group]
06-13 13:54:58.328190  1477  1477 I sysui_multi_action: [757,128,758,5,759,8,793,6375,794,4175,795,6375,796,26,806,android,857,DEVELOPER_IMPORTANT,858,4,946,ranker_group,947,0,1500,4175,1688,1]
06-13 13:54:58.328222  1477  1477 I notification_canceled: [-1|android|26|null|1000,8,6375,6375,4175,-1,-1,NULL]
06-13 13:54:58.328450  1477  1477 I notification_enqueue: [1000,1477,android,26,NULL,-1,Notification(channel=DEVELOPER_IMPORTANT shortcut=null contentView=null vibrate=null sound=null tick defaults=0x0 flags=0x802 color=0x00000000 vis=PUBLIC),0]
06-13 13:54:58.329328  1477  1477 I sysui_multi_action: [757,128,758,5,759,8,793,6348,794,0,795,6348,796,32,806,android,857,USB,858,1,946,ranker_group,947,0,1500,6075,1688,1]
06-13 13:54:58.329365  1477  1477 I notification_canceled: [-1|android|32|null|1000,8,6348,6348,0,-1,-1,NULL]
06-13 13:54:58.329573  1477  1477 I notification_enqueue: [1000,1477,android,32,NULL,-1,Notification(channel=USB shortcut=null contentView=null vibrate=null sound=null tick defaults=0x0 flags=0x802 color=0x00000000 vis=PUBLIC),0]
06-13 13:54:58.340242  1477  1477 I sysui_multi_action: [757,128,758,5,759,16,793,6078,794,0,795,6078,796,2147483647,797,ranker_group,806,android,857,USB,858,1,946,ranker_group,947,1,1500,6078,1688,1]
06-13 13:54:58.340286  1477  1477 I notification_canceled: [-1|android|2147483647|ranker_group|1000|ranker_group,16,6078,6078,0,-1,-1,NULL]
06-13 13:54:58.379773  1477  1578 I commit_sys_config_file: [settings-2-0,204]
06-13 13:54:58.391885  1477  1578 I commit_sys_config_file: [settings-0-0,12]
06-13 13:54:58.447016  1477  1494 I sysui_multi_action: [757,859,758,6,806,com.google.android.apps.tachyon,860,z010_notification_group_for_messages]
06-13 13:54:58.447380  1477  1494 I sysui_multi_action: [757,859,758,6,806,com.google.android.apps.tachyon,860,notification_group_for_calls]
06-13 13:54:58.465731  1477  1509 I input_focus: [Focus request 8bf92be com.android.settings/com.android.settings.SubSettings,reason=UpdateInputWindows]
06-13 13:54:58.471304  1477  1507 I commit_sys_config_file: [notification-policy,59808939]
06-13 13:54:58.547257  1477  1477 I sysui_multi_action: [757,1501,758,1,793,399,794,0,795,399,796,26,806,android,857,DEVELOPER_IMPORTANT,858,4,947,0,1500,0]
06-13 13:54:58.547300  1477  1477 I sysui_multi_action: [757,804,799,note_interruptive,801,0,802,1]
06-13 13:54:58.561158  1477  1477 I sysui_multi_action: [757,1501,758,1,793,407,794,0,795,407,796,32,806,android,857,USB,858,1,947,0,1500,0]
06-13 13:54:58.561209  1477  1477 I sysui_multi_action: [757,804,799,note_interruptive,801,0,802,1]
06-13 13:54:58.639231  1477 10131 I wm_set_requested_orientation: [5,com.android.launcher3/com.android.searchlauncher.SearchLauncher]
06-13 13:54:58.669013  1989  1989 I wm_on_create_called: [103396319,com.android.searchlauncher.SearchLauncher,performCreate,573]
06-13 13:54:58.670178  1989  1989 I wm_on_start_called: [103396319,com.android.searchlauncher.SearchLauncher,handleStartActivity,0]
06-13 13:54:58.681016  1989  1989 I wm_on_resume_called: [103396319,com.android.searchlauncher.SearchLauncher,LIFECYCLER_RESUME_ACTIVITY,1]
06-13 13:54:58.697541  1477  2903 I am_proc_died: [0,3801,com.android.chrome:privileged_process0,995,19]
06-13 13:54:58.702451  1477  2903 I am_schedule_service_restart: [0,com.android.chrome/org.chromium.content.app.PrivilegedProcessService0,1000]
06-13 13:54:58.715951  1989  1989 I wm_on_paused_called: [103396319,com.android.searchlauncher.SearchLauncher,performPause,7]
06-13 13:54:58.752035  1477  1477 I notification_autogrouped: -1|android|26|null|1000
06-13 13:54:58.752113  1477  1477 I notification_autogrouped: -1|android|32|null|1000
06-13 13:54:58.754564  1477 10135 I am_foreground_service_start: [0,com.android.vending/com.google.android.finsky.foregroundcoordinator.impl.ForegroundCoordinatorService,1,BACKGROUND_ACTIVITY_PERMISSION,35,35,0,0,0,1,UNKNOWN,1024]
06-13 13:54:58.756098  1477  1628 I notification_adjusted: [-1|android|26|null|1000,key_group_key,ranker_group]
06-13 13:54:58.756961  1477  1628 I notification_adjusted: [-1|android|32|null|1000,key_group_key,ranker_group]
06-13 13:54:58.765810  1477  1477 I notification_enqueue: [1000,1477,android,2147483647,ranker_group,-1,Notification(channel=USB shortcut=null contentView=null vibrate=null sound=null defaults=0x0 flags=0x702 color=0x00000000 groupKey=ranker_group vis=PRIVATE),0]
06-13 13:54:58.778026  1477  1691 I sync    : [com.android.contacts,0,3,2394215]
06-13 13:54:58.975091  1477  1592 I input_focus: [Focus entering 8bf92be com.android.settings/com.android.settings.SubSettings (server),reason=Window became focusable. Previous reason: NOT_VISIBLE]
06-13 13:54:59.098891  1477  1508 I wm_stop_activity: [0,103396319,com.android.launcher3/com.android.searchlauncher.SearchLauncher]
06-13 13:54:59.142107  1723  1723 I sysui_heads_up_status: [-1|android|26|null|1000,0]
06-13 13:54:59.196504  1477  2903 I am_proc_died: [0,3680,com.android.chrome,965,19]
06-13 13:54:59.199456  1477  2903 I am_schedule_service_restart: [0,com.android.chrome/org.chromium.chrome.browser.customtabs.CustomTabsConnectionService,1000]
06-13 13:54:59.200679  1477  2903 I am_uid_stopped: 10155
06-13 13:54:59.233436  1723  1760 I jank_cuj_events_begin_request: [13,1749812099233235000,304902485979888,59832285501180,]
06-13 13:54:59.277533  1477  1922 I sysui_multi_action: [757,128,758,2,793,1129,794,0,795,1129,796,26,798,0,806,android,857,DEVELOPER_IMPORTANT,858,4,946,ranker_group,947,0,1395,5,1500,730,1688,1]
06-13 13:54:59.277577  1477  1922 I notification_visibility: [-1|android|26|null|1000,0,1129,1129,0,0]
06-13 13:54:59.278576  1477  1814 I sysui_multi_action: [757,127,758,2]
06-13 13:54:59.278714  1477  1814 I notification_panel_hidden: 
06-13 13:54:59.286489  1477  1814 I am_kill : [0,7429,com.android.carrierdefaultapp,995,empty #11]
06-13 13:54:59.334795  1477  1922 I am_proc_died: [0,7429,com.android.carrierdefaultapp,995,19]
06-13 13:54:59.337761  1477  1922 I am_uid_stopped: 10093
06-13 13:54:59.370816  1477  1814 I am_foreground_service_stop: [0,com.android.vending/com.google.android.finsky.foregroundcoordinator.impl.ForegroundCoordinatorService,1,BACKGROUND_ACTIVITY_PERMISSION,35,35,1,0,616,1,STOP_SERVICE,1024]
06-13 13:54:59.417559  1723  1723 I sysui_multi_action: [757,803,799,note_peek,802,1]
06-13 13:54:59.438878  1477  2902 I sysui_multi_action: [757,127,758,1]
06-13 13:54:59.438967  1477  2902 I sysui_multi_action: [757,804,799,note_load,801,1,802,1]
06-13 13:54:59.439013  1723  1723 I sysui_heads_up_status: [-1|android|26|null|1000,1]
06-13 13:54:59.439120  1477  2902 I notification_panel_revealed: 1
06-13 13:54:59.509192  1723  1760 I jank_cuj_events_end_request: [13,1749812099507390000,304902760134735,59832559656257]
06-13 13:54:59.510373  1723  1760 I jank_cuj_events_begin_request: [12,1749812099510258000,304902763002658,59832562524027,]
06-13 13:54:59.602864  1477  1922 I sysui_multi_action: [757,128,758,1,793,1454,794,0,795,1454,796,26,798,0,806,android,857,DEVELOPER_IMPORTANT,858,4,946,ranker_group,947,0,1395,4,1500,1055,1688,1]
06-13 13:54:59.603515  1477  1922 I sysui_multi_action: [757,1501,758,1,793,1455,794,1,795,1455,796,26,806,android,857,DEVELOPER_IMPORTANT,858,4,946,ranker_group,947,0,1500,0,1688,1]
06-13 13:54:59.603691  1477  1922 I sysui_multi_action: [757,804,799,note_interruptive,801,0,802,1]
06-13 13:54:59.609136  1477  1922 I sysui_multi_action: [757,804,799,note_freshness,801,1454,802,1]
06-13 13:54:59.609862  1477  1922 I notification_visibility: [-1|android|26|null|1000,1,1454,1454,0,0]
06-13 13:54:59.693309  1477  1518 I am_uid_active: 10219
06-13 13:54:59.760875  1723  1760 I jank_cuj_events_end_request: [12,1749812099760765000,304903013509196,59832813030796]
06-13 13:54:59.771675  1477  1507 I commit_sys_config_file: [notification-policy,59810239]
06-13 13:54:59.834777  1477  1507 I commit_sys_config_file: [notification-policy,59810303]
06-13 13:54:59.891183  1989  1989 I wm_on_stop_called: [103396319,com.android.searchlauncher.SearchLauncher,STOP_ACTIVITY_ITEM,777]
06-13 13:54:59.894537  1477  1518 I am_wtf  : [0,1477,system_server,-1,JobScheduler.JobStatus,App com.google.android.apps.youtube.music became active but still in NEVER bucket]
06-13 13:54:59.945271  1477  1518 I am_wtf  : [0,1477,system_server,-1,JobScheduler.JobStatus,App com.google.android.apps.youtube.music became active but still in NEVER bucket]
06-13 13:55:00.144962  1477  1518 I am_wtf  : [0,1477,system_server,-1,JobScheduler.JobStatus,App com.google.android.apps.youtube.music became active but still in NEVER bucket]
06-13 13:55:00.212836  1477  1507 I commit_sys_config_file: [jobs,337]
06-13 13:55:00.217337  1477  1507 I commit_sys_config_file: [jobs,4]
06-13 13:55:00.242857  1477  1507 I commit_sys_config_file: [jobs,25]
06-13 13:55:00.317205  1477  1507 I commit_sys_config_file: [jobs,74]
06-13 13:55:00.517508  1477  2027 I sysui_multi_action: [757,859,758,6,806,com.google.android.apps.maps,860,YOUR_CONTRIBUTIONS]
06-13 13:55:00.521216  1477  2903 I sysui_multi_action: [757,859,758,6,806,com.google.android.apps.maps,860,GROUP_PLANNING]
06-13 13:55:00.530929  1477 10135 I sysui_multi_action: [757,859,758,6,806,com.google.android.apps.maps,860,PEOPLE_AND_PLACES]
06-13 13:55:00.540539  1477 10132 I sysui_multi_action: [757,859,758,6,806,com.google.android.apps.maps,860,TRAFFIC]
06-13 13:55:00.542956  1477  2903 I sysui_multi_action: [757,859,758,6,806,com.google.android.apps.maps,860,LOCAL_DISCOVERY]
06-13 13:55:00.544072  1477  2889 I sysui_multi_action: [757,859,758,6,806,com.google.android.apps.maps,860,NAVIGATION]
06-13 13:55:00.546496  1477  2889 I sysui_multi_action: [757,859,758,6,806,com.google.android.apps.maps,860,YOUR_BUSINESS]
06-13 13:55:00.665904  1477  1592 I input_interaction: Interaction with: 92de9f8 NavigationBar0 (server), PointerEventDispatcher0 (server), 
06-13 13:55:00.691973   494   494 I auditd  : avc:  denied  { find } for pid=8066 uid=10139 name=vendor.mediatek.hardware.mbrain.IMBrain/default scontext=u:r:untrusted_app:s0:c139,c256,c512,c768 tcontext=u:object_r:default_android_service:s0 tclass=service_manager permissive=0
06-13 13:55:00.761570  1989  2876 I jank_cuj_events_begin_request: [11,1749812100761412000,304904014159350,59833813681180,]
06-13 13:55:00.795790  1477  1477 I notification_cancel_all: [1000,1477,com.google.android.apps.youtube.music,0,0,0,20,NULL]
06-13 13:55:00.812739  1477  1493 I wm_task_moved: [1,1,0,1,2]
06-13 13:55:00.813435  1477  1493 I wm_task_moved: [7,1,0,1,2147483647]
06-13 13:55:00.813497  1477  1493 I wm_task_to_front: [0,7,0]
06-13 13:55:00.813688 16018 16018 I wm_on_top_resumed_lost_called: [10974805,com.android.settings.SubSettings,topStateChangedWhenResumed]
06-13 13:55:00.813799  1477  1493 I wm_focused_root_task: [0,0,1,-1,startExistingRecents]
06-13 13:55:00.815311  1477  1493 I wm_set_resumed_activity: [0,com.android.launcher3/com.android.searchlauncher.SearchLauncher,resumeTopActivity - onActivityStateChanged]
06-13 13:55:00.817739  1477  1493 I wm_resume_activity: [0,103396319,7,com.android.launcher3/com.android.searchlauncher.SearchLauncher]
06-13 13:55:00.851688  1989  1989 I wm_on_restart_called: [103396319,com.android.searchlauncher.SearchLauncher,performRestart,0]
06-13 13:55:00.862341  1989  1989 I wm_on_start_called: [103396319,com.android.searchlauncher.SearchLauncher,handleStartActivity,10]
06-13 13:55:00.863872  1989  1989 I wm_on_resume_called: [103396319,com.android.searchlauncher.SearchLauncher,RESUME_ACTIVITY,1]
06-13 13:55:00.864586  1989  1989 I wm_on_top_resumed_gained_called: [103396319,com.android.searchlauncher.SearchLauncher,topStateChangedWhenResumed]
06-13 13:55:00.897384  1989  2876 I jank_cuj_events_begin_request: [11,1749812100897270000,304904150014042,59833949535411,]
06-13 13:55:00.897773  1989  2876 I jank_cuj_events_begin_request: [9,1749812100897367000,304904150109504,59833949631027,]
06-13 13:55:00.897807  1989  2876 I jank_cuj_events_begin_request: [66,1749812100897381000,304904150122965,59833949644334,]
06-13 13:55:00.911911  1477  1518 I am_wtf  : [0,1477,system_server,-1,JobScheduler.JobStatus,App com.google.android.apps.youtube.music became active but still in NEVER bucket]
06-13 13:55:00.970333  1477  1518 I am_uid_running: 10093
06-13 13:55:00.989387  1477  1509 I wm_wallpaper_surface: [0,1,Window{90b7389 u0 com.android.launcher3/com.android.searchlauncher.SearchLauncher}]
06-13 13:55:00.990318  1477  1508 I am_uid_active: 10093
06-13 13:55:01.036538  1477  1519 I am_proc_start: [0,8576,10093,com.android.carrierdefaultapp,broadcast,{com.android.carrierdefaultapp/com.android.carrierdefaultapp.CarrierDefaultBroadcastReceiver}]
06-13 13:55:01.065690  1477  2889 I wm_set_resumed_activity: [0,com.android.launcher3/com.android.searchlauncher.SearchLauncher,setFocusedTask-alreadyTop]
06-13 13:55:01.071054  1477  1493 I wm_set_resumed_activity: [0,com.android.launcher3/com.android.searchlauncher.SearchLauncher,setFocusedTask-alreadyTop]
06-13 13:55:01.072328  1477  1505 I sysui_multi_action: [319,143,322,255,325,59833,757,761,758,9,759,5,806,com.android.launcher3,871,com.android.searchlauncher.SearchLauncher,905,0,1320,8,1321,5]
06-13 13:55:01.073352  1477  1509 I input_focus: [Focus request recents_animation_input_consumer,reason=UpdateInputWindows]
06-13 13:55:01.092219  1477  1592 I input_focus: [Focus leaving 8bf92be com.android.settings/com.android.settings.SubSettings (server),reason=setFocusedWindow]
06-13 13:55:01.092394  1477  1592 I input_focus: [Focus entering recents_animation_input_consumer (server),reason=setFocusedWindow]
06-13 13:55:01.102707  1723  1760 I jank_cuj_events_end_request: [55,1749812101099616000,304904352362735,59834151884565]
06-13 13:55:01.113000  8576  8576 I auditd  : type=1400 audit(0.0:12001): avc:  denied  { read } for  comm="main" name="u:object_r:vendor_prize_fp_prop:s0" dev="tmpfs" ino=11299 scontext=u:r:platform_app:s0:c512,c768 tcontext=u:object_r:vendor_prize_fp_prop:s0 tclass=file permissive=0 app=com.android.carrierdefaultapp
06-13 13:55:01.204476  1989  2876 I jank_cuj_events_cancel_request: [11,1749812101203924000,304904456667965,59834256189796]
06-13 13:55:01.205107  1989  2876 I jank_cuj_events_cancel_request: [9,1749812101203956000,304904456697735,59834256219104]
06-13 13:55:01.257619  1477  1558 I commit_sys_config_file: [package-session,59811220]
06-13 13:55:01.286324  1477  1814 I am_proc_bound: [0,8576,com.android.carrierdefaultapp]
06-13 13:55:01.333546  1477  1507 I commit_sys_config_file: [notification-policy,59811801]
06-13 13:55:01.360866  1477  1578 I commit_sys_config_file: [settings-1-0,342]
06-13 13:55:01.370176  1477  1507 I commit_sys_config_file: [notification-policy,59811838]
06-13 13:55:01.606343  1477  1518 I am_uid_running: 10155
06-13 13:55:01.644004  1477  1519 I am_proc_start: [0,8608,10155,com.android.chrome,broadcast,{com.android.chrome/org.chromium.chrome.browser.notifications.channels.LocaleChangedBroadcastReceiver}]
06-13 13:55:01.701000  8608  8608 I auditd  : type=1400 audit(0.0:12002): avc:  denied  { read } for  comm="main" name="u:object_r:vendor_prize_fp_prop:s0" dev="tmpfs" ino=11299 scontext=u:r:untrusted_app:s0:c155,c256,c512,c768 tcontext=u:object_r:vendor_prize_fp_prop:s0 tclass=file permissive=0 app=com.android.chrome
06-13 13:55:01.748316  1477  6268 I am_proc_bound: [0,8608,com.android.chrome]
06-13 13:55:01.754744  1477  6268 I am_uid_active: 10155
06-13 13:55:02.040981  1477  1518 I am_wtf  : [0,1477,system_server,-1,JobScheduler.JobStatus,App com.google.android.apps.youtube.music became active but still in NEVER bucket]
06-13 13:55:02.102080  1477  1546 I service_manager_slow: [44,platform_compat]
06-13 13:55:02.190789  1477  1518 I am_wtf  : [0,1477,system_server,-1,JobScheduler.JobStatus,App com.google.android.apps.youtube.music became active but still in NEVER bucket]
06-13 13:55:02.327374  1477  1507 I commit_sys_config_file: [notification-policy,59812795]
06-13 13:55:02.345606  1477  1507 I commit_sys_config_file: [package-session,59812308]
06-13 13:55:02.707204  1477  1610 I netstats_mobile_sample: [0,0,0,0,0,0,0,0,1749812102354]
06-13 13:55:02.708772  1477  1610 I netstats_wifi_sample: [740579321,56423339,827688,258789,738404911,55083330,774805,247549,1749812102354]
06-13 13:55:02.858389  1477  1546 I commit_sys_config_file: [package,76]
06-13 13:55:02.878488  1477  1507 I commit_sys_config_file: [notification-policy,59813346]
06-13 13:55:02.931555  1477  1518 I am_wtf  : [0,1477,system_server,-1,JobScheduler.JobStatus,App com.google.android.apps.youtube.music became active but still in NEVER bucket]
06-13 13:55:02.955343  1477  1507 I commit_sys_config_file: [jobs,27]
06-13 13:55:02.967464  1477  1507 I commit_sys_config_file: [jobs,12]
06-13 13:55:02.983393  1477  1922 I sysui_multi_action: [757,859,758,6,806,com.android.chrome,860,general]
06-13 13:55:02.985911  1477  1518 I am_uid_running: 10151
06-13 13:55:03.011951  1477  1543 I commit_sys_config_file: [package-user-0,155]
06-13 13:55:03.035148  1477  2028 I sysui_multi_action: [757,859,758,6,806,com.android.chrome,860,sites]
06-13 13:55:03.061160  1477  1518 I am_wtf  : [0,1477,system_server,-1,JobScheduler.JobStatus,App com.google.android.apps.youtube.music became active but still in NEVER bucket]
06-13 13:55:03.104034  1477  1543 I commit_sys_config_file: [package-user-999,246]
06-13 13:55:03.130583  1477  1519 I am_proc_start: [0,8667,10151,com.google.android.calendar,broadcast,{com.google.android.calendar/com.android.calendar.widget.CalendarAppWidgetProvider}]
06-13 13:55:03.145000  8667  8667 I auditd  : type=1400 audit(0.0:12003): avc:  denied  { read } for  comm="main" name="u:object_r:vendor_prize_fp_prop:s0" dev="tmpfs" ino=11299 scontext=u:r:untrusted_app:s0:c151,c256,c512,c768 tcontext=u:object_r:vendor_prize_fp_prop:s0 tclass=file permissive=0 app=com.google.android.calendar
06-13 13:55:03.200834  1477  2902 I am_proc_bound: [0,8667,com.google.android.calendar]
06-13 13:55:03.220492  1477  2902 I am_uid_active: 10151
06-13 13:55:03.222742  1477  1505 I service_manager_stats: [100,290,212310]
06-13 13:55:03.268688  1477  1518 I am_uid_running: 10196
06-13 13:55:03.387258  1477  1507 I commit_sys_config_file: [notification-policy,59813855]
06-13 13:55:03.391901  1477  1519 I am_proc_start: [0,8686,10196,com.google.android.cellbroadcastreceiver,broadcast,{com.google.android.cellbroadcastreceiver/com.android.cellbroadcastreceiver.CellBroadcastReceiver}]
06-13 13:55:03.426812  1477  6267 I commit_sys_config_file: [input-subtypes,8]
06-13 13:55:03.445000  8686  8686 I auditd  : type=1400 audit(0.0:12004): avc:  denied  { read } for  comm="main" name="u:object_r:vendor_prize_fp_prop:s0" dev="tmpfs" ino=11299 scontext=u:r:priv_app:s0:c512,c768 tcontext=u:object_r:vendor_prize_fp_prop:s0 tclass=file permissive=0 app=com.google.android.cellbroadcastreceiver
06-13 13:55:03.517854  1477  1592 I input_interaction: Interaction with: 90b7389 com.android.launcher3/com.android.searchlauncher.SearchLauncher (server), db174de com.android.systemui.wallpapers.ImageWallpaper (server), PointerEventDispatcher0 (server), 
06-13 13:55:03.519297  1989  2876 I jank_cuj_events_begin_request: [25,1749812103518987000,304906771732812,59836571254181,]
06-13 13:55:03.520225  1989  2876 I jank_cuj_events_begin_request: [67,1749812103519054000,304906771796196,59836571317565,]
06-13 13:55:03.527046  1477 10135 I am_proc_bound: [0,8686,com.google.android.cellbroadcastreceiver]
06-13 13:55:03.552143  1477 10135 I am_uid_active: 10196
06-13 13:55:03.553622  1989  2876 I jank_cuj_events_cancel_request: [25,1749812103553502000,304906806246966,59836605768334]
06-13 13:55:03.553672  1989  2876 I jank_cuj_events_cancel_request: [67,1749812103553539000,304906806281427,59836605802796]
06-13 13:55:03.570145  1477  1518 I am_uid_running: 10148
06-13 13:55:03.589000  8705  8705 I auditd  : type=1400 audit(0.0:12005): avc:  denied  { read } for  comm="main" name="u:object_r:vendor_prize_fp_prop:s0" dev="tmpfs" ino=11299 scontext=u:r:gmscore_app:s0:c743,c771 tcontext=u:object_r:vendor_prize_fp_prop:s0 tclass=file permissive=0
06-13 13:55:03.647523  1477  1519 I am_proc_start: [999,8705,99910115,com.google.android.gms,service,{com.google.android.gms/com.google.android.gms.chimera.GmsIntentOperationService}]
06-13 13:55:03.679333  1477  6239 I am_proc_bound: [999,8705,com.google.android.gms]
06-13 13:55:03.707294  1477  1505 I service_manager_slow: [76,appops]
06-13 13:55:03.721000  8716  8716 I auditd  : type=1400 audit(0.0:12006): avc:  denied  { read } for  comm="main" name="u:object_r:vendor_prize_fp_prop:s0" dev="tmpfs" ino=11299 scontext=u:r:untrusted_app:s0:c148,c256,c512,c768 tcontext=u:object_r:vendor_prize_fp_prop:s0 tclass=file permissive=0 app=com.google.android.contacts
06-13 13:55:03.726666  1477  1519 I am_proc_start: [0,8716,10148,com.google.android.contacts,broadcast,{com.google.android.contacts/com.google.android.apps.contacts.receiver.LocaleChangeReceiver}]
06-13 13:55:03.778785  1989  2876 I jank_cuj_events_end_request: [11,1749812103778461000,304907031207273,59836830729181]
06-13 13:55:03.779356  1989  2876 I jank_cuj_events_end_request: [9,1749812103778497000,304907031239273,59836830760642]
06-13 13:55:03.779391  1989  2876 I jank_cuj_events_end_request: [66,1749812103778500000,304907031241504,59836830762796]
06-13 13:55:03.790764  1477  1592 I input_focus: [Focus leaving recents_animation_input_consumer (server),reason=NOT_VISIBLE]
06-13 13:55:03.821143  1477  6449 I wm_add_to_stopping: [0,10974805,com.android.settings/.SubSettings,makeInvisible]
06-13 13:55:03.821348  1477  6449 I wm_pause_activity: [0,10974805,com.android.settings/.SubSettings,userLeaving=true,finishTransition]
06-13 13:55:03.821474  1477  1578 I commit_sys_config_file: [settings-2-0,181]
06-13 13:55:03.830622  1477  1509 I input_focus: [Focus request 90b7389 com.android.launcher3/com.android.searchlauncher.SearchLauncher,reason=UpdateInputWindows]
06-13 13:55:03.841528  1477  1592 I input_focus: [Focus entering 90b7389 com.android.launcher3/com.android.searchlauncher.SearchLauncher (server),reason=setFocusedWindow]
06-13 13:55:03.856976 16018 16018 I sysui_multi_action: [757,344,758,2,1089,5599]
06-13 13:55:03.871036 16018 16018 I wm_on_paused_called: [10974805,com.android.settings.SubSettings,performPause,19]
06-13 13:55:03.926492  1477 10135 I am_proc_bound: [0,8716,com.google.android.contacts]
06-13 13:55:03.948483  1477  1508 I wm_stop_activity: [0,10974805,com.android.settings/.SubSettings]
06-13 13:55:03.977794 16018 16018 I wm_on_stop_called: [10974805,com.android.settings.SubSettings,STOP_ACTIVITY_ITEM,13]
06-13 13:55:04.015493  1477 10135 I am_uid_active: 10148
06-13 13:55:04.579313  1477  6239 I am_kill : [0,7493,com.google.android.healthconnect.controller,975,empty #11]
06-13 13:55:04.579640  1477  6239 I am_kill : [0,7915,com.google.android.projection.gearhead:car,995,empty #12]
06-13 13:55:04.579837  1477  6239 I am_kill : [0,7535,com.google.android.apps.docs,999,empty #13]
06-13 13:55:04.672894  1477  6239 I am_kill : [0,7870,com.google.android.apps.photos,955,empty #11]
06-13 13:55:04.674882  1477  1518 I am_uid_running: 10143
06-13 13:55:04.752616  1477  1519 I am_proc_start: [0,8761,10143,com.google.android.deskclock,broadcast,{com.google.android.deskclock/com.android.deskclock.AlarmInitReceiver}]
06-13 13:55:04.825896  1477  1814 I am_proc_died: [0,7493,com.google.android.healthconnect.controller,975,19]
06-13 13:55:04.826223  1477  1814 I am_uid_stopped: 10183
06-13 13:55:04.838667  1477  6239 I am_proc_died: [0,7915,com.google.android.projection.gearhead:car,995,19]
06-13 13:55:04.839662  1477  6239 I am_schedule_service_restart: [0,com.google.android.projection.gearhead/com.google.android.apps.auto.carservice.service.impl.GearheadCarStartupService,1000]
06-13 13:55:04.839845  1477  6239 I am_uid_stopped: 10120
06-13 13:55:04.856184  1477  1799 I am_proc_died: [0,7870,com.google.android.apps.photos,955,19]
06-13 13:55:04.856918  1477  1799 I am_uid_stopped: 10145
06-13 13:55:05.017000  8761  8761 I auditd  : type=1400 audit(0.0:12007): avc:  denied  { read } for  comm="main" name="u:object_r:vendor_prize_fp_prop:s0" dev="tmpfs" ino=11299 scontext=u:r:untrusted_app:s0:c143,c256,c512,c768 tcontext=u:object_r:vendor_prize_fp_prop:s0 tclass=file permissive=0 app=com.google.android.deskclock
06-13 13:55:05.038226  1477  1494 I am_uid_running: 10120
06-13 13:55:05.042214  1477  1543 I commit_sys_config_file: [package-user-0,1294]
06-13 13:55:05.054509  1477  1559 I am_uid_running: 10048
06-13 13:55:05.058991  1477 10130 I job_deferred_execution: 70983884
06-13 13:55:05.074544  1477  5735 I job_deferred_execution: 70982357
06-13 13:55:05.095938  1477  1922 I am_proc_bound: [0,8761,com.google.android.deskclock]
06-13 13:55:05.105975  1477  1922 I am_kill : [0,7892,com.google.android.apps.safetyhub,955,empty #11]
06-13 13:55:05.119042  1477  1922 I am_uid_active: 10143
06-13 13:55:05.126340  1723  1723 I sysui_heads_up_status: [-1|android|26|null|1000,0]
06-13 13:55:05.136394  1477  1519 I am_proc_start: [0,8784,10120,com.google.android.projection.gearhead:car,service,{com.google.android.projection.gearhead/com.google.android.apps.auto.carservice.service.impl.GearheadCarStartupService}]
06-13 13:55:05.174814  1723  1760 I jank_cuj_events_begin_request: [13,1749812105174643000,304908427387273,59838226908642,]
06-13 13:55:05.181000  8784  8784 I auditd  : type=1400 audit(0.0:12008): avc:  denied  { read } for  comm="main" name="u:object_r:vendor_prize_fp_prop:s0" dev="tmpfs" ino=11299 scontext=u:r:priv_app:s0:c512,c768 tcontext=u:object_r:vendor_prize_fp_prop:s0 tclass=file permissive=0 app=com.google.android.projection.gearhead
06-13 13:55:05.235454  1477  1814 I am_proc_died: [0,7892,com.google.android.apps.safetyhub,955,19]
06-13 13:55:05.236956  1477  1814 I am_uid_stopped: 10112
06-13 13:55:05.240556  1477  1519 I am_proc_start: [0,8797,10048,com.android.providers.calendar,content provider,{com.android.providers.calendar/com.android.providers.calendar.CalendarProvider2}]
06-13 13:55:05.252792  1477  1814 I sysui_multi_action: [757,128,758,2,793,7104,794,5650,795,7104,796,26,798,0,806,android,857,DEVELOPER_IMPORTANT,858,4,946,ranker_group,947,0,1395,5,1500,5649,1688,1]
06-13 13:55:05.252835  1477  1814 I notification_visibility: [-1|android|26|null|1000,0,7104,7104,0,0]
06-13 13:55:05.253670  1477  6268 I sysui_multi_action: [757,127,758,2]
06-13 13:55:05.254070  1477  6239 I am_proc_died: [0,7535,com.google.android.apps.docs,999,19]
06-13 13:55:05.254449  1477  6268 I notification_panel_hidden: 
06-13 13:55:05.255207  1477  6239 I am_uid_stopped: 10150
06-13 13:55:05.281611  1477  2889 I am_proc_bound: [0,8784,com.google.android.projection.gearhead:car]
06-13 13:55:05.301000  8797  8797 I auditd  : type=1400 audit(0.0:12009): avc:  denied  { read } for  comm="main" name="u:object_r:vendor_prize_fp_prop:s0" dev="tmpfs" ino=11299 scontext=u:r:priv_app:s0:c512,c768 tcontext=u:object_r:vendor_prize_fp_prop:s0 tclass=file permissive=0 app=com.android.providers.calendar
06-13 13:55:05.343405  1477  1505 I sysui_multi_action: [757,803,799,window_time_0,802,13]
06-13 13:55:05.371539  1477  1546 I unknown_sources_enabled: 1
06-13 13:55:05.420267  3800  3800 I force_gc: bg
06-13 13:55:05.420693  7516  7516 I force_gc: bg
06-13 13:55:05.424901  1723  1760 I jank_cuj_events_end_request: [13,1749812105423672000,304908676416889,59838475938796]
06-13 13:55:05.425688  7662  7662 I force_gc: bg
06-13 13:55:05.433027  1477  1494 I am_proc_bound: [0,8797,com.android.providers.calendar]
06-13 13:55:05.450775  1477  1519 I am_proc_start: [999,8853,99910115,com.google.process.gservices,content provider,{com.google.android.gsf/com.google.android.gsf.gservices.GservicesProvider}]
06-13 13:55:05.457000  8853  8853 I auditd  : type=1400 audit(0.0:12010): avc:  denied  { read } for  comm="main" name="u:object_r:vendor_prize_fp_prop:s0" dev="tmpfs" ino=11299 scontext=u:r:priv_app:s0:c743,c771 tcontext=u:object_r:vendor_prize_fp_prop:s0 tclass=file permissive=0
06-13 13:55:05.472312  7516  7516 I force_gc: bg
06-13 13:55:05.472742  7662  7662 I force_gc: bg
06-13 13:55:05.472775  3800  3800 I force_gc: bg
06-13 13:55:05.498897  1477  6239 I am_proc_bound: [999,8853,com.google.process.gservices]
06-13 13:55:05.617741  3800  3800 I force_gc: bg
06-13 13:55:05.622124  1477  6267 I cc_current_allowlist: [0,2]
06-13 13:55:05.622292  1477  6267 I cc_set_allowlist: [0,4,0]
06-13 13:55:05.622482  1477  6267 I cc_current_allowlist: [0,4]
06-13 13:55:05.622514  1477  6267 I cc_update_options: [0,2]
06-13 13:55:05.639260  1477  1558 I commit_sys_config_file: [package-session,59815602]
06-13 13:55:05.654087  7516  7516 I force_gc: bg
06-13 13:55:05.659058  1477  1507 I commit_sys_config_file: [notification-policy,59816127]
06-13 13:55:05.741934  1477 10131 I am_kill : [0,8576,com.android.carrierdefaultapp,995,empty #11]
06-13 13:55:05.776177  1477  1507 I commit_sys_config_file: [jobs,114]
06-13 13:55:05.796001  1477  1507 I commit_sys_config_file: [jobs,20]
06-13 13:55:05.827471  1477  1507 I commit_sys_config_file: [jobs,31]
06-13 13:55:05.984238  1477  2889 I am_proc_died: [0,8576,com.android.carrierdefaultapp,995,19]
06-13 13:55:05.984502  1477  2889 I am_uid_stopped: 10093
06-13 13:55:06.046591  1477  1507 I commit_sys_config_file: [notification-policy,59816514]
06-13 13:55:06.110803  1477  1517 I am_pss  : [7662,10129,com.android.vending:background,55135232,31027200,493568,176050176,0,4,14]
06-13 13:55:06.251123  1989  2036 I service_manager_slow: [28,app_prediction]
06-13 13:55:06.392361  1477  1518 I am_wtf  : [0,1477,system_server,-1,ActivityManager,Sending non-protected broadcast com.android.launcher3.action.FIRST_SCREEN_ACTIVE_INSTALLS from system 1989:com.android.launcher3/1000 pkg com.android.launcher3]
06-13 13:55:06.443632  1477  1518 I am_uid_running: 10125
06-13 13:55:06.496879  1477  1519 I am_proc_start: [0,9008,10125,com.google.android.dialer,broadcast,{com.google.android.dialer/com.google.android.libraries.notifications.platform.entrypoints.localechanged.LocaleChangedReceiver}]
06-13 13:55:06.513000  9008  9008 I auditd  : type=1400 audit(0.0:12011): avc:  denied  { read } for  comm="main" name="u:object_r:vendor_prize_fp_prop:s0" dev="tmpfs" ino=11299 scontext=u:r:priv_app:s0:c512,c768 tcontext=u:object_r:vendor_prize_fp_prop:s0 tclass=file permissive=0 app=com.google.android.dialer
06-13 13:55:06.532174  1477  1519 I am_proc_start: [0,9016,1000,com.android.keychain,service,{com.android.keychain/com.android.keychain.KeyChainService}]
06-13 13:55:06.561208  1477  6268 I am_proc_bound: [0,9008,com.google.android.dialer]
06-13 13:55:06.569281  1477  6268 I am_uid_active: 10125
06-13 13:55:06.582734  1477  1477 I notification_cancel_all: [1000,1477,com.android.vending,0,0,0,5,NULL]
06-13 13:55:06.608468  1477  1477 I notification_cancel_all: [1000,1477,com.android.vending,999,0,0,5,NULL]
06-13 13:55:06.619284  1477  1477 I notification_cancel_all: [1000,1477,com.android.vending,0,0,0,5,NULL]
06-13 13:55:06.617000  9016  9016 I auditd  : type=1400 audit(0.0:12012): avc:  denied  { read } for  comm="main" name="u:object_r:vendor_prize_fp_prop:s0" dev="tmpfs" ino=11299 scontext=u:r:system_app:s0 tcontext=u:object_r:vendor_prize_fp_prop:s0 tclass=file permissive=0
06-13 13:55:06.681530  1477  1559 I am_proc_bound: [0,9016,com.android.keychain]
06-13 13:55:06.848044  1477  1518 I am_uid_running: 10153
06-13 13:55:06.877197  1477  1519 I am_proc_start: [0,9053,10153,com.google.android.gm,broadcast,{com.google.android.gm/com.google.android.gm.MailIntentReceiver}]
06-13 13:55:07.045000  9053  9053 I auditd  : type=1400 audit(0.0:12013): avc:  denied  { read } for  comm="main" name="u:object_r:vendor_prize_fp_prop:s0" dev="tmpfs" ino=11299 scontext=u:r:untrusted_app:s0:c153,c256,c512,c768 tcontext=u:object_r:vendor_prize_fp_prop:s0 tclass=file permissive=0 app=com.google.android.gm
06-13 13:55:07.073727  1477  2026 I am_proc_bound: [0,9053,com.google.android.gm]
06-13 13:55:07.087924  1477  2026 I am_uid_active: 10153
06-13 13:55:07.373057  1477  2026 I sysui_multi_action: [757,859,758,6,806,com.google.android.gms,860,com.google.android.gms.auth.base.Notifications.AuthGroup]
06-13 13:55:08.084045   494   494 I auditd  : avc:  denied  { find } for pid=9053 uid=10153 name=vendor.mediatek.hardware.mbrain.IMBrain/default scontext=u:r:untrusted_app:s0:c153,c256,c512,c768 tcontext=u:object_r:default_android_service:s0 tclass=service_manager permissive=0
06-13 13:55:08.235169  1477  1814 I sysui_multi_action: [757,859,758,6,806,com.google.android.calendar,860,CALENDAR_GROUP]
06-13 13:55:08.237396  1477  2902 I sysui_multi_action: [757,859,758,6,806,com.google.android.calendar,860,TASKS_GROUP]
06-13 13:55:08.252696  1477  1477 I notification_cancel_all: [1000,1477,com.google.android.calendar,0,0,0,20,NULL]
06-13 13:55:08.269035  1477  2889 I am_kill : [0,8608,com.android.chrome,985,empty #11]
06-13 13:55:08.271942  1477  2889 I am_kill : [0,3287,com.google.android.youtube,500,empty #12]
06-13 13:55:08.275310  1477  1518 I am_uid_running: 10135
06-13 13:55:08.298526  1477  1519 I am_proc_start: [0,9161,10135,com.google.android.tts,broadcast,{com.google.android.tts/com.google.android.apps.speech.tts.googletts.local.voicepack.VoicepackUpdater_Receiver}]
06-13 13:55:08.333000  9161  9161 I auditd  : type=1400 audit(0.0:12014): avc:  denied  { read } for  comm="main" name="u:object_r:vendor_prize_fp_prop:s0" dev="tmpfs" ino=11299 scontext=u:r:untrusted_app:s0:c135,c256,c512,c768 tcontext=u:object_r:vendor_prize_fp_prop:s0 tclass=file permissive=0 app=com.google.android.tts
06-13 13:55:08.351860  1477  2029 I am_proc_bound: [0,9161,com.google.android.tts]
06-13 13:55:08.362130  1477  2029 I am_uid_active: 10135
06-13 13:55:08.369542  1477  6449 I am_proc_died: [0,8608,com.android.chrome,985,19]
06-13 13:55:08.369990  1477  6449 I am_uid_stopped: 10155
06-13 13:55:08.374004  1477  1546 I service_manager_stats: [257,945,5152]
06-13 13:55:08.460128  1477  2029 I am_proc_died: [0,3287,com.google.android.youtube,500,19]
06-13 13:55:08.467806  1477  2029 I am_uid_stopped: 10154
06-13 13:55:08.546870  1477  1507 I commit_sys_config_file: [notification-policy,59819015]
06-13 13:55:08.550817  1477  1507 I commit_sys_config_file: [jobs,3]
06-13 13:55:08.559919  1477  1507 I commit_sys_config_file: [jobs,9]
06-13 13:55:08.567694  1477  1507 I commit_sys_config_file: [notification-policy,59819035]
06-13 13:55:08.908701   494   494 I auditd  : avc:  denied  { find } for pid=9008 uid=10125 name=vendor.mediatek.hardware.mbrain.IMBrain/default scontext=u:r:priv_app:s0:c512,c768 tcontext=u:object_r:default_android_service:s0 tclass=service_manager permissive=0
06-13 13:55:08.950832  1477  1559 I am_uid_running: 10122
06-13 13:55:08.975214  1477  1519 I am_proc_start: [0,9217,10122,com.google.android.as.oss,service,{com.google.android.as.oss/com.google.android.apps.miphone.astrea.grpc.AstreaGrpcService}]
06-13 13:55:09.025000  9217  9217 I auditd  : type=1400 audit(0.0:12015): avc:  denied  { read } for  comm="main" name="u:object_r:vendor_prize_fp_prop:s0" dev="tmpfs" ino=11299 scontext=u:r:priv_app:s0:c512,c768 tcontext=u:object_r:vendor_prize_fp_prop:s0 tclass=file permissive=0 app=com.google.android.as.oss
06-13 13:55:09.046683  1477 10135 I am_proc_bound: [0,9217,com.google.android.as.oss]
06-13 13:55:09.049614  1477 10135 I am_uid_active: 10122
06-13 13:55:09.130579  1477  1519 I am_proc_start: [0,9252,10120,com.google.android.projection.gearhead:provider,content provider,{com.google.android.projection.gearhead/com.google.android.apps.auto.components.projectionstate.ProjectionStateProvider}]
06-13 13:55:09.153000  9252  9252 I auditd  : type=1400 audit(0.0:12016): avc:  denied  { read } for  comm="main" name="u:object_r:vendor_prize_fp_prop:s0" dev="tmpfs" ino=11299 scontext=u:r:priv_app:s0:c512,c768 tcontext=u:object_r:vendor_prize_fp_prop:s0 tclass=file permissive=0 app=com.google.android.projection.gearhead
06-13 13:55:09.173047  1477  1691 I sync    : [com.android.contacts,1,3,2394215]
06-13 13:55:09.176758  1477  1559 I am_proc_bound: [0,9252,com.google.android.projection.gearhead:provider]
06-13 13:55:09.195934  1477  1559 I am_kill : [0,7516,com.android.vending:instant_app_installer,975,empty #11]
06-13 13:55:09.231981  1477  1518 I am_uid_running: 10136
06-13 13:55:09.250374  1477  1519 I am_proc_start: [0,9289,10136,com.google.android.videos,broadcast,{com.google.android.videos/com.google.android.apps.googletv.app.presentation.widgets.toppicks.TopPicksWidgetReceiver}]
06-13 13:55:09.265000  9289  9289 I auditd  : type=1400 audit(0.0:12017): avc:  denied  { read } for  comm="main" name="u:object_r:vendor_prize_fp_prop:s0" dev="tmpfs" ino=11299 scontext=u:r:untrusted_app:s0:c136,c256,c512,c768 tcontext=u:object_r:vendor_prize_fp_prop:s0 tclass=file permissive=0 app=com.google.android.videos
06-13 13:55:09.296400  1477  6449 I am_proc_bound: [0,9289,com.google.android.videos]
06-13 13:55:09.323921  1477  6449 I am_uid_active: 10136
06-13 13:55:09.335810  1477  1518 I am_wtf  : [0,1477,system_server,-1,JobScheduler.JobStatus,App com.google.android.videos became active but still in NEVER bucket]
06-13 13:55:09.348221  1477  1518 I am_wtf  : [0,1477,system_server,-1,JobScheduler.JobStatus,App com.google.android.videos became active but still in NEVER bucket]
06-13 13:55:09.348407  1477  1518 I am_wtf  : [0,1477,system_server,-1,JobScheduler.JobStatus,App com.google.android.videos became active but still in NEVER bucket]
06-13 13:55:09.367186  1477  6449 I sysui_multi_action: [757,859,758,6,806,com.google.android.gm,860,^ncg_~_misc]
06-13 13:55:09.373736  1477  2026 I am_proc_died: [0,7516,com.android.vending:instant_app_installer,975,19]
06-13 13:55:09.395532  1477  1477 I notification_cancel_all: [1000,1477,com.google.android.gm,0,0,0,20,NULL]
06-13 13:55:09.478387  1477  1518 I am_uid_running: 10234
06-13 13:55:09.514292  1477  1519 I am_proc_start: [0,9360,10234,com.google.android.apps.docs.editors.sheets,broadcast,{com.google.android.apps.docs.editors.sheets/com.google.android.apps.docs.notification.common.NotificationChannelReceiver}]
06-13 13:55:09.537000  9360  9360 I auditd  : type=1400 audit(0.0:12018): avc:  denied  { read } for  comm="main" name="u:object_r:vendor_prize_fp_prop:s0" dev="tmpfs" ino=11299 scontext=u:r:untrusted_app:s0:c234,c256,c512,c768 tcontext=u:object_r:vendor_prize_fp_prop:s0 tclass=file permissive=0 app=com.google.android.apps.docs.editors.sheets
06-13 13:55:09.569768  1477  1560 I am_proc_bound: [0,9360,com.google.android.apps.docs.editors.sheets]
06-13 13:55:09.579064  1477  1560 I am_uid_active: 10234
06-13 13:55:10.244774  1477  2028 I am_kill : [0,8686,com.google.android.cellbroadcastreceiver,985,empty #11]
06-13 13:55:10.245079  1477  2028 I am_kill : [0,8667,com.google.android.calendar,985,empty #12]
06-13 13:55:10.247104  1477  1518 I am_uid_running: 10243
06-13 13:55:10.261266  1477  1519 I am_proc_start: [0,9449,10243,com.google.android.keep,broadcast,{com.google.android.keep/com.google.android.keep.notification.NotificationChannelReceiver}]
06-13 13:55:10.264679  1477  1507 I commit_sys_config_file: [notification-policy,59820732]
06-13 13:55:10.305000  9449  9449 I auditd  : type=1400 audit(0.0:12019): avc:  denied  { read } for  comm="main" name="u:object_r:vendor_prize_fp_prop:s0" dev="tmpfs" ino=11299 scontext=u:r:untrusted_app:s0:c243,c256,c512,c768 tcontext=u:object_r:vendor_prize_fp_prop:s0 tclass=file permissive=0 app=com.google.android.keep
06-13 13:55:10.328692 20915  7476 I c2dm    : [19,com.google.android.contacts:252037029,0,0]
06-13 13:55:10.335987  8705  8928 I service_manager_slow: [51,usagestats]
06-13 13:55:10.337034  1477  6267 I am_proc_bound: [0,9449,com.google.android.keep]
06-13 13:55:10.349053  1477  6267 I am_uid_active: 10243
06-13 13:55:10.358481  1477  5735 I am_proc_died: [0,8667,com.google.android.calendar,985,19]
06-13 13:55:10.360735  1477  5735 I am_uid_stopped: 10151
06-13 13:55:10.390168  1477  1570 I job_deferred_execution: 1188862
06-13 13:55:10.447959  1477  2908 I am_proc_died: [0,8686,com.google.android.cellbroadcastreceiver,985,19]
06-13 13:55:10.448327  1477  2908 I am_uid_stopped: 10196
06-13 13:55:10.542903  1477  1922 I am_kill : [0,8761,com.google.android.deskclock,985,empty #11]
06-13 13:55:10.544941  1477  1518 I am_uid_running: 10248
06-13 13:55:10.566877  1477  1519 I am_proc_start: [0,9546,10248,com.nextgen.reelsapp,broadcast,{com.nextgen.reelsapp/com.nextgen.reelsapp.alarms.AutoStart}]
06-13 13:55:10.587903  1477  1507 I commit_sys_config_file: [notification-policy,59821056]
06-13 13:55:10.589000  9546  9546 I auditd  : type=1400 audit(0.0:12020): avc:  denied  { read } for  comm="main" name="u:object_r:vendor_prize_fp_prop:s0" dev="tmpfs" ino=11299 scontext=u:r:untrusted_app:s0:c248,c256,c512,c768 tcontext=u:object_r:vendor_prize_fp_prop:s0 tclass=file permissive=0 app=com.nextgen.reelsapp
06-13 13:55:10.627591  1477  2903 I am_proc_bound: [0,9546,com.nextgen.reelsapp]
06-13 13:55:10.636395  1477  2903 I am_uid_active: 10248
06-13 13:55:10.708229  1477  1507 I commit_sys_config_file: [jobs,54]
06-13 13:55:10.718708  1477  1507 I commit_sys_config_file: [jobs,10]
06-13 13:55:10.760782  1477  1507 I commit_sys_config_file: [jobs,42]
06-13 13:55:10.763503  1477  1518 I am_wtf  : [0,1477,system_server,-1,JobScheduler.JobStatus,App com.google.android.videos became active but still in NEVER bucket]
06-13 13:55:10.779792  1477  1507 I commit_sys_config_file: [jobs,18]
06-13 13:55:10.792835  1477  1507 I commit_sys_config_file: [jobs,13]
06-13 13:55:10.835263  1477  1518 I am_wtf  : [0,1477,system_server,-1,JobScheduler.JobStatus,App com.google.android.videos became active but still in NEVER bucket]
06-13 13:55:10.850647  1477  5735 I am_proc_died: [0,8761,com.google.android.deskclock,985,19]
06-13 13:55:10.855071  1477  5735 I am_uid_stopped: 10143
06-13 13:55:10.897172  1477  1507 I commit_sys_config_file: [notification-policy,59821365]
06-13 13:55:11.108199  1477  1518 I am_wtf  : [0,1477,system_server,-1,JobScheduler.JobStatus,App com.google.android.videos became active but still in NEVER bucket]
06-13 13:55:11.163853  1477  1518 I am_wtf  : [0,1477,system_server,-1,JobScheduler.JobStatus,App com.google.android.videos became active but still in NEVER bucket]
06-13 13:55:11.271391  1477  1922 I am_kill : [0,8797,com.android.providers.calendar,995,empty #11]
06-13 13:55:11.295174  1477  2908 I am_proc_died: [0,8797,com.android.providers.calendar,995,19]
06-13 13:55:11.295488  1477  2908 I am_uid_stopped: 10048
06-13 13:55:11.523057  1477  1507 I commit_sys_config_file: [notification-policy,59821991]
06-13 13:55:11.610955 20915  7581 I c2dm    : [-19,SUCCESSFUL,0,0]
06-13 13:55:11.696332  1477  1518 I am_wtf  : [0,1477,system_server,-1,JobScheduler.JobStatus,App com.google.android.videos became active but still in NEVER bucket]
06-13 13:55:11.828652  1477  1922 I job_deferred_execution: 754941
06-13 13:55:11.845851  1477  1691 I sync    : [com.google.android.keep,0,0,1384111047]
06-13 13:55:11.903950  1477  1477 I job_deferred_execution: 755027
06-13 13:55:11.910481  1477  1691 I sync    : [com.google.android.keep,1,0,1384111047]
06-13 13:55:11.915980  1477  1691 I sync    : [com.google.android.keep,0,4,-287851866]
06-13 13:55:12.304545  1477  1691 I sync    : [com.google.android.keep,1,4,-287851866]
06-13 13:55:12.384863  1477  1610 I netstats_mobile_sample: [0,0,0,0,0,0,0,0,1749812112032]
06-13 13:55:12.386130  1477  1610 I netstats_wifi_sample: [744261094,56718753,831026,260233,742042041,55372577,778082,248980,1749812112032]
