06-13 12:55:31.541641  1570  5474 I snet_event_log: [215003903,10197,callingPackage:android does not belong to callingUid:10197]
06-13 12:55:31.552778  1570  1672 I commit_sys_config_file: [settings-4-0,10]
06-13 12:55:31.693346  1570  6710 I snet_event_log: [215003903,10197,callingPackage:android does not belong to callingUid:10197]
06-13 12:55:31.781919  1570  1672 I commit_sys_config_file: [settings-4-0,14]
06-13 12:55:31.994412  1570  1672 I commit_sys_config_file: [settings-4-0,17]
06-13 12:55:32.153016  1570  6502 I sysui_multi_action: [757,1721,758,4,908,com.google.android.as/com.google.android.apps.miphone.aiai.app.AiAiAugmentedAutofillService,1722,5]
06-13 12:55:32.213987  1570  1672 I commit_sys_config_file: [settings-4-0,20]
06-13 12:55:32.470328  1570  1672 I commit_sys_config_file: [settings-4-0,23]
06-13 12:55:32.679934  1570  1672 I commit_sys_config_file: [settings-4-0,10]
06-13 12:55:32.947663  1570  1672 I commit_sys_config_file: [settings-4-0,14]
06-13 12:55:33.033166  1570  6710 I snet_event_log: [215003903,10197,callingPackage:android does not belong to callingUid:10197]
06-13 12:55:33.164131  1570  1672 I commit_sys_config_file: [settings-4-0,12]
06-13 12:55:33.386147  1570  1672 I commit_sys_config_file: [settings-4-0,19]
06-13 12:56:07.531187  1570  1605 I am_pss  : [6673,10148,com.google.android.youtube,217818112,208494592,796672,314318848,0,19,35]
06-13 12:56:37.626262  1570  1605 I am_pss  : [7635,10130,com.google.android.apps.messaging,122280960,115167232,873472,204853248,0,19,21]
06-13 12:56:42.252010  1570  1605 I am_pss  : [7774,10122,com.google.android.gms,42592256,10444800,1073152,161153024,0,19,23]
06-13 12:57:22.727050  1570  1605 I commit_sys_config_file: [procstats,47]
06-13 12:57:22.963782  1570  1605 I am_meminfo: [2249961472,155893760,259493888,433221632,443920384]
06-13 12:57:22.974422  1570  1605 I am_pss  : [19614,10182,com.debug.loggerui,98866176,32829440,60766208,127270912,2,4,10]
06-13 12:57:22.986147  1570  1605 I am_pss  : [3523,10181,com.mediatek.engineermode,57337856,41046016,823296,168910848,2,15,10]
06-13 12:57:22.998563  1570  1605 I am_pss  : [2519,1000,com.android.launcher3,100601856,72282112,18663424,183808000,2,5,12]
06-13 12:57:23.012198  1570  1605 I am_pss  : [23161,10156,com.google.android.inputmethod.latin,86452224,54210560,15252480,194961408,2,7,12]
06-13 12:57:23.033703  1570  1605 I am_pss  : [10159,10131,com.google.android.googlequicksearchbox:search,197836800,145444864,23569408,318312448,2,17,20]
06-13 12:57:23.045410  1570  1605 I am_pss  : [16714,10131,com.google.android.googlequicksearchbox:interactor,72788992,26218496,25277440,135606272,2,5,11]
06-13 12:57:23.057358  1570  1605 I am_pss  : [7774,10122,com.google.android.gms,43012096,10620928,1072128,162119680,2,19,11]
06-13 12:57:23.079035  1570  1605 I am_pss  : [29541,10122,com.google.android.gms.persistent,189031424,146063360,747520,352428032,2,4,20]
06-13 12:57:23.086864  1570  1605 I am_pss  : [2500,10197,com.google.android.ext.services,35795968,4284416,28445696,73650176,2,5,6]
06-13 12:57:23.099922  1570  1605 I am_pss  : [23215,10122,com.google.android.gms.unstable,46071808,19550208,5320704,173277184,2,4,12]
06-13 12:57:23.113558  1570  1605 I am_pss  : [7635,10130,com.google.android.apps.messaging,123008000,115875840,873472,205647872,2,19,12]
06-13 12:57:23.120862  1570  1605 I am_pss  : [27861,10122,com.google.process.gservices,11737088,5730304,4459520,59162624,2,19,6]
06-13 12:57:23.128665  1570  1605 I am_pss  : [7090,10189,com.google.android.adservices.api,17814528,12873728,894976,88461312,2,19,7]
06-13 12:57:23.136018  1570  1605 I am_pss  : [7709,10114,com.google.android.as.oss:learning_bg,12761088,6426624,967680,78180352,2,19,6]
06-13 12:57:23.143422  1570  1605 I am_pss  : [7661,10114,com.google.android.as.oss,13177856,6795264,947200,79745024,2,19,7]
06-13 12:57:23.156815  1570  1605 I am_pss  : [7063,10156,com.google.android.inputmethod.latin:train,89394176,69705728,874496,197521408,2,19,12]
06-13 12:57:23.171957  1570  1605 I am_pss  : [6807,10150,com.android.chrome,126447616,117530624,801792,230387712,2,19,14]
06-13 12:57:23.191120  1570  1605 I am_pss  : [6673,10148,com.google.android.youtube,217852928,208531456,796672,314355712,2,19,18]
06-13 12:57:23.205917  1570  1605 I am_pss  : [7141,10125,com.android.vending,123475968,117256192,828416,204759040,2,19,13]
06-13 12:57:23.214672  1570  1605 I am_pss  : [3148,10188,com.google.android.providers.media.module,49314816,25497600,21023744,91222016,2,0,7]
06-13 12:57:23.223368  1570  1605 I am_pss  : [2868,10130,com.google.android.apps.messaging:rcs,49396736,11931648,32339968,90554368,2,5,8]
06-13 12:57:23.232275  1570  1605 I am_pss  : [26334,10185,com.google.android.permissioncontroller,41871360,13844480,24656896,90230784,2,6,8]
06-13 12:57:23.240996  1570  1605 I am_pss  : [3143,10113,com.google.android.as,51951616,33390592,16195584,96804864,2,5,8]
06-13 12:57:23.258327  1570  1605 I am_pss  : [20280,1000,com.android.settings,143157248,74805248,32772096,241651712,2,19,17]
06-13 12:57:23.266568  1570  1605 I am_pss  : [14242,10236,io.appium.settings,35233792,10383360,19935232,88227840,2,4,7]
06-13 12:57:23.275196  1570  1605 I am_pss  : [4859,1000,com.pri.charginganimation:remote,168706048,85016576,80692224,157077504,2,0,8]
06-13 12:57:23.280904  1570  1605 I am_pss  : [4769,1000,com.pri.charginganimation,6178816,12288,5122048,44179456,2,0,5]
06-13 12:57:23.287698  1570  1605 I am_pss  : [3323,1000,com.pri.cloudlist,26691584,5287936,19627008,63340544,2,0,6]
06-13 12:57:23.293220  1570  1605 I am_pss  : [3314,1000,com.pri.permissioncontroller,5936128,8192,4966400,41938944,2,0,4]
06-13 12:57:23.298776  1570  1605 I am_pss  : [3280,1000,com.mediatek.voicecommand,6098944,4096,5069824,42725376,2,0,4]
06-13 12:57:23.306356  1570  1605 I am_pss  : [3278,1027,com.android.nfc,22854656,6561792,13624320,72044544,2,0,7]
06-13 12:57:23.312713  1570  1605 I am_pss  : [3245,1000,com.pri.screenoff.killer,13346816,2281472,9700352,52928512,2,0,5]
06-13 12:57:23.322457  1570  1605 I am_pss  : [2478,1001,com.android.phone,47823872,38457344,5588992,114741248,2,0,9]
06-13 12:57:23.328885  1570  1605 I am_pss  : [2461,1068,com.android.se,6369280,24576,5348352,43106304,2,0,4]
06-13 12:57:23.334782  1570  1605 I am_pss  : [2447,1001,com.mediatek.smartratswitch,7675904,786432,5743616,47673344,2,0,4]
06-13 12:57:23.340844  1570  1605 I am_pss  : [2446,10179,com.mediatek.camera,7022592,204800,5610496,48361472,2,0,4]
06-13 12:57:23.347897  1570  1605 I am_pss  : [2429,1001,com.mediatek.ims,28063744,3284992,23110656,57757696,2,0,6]
06-13 12:57:23.356010  1570  1605 I am_pss  : [2405,1073,com.android.networkstack.process,39390208,23494656,13576192,88764416,2,0,7]
06-13 12:57:23.374379  1570  1605 I am_pss  : [2157,10173,com.android.systemui,206301184,133193728,54084608,282935296,2,5,17]
06-13 12:57:23.403965  1570  1605 I am_pss  : [1570,1000,system,305810432,251977728,20738048,437338112,2,0,29]
06-13 13:00:00.017676  1570  1664 I am_uid_running: 10048
06-13 13:00:00.023506  1570  6502 I am_kill : [0,7141,com.android.vending,995,empty #11]
06-13 13:00:00.023521  1570  1605 I am_pss  : [7090,10189,com.google.android.adservices.api,17794048,12873728,896000,88461312,0,19,10]
06-13 13:00:00.034375  1570  1605 I am_pss  : [7709,10114,com.google.android.as.oss:learning_bg,12717056,6426624,941056,78180352,0,19,9]
06-13 13:00:00.038333  1570  1606 I am_wtf  : [0,1570,system_server,-1,ActivityManager,Sending non-protected broadcast owner_info_changed_from_settings from system 2157:com.android.systemui/u0a173 pkg com.android.systemui]
06-13 13:00:00.038660  1570  1607 I am_proc_start: [0,7888,10048,com.google.android.apps.turbo:aab,service,{com.google.android.apps.turbo/com.google.android.libraries.smartbattery.appusage.library.EvaluateAppBucketsJob}]
06-13 13:00:00.044787  1570  1605 I am_pss  : [7661,10114,com.google.android.as.oss,13178880,6795264,935936,79745024,0,19,9]
06-13 13:00:00.049000  7888  7888 I auditd  : type=1400 audit(0.0:15329): avc:  denied  { read } for  comm="main" name="u:object_r:vendor_prize_fp_prop:s0" dev="tmpfs" ino=10654 scontext=u:r:priv_app:s0:c512,c768 tcontext=u:object_r:vendor_prize_fp_prop:s0 tclass=file permissive=0 app=com.google.android.apps.turbo
06-13 13:00:00.061000   622   622 I auditd  : type=1400 audit(0.0:15330): avc:  denied  { read } for  comm="binder:622_7" name="wakeup126" dev="sysfs" ino=37179 scontext=u:r:system_suspend:s0 tcontext=u:object_r:sysfs:s0 tclass=dir permissive=0
06-13 13:00:00.069888  1570  5474 I am_proc_bound: [0,7888,com.google.android.apps.turbo:aab]
06-13 13:00:00.077000   622   622 I auditd  : type=1400 audit(0.0:15331): avc:  denied  { read } for  comm="binder:622_7" name="wakeup130" dev="sysfs" ino=38008 scontext=u:r:system_suspend:s0 tcontext=u:object_r:sysfs:s0 tclass=dir permissive=0
06-13 13:00:00.081000   622   622 I auditd  : type=1400 audit(0.0:15332): avc:  denied  { read } for  comm="binder:622_7" name="wakeup129" dev="sysfs" ino=37961 scontext=u:r:system_suspend:s0 tcontext=u:object_r:sysfs:s0 tclass=dir permissive=0
06-13 13:00:00.085000   622   622 I auditd  : type=1400 audit(0.0:15333): avc:  denied  { read } for  comm="binder:622_7" name="wakeup147" dev="sysfs" ino=41953 scontext=u:r:system_suspend:s0 tcontext=u:object_r:sysfs:s0 tclass=dir permissive=0
06-13 13:00:00.089000   622   622 I auditd  : type=1400 audit(0.0:15334): avc:  denied  { read } for  comm="binder:622_7" name="wakeup145" dev="sysfs" ino=41915 scontext=u:r:system_suspend:s0 tcontext=u:object_r:sysfs:s0 tclass=dir permissive=0
06-13 13:00:00.093119  1570  6502 I am_proc_died: [0,7141,com.android.vending,995,19]
06-13 13:00:00.095115  1570  6502 I am_schedule_service_restart: [0,com.android.vending/com.google.android.finsky.setup.dse.impl.DseService,1000]
06-13 13:00:00.095440  1570  6502 I am_uid_stopped: 10125
06-13 13:00:00.105000   622   622 I auditd  : type=1400 audit(0.0:15335): avc:  denied  { read } for  comm="binder:622_7" name="wakeup148" dev="sysfs" ino=42184 scontext=u:r:system_suspend:s0 tcontext=u:object_r:sysfs:s0 tclass=dir permissive=0
06-13 13:00:00.292566  1570  1655 I am_kill : [0,6673,com.google.android.youtube,300,empty #11]
06-13 13:00:00.363385  1570  1655 I am_proc_died: [0,6673,com.google.android.youtube,300,19]
06-13 13:00:00.368389  1570  1655 I am_uid_stopped: 10148
06-13 13:00:01.096933  1570  1606 I am_uid_running: 10125
06-13 13:00:01.125044  1570  1607 I am_proc_start: [0,7916,10125,com.android.vending,service,{com.android.vending/com.google.android.finsky.setup.dse.impl.DseService}]
06-13 13:00:01.137000  7916  7916 I auditd  : type=1400 audit(0.0:15336): avc:  denied  { read } for  comm="main" name="u:object_r:vendor_prize_fp_prop:s0" dev="tmpfs" ino=10654 scontext=u:r:priv_app:s0:c512,c768 tcontext=u:object_r:vendor_prize_fp_prop:s0 tclass=file permissive=0 app=com.android.vending
06-13 13:00:01.154141  1570  2256 I am_proc_bound: [0,7916,com.android.vending]
06-13 13:00:01.387773  1570  1585 I am_kill : [0,7063,com.google.android.inputmethod.latin:train,975,empty #11]
06-13 13:00:01.389151  1570  1607 I am_proc_start: [0,7968,10122,com.google.process.gapps,content provider,{com.google.android.gsf/com.google.android.gsf.settings.GoogleSettingsProvider}]
06-13 13:00:01.390439  1570  1570 I notification_cancel_all: [1000,1570,com.android.vending,0,0,0,20,NULL]
06-13 13:00:01.391036  1570  1570 I notification_cancel_all: [1000,1570,com.android.vending,0,0,0,20,NULL]
06-13 13:00:01.391881  1570  1570 I notification_cancel_all: [1000,1570,com.android.vending,0,0,0,20,NULL]
06-13 13:00:01.392370  1570  1570 I notification_cancel_all: [1000,1570,com.android.vending,0,0,0,20,NULL]
06-13 13:00:01.392772  1570  1570 I notification_cancel_all: [1000,1570,com.android.vending,0,0,0,20,NULL]
06-13 13:00:01.397000  7968  7968 I auditd  : type=1400 audit(0.0:15337): avc:  denied  { read } for  comm="main" name="u:object_r:vendor_prize_fp_prop:s0" dev="tmpfs" ino=10654 scontext=u:r:priv_app:s0:c512,c768 tcontext=u:object_r:vendor_prize_fp_prop:s0 tclass=file permissive=0 app=com.google.android.gms
06-13 13:00:01.416099  1570  6707 I am_proc_bound: [0,7968,com.google.process.gapps]
06-13 13:00:01.459492   565   565 I auditd  : avc:  denied  { find } for pid=7968 uid=10122 name=vendor.mediatek.hardware.mbrain.IMBrain/default scontext=u:r:priv_app:s0:c512,c768 tcontext=u:object_r:default_android_service:s0 tclass=service_manager permissive=0
06-13 13:00:01.468590  1570  6707 I am_proc_died: [0,7063,com.google.android.inputmethod.latin:train,975,19]
06-13 13:00:01.471501  1570  6707 I am_kill : [0,7661,com.google.android.as.oss,999,empty #11]
06-13 13:00:01.495585  1570  6697 I am_proc_died: [0,7661,com.google.android.as.oss,999,19]
06-13 13:00:01.653751  1570  1594 I commit_sys_config_file: [notification-policy,128199536]
06-13 13:00:02.293276  1570  1594 I commit_sys_config_file: [jobs,4]
06-13 13:00:11.615288  1570  1607 I am_proc_start: [0,8065,10125,com.android.vending:background,service,{com.android.vending/com.google.frameworks.client.data.android.server.play.BackgroundProcessEndpointService}]
06-13 13:00:11.625000  8065  8065 I auditd  : type=1400 audit(0.0:15338): avc:  denied  { read } for  comm="main" name="u:object_r:vendor_prize_fp_prop:s0" dev="tmpfs" ino=10654 scontext=u:r:priv_app:s0:c512,c768 tcontext=u:object_r:vendor_prize_fp_prop:s0 tclass=file permissive=0 app=com.android.vending
06-13 13:00:11.644796  1570  6707 I am_proc_bound: [0,8065,com.android.vending:background]
06-13 13:00:11.870558  1570  1570 I notification_cancel_all: [1000,1570,com.android.vending,0,0,0,20,NULL]
06-13 13:00:11.870706  1570  1570 I notification_cancel_all: [1000,1570,com.android.vending,0,0,0,20,NULL]
06-13 13:00:11.871061  1570  1570 I notification_cancel_all: [1000,1570,com.android.vending,0,0,0,20,NULL]
06-13 13:00:11.871336  1570  1570 I notification_cancel_all: [1000,1570,com.android.vending,0,0,0,20,NULL]
06-13 13:00:11.871676  1570  1570 I notification_cancel_all: [1000,1570,com.android.vending,0,0,0,20,NULL]
06-13 13:00:12.140138  1570  1594 I commit_sys_config_file: [notification-policy,128210022]
06-13 13:00:15.217248  1570  6707 I am_kill : [0,7709,com.google.android.as.oss:learning_bg,995,empty #11]
06-13 13:00:15.254759  1570  6697 I am_proc_died: [0,7709,com.google.android.as.oss:learning_bg,995,19]
06-13 13:00:15.255403  1570  6697 I am_uid_stopped: 10114
06-13 13:07:23.701550  1570  1605 I am_pss  : [7635,10130,com.google.android.apps.messaging,123439104,115892224,893952,205578240,0,19,25]
06-13 13:11:45.479873  1570  1606 I am_wtf  : [0,1570,system_server,-1,ActivityManager,Sending non-protected broadcast owner_info_changed_from_settings from system 2157:com.android.systemui/u0a173 pkg com.android.systemui]
06-13 13:11:45.483701  1570  1664 I am_uid_running: 10114
06-13 13:11:45.491146 29541  8163 I c2dm    : [0,,7,6]
06-13 13:11:45.491515  1570  1664 I am_uid_running: 10148
06-13 13:11:45.519496  1570  1607 I am_proc_start: [0,8184,10114,com.google.android.as.oss,service,{com.google.android.as.oss/com.google.android.gms.learning.internal.training.InAppJobService}]
06-13 13:11:45.533000  8184  8184 I auditd  : type=1400 audit(0.0:15339): avc:  denied  { read } for  comm="main" name="u:object_r:vendor_prize_fp_prop:s0" dev="tmpfs" ino=10654 scontext=u:r:priv_app:s0:c512,c768 tcontext=u:object_r:vendor_prize_fp_prop:s0 tclass=file permissive=0 app=com.google.android.as.oss
06-13 13:11:45.542006  1570  1607 I am_proc_start: [0,8193,10148,com.google.android.youtube,service,{com.google.android.youtube/androidx.work.impl.background.systemjob.SystemJobService}]
06-13 13:11:45.549000  8193  8193 I auditd  : type=1400 audit(0.0:15340): avc:  denied  { read } for  comm="main" name="u:object_r:vendor_prize_fp_prop:s0" dev="tmpfs" ino=10654 scontext=u:r:untrusted_app:s0:c148,c256,c512,c768 tcontext=u:object_r:vendor_prize_fp_prop:s0 tclass=file permissive=0 app=com.google.android.youtube
06-13 13:11:45.560304  1570  6697 I am_proc_bound: [0,8184,com.google.android.as.oss]
06-13 13:11:45.566735  1570  1606 I am_wtf  : [0,1570,system_server,-1,JobScheduler.JobStatus,App com.google.android.inputmethod.latin became active but still in NEVER bucket]
06-13 13:11:45.569574  1570  1654 I am_proc_bound: [0,8193,com.google.android.youtube]
06-13 13:11:45.576265  1570  1607 I am_proc_start: [0,8222,10156,com.google.android.inputmethod.latin:train,service,{com.google.android.inputmethod.latin/com.google.android.gms.learning.internal.training.InAppTrainingService}]
06-13 13:11:45.578685  1570  1606 I am_wtf  : [0,1570,system_server,-1,JobScheduler.JobStatus,App com.google.android.inputmethod.latin became active but still in NEVER bucket]
06-13 13:11:45.593587  1570  1606 I am_wtf  : [0,1570,system_server,-1,JobScheduler.JobStatus,App com.google.android.inputmethod.latin became active but still in NEVER bucket]
06-13 13:11:45.593000  8222  8222 I auditd  : type=1400 audit(0.0:15341): avc:  denied  { read } for  comm="main" name="u:object_r:vendor_prize_fp_prop:s0" dev="tmpfs" ino=10654 scontext=u:r:untrusted_app:s0:c156,c256,c512,c768 tcontext=u:object_r:vendor_prize_fp_prop:s0 tclass=file permissive=0 app=com.google.android.inputmethod.latin
06-13 13:11:45.617362  1570  2255 I am_proc_bound: [0,8222,com.google.android.inputmethod.latin:train]
06-13 13:11:45.706653  1570  1607 I am_proc_start: [0,8255,10114,com.google.android.as.oss:learning_bg,service,{com.google.android.as.oss/com.google.android.gms.learning.internal.training.InAppTrainingService}]
06-13 13:11:45.713000  8255  8255 I auditd  : type=1400 audit(0.0:15342): avc:  denied  { read } for  comm="main" name="u:object_r:vendor_prize_fp_prop:s0" dev="tmpfs" ino=10654 scontext=u:r:priv_app:s0:c512,c768 tcontext=u:object_r:vendor_prize_fp_prop:s0 tclass=file permissive=0 app=com.google.android.as.oss
06-13 13:11:45.723849  1570  2255 I am_kill : [0,7635,com.google.android.apps.messaging,905,empty #11]
06-13 13:11:45.742795  1570  6487 I am_proc_bound: [0,8255,com.google.android.as.oss:learning_bg]
06-13 13:11:45.789851  1570  3109 I am_proc_died: [0,7635,com.google.android.apps.messaging,905,19]
06-13 13:11:45.794590   565   565 I auditd  : avc:  denied  { find } for pid=8193 uid=10148 name=vendor.mediatek.hardware.mbrain.IMBrain/default scontext=u:r:untrusted_app:s0:c148,c256,c512,c768 tcontext=u:object_r:default_android_service:s0 tclass=service_manager permissive=0
06-13 13:11:45.811820  1570  1605 I am_pss  : [8065,10125,com.android.vending:background,52716544,26267648,822272,150233088,0,19,12]
06-13 13:11:45.820501  1570  1605 I am_pss  : [7968,10122,com.google.process.gapps,9271296,4833280,917504,75104256,0,19,7]
06-13 13:11:45.845412  1570  1605 I am_pss  : [7916,10125,com.android.vending,100535296,73322496,786432,204165120,0,19,15]
06-13 13:11:45.854722  1570  1605 I am_pss  : [7888,10048,com.google.android.apps.turbo:aab,14706688,11456512,876544,81547264,0,19,8]
06-13 13:11:46.055274  1570  2255 I am_uid_running: 10039
06-13 13:11:46.073371  1570  1607 I am_proc_start: [0,8354,10039,android.process.acore,content provider,{com.android.providers.contacts/com.android.providers.contacts.ContactsProvider2}]
06-13 13:11:46.081000  8354  8354 I auditd  : type=1400 audit(0.0:15343): avc:  denied  { read } for  comm="main" name="u:object_r:vendor_prize_fp_prop:s0" dev="tmpfs" ino=10654 scontext=u:r:priv_app:s0:c512,c768 tcontext=u:object_r:vendor_prize_fp_prop:s0 tclass=file permissive=0 app=com.android.calllogbackup
06-13 13:11:46.099841  1570  3109 I am_proc_bound: [0,8354,android.process.acore]
06-13 13:11:46.106345  1570  3109 I am_uid_active: 10039
06-13 13:11:46.153000  8193  8193 I auditd  : type=1400 audit(0.0:15344): avc:  granted  { execute } for  comm=79742D637269746963616C20546872 path="/data/data/com.google.android.youtube/app_pccache/5/AC3D8B04B41EC286E00EC9F346E16E5130DACA9F/pcam.jar" dev="dm-60" ino=9285 scontext=u:r:untrusted_app:s0:c148,c256,c512,c768 tcontext=u:object_r:app_data_file:s0:c148,c256,c512,c768 tclass=file app=com.google.android.youtube
06-13 13:11:46.191658  1570  6699 I am_kill : [0,7090,com.google.android.adservices.api,995,empty #11]
06-13 13:11:46.217295  1570  2255 I am_proc_died: [0,7090,com.google.android.adservices.api,995,19]
06-13 13:11:46.217718  1570  2255 I am_schedule_service_restart: [0,com.google.android.adservices.api/com.android.adservices.measurement.MeasurementService,1000]
06-13 13:11:46.217872  1570  2255 I am_uid_stopped: 10189
06-13 13:11:47.577570  1570  1594 I commit_sys_config_file: [jobs,6]
06-13 13:11:47.580458  1570  1594 I commit_sys_config_file: [jobs,3]
06-13 13:11:47.950886  1570  1570 I notification_cancel_all: [1000,1570,com.google.android.youtube,0,0,0,20,NULL]
06-13 13:11:47.961236  1570  1570 I notification_cancel_all: [1000,1570,com.google.android.youtube,0,0,0,20,NULL]
06-13 13:11:48.056022  1570  6699 I am_uid_running: 10189
06-13 13:11:48.072683  1570  1607 I am_proc_start: [0,8437,10189,com.google.android.adservices.api,service,{com.google.android.adservices.api/com.android.adservices.measurement.MeasurementService}]
06-13 13:11:48.081000  8437  8437 I auditd  : type=1400 audit(0.0:15345): avc:  denied  { read } for  comm="main" name="u:object_r:vendor_prize_fp_prop:s0" dev="tmpfs" ino=10654 scontext=u:r:priv_app:s0:c512,c768 tcontext=u:object_r:vendor_prize_fp_prop:s0 tclass=file permissive=0 app=com.google.android.adservices.api
06-13 13:11:48.104526  1570  6487 I am_proc_bound: [0,8437,com.google.android.adservices.api]
06-13 13:11:48.201228  1570  6487 I am_kill : [0,7888,com.google.android.apps.turbo:aab,995,empty #11]
06-13 13:11:48.226751  1570  6710 I am_proc_died: [0,7888,com.google.android.apps.turbo:aab,995,19]
06-13 13:11:48.227198  1570  6710 I am_uid_stopped: 10048
06-13 13:12:01.037046  1570  3263 I am_kill : [0,7968,com.google.process.gapps,995,empty #11]
06-13 13:12:01.082078  1570  1655 I am_proc_died: [0,7968,com.google.process.gapps,995,19]
06-13 13:12:48.056783  1570  1605 I am_pss  : [8222,10156,com.google.android.inputmethod.latin:train,56592384,41398272,906240,134541312,0,19,16]
06-13 13:12:49.277000 23215 23215 I auditd  : type=1400 audit(0.0:15346): avc:  denied  { read } for  comm="binder:23215_3" name="u:object_r:system_adbd_prop:s0" dev="tmpfs" ino=10280 scontext=u:r:gmscore_app:s0:c512,c768 tcontext=u:object_r:system_adbd_prop:s0 tclass=file permissive=0 app=com.google.android.gms
06-13 13:12:50.030217  1570  1606 I am_wtf  : [0,1570,system_server,-1,JobScheduler.JobStatus,App com.google.android.inputmethod.latin became active but still in NEVER bucket]
06-13 13:12:51.409909  1570  1594 I commit_sys_config_file: [jobs,13]
06-13 13:12:51.412940  1570  1594 I commit_sys_config_file: [jobs,3]
06-13 13:12:52.296845  1570  1606 I am_uid_idle: 10039
06-13 13:13:48.565961  1570  1605 I am_pss  : [8193,10148,com.google.android.youtube,218050560,208711680,779264,315076608,0,19,37]
06-13 13:14:54.506384  1570  1605 I am_pss  : [8193,10148,com.google.android.youtube,218037248,208699392,779264,315064320,0,19,36]
06-13 13:16:44.032901 29541  8554 I c2dm    : [-7,,9,7]
06-13 13:16:44.095630  1570  6710 I force_gc: Binder
06-13 13:16:44.399579  1570  1607 I am_proc_start: [0,8573,10122,com.google.android.gms:snet,service,{com.google.android.gms/com.google.android.gms.chimera.SnetIntentOperationService}]
06-13 13:16:44.409000  8573  8573 I auditd  : type=1400 audit(0.0:15347): avc:  denied  { read } for  comm="main" name="u:object_r:vendor_prize_fp_prop:s0" dev="tmpfs" ino=10654 scontext=u:r:gmscore_app:s0:c512,c768 tcontext=u:object_r:vendor_prize_fp_prop:s0 tclass=file permissive=0 app=com.google.android.gms
06-13 13:16:44.427837  1570  3309 I am_proc_bound: [0,8573,com.google.android.gms:snet]
06-13 13:16:44.761000  8573  8573 I auditd  : type=1400 audit(0.0:15348): avc:  denied  { getattr } for  comm="CTION_IDLE_MODE" path="/system_dlkm" dev="dm-20" ino=5306 scontext=u:r:gmscore_app:s0:c512,c768 tcontext=u:object_r:system_dlkm_file:s0 tclass=dir permissive=0 app=com.google.android.gms
06-13 13:16:44.761000  8573  8573 I auditd  : type=1400 audit(0.0:15349): avc:  denied  { getattr } for  comm="CTION_IDLE_MODE" path="/init" dev="dm-20" ino=24 scontext=u:r:gmscore_app:s0:c512,c768 tcontext=u:object_r:init_exec:s0 tclass=lnk_file permissive=0 app=com.google.android.gms
06-13 13:16:44.765000  8573  8573 I auditd  : type=1400 audit(0.0:15350): avc:  denied  { getattr } for  comm="CTION_IDLE_MODE" path="/linkerconfig" dev="tmpfs" ino=245 scontext=u:r:gmscore_app:s0:c512,c768 tcontext=u:object_r:linkerconfig_file:s0 tclass=dir permissive=0 app=com.google.android.gms
06-13 13:16:44.765000  8573  8573 I auditd  : type=1400 audit(0.0:15351): avc:  denied  { getattr } for  comm="CTION_IDLE_MODE" path="/data_mirror" dev="tmpfs" ino=9010 scontext=u:r:gmscore_app:s0:c512,c768 tcontext=u:object_r:mirror_data_file:s0 tclass=dir permissive=0 app=com.google.android.gms
06-13 13:16:44.765000  8573  8573 I auditd  : type=1400 audit(0.0:15352): avc:  denied  { getattr } for  comm="CTION_IDLE_MODE" path="/metadata" dev="mmcblk0p12" ino=2 scontext=u:r:gmscore_app:s0:c512,c768 tcontext=u:object_r:metadata_file:s0 tclass=dir permissive=0 app=com.google.android.gms
06-13 13:17:54.773559  1570  1605 I am_pss  : [8573,10122,com.google.android.gms:snet,41350144,14385152,966656,179511296,0,19,25]
06-13 13:18:06.694173  1570 30583 I commit_sys_config_file: [appops_accesses,129268917]
06-13 13:18:54.940644  1570  1605 I am_pss  : [8573,10122,com.google.android.gms:snet,41362432,14397440,966656,179523584,0,19,24]
06-13 13:20:09.915802  1570  1664 I am_uid_running: 10118
06-13 13:20:09.941018  1570  1607 I am_proc_start: [0,8646,10118,com.google.android.dialer,service,{com.google.android.dialer/androidx.work.impl.background.systemjob.SystemJobService}]
06-13 13:20:09.957000  8646  8646 I auditd  : type=1400 audit(0.0:16467): avc:  denied  { read } for  comm="main" name="u:object_r:vendor_prize_fp_prop:s0" dev="tmpfs" ino=10654 scontext=u:r:priv_app:s0:c512,c768 tcontext=u:object_r:vendor_prize_fp_prop:s0 tclass=file permissive=0 app=com.google.android.dialer
06-13 13:20:09.962296  1570  1607 I am_proc_start: [0,8648,1000,com.generalmobile.gmservice,service,{com.generalmobile.gmservice/com.generalmobile.gmservice.utils.services.ActivationJobService}]
06-13 13:20:09.974440  1570  6710 I am_proc_bound: [0,8646,com.google.android.dialer]
06-13 13:20:09.985000  8648  8648 I auditd  : type=1400 audit(0.0:16468): avc:  denied  { read } for  comm="main" name="u:object_r:vendor_prize_fp_prop:s0" dev="tmpfs" ino=10654 scontext=u:r:system_app:s0 tcontext=u:object_r:vendor_prize_fp_prop:s0 tclass=file permissive=0
06-13 13:20:10.006846  1570  3309 I am_proc_bound: [0,8648,com.generalmobile.gmservice]
06-13 13:20:10.140655   565   565 I auditd  : avc:  denied  { find } for pid=8646 uid=10118 name=vendor.mediatek.hardware.mbrain.IMBrain/default scontext=u:r:priv_app:s0:c512,c768 tcontext=u:object_r:default_android_service:s0 tclass=service_manager permissive=0
06-13 13:20:10.221161  1570  3309 I am_uid_running: 10112
06-13 13:20:10.239564  1570  1607 I am_proc_start: [0,8710,10112,com.google.android.projection.gearhead:provider,content provider,{com.google.android.projection.gearhead/com.google.android.apps.auto.components.projectionstate.ProjectionStateProvider}]
06-13 13:20:10.253000  8710  8710 I auditd  : type=1400 audit(0.0:16469): avc:  denied  { read } for  comm="main" name="u:object_r:vendor_prize_fp_prop:s0" dev="tmpfs" ino=10654 scontext=u:r:priv_app:s0:c512,c768 tcontext=u:object_r:vendor_prize_fp_prop:s0 tclass=file permissive=0 app=com.google.android.projection.gearhead
06-13 13:20:10.268079  1570  3309 I am_proc_bound: [0,8710,com.google.android.projection.gearhead:provider]
06-13 13:20:10.361710  1570  6710 I am_kill : [0,8065,com.android.vending:background,995,empty #11]
06-13 13:20:10.401535  1570  1655 I am_proc_died: [0,8065,com.android.vending:background,995,19]
06-13 13:20:10.407542  1570  1655 I am_kill : [0,7916,com.android.vending,999,empty #11]
06-13 13:20:10.418726  1570  1605 I am_pss  : [8184,10114,com.google.android.as.oss,12256256,6217728,864256,78454784,0,19,7]
06-13 13:20:10.429312  1570  1605 I am_pss  : [8255,10114,com.google.android.as.oss:learning_bg,24911872,18345984,824320,97206272,0,19,7]
06-13 13:20:10.436992  1570  1605 I am_pss  : [8437,10189,com.google.android.adservices.api,15204352,10842112,906240,76677120,0,19,6]
06-13 13:20:10.444919  1570  1605 I am_pss  : [8354,10039,android.process.acore,15167488,11378688,968704,83058688,0,19,7]
06-13 13:20:10.467645  1570  3312 I am_proc_died: [0,7916,com.android.vending,999,19]
06-13 13:20:10.468548  1570  3312 I am_schedule_service_restart: [0,com.android.vending/com.google.android.finsky.setup.dse.impl.DseService,1000]
06-13 13:20:10.468843  1570  3312 I am_uid_stopped: 10125
06-13 13:20:10.743931  1570  1654 I am_kill : [0,8437,com.google.android.adservices.api,975,empty #11]
06-13 13:20:10.744694  1570  1654 I am_kill : [0,8354,android.process.acore,985,empty #12]
06-13 13:20:10.745324  1570  1654 I am_kill : [0,6807,com.android.chrome,995,empty #13]
06-13 13:20:10.772018  1570  3312 I am_proc_died: [0,8437,com.google.android.adservices.api,975,19]
06-13 13:20:10.772593  1570  3312 I am_schedule_service_restart: [0,com.google.android.adservices.api/com.android.adservices.measurement.MeasurementService,10696]
06-13 13:20:10.772763  1570  3312 I am_uid_stopped: 10189
06-13 13:20:10.776841  1570  3109 I am_proc_died: [0,8354,android.process.acore,985,19]
06-13 13:20:10.777435  1570  3109 I am_uid_stopped: 10039
06-13 13:20:10.807736  1570  2258 I am_proc_died: [0,6807,com.android.chrome,995,19]
06-13 13:20:10.809607  1570  2258 I am_schedule_service_restart: [0,com.android.chrome/org.chromium.chrome.browser.customtabs.CustomTabsConnectionService,1000]
06-13 13:20:10.809840  1570  2258 I am_uid_stopped: 10150
06-13 13:21:11.087452  1570  1605 I am_pss  : [8646,10118,com.google.android.dialer,85093376,79462400,1014784,162234368,0,19,21]
06-13 13:21:11.107005  1570  1605 I am_pss  : [8710,10112,com.google.android.projection.gearhead:provider,43757568,39186432,945152,111316992,0,19,17]
06-13 13:21:22.397000   622   622 I auditd  : type=1400 audit(0.0:16470): avc:  denied  { read } for  comm="binder:622_7" name="wakeup126" dev="sysfs" ino=37179 scontext=u:r:system_suspend:s0 tcontext=u:object_r:sysfs:s0 tclass=dir permissive=0
06-13 13:21:22.433000   622   622 I auditd  : type=1400 audit(0.0:16471): avc:  denied  { read } for  comm="binder:622_7" name="wakeup130" dev="sysfs" ino=38008 scontext=u:r:system_suspend:s0 tcontext=u:object_r:sysfs:s0 tclass=dir permissive=0
06-13 13:21:22.445000   622   622 I auditd  : type=1400 audit(0.0:16472): avc:  denied  { read } for  comm="binder:622_7" name="wakeup129" dev="sysfs" ino=37961 scontext=u:r:system_suspend:s0 tcontext=u:object_r:sysfs:s0 tclass=dir permissive=0
06-13 13:21:22.449000   622   622 I auditd  : type=1400 audit(0.0:16473): avc:  denied  { read } for  comm="binder:622_7" name="wakeup147" dev="sysfs" ino=41953 scontext=u:r:system_suspend:s0 tcontext=u:object_r:sysfs:s0 tclass=dir permissive=0
06-13 13:21:22.457000   622   622 I auditd  : type=1400 audit(0.0:16474): avc:  denied  { read } for  comm="binder:622_7" name="wakeup145" dev="sysfs" ino=41915 scontext=u:r:system_suspend:s0 tcontext=u:object_r:sysfs:s0 tclass=dir permissive=0
06-13 13:21:22.477000   622   622 I auditd  : type=1400 audit(0.0:16475): avc:  denied  { read } for  comm="binder:622_7" name="wakeup148" dev="sysfs" ino=42184 scontext=u:r:system_suspend:s0 tcontext=u:object_r:sysfs:s0 tclass=dir permissive=0
06-13 13:21:22.523787  1570  1605 I commit_sys_config_file: [batterystats,11]
06-13 13:21:22.527506  1570  1605 I commit_sys_config_file: [batterystats,3]
06-13 13:21:37.357000   622   622 I auditd  : type=1400 audit(0.0:16476): avc:  denied  { read } for  comm="binder:622_7" name="wakeup126" dev="sysfs" ino=37179 scontext=u:r:system_suspend:s0 tcontext=u:object_r:sysfs:s0 tclass=dir permissive=0
06-13 13:21:37.369000   622   622 I auditd  : type=1400 audit(0.0:16477): avc:  denied  { read } for  comm="binder:622_7" name="wakeup130" dev="sysfs" ino=38008 scontext=u:r:system_suspend:s0 tcontext=u:object_r:sysfs:s0 tclass=dir permissive=0
06-13 13:21:37.377000   622   622 I auditd  : type=1400 audit(0.0:16478): avc:  denied  { read } for  comm="binder:622_7" name="wakeup129" dev="sysfs" ino=37961 scontext=u:r:system_suspend:s0 tcontext=u:object_r:sysfs:s0 tclass=dir permissive=0
06-13 13:21:37.377000   622   622 I auditd  : type=1400 audit(0.0:16479): avc:  denied  { read } for  comm="binder:622_7" name="wakeup147" dev="sysfs" ino=41953 scontext=u:r:system_suspend:s0 tcontext=u:object_r:sysfs:s0 tclass=dir permissive=0
06-13 13:21:37.381000   622   622 I auditd  : type=1400 audit(0.0:16480): avc:  denied  { read } for  comm="binder:622_7" name="wakeup145" dev="sysfs" ino=41915 scontext=u:r:system_suspend:s0 tcontext=u:object_r:sysfs:s0 tclass=dir permissive=0
06-13 13:21:37.397000   622   622 I auditd  : type=1400 audit(0.0:16481): avc:  denied  { read } for  comm="binder:622_7" name="wakeup148" dev="sysfs" ino=42184 scontext=u:r:system_suspend:s0 tcontext=u:object_r:sysfs:s0 tclass=dir permissive=0
06-13 13:22:11.191900  1570  1605 I am_pss  : [8646,10118,com.google.android.dialer,85044224,79413248,1014784,162185216,0,19,21]
06-13 13:22:11.211162  1570  1605 I am_pss  : [8710,10112,com.google.android.projection.gearhead:provider,43757568,39186432,945152,111316992,0,19,16]
06-13 13:22:55.353268  1570  1605 I am_pss  : [8222,10156,com.google.android.inputmethod.latin:train,93388800,74170368,875520,199020544,0,19,25]
06-13 13:23:22.095166  1570  1570 I sysui_multi_action: [757,803,799,note_enqueued,802,36]
06-13 13:23:22.095469  1570  1570 I sysui_multi_action: [757,803,799,note_post,802,13]
06-13 13:23:22.095567  1570  1570 I sysui_multi_action: [757,803,799,note_update,802,13]
06-13 13:23:22.095654  1570  1570 I sysui_multi_action: [757,803,799,note_remove,802,10]
06-13 13:23:22.095753  1570  1570 I sysui_multi_action: [757,803,799,people_cache_hit,802,42]
06-13 13:23:22.095854  1570  1570 I sysui_multi_action: [757,803,799,note_with_actions,802,3]
06-13 13:23:22.095958  1570  1570 I sysui_multi_action: [757,803,799,note_private,802,22]
06-13 13:23:22.096056  1570  1570 I sysui_multi_action: [757,803,799,note_big_text,802,5]
06-13 13:23:22.096140  1570  1570 I sysui_multi_action: [757,803,799,note_big_pic,802,3]
06-13 13:23:22.096233  1570  1570 I sysui_multi_action: [757,803,799,note_ongoing,802,6]
06-13 13:23:22.096318  1570  1570 I sysui_multi_action: [757,803,799,note_large_icon,802,20]
06-13 13:23:22.096409  1570  1570 I sysui_multi_action: [757,803,799,note_title,802,12]
06-13 13:23:22.096519  1570  1570 I sysui_multi_action: [757,803,799,note_text,802,12]
06-13 13:23:22.096653  1570  1570 I sysui_multi_action: [757,803,799,note_imp_noisy_low,802,20]
06-13 13:23:22.096736  1570  1570 I sysui_multi_action: [757,803,799,note_imp_noisy_default,802,6]
06-13 13:23:22.096826  1570  1570 I sysui_multi_action: [757,803,799,note_importance_min,802,2]
06-13 13:23:22.096902  1570  1570 I sysui_multi_action: [757,803,799,note_importance_low,802,20]
06-13 13:23:22.097033  1570  1570 I sysui_multi_action: [757,803,799,note_importance_high,802,4]
06-13 13:24:55.542837  1570  1605 I am_pss  : [8193,10148,com.google.android.youtube,218978304,209326080,795648,315404288,0,19,36]
06-13 13:26:07.881843  1570  1570 I screen_toggled: 1
06-13 13:26:07.907615  1570  1570 I power_screen_broadcast_send: 1
06-13 13:26:07.916162  1570  1605 I am_pss  : [8648,1000,com.generalmobile.gmservice,7894016,4599808,964608,70352896,0,19,10]
06-13 13:26:07.925682  1570  3312 I sysui_multi_action: [757,127,758,1]
06-13 13:26:07.925785  1570  3312 I sysui_multi_action: [757,804,799,note_load,801,10,802,1]
06-13 13:26:07.926280  1570  3312 I notification_panel_revealed: 10
06-13 13:26:07.928321  1570  1628 I sysui_multi_action: [757,1696,758,6,759,3]
06-13 13:26:07.931971  1570  1605 I am_pss  : [8184,10114,com.google.android.as.oss,12583936,6209536,947200,78454784,0,19,10]
06-13 13:26:07.938593  1570  1655 I sysui_multi_action: [757,128,758,1,793,10387383,794,0,795,10387383,796,26,798,0,806,android,857,DEVELOPER_IMPORTANT,858,4,946,ranker_group,947,0,1395,10,1500,5850692,1688,1]
06-13 13:26:07.939216  1570  1655 I sysui_multi_action: [757,1501,758,1,793,10387383,794,0,795,10387383,796,26,806,android,857,DEVELOPER_IMPORTANT,858,4,946,ranker_group,947,0,1500,0,1688,1]
06-13 13:26:07.939662  1570  1655 I sysui_multi_action: [757,804,799,note_interruptive,801,0,802,1]
06-13 13:26:07.940034  1570  1655 I sysui_multi_action: [757,804,799,note_freshness,801,10387383,802,1]
06-13 13:26:07.940170  1570  1655 I notification_visibility: [-1|android|26|null|1000,1,10387383,10387383,0,0]
06-13 13:26:07.942601  1570  1655 I sysui_multi_action: [757,128,758,1,793,188623032,794,0,795,72536262,796,432797459,797,FIND_MY_DEVICE_MAINTENANCE,798,2,806,com.google.android.gms,857,finder-configuration,858,3,946,com.google.android.apps.adm,947,0,1395,10,1500,72536262,1688,1,1745,2098068913]
06-13 13:26:07.942847  1570  1655 I sysui_multi_action: [757,804,799,note_freshness,801,72536262,802,1]
06-13 13:26:07.943060  1570  1655 I notification_visibility: [0|com.google.android.gms|432797459|FIND_MY_DEVICE_MAINTENANCE|10122,1,188623032,72536262,0,2]
06-13 13:26:07.944904  1570  1605 I am_pss  : [8255,10114,com.google.android.as.oss:learning_bg,25313280,18444288,897024,97206272,0,19,11]
06-13 13:26:07.967840  1570  1655 I sysui_multi_action: [757,128,758,1,793,815849072,794,0,795,815849072,796,2345,797,ChFBbmRyb2lkTG9ja1NjcmVlbhIRTm9TY3JlZW5Mb2NrSXNzdWUYAA==,798,4,806,android,857,safety_center_recommendation,858,3,946,ranker_group,947,0,1395,10,1500,5850720,1688,1]
06-13 13:26:07.968885  1570  1655 I sysui_multi_action: [757,1501,758,1,793,815849073,794,1,795,815849073,796,2345,797,ChFBbmRyb2lkTG9ja1NjcmVlbhIRTm9TY3JlZW5Mb2NrSXNzdWUYAA==,806,android,857,safety_center_recommendation,858,3,946,ranker_group,947,0,1500,0,1688,1]
06-13 13:26:07.969077  1570  1655 I sysui_multi_action: [757,804,799,note_interruptive,801,0,802,1]
06-13 13:26:07.969361  1570  1655 I sysui_multi_action: [757,804,799,note_freshness,801,815849072,802,1]
06-13 13:26:07.969519  1570  1655 I notification_visibility: [0|android|2345|ChFBbmRyb2lkTG9ja1NjcmVlbhIRTm9TY3JlZW5Mb2NrSXNzdWUYAA==|1000,1,815849072,815849072,0,4]
06-13 13:26:07.971225  1570  1655 I sysui_multi_action: [757,128,758,1,793,273351962,794,0,795,273351962,796,1,798,3,806,io.appium.settings,857,main_channel,858,3,947,0,1395,10,1500,5850722,1688,1,1745,2098068913]
06-13 13:26:07.973460  1570  1655 I sysui_multi_action: [757,1501,758,1,793,273351964,794,2,795,273351964,796,1,806,io.appium.settings,857,main_channel,858,3,947,0,1500,0,1688,1,1745,2098068913]
06-13 13:26:07.974043  1570  1655 I sysui_multi_action: [757,804,799,note_interruptive,801,0,802,1]
06-13 13:26:07.974488  1570  1655 I sysui_multi_action: [757,804,799,note_freshness,801,273351962,802,1]
06-13 13:26:07.974855  1570  1655 I notification_visibility: [0|io.appium.settings|1|null|10236,1,273351962,273351962,0,3]
06-13 13:26:07.976257  1570  1655 I sysui_multi_action: [757,128,758,1,793,188621625,794,0,795,188621625,796,1000,797,a:GMSCORE_STORE_RENDERER:76ec0ebef9ca0000:118294158484301457932,798,1,806,com.google.android.gms,857,com.google.android.gms.noti-103635b6,858,4,947,0,1395,10,1500,5850726,1688,1,1745,2098068913]
06-13 13:26:07.976691  1570  1655 I sysui_multi_action: [757,1501,758,1,793,188621626,794,1,795,188621626,796,1000,797,a:GMSCORE_STORE_RENDERER:76ec0ebef9ca0000:118294158484301457932,806,com.google.android.gms,857,com.google.android.gms.noti-103635b6,858,4,947,0,1500,0,1688,1,1745,2098068913]
06-13 13:26:07.976917  1570  1655 I sysui_multi_action: [757,804,799,note_interruptive,801,0,802,1]
06-13 13:26:07.977126  1570  1655 I sysui_multi_action: [757,804,799,note_freshness,801,188621625,802,1]
06-13 13:26:07.977281  1570  1655 I notification_visibility: [0|com.google.android.gms|1000|a:GMSCORE_STORE_RENDERER:76ec0ebef9ca0000:118294158484301457932|10122,1,188621625,188621625,0,1]
06-13 13:26:08.020067  1570  1570 I battery_saving_stats: [0,0,0,5519036,0,0,94055484,-2474640,-84]
06-13 13:26:08.060829  1570  1606 I am_wtf  : [0,1570,system_server,-1,ActivityManager,Sending non-protected broadcast owner_info_changed_from_settings from system 2157:com.android.systemui/u0a173 pkg com.android.systemui]
06-13 13:26:08.094426  1570  1592 I power_screen_broadcast_done: [1,187,1]
06-13 13:26:08.330681  1570  1672 I commit_sys_config_file: [settings-1-0,13]
06-13 13:26:08.412995  1570  1628 I sysui_latency: [5,534]
06-13 13:26:08.413773  1570  1570 I sysui_multi_action: [757,198,758,1,759,1,1359,535,1694,4]
06-13 13:26:08.413817  1570  1570 I power_screen_state: [1,0,0,0,535]
06-13 13:26:08.412727  1570  1605 I commit_sys_config_file: [display-state,129027613]
06-13 13:26:09.021808  1570  2132 I sysui_multi_action: [757,1417,758,5,1418,100,1419,100,1420,10388645,1421,2]
06-13 13:26:09.021897  1570  2132 I battery_status: [3,2,1,0,Li-ion]
06-13 13:26:09.029021  1570  1606 I am_uid_running: 10048
06-13 13:26:09.032583  1570  1570 I battery_saving_stats: [0,1,0,1013,0,0,21865928,-324060,-11]
06-13 13:26:09.032906  1570  1570 I device_idle: [1,no activity]
06-13 13:26:09.033641  1570  1570 I device_idle_light: [1,no activity]
06-13 13:26:09.039388  1570  1607 I am_proc_start: [0,8797,10048,com.google.android.apps.turbo,broadcast,{com.google.android.apps.turbo/com.google.android.apps.turbo.nudges.broadcasts.BatteryStatusChangedReceiver}]
06-13 13:26:09.042085  1570  3110 I am_kill : [0,8255,com.google.android.as.oss:learning_bg,995,empty #11]
06-13 13:26:09.049000  8797  8797 I auditd  : type=1400 audit(0.0:16482): avc:  denied  { read } for  comm="main" name="u:object_r:vendor_prize_fp_prop:s0" dev="tmpfs" ino=10654 scontext=u:r:priv_app:s0:c512,c768 tcontext=u:object_r:vendor_prize_fp_prop:s0 tclass=file permissive=0 app=com.google.android.apps.turbo
06-13 13:26:09.056433  1570  1606 I am_wtf  : [0,1570,system_server,-1,ActivityManager,Sending non-protected broadcast owner_info_changed_from_settings from system 2157:com.android.systemui/u0a173 pkg com.android.systemui]
06-13 13:26:09.067940  1570  2258 I am_proc_bound: [0,8797,com.google.android.apps.turbo]
06-13 13:26:09.077931  1570  2258 I am_proc_died: [0,8255,com.google.android.as.oss:learning_bg,995,19]
06-13 13:26:09.077000   622   622 I auditd  : type=1400 audit(0.0:16483): avc:  denied  { read } for  comm="binder:622_7" name="wakeup126" dev="sysfs" ino=37179 scontext=u:r:system_suspend:s0 tcontext=u:object_r:sysfs:s0 tclass=dir permissive=0
06-13 13:26:09.093000   622   622 I auditd  : type=1400 audit(0.0:16484): avc:  denied  { read } for  comm="binder:622_7" name="wakeup130" dev="sysfs" ino=38008 scontext=u:r:system_suspend:s0 tcontext=u:object_r:sysfs:s0 tclass=dir permissive=0
06-13 13:26:09.097000   622   622 I auditd  : type=1400 audit(0.0:16485): avc:  denied  { read } for  comm="binder:622_7" name="wakeup129" dev="sysfs" ino=37961 scontext=u:r:system_suspend:s0 tcontext=u:object_r:sysfs:s0 tclass=dir permissive=0
06-13 13:26:09.101000   622   622 I auditd  : type=1400 audit(0.0:16486): avc:  denied  { read } for  comm="binder:622_7" name="wakeup147" dev="sysfs" ino=41953 scontext=u:r:system_suspend:s0 tcontext=u:object_r:sysfs:s0 tclass=dir permissive=0
06-13 13:26:09.164234  1570  1613 I commit_sys_config_file: [batterystats,3]
06-13 13:26:09.165447  1570  1613 I commit_sys_config_file: [batterystats,1]
06-13 13:26:09.171378  1570  2258 I am_kill : [0,8184,com.google.android.as.oss,995,empty #11]
06-13 13:26:09.200091  1570  3110 I am_proc_died: [0,8184,com.google.android.as.oss,995,19]
06-13 13:26:09.200436  1570  3110 I am_uid_stopped: 10114
06-13 13:26:09.203042  1570  1605 I commit_sys_config_file: [batterystats,5]
06-13 13:26:09.206574  1570  1605 I commit_sys_config_file: [batterystats,4]
06-13 13:26:10.744419  1570  2132 I sysui_multi_action: [757,1417,758,4,1418,100,1421,2]
06-13 13:26:10.744521  1570  2132 I battery_status: [2,2,1,2,Li-ion]
06-13 13:26:10.755569  1570  1570 I battery_saving_stats: [0,1,0,1723,0,0,116004,0,0]
06-13 13:26:10.756045  1570  1570 I device_idle: [0,charging]
06-13 13:26:10.757109  1570  1570 I device_idle_light: [0,charging]
06-13 13:26:10.761813  1570  1664 I device_idle_off_start: charging
06-13 13:26:10.762394  1570  1664 I device_idle_off_complete: 
06-13 13:26:10.813000   622   622 I auditd  : type=1400 audit(0.0:16495): avc:  denied  { read } for  comm="binder:622_7" name="wakeup126" dev="sysfs" ino=37179 scontext=u:r:system_suspend:s0 tcontext=u:object_r:sysfs:s0 tclass=dir permissive=0
06-13 13:26:10.837000   622   622 I auditd  : type=1400 audit(0.0:16496): avc:  denied  { read } for  comm="binder:622_7" name="wakeup130" dev="sysfs" ino=38008 scontext=u:r:system_suspend:s0 tcontext=u:object_r:sysfs:s0 tclass=dir permissive=0
06-13 13:26:10.841000   622   622 I auditd  : type=1400 audit(0.0:16497): avc:  denied  { read } for  comm="binder:622_7" name="wakeup129" dev="sysfs" ino=37961 scontext=u:r:system_suspend:s0 tcontext=u:object_r:sysfs:s0 tclass=dir permissive=0
06-13 13:26:10.845000   622   622 I auditd  : type=1400 audit(0.0:16498): avc:  denied  { read } for  comm="binder:622_7" name="wakeup147" dev="sysfs" ino=41953 scontext=u:r:system_suspend:s0 tcontext=u:object_r:sysfs:s0 tclass=dir permissive=0
06-13 13:26:10.849000   622   622 I auditd  : type=1400 audit(0.0:16499): avc:  denied  { read } for  comm="binder:622_7" name="wakeup145" dev="sysfs" ino=41915 scontext=u:r:system_suspend:s0 tcontext=u:object_r:sysfs:s0 tclass=dir permissive=0
06-13 13:26:10.860494  1570  1606 I am_uid_running: 10042
06-13 13:26:10.874822  1570  1607 I am_proc_start: [0,8832,10042,android.process.media,broadcast,{com.android.mtp/com.android.mtp.MtpReceiver}]
06-13 13:26:10.891133  1570  1607 I am_proc_start: [0,8836,10122,com.google.process.gapps,content provider,{com.google.android.gsf/com.google.android.gsf.settings.GoogleSettingsProvider}]
06-13 13:26:10.926113  1570  6701 I am_proc_bound: [0,8832,android.process.media]
06-13 13:26:10.931350  1570  1606 I am_wtf  : [0,1570,system_server,-1,ActivityManager,Sending non-protected broadcast owner_info_changed_from_settings from system 2157:com.android.systemui/u0a173 pkg com.android.systemui]
06-13 13:26:10.937460  1570  3110 I am_proc_bound: [0,8836,com.google.process.gapps]
06-13 13:26:11.057881   565   565 I auditd  : avc:  denied  { find } for pid=8836 uid=10122 name=vendor.mediatek.hardware.mbrain.IMBrain/default scontext=u:r:priv_app:s0:c512,c768 tcontext=u:object_r:default_android_service:s0 tclass=service_manager permissive=0
06-13 13:26:11.197898  1570  1606 I am_wtf  : [0,1570,system_server,-1,ActivityManager,Sending non-protected broadcast PRI_ACTION_DYNAMIC_ISLAND_FULL_SCREEN from system 2157:com.android.systemui/u0a173 pkg com.android.systemui]
06-13 13:26:11.207473  1570  1596 I input_focus: [Focus request 9e1f65c ChargeAnimation,reason=UpdateInputWindows]
06-13 13:26:11.234321  1570  1688 I input_focus: [Focus leaving da3cefa NotificationShade (server),reason=Waiting for window because NOT_VISIBLE]
06-13 13:26:11.262319  1570  1688 I input_focus: [Focus entering 9e1f65c ChargeAnimation (server),reason=Window became focusable. Previous reason: NOT_VISIBLE]
06-13 13:26:11.274004 10159 10159 I service_manager_stats: [200,273,129890542]
06-13 13:26:11.275693  1570  2132 I sysui_multi_action: [757,1417,758,5,1418,100,1419,100,1420,532,1421,2]
06-13 13:26:11.275761  1570  2132 I battery_status: [3,2,1,0,Li-ion]
06-13 13:26:11.301427  1570  1570 I battery_saving_stats: [0,1,0,545,0,0,21866473,-324060,-11]
06-13 13:26:11.301837  1570  1570 I device_idle: [1,no activity]
06-13 13:26:11.305749  1570  1570 I device_idle_light: [1,no activity]
06-13 13:26:11.387187  1570  1606 I am_wtf  : [0,1570,system_server,-1,ActivityManager,Sending non-protected broadcast owner_info_changed_from_settings from system 2157:com.android.systemui/u0a173 pkg com.android.systemui]
06-13 13:26:11.398470  1570  1672 I commit_sys_config_file: [settings-1-0,4]
06-13 13:26:11.434964  1570  1613 I commit_sys_config_file: [batterystats,11]
06-13 13:26:11.440172  1570  1613 I commit_sys_config_file: [batterystats,5]
06-13 13:26:11.472991  1570  1605 I commit_sys_config_file: [batterystats,23]
06-13 13:26:11.485530  1570  1605 I commit_sys_config_file: [batterystats,13]
06-13 13:26:11.559471  1570  1596 I input_focus: [Focus request da3cefa NotificationShade,reason=UpdateInputWindows]
06-13 13:26:11.559462  1570  1606 I am_wtf  : [0,1570,system_server,-1,ActivityManager,Sending non-protected broadcast PRI_ACTION_DYNAMIC_ISLAND_FULL_SCREEN from system 2157:com.android.systemui/u0a173 pkg com.android.systemui]
06-13 13:26:11.564371  1570  1688 I input_focus: [Focus entering da3cefa NotificationShade (server),reason=setFocusedWindow]
06-13 13:26:11.766436  1570  1672 I commit_sys_config_file: [settings-1-0,6]
06-13 13:26:11.945478  2157  2240 I jank_cuj_events_end_request: [69,1749810371945073000,815982206683191,129891213856356]
06-13 13:26:11.948363  2157  2240 I jank_cuj_events_end_request: [17,1749810371948142000,815982209747807,129891216921280]
06-13 13:26:12.531458  1570  1672 I commit_sys_config_file: [settings-1-0,8]
06-13 13:26:12.928876  1570  1672 I commit_sys_config_file: [settings-1-0,6]
06-13 13:26:13.726358  1570  1672 I commit_sys_config_file: [settings-1-0,6]
06-13 13:26:14.235686  1570  1570 I sysui_multi_action: [757,128,758,5,759,8,793,10393683,794,0,795,10393683,796,32,806,android,857,USB,858,1,946,ranker_group,947,0,1500,10393400,1688,1]
