06-13 11:46:11.239069  1570  6487 I sysui_multi_action: [757,804,799,note_load,801,9,802,1]
06-13 11:46:11.239228  1570  6487 I notification_panel_revealed: 9
06-13 11:46:11.240436  1570  6487 I sysui_multi_action: [757,128,758,1,793,4390685,794,0,795,4390685,796,26,798,0,806,android,857,DEVELOPER_IMPORTANT,858,4,946,ranker_group,947,0,1395,9,1500,1947,1688,1]
06-13 11:46:11.240483  1570  6487 I sysui_multi_action: [757,1501,758,1,793,4390685,794,0,795,4390685,796,26,806,android,857,DEVELOPER_IMPORTANT,858,4,946,ranker_group,947,0,1500,0,1688,1]
06-13 11:46:11.240501  1570  6487 I sysui_multi_action: [757,804,799,note_interruptive,801,0,802,1]
06-13 11:46:11.240520  1570  6487 I sysui_multi_action: [757,804,799,note_freshness,801,4390685,802,1]
06-13 11:46:11.240530  1570  6487 I notification_visibility: [-1|android|26|null|1000,1,4390685,4390685,0,0]
06-13 11:46:11.240849  1570  6487 I sysui_multi_action: [757,128,758,1,793,182626331,794,0,795,66539561,796,432797459,797,FIND_MY_DEVICE_MAINTENANCE,798,2,806,com.google.android.gms,857,finder-configuration,858,3,946,com.google.android.apps.adm,947,0,1395,9,1500,66539561,1688,1,1745,2098068913]
06-13 11:46:11.240871  1570  6487 I sysui_multi_action: [757,804,799,note_freshness,801,66539561,802,1]
06-13 11:46:11.240882  1570  6487 I notification_visibility: [0|com.google.android.gms|432797459|FIND_MY_DEVICE_MAINTENANCE|10122,1,182626331,66539561,0,2]
06-13 11:46:11.241058  1570  6487 I sysui_multi_action: [757,128,758,1,793,809852346,794,0,795,809852346,796,2345,797,ChFBbmRyb2lkTG9ja1NjcmVlbhIRTm9TY3JlZW5Mb2NrSXNzdWUYAA==,798,4,806,android,857,safety_center_recommendation,858,3,946,ranker_group,947,0,1395,9,1500,1944,1688,1]
06-13 11:46:11.241105  1570  6487 I sysui_multi_action: [757,1501,758,1,793,809852346,794,0,795,809852346,796,2345,797,ChFBbmRyb2lkTG9ja1NjcmVlbhIRTm9TY3JlZW5Mb2NrSXNzdWUYAA==,806,android,857,safety_center_recommendation,858,3,946,ranker_group,947,0,1500,0,1688,1]
06-13 11:46:11.241122  1570  6487 I sysui_multi_action: [757,804,799,note_interruptive,801,0,802,1]
06-13 11:46:11.241141  1570  6487 I sysui_multi_action: [757,804,799,note_freshness,801,809852346,802,1]
06-13 11:46:11.241150  1570  6487 I notification_visibility: [0|android|2345|ChFBbmRyb2lkTG9ja1NjcmVlbhIRTm9TY3JlZW5Mb2NrSXNzdWUYAA==|1000,1,809852346,809852346,0,4]
06-13 11:46:11.241430  1570  6487 I sysui_multi_action: [757,128,758,1,793,267355233,794,0,795,267355233,796,1,798,3,806,io.appium.settings,857,main_channel,858,3,947,0,1395,9,1500,1941,1688,1,1745,2098068913]
06-13 11:46:11.241475  1570  6487 I sysui_multi_action: [757,1501,758,1,793,267355233,794,0,795,267355233,796,1,806,io.appium.settings,857,main_channel,858,3,947,0,1500,0,1688,1,1745,2098068913]
06-13 11:46:11.241491  1570  6487 I sysui_multi_action: [757,804,799,note_interruptive,801,0,802,1]
06-13 11:46:11.241505  1570  6487 I sysui_multi_action: [757,804,799,note_freshness,801,267355233,802,1]
06-13 11:46:11.241515  1570  6487 I notification_visibility: [0|io.appium.settings|1|null|10236,1,267355233,267355233,0,3]
06-13 11:46:11.241659  1570  6487 I sysui_multi_action: [757,128,758,1,793,182624891,794,0,795,182624891,796,1000,797,a:GMSCORE_STORE_RENDERER:76ec0ebef9ca0000:118294158484301457932,798,1,806,com.google.android.gms,857,com.google.android.gms.noti-103635b6,858,4,947,0,1395,9,1500,1939,1688,1,1745,2098068913]
06-13 11:46:11.241709  1570  6487 I sysui_multi_action: [757,1501,758,1,793,182624891,794,0,795,182624891,796,1000,797,a:GMSCORE_STORE_RENDERER:76ec0ebef9ca0000:118294158484301457932,806,com.google.android.gms,857,com.google.android.gms.noti-103635b6,858,4,947,0,1500,0,1688,1,1745,2098068913]
06-13 11:46:11.241724  1570  6487 I sysui_multi_action: [757,804,799,note_interruptive,801,0,802,1]
06-13 11:46:11.241752  1570  6487 I sysui_multi_action: [757,804,799,note_freshness,801,182624891,802,1]
06-13 11:46:11.241761  1570  6487 I notification_visibility: [0|com.google.android.gms|1000|a:GMSCORE_STORE_RENDERER:76ec0ebef9ca0000:118294158484301457932|10122,1,182624891,182624891,0,1]
06-13 11:46:11.255077  1570  1628 I sysui_multi_action: [757,1696,758,6,759,3]
06-13 11:46:11.304166  2157  2240 I jank_cuj_events_end_request: [55,1749804371304040000,809981565641065,123890572813537]
06-13 11:46:11.316068  1570  1592 I power_screen_broadcast_done: [0,106,1]
06-13 11:46:11.316111  1570  1592 I power_screen_broadcast_send: 1
06-13 11:46:11.356914  1570  1606 I am_wtf  : [0,1570,system_server,-1,ActivityManager,Sending non-protected broadcast owner_info_changed_from_settings from system 2157:com.android.systemui/u0a173 pkg com.android.systemui]
06-13 11:46:11.370993  1570  1592 I power_screen_broadcast_done: [1,55,1]
06-13 11:46:11.409890  2157  2157 I sysui_multi_action: [757,197,758,5,759,0]
06-13 11:46:11.531881  2157  2240 I jank_cuj_events_begin_request: [0,1749804371531543000,809981793146295,123890800319076,Collapse]
06-13 11:46:11.613716  1570  6444 I wm_set_keyguard_shown: [0,1,0,1,0,keyguardGoingAway]
06-13 11:46:11.618163  1570  6444 I wm_set_resumed_activity: [0,com.android.launcher3/com.android.searchlauncher.SearchLauncher,resumeTopActivity - onActivityStateChanged]
06-13 11:46:11.622624  1570  6444 I wm_resume_activity: [0,29572104,24,com.android.launcher3/com.android.searchlauncher.SearchLauncher]
06-13 11:46:11.623830  2519  2519 I wm_on_restart_called: [29572104,com.android.searchlauncher.SearchLauncher,performRestart,0]
06-13 11:46:11.631379  2519  2519 I wm_on_start_called: [29572104,com.android.searchlauncher.SearchLauncher,handleStartActivity,8]
06-13 11:46:11.633536  2519  2519 I wm_on_resume_called: [29572104,com.android.searchlauncher.SearchLauncher,RESUME_ACTIVITY,1]
06-13 11:46:11.633630  2519  2519 I wm_on_top_resumed_gained_called: [29572104,com.android.searchlauncher.SearchLauncher,topWhenResuming]
06-13 11:46:11.726730  2157  2240 I jank_cuj_events_cancel_request: [23,1749804371726584000,809981988187218,123890995359999]
06-13 11:46:11.728617  2157  2240 I jank_cuj_events_begin_request: [29,1749804371728458000,809981990060988,123890997233537,DismissPanel]
06-13 11:46:11.729087  2157  2240 I jank_cuj_events_cancel_request: [0,1749804371728919000,809981990520372,123890997692691]
06-13 11:46:11.751470  1570  6445 I sysui_multi_action: [757,128,758,1,793,10994821,794,0,795,10994821,796,0,797,236945047::a:snotification:[0xc535539383038145,stories.f,NOTIFICATION],798,7,806,com.google.android.googlequicksearchbox,857,74,858,2,946,236945047::SUMMARY::chime_d-da7f5346,947,0,1395,9,1500,112042,1688,1,1745,680407814]
06-13 11:46:11.751540  1570  6445 I sysui_multi_action: [757,1501,758,1,793,10994821,794,0,795,10994821,796,0,797,236945047::a:snotification:[0xc535539383038145,stories.f,NOTIFICATION],806,com.google.android.googlequicksearchbox,857,74,858,2,946,236945047::SUMMARY::chime_d-da7f5346,947,0,1500,0,1688,1,1745,680407814]
06-13 11:46:11.751557  1570  6445 I sysui_multi_action: [757,804,799,note_interruptive,801,0,802,1]
06-13 11:46:11.751573  1570  6445 I sysui_multi_action: [757,804,799,note_freshness,801,10994821,802,1]
06-13 11:46:11.751583  1570  6445 I notification_visibility: [0|com.google.android.googlequicksearchbox|0|236945047::a:snotification:[0xc535539383038145,stories.f,NOTIFICATION]|10131,1,10994821,10994821,0,7]
06-13 11:46:11.751861  1570  6445 I sysui_multi_action: [757,128,758,2,793,4391196,794,511,795,4391196,796,26,798,0,806,android,857,DEVELOPER_IMPORTANT,858,4,946,ranker_group,947,0,1395,9,1500,511,1688,1]
06-13 11:46:11.751879  1570  6445 I notification_visibility: [-1|android|26|null|1000,0,4391196,4391196,0,0]
06-13 11:46:11.752008  1570  6445 I sysui_multi_action: [757,128,758,2,793,182626842,794,511,795,66540072,796,432797459,797,FIND_MY_DEVICE_MAINTENANCE,798,2,806,com.google.android.gms,857,finder-configuration,858,3,946,com.google.android.apps.adm,947,0,1395,9,1500,66540072,1688,1,1745,2098068913]
06-13 11:46:11.752025  1570  6445 I notification_visibility: [0|com.google.android.gms|432797459|FIND_MY_DEVICE_MAINTENANCE|10122,0,182626842,66540072,0,2]
06-13 11:46:11.752193  1570  6445 I sysui_multi_action: [757,128,758,2,793,809852857,794,511,795,809852857,796,2345,797,ChFBbmRyb2lkTG9ja1NjcmVlbhIRTm9TY3JlZW5Mb2NrSXNzdWUYAA==,798,4,806,android,857,safety_center_recommendation,858,3,946,ranker_group,947,0,1395,9,1500,511,1688,1]
06-13 11:46:11.752209  1570  6445 I notification_visibility: [0|android|2345|ChFBbmRyb2lkTG9ja1NjcmVlbhIRTm9TY3JlZW5Mb2NrSXNzdWUYAA==|1000,0,809852857,809852857,0,4]
06-13 11:46:11.752726  1570  6445 I sysui_multi_action: [757,128,758,2,793,267355744,794,511,795,267355744,796,1,798,3,806,io.appium.settings,857,main_channel,858,3,947,0,1395,9,1500,511,1688,1,1745,2098068913]
06-13 11:46:11.752790  1570  6445 I notification_visibility: [0|io.appium.settings|1|null|10236,0,267355744,267355744,0,3]
06-13 11:46:11.753187  1570  6445 I sysui_multi_action: [757,128,758,2,793,182625403,794,512,795,182625403,796,1000,797,a:GMSCORE_STORE_RENDERER:76ec0ebef9ca0000:118294158484301457932,798,1,806,com.google.android.gms,857,com.google.android.gms.noti-103635b6,858,4,947,0,1395,9,1500,512,1688,1,1745,2098068913]
06-13 11:46:11.753249  1570  6445 I notification_visibility: [0|com.google.android.gms|1000|a:GMSCORE_STORE_RENDERER:76ec0ebef9ca0000:118294158484301457932|10122,0,182625403,182625403,0,1]
06-13 11:46:12.030399  1570  1628 I sysui_latency: [5,838]
06-13 11:46:12.034297  1570  1570 I sysui_multi_action: [757,198,758,1,759,1,1359,840,1694,6]
06-13 11:46:12.034440  1570  1570 I power_screen_state: [1,0,0,0,840]
06-13 11:46:12.047464  1570  3264 I sysui_multi_action: [757,128,758,2,793,10995116,794,295,795,10995116,796,0,797,236945047::a:snotification:[0xc535539383038145,stories.f,NOTIFICATION],798,7,806,com.google.android.googlequicksearchbox,857,74,858,2,946,236945047::SUMMARY::chime_d-da7f5346,947,0,1395,9,1500,295,1688,1,1745,680407814]
06-13 11:46:12.047515  1570  3264 I notification_visibility: [0|com.google.android.googlequicksearchbox|0|236945047::a:snotification:[0xc535539383038145,stories.f,NOTIFICATION]|10131,0,10995116,10995116,0,7]
06-13 11:46:12.048927  1570  3263 I sysui_multi_action: [757,127,758,2]
06-13 11:46:12.049965  1570  3263 I notification_panel_hidden: 
06-13 11:46:12.051553  2157  2240 I jank_cuj_events_end_request: [29,1749804372051355000,809982312957603,123891320130153]
06-13 11:46:12.064419  1570  3264 I wm_set_keyguard_shown: [0,0,0,1,0,setKeyguardShown]
06-13 11:46:12.084028  2157  2157 I sysui_multi_action: [757,111,758,2]
06-13 11:46:12.090273  2157  2157 I sysui_multi_action: [757,196,758,2,759,0]
06-13 11:46:12.090297  2157  2157 I sysui_status_bar_state: [0,0,0,0,0,1]
06-13 11:46:12.107626  1570  3264 I wm_set_keyguard_occluded: [0,0,0,setOccluded]
06-13 11:46:12.150241  1570  1595 I user_activity_timeout_override: -1
06-13 11:46:12.156806  1570  1596 I input_focus: [Focus request 4302b8e com.android.launcher3/com.android.searchlauncher.SearchLauncher,reason=UpdateInputWindows]
06-13 11:46:12.181758  1570  1688 I input_focus: [Focus leaving da3cefa NotificationShade (server),reason=NOT_FOCUSABLE]
06-13 11:46:12.182085  1570  1688 I input_focus: [Focus entering 4302b8e com.android.launcher3/com.android.searchlauncher.SearchLauncher (server),reason=setFocusedWindow]
06-13 11:46:12.212320  1570  1606 I am_wtf  : [0,1570,system_server,-1,ActivityManager,Sending non-protected broadcast PRI_ACTION_DYNAMIC_ISLAND_FULL_SCREEN from system 2157:com.android.systemui/u0a173 pkg com.android.systemui]
06-13 11:46:12.216789  2157  2157 I sysui_keyguard: [0,0]
06-13 11:46:12.216898  2157  2240 I jank_cuj_events_cancel_request: [23,1749804372216807000,809982478413295,123891485586460]
06-13 11:46:12.243878  2157  2240 I jank_cuj_events_cancel_request: [69,1749804372243544000,809982505148065,123891512320384]
06-13 11:46:12.244004  2157  2240 I jank_cuj_events_end_request: [69,1749804372243742000,809982505342218,123891512514537]
06-13 11:46:12.244525  2157  2240 I jank_cuj_events_end_request: [17,1749804372244429000,809982506029680,123891513202153]
06-13 11:46:12.415509  1570  1672 I commit_sys_config_file: [settings-1-0,4]
06-13 11:46:12.684379  1570  1606 I am_uid_idle: 10189
06-13 11:46:12.684707  1570  1606 I am_uid_idle: 10125
06-13 11:46:12.779798  1570  1688 I input_interaction: Interaction with: 3043d21 NavigationBar0 (server), PointerEventDispatcher0 (server), 
06-13 11:46:13.139510  2157  2240 I jank_cuj_events_end_request: [55,1749804373139323000,809983400926911,123892408099691]
06-13 11:46:13.217800  1570  1688 I input_interaction: Interaction with: 4302b8e com.android.launcher3/com.android.searchlauncher.SearchLauncher (server), ddf2ebc com.android.systemui.wallpapers.ImageWallpaper (server), PointerEventDispatcher0 (server), 
06-13 11:46:13.218755  2519  3277 I jank_cuj_events_begin_request: [25,1749804373218539000,809983480141372,123892487314153,]
06-13 11:46:13.219400  2519  3277 I jank_cuj_events_begin_request: [67,1749804373219213000,809983480814526,123892487987076,]
06-13 11:46:13.305468  2519  3277 I jank_cuj_events_cancel_request: [25,1749804373305097000,809983566701065,123892573873614]
06-13 11:46:13.305548  2519  3277 I jank_cuj_events_cancel_request: [67,1749804373305484000,809983567084988,123892574257537]
06-13 11:46:13.657351  1570  1688 I input_interaction: Interaction with: 3043d21 NavigationBar0 (server), PointerEventDispatcher0 (server), 
06-13 11:46:13.660096  2157  2157 I sysui_multi_action: [757,931,758,4,759,3,932,0,933,0]
06-13 11:46:13.751534  2157  2157 I sysui_multi_action: [757,931,758,4,759,3,932,0,933,1]
06-13 11:46:13.767045  1570  1593 I wm_new_intent: [0,29572104,24,com.android.launcher3/com.android.searchlauncher.SearchLauncher,android.intent.action.MAIN,NULL,NULL,268435712]
06-13 11:46:13.767638  1570  1593 I wm_task_moved: [1,1,0,1,1]
06-13 11:46:13.767910  2519  2519 I wm_on_top_resumed_lost_called: [29572104,com.android.searchlauncher.SearchLauncher,pausing]
06-13 11:46:13.768354  1570  1593 I wm_set_keyguard_occluded: [0,0,0,setOccluded]
06-13 11:46:13.768365  2519  2519 I wm_on_paused_called: [29572104,com.android.searchlauncher.SearchLauncher,performPause,1]
06-13 11:46:13.769722  2519  2519 I wm_on_resume_called: [29572104,com.android.searchlauncher.SearchLauncher,LIFECYCLER_RESUME_ACTIVITY,1]
06-13 11:46:13.769849  2519  2519 I wm_on_top_resumed_gained_called: [29572104,com.android.searchlauncher.SearchLauncher,topWhenResuming]
06-13 11:46:13.769857  2157  2157 I sysui_keyguard: [0,0]
06-13 11:46:13.770640  2157  2240 I jank_cuj_events_cancel_request: [23,1749804373769874000,809984031476372,123893038648922]
06-13 11:46:14.031598  2157  2240 I jank_cuj_events_end_request: [55,1749804374031383000,809984292986603,123893300159153]
06-13 11:46:16.271003  1570  1672 I commit_sys_config_file: [settings-1-0,6]
06-13 11:46:17.301091  1570  1631 I commit_sys_config_file: [package-user-0,18]
06-13 11:46:18.798317  1570  1605 I commit_sys_config_file: [display-state,123037999]
06-13 11:46:19.870146  1570  1672 I commit_sys_config_file: [settings-1-0,3]
06-13 11:46:21.468363  1570  1672 I commit_sys_config_file: [settings-1-0,6]
06-13 11:46:33.323610  1570  1688 I input_interaction: Interaction with: 4302b8e com.android.launcher3/com.android.searchlauncher.SearchLauncher (server), ddf2ebc com.android.systemui.wallpapers.ImageWallpaper (server), PointerEventDispatcher0 (server), 
06-13 11:46:33.324794  2519  3277 I jank_cuj_events_begin_request: [25,1749804393324629000,810003586231835,123912593404385,]
06-13 11:46:33.324980  2519  3277 I jank_cuj_events_begin_request: [67,1749804393324756000,810003586356450,123912593529000,]
06-13 11:46:33.351786  1570  1605 I commit_sys_config_file: [display-state,123052552]
06-13 11:46:33.390817  2519  3277 I jank_cuj_events_cancel_request: [25,1749804393390625000,810003652228066,123912659400385]
06-13 11:46:33.390894  2519  3277 I jank_cuj_events_cancel_request: [67,1749804393390673000,810003652272374,123912659444923]
06-13 11:46:33.408564  1570  6444 I wm_task_created: 244
06-13 11:46:33.416732  1570  6444 I wm_task_moved: [244,244,0,1,2]
06-13 11:46:33.416823  1570  6444 I wm_task_to_front: [0,244,0]
06-13 11:46:33.417899  1570  6444 I wm_create_task: [0,244,244,0]
06-13 11:46:33.417971  1570  6444 I wm_create_activity: [0,94698315,244,com.android.chrome/com.google.android.apps.chrome.Main,android.intent.action.MAIN,NULL,NULL,270532608]
06-13 11:46:33.418603  1570  6444 I wm_task_moved: [244,244,0,1,2]
06-13 11:46:33.421851  1570  6444 I wm_pause_activity: [0,29572104,com.android.launcher3/com.android.searchlauncher.SearchLauncher,userLeaving=true,pauseBackTasks]
06-13 11:46:33.433473  2519  2519 I wm_on_top_resumed_lost_called: [29572104,com.android.searchlauncher.SearchLauncher,topStateChangedWhenResumed]
06-13 11:46:33.438204  1570  1595 I am_uid_running: 10150
06-13 11:46:33.439387  2519  2519 I wm_on_paused_called: [29572104,com.android.searchlauncher.SearchLauncher,performPause,1]
06-13 11:46:33.445282  1570  3268 I wm_add_to_stopping: [0,29572104,com.android.launcher3/com.android.searchlauncher.SearchLauncher,makeInvisible]
06-13 11:46:33.445564  1570  1592 I sysui_multi_action: [757,803,799,window_time_0,802,48]
06-13 11:46:33.449590  1570  1607 I am_proc_start: [0,1452,10150,com.android.chrome,next-top-activity,{com.android.chrome/com.google.android.apps.chrome.Main}]
06-13 11:46:33.457318  1570  1596 I input_focus: [Requesting to set focus to null window,reason=UpdateInputWindows]
06-13 11:46:33.457000  1452  1452 I auditd  : type=1400 audit(0.0:14792): avc:  denied  { read } for  comm="main" name="u:object_r:vendor_prize_fp_prop:s0" dev="tmpfs" ino=10654 scontext=u:r:untrusted_app:s0:c150,c256,c512,c768 tcontext=u:object_r:vendor_prize_fp_prop:s0 tclass=file permissive=0 app=com.android.chrome
06-13 11:46:33.480994  1570  1688 I input_focus: [Focus leaving 4302b8e com.android.launcher3/com.android.searchlauncher.SearchLauncher (server),reason=Waiting for window because NO_WINDOW]
06-13 11:46:33.483637  1570  1605 I am_pss  : [1051,10238,io.appium.uiautomator2.server,35661824,27930624,727040,110141440,0,4,11]
06-13 11:46:33.492397  1570  3268 I am_proc_bound: [0,1452,com.android.chrome]
06-13 11:46:33.498733  1570  3268 I wm_restart_activity: [0,94698315,244,com.android.chrome/com.google.android.apps.chrome.Main]
06-13 11:46:33.500401  1570  3268 I wm_set_resumed_activity: [0,com.android.chrome/com.google.android.apps.chrome.Main,minimalResumeActivityLocked - onActivityStateChanged]
06-13 11:46:33.503193  2519  3277 I jank_cuj_events_begin_request: [8,1749804393502991000,810003764592989,123912771765539,]
06-13 11:46:33.506621  1570  1595 I am_uid_active: 10150
06-13 11:46:33.507887   565   565 I auditd  : avc:  denied  { add } for pid=1570 uid=1000 name=vendor.mediatek.hardware.mbrainj.IMBrainJava/default scontext=u:r:system_server:s0 tcontext=u:object_r:default_android_service:s0 tclass=service_manager permissive=0
06-13 11:46:33.589000   622   622 I auditd  : type=1400 audit(0.0:14793): avc:  denied  { read } for  comm="binder:622_1" name="wakeup126" dev="sysfs" ino=37179 scontext=u:r:system_suspend:s0 tcontext=u:object_r:sysfs:s0 tclass=dir permissive=0
06-13 11:46:33.737000   622   622 I auditd  : type=1400 audit(0.0:14794): avc:  denied  { read } for  comm="binder:622_1" name="wakeup130" dev="sysfs" ino=38008 scontext=u:r:system_suspend:s0 tcontext=u:object_r:sysfs:s0 tclass=dir permissive=0
06-13 11:46:33.765000   622   622 I auditd  : type=1400 audit(0.0:14795): avc:  denied  { read } for  comm="binder:622_1" name="wakeup129" dev="sysfs" ino=37961 scontext=u:r:system_suspend:s0 tcontext=u:object_r:sysfs:s0 tclass=dir permissive=0
06-13 11:46:33.773000   622   622 I auditd  : type=1400 audit(0.0:14796): avc:  denied  { read } for  comm="binder:622_1" name="wakeup147" dev="sysfs" ino=41953 scontext=u:r:system_suspend:s0 tcontext=u:object_r:sysfs:s0 tclass=dir permissive=0
06-13 11:46:33.799964  1570  6445 I wm_task_moved: [244,244,0,1,2]
06-13 11:46:33.800072  1570  6445 I wm_create_activity: [0,218785380,244,com.android.chrome/org.chromium.chrome.browser.firstrun.FirstRunActivity,NULL,NULL,NULL,8388608]
06-13 11:46:33.802446  1570  6445 I wm_pause_activity: [0,94698315,com.android.chrome/com.google.android.apps.chrome.Main,userLeaving=true,resumeTopActivity]
06-13 11:46:33.809000   622   622 I auditd  : type=1400 audit(0.0:14797): avc:  denied  { read } for  comm="binder:622_1" name="wakeup145" dev="sysfs" ino=41915 scontext=u:r:system_suspend:s0 tcontext=u:object_r:sysfs:s0 tclass=dir permissive=0
06-13 11:46:33.873246  2519  3277 I jank_cuj_events_end_request: [8,1749804393873057000,810004134662220,123913141835154]
06-13 11:46:33.900702  1570  6445 I wm_finish_activity: [0,94698315,244,com.android.chrome/com.google.android.apps.chrome.Main,app-request]
06-13 11:46:33.901425  1452  1452 I wm_on_create_called: [94698315,com.google.android.apps.chrome.Main,performCreate,157]
06-13 11:46:33.915094  1570  2258 I wm_add_to_stopping: [0,94698315,com.android.chrome/com.google.android.apps.chrome.Main,completeFinishing]
06-13 11:46:33.918324  1570  2258 I wm_restart_activity: [0,218785380,244,com.android.chrome/org.chromium.chrome.browser.firstrun.FirstRunActivity]
06-13 11:46:33.919761  1570  2258 I wm_set_resumed_activity: [0,com.android.chrome/org.chromium.chrome.browser.firstrun.FirstRunActivity,minimalResumeActivityLocked - onActivityStateChanged]
06-13 11:46:33.922007  1570  1592 I sysui_multi_action: [757,803,799,window_time_0,802,1]
06-13 11:46:33.921000   622   622 I auditd  : type=1400 audit(0.0:14798): avc:  denied  { read } for  comm="binder:622_1" name="wakeup148" dev="sysfs" ino=42184 scontext=u:r:system_suspend:s0 tcontext=u:object_r:sysfs:s0 tclass=dir permissive=0
06-13 11:46:34.001385  1452  1452 I wm_on_create_called: [218785380,org.chromium.chrome.browser.firstrun.FirstRunActivity,performCreate,59]
06-13 11:46:34.003149  1452  1452 I wm_on_start_called: [218785380,org.chromium.chrome.browser.firstrun.FirstRunActivity,handleStartActivity,1]
06-13 11:46:34.008104  1452  1452 I wm_on_resume_called: [218785380,org.chromium.chrome.browser.firstrun.FirstRunActivity,RESUME_ACTIVITY,0]
06-13 11:46:34.017628   565   565 I auditd  : avc:  denied  { find } for pid=1452 uid=10150 name=vendor.mediatek.hardware.mbrain.IMBrain/default scontext=u:r:untrusted_app:s0:c150,c256,c512,c768 tcontext=u:object_r:default_android_service:s0 tclass=service_manager permissive=0
06-13 11:46:34.038415  1452  1452 I wm_on_top_resumed_gained_called: [218785380,org.chromium.chrome.browser.firstrun.FirstRunActivity,topStateChangedWhenResumed]
06-13 11:46:34.049366  1570  1596 I input_focus: [Focus request 878edd5 com.android.chrome/org.chromium.chrome.browser.firstrun.FirstRunActivity,reason=UpdateInputWindows]
06-13 11:46:34.134690   565   565 I auditd  : avc:  denied  { find } for pid=1452 uid=10150 name=vendor.mediatek.hardware.mbrain.IMBrain/default scontext=u:r:untrusted_app:s0:c150,c256,c512,c768 tcontext=u:object_r:default_android_service:s0 tclass=service_manager permissive=0
06-13 11:46:34.140786  2157  2240 I jank_cuj_events_begin_request: [39,1749804394140644000,810004402248143,123913409420616,]
06-13 11:46:34.142948  1570  1592 I sysui_multi_action: [319,91,321,79,322,744,325,123912,757,761,758,7,759,1,806,com.android.chrome,871,org.chromium.chrome.browser.firstrun.FirstRunActivity,904,com.android.chrome,905,0,945,101,1320,8,1321,5]
06-13 11:46:34.143586  1570  1592 I wm_activity_launch_time: [0,218785380,com.android.chrome/org.chromium.chrome.browser.firstrun.FirstRunActivity,744]
06-13 11:46:34.148762  1570  6445 I wm_stop_activity: [0,29572104,com.android.launcher3/com.android.searchlauncher.SearchLauncher]
06-13 11:46:34.154079   565   565 I auditd  : avc:  denied  { add } for pid=1570 uid=1000 name=vendor.mediatek.hardware.mbrainj.IMBrainJava/default scontext=u:r:system_server:s0 tcontext=u:object_r:default_android_service:s0 tclass=service_manager permissive=0
06-13 11:46:34.161885  2519  2519 I wm_on_stop_called: [29572104,com.android.searchlauncher.SearchLauncher,STOP_ACTIVITY_ITEM,10]
06-13 11:46:34.163759  1570  1688 I input_focus: [Focus entering 878edd5 com.android.chrome/org.chromium.chrome.browser.firstrun.FirstRunActivity (server),reason=Window became focusable. Previous reason: NOT_VISIBLE]
06-13 11:46:34.196347  1570  6445 I am_uid_running: 90000
06-13 11:46:34.237000  1687  1687 I auditd  : type=1400 audit(0.0:14799): avc:  denied  { read } for  comm="main" name="u:object_r:vendor_prize_fp_prop:s0" dev="tmpfs" ino=10654 scontext=u:r:app_zygote:s0:c512,c768 tcontext=u:object_r:vendor_prize_fp_prop:s0 tclass=file permissive=0 app=com.android.chrome
06-13 11:46:34.344743  1570  6445 I am_uid_active: 10125
06-13 11:46:34.380620  1570  1607 I am_proc_start: [0,1723,90000,com.android.chrome:sandboxed_process0:org.chromium.content.app.SandboxedProcessService0:0,,{com.android.chrome/org.chromium.content.app.SandboxedProcessService0:0}]
06-13 11:46:34.385000  1723  1723 I auditd  : type=1400 audit(0.0:14800): avc:  denied  { read } for  comm="d.chrome_zygote" name="u:object_r:vendor_prize_fp_prop:s0" dev="tmpfs" ino=10654 scontext=u:r:isolated_app:s0:c512,c768 tcontext=u:object_r:vendor_prize_fp_prop:s0 tclass=file permissive=0
06-13 11:46:34.421386  1570  6445 I am_proc_bound: [0,1723,com.android.chrome:sandboxed_process0:org.chromium.content.app.SandboxedProcessService0:0]
06-13 11:46:34.443486  1570  1596 I wm_wallpaper_surface: [0,0,null]
06-13 11:46:34.448826  1570  6445 I am_uid_active: 90000
06-13 11:46:34.453126  1570  3263 I am_uid_active: 10189
06-13 11:46:34.460183  1570  1595 I wm_destroy_activity: [0,94698315,244,com.android.chrome/com.google.android.apps.chrome.Main,finish-imm:idle]
06-13 11:46:34.517567  2157  2240 I jank_cuj_events_end_request: [39,1749804394516971000,810004778579835,123913785752308]
06-13 11:46:34.698886  1452  1452 I wm_on_destroy_called: [94698315,com.google.android.apps.chrome.Main,performDestroy,5]
06-13 11:46:35.685383  1570  2064 I netstats_mobile_sample: [0,0,0,0,0,0,0,0,1749804395851]
06-13 11:46:35.685922  1570  2064 I netstats_wifi_sample: [1700404568,67466961,1603344,312489,1688913202,66479474,1467107,300721,1749804395851]
06-13 11:46:36.529520  1570  1688 I input_interaction: Interaction with: 3043d21 NavigationBar0 (server), PointerEventDispatcher0 (server), 
06-13 11:46:36.531464  2157  2157 I sysui_multi_action: [757,931,758,4,759,3,932,0,933,0]
06-13 11:46:36.614553  2157  2157 I sysui_multi_action: [757,931,758,4,759,3,932,0,933,1]
06-13 11:46:36.624866  1570  1593 I wm_task_moved: [1,1,0,1,2]
06-13 11:46:36.625098  1570  1593 I wm_task_moved: [24,1,0,1,2147483647]
06-13 11:46:36.625128  1570  1593 I wm_task_to_front: [0,24,0]
06-13 11:46:36.625253  1452  1452 I wm_on_top_resumed_lost_called: [218785380,org.chromium.chrome.browser.firstrun.FirstRunActivity,topStateChangedWhenResumed]
06-13 11:46:36.625264  1570  1593 I wm_focused_root_task: [0,0,1,244,bringingFoundTaskToFront]
06-13 11:46:36.626848  1570  1593 I wm_set_resumed_activity: [0,com.android.launcher3/com.android.searchlauncher.SearchLauncher,bringingFoundTaskToFront]
06-13 11:46:36.627203  1570  1593 I wm_new_intent: [0,29572104,24,com.android.launcher3/com.android.searchlauncher.SearchLauncher,android.intent.action.MAIN,NULL,NULL,268435712]
06-13 11:46:36.627634  1570  1593 I wm_pause_activity: [0,218785380,com.android.chrome/org.chromium.chrome.browser.firstrun.FirstRunActivity,userLeaving=true,pauseBackTasks]
06-13 11:46:36.629694  1570  1593 I wm_add_to_stopping: [0,218785380,com.android.chrome/org.chromium.chrome.browser.firstrun.FirstRunActivity,makeInvisible]
06-13 11:46:36.629924  1570  1592 I sysui_multi_action: [757,803,799,window_time_0,802,2]
06-13 11:46:36.630982  1570  1593 I wm_set_resumed_activity: [0,com.android.launcher3/com.android.searchlauncher.SearchLauncher,resumeTopActivity - onActivityStateChanged]
06-13 11:46:36.631940  1570  1593 I wm_resume_activity: [0,29572104,24,com.android.launcher3/com.android.searchlauncher.SearchLauncher]
06-13 11:46:36.633219  2519  2519 I wm_on_restart_called: [29572104,com.android.searchlauncher.SearchLauncher,performRestart,0]
06-13 11:46:36.637632  1570  1596 I input_focus: [Requesting to set focus to null window,reason=UpdateInputWindows]
06-13 11:46:36.643736  2519  2519 I wm_on_start_called: [29572104,com.android.searchlauncher.SearchLauncher,handleStartActivity,10]
06-13 11:46:36.648680  2519  2519 I wm_on_resume_called: [29572104,com.android.searchlauncher.SearchLauncher,RESUME_ACTIVITY,1]
06-13 11:46:36.650180  1570  1688 I input_focus: [Focus leaving 878edd5 com.android.chrome/org.chromium.chrome.browser.firstrun.FirstRunActivity (server),reason=Waiting for window because NO_WINDOW]
06-13 11:46:36.651428  1452  1452 I wm_on_paused_called: [218785380,org.chromium.chrome.browser.firstrun.FirstRunActivity,performPause,10]
06-13 11:46:36.652986   565   565 I auditd  : avc:  denied  { add } for pid=1570 uid=1000 name=vendor.mediatek.hardware.mbrainj.IMBrainJava/default scontext=u:r:system_server:s0 tcontext=u:object_r:default_android_service:s0 tclass=service_manager permissive=0
06-13 11:46:36.672320  1570  1596 I input_focus: [Focus request 4302b8e com.android.launcher3/com.android.searchlauncher.SearchLauncher,reason=UpdateInputWindows]
06-13 11:46:36.701966  2519  2519 I wm_on_top_resumed_gained_called: [29572104,com.android.searchlauncher.SearchLauncher,topStateChangedWhenResumed]
06-13 11:46:36.704867  1570  1596 I wm_wallpaper_surface: [0,1,Window{4302b8e u0 com.android.launcher3/com.android.searchlauncher.SearchLauncher}]
06-13 11:46:36.731976  1570  1592 I sysui_multi_action: [319,106,322,84,325,123915,757,761,758,9,759,2,806,com.android.launcher3,871,com.android.searchlauncher.SearchLauncher,905,0,1320,8,1321,5]
06-13 11:46:36.759543  2519  3277 I jank_cuj_events_begin_request: [9,1749804396759429000,810007021031220,123916028204000,]
06-13 11:46:36.775686  1570  1688 I input_focus: [Focus entering 4302b8e com.android.launcher3/com.android.searchlauncher.SearchLauncher (server),reason=Window became focusable. Previous reason: NOT_VISIBLE]
06-13 11:46:36.887677  2157  2240 I jank_cuj_events_end_request: [55,1749804396887547000,810007149151528,123916156324077]
06-13 11:46:37.294325  2519  3277 I jank_cuj_events_end_request: [9,1749804397294243000,810007555845066,123916563017539]
06-13 11:46:37.302127  1570  1595 I wm_stop_activity: [0,218785380,com.android.chrome/org.chromium.chrome.browser.firstrun.FirstRunActivity]
06-13 11:46:37.352349  1452  1452 I wm_on_stop_called: [218785380,org.chromium.chrome.browser.firstrun.FirstRunActivity,STOP_ACTIVITY_ITEM,7]
06-13 11:46:41.096159  2157  2240 I jank_cuj_events_end_request: [55,1749804401095983000,810011357586836,123920364759154]
06-13 11:46:41.700804  1570  1688 I input_interaction: Interaction with: 4302b8e com.android.launcher3/com.android.searchlauncher.SearchLauncher (server), ddf2ebc com.android.systemui.wallpapers.ImageWallpaper (server), PointerEventDispatcher0 (server), 
06-13 11:46:41.702231  2519  3277 I jank_cuj_events_begin_request: [25,1749804401701937000,810011963540066,123920970712693,]
06-13 11:46:41.702291  2519  3277 I jank_cuj_events_begin_request: [67,1749804401702106000,810011963705605,123920970878154,]
06-13 11:46:41.736826  2519  3277 I jank_cuj_events_begin_request: [65,1749804401736614000,810011998216143,123921005388616,]
06-13 11:46:42.210688  2519  3277 I jank_cuj_events_begin_request: [25,1749804402210522000,810012472129989,123921479303693,]
06-13 11:46:42.210931  2519  3277 I jank_cuj_events_begin_request: [67,1749804402210849000,810012472454297,123921479627155,]
06-13 11:46:42.265278  2519  3277 I jank_cuj_events_cancel_request: [25,1749804402264945000,810012526551451,123921533724385]
06-13 11:46:42.265426  2519  3277 I jank_cuj_events_cancel_request: [67,1749804402265070000,810012526670913,123921533844001]
06-13 11:46:42.338995  2519  3277 I jank_cuj_events_end_request: [65,1749804402338785000,810012600388066,123921607560616]
06-13 11:46:45.667124  1570  1688 I input_interaction: Interaction with: 3043d21 NavigationBar0 (server), PointerEventDispatcher0 (server), 
06-13 11:46:45.758350  1570  3263 I wm_task_moved: [1,1,0,1,2]
06-13 11:46:45.759870  1570  3263 I wm_task_moved: [244,244,0,1,2]
06-13 11:46:45.759916  1570  3263 I wm_task_to_front: [0,244,0]
06-13 11:46:45.760479  1570  3263 I wm_focused_root_task: [0,0,244,1,moveTaskToFront findTaskToMoveToFront]
06-13 11:46:45.762265  1570  3263 I wm_set_resumed_activity: [0,com.android.chrome/org.chromium.chrome.browser.firstrun.FirstRunActivity,moveTaskToFront findTaskToMoveToFront]
06-13 11:46:45.762745  1570  3263 I wm_pause_activity: [0,29572104,com.android.launcher3/com.android.searchlauncher.SearchLauncher,userLeaving=true,pauseBackTasks]
06-13 11:46:45.769819  1570  1596 I input_focus: [Requesting to set focus to null window,reason=UpdateInputWindows]
06-13 11:46:45.770085  2519  2519 I wm_on_top_resumed_lost_called: [29572104,com.android.searchlauncher.SearchLauncher,topStateChangedWhenResumed]
06-13 11:46:45.780954  1570  1688 I input_focus: [Focus leaving 4302b8e com.android.launcher3/com.android.searchlauncher.SearchLauncher (server),reason=Waiting for window because NO_WINDOW]
06-13 11:46:45.781761  2519  2519 I wm_on_paused_called: [29572104,com.android.searchlauncher.SearchLauncher,performPause,0]
06-13 11:46:45.783514  1570  6445 I wm_set_resumed_activity: [0,com.android.chrome/org.chromium.chrome.browser.firstrun.FirstRunActivity,resumeTopActivity - onActivityStateChanged]
06-13 11:46:45.787431  1570  6445 I wm_add_to_stopping: [0,29572104,com.android.launcher3/com.android.searchlauncher.SearchLauncher,makeInvisible]
06-13 11:46:45.788821  1570  6445 I wm_resume_activity: [0,218785380,244,com.android.chrome/org.chromium.chrome.browser.firstrun.FirstRunActivity]
06-13 11:46:45.790118  1452  1452 I wm_on_restart_called: [218785380,org.chromium.chrome.browser.firstrun.FirstRunActivity,performRestart,0]
06-13 11:46:45.792867  1570  1592 I sysui_multi_action: [757,803,799,window_time_0,802,10]
06-13 11:46:45.793244   565   565 I auditd  : avc:  denied  { add } for pid=1570 uid=1000 name=vendor.mediatek.hardware.mbrainj.IMBrainJava/default scontext=u:r:system_server:s0 tcontext=u:object_r:default_android_service:s0 tclass=service_manager permissive=0
06-13 11:46:45.798533   565   565 I auditd  : avc:  denied  { add } for pid=1570 uid=1000 name=vendor.mediatek.hardware.mbrainj.IMBrainJava/default scontext=u:r:system_server:s0 tcontext=u:object_r:default_android_service:s0 tclass=service_manager permissive=0
06-13 11:46:45.813238  1452  1452 I wm_on_start_called: [218785380,org.chromium.chrome.browser.firstrun.FirstRunActivity,handleStartActivity,23]
06-13 11:46:45.814914  1452  1452 I wm_on_resume_called: [218785380,org.chromium.chrome.browser.firstrun.FirstRunActivity,RESUME_ACTIVITY,0]
06-13 11:46:45.815534  1452  1452 I wm_on_top_resumed_gained_called: [218785380,org.chromium.chrome.browser.firstrun.FirstRunActivity,topWhenResuming]
06-13 11:46:45.822345  1570  1605 I am_pss  : [1051,10238,io.appium.uiautomator2.server,30642176,23273472,615424,106332160,0,4,9]
06-13 11:46:45.833568  1570  1596 I input_focus: [Focus request 878edd5 com.android.chrome/org.chromium.chrome.browser.firstrun.FirstRunActivity,reason=UpdateInputWindows]
06-13 11:46:45.837335  2519  3277 I jank_cuj_events_begin_request: [7,1749804405837235000,810016098837374,123925106009847,]
06-13 11:46:45.858236  1570  1592 I sysui_multi_action: [319,58,321,38,322,91,325,123925,757,761,758,9,759,2,806,com.android.chrome,871,org.chromium.chrome.browser.firstrun.FirstRunActivity,904,com.android.chrome,905,0,1320,8,1321,5]
06-13 11:46:45.865000  1570  1688 I input_focus: [Focus entering 878edd5 com.android.chrome/org.chromium.chrome.browser.firstrun.FirstRunActivity (server),reason=Window became focusable. Previous reason: NO_WINDOW]
06-13 11:46:46.016972  2157  2240 I jank_cuj_events_end_request: [55,1749804406016757000,810016278367220,123925285541232]
06-13 11:46:46.174445  2519  3277 I jank_cuj_events_end_request: [11,1749804406174330000,810016435932682,123925443105232]
06-13 11:46:46.174518  2519  3277 I jank_cuj_events_end_request: [7,1749804406174481000,810016436080990,123925443253232]
06-13 11:46:46.192376  1570  1595 I wm_stop_activity: [0,29572104,com.android.launcher3/com.android.searchlauncher.SearchLauncher]
06-13 11:46:46.193859  1570  1596 I wm_wallpaper_surface: [0,0,Window{4302b8e u0 com.android.launcher3/com.android.searchlauncher.SearchLauncher}]
06-13 11:46:46.214908  1570  1688 I input_interaction: Interaction with: 878edd5 com.android.chrome/org.chromium.chrome.browser.firstrun.FirstRunActivity (server), PointerEventDispatcher0 (server), 
06-13 11:46:46.230334  2519  2519 I wm_on_stop_called: [29572104,com.android.searchlauncher.SearchLauncher,STOP_ACTIVITY_ITEM,15]
06-13 11:46:46.272907  1570  3264 I wm_task_created: 245
06-13 11:46:46.278092  1570  3264 I wm_task_moved: [245,245,0,1,3]
06-13 11:46:46.278227  1570  3264 I wm_task_to_front: [0,245,0]
06-13 11:46:46.278809  1570  3264 I wm_create_task: [0,245,245,0]
06-13 11:46:46.278876  1570  3264 I wm_create_activity: [0,263700561,245,com.android.chrome/com.google.android.apps.chrome.Main,android.intent.action.MAIN,NULL,NULL,270532608]
06-13 11:46:46.279887  1570  3264 I wm_task_moved: [245,245,0,1,3]
06-13 11:46:46.282449  1570  3264 I wm_pause_activity: [0,218785380,com.android.chrome/org.chromium.chrome.browser.firstrun.FirstRunActivity,userLeaving=true,pauseBackTasks]
06-13 11:46:46.326512  1452  1452 I wm_on_top_resumed_lost_called: [218785380,org.chromium.chrome.browser.firstrun.FirstRunActivity,topStateChangedWhenResumed]
06-13 11:46:46.329704  1452  1452 I wm_on_paused_called: [218785380,org.chromium.chrome.browser.firstrun.FirstRunActivity,performPause,3]
06-13 11:46:46.330821  1570  3268 I wm_add_to_stopping: [0,218785380,com.android.chrome/org.chromium.chrome.browser.firstrun.FirstRunActivity,makeInvisible]
06-13 11:46:46.331026  1570  3268 I wm_restart_activity: [0,263700561,245,com.android.chrome/com.google.android.apps.chrome.Main]
06-13 11:46:46.332855  1570  3268 I wm_set_resumed_activity: [0,com.android.chrome/com.google.android.apps.chrome.Main,minimalResumeActivityLocked - onActivityStateChanged]
06-13 11:46:46.334832  1570  1592 I sysui_multi_action: [757,803,799,window_time_0,802,0]
06-13 11:46:46.355476  1570  1596 I input_focus: [Requesting to set focus to null window,reason=UpdateInputWindows]
06-13 11:46:46.365471  1570  1688 I input_focus: [Focus leaving 878edd5 com.android.chrome/org.chromium.chrome.browser.firstrun.FirstRunActivity (server),reason=NO_WINDOW]
06-13 11:46:46.597047  1452  1452 I wm_on_create_called: [263700561,com.google.android.apps.chrome.Main,performCreate,234]
06-13 11:46:46.599531  1452  1452 I wm_on_start_called: [263700561,com.google.android.apps.chrome.Main,handleStartActivity,2]
06-13 11:46:46.605455  1570  6487 I wm_finish_activity: [0,218785380,244,com.android.chrome/org.chromium.chrome.browser.firstrun.FirstRunActivity,app-request]
06-13 11:46:46.610342  1452  1452 I wm_on_resume_called: [263700561,com.google.android.apps.chrome.Main,RESUME_ACTIVITY,10]
06-13 11:46:46.625500  1452  1452 I wm_on_top_resumed_gained_called: [263700561,com.google.android.apps.chrome.Main,topStateChangedWhenResumed]
06-13 11:46:46.651004  1570  1596 I input_focus: [Focus request a4845f9 com.android.chrome/com.google.android.apps.chrome.Main,reason=UpdateInputWindows]
06-13 11:46:46.694732  1570  1592 I wm_activity_launch_time: [0,263700561,com.android.chrome/com.google.android.apps.chrome.Main,426]
06-13 11:46:46.696064  2157  2240 I jank_cuj_events_begin_request: [39,1749804406695948000,810016957551144,123925964723462,]
06-13 11:46:46.716011  1570  1688 I input_focus: [Focus entering a4845f9 com.android.chrome/com.google.android.apps.chrome.Main (server),reason=Window became focusable. Previous reason: NOT_VISIBLE]
06-13 11:46:46.730467  1570  1607 I am_proc_start: [0,1771,10150,com.android.chrome:privileged_process0,service,{com.android.chrome/org.chromium.content.app.PrivilegedProcessService0}]
06-13 11:46:46.753000  1771  1771 I auditd  : type=1400 audit(0.0:14801): avc:  denied  { read } for  comm="main" name="u:object_r:vendor_prize_fp_prop:s0" dev="tmpfs" ino=10654 scontext=u:r:untrusted_app:s0:c150,c256,c512,c768 tcontext=u:object_r:vendor_prize_fp_prop:s0 tclass=file permissive=0 app=com.android.chrome
06-13 11:46:46.791924  1570  1587 I am_proc_bound: [0,1771,com.android.chrome:privileged_process0]
06-13 11:46:46.990177  2157  2240 I jank_cuj_events_end_request: [39,1749804406987652000,810017249254913,123926256427462]
06-13 11:46:47.010888  1570  1595 I wm_destroy_activity: [0,218785380,244,com.android.chrome/org.chromium.chrome.browser.firstrun.FirstRunActivity,finish-imm:transit]
06-13 11:46:47.187304  1570  1688 I input_interaction: Interaction with: 3043d21 NavigationBar0 (server), PointerEventDispatcher0 (server), 
06-13 11:46:47.190930  2157  2157 I sysui_multi_action: [757,931,758,4,759,3,932,0,933,0]
06-13 11:46:47.211606  2157  2157 I sysui_multi_action: [757,931,758,4,759,3,932,0,933,1]
06-13 11:46:47.240999  1570  1593 I wm_task_moved: [1,1,0,1,3]
06-13 11:46:47.241544  1570  1593 I wm_task_moved: [24,1,0,1,2147483647]
06-13 11:46:47.241641  1570  1593 I wm_task_to_front: [0,24,0]
06-13 11:46:47.241917  1570  1593 I wm_focused_root_task: [0,0,1,245,bringingFoundTaskToFront]
06-13 11:46:47.245933  1570  1593 I wm_set_resumed_activity: [0,com.android.launcher3/com.android.searchlauncher.SearchLauncher,bringingFoundTaskToFront]
06-13 11:46:47.246376  1570  1593 I wm_new_intent: [0,29572104,24,com.android.launcher3/com.android.searchlauncher.SearchLauncher,android.intent.action.MAIN,NULL,NULL,268435712]
06-13 11:46:47.247845  1570  1593 I wm_pause_activity: [0,263700561,com.android.chrome/com.google.android.apps.chrome.Main,userLeaving=true,pauseBackTasks]
06-13 11:46:47.256204  1570  1596 I input_focus: [Requesting to set focus to null window,reason=UpdateInputWindows]
06-13 11:46:47.281461  1570  1688 I input_focus: [Focus leaving a4845f9 com.android.chrome/com.google.android.apps.chrome.Main (server),reason=Waiting for window because NO_WINDOW]
06-13 11:46:47.494383  2157  2240 I jank_cuj_events_end_request: [55,1749804407494244000,810017755846913,123926763019463]
06-13 11:46:47.625653  1452  1452 I wm_on_stop_called: [218785380,org.chromium.chrome.browser.firstrun.FirstRunActivity,LIFECYCLER_STOP_ACTIVITY,4]
06-13 11:46:47.632812  1452  1452 I wm_on_destroy_called: [218785380,org.chromium.chrome.browser.firstrun.FirstRunActivity,performDestroy,2]
06-13 11:46:47.654627  1570  2258 I wm_task_removed: [244,244,0,removeChild, last child = ActivityRecord{d0a6664 u0 com.android.chrome/org.chromium.chrome.browser.firstrun.FirstRunActivity t-1 f}} in Task{2d20928 #244 type=standard A=10150:com.android.chrome}]
06-13 11:46:47.666678  1452  1452 I wm_on_top_resumed_lost_called: [263700561,com.google.android.apps.chrome.Main,topStateChangedWhenResumed]
06-13 11:46:47.693744  1452  1452 I wm_on_paused_called: [263700561,com.google.android.apps.chrome.Main,performPause,26]
06-13 11:46:47.696314  1570  2258 I wm_set_resumed_activity: [0,com.android.launcher3/com.android.searchlauncher.SearchLauncher,resumeTopActivity - onActivityStateChanged]
06-13 11:46:47.704248  1570  2258 I wm_add_to_stopping: [0,263700561,com.android.chrome/com.google.android.apps.chrome.Main,makeInvisible]
06-13 11:46:47.705283  1570  2258 I wm_resume_activity: [0,29572104,24,com.android.launcher3/com.android.searchlauncher.SearchLauncher]
06-13 11:46:47.706266  2519  2519 I wm_on_restart_called: [29572104,com.android.searchlauncher.SearchLauncher,performRestart,0]
06-13 11:46:47.706534  1570  1592 I sysui_multi_action: [757,803,799,window_time_0,802,1]
06-13 11:46:47.712534  2519  2519 I wm_on_start_called: [29572104,com.android.searchlauncher.SearchLauncher,handleStartActivity,6]
06-13 11:46:47.714993  2519  2519 I wm_on_resume_called: [29572104,com.android.searchlauncher.SearchLauncher,RESUME_ACTIVITY,0]
06-13 11:46:47.715114  2519  2519 I wm_on_top_resumed_gained_called: [29572104,com.android.searchlauncher.SearchLauncher,topWhenResuming]
06-13 11:46:47.732537  1570  1596 I input_focus: [Focus request 4302b8e com.android.launcher3/com.android.searchlauncher.SearchLauncher,reason=UpdateInputWindows]
06-13 11:46:47.771674  1570  1596 I wm_wallpaper_surface: [0,1,Window{4302b8e u0 com.android.launcher3/com.android.searchlauncher.SearchLauncher}]
06-13 11:46:47.797440  1570  1592 I sysui_multi_action: [319,560,322,538,325,123926,757,761,758,9,759,2,806,com.android.launcher3,871,com.android.searchlauncher.SearchLauncher,905,0,1320,8,1321,5]
06-13 11:46:47.807029   565   565 I auditd  : avc:  denied  { add } for pid=1570 uid=1000 name=vendor.mediatek.hardware.mbrainj.IMBrainJava/default scontext=u:r:system_server:s0 tcontext=u:object_r:default_android_service:s0 tclass=service_manager permissive=0
06-13 11:46:47.829809  2519  3277 I jank_cuj_events_begin_request: [9,1749804407829698000,810018091300144,123927098472693,]
06-13 11:46:47.855925  1570  1688 I input_focus: [Focus entering 4302b8e com.android.launcher3/com.android.searchlauncher.SearchLauncher (server),reason=Window became focusable. Previous reason: NOT_VISIBLE]
06-13 11:46:48.026266  2157  2240 I jank_cuj_events_end_request: [55,1749804408026082000,810018287690297,123927294863155]
06-13 11:46:48.376210  2519  3277 I jank_cuj_events_end_request: [9,1749804408376087000,810018637690605,123927644863463]
06-13 11:46:48.391430  1570  1595 I wm_stop_activity: [0,263700561,com.android.chrome/com.google.android.apps.chrome.Main]
06-13 11:46:48.555546  1452  1452 I wm_on_stop_called: [263700561,com.google.android.apps.chrome.Main,STOP_ACTIVITY_ITEM,31]
06-13 11:46:50.551721  1570  1672 I commit_sys_config_file: [settings-2-0,5]
06-13 11:46:50.737673  1570  1672 I commit_sys_config_file: [settings-0-0,5]
06-13 11:46:51.202625  1570  3268 I am_crash: [1051,0,io.appium.uiautomator2.server,816365126,android.os.DeadObjectException,Error while disconnecting UiAutomation@3cb2511[id=-1, displayId=0, flags=0],BinderProxy.java,-2,0]
06-13 11:46:51.293022  1570  1587 I am_proc_died: [0,1051,io.appium.uiautomator2.server,0,4]
06-13 11:46:51.293700  1570  1587 I am_uid_stopped: 10238
06-13 11:46:54.180472  1570  3268 I am_uid_running: 90001
06-13 11:46:54.197063  1570  1607 I am_proc_start: [0,1888,90001,com.android.chrome:sandboxed_process0:org.chromium.content.app.SandboxedProcessService0:1,,{com.android.chrome/org.chromium.content.app.SandboxedProcessService0:1}]
06-13 11:46:54.201000  1888  1888 I auditd  : type=1400 audit(0.0:14802): avc:  denied  { read } for  comm="d.chrome_zygote" name="u:object_r:vendor_prize_fp_prop:s0" dev="tmpfs" ino=10654 scontext=u:r:isolated_app:s0:c512,c768 tcontext=u:object_r:vendor_prize_fp_prop:s0 tclass=file permissive=0
06-13 11:46:54.220672  1570  3268 I am_proc_bound: [0,1888,com.android.chrome:sandboxed_process0:org.chromium.content.app.SandboxedProcessService0:1]
06-13 11:46:54.289000  1888  1888 I auditd  : type=1400 audit(0.0:14803): avc:  denied  { setattr } for  comm="ThreadPoolForeg" name="model-info.pb" dev="dm-60" ino=20853 scontext=u:r:isolated_app:s0:c512,c768 tcontext=u:object_r:app_data_file:s0:c150,c256,c512,c768 tclass=file permissive=0
06-13 11:46:54.297000  1888  1888 I auditd  : type=1400 audit(0.0:14804): avc:  denied  { setattr } for  comm="ThreadPoolForeg" name="model.tflite" dev="dm-60" ino=27349 scontext=u:r:isolated_app:s0:c512,c768 tcontext=u:object_r:app_data_file:s0:c150,c256,c512,c768 tclass=file permissive=0
06-13 11:46:54.307904  1570  3268 I am_kill : [0,1888,com.android.chrome:sandboxed_process0:org.chromium.content.app.SandboxedProcessService0:1,0,isolated not needed]
06-13 11:46:54.339496  1570  3268 I am_proc_died: [0,1888,com.android.chrome:sandboxed_process0:org.chromium.content.app.SandboxedProcessService0:1,0,10]
06-13 11:46:54.340267  1570  3268 I am_uid_stopped: 90001
06-13 11:46:55.891776  1570  1594 I commit_sys_config_file: [jobs,5]
06-13 11:47:00.294707  1570  1631 I commit_sys_config_file: [package-user-0,24]
06-13 11:47:06.009984  1570  1672 I commit_sys_config_file: [settings-0-0,7]
06-13 11:47:07.275508  1570  1570 I notification_cancel_all: [1000,1570,io.appium.uiautomator2.server,0,0,0,5,NULL]
06-13 11:47:07.309497  1570  1570 I notification_cancel_all: [1000,1570,io.appium.uiautomator2.server.test,0,0,0,5,NULL]
06-13 11:47:07.781000  1978  1978 I auditd  : type=1400 audit(0.0:14805): avc:  denied  { read } for  comm="main" name="u:object_r:build_attestation_prop:s0" dev="tmpfs" ino=46 scontext=u:r:shell:s0 tcontext=u:object_r:build_attestation_prop:s0 tclass=file permissive=0
06-13 11:47:07.781000  1978  1978 I auditd  : type=1400 audit(0.0:14806): avc:  denied  { read } for  comm="main" name="u:object_r:build_attestation_prop:s0" dev="tmpfs" ino=46 scontext=u:r:shell:s0 tcontext=u:object_r:build_attestation_prop:s0 tclass=file permissive=0
06-13 11:47:07.781000  1978  1978 I auditd  : type=1400 audit(0.0:14807): avc:  denied  { read } for  comm="main" name="u:object_r:build_attestation_prop:s0" dev="tmpfs" ino=46 scontext=u:r:shell:s0 tcontext=u:object_r:build_attestation_prop:s0 tclass=file permissive=0
06-13 11:47:07.781000  1978  1978 I auditd  : type=1400 audit(0.0:14808): avc:  denied  { read } for  comm="main" name="u:object_r:system_mtk_app32_boost_prop:s0" dev="tmpfs" ino=10293 scontext=u:r:shell:s0 tcontext=u:object_r:system_mtk_app32_boost_prop:s0 tclass=file permissive=0
06-13 11:47:07.781000  1978  1978 I auditd  : type=1400 audit(0.0:14809): avc:  denied  { read } for  comm="main" name="u:object_r:system_mtk_app32_boost_prop:s0" dev="tmpfs" ino=10293 scontext=u:r:shell:s0 tcontext=u:object_r:system_mtk_app32_boost_prop:s0 tclass=file permissive=0
