06-13 11:47:07.781000  1978  1978 I auditd  : type=1400 audit(0.0:14810): avc:  denied  { read } for  comm="main" name="u:object_r:system_mtk_app32_boost_prop:s0" dev="tmpfs" ino=10293 scontext=u:r:shell:s0 tcontext=u:object_r:system_mtk_app32_boost_prop:s0 tclass=file permissive=0
06-13 11:47:07.814059  1570  3312 I am_uid_running: 10238
06-13 11:47:07.832878  1570  1607 I am_proc_start: [0,1993,10238,io.appium.uiautomator2.server,added application,io.appium.uiautomator2.server]
06-13 11:47:07.896686  1570  3312 I am_proc_bound: [0,1993,io.appium.uiautomator2.server]
06-13 11:47:07.898648  1570  3312 I am_uid_active: 10238
06-13 11:47:09.287340  1570  1605 I am_pss  : [1452,10150,com.android.chrome,149595136,114921472,722944,323489792,0,15,24]
06-13 11:47:09.301000  1993  1993 I auditd  : type=1400 audit(0.0:14812): avc:  denied  { read } for  comm="Thread-5" name="somaxconn" dev="proc" ino=3031245 scontext=u:r:untrusted_app:s0:c238,c256,c512,c768 tcontext=u:object_r:proc_net:s0 tclass=file permissive=0 app=io.appium.uiautomator2.server
06-13 11:47:09.414857  1570  1672 I commit_sys_config_file: [settings-2-0,7]
06-13 11:47:11.224337  1570  1628 I sysui_multi_action: [757,1696,758,6,759,2]
06-13 11:47:11.247096  1570  1628 I sysui_multi_action: [757,1696,758,6,759,3]
06-13 11:47:11.592906  2157  2240 I jank_cuj_events_end_request: [55,1749804431592740000,810041854343837,123950861516618]
06-13 11:47:11.694079  1570  1688 I input_interaction: Interaction with: 4302b8e com.android.launcher3/com.android.searchlauncher.SearchLauncher (server), ddf2ebc com.android.systemui.wallpapers.ImageWallpaper (server), PointerEventDispatcher0 (server), 
06-13 11:47:11.694961  2519  3277 I jank_cuj_events_begin_request: [25,1749804431694821000,810041956423837,123950963596618,]
06-13 11:47:11.695576  2519  3277 I jank_cuj_events_begin_request: [67,1749804431694910000,810041956509376,123950963681849,]
06-13 11:47:11.784629  2519  3277 I jank_cuj_events_cancel_request: [25,1749804431784356000,810042045961068,123951053133541]
06-13 11:47:11.784711  2519  3277 I jank_cuj_events_cancel_request: [67,1749804431784419000,810042046019145,123951053191464]
06-13 11:47:12.093294  1570  6487 I wm_destroy_activity: [0,263700561,245,com.android.chrome/com.google.android.apps.chrome.Main,finish-imm:recent-task-trimmed]
06-13 11:47:12.100003  1570  1592 I sysui_multi_action: [757,803,799,window_time_0,802,25]
06-13 11:47:12.103082  1570  1595 I am_kill : [0,31661,com.google.android.apps.wellbeing,955,empty #11]
06-13 11:47:12.104819  1570  1595 I am_kill : [0,1771,com.android.chrome:privileged_process0,925,remove task]
06-13 11:47:12.105645  1570  1595 I am_kill : [0,1723,com.android.chrome:sandboxed_process0:org.chromium.content.app.SandboxedProcessService0:0,915,remove task]
06-13 11:47:12.106270  1570  1595 I am_kill : [0,1452,com.android.chrome,900,remove task]
06-13 11:47:12.117509  1570  1605 I am_pss  : [1771,10150,com.android.chrome:privileged_process0,13922304,13922304,0,13922304,0,19,1]
06-13 11:47:12.167573  1570  1688 I input_interaction: Interaction with: 3043d21 NavigationBar0 (server), PointerEventDispatcher0 (server), 
06-13 11:47:12.189428  1570  3269 I am_proc_died: [0,31661,com.google.android.apps.wellbeing,955,19]
06-13 11:47:12.190368  1570  3269 I am_uid_stopped: 10124
06-13 11:47:12.192189  2157  2157 I sysui_multi_action: [757,931,758,4,759,3,932,0,933,0]
06-13 11:47:12.201051  1570  6445 I am_proc_died: [0,1723,com.android.chrome:sandboxed_process0:org.chromium.content.app.SandboxedProcessService0:0,915,19]
06-13 11:47:12.202515  1570  6445 I am_schedule_service_restart: [0,com.android.chrome/org.chromium.content.app.SandboxedProcessService0:0,1000]
06-13 11:47:12.203627  1570  6445 I am_uid_stopped: 90000
06-13 11:47:12.226881  1570  1587 I am_proc_died: [0,1771,com.android.chrome:privileged_process0,925,19]
06-13 11:47:12.228837  1570  1587 I am_schedule_service_restart: [0,com.android.chrome/org.chromium.content.app.PrivilegedProcessService0,10973]
06-13 11:47:12.250911  2157  2157 I sysui_multi_action: [757,931,758,4,759,3,932,0,933,1]
06-13 11:47:12.281379  1570  1593 I wm_new_intent: [0,29572104,24,com.android.launcher3/com.android.searchlauncher.SearchLauncher,android.intent.action.MAIN,NULL,NULL,268435712]
06-13 11:47:12.281855  1570  1593 I wm_task_moved: [1,1,0,1,2]
06-13 11:47:12.283002  1570  1593 I wm_set_keyguard_occluded: [0,0,0,setOccluded]
06-13 11:47:12.286045  2157  2157 I sysui_keyguard: [0,0]
06-13 11:47:12.286231  2157  2240 I jank_cuj_events_cancel_request: [23,1749804432286062000,810042547665068,123951554837541]
06-13 11:47:12.288966  2519  2519 I wm_on_top_resumed_lost_called: [29572104,com.android.searchlauncher.SearchLauncher,pausing]
06-13 11:47:12.289876  2519  2519 I wm_on_paused_called: [29572104,com.android.searchlauncher.SearchLauncher,performPause,1]
06-13 11:47:12.291194  1570  1587 I am_proc_died: [0,1452,com.android.chrome,900,18]
06-13 11:47:12.291359  2519  2519 I wm_on_resume_called: [29572104,com.android.searchlauncher.SearchLauncher,LIFECYCLER_RESUME_ACTIVITY,1]
06-13 11:47:12.291492  2519  2519 I wm_on_top_resumed_gained_called: [29572104,com.android.searchlauncher.SearchLauncher,topWhenResuming]
06-13 11:47:12.328943  1570  1587 I am_uid_stopped: 10150
06-13 11:47:12.339629  1570  1587 I wm_task_removed: [245,245,0,removeChild, last child = ActivityRecord{fb7c051 u0 com.android.chrome/com.google.android.apps.chrome.Main t-1 f}} in Task{d7bc0b6 #245 type=standard A=10150:com.android.chrome}]
06-13 11:47:12.540794  2157  2240 I jank_cuj_events_end_request: [55,1749804432540631000,810042802234607,123951809407156]
06-13 11:47:12.905676  1570  1672 I commit_sys_config_file: [settings-1-0,8]
06-13 11:47:14.869422  1570 30583 I commit_sys_config_file: [appops_accesses,123817093]
06-13 11:47:17.340665  1570  1631 I commit_sys_config_file: [package-user-0,26]
06-13 11:47:25.685436  1570  1672 I commit_sys_config_file: [settings-2-0,6]
06-13 11:47:25.959736  1570  1672 I commit_sys_config_file: [settings-0-0,7]
06-13 11:47:26.256417  1570  2257 I am_crash: [1993,0,io.appium.uiautomator2.server,816365126,android.os.DeadObjectException,Error while disconnecting UiAutomation@a8ebfab[id=-1, displayId=0, flags=0],BinderProxy.java,-2,0]
06-13 11:47:26.318278  1570  3268 I am_proc_died: [0,1993,io.appium.uiautomator2.server,0,4]
06-13 11:47:26.318703  1570  3268 I am_uid_stopped: 10238
06-13 11:47:27.069859  1570  1672 I commit_sys_config_file: [settings-1-0,6]
06-13 11:47:27.873525  1570  1672 I commit_sys_config_file: [settings-1-0,6]
06-13 11:47:36.273842  1570  1628 I sysui_multi_action: [757,1696,758,6,759,2]
06-13 11:47:41.271895  1570  1672 I commit_sys_config_file: [settings-1-0,5]
06-13 11:47:42.272167  1570  1628 I power_sleep_requested: 0
06-13 11:47:42.368700  1570  1628 I sysui_multi_action: [757,1696,758,6,759,0]
06-13 11:47:42.500673  2519  2519 I wm_on_top_resumed_lost_called: [29572104,com.android.searchlauncher.SearchLauncher,topStateChangedWhenResumed]
06-13 11:47:42.500828  1570  1628 I wm_pause_activity: [0,29572104,com.android.launcher3/com.android.searchlauncher.SearchLauncher,userLeaving=false,sleep]
06-13 11:47:42.518601  2519  2519 I wm_on_paused_called: [29572104,com.android.searchlauncher.SearchLauncher,performPause,3]
06-13 11:47:42.519373  1570  6502 I wm_add_to_stopping: [0,29572104,com.android.launcher3/com.android.searchlauncher.SearchLauncher,completePauseLocked]
06-13 11:47:42.523186  1570  6502 I wm_wallpaper_surface: [0,0,Window{4302b8e u0 com.android.launcher3/com.android.searchlauncher.SearchLauncher}]
06-13 11:47:42.524485  1570  1592 I sysui_multi_action: [757,803,799,window_time_0,802,30]
06-13 11:47:42.528270  1570  1595 I wm_stop_activity: [0,29572104,com.android.launcher3/com.android.searchlauncher.SearchLauncher]
06-13 11:47:42.530967  1570  1596 I input_focus: [Requesting to set focus to null window,reason=UpdateInputWindows]
06-13 11:47:42.543672  1570  1605 I commit_sys_config_file: [display-state,123121744]
06-13 11:47:42.572600  2519  2519 I wm_on_stop_called: [29572104,com.android.searchlauncher.SearchLauncher,STOP_ACTIVITY_ITEM,8]
06-13 11:47:42.590986  2157  2240 I jank_cuj_events_end_request: [55,1749804462590784000,810072852387839,123981859560620]
06-13 11:47:42.870436  1570  1688 I input_focus: [Focus leaving 4302b8e com.android.launcher3/com.android.searchlauncher.SearchLauncher (server),reason=NO_WINDOW]
06-13 11:47:42.870820  1570  1570 I screen_toggled: 0
06-13 11:47:42.870893  1570  1570 I sysui_multi_action: [757,804,799,screen_timeout,801,30,802,1]
06-13 11:47:42.887072  1570  1570 I sysui_multi_action: [757,1594,758,4,759,-2147483648,1359,90853]
06-13 11:47:42.887176  1570  1570 I sysui_multi_action: [757,198,758,2,759,3,1359,602,1695,2]
06-13 11:47:42.887202  1570  1570 I power_screen_state: [0,3,0,0,602]
06-13 11:47:42.887264  1570  1570 I power_screen_broadcast_send: 1
06-13 11:47:42.921159  1570  1570 I battery_saving_stats: [0,1,0,93638,0,0,21533959,-324060,-11]
06-13 11:47:43.004059  1570  1592 I power_screen_broadcast_done: [0,116,1]
06-13 11:47:43.180090  2157  2240 I jank_cuj_events_end_request: [55,1749804463179776000,810073441378916,123982448551389]
06-13 11:47:47.296769  1570  6701 I wm_set_keyguard_shown: [0,1,0,0,0,setKeyguardShown]
06-13 11:47:47.343696  2157  2157 I sysui_multi_action: [757,111,758,1]
06-13 11:47:47.344603  2157  2157 I sysui_multi_action: [757,126,758,1,759,126,927,0,928,1,1593,0]
06-13 11:47:47.344824  2157  2157 I sysui_multi_action: [757,115,758,1,759,115,927,1,928,0,1593,0]
06-13 11:47:47.345013  2157  2157 I sysui_multi_action: [757,113,758,1,759,113,927,2,928,0,1593,0]
06-13 11:47:47.345197  2157  2157 I sysui_multi_action: [757,120,758,1,759,120,927,3,928,0,1593,0]
06-13 11:47:47.345405  2157  2157 I sysui_multi_action: [757,119,758,1,759,119,927,4,928,0,1593,0]
06-13 11:47:47.345581  2157  2157 I sysui_multi_action: [757,0,758,1,759,0,927,5,1593,0]
06-13 11:47:47.345777  2157  2157 I sysui_multi_action: [757,112,758,1,759,112,927,6,928,0,1593,0]
06-13 11:47:47.345963  2157  2157 I sysui_multi_action: [757,122,758,1,759,122,927,7,928,1,1593,0]
06-13 11:47:47.375289  2157  2157 I sysui_multi_action: [757,196,758,1,759,0]
06-13 11:47:47.375469  2157  2157 I sysui_status_bar_state: [1,1,0,0,0,1]
06-13 11:47:47.429189  1570  1595 I user_activity_timeout_override: 10000
06-13 11:47:47.439724  1570  1596 I input_focus: [Focus request da3cefa NotificationShade,reason=UpdateInputWindows]
06-13 11:47:47.530862  1570  1596 I wm_wallpaper_surface: [0,1,Window{da3cefa u0 NotificationShade}]
06-13 11:47:47.539081  1570  1688 I input_focus: [Focus entering da3cefa NotificationShade (server),reason=Window became focusable. Previous reason: NOT_VISIBLE]
06-13 11:47:47.549153  1570  1606 I am_wtf  : [0,1570,system_server,-1,ActivityManager,Sending non-protected broadcast owner_info_changed_from_settings from system 2157:com.android.systemui/u0a173 pkg com.android.systemui]
06-13 11:47:47.567733  1570  1606 I am_wtf  : [0,1570,system_server,-1,ActivityManager,Sending non-protected broadcast PRI_ACTION_DYNAMIC_ISLAND_FULL_SCREEN from system 2157:com.android.systemui/u0a173 pkg com.android.systemui]
06-13 11:47:47.583656  2157  2240 I jank_cuj_events_end_request: [17,1749804467583377000,810077844980455,123986852153235]
06-13 11:47:47.772357  1570  1672 I commit_sys_config_file: [settings-1-0,6]
06-13 11:47:48.394279  1570  1606 I am_uid_idle: 10189
06-13 11:47:48.394665  1570  1606 I am_uid_idle: 10125
06-13 11:48:32.033982  1570  1672 I commit_sys_config_file: [settings-0-0,7]
06-13 11:48:33.376082  1570  1570 I notification_cancel_all: [1000,1570,io.appium.uiautomator2.server,0,0,0,5,NULL]
06-13 11:48:33.402938  1570  1570 I notification_cancel_all: [1000,1570,io.appium.uiautomator2.server.test,0,0,0,5,NULL]
06-13 11:48:33.825000  2269  2269 I auditd  : type=1400 audit(0.0:14813): avc:  denied  { read } for  comm="main" name="u:object_r:build_attestation_prop:s0" dev="tmpfs" ino=46 scontext=u:r:shell:s0 tcontext=u:object_r:build_attestation_prop:s0 tclass=file permissive=0
06-13 11:48:33.829000  2269  2269 I auditd  : type=1400 audit(0.0:14814): avc:  denied  { read } for  comm="main" name="u:object_r:build_attestation_prop:s0" dev="tmpfs" ino=46 scontext=u:r:shell:s0 tcontext=u:object_r:build_attestation_prop:s0 tclass=file permissive=0
06-13 11:48:33.829000  2269  2269 I auditd  : type=1400 audit(0.0:14815): avc:  denied  { read } for  comm="main" name="u:object_r:build_attestation_prop:s0" dev="tmpfs" ino=46 scontext=u:r:shell:s0 tcontext=u:object_r:build_attestation_prop:s0 tclass=file permissive=0
06-13 11:48:33.829000  2269  2269 I auditd  : type=1400 audit(0.0:14816): avc:  denied  { read } for  comm="main" name="u:object_r:system_mtk_app32_boost_prop:s0" dev="tmpfs" ino=10293 scontext=u:r:shell:s0 tcontext=u:object_r:system_mtk_app32_boost_prop:s0 tclass=file permissive=0
06-13 11:48:33.829000  2269  2269 I auditd  : type=1400 audit(0.0:14817): avc:  denied  { read } for  comm="main" name="u:object_r:system_mtk_app32_boost_prop:s0" dev="tmpfs" ino=10293 scontext=u:r:shell:s0 tcontext=u:object_r:system_mtk_app32_boost_prop:s0 tclass=file permissive=0
06-13 11:48:33.829000  2269  2269 I auditd  : type=1400 audit(0.0:14818): avc:  denied  { read } for  comm="main" name="u:object_r:system_mtk_app32_boost_prop:s0" dev="tmpfs" ino=10293 scontext=u:r:shell:s0 tcontext=u:object_r:system_mtk_app32_boost_prop:s0 tclass=file permissive=0
06-13 11:48:33.859152  1570  6697 I am_uid_running: 10238
06-13 11:48:33.879675  1570  1607 I am_proc_start: [0,2291,10238,io.appium.uiautomator2.server,added application,io.appium.uiautomator2.server]
06-13 11:48:33.889000  2291  2291 I auditd  : type=1400 audit(0.0:14819): avc:  denied  { read } for  comm="main" name="u:object_r:vendor_prize_fp_prop:s0" dev="tmpfs" ino=10654 scontext=u:r:untrusted_app:s0:c238,c256,c512,c768 tcontext=u:object_r:vendor_prize_fp_prop:s0 tclass=file permissive=0 app=io.appium.uiautomator2.server
06-13 11:48:33.941960  1570  6697 I am_proc_bound: [0,2291,io.appium.uiautomator2.server]
06-13 11:48:33.947666  1570  6697 I am_uid_active: 10238
06-13 11:48:35.297770  1570  1628 I sysui_multi_action: [757,1696,758,6,759,3]
06-13 11:48:35.340145  1570  1570 I screen_toggled: 1
06-13 11:48:35.349046  1570  1570 I power_screen_broadcast_send: 1
06-13 11:48:35.403294  1570  6701 I sysui_multi_action: [757,127,758,1]
06-13 11:48:35.403352  1570  6701 I sysui_multi_action: [757,804,799,note_load,801,9,802,1]
06-13 11:48:35.403530  1570  6701 I notification_panel_revealed: 9
06-13 11:48:35.407658  1570  6710 I sysui_multi_action: [757,128,758,1,793,4534852,794,0,795,4534852,796,26,798,0,806,android,857,DEVELOPER_IMPORTANT,858,4,946,ranker_group,947,0,1395,9,1500,144167,1688,1]
06-13 11:48:35.408518  1570  1606 I am_wtf  : [0,1570,system_server,-1,AlarmManager,Attempt to decrement existing alarm count 0 by 1 for uid 1000]
06-13 11:48:35.409145  1570  6710 I sysui_multi_action: [757,1501,758,1,793,4534852,794,0,795,4534852,796,26,806,android,857,DEVELOPER_IMPORTANT,858,4,946,ranker_group,947,0,1500,0,1688,1]
06-13 11:48:35.409290  1570  6710 I sysui_multi_action: [757,804,799,note_interruptive,801,0,802,1]
06-13 11:48:35.409403  1570  6710 I sysui_multi_action: [757,804,799,note_freshness,801,4534852,802,1]
06-13 11:48:35.409470  1570  6710 I notification_visibility: [-1|android|26|null|1000,1,4534852,4534852,0,0]
06-13 11:48:35.410081  1570  6710 I sysui_multi_action: [757,128,758,1,793,182770500,794,0,795,66683730,796,432797459,797,FIND_MY_DEVICE_MAINTENANCE,798,2,806,com.google.android.gms,857,finder-configuration,858,3,946,com.google.android.apps.adm,947,0,1395,9,1500,66683730,1688,1,1745,2098068913]
06-13 11:48:35.410207  1570  6710 I sysui_multi_action: [757,804,799,note_freshness,801,66683730,802,1]
06-13 11:48:35.410278  1570  6710 I notification_visibility: [0|com.google.android.gms|432797459|FIND_MY_DEVICE_MAINTENANCE|10122,1,182770500,66683730,0,2]
06-13 11:48:35.410886  1570  6710 I sysui_multi_action: [757,128,758,1,793,809996515,794,0,795,809996515,796,2345,797,ChFBbmRyb2lkTG9ja1NjcmVlbhIRTm9TY3JlZW5Mb2NrSXNzdWUYAA==,798,4,806,android,857,safety_center_recommendation,858,3,946,ranker_group,947,0,1395,9,1500,144169,1688,1]
06-13 11:48:35.411420  1570  6710 I sysui_multi_action: [757,1501,758,1,793,809996515,794,0,795,809996515,796,2345,797,ChFBbmRyb2lkTG9ja1NjcmVlbhIRTm9TY3JlZW5Mb2NrSXNzdWUYAA==,806,android,857,safety_center_recommendation,858,3,946,ranker_group,947,0,1500,0,1688,1]
06-13 11:48:35.411603  1570  6710 I sysui_multi_action: [757,804,799,note_interruptive,801,0,802,1]
06-13 11:48:35.411709  1570  6710 I sysui_multi_action: [757,804,799,note_freshness,801,809996515,802,1]
06-13 11:48:35.411775  1570  6710 I notification_visibility: [0|android|2345|ChFBbmRyb2lkTG9ja1NjcmVlbhIRTm9TY3JlZW5Mb2NrSXNzdWUYAA==|1000,1,809996515,809996515,0,4]
06-13 11:48:35.412396  1570  6710 I sysui_multi_action: [757,128,758,1,793,267499404,794,0,795,267499404,796,1,798,3,806,io.appium.settings,857,main_channel,858,3,947,0,1395,9,1500,144171,1688,1,1745,2098068913]
06-13 11:48:35.412578  1570  6710 I sysui_multi_action: [757,1501,758,1,793,267499404,794,0,795,267499404,796,1,806,io.appium.settings,857,main_channel,858,3,947,0,1500,0,1688,1,1745,2098068913]
06-13 11:48:35.412701  1570  6710 I sysui_multi_action: [757,804,799,note_interruptive,801,0,802,1]
06-13 11:48:35.412788  1570  6710 I sysui_multi_action: [757,804,799,note_freshness,801,267499404,802,1]
06-13 11:48:35.412852  1570  6710 I notification_visibility: [0|io.appium.settings|1|null|10236,1,267499404,267499404,0,3]
06-13 11:48:35.413365  1570  6710 I sysui_multi_action: [757,128,758,1,793,182769063,794,0,795,182769063,796,1000,797,a:GMSCORE_STORE_RENDERER:76ec0ebef9ca0000:118294158484301457932,798,1,806,com.google.android.gms,857,com.google.android.gms.noti-103635b6,858,4,947,0,1395,9,1500,144172,1688,1,1745,2098068913]
06-13 11:48:35.426204  1570  6710 I sysui_multi_action: [757,1501,758,1,793,182769076,794,13,795,182769076,796,1000,797,a:GMSCORE_STORE_RENDERER:76ec0ebef9ca0000:118294158484301457932,806,com.google.android.gms,857,com.google.android.gms.noti-103635b6,858,4,947,0,1500,0,1688,1,1745,2098068913]
06-13 11:48:35.426248  1570  6710 I sysui_multi_action: [757,804,799,note_interruptive,801,0,802,1]
06-13 11:48:35.426322  1570  6710 I sysui_multi_action: [757,804,799,note_freshness,801,182769063,802,1]
06-13 11:48:35.426343  1570  6710 I notification_visibility: [0|com.google.android.gms|1000|a:GMSCORE_STORE_RENDERER:76ec0ebef9ca0000:118294158484301457932|10122,1,182769063,182769063,0,1]
06-13 11:48:35.428232  1570  1570 I battery_saving_stats: [0,0,0,52507,0,0,88533848,-2474640,-84]
06-13 11:48:35.435860  1570  1672 I commit_sys_config_file: [settings-2-0,4]
06-13 11:48:35.447664  1570  1606 I am_wtf  : [0,1570,system_server,-1,ActivityManager,Sending non-protected broadcast owner_info_changed_from_settings from system 2157:com.android.systemui/u0a173 pkg com.android.systemui]
06-13 11:48:35.492315  1570  1592 I power_screen_broadcast_done: [1,144,1]
06-13 11:48:35.711645  1570  1672 I commit_sys_config_file: [settings-1-0,7]
06-13 11:48:35.788489  1570  1628 I sysui_latency: [5,513]
06-13 11:48:35.789587  1570  1570 I sysui_multi_action: [757,198,758,1,759,1,1359,524,1694,6]
06-13 11:48:35.789666  1570  1570 I power_screen_state: [1,0,0,0,524]
06-13 11:48:35.798233  1570  1605 I commit_sys_config_file: [display-state,123174998]
06-13 11:48:35.804493  1570  1606 I am_wtf  : [0,1570,system_server,-1,ActivityManager,Sending non-protected broadcast owner_info_changed_from_settings from system 2157:com.android.systemui/u0a173 pkg com.android.systemui]
06-13 11:48:36.341000  2291  2291 I auditd  : type=1400 audit(0.0:14820): avc:  denied  { read } for  comm="Thread-5" name="somaxconn" dev="proc" ino=3031713 scontext=u:r:untrusted_app:s0:c238,c256,c512,c768 tcontext=u:object_r:proc_net:s0 tclass=file permissive=0 app=io.appium.uiautomator2.server
06-13 11:48:37.007659  1570  6487 I sysui_multi_action: [757,804,799,power_consecutive_short_tap_count,801,1,802,1]
06-13 11:48:37.007753  1570  6487 I sysui_multi_action: [757,804,799,power_double_tap_interval,801,145997,802,1]
06-13 11:48:37.007979  1570  6487 I intercept_power: [ACTION_DOWN,0,1]
06-13 11:48:37.010044  1570  6487 I intercept_power: [ACTION_UP,0,0]
06-13 11:48:37.014708  1570  1593 I power_sleep_requested: 1
06-13 11:48:37.072917  1570  1628 I sysui_multi_action: [757,1696,758,6,759,0]
06-13 11:48:37.207723  1570  1570 I screen_toggled: 0
06-13 11:48:37.207897  1570  1570 I sysui_multi_action: [757,804,799,screen_timeout,801,30,802,1]
06-13 11:48:37.215897  1570  1570 I sysui_multi_action: [757,1594,758,4,759,-2147483648,1359,1426]
06-13 11:48:37.216293  1570  1570 I screen_toggled: 1
06-13 11:48:37.216799  2157  2240 I jank_cuj_events_cancel_request: [5,1749804517216735000,810127478336689,124036485509238]
06-13 11:48:37.225941  1570  1570 I sysui_multi_action: [757,198,758,2,759,2,1359,201,1695,6]
06-13 11:48:37.225984  1570  1570 I power_screen_state: [0,2,0,0,201]
06-13 11:48:37.226005  1570  1570 I power_screen_broadcast_send: 1
06-13 11:48:37.232045  1570  6710 I sysui_multi_action: [757,128,758,2,793,4536676,794,1824,795,4536676,796,26,798,0,806,android,857,DEVELOPER_IMPORTANT,858,4,946,ranker_group,947,0,1395,9,1500,1824,1688,1]
06-13 11:48:37.232215  1570  6710 I notification_visibility: [-1|android|26|null|1000,0,4536676,4536676,0,0]
06-13 11:48:37.232643  1570  6710 I sysui_multi_action: [757,128,758,2,793,182772323,794,1823,795,66685553,796,432797459,797,FIND_MY_DEVICE_MAINTENANCE,798,2,806,com.google.android.gms,857,finder-configuration,858,3,946,com.google.android.apps.adm,947,0,1395,9,1500,66685553,1688,1,1745,2098068913]
06-13 11:48:37.232708  1570  6710 I notification_visibility: [0|com.google.android.gms|432797459|FIND_MY_DEVICE_MAINTENANCE|10122,0,182772323,66685553,0,2]
06-13 11:48:37.233017  1570  6710 I sysui_multi_action: [757,128,758,2,793,809998337,794,1822,795,809998337,796,2345,797,ChFBbmRyb2lkTG9ja1NjcmVlbhIRTm9TY3JlZW5Mb2NrSXNzdWUYAA==,798,4,806,android,857,safety_center_recommendation,858,3,946,ranker_group,947,0,1395,9,1500,1822,1688,1]
06-13 11:48:37.233092  1570  6710 I notification_visibility: [0|android|2345|ChFBbmRyb2lkTG9ja1NjcmVlbhIRTm9TY3JlZW5Mb2NrSXNzdWUYAA==|1000,0,809998337,809998337,0,4]
06-13 11:48:37.234248  1570  6710 I sysui_multi_action: [757,128,758,2,793,267501226,794,1822,795,267501226,796,1,798,3,806,io.appium.settings,857,main_channel,858,3,947,0,1395,9,1500,1822,1688,1,1745,2098068913]
06-13 11:48:37.234277  1570  6710 I notification_visibility: [0|io.appium.settings|1|null|10236,0,267501226,267501226,0,3]
06-13 11:48:37.234629  1570  6710 I sysui_multi_action: [757,128,758,2,793,182770884,794,1821,795,182770884,796,1000,797,a:GMSCORE_STORE_RENDERER:76ec0ebef9ca0000:118294158484301457932,798,1,806,com.google.android.gms,857,com.google.android.gms.noti-103635b6,858,4,947,0,1395,9,1500,1808,1688,1,1745,2098068913]
06-13 11:48:37.234682  1570  6710 I notification_visibility: [0|com.google.android.gms|1000|a:GMSCORE_STORE_RENDERER:76ec0ebef9ca0000:118294158484301457932|10122,0,182770884,182770884,0,1]
06-13 11:48:37.235932  1570  6701 I sysui_multi_action: [757,127,758,2]
06-13 11:48:37.236206  1570  6701 I notification_panel_hidden: 
06-13 11:48:37.244536  1570  6701 I sysui_multi_action: [757,127,758,1]
06-13 11:48:37.244661  1570  6701 I sysui_multi_action: [757,804,799,note_load,801,9,802,1]
06-13 11:48:37.244873  1570  6701 I notification_panel_revealed: 9
06-13 11:48:37.245098  1570  1628 I sysui_multi_action: [757,1696,758,6,759,3]
06-13 11:48:37.245986  1570  6701 I sysui_multi_action: [757,128,758,1,793,4536690,794,0,795,4536690,796,26,798,0,806,android,857,DEVELOPER_IMPORTANT,858,4,946,ranker_group,947,0,1395,9,1500,1838,1688,1]
06-13 11:48:37.246141  1570  6701 I sysui_multi_action: [757,1501,758,1,793,4536691,794,1,795,4536691,796,26,806,android,857,DEVELOPER_IMPORTANT,858,4,946,ranker_group,947,0,1500,0,1688,1]
06-13 11:48:37.246199  1570  6701 I sysui_multi_action: [757,804,799,note_interruptive,801,0,802,1]
06-13 11:48:37.246319  1570  6701 I sysui_multi_action: [757,804,799,note_freshness,801,4536690,802,1]
06-13 11:48:37.246372  1570  6701 I notification_visibility: [-1|android|26|null|1000,1,4536690,4536690,0,0]
06-13 11:48:37.247009  1570  6701 I sysui_multi_action: [757,128,758,1,793,182772337,794,0,795,66685567,796,432797459,797,FIND_MY_DEVICE_MAINTENANCE,798,2,806,com.google.android.gms,857,finder-configuration,858,3,946,com.google.android.apps.adm,947,0,1395,9,1500,66685567,1688,1,1745,2098068913]
06-13 11:48:37.247076  1570  6701 I sysui_multi_action: [757,804,799,note_freshness,801,66685567,802,1]
06-13 11:48:37.247098  1570  6701 I notification_visibility: [0|com.google.android.gms|432797459|FIND_MY_DEVICE_MAINTENANCE|10122,1,182772337,66685567,0,2]
06-13 11:48:37.247566  1570  6701 I sysui_multi_action: [757,128,758,1,793,809998352,794,0,795,809998352,796,2345,797,ChFBbmRyb2lkTG9ja1NjcmVlbhIRTm9TY3JlZW5Mb2NrSXNzdWUYAA==,798,4,806,android,857,safety_center_recommendation,858,3,946,ranker_group,947,0,1395,9,1500,1837,1688,1]
06-13 11:48:37.247673  1570  6701 I sysui_multi_action: [757,1501,758,1,793,809998352,794,0,795,809998352,796,2345,797,ChFBbmRyb2lkTG9ja1NjcmVlbhIRTm9TY3JlZW5Mb2NrSXNzdWUYAA==,806,android,857,safety_center_recommendation,858,3,946,ranker_group,947,0,1500,0,1688,1]
06-13 11:48:37.247705  1570  6701 I sysui_multi_action: [757,804,799,note_interruptive,801,0,802,1]
06-13 11:48:37.247740  1570  6701 I sysui_multi_action: [757,804,799,note_freshness,801,809998352,802,1]
06-13 11:48:37.247756  1570  6701 I notification_visibility: [0|android|2345|ChFBbmRyb2lkTG9ja1NjcmVlbhIRTm9TY3JlZW5Mb2NrSXNzdWUYAA==|1000,1,809998352,809998352,0,4]
06-13 11:48:37.248610  1570  6701 I sysui_multi_action: [757,128,758,1,793,267501240,794,0,795,267501240,796,1,798,3,806,io.appium.settings,857,main_channel,858,3,947,0,1395,9,1500,1836,1688,1,1745,2098068913]
06-13 11:48:37.248719  1570  6701 I sysui_multi_action: [757,1501,758,1,793,267501240,794,0,795,267501240,796,1,806,io.appium.settings,857,main_channel,858,3,947,0,1500,0,1688,1,1745,2098068913]
06-13 11:48:37.248767  1570  6701 I sysui_multi_action: [757,804,799,note_interruptive,801,0,802,1]
06-13 11:48:37.248799  1570  6701 I sysui_multi_action: [757,804,799,note_freshness,801,267501240,802,1]
06-13 11:48:37.248815  1570  6701 I notification_visibility: [0|io.appium.settings|1|null|10236,1,267501240,267501240,0,3]
06-13 11:48:37.249199  1570  6701 I sysui_multi_action: [757,128,758,1,793,182770899,794,0,795,182770899,796,1000,797,a:GMSCORE_STORE_RENDERER:76ec0ebef9ca0000:118294158484301457932,798,1,806,com.google.android.gms,857,com.google.android.gms.noti-103635b6,858,4,947,0,1395,9,1500,1823,1688,1,1745,2098068913]
06-13 11:48:37.249369  1570  6701 I sysui_multi_action: [757,1501,758,1,793,182770899,794,0,795,182770899,796,1000,797,a:GMSCORE_STORE_RENDERER:76ec0ebef9ca0000:118294158484301457932,806,com.google.android.gms,857,com.google.android.gms.noti-103635b6,858,4,947,0,1500,0,1688,1,1745,2098068913]
06-13 11:48:37.249405  1570  6701 I sysui_multi_action: [757,804,799,note_interruptive,801,0,802,1]
06-13 11:48:37.249435  1570  6701 I sysui_multi_action: [757,804,799,note_freshness,801,182770899,802,1]
06-13 11:48:37.249463  1570  6701 I notification_visibility: [0|com.google.android.gms|1000|a:GMSCORE_STORE_RENDERER:76ec0ebef9ca0000:118294158484301457932|10122,1,182770899,182770899,0,1]
06-13 11:48:37.303948  1570  1592 I power_screen_broadcast_done: [0,78,1]
06-13 11:48:37.304002  1570  1592 I power_screen_broadcast_send: 1
06-13 11:48:37.308482  2157  2240 I jank_cuj_events_end_request: [55,1749804517308387000,810127569989073,124036577161546]
06-13 11:48:37.317037  1570  1606 I am_wtf  : [0,1570,system_server,-1,ActivityManager,Sending non-protected broadcast owner_info_changed_from_settings from system 2157:com.android.systemui/u0a173 pkg com.android.systemui]
06-13 11:48:37.381210  1570  1592 I power_screen_broadcast_done: [1,77,1]
06-13 11:48:37.394674  2157  2157 I sysui_multi_action: [757,197,758,5,759,0]
06-13 11:48:37.515850  2157  2240 I jank_cuj_events_begin_request: [0,1749804517515740000,810127777341689,124036784514161,Collapse]
06-13 11:48:37.596590  1570  6701 I wm_set_keyguard_shown: [0,1,0,1,0,keyguardGoingAway]
06-13 11:48:37.599152  1570  6701 I wm_set_resumed_activity: [0,com.android.launcher3/com.android.searchlauncher.SearchLauncher,resumeTopActivity - onActivityStateChanged]
06-13 11:48:37.602354  1570  6701 I wm_resume_activity: [0,29572104,24,com.android.launcher3/com.android.searchlauncher.SearchLauncher]
06-13 11:48:37.604762  2519  2519 I wm_on_restart_called: [29572104,com.android.searchlauncher.SearchLauncher,performRestart,0]
06-13 11:48:37.622706  2519  2519 I wm_on_start_called: [29572104,com.android.searchlauncher.SearchLauncher,handleStartActivity,18]
06-13 11:48:37.627361  2519  2519 I wm_on_resume_called: [29572104,com.android.searchlauncher.SearchLauncher,RESUME_ACTIVITY,1]
06-13 11:48:37.627558  2519  2519 I wm_on_top_resumed_gained_called: [29572104,com.android.searchlauncher.SearchLauncher,topWhenResuming]
06-13 11:48:37.735358  2157  2240 I jank_cuj_events_cancel_request: [23,1749804517735188000,810127996790227,124037003962546]
06-13 11:48:37.974547  1570  1628 I sysui_latency: [5,768]
06-13 11:48:37.975779  1570  1570 I sysui_multi_action: [757,198,758,1,759,1,1359,768,1694,6]
06-13 11:48:37.975840  1570  1570 I power_screen_state: [1,0,0,0,768]
06-13 11:48:37.997086  2157  2240 I jank_cuj_events_end_request: [29,1749804517996949000,810128258553073,124037265725546]
06-13 11:48:38.001825  2157  2240 I jank_cuj_events_end_request: [0,1749804518001734000,810128263336458,124037270509008]
06-13 11:48:38.014784  2157  2240 I jank_cuj_events_begin_request: [29,1749804518014691000,810128276295150,124037283467777,DismissPanel]
06-13 11:48:38.017741  1570  2256 I sysui_multi_action: [757,128,758,1,793,11141087,794,0,795,11141087,796,0,797,236945047::a:snotification:[0xc535539383038145,stories.f,NOTIFICATION],798,7,806,com.google.android.googlequicksearchbox,857,74,858,2,946,236945047::SUMMARY::chime_d-da7f5346,947,0,1395,9,1500,146266,1688,1,1745,680407814]
06-13 11:48:38.017965  1570  2256 I sysui_multi_action: [757,1501,758,1,793,11141087,794,0,795,11141087,796,0,797,236945047::a:snotification:[0xc535539383038145,stories.f,NOTIFICATION],806,com.google.android.googlequicksearchbox,857,74,858,2,946,236945047::SUMMARY::chime_d-da7f5346,947,0,1500,0,1688,1,1745,680407814]
06-13 11:48:38.018983  1570  2256 I sysui_multi_action: [757,804,799,note_interruptive,801,0,802,1]
06-13 11:48:38.019031  1570  2256 I sysui_multi_action: [757,804,799,note_freshness,801,11141087,802,1]
06-13 11:48:38.019043  1570  2256 I notification_visibility: [0|com.google.android.googlequicksearchbox|0|236945047::a:snotification:[0xc535539383038145,stories.f,NOTIFICATION]|10131,1,11141087,11141087,0,7]
06-13 11:48:38.019385  1570  2256 I sysui_multi_action: [757,128,758,2,793,4537464,794,774,795,4537464,796,26,798,0,806,android,857,DEVELOPER_IMPORTANT,858,4,946,ranker_group,947,0,1395,9,1500,773,1688,1]
06-13 11:48:38.019419  1570  2256 I notification_visibility: [-1|android|26|null|1000,0,4537464,4537464,0,0]
06-13 11:48:38.019608  1570  2256 I sysui_multi_action: [757,128,758,2,793,182773110,794,773,795,66686340,796,432797459,797,FIND_MY_DEVICE_MAINTENANCE,798,2,806,com.google.android.gms,857,finder-configuration,858,3,946,com.google.android.apps.adm,947,0,1395,9,1500,66686340,1688,1,1745,2098068913]
06-13 11:48:38.019637  1570  2256 I notification_visibility: [0|com.google.android.gms|432797459|FIND_MY_DEVICE_MAINTENANCE|10122,0,182773110,66686340,0,2]
06-13 11:48:38.019783  1570  2256 I sysui_multi_action: [757,128,758,2,793,809999124,794,772,795,809999124,796,2345,797,ChFBbmRyb2lkTG9ja1NjcmVlbhIRTm9TY3JlZW5Mb2NrSXNzdWUYAA==,798,4,806,android,857,safety_center_recommendation,858,3,946,ranker_group,947,0,1395,9,1500,772,1688,1]
06-13 11:48:38.019833  1570  2256 I notification_visibility: [0|android|2345|ChFBbmRyb2lkTG9ja1NjcmVlbhIRTm9TY3JlZW5Mb2NrSXNzdWUYAA==|1000,0,809999124,809999124,0,4]
06-13 11:48:38.019955  1570  2256 I sysui_multi_action: [757,128,758,2,793,267502011,794,771,795,267502011,796,1,798,3,806,io.appium.settings,857,main_channel,858,3,947,0,1395,9,1500,771,1688,1,1745,2098068913]
06-13 11:48:38.019984  1570  2256 I notification_visibility: [0|io.appium.settings|1|null|10236,0,267502011,267502011,0,3]
06-13 11:48:38.020107  1570  2256 I sysui_multi_action: [757,128,758,2,793,182771670,794,771,795,182771670,796,1000,797,a:GMSCORE_STORE_RENDERER:76ec0ebef9ca0000:118294158484301457932,798,1,806,com.google.android.gms,857,com.google.android.gms.noti-103635b6,858,4,947,0,1395,9,1500,771,1688,1,1745,2098068913]
06-13 11:48:38.020136  1570  2256 I notification_visibility: [0|com.google.android.gms|1000|a:GMSCORE_STORE_RENDERER:76ec0ebef9ca0000:118294158484301457932|10122,0,182771670,182771670,0,1]
06-13 11:48:38.022329  1570  1585 I wm_set_keyguard_shown: [0,0,0,1,0,setKeyguardShown]
06-13 11:48:38.042344  2157  2157 I sysui_multi_action: [757,111,758,2]
06-13 11:48:38.050227  2157  2157 I sysui_multi_action: [757,196,758,2,759,0]
06-13 11:48:38.050272  2157  2157 I sysui_status_bar_state: [0,0,0,0,0,1]
06-13 11:48:38.057362  1570  2256 I sysui_multi_action: [757,128,758,2,793,11141127,794,40,795,11141127,796,0,797,236945047::a:snotification:[0xc535539383038145,stories.f,NOTIFICATION],798,7,806,com.google.android.googlequicksearchbox,857,74,858,2,946,236945047::SUMMARY::chime_d-da7f5346,947,0,1395,9,1500,40,1688,1,1745,680407814]
06-13 11:48:38.057432  1570  2256 I notification_visibility: [0|com.google.android.googlequicksearchbox|0|236945047::a:snotification:[0xc535539383038145,stories.f,NOTIFICATION]|10131,0,11141127,11141127,0,7]
06-13 11:48:38.058332  1570  2256 I sysui_multi_action: [757,127,758,2]
06-13 11:48:38.058611  1570  2256 I notification_panel_hidden: 
06-13 11:48:38.061568  1570  5474 I wm_set_keyguard_occluded: [0,0,0,setOccluded]
06-13 11:48:38.109126  1570  1595 I user_activity_timeout_override: -1
06-13 11:48:38.116502  1570  1596 I input_focus: [Focus request 4302b8e com.android.launcher3/com.android.searchlauncher.SearchLauncher,reason=UpdateInputWindows]
06-13 11:48:38.130280  1570  1688 I input_focus: [Focus leaving da3cefa NotificationShade (server),reason=NOT_FOCUSABLE]
06-13 11:48:38.130443  1570  1688 I input_focus: [Focus entering 4302b8e com.android.launcher3/com.android.searchlauncher.SearchLauncher (server),reason=setFocusedWindow]
06-13 11:48:38.183511  1570  1606 I am_wtf  : [0,1570,system_server,-1,ActivityManager,Sending non-protected broadcast PRI_ACTION_DYNAMIC_ISLAND_FULL_SCREEN from system 2157:com.android.systemui/u0a173 pkg com.android.systemui]
06-13 11:48:38.188655  2157  2157 I sysui_keyguard: [0,0]
06-13 11:48:38.188743  2157  2240 I jank_cuj_events_cancel_request: [23,1749804518188683000,810128450285304,124037457457623]
06-13 11:48:38.231746  2157  2240 I jank_cuj_events_cancel_request: [69,1749804518230985000,810128492589381,124037499761854]
06-13 11:48:38.232087  2157  2240 I jank_cuj_events_end_request: [69,1749804518231058000,810128492657612,124037499829931]
06-13 11:48:38.232267  2157  2240 I jank_cuj_events_end_request: [17,1749804518232219000,810128493821919,124037500994238]
06-13 11:48:38.393821  1570  1672 I commit_sys_config_file: [settings-1-0,10]
06-13 11:48:39.157761  2157  2240 I jank_cuj_events_end_request: [55,1749804519157520000,810129419121996,124038426294546]
06-13 11:48:39.234153  1570  1688 I input_interaction: Interaction with: 4302b8e com.android.launcher3/com.android.searchlauncher.SearchLauncher (server), ddf2ebc com.android.systemui.wallpapers.ImageWallpaper (server), PointerEventDispatcher0 (server), 
06-13 11:48:39.235313  2519  3277 I jank_cuj_events_begin_request: [25,1749804519235062000,810129496664996,124038503837623,]
06-13 11:48:39.235399  2519  3277 I jank_cuj_events_begin_request: [67,1749804519235199000,810129496799227,124038503971777,]
06-13 11:48:39.323455  2519  3277 I jank_cuj_events_cancel_request: [25,1749804519323302000,810129584905304,124038592077854]
06-13 11:48:39.323539  2519  3277 I jank_cuj_events_cancel_request: [67,1749804519323368000,810129584968381,124038592140700]
06-13 11:48:39.685305  1570  1688 I input_interaction: Interaction with: 3043d21 NavigationBar0 (server), PointerEventDispatcher0 (server), 
06-13 11:48:39.688366  2157  2157 I sysui_multi_action: [757,931,758,4,759,3,932,0,933,0]
06-13 11:48:39.773596  2157  2157 I sysui_multi_action: [757,931,758,4,759,3,932,0,933,1]
06-13 11:48:39.788406  1570  1593 I wm_new_intent: [0,29572104,24,com.android.launcher3/com.android.searchlauncher.SearchLauncher,android.intent.action.MAIN,NULL,NULL,268435712]
06-13 11:48:39.789069  1570  1593 I wm_task_moved: [1,1,0,1,1]
06-13 11:48:39.789422  2519  2519 I wm_on_top_resumed_lost_called: [29572104,com.android.searchlauncher.SearchLauncher,pausing]
06-13 11:48:39.789833  2519  2519 I wm_on_paused_called: [29572104,com.android.searchlauncher.SearchLauncher,performPause,0]
06-13 11:48:39.789958  1570  1593 I wm_set_keyguard_occluded: [0,0,0,setOccluded]
06-13 11:48:39.790579  2157  2157 I sysui_keyguard: [0,0]
06-13 11:48:39.790799  2157  2240 I jank_cuj_events_cancel_request: [23,1749804519790597000,810130052199150,124039059371700]
06-13 11:48:39.790895  2519  2519 I wm_on_resume_called: [29572104,com.android.searchlauncher.SearchLauncher,LIFECYCLER_RESUME_ACTIVITY,0]
06-13 11:48:39.791032  2519  2519 I wm_on_top_resumed_gained_called: [29572104,com.android.searchlauncher.SearchLauncher,topWhenResuming]
06-13 11:48:40.047921  2157  2240 I jank_cuj_events_end_request: [55,1749804520047699000,810130309302535,124039316475162]
06-13 11:48:43.445834  1570  1631 I commit_sys_config_file: [package-user-0,28]
06-13 11:48:59.663962  1570  1672 I commit_sys_config_file: [settings-1-0,6]
06-13 11:48:59.868859  1570  1672 I commit_sys_config_file: [settings-1-0,5]
06-13 11:49:03.782759  1570  1628 I sysui_multi_action: [757,1696,758,6,759,2]
06-13 11:49:04.909572  1570  2064 I netstats_mobile_sample: [0,0,0,0,0,0,0,0,1749804545075]
06-13 11:49:04.912301  1570  2064 I netstats_wifi_sample: [1701793390,67590872,1605533,313159,1690261652,66600860,1468770,301362,1749804545075]
06-13 11:49:30.458493  1570  1672 I commit_sys_config_file: [settings-1-0,6]
06-13 11:49:33.057389  1570  1672 I commit_sys_config_file: [settings-1-0,6]
06-13 11:49:49.706930  1570  1672 I commit_sys_config_file: [settings-0-0,7]
06-13 11:49:50.943506  1570  3268 I power_sleep_requested: 0
06-13 11:49:50.983321  1570  1605 I am_pss  : [2291,10238,io.appium.uiautomator2.server,29785088,21970944,677888,104845312,0,4,13]
06-13 11:49:51.014433  1570  1628 I sysui_multi_action: [757,1696,758,6,759,0]
06-13 11:49:51.155223  1570  1628 I wm_pause_activity: [0,29572104,com.android.launcher3/com.android.searchlauncher.SearchLauncher,userLeaving=false,sleep]
06-13 11:49:51.154598  2519  2519 I wm_on_top_resumed_lost_called: [29572104,com.android.searchlauncher.SearchLauncher,topStateChangedWhenResumed]
06-13 11:49:51.169392  2519  2519 I wm_on_paused_called: [29572104,com.android.searchlauncher.SearchLauncher,performPause,1]
06-13 11:49:51.170532  1570  1585 I wm_add_to_stopping: [0,29572104,com.android.launcher3/com.android.searchlauncher.SearchLauncher,completePauseLocked]
06-13 11:49:51.175726  1570  1592 I sysui_multi_action: [757,803,799,window_time_0,802,129]
06-13 11:49:51.191128  1570  1596 I input_focus: [Requesting to set focus to null window,reason=UpdateInputWindows]
06-13 11:49:51.194811  1570  1595 I wm_stop_activity: [0,29572104,com.android.launcher3/com.android.searchlauncher.SearchLauncher]
06-13 11:49:51.202017  1570  1596 I wm_wallpaper_surface: [0,0,Window{4302b8e u0 com.android.launcher3/com.android.searchlauncher.SearchLauncher}]
06-13 11:49:51.210832  1570  1605 I commit_sys_config_file: [display-state,123250411]
06-13 11:49:51.238608  2519  2519 I wm_on_stop_called: [29572104,com.android.searchlauncher.SearchLauncher,STOP_ACTIVITY_ITEM,10]
06-13 11:49:51.256826  2157  2240 I jank_cuj_events_end_request: [55,1749804591256688000,810201518290308,124110525463089]
06-13 11:49:51.279493  1570  1585 I am_uid_stopped: 10238
06-13 11:49:51.281107  1570  1585 I am_kill : [0,2291,io.appium.uiautomator2.server,0,stop io.appium.uiautomator2.server due to finished inst]
06-13 11:49:51.477881  1570  1672 I commit_sys_config_file: [settings-2-0,6]
06-13 11:49:51.494640  1570  1688 I input_focus: [Focus leaving 4302b8e com.android.launcher3/com.android.searchlauncher.SearchLauncher (server),reason=NO_WINDOW]
06-13 11:49:51.495004  1570  1570 I screen_toggled: 0
06-13 11:49:51.495116  1570  1570 I sysui_multi_action: [757,804,799,screen_timeout,801,30,802,1]
06-13 11:49:51.507582  1570  1570 I sysui_multi_action: [757,1594,758,4,759,-2147483648,1359,73532]
06-13 11:49:51.508070  1570  1570 I sysui_multi_action: [757,198,758,2,759,3,1359,554,1695,2]
06-13 11:49:51.508178  1570  1570 I power_screen_state: [0,3,0,0,554]
06-13 11:49:51.508340  1570  1570 I power_screen_broadcast_send: 1
06-13 11:49:51.558941  1570  1570 I battery_saving_stats: [0,1,0,76131,0,0,21610090,-324060,-11]
06-13 11:49:51.648599  1570  1592 I power_screen_broadcast_done: [0,140,1]
06-13 11:49:51.825226  2157  2240 I jank_cuj_events_end_request: [55,1749804591824923000,810202086526308,124111093698858]
06-13 11:49:52.087291  1570  1570 I notification_cancel_all: [1000,1570,io.appium.uiautomator2.server,0,0,0,5,NULL]
06-13 11:49:52.116168  1570  1570 I notification_cancel_all: [1000,1570,io.appium.uiautomator2.server.test,0,0,0,5,NULL]
06-13 11:49:52.517000  2672  2672 I auditd  : type=1400 audit(0.0:14821): avc:  denied  { read } for  comm="main" name="u:object_r:build_attestation_prop:s0" dev="tmpfs" ino=46 scontext=u:r:shell:s0 tcontext=u:object_r:build_attestation_prop:s0 tclass=file permissive=0
06-13 11:49:52.517000  2672  2672 I auditd  : type=1400 audit(0.0:14822): avc:  denied  { read } for  comm="main" name="u:object_r:build_attestation_prop:s0" dev="tmpfs" ino=46 scontext=u:r:shell:s0 tcontext=u:object_r:build_attestation_prop:s0 tclass=file permissive=0
06-13 11:49:52.517000  2672  2672 I auditd  : type=1400 audit(0.0:14823): avc:  denied  { read } for  comm="main" name="u:object_r:build_attestation_prop:s0" dev="tmpfs" ino=46 scontext=u:r:shell:s0 tcontext=u:object_r:build_attestation_prop:s0 tclass=file permissive=0
06-13 11:49:52.517000  2672  2672 I auditd  : type=1400 audit(0.0:14824): avc:  denied  { read } for  comm="main" name="u:object_r:system_mtk_app32_boost_prop:s0" dev="tmpfs" ino=10293 scontext=u:r:shell:s0 tcontext=u:object_r:system_mtk_app32_boost_prop:s0 tclass=file permissive=0
06-13 11:49:52.517000  2672  2672 I auditd  : type=1400 audit(0.0:14825): avc:  denied  { read } for  comm="main" name="u:object_r:system_mtk_app32_boost_prop:s0" dev="tmpfs" ino=10293 scontext=u:r:shell:s0 tcontext=u:object_r:system_mtk_app32_boost_prop:s0 tclass=file permissive=0
06-13 11:49:52.517000  2672  2672 I auditd  : type=1400 audit(0.0:14826): avc:  denied  { read } for  comm="main" name="u:object_r:system_mtk_app32_boost_prop:s0" dev="tmpfs" ino=10293 scontext=u:r:shell:s0 tcontext=u:object_r:system_mtk_app32_boost_prop:s0 tclass=file permissive=0
06-13 11:49:52.548781  1570  3312 I am_uid_running: 10238
06-13 11:49:52.567618  1570  1607 I am_proc_start: [0,2688,10238,io.appium.uiautomator2.server,added application,io.appium.uiautomator2.server]
06-13 11:49:52.671647  1570  3312 I am_proc_bound: [0,2688,io.appium.uiautomator2.server]
06-13 11:49:52.674190  1570  3312 I am_uid_active: 10238
06-13 11:49:54.029048  1570  1628 I wm_set_resumed_activity: [0,com.android.launcher3/com.android.searchlauncher.SearchLauncher,resumeTopActivity - onActivityStateChanged]
06-13 11:49:54.038519  1570  1628 I wm_resume_activity: [0,29572104,24,com.android.launcher3/com.android.searchlauncher.SearchLauncher]
06-13 11:49:54.040577  2519  2519 I wm_on_restart_called: [29572104,com.android.searchlauncher.SearchLauncher,performRestart,0]
06-13 11:49:54.044283  1570  1570 I screen_toggled: 1
06-13 11:49:54.055482  2519  2519 I wm_on_start_called: [29572104,com.android.searchlauncher.SearchLauncher,handleStartActivity,15]
06-13 11:49:54.059286  2519  2519 I wm_on_resume_called: [29572104,com.android.searchlauncher.SearchLauncher,RESUME_ACTIVITY,0]
06-13 11:49:54.059481  2519  2519 I wm_on_top_resumed_gained_called: [29572104,com.android.searchlauncher.SearchLauncher,topWhenResuming]
06-13 11:49:54.067298  1570  1628 I sysui_multi_action: [757,1696,758,6,759,3]
06-13 11:49:54.072304  1570  1570 I power_screen_broadcast_send: 1
06-13 11:49:54.088175  1570  1596 I input_focus: [Focus request 4302b8e com.android.launcher3/com.android.searchlauncher.SearchLauncher,reason=UpdateInputWindows]
06-13 11:49:54.143328  1570  1596 I wm_wallpaper_surface: [0,1,Window{4302b8e u0 com.android.launcher3/com.android.searchlauncher.SearchLauncher}]
06-13 11:49:54.159349  1570  1570 I battery_saving_stats: [0,0,0,2600,0,0,88536448,-2474640,-84]
06-13 11:49:54.189382  1570  1672 I commit_sys_config_file: [settings-2-0,19]
06-13 11:49:54.254265  1570  1592 I power_screen_broadcast_done: [1,182,1]
06-13 11:49:54.556694  1570  1628 I sysui_latency: [5,545]
06-13 11:49:54.558436  1570  1570 I sysui_multi_action: [757,198,758,1,759,1,1359,569,1694,6]
06-13 11:49:54.558550  1570  1570 I power_screen_state: [1,0,0,0,569]
06-13 11:49:54.566718  1570  1688 I input_focus: [Focus entering 4302b8e com.android.launcher3/com.android.searchlauncher.SearchLauncher (server),reason=Window became focusable. Previous reason: NO_WINDOW]
06-13 11:49:55.149000  2688  2688 I auditd  : type=1400 audit(0.0:14828): avc:  denied  { read } for  comm="Thread-5" name="somaxconn" dev="proc" ino=3031713 scontext=u:r:untrusted_app:s0:c238,c256,c512,c768 tcontext=u:object_r:proc_net:s0 tclass=file permissive=0 app=io.appium.uiautomator2.server
06-13 11:49:57.551722  2157  2240 I jank_cuj_events_end_request: [55,1749804597551575000,810207813178540,124116820350858]
06-13 11:49:57.674875  1570  1688 I input_interaction: Interaction with: 4302b8e com.android.launcher3/com.android.searchlauncher.SearchLauncher (server), ddf2ebc com.android.systemui.wallpapers.ImageWallpaper (server), PointerEventDispatcher0 (server), 
06-13 11:49:57.676066  2519  3277 I jank_cuj_events_begin_request: [25,1749804597675797000,810207937399770,124116944572628,]
06-13 11:49:57.676615  2519  3277 I jank_cuj_events_begin_request: [67,1749804597675885000,810207937504078,124116944676628,]
06-13 11:49:57.766249  2519  3277 I jank_cuj_events_cancel_request: [25,1749804597766081000,810208027684386,124117034856705]
06-13 11:49:57.766321  2519  3277 I jank_cuj_events_cancel_request: [67,1749804597766143000,810208027743155,124117034915474]
06-13 11:49:58.125964  1570  1688 I input_interaction: Interaction with: 3043d21 NavigationBar0 (server), PointerEventDispatcher0 (server), 
06-13 11:49:58.129049  2157  2157 I sysui_multi_action: [757,931,758,4,759,3,932,0,933,0]
06-13 11:49:58.217047  2157  2157 I sysui_multi_action: [757,931,758,4,759,3,932,0,933,1]
06-13 11:49:58.232288  1570  1593 I wm_new_intent: [0,29572104,24,com.android.launcher3/com.android.searchlauncher.SearchLauncher,android.intent.action.MAIN,NULL,NULL,268435712]
06-13 11:49:58.232763  1570  1593 I wm_task_moved: [1,1,0,1,1]
06-13 11:49:58.232986  2519  2519 I wm_on_top_resumed_lost_called: [29572104,com.android.searchlauncher.SearchLauncher,pausing]
06-13 11:49:58.233457  1570  1593 I wm_set_keyguard_occluded: [0,0,0,setOccluded]
06-13 11:49:58.233568  2519  2519 I wm_on_paused_called: [29572104,com.android.searchlauncher.SearchLauncher,performPause,1]
06-13 11:49:58.234959  2519  2519 I wm_on_resume_called: [29572104,com.android.searchlauncher.SearchLauncher,LIFECYCLER_RESUME_ACTIVITY,0]
06-13 11:49:58.234997  2157  2157 I sysui_keyguard: [0,0]
06-13 11:49:58.235125  2519  2519 I wm_on_top_resumed_gained_called: [29572104,com.android.searchlauncher.SearchLauncher,topWhenResuming]
06-13 11:49:58.235134  2157  2240 I jank_cuj_events_cancel_request: [23,1749804598235016000,810208496619540,124117503792089]
06-13 11:49:58.499816  2157  2240 I jank_cuj_events_end_request: [55,1749804598499469000,810208761071463,124117768244012]
06-13 11:49:59.449760  1570  1594 I commit_sys_config_file: [jobs,7]
06-13 11:50:02.146175  1570  1631 I commit_sys_config_file: [package-user-0,21]
06-13 11:50:02.480614  1570  1672 I commit_sys_config_file: [settings-1-0,6]
06-13 11:50:02.879178  1570  1672 I commit_sys_config_file: [settings-1-0,6]
06-13 11:50:03.257966  1570  1605 I commit_sys_config_file: [display-state,123262458]
06-13 11:50:07.466556  1570  1688 I input_interaction: Interaction with: 4302b8e com.android.launcher3/com.android.searchlauncher.SearchLauncher (server), ddf2ebc com.android.systemui.wallpapers.ImageWallpaper (server), PointerEventDispatcher0 (server), 
06-13 11:50:07.468532  2519  3277 I jank_cuj_events_begin_request: [25,1749804607468009000,810217729615232,124126736788398,]
06-13 11:50:07.468582  2519  3277 I jank_cuj_events_begin_request: [67,1749804607468271000,810217729873694,124126737046551,]
06-13 11:50:07.504425  2519  3277 I jank_cuj_events_cancel_request: [67,1749804607504270000,810217765872386,124126773044705]
06-13 11:50:07.644848  2519  3277 I jank_cuj_events_cancel_request: [67,1749804607644688000,810217906291463,124126913464321]
06-13 11:50:07.668026  2519  3277 I jank_cuj_events_cancel_request: [67,1749804607667899000,810217929505694,124126936679090]
06-13 11:50:07.689455  2519  3277 I jank_cuj_events_cancel_request: [67,1749804607689307000,810217950910309,124126958083090]
