06-13 11:50:07.701293  2519  3277 I jank_cuj_events_cancel_request: [67,1749804607701106000,810217962710848,124126969883705]
06-13 11:50:07.724138  2519  3277 I jank_cuj_events_cancel_request: [67,1749804607724004000,810217985608156,124126992781244]
06-13 11:50:07.741221  2519  3277 I jank_cuj_events_end_request: [25,1749804607741049000,810218002653694,124127009826474]
06-13 11:50:07.741326  2519  3277 I jank_cuj_events_cancel_request: [25,1749804607741137000,810218002737079,124127009909628]
06-13 11:50:07.741354  2519  3277 I jank_cuj_events_cancel_request: [67,1749804607741154000,810218002753002,124127009925321]
06-13 11:50:08.070780  1570  1672 I commit_sys_config_file: [settings-1-0,3]
06-13 11:50:08.749206  2519  3277 I jank_cuj_events_begin_request: [25,1749804608748661000,810219010269617,124128017442475,]
06-13 11:50:08.749280  2519  3277 I jank_cuj_events_begin_request: [67,1749804608748861000,810219010462233,124128017634782,]
06-13 11:50:08.756998  2519  3277 I jank_cuj_events_cancel_request: [25,1749804608756809000,810219018412463,124128025584936]
06-13 11:50:08.757104  2519  3277 I jank_cuj_events_cancel_request: [67,1749804608756861000,810219018459848,124128025632321]
06-13 11:50:08.775668  1570  3312 I wm_task_created: 246
06-13 11:50:08.783560  1570  3312 I wm_task_moved: [246,246,0,1,2]
06-13 11:50:08.783605  1570  3312 I wm_task_to_front: [0,246,0]
06-13 11:50:08.784023  1570  3312 I wm_create_task: [0,246,246,0]
06-13 11:50:08.784070  1570  3312 I wm_create_activity: [0,181968960,246,com.google.android.youtube/.app.honeycomb.Shell$HomeActivity,android.intent.action.MAIN,NULL,NULL,270532608]
06-13 11:50:08.784292  1570  3312 I wm_task_moved: [246,246,0,1,2]
06-13 11:50:08.785757  1570  3312 I wm_pause_activity: [0,29572104,com.android.launcher3/com.android.searchlauncher.SearchLauncher,userLeaving=true,pauseBackTasks]
06-13 11:50:08.793668  2519  2519 I wm_on_top_resumed_lost_called: [29572104,com.android.searchlauncher.SearchLauncher,topStateChangedWhenResumed]
06-13 11:50:08.795206  2519  2519 I wm_on_paused_called: [29572104,com.android.searchlauncher.SearchLauncher,performPause,0]
06-13 11:50:08.799440  1570  2255 I wm_add_to_stopping: [0,29572104,com.android.launcher3/com.android.searchlauncher.SearchLauncher,makeInvisible]
06-13 11:50:08.799735  1570  2255 I wm_restart_activity: [0,181968960,246,com.google.android.youtube/.app.honeycomb.Shell$HomeActivity]
06-13 11:50:08.801739  1570  2255 I wm_set_resumed_activity: [0,com.google.android.youtube/.app.honeycomb.Shell$HomeActivity,minimalResumeActivityLocked - onActivityStateChanged]
06-13 11:50:08.803972  1570  1592 I sysui_multi_action: [757,803,799,window_time_0,802,18]
06-13 11:50:08.806308  1570  1595 I am_uid_active: 10148
06-13 11:50:08.807688  1570  1595 I am_uid_active: 10189
06-13 11:50:08.812362  1570  1596 I input_focus: [Requesting to set focus to null window,reason=UpdateInputWindows]
06-13 11:50:08.819675   565   565 I auditd  : avc:  denied  { add } for pid=1570 uid=1000 name=vendor.mediatek.hardware.mbrainj.IMBrainJava/default scontext=u:r:system_server:s0 tcontext=u:object_r:default_android_service:s0 tclass=service_manager permissive=0
06-13 11:50:08.828454   565   565 I auditd  : avc:  denied  { add } for pid=1570 uid=1000 name=vendor.mediatek.hardware.mbrainj.IMBrainJava/default scontext=u:r:system_server:s0 tcontext=u:object_r:default_android_service:s0 tclass=service_manager permissive=0
06-13 11:50:08.828680  1570  1688 I input_focus: [Focus leaving 4302b8e com.android.launcher3/com.android.searchlauncher.SearchLauncher (server),reason=NO_WINDOW]
06-13 11:50:08.849470  1570  1605 I commit_sys_config_file: [display-state,123268049]
06-13 11:50:08.877005  2519  3277 I jank_cuj_events_begin_request: [8,1749804608876832000,810219138436079,124128145609321,]
06-13 11:50:08.908975 31104 31104 I wm_on_create_called: [181968960,com.google.android.youtube.app.honeycomb.Shell$HomeActivity,performCreate,82]
06-13 11:50:08.925823 31104 31104 I wm_on_start_called: [181968960,com.google.android.youtube.app.honeycomb.Shell$HomeActivity,handleStartActivity,10]
06-13 11:50:08.963692 31104 31104 I wm_on_resume_called: [181968960,com.google.android.youtube.app.honeycomb.Shell$HomeActivity,RESUME_ACTIVITY,3]
06-13 11:50:09.004218  1570  1672 I commit_sys_config_file: [settings-1-0,5]
06-13 11:50:09.021329 31104 31104 I wm_on_top_resumed_gained_called: [181968960,com.google.android.youtube.app.honeycomb.Shell$HomeActivity,topStateChangedWhenResumed]
06-13 11:50:09.059316  1570  5474 I am_uid_running: 10124
06-13 11:50:09.080655  1570  1607 I am_proc_start: [0,2786,10124,com.google.android.apps.wellbeing,content provider,{com.google.android.apps.wellbeing/com.google.android.apps.wellbeing.api.impl.WellbeingSettingsProvider}]
06-13 11:50:09.101000  2786  2786 I auditd  : type=1400 audit(0.0:14829): avc:  denied  { read } for  comm="main" name="u:object_r:vendor_prize_fp_prop:s0" dev="tmpfs" ino=10654 scontext=u:r:priv_app:s0:c512,c768 tcontext=u:object_r:vendor_prize_fp_prop:s0 tclass=file permissive=0 app=com.google.android.apps.wellbeing
06-13 11:50:09.127014  1570  5474 I am_proc_bound: [0,2786,com.google.android.apps.wellbeing]
06-13 11:50:09.136915  1570  5474 I am_uid_active: 10124
06-13 11:50:09.192357  1570  1596 I input_focus: [Focus request 35fc164 com.google.android.youtube/com.google.android.youtube.app.honeycomb.Shell$HomeActivity,reason=UpdateInputWindows]
06-13 11:50:09.240022  2519  3277 I jank_cuj_events_end_request: [8,1749804609238886000,810219500493079,124128507665551]
06-13 11:50:09.277018  1570  1592 I sysui_multi_action: [319,87,321,77,322,478,325,124128,757,761,758,8,759,1,806,com.google.android.youtube,871,com.google.android.youtube.app.honeycomb.Shell$HomeActivity,904,com.android.launcher3,905,0,1320,9,1321,5]
06-13 11:50:09.280662  1570  1592 I wm_activity_launch_time: [0,181968960,com.google.android.youtube/.app.honeycomb.Shell$HomeActivity,478]
06-13 11:50:09.282417  1570  1688 I input_focus: [Focus entering 35fc164 com.google.android.youtube/com.google.android.youtube.app.honeycomb.Shell$HomeActivity (server),reason=Window became focusable. Previous reason: NOT_VISIBLE]
06-13 11:50:09.284720  1570  1596 I wm_wallpaper_surface: [0,0,Window{4302b8e u0 com.android.launcher3/com.android.searchlauncher.SearchLauncher}]
06-13 11:50:09.290636  2157  2240 I jank_cuj_events_begin_request: [39,1749804609290150000,810219551754617,124128558927705,]
06-13 11:50:09.405780  1570  5474 I wm_stop_activity: [0,29572104,com.android.launcher3/com.android.searchlauncher.SearchLauncher]
06-13 11:50:09.422602  2519  2519 I wm_on_stop_called: [29572104,com.android.searchlauncher.SearchLauncher,STOP_ACTIVITY_ITEM,10]
06-13 11:50:09.659681  2157  2240 I jank_cuj_events_end_request: [39,1749804609659590000,810219921196463,124128928369244]
06-13 11:50:09.852865  1570  1688 I input_interaction: Interaction with: 35fc164 com.google.android.youtube/com.google.android.youtube.app.honeycomb.Shell$HomeActivity (server), PointerEventDispatcher0 (server), 
06-13 11:50:11.079301  1570  1672 I commit_sys_config_file: [settings-1-0,6]
06-13 11:50:14.085549  1570  1672 I commit_sys_config_file: [settings-1-0,18]
06-13 11:50:19.983347  1570  2064 I netstats_mobile_sample: [0,0,0,0,0,0,0,0,1749804620149]
06-13 11:50:19.986901  1570  2064 I netstats_wifi_sample: [1703829530,67720480,1608100,313760,1692249741,66728517,1470865,301941,1749804620149]
06-13 11:50:23.391421  1570  2064 I netstats_mobile_sample: [0,0,0,0,0,0,0,0,1749804623557]
06-13 11:50:23.394619  1570  2064 I netstats_wifi_sample: [1706873341,67781664,1610608,314193,1695292847,66789701,1473364,302374,1749804623557]
06-13 11:50:37.286519  1570  1605 I am_pss  : [2786,10124,com.google.android.apps.wellbeing,39725056,32444416,912384,131903488,0,19,22]
06-13 11:50:39.618485  1570  2064 I netstats_mobile_sample: [0,0,0,0,0,0,0,0,1749804639784]
06-13 11:50:39.622627  1570  2064 I netstats_wifi_sample: [1708944742,67849045,1612591,314536,1697356788,66856719,1475247,302714,1749804639784]
06-13 11:50:45.057075  1570  2064 I netstats_mobile_sample: [0,0,0,0,0,0,0,0,1749804645223]
06-13 11:50:45.059144  1570  2064 I netstats_wifi_sample: [1711997675,67875098,1615106,314780,1700407843,66882598,1477738,302957,1749804645223]
06-13 11:50:51.564563  1570  1672 I commit_sys_config_file: [settings-2-0,6]
06-13 11:50:51.749833  1570  1672 I commit_sys_config_file: [settings-0-0,8]
06-13 11:50:52.026978  1570  3309 I am_crash: [2688,0,io.appium.uiautomator2.server,816365126,android.os.DeadObjectException,Error while disconnecting UiAutomation@66fe608[id=-1, displayId=0, flags=0],BinderProxy.java,-2,0]
06-13 11:50:52.083824  1570  1585 I am_proc_died: [0,2688,io.appium.uiautomator2.server,0,4]
06-13 11:50:52.084005  1570  1585 I am_uid_stopped: 10238
06-13 11:50:52.413787  1570  2255 I service_manager_stats: [100,103,684505]
06-13 11:50:53.508244  1570  2064 I netstats_mobile_sample: [0,0,0,0,0,0,0,0,1749804653674]
06-13 11:50:53.511676  1570  2064 I netstats_wifi_sample: [1714106005,67936703,1616976,315113,1702512498,66944014,1479554,303288,1749804653674]
06-13 11:50:54.794789  1570  1605 I commit_sys_config_file: [display-state,123313995]
06-13 11:50:56.697000 23215 23215 I auditd  : type=1400 audit(0.0:14830): avc:  denied  { read } for  comm="binder:23215_3" name="u:object_r:system_adbd_prop:s0" dev="tmpfs" ino=10280 scontext=u:r:gmscore_app:s0:c512,c768 tcontext=u:object_r:system_adbd_prop:s0 tclass=file permissive=0 app=com.google.android.gms
06-13 11:50:59.628048  1570  1605 I am_pss  : [2786,10124,com.google.android.apps.wellbeing,39934976,32448512,927744,132251648,0,19,21]
06-13 11:51:02.063082  1570  2064 I netstats_mobile_sample: [0,0,0,0,0,0,0,0,1749804662229]
06-13 11:51:02.069193  1570  2064 I netstats_wifi_sample: [1716389439,67984579,1618861,315345,1704792014,66991890,1481381,303520,1749804662229]
06-13 11:51:14.132215  1570  1672 I commit_sys_config_file: [settings-0-0,13]
06-13 11:51:14.529063  1570  2064 I netstats_mobile_sample: [0,0,0,0,0,0,0,0,1749804674695]
06-13 11:51:14.530530  1570  2064 I netstats_wifi_sample: [1718417948,68060407,1620591,315619,1706814997,67067355,1483043,303791,1749804674695]
06-13 11:51:15.513637  1570  1570 I notification_cancel_all: [1000,1570,io.appium.uiautomator2.server,0,0,0,5,NULL]
06-13 11:51:15.536570  1570  1570 I notification_cancel_all: [1000,1570,io.appium.uiautomator2.server.test,0,0,0,5,NULL]
06-13 11:51:16.041000  3075  3075 I auditd  : type=1400 audit(0.0:14831): avc:  denied  { read } for  comm="main" name="u:object_r:build_attestation_prop:s0" dev="tmpfs" ino=46 scontext=u:r:shell:s0 tcontext=u:object_r:build_attestation_prop:s0 tclass=file permissive=0
06-13 11:51:16.041000  3075  3075 I auditd  : type=1400 audit(0.0:14832): avc:  denied  { read } for  comm="main" name="u:object_r:build_attestation_prop:s0" dev="tmpfs" ino=46 scontext=u:r:shell:s0 tcontext=u:object_r:build_attestation_prop:s0 tclass=file permissive=0
06-13 11:51:16.041000  3075  3075 I auditd  : type=1400 audit(0.0:14833): avc:  denied  { read } for  comm="main" name="u:object_r:build_attestation_prop:s0" dev="tmpfs" ino=46 scontext=u:r:shell:s0 tcontext=u:object_r:build_attestation_prop:s0 tclass=file permissive=0
06-13 11:51:16.041000  3075  3075 I auditd  : type=1400 audit(0.0:14834): avc:  denied  { read } for  comm="main" name="u:object_r:system_mtk_app32_boost_prop:s0" dev="tmpfs" ino=10293 scontext=u:r:shell:s0 tcontext=u:object_r:system_mtk_app32_boost_prop:s0 tclass=file permissive=0
06-13 11:51:16.041000  3075  3075 I auditd  : type=1400 audit(0.0:14835): avc:  denied  { read } for  comm="main" name="u:object_r:system_mtk_app32_boost_prop:s0" dev="tmpfs" ino=10293 scontext=u:r:shell:s0 tcontext=u:object_r:system_mtk_app32_boost_prop:s0 tclass=file permissive=0
06-13 11:51:16.041000  3075  3075 I auditd  : type=1400 audit(0.0:14836): avc:  denied  { read } for  comm="main" name="u:object_r:system_mtk_app32_boost_prop:s0" dev="tmpfs" ino=10293 scontext=u:r:shell:s0 tcontext=u:object_r:system_mtk_app32_boost_prop:s0 tclass=file permissive=0
06-13 11:51:16.070083  3075  3075 I service_manager_slow: [12,activity]
06-13 11:51:16.079359  1570  3312 I am_uid_running: 10238
06-13 11:51:16.091984  1570  1607 I am_proc_start: [0,3090,10238,io.appium.uiautomator2.server,added application,io.appium.uiautomator2.server]
06-13 11:51:16.101000  3090  3090 I auditd  : type=1400 audit(0.0:14837): avc:  denied  { read } for  comm="main" name="u:object_r:vendor_prize_fp_prop:s0" dev="tmpfs" ino=10654 scontext=u:r:untrusted_app:s0:c238,c256,c512,c768 tcontext=u:object_r:vendor_prize_fp_prop:s0 tclass=file permissive=0 app=com.google.android.apps.wellbeing
06-13 11:51:16.157098  1570  3312 I am_proc_bound: [0,3090,io.appium.uiautomator2.server]
06-13 11:51:16.159639  1570  3312 I am_uid_active: 10238
06-13 11:51:16.599552  1570  1606 I am_uid_idle: 10124
06-13 11:51:17.579497  1570  1628 I sysui_multi_action: [757,1696,758,6,759,2]
06-13 11:51:17.593000  3090  3090 I auditd  : type=1400 audit(0.0:14838): avc:  denied  { read } for  comm="Thread-5" name="somaxconn" dev="proc" ino=3055750 scontext=u:r:untrusted_app:s0:c238,c256,c512,c768 tcontext=u:object_r:proc_net:s0 tclass=file permissive=0 app=com.google.android.apps.wellbeing
06-13 11:51:17.706501  1570  1672 I commit_sys_config_file: [settings-2-0,5]
06-13 11:51:19.476586  1570  1688 I input_interaction: Interaction with: 3043d21 NavigationBar0 (server), PointerEventDispatcher0 (server), 
06-13 11:51:19.491717  1570  1628 I sysui_multi_action: [757,1696,758,6,759,3]
06-13 11:51:19.560905  2519  3277 I jank_cuj_events_begin_request: [11,1749804679560098000,810289821702621,124198828875402,]
06-13 11:51:19.582970  1570  1585 I wm_task_moved: [1,1,0,1,2]
06-13 11:51:19.584874 31104 31104 I wm_on_top_resumed_lost_called: [181968960,com.google.android.youtube.app.honeycomb.Shell$HomeActivity,topStateChangedWhenResumed]
06-13 11:51:19.584868  1570  1585 I wm_task_moved: [24,1,0,1,2147483647]
06-13 11:51:19.584932  1570  1585 I wm_task_to_front: [0,24,0]
06-13 11:51:19.585263  1570  1585 I wm_focused_root_task: [0,0,1,-1,startExistingRecents]
06-13 11:51:19.586831  1570  1585 I wm_set_resumed_activity: [0,com.android.launcher3/com.android.searchlauncher.SearchLauncher,resumeTopActivity - onActivityStateChanged]
06-13 11:51:19.589838  1570  1585 I wm_resume_activity: [0,29572104,24,com.android.launcher3/com.android.searchlauncher.SearchLauncher]
06-13 11:51:19.596820  2519  2519 I wm_on_restart_called: [29572104,com.android.searchlauncher.SearchLauncher,performRestart,0]
06-13 11:51:19.606775  2519  2519 I wm_on_start_called: [29572104,com.android.searchlauncher.SearchLauncher,handleStartActivity,10]
06-13 11:51:19.607860  2519  2519 I wm_on_resume_called: [29572104,com.android.searchlauncher.SearchLauncher,RESUME_ACTIVITY,0]
06-13 11:51:19.608356  2519  2519 I wm_on_top_resumed_gained_called: [29572104,com.android.searchlauncher.SearchLauncher,topStateChangedWhenResumed]
06-13 11:51:19.628376  2519  3277 I jank_cuj_events_begin_request: [11,1749804679628083000,810289889685391,124198896857863,]
06-13 11:51:19.628405  2519  3277 I jank_cuj_events_begin_request: [9,1749804679628167000,810289889766006,124198896938479,]
06-13 11:51:19.628421  2519  3277 I jank_cuj_events_begin_request: [66,1749804679628174000,810289889773006,124198896945325,]
06-13 11:51:19.628936  2519  2519 I sysui_latency: [1,-686090923]
06-13 11:51:19.641446   565   565 I auditd  : avc:  denied  { add } for pid=1570 uid=1000 name=vendor.mediatek.hardware.mbrainj.IMBrainJava/default scontext=u:r:system_server:s0 tcontext=u:object_r:default_android_service:s0 tclass=service_manager permissive=0
06-13 11:51:19.646948  1570  1596 I wm_wallpaper_surface: [0,1,Window{4302b8e u0 com.android.launcher3/com.android.searchlauncher.SearchLauncher}]
06-13 11:51:19.660979  1570  1592 I sysui_multi_action: [319,69,322,64,325,124198,757,761,758,9,759,5,806,com.android.launcher3,871,com.android.searchlauncher.SearchLauncher,905,0,1320,8,1321,5]
06-13 11:51:19.696571  1570  3312 I wm_set_resumed_activity: [0,com.android.launcher3/com.android.searchlauncher.SearchLauncher,setFocusedTask-alreadyTop]
06-13 11:51:19.702621  1570  1596 I input_focus: [Focus request recents_animation_input_consumer,reason=UpdateInputWindows]
06-13 11:51:19.726353  1570  1688 I input_focus: [Focus leaving 35fc164 com.google.android.youtube/com.google.android.youtube.app.honeycomb.Shell$HomeActivity (server),reason=setFocusedWindow]
06-13 11:51:19.726541  1570  1688 I input_focus: [Focus entering recents_animation_input_consumer (server),reason=setFocusedWindow]
06-13 11:51:19.798269  1570  1672 I commit_sys_config_file: [settings-1-0,9]
06-13 11:51:19.835516  2157  2240 I jank_cuj_events_end_request: [55,1749804679835297000,810290096900698,124199104073017]
06-13 11:51:19.952698  1570  1592 I sysui_latency: [8,124198914]
06-13 11:51:20.021368  2519  3277 I jank_cuj_events_cancel_request: [11,1749804680021233000,810290282835544,124199290008017]
06-13 11:51:20.021425  2519  3277 I jank_cuj_events_cancel_request: [9,1749804680021389000,810290282988160,124199290160633]
06-13 11:51:20.869330  1570  1672 I commit_sys_config_file: [settings-1-0,4]
06-13 11:51:22.313000   622   622 I auditd  : type=1400 audit(0.0:14839): avc:  denied  { read } for  comm="binder:622_7" name="wakeup126" dev="sysfs" ino=37179 scontext=u:r:system_suspend:s0 tcontext=u:object_r:sysfs:s0 tclass=dir permissive=0
06-13 11:51:22.385000   622   622 I auditd  : type=1400 audit(0.0:14840): avc:  denied  { read } for  comm="binder:622_7" name="wakeup130" dev="sysfs" ino=38008 scontext=u:r:system_suspend:s0 tcontext=u:object_r:sysfs:s0 tclass=dir permissive=0
06-13 11:51:22.401000   622   622 I auditd  : type=1400 audit(0.0:14841): avc:  denied  { read } for  comm="binder:622_7" name="wakeup129" dev="sysfs" ino=37961 scontext=u:r:system_suspend:s0 tcontext=u:object_r:sysfs:s0 tclass=dir permissive=0
06-13 11:51:22.409000   622   622 I auditd  : type=1400 audit(0.0:14842): avc:  denied  { read } for  comm="binder:622_7" name="wakeup147" dev="sysfs" ino=41953 scontext=u:r:system_suspend:s0 tcontext=u:object_r:sysfs:s0 tclass=dir permissive=0
06-13 11:51:22.425000   622   622 I auditd  : type=1400 audit(0.0:14843): avc:  denied  { read } for  comm="binder:622_7" name="wakeup145" dev="sysfs" ino=41915 scontext=u:r:system_suspend:s0 tcontext=u:object_r:sysfs:s0 tclass=dir permissive=0
06-13 11:51:22.473000   622   622 I auditd  : type=1400 audit(0.0:14844): avc:  denied  { read } for  comm="binder:622_7" name="wakeup148" dev="sysfs" ino=42184 scontext=u:r:system_suspend:s0 tcontext=u:object_r:sysfs:s0 tclass=dir permissive=0
06-13 11:51:22.508107  1570  1605 I commit_sys_config_file: [batterystats,7]
06-13 11:51:22.510779  1570  1605 I commit_sys_config_file: [batterystats,2]
06-13 11:51:24.936835  1570  1688 I input_interaction: Interaction with: 4302b8e com.android.launcher3/com.android.searchlauncher.SearchLauncher (server), ddf2ebc com.android.systemui.wallpapers.ImageWallpaper (server), PointerEventDispatcher0 (server), 
06-13 11:51:24.937871  2519  3277 I jank_cuj_events_begin_request: [25,1749804684937713000,810295199314545,124204206486864,]
06-13 11:51:24.938276  2519  3277 I jank_cuj_events_begin_request: [67,1749804684937779000,810295199378622,124204206551094,]
06-13 11:51:24.944772  2519  3277 I jank_cuj_events_cancel_request: [25,1749804684944546000,810295206148083,124204213320402]
06-13 11:51:24.944815  2519  3277 I jank_cuj_events_cancel_request: [67,1749804684944582000,810295206181006,124204213353325]
06-13 11:51:25.253604  2519  3277 I jank_cuj_events_end_request: [11,1749804685253434000,810295515037391,124204522210171]
06-13 11:51:25.253645  2519  3277 I jank_cuj_events_end_request: [9,1749804685253484000,810295515083468,124204522255787]
06-13 11:51:25.253667  2519  3277 I jank_cuj_events_end_request: [66,1749804685253487000,810295515086545,124204522258787]
06-13 11:51:25.255932  1570  6446 I wm_finish_activity: [0,181968960,246,com.google.android.youtube/.app.honeycomb.Shell$HomeActivity,recent-task-trimmed]
06-13 11:51:25.257043  1570  6446 I wm_pause_activity: [0,181968960,com.google.android.youtube/.app.honeycomb.Shell$HomeActivity,userLeaving=false,finish]
06-13 11:51:25.263111  1570  1592 I sysui_multi_action: [757,803,799,window_time_0,802,76]
06-13 11:51:25.265261  1570  1688 I input_focus: [Focus leaving recents_animation_input_consumer (server),reason=NOT_VISIBLE]
06-13 11:51:25.267417 31104 31104 I wm_on_paused_called: [181968960,com.google.android.youtube.app.honeycomb.Shell$HomeActivity,performPause,3]
06-13 11:51:25.294846  1570  1596 I input_focus: [Focus request 4302b8e com.android.launcher3/com.android.searchlauncher.SearchLauncher,reason=UpdateInputWindows]
06-13 11:51:25.297327  1570  3312 I wm_destroy_activity: [0,181968960,246,com.google.android.youtube/.app.honeycomb.Shell$HomeActivity,finish-imm:completePausedLocked]
06-13 11:51:25.301138  1570  1592 I sysui_multi_action: [757,803,799,window_time_0,802,0]
06-13 11:51:25.334974  1570  1688 I input_focus: [Focus entering 4302b8e com.android.launcher3/com.android.searchlauncher.SearchLauncher (server),reason=setFocusedWindow]
06-13 11:51:25.416502 31104 31104 I wm_on_stop_called: [181968960,com.google.android.youtube.app.honeycomb.Shell$HomeActivity,LIFECYCLER_STOP_ACTIVITY,59]
06-13 11:51:25.490334 31104 31104 I wm_on_destroy_called: [181968960,com.google.android.youtube.app.honeycomb.Shell$HomeActivity,performDestroy,48]
06-13 11:51:25.516631  1570  6444 I wm_task_removed: [246,246,0,removeChild, last child = ActivityRecord{ad8a040 u0 com.google.android.youtube/.app.honeycomb.Shell$HomeActivity t-1 f}} in Task{8feb79 #246 type=standard A=10148:com.google.android.youtube}]
06-13 11:51:25.569377  1570  1631 I commit_sys_config_file: [package-user-0,16]
06-13 11:51:25.761649  1570  1688 I input_interaction: Interaction with: 3043d21 NavigationBar0 (server), PointerEventDispatcher0 (server), 
06-13 11:51:25.763501  2157  2157 I sysui_multi_action: [757,931,758,4,759,3,932,0,933,0]
06-13 11:51:25.865780  2157  2157 I sysui_multi_action: [757,931,758,4,759,3,932,0,933,1]
06-13 11:51:25.880157  1570  1593 I wm_new_intent: [0,29572104,24,com.android.launcher3/com.android.searchlauncher.SearchLauncher,android.intent.action.MAIN,NULL,NULL,268435712]
06-13 11:51:25.881611  2519  2519 I wm_on_top_resumed_lost_called: [29572104,com.android.searchlauncher.SearchLauncher,pausing]
06-13 11:51:25.881630  1570  1593 I wm_task_moved: [1,1,0,1,1]
06-13 11:51:25.882113  2519  2519 I wm_on_paused_called: [29572104,com.android.searchlauncher.SearchLauncher,performPause,0]
06-13 11:51:25.882329  2157  2157 I service_manager_stats: [200,190,14123705]
06-13 11:51:25.883126  1570  1593 I wm_set_keyguard_occluded: [0,0,0,setOccluded]
06-13 11:51:25.883456  2519  2519 I wm_on_resume_called: [29572104,com.android.searchlauncher.SearchLauncher,LIFECYCLER_RESUME_ACTIVITY,1]
06-13 11:51:25.883574  2519  2519 I wm_on_top_resumed_gained_called: [29572104,com.android.searchlauncher.SearchLauncher,topWhenResuming]
06-13 11:51:25.920939  2157  2157 I sysui_keyguard: [0,0]
06-13 11:51:25.921085  2157  2240 I jank_cuj_events_cancel_request: [23,1749804685920950000,810296182551237,124205189723479]
06-13 11:51:26.065095  1570  1672 I commit_sys_config_file: [settings-1-0,5]
06-13 11:51:26.167471  2157  2240 I jank_cuj_events_end_request: [55,1749804686167220000,810296428822622,124205435995402]
06-13 11:51:29.876183  1570  1672 I commit_sys_config_file: [settings-1-0,5]
06-13 11:51:30.294816  1570  1688 I input_interaction: Interaction with: 4302b8e com.android.launcher3/com.android.searchlauncher.SearchLauncher (server), ddf2ebc com.android.systemui.wallpapers.ImageWallpaper (server), PointerEventDispatcher0 (server), 
06-13 11:51:30.296991  2519  3277 I jank_cuj_events_begin_request: [25,1749804690296869000,810300558471853,124209565644402,]
06-13 11:51:30.297147  2519  3277 I jank_cuj_events_begin_request: [67,1749804690296972000,810300558572160,124209565744710,]
06-13 11:51:30.303949  2519  3277 I jank_cuj_events_cancel_request: [25,1749804690303464000,810300565065699,124209572237941]
06-13 11:51:30.303980  2519  3277 I jank_cuj_events_cancel_request: [67,1749804690303510000,810300565109007,124209572281326]
06-13 11:51:30.320156  1570  1585 I wm_task_created: 247
06-13 11:51:30.325118  1570  1585 I wm_task_moved: [247,247,0,1,2]
06-13 11:51:30.325174  1570  1585 I wm_task_to_front: [0,247,0]
06-13 11:51:30.325639  1570  1585 I wm_create_task: [0,247,247,0]
06-13 11:51:30.325682  1570  1585 I wm_create_activity: [0,2690509,247,com.google.android.dialer/.extensions.GoogleDialtactsActivity,android.intent.action.MAIN,NULL,NULL,270532608]
06-13 11:51:30.325897  1570  1585 I wm_task_moved: [247,247,0,1,2]
06-13 11:51:30.327772  1570  1585 I wm_pause_activity: [0,29572104,com.android.launcher3/com.android.searchlauncher.SearchLauncher,userLeaving=true,pauseBackTasks]
06-13 11:51:30.333898  2519  2519 I wm_on_top_resumed_lost_called: [29572104,com.android.searchlauncher.SearchLauncher,topStateChangedWhenResumed]
06-13 11:51:30.334984  2519  2519 I wm_on_paused_called: [29572104,com.android.searchlauncher.SearchLauncher,performPause,0]
06-13 11:51:30.337516  1570  6446 I wm_add_to_stopping: [0,29572104,com.android.launcher3/com.android.searchlauncher.SearchLauncher,makeInvisible]
06-13 11:51:30.338270  1570  6446 I wm_restart_activity: [0,2690509,247,com.google.android.dialer/.extensions.GoogleDialtactsActivity]
06-13 11:51:30.342909  1570  6446 I wm_set_resumed_activity: [0,com.google.android.dialer/.extensions.GoogleDialtactsActivity,minimalResumeActivityLocked - onActivityStateChanged]
06-13 11:51:30.349520  1570  1592 I sysui_multi_action: [757,803,799,window_time_0,802,5]
06-13 11:51:30.353567  1570  1595 I am_uid_active: 10118
06-13 11:51:30.355153   565   565 I auditd  : avc:  denied  { add } for pid=1570 uid=1000 name=vendor.mediatek.hardware.mbrainj.IMBrainJava/default scontext=u:r:system_server:s0 tcontext=u:object_r:default_android_service:s0 tclass=service_manager permissive=0
06-13 11:51:30.356792   565   565 I auditd  : avc:  denied  { add } for pid=1570 uid=1000 name=vendor.mediatek.hardware.mbrainj.IMBrainJava/default scontext=u:r:system_server:s0 tcontext=u:object_r:default_android_service:s0 tclass=service_manager permissive=0
06-13 11:51:30.362866  1570  1596 I input_focus: [Requesting to set focus to null window,reason=UpdateInputWindows]
06-13 11:51:30.376899  1570  1688 I input_focus: [Focus leaving 4302b8e com.android.launcher3/com.android.searchlauncher.SearchLauncher (server),reason=NO_WINDOW]
06-13 11:51:30.402288  1570  1605 I am_pss  : [3090,10238,io.appium.uiautomator2.server,44391424,36167680,758784,121262080,0,4,12]
06-13 11:51:30.421388  2519  3277 I jank_cuj_events_begin_request: [8,1749804690421241000,810300682845084,124209690017633,]
06-13 11:51:30.553280 30174 30174 I wm_on_create_called: [2690509,com.google.android.dialer.extensions.GoogleDialtactsActivity,performCreate,138]
06-13 11:51:30.716528  1570  1585 I am_uid_running: 10039
06-13 11:51:30.736401 30174 30174 I wm_on_start_called: [2690509,com.google.android.dialer.extensions.GoogleDialtactsActivity,handleStartActivity,181]
06-13 11:51:30.740612  1570  1607 I am_proc_start: [0,3179,10039,android.process.acore,content provider,{com.android.providers.contacts/com.android.providers.contacts.VoicemailContentProvider}]
06-13 11:51:30.757994  1570  6444 I am_uid_running: 10139
06-13 11:51:30.758948 30174 30174 I wm_on_resume_called: [2690509,com.google.android.dialer.extensions.GoogleDialtactsActivity,RESUME_ACTIVITY,12]
06-13 11:51:30.765000  3179  3179 I auditd  : type=1400 audit(0.0:14845): avc:  denied  { read } for  comm="main" name="u:object_r:vendor_prize_fp_prop:s0" dev="tmpfs" ino=10654 scontext=u:r:priv_app:s0:c512,c768 tcontext=u:object_r:vendor_prize_fp_prop:s0 tclass=file permissive=0 app=com.android.calllogbackup
06-13 11:51:30.791806  1570  1607 I am_proc_start: [0,3199,10139,com.google.android.apps.tachyon,service,{com.google.android.apps.tachyon/com.google.android.apps.tachyon.clientapi.ClientApiService}]
06-13 11:51:30.793298  1570  6444 I am_proc_bound: [0,3179,android.process.acore]
06-13 11:51:30.795160  2519  3277 I jank_cuj_events_end_request: [8,1749804690794257000,810301055861007,124210063033556]
06-13 11:51:30.809431  1570  6444 I am_uid_active: 10039
06-13 11:51:30.823093  1570  1596 I wm_wallpaper_surface: [0,0,Window{4302b8e u0 com.android.launcher3/com.android.searchlauncher.SearchLauncher}]
06-13 11:51:30.833000  3199  3199 I auditd  : type=1400 audit(0.0:14846): avc:  denied  { read } for  comm="main" name="u:object_r:vendor_prize_fp_prop:s0" dev="tmpfs" ino=10654 scontext=u:r:untrusted_app:s0:c139,c256,c512,c768 tcontext=u:object_r:vendor_prize_fp_prop:s0 tclass=file permissive=0 app=com.google.android.apps.tachyon
06-13 11:51:30.864837 30174 30174 I wm_on_top_resumed_gained_called: [2690509,com.google.android.dialer.extensions.GoogleDialtactsActivity,topStateChangedWhenResumed]
06-13 11:51:30.879803  1570  6446 I am_proc_bound: [0,3199,com.google.android.apps.tachyon]
06-13 11:51:30.910162  1570  1596 I input_focus: [Focus request e93b38e com.google.android.dialer/com.google.android.dialer.extensions.GoogleDialtactsActivity,reason=UpdateInputWindows]
06-13 11:51:30.911393  1570  6446 I am_uid_active: 10139
06-13 11:51:30.925829  1570  1606 I am_wtf  : [0,1570,system_server,-1,JobScheduler.JobStatus,App com.google.android.apps.tachyon became active but still in NEVER bucket]
06-13 11:51:30.926904  1570  1606 I am_wtf  : [0,1570,system_server,-1,JobScheduler.JobStatus,App com.google.android.apps.tachyon became active but still in NEVER bucket]
06-13 11:51:30.927187  1570  1606 I am_wtf  : [0,1570,system_server,-1,JobScheduler.JobStatus,App com.google.android.apps.tachyon became active but still in NEVER bucket]
06-13 11:51:30.927418  1570  1606 I am_wtf  : [0,1570,system_server,-1,JobScheduler.JobStatus,App com.google.android.apps.tachyon became active but still in NEVER bucket]
06-13 11:51:30.927510  1570  1606 I am_wtf  : [0,1570,system_server,-1,JobScheduler.JobStatus,App com.google.android.apps.tachyon became active but still in NEVER bucket]
06-13 11:51:30.928905  1570  1606 I am_wtf  : [0,1570,system_server,-1,JobScheduler.JobStatus,App com.google.android.apps.tachyon became active but still in NEVER bucket]
06-13 11:51:30.929176  1570  1606 I am_wtf  : [0,1570,system_server,-1,JobScheduler.JobStatus,App com.google.android.apps.tachyon became active but still in NEVER bucket]
06-13 11:51:30.929305  1570  1606 I am_wtf  : [0,1570,system_server,-1,JobScheduler.JobStatus,App com.google.android.apps.tachyon became active but still in NEVER bucket]
06-13 11:51:30.930145  1570  1606 I am_wtf  : [0,1570,system_server,-1,JobScheduler.JobStatus,App com.google.android.apps.tachyon became active but still in NEVER bucket]
06-13 11:51:30.930461  1570  1606 I am_wtf  : [0,1570,system_server,-1,JobScheduler.JobStatus,App com.google.android.apps.tachyon became active but still in NEVER bucket]
06-13 11:51:30.930745  1570  1606 I am_wtf  : [0,1570,system_server,-1,JobScheduler.JobStatus,App com.google.android.apps.tachyon became active but still in NEVER bucket]
06-13 11:51:30.931637  1570  1606 I am_wtf  : [0,1570,system_server,-1,JobScheduler.JobStatus,App com.google.android.apps.tachyon became active but still in NEVER bucket]
06-13 11:51:31.035415   565   565 I auditd  : avc:  denied  { find } for pid=30174 uid=10118 name=vendor.mediatek.hardware.mbrain.IMBrain/default scontext=u:r:priv_app:s0:c512,c768 tcontext=u:object_r:default_android_service:s0 tclass=service_manager permissive=0
06-13 11:51:31.046641  2157  2240 I jank_cuj_events_begin_request: [39,1749804691046508000,810301308110237,124210315282556,]
06-13 11:51:31.054782  1570  1688 I input_focus: [Focus entering e93b38e com.google.android.dialer/com.google.android.dialer.extensions.GoogleDialtactsActivity (server),reason=Window became focusable. Previous reason: NOT_VISIBLE]
06-13 11:51:31.056500  1570  1592 I sysui_multi_action: [319,87,321,77,322,731,325,124209,757,761,758,8,759,1,806,com.google.android.dialer,871,com.google.android.dialer.extensions.GoogleDialtactsActivity,904,com.android.launcher3,905,0,1320,9,1321,5]
06-13 11:51:31.057116  1570  1592 I wm_activity_launch_time: [0,2690509,com.google.android.dialer/.extensions.GoogleDialtactsActivity,731]
06-13 11:51:31.124031  1570  1592 I sysui_multi_action: [324,1,757,1090,758,12,806,com.google.android.dialer,871,com.google.android.dialer.extensions.GoogleDialtactsActivity,1091,810]
06-13 11:51:31.225254  1570  2257 I wm_stop_activity: [0,29572104,com.android.launcher3/com.android.searchlauncher.SearchLauncher]
06-13 11:51:31.240930  2519  2519 I wm_on_stop_called: [29572104,com.android.searchlauncher.SearchLauncher,STOP_ACTIVITY_ITEM,12]
06-13 11:51:31.406737  2157  2240 I jank_cuj_events_end_request: [39,1749804691406460000,810301668080391,124210675252710]
06-13 11:51:31.682159  1570  1594 I commit_sys_config_file: [notification-policy,124089564]
06-13 11:51:32.546065  1570  1688 I input_interaction: Interaction with: e93b38e com.google.android.dialer/com.google.android.dialer.extensions.GoogleDialtactsActivity (server), PointerEventDispatcher0 (server), 
06-13 11:51:35.033703  1570  6446 I wm_set_resumed_activity: [0,com.google.android.dialer/.extensions.GoogleDialtactsActivity,setFocusedTask-alreadyTop]
06-13 11:51:35.541576  1570  6446 I wm_set_resumed_activity: [0,com.google.android.dialer/.extensions.GoogleDialtactsActivity,setFocusedTask-alreadyTop]
06-13 11:51:35.581771  1570  1585 I am_uid_running: 10137
06-13 11:51:35.602763  1570  1607 I am_proc_start: [0,3435,1000,com.pri.factorytest,broadcast,{com.pri.factorytest/com.pri.factorytest.GoogleDialerReceiver}]
06-13 11:51:35.621623  1570  1607 I am_proc_start: [0,3441,10137,com.google.android.contacts,content provider,{com.google.android.contacts/com.google.android.apps.contacts.othercontacts.OtherContactsProvider}]
06-13 11:51:35.625000  3435  3435 I auditd  : type=1400 audit(0.0:14847): avc:  denied  { read } for  comm="main" name="u:object_r:vendor_prize_fp_prop:s0" dev="tmpfs" ino=10654 scontext=u:r:system_app:s0 tcontext=u:object_r:vendor_prize_fp_prop:s0 tclass=file permissive=0 app=com.google.android.gms
06-13 11:51:35.641000  3441  3441 I auditd  : type=1400 audit(0.0:14848): avc:  denied  { read } for  comm="main" name="u:object_r:vendor_prize_fp_prop:s0" dev="tmpfs" ino=10654 scontext=u:r:untrusted_app:s0:c137,c256,c512,c768 tcontext=u:object_r:vendor_prize_fp_prop:s0 tclass=file permissive=0 app=io.appium.uiautomator2.server
06-13 11:51:35.651404  1570  1585 I am_proc_bound: [0,3435,com.pri.factorytest]
06-13 11:51:35.662402  1570  1585 I am_proc_bound: [0,3441,com.google.android.contacts]
06-13 11:51:35.666621  1570  1585 I am_uid_active: 10137
06-13 11:51:35.671287  1570  1606 I am_wtf  : [0,1570,system_server,-1,JobScheduler.JobStatus,App com.google.android.contacts became active but still in NEVER bucket]
06-13 11:51:35.672324  1570  1606 I am_wtf  : [0,1570,system_server,-1,JobScheduler.JobStatus,App com.google.android.contacts became active but still in NEVER bucket]
06-13 11:51:35.672951  1570  1606 I am_wtf  : [0,1570,system_server,-1,JobScheduler.JobStatus,App com.google.android.contacts became active but still in NEVER bucket]
06-13 11:51:35.673676  1570  1606 I am_wtf  : [0,1570,system_server,-1,JobScheduler.JobStatus,App com.google.android.contacts became active but still in NEVER bucket]
06-13 11:51:35.674678  1570  1606 I am_wtf  : [0,1570,system_server,-1,JobScheduler.JobStatus,App com.google.android.contacts became active but still in NEVER bucket]
06-13 11:51:35.675427  1570  1606 I am_wtf  : [0,1570,system_server,-1,JobScheduler.JobStatus,App com.google.android.contacts became active but still in NEVER bucket]
06-13 11:51:35.677369  1570  1606 I am_wtf  : [0,1570,system_server,-1,JobScheduler.JobStatus,App com.google.android.contacts became active but still in NEVER bucket]
06-13 11:51:35.678293  1570  1606 I am_wtf  : [0,1570,system_server,-1,JobScheduler.JobStatus,App com.google.android.contacts became active but still in NEVER bucket]
06-13 11:51:35.679985  1570  1606 I am_wtf  : [0,1570,system_server,-1,JobScheduler.JobStatus,App com.google.android.contacts became active but still in NEVER bucket]
06-13 11:51:35.680466  1570  1606 I am_wtf  : [0,1570,system_server,-1,JobScheduler.JobStatus,App com.google.android.contacts became active but still in NEVER bucket]
06-13 11:51:35.681339  1570  1606 I am_wtf  : [0,1570,system_server,-1,JobScheduler.JobStatus,App com.google.android.contacts became active but still in NEVER bucket]
06-13 11:51:35.681970  1570  1606 I am_wtf  : [0,1570,system_server,-1,JobScheduler.JobStatus,App com.google.android.contacts became active but still in NEVER bucket]
06-13 11:51:35.684695  1570  1664 I job_deferred_execution: 8471080
06-13 11:51:35.982445   565   565 I auditd  : avc:  denied  { find } for pid=3435 uid=1000 name=vendor.mediatek.hardware.mbrain.IMBrain/default scontext=u:r:system_app:s0 tcontext=u:object_r:default_android_service:s0 tclass=service_manager permissive=0
06-13 11:51:36.179472  1570  3309 I wm_task_created: 248
06-13 11:51:36.187088  1570  3309 I wm_task_moved: [248,248,0,1,3]
06-13 11:51:36.187115  1570  3309 I wm_task_to_front: [0,248,0]
06-13 11:51:36.187493  1570  3309 I wm_create_task: [0,248,248,0]
06-13 11:51:36.187534  1570  3309 I wm_create_activity: [0,156237291,248,com.mediatek.engineermode/.EngineerMode,NULL,NULL,NULL,268435456]
06-13 11:51:36.187665 30174 30174 I wm_on_top_resumed_lost_called: [2690509,com.google.android.dialer.extensions.GoogleDialtactsActivity,topStateChangedWhenResumed]
06-13 11:51:36.187825  1570  3309 I wm_task_moved: [248,248,0,1,3]
06-13 11:51:36.189310  1570  3309 I wm_pause_activity: [0,2690509,com.google.android.dialer/.extensions.GoogleDialtactsActivity,userLeaving=true,pauseBackTasks]
06-13 11:51:36.194245  1570  1595 I am_uid_running: 10181
06-13 11:51:36.200596 30174 30174 I wm_on_paused_called: [2690509,com.google.android.dialer.extensions.GoogleDialtactsActivity,performPause,6]
06-13 11:51:36.202269  1570  6502 I wm_add_to_stopping: [0,2690509,com.google.android.dialer/.extensions.GoogleDialtactsActivity,makeInvisible]
06-13 11:51:36.203668  1570  1592 I sysui_multi_action: [757,803,799,window_time_0,802,6]
06-13 11:51:36.210172  1570  1607 I am_proc_start: [0,3523,10181,com.mediatek.engineermode,next-top-activity,{com.mediatek.engineermode/com.mediatek.engineermode.EngineerMode}]
06-13 11:51:36.220953  1570  1688 I input_focus: [Focus leaving e93b38e com.google.android.dialer/com.google.android.dialer.extensions.GoogleDialtactsActivity (server),reason=NO_WINDOW]
06-13 11:51:36.241000  3523  3523 I auditd  : type=1400 audit(0.0:14849): avc:  denied  { read } for  comm="main" name="u:object_r:vendor_prize_fp_prop:s0" dev="tmpfs" ino=10654 scontext=u:r:em_app:s0:c512,c768 tcontext=u:object_r:vendor_prize_fp_prop:s0 tclass=file permissive=0 app=com.android.vending
06-13 11:51:36.267741   565   565 I auditd  : avc:  denied  { add } for pid=1570 uid=1000 name=vendor.mediatek.hardware.mbrainj.IMBrainJava/default scontext=u:r:system_server:s0 tcontext=u:object_r:default_android_service:s0 tclass=service_manager permissive=0
06-13 11:51:36.290036  1570  3312 I am_proc_bound: [0,3523,com.mediatek.engineermode]
06-13 11:51:36.329968  1570  3312 I wm_restart_activity: [0,156237291,248,com.mediatek.engineermode/.EngineerMode]
06-13 11:51:36.331557  1570  3312 I wm_set_resumed_activity: [0,com.mediatek.engineermode/.EngineerMode,minimalResumeActivityLocked - onActivityStateChanged]
06-13 11:51:36.336449  1570  1595 I am_uid_active: 10181
06-13 11:51:36.338909   565   565 I auditd  : avc:  denied  { add } for pid=1570 uid=1000 name=vendor.mediatek.hardware.mbrainj.IMBrainJava/default scontext=u:r:system_server:s0 tcontext=u:object_r:default_android_service:s0 tclass=service_manager permissive=0
06-13 11:51:36.421000   622   622 I auditd  : type=1400 audit(0.0:14850): avc:  denied  { read } for  comm="binder:622_7" name="wakeup126" dev="sysfs" ino=37179 scontext=u:r:system_suspend:s0 tcontext=u:object_r:sysfs:s0 tclass=dir permissive=0
06-13 11:51:36.454365   565   565 I auditd  : avc:  denied  { find } for pid=3523 uid=10181 name=vendor.mediatek.hardware.mbrain.IMBrain/default scontext=u:r:em_app:s0:c512,c768 tcontext=u:object_r:default_android_service:s0 tclass=service_manager permissive=0
06-13 11:51:36.477000   622   622 I auditd  : type=1400 audit(0.0:14851): avc:  denied  { read } for  comm="binder:622_7" name="wakeup130" dev="sysfs" ino=38008 scontext=u:r:system_suspend:s0 tcontext=u:object_r:sysfs:s0 tclass=dir permissive=0
06-13 11:51:36.497000   622   622 I auditd  : type=1400 audit(0.0:14852): avc:  denied  { read } for  comm="binder:622_7" name="wakeup129" dev="sysfs" ino=37961 scontext=u:r:system_suspend:s0 tcontext=u:object_r:sysfs:s0 tclass=dir permissive=0
06-13 11:51:36.560785  3523  3523 I wm_on_create_called: [156237291,com.mediatek.engineermode.EngineerMode,performCreate,73]
06-13 11:51:36.596898  3523  3523 I wm_on_start_called: [156237291,com.mediatek.engineermode.EngineerMode,handleStartActivity,0]
06-13 11:51:36.600951  3523  3523 I wm_on_resume_called: [156237291,com.mediatek.engineermode.EngineerMode,RESUME_ACTIVITY,0]
06-13 11:51:36.632061  3523  3523 I wm_on_top_resumed_gained_called: [156237291,com.mediatek.engineermode.EngineerMode,topStateChangedWhenResumed]
06-13 11:51:36.690003  1570  1596 I input_focus: [Focus request 2f53a02 com.mediatek.engineermode/com.mediatek.engineermode.EngineerMode,reason=UpdateInputWindows]
06-13 11:51:36.753710   565   565 I auditd  : avc:  denied  { find } for pid=3523 uid=10181 name=vendor.mediatek.hardware.mbrain.IMBrain/default scontext=u:r:em_app:s0:c512,c768 tcontext=u:object_r:default_android_service:s0 tclass=service_manager permissive=0
06-13 11:51:36.758829  2157  2240 I jank_cuj_events_begin_request: [39,1749804696758709000,810307020311238,124216027483711,]
06-13 11:51:36.762906  1570  1592 I sysui_multi_action: [319,137,321,97,322,585,325,124215,757,761,758,7,759,1,806,com.mediatek.engineermode,871,com.mediatek.engineermode.EngineerMode,904,com.pri.factorytest,905,0,945,152,1320,8,1321,5]
06-13 11:51:36.763971  1570  1592 I wm_activity_launch_time: [0,156237291,com.mediatek.engineermode/.EngineerMode,585]
06-13 11:51:36.773625  1570  1688 I input_focus: [Focus entering 2f53a02 com.mediatek.engineermode/com.mediatek.engineermode.EngineerMode (server),reason=Window became focusable. Previous reason: NOT_VISIBLE]
06-13 11:51:36.827626   565   565 I auditd  : avc:  denied  { add } for pid=1570 uid=1000 name=vendor.mediatek.hardware.mbrainj.IMBrainJava/default scontext=u:r:system_server:s0 tcontext=u:object_r:default_android_service:s0 tclass=service_manager permissive=0
06-13 11:51:36.851193  1570  1595 I wm_stop_activity: [0,2690509,com.google.android.dialer/.extensions.GoogleDialtactsActivity]
06-13 11:51:36.910894 30174 30174 I wm_on_stop_called: [2690509,com.google.android.dialer.extensions.GoogleDialtactsActivity,STOP_ACTIVITY_ITEM,19]
06-13 11:51:37.113718  2157  2240 I jank_cuj_events_end_request: [39,1749804697113590000,810307375193622,124216382366172]
06-13 11:51:38.164465  1570  1594 I commit_sys_config_file: [jobs,2]
06-13 11:51:42.153712  1570  1605 I commit_sys_config_file: [display-state,123361354]
06-13 11:51:42.833911  1570  1688 I input_interaction: Interaction with: 2f53a02 com.mediatek.engineermode/com.mediatek.engineermode.EngineerMode (server), PointerEventDispatcher0 (server), 
06-13 11:51:43.477693  1570  1672 I commit_sys_config_file: [settings-1-0,5]
06-13 11:51:46.311685  1570  6697 I am_kill : [0,31370,com.google.process.gapps,985,empty #11]
06-13 11:51:46.353603  1570  6697 I am_proc_died: [0,31370,com.google.process.gapps,985,19]
06-13 11:51:46.381821  1570  1605 I am_pss  : [3523,10181,com.mediatek.engineermode,47307776,35737600,838656,162783232,0,2,22]
06-13 11:51:46.404111  1570  1605 I am_pss  : [3090,10238,io.appium.uiautomator2.server,53990400,46284800,584704,132739072,0,4,19]
06-13 11:51:46.674487  1570  1672 I commit_sys_config_file: [settings-1-0,4]
06-13 11:51:46.905026  1570  3312 I am_kill : [0,32698,com.android.vending:background,995,empty #11]
06-13 11:51:47.021513  1570  6697 I am_proc_died: [0,32698,com.android.vending:background,995,19]
06-13 11:51:47.464996  1570  6697 I wm_task_created: 249
06-13 11:51:47.471601  1570  6697 I wm_task_moved: [249,249,0,1,4]
06-13 11:51:47.471680  1570  6697 I wm_task_to_front: [0,249,0]
06-13 11:51:47.472206  1570  6697 I wm_create_task: [0,249,249,0]
06-13 11:51:47.472273  1570  6697 I wm_create_activity: [0,37068314,249,com.debug.loggerui/.MainActivity,android.intent.action.MAIN,NULL,NULL,268435456]
06-13 11:51:47.472528  1570  6697 I wm_task_moved: [249,249,0,1,4]
06-13 11:51:47.473989  1570  6697 I wm_pause_activity: [0,156237291,com.mediatek.engineermode/.EngineerMode,userLeaving=true,pauseBackTasks]
06-13 11:51:47.483459  3523  3523 I wm_on_top_resumed_lost_called: [156237291,com.mediatek.engineermode.EngineerMode,topStateChangedWhenResumed]
06-13 11:51:47.489253  3523  3523 I wm_on_paused_called: [156237291,com.mediatek.engineermode.EngineerMode,performPause,0]
06-13 11:51:47.493045  1570  2255 I wm_add_to_stopping: [0,156237291,com.mediatek.engineermode/.EngineerMode,makeInvisible]
06-13 11:51:47.493532  1570  2255 I wm_restart_activity: [0,37068314,249,com.debug.loggerui/.MainActivity]
06-13 11:51:47.496492  1570  2255 I wm_set_resumed_activity: [0,com.debug.loggerui/.MainActivity,minimalResumeActivityLocked - onActivityStateChanged]
06-13 11:51:47.500506  1570  1592 I sysui_multi_action: [757,803,799,window_time_0,802,11]
06-13 11:51:47.503949  1570  1596 I input_focus: [Requesting to set focus to null window,reason=UpdateInputWindows]
06-13 11:51:47.505352   565   565 I auditd  : avc:  denied  { add } for pid=1570 uid=1000 name=vendor.mediatek.hardware.mbrainj.IMBrainJava/default scontext=u:r:system_server:s0 tcontext=u:object_r:default_android_service:s0 tclass=service_manager permissive=0
06-13 11:51:47.513608   565   565 I auditd  : avc:  denied  { add } for pid=1570 uid=1000 name=vendor.mediatek.hardware.mbrainj.IMBrainJava/default scontext=u:r:system_server:s0 tcontext=u:object_r:default_android_service:s0 tclass=service_manager permissive=0
06-13 11:51:47.514620   565   565 I auditd  : avc:  denied  { add } for pid=1570 uid=1000 name=vendor.mediatek.hardware.mbrainj.IMBrainJava/default scontext=u:r:system_server:s0 tcontext=u:object_r:default_android_service:s0 tclass=service_manager permissive=0
06-13 11:51:47.515193  1570  1688 I input_focus: [Focus leaving 2f53a02 com.mediatek.engineermode/com.mediatek.engineermode.EngineerMode (server),reason=NO_WINDOW]
06-13 11:51:47.533139 19614 19614 I wm_on_create_called: [37068314,com.debug.loggerui.MainActivity,performCreate,23]
06-13 11:51:47.533696 19614 19614 I wm_on_start_called: [37068314,com.debug.loggerui.MainActivity,handleStartActivity,0]
06-13 11:51:47.538000 19614 19614 I wm_on_resume_called: [37068314,com.debug.loggerui.MainActivity,RESUME_ACTIVITY,3]
06-13 11:51:47.558496 19614 19614 I wm_on_top_resumed_gained_called: [37068314,com.debug.loggerui.MainActivity,topStateChangedWhenResumed]
06-13 11:51:47.576917  1570  1596 I input_focus: [Focus request 836317a com.debug.loggerui/com.debug.loggerui.MainActivity,reason=UpdateInputWindows]
06-13 11:51:47.594875  2157  2240 I jank_cuj_events_begin_request: [39,1749804707594708000,810317856311777,124226863484096,]
06-13 11:51:47.597785  1570  1592 I sysui_multi_action: [319,89,321,70,322,134,325,124226,757,761,758,8,759,1,806,com.debug.loggerui,871,com.debug.loggerui.MainActivity,904,com.mediatek.engineermode,905,0,1320,8,1321,5]
06-13 11:51:47.605214  1570  1592 I wm_activity_launch_time: [0,37068314,com.debug.loggerui/.MainActivity,134]
06-13 11:51:47.613538  1570  1688 I input_focus: [Focus entering 836317a com.debug.loggerui/com.debug.loggerui.MainActivity (server),reason=Window became focusable. Previous reason: NOT_VISIBLE]
06-13 11:51:47.877560  2157  2240 I jank_cuj_events_end_request: [39,1749804707877407000,810318139010315,124227146183096]
06-13 11:51:48.075481  1570  1595 I wm_stop_activity: [0,156237291,com.mediatek.engineermode/.EngineerMode]
06-13 11:51:48.098179  3523  3523 I wm_on_stop_called: [156237291,com.mediatek.engineermode.EngineerMode,STOP_ACTIVITY_ITEM,0]
06-13 11:51:49.169882  1570  1688 I input_interaction: Interaction with: 836317a com.debug.loggerui/com.debug.loggerui.MainActivity (server), PointerEventDispatcher0 (server), 
06-13 11:51:49.189318  1570  3263 I wm_task_moved: [249,249,0,1,4]
06-13 11:51:49.189428  1570  3263 I wm_create_activity: [0,8771901,249,com.debug.loggerui/.LogFolderListActivity,NULL,NULL,NULL,0]
06-13 11:51:49.190521  1570  3263 I wm_pause_activity: [0,37068314,com.debug.loggerui/.MainActivity,userLeaving=true,resumeTopActivity]
06-13 11:51:49.198337 19614 19614 I wm_on_top_resumed_lost_called: [37068314,com.debug.loggerui.MainActivity,topStateChangedWhenResumed]
06-13 11:51:49.200464 19614 19614 I wm_on_paused_called: [37068314,com.debug.loggerui.MainActivity,performPause,1]
06-13 11:51:49.201740  1570  2257 I wm_add_to_stopping: [0,37068314,com.debug.loggerui/.MainActivity,makeInvisible]
06-13 11:51:49.202249  1570  2257 I wm_restart_activity: [0,8771901,249,com.debug.loggerui/.LogFolderListActivity]
06-13 11:51:49.203825  1570  2257 I wm_set_resumed_activity: [0,com.debug.loggerui/.LogFolderListActivity,minimalResumeActivityLocked - onActivityStateChanged]
06-13 11:51:49.206149  1570  1592 I sysui_multi_action: [757,803,799,window_time_0,802,2]
