06-13 12:16:15.311532  1371  1383 D RmcNwHdlr: [0] handleSignalStrength, gsm_signal_strength: 99, gsm_bit_error_rate: 99, gsm_timing_advance: 2147483647, cdma_dbm: 2147483647, cdma_ecio: 2147483647, evdo_dbm: 2147483647, evdo_ecio: 2147483647, evdo_snr: 2147483647, lte_signal_strength: 99, lte_rsrp: 2147483647, lte_rsrq: 2147483647, lte_rssnr: 2147483647, lte_cqi: 2147483647, lte_timing_advance: 2147483647, tdscdma_signal_strength: 99, tdscdma_bit_error_rate: 99, tdscdma_rscp: 255, wcdma_signal_strength: 24, wcdma_bit_error_rate: 99, wcdma_scdma_rscp: 57, wcdma_ecno: 43, ssRsrp: 2147483647, ssRsrq: 2147483647, ssSinr: 2147483647, csiRsrp: 2147483647, csiRsrq: 2147483647, csiSinr: 2147483647
06-13 12:16:20.430938  1371  1381 I AT      : [0] AT< +ECSQ: 56,42,1,-257,-14,1,1,4,32767,1 (RIL_URC_READER, tid:507895946480)
06-13 12:16:20.432347  1371  1383 D RmcNwHdlr: [0] requestSignalStrength:sigRegisted[0000], sigUpdated[0X04]
06-13 12:16:20.432485  1371  1383 D RmcNwHdlr: [0] handleSignalStrength, gsm_signal_strength: 99, gsm_bit_error_rate: 99, gsm_timing_advance: 2147483647, cdma_dbm: 2147483647, cdma_ecio: 2147483647, evdo_dbm: 2147483647, evdo_ecio: 2147483647, evdo_snr: 2147483647, lte_signal_strength: 99, lte_rsrp: 2147483647, lte_rsrq: 2147483647, lte_rssnr: 2147483647, lte_cqi: 2147483647, lte_timing_advance: 2147483647, tdscdma_signal_strength: 99, tdscdma_bit_error_rate: 99, tdscdma_rscp: 255, wcdma_signal_strength: 24, wcdma_bit_error_rate: 99, wcdma_scdma_rscp: 56, wcdma_ecno: 42, ssRsrp: 2147483647, ssRsrq: 2147483647, ssSinr: 2147483647, csiRsrp: 2147483647, csiRsrq: 2147483647, csiSinr: 2147483647
06-13 12:16:23.915443  1371  1436 I RilClient: initialize: commandFd is 65
06-13 12:16:23.916037  1371  1436 I RilClient: start listen on fd: 30, socket name: rild-oem
06-13 12:16:23.917523  1371  1388 I RmcOemHandler: requestQueryThermal Enter: -1
06-13 12:16:23.917685  1371  1388 I AT      : [0] AT> AT+ETHERMAL (RIL_CMD_READER_1 tid:507789065456)
06-13 12:16:23.927262  1371  1387 I AT      : [0] AT< +ETHERMAL: 2, 32767, -127, 111, 32767, 4046 (RIL_CMD_READER_1, tid:507790101744)
06-13 12:16:23.927405  1371  1387 I AT      : [0] AT< OK (RIL_CMD_READER_1, tid:507790101744)
06-13 12:16:23.927624  1371  1388 I RmcOemHandler: requestQueryThermal success
06-13 12:16:25.542671  1371  1381 I AT      : [0] AT< +ECSQ: 57,44,1,-254,-10,1,1,4,32767,1 (RIL_URC_READER, tid:507895946480)
06-13 12:16:25.544079  1371  1383 D RmcNwHdlr: [0] requestSignalStrength:sigRegisted[0000], sigUpdated[0X04]
06-13 12:16:25.544221  1371  1383 D RmcNwHdlr: [0] handleSignalStrength, gsm_signal_strength: 99, gsm_bit_error_rate: 99, gsm_timing_advance: 2147483647, cdma_dbm: 2147483647, cdma_ecio: 2147483647, evdo_dbm: 2147483647, evdo_ecio: 2147483647, evdo_snr: 2147483647, lte_signal_strength: 99, lte_rsrp: 2147483647, lte_rsrq: 2147483647, lte_rssnr: 2147483647, lte_cqi: 2147483647, lte_timing_advance: 2147483647, tdscdma_signal_strength: 99, tdscdma_bit_error_rate: 99, tdscdma_rscp: 255, wcdma_signal_strength: 24, wcdma_bit_error_rate: 99, wcdma_scdma_rscp: 57, wcdma_ecno: 44, ssRsrp: 2147483647, ssRsrq: 2147483647, ssSinr: 2147483647, csiRsrp: 2147483647, csiRsrq: 2147483647, csiSinr: 2147483647
06-13 12:16:30.664035  1371  1381 I AT      : [0] AT< +ECSQ: 56,40,1,-257,-17,1,1,4,32767,1 (RIL_URC_READER, tid:507895946480)
06-13 12:16:30.665553  1371  1383 D RmcNwHdlr: [0] requestSignalStrength:sigRegisted[0000], sigUpdated[0X04]
06-13 12:16:30.665832  1371  1383 D RmcNwHdlr: [0] handleSignalStrength, gsm_signal_strength: 99, gsm_bit_error_rate: 99, gsm_timing_advance: 2147483647, cdma_dbm: 2147483647, cdma_ecio: 2147483647, evdo_dbm: 2147483647, evdo_ecio: 2147483647, evdo_snr: 2147483647, lte_signal_strength: 99, lte_rsrp: 2147483647, lte_rsrq: 2147483647, lte_rssnr: 2147483647, lte_cqi: 2147483647, lte_timing_advance: 2147483647, tdscdma_signal_strength: 99, tdscdma_bit_error_rate: 99, tdscdma_rscp: 255, wcdma_signal_strength: 24, wcdma_bit_error_rate: 99, wcdma_scdma_rscp: 56, wcdma_ecno: 40, ssRsrp: 2147483647, ssRsrq: 2147483647, ssSinr: 2147483647, csiRsrp: 2147483647, csiRsrq: 2147483647, csiSinr: 2147483647
06-13 12:16:33.935453  1371  1436 I RilClient: initialize: commandFd is 77
06-13 12:16:33.936050  1371  1436 I RilClient: start listen on fd: 30, socket name: rild-oem
06-13 12:16:33.937625  1371  1388 I RmcOemHandler: requestQueryThermal Enter: -1
06-13 12:16:33.937786  1371  1388 I AT      : [0] AT> AT+ETHERMAL (RIL_CMD_READER_1 tid:507789065456)
06-13 12:16:33.947474  1371  1387 I AT      : [0] AT< +ETHERMAL: 2, 32767, -127, 111, 32767, 4046 (RIL_CMD_READER_1, tid:507790101744)
06-13 12:16:33.947638  1371  1387 I AT      : [0] AT< OK (RIL_CMD_READER_1, tid:507790101744)
06-13 12:16:33.947963  1371  1388 I RmcOemHandler: requestQueryThermal success
06-13 12:16:35.784938  1371  1381 I AT      : [0] AT< +ECSQ: 57,42,1,-255,-14,1,1,4,32767,1 (RIL_URC_READER, tid:507895946480)
06-13 12:16:35.786554  1371  1383 D RmcNwHdlr: [0] requestSignalStrength:sigRegisted[0000], sigUpdated[0X04]
06-13 12:16:35.786834  1371  1383 D RmcNwHdlr: [0] handleSignalStrength, gsm_signal_strength: 99, gsm_bit_error_rate: 99, gsm_timing_advance: 2147483647, cdma_dbm: 2147483647, cdma_ecio: 2147483647, evdo_dbm: 2147483647, evdo_ecio: 2147483647, evdo_snr: 2147483647, lte_signal_strength: 99, lte_rsrp: 2147483647, lte_rsrq: 2147483647, lte_rssnr: 2147483647, lte_cqi: 2147483647, lte_timing_advance: 2147483647, tdscdma_signal_strength: 99, tdscdma_bit_error_rate: 99, tdscdma_rscp: 255, wcdma_signal_strength: 24, wcdma_bit_error_rate: 99, wcdma_scdma_rscp: 57, wcdma_ecno: 42, ssRsrp: 2147483647, ssRsrq: 2147483647, ssSinr: 2147483647, csiRsrp: 2147483647, csiRsrq: 2147483647, csiSinr: 2147483647
06-13 12:16:40.906171  1371  1381 I AT      : [0] AT< +ECSQ: 56,39,1,-258,-19,1,1,4,32767,1 (RIL_URC_READER, tid:507895946480)
06-13 12:16:40.907569  1371  1383 D RmcNwHdlr: [0] requestSignalStrength:sigRegisted[0000], sigUpdated[0X04]
06-13 12:16:40.907704  1371  1383 D RmcNwHdlr: [0] handleSignalStrength, gsm_signal_strength: 99, gsm_bit_error_rate: 99, gsm_timing_advance: 2147483647, cdma_dbm: 2147483647, cdma_ecio: 2147483647, evdo_dbm: 2147483647, evdo_ecio: 2147483647, evdo_snr: 2147483647, lte_signal_strength: 99, lte_rsrp: 2147483647, lte_rsrq: 2147483647, lte_rssnr: 2147483647, lte_cqi: 2147483647, lte_timing_advance: 2147483647, tdscdma_signal_strength: 99, tdscdma_bit_error_rate: 99, tdscdma_rscp: 255, wcdma_signal_strength: 24, wcdma_bit_error_rate: 99, wcdma_scdma_rscp: 56, wcdma_ecno: 39, ssRsrp: 2147483647, ssRsrq: 2147483647, ssSinr: 2147483647, csiRsrp: 2147483647, csiRsrq: 2147483647, csiSinr: 2147483647
06-13 12:16:43.955982  1371  1436 I RilClient: initialize: commandFd is 65
06-13 12:16:43.956575  1371  1436 I RilClient: start listen on fd: 30, socket name: rild-oem
06-13 12:16:43.957829  1371  1388 I RmcOemHandler: requestQueryThermal Enter: -1
06-13 12:16:43.957986  1371  1388 I AT      : [0] AT> AT+ETHERMAL (RIL_CMD_READER_1 tid:507789065456)
06-13 12:16:43.967411  1371  1387 I AT      : [0] AT< +ETHERMAL: 2, 32767, -127, 111, 32767, 4046 (RIL_CMD_READER_1, tid:507790101744)
06-13 12:16:43.967534  1371  1387 I AT      : [0] AT< OK (RIL_CMD_READER_1, tid:507790101744)
06-13 12:16:43.967828  1371  1388 I RmcOemHandler: requestQueryThermal success
06-13 12:16:46.027625  1371  1381 I AT      : [0] AT< +ECSQ: 57,42,1,-256,-14,1,1,4,32767,1 (RIL_URC_READER, tid:507895946480)
06-13 12:16:46.029014  1371  1383 D RmcNwHdlr: [0] requestSignalStrength:sigRegisted[0000], sigUpdated[0X04]
06-13 12:16:46.029258  1371  1383 D RmcNwHdlr: [0] handleSignalStrength, gsm_signal_strength: 99, gsm_bit_error_rate: 99, gsm_timing_advance: 2147483647, cdma_dbm: 2147483647, cdma_ecio: 2147483647, evdo_dbm: 2147483647, evdo_ecio: 2147483647, evdo_snr: 2147483647, lte_signal_strength: 99, lte_rsrp: 2147483647, lte_rsrq: 2147483647, lte_rssnr: 2147483647, lte_cqi: 2147483647, lte_timing_advance: 2147483647, tdscdma_signal_strength: 99, tdscdma_bit_error_rate: 99, tdscdma_rscp: 255, wcdma_signal_strength: 24, wcdma_bit_error_rate: 99, wcdma_scdma_rscp: 57, wcdma_ecno: 42, ssRsrp: 2147483647, ssRsrq: 2147483647, ssSinr: 2147483647, csiRsrp: 2147483647, csiRsrq: 2147483647, csiSinr: 2147483647
06-13 12:16:51.148759  1371  1381 I AT      : [0] AT< +ECSQ: 56,41,1,-257,-15,1,1,4,32767,1 (RIL_URC_READER, tid:507895946480)
06-13 12:16:51.150209  1371  1383 D RmcNwHdlr: [0] requestSignalStrength:sigRegisted[0000], sigUpdated[0X04]
06-13 12:16:51.150356  1371  1383 D RmcNwHdlr: [0] handleSignalStrength, gsm_signal_strength: 99, gsm_bit_error_rate: 99, gsm_timing_advance: 2147483647, cdma_dbm: 2147483647, cdma_ecio: 2147483647, evdo_dbm: 2147483647, evdo_ecio: 2147483647, evdo_snr: 2147483647, lte_signal_strength: 99, lte_rsrp: 2147483647, lte_rsrq: 2147483647, lte_rssnr: 2147483647, lte_cqi: 2147483647, lte_timing_advance: 2147483647, tdscdma_signal_strength: 99, tdscdma_bit_error_rate: 99, tdscdma_rscp: 255, wcdma_signal_strength: 24, wcdma_bit_error_rate: 99, wcdma_scdma_rscp: 56, wcdma_ecno: 41, ssRsrp: 2147483647, ssRsrq: 2147483647, ssSinr: 2147483647, csiRsrp: 2147483647, csiRsrq: 2147483647, csiSinr: 2147483647
06-13 12:16:53.975402  1371  1436 I RilClient: initialize: commandFd is 77
06-13 12:16:53.975992  1371  1436 I RilClient: start listen on fd: 30, socket name: rild-oem
06-13 12:16:53.977431  1371  1388 I RmcOemHandler: requestQueryThermal Enter: -1
06-13 12:16:53.977594  1371  1388 I AT      : [0] AT> AT+ETHERMAL (RIL_CMD_READER_1 tid:507789065456)
06-13 12:16:53.987010  1371  1387 I AT      : [0] AT< +ETHERMAL: 2, 32767, -127, 111, 32767, 4046 (RIL_CMD_READER_1, tid:507790101744)
06-13 12:16:53.987134  1371  1387 I AT      : [0] AT< OK (RIL_CMD_READER_1, tid:507790101744)
06-13 12:16:53.987431  1371  1388 I RmcOemHandler: requestQueryThermal success
06-13 12:16:56.269958  1371  1381 I AT      : [0] AT< +ECSQ: 56,41,1,-258,-16,1,1,4,32767,1 (RIL_URC_READER, tid:507895946480)
06-13 12:17:01.390933  1371  1381 I AT      : [0] AT< +ECSQ: 58,43,1,-252,-11,1,1,4,32767,1 (RIL_URC_READER, tid:507895946480)
06-13 12:17:01.392318  1371  1383 D RmcNwHdlr: [0] requestSignalStrength:sigRegisted[0000], sigUpdated[0X04]
06-13 12:17:01.392595  1371  1383 D RmcNwHdlr: [0] handleSignalStrength, gsm_signal_strength: 99, gsm_bit_error_rate: 99, gsm_timing_advance: 2147483647, cdma_dbm: 2147483647, cdma_ecio: 2147483647, evdo_dbm: 2147483647, evdo_ecio: 2147483647, evdo_snr: 2147483647, lte_signal_strength: 99, lte_rsrp: 2147483647, lte_rsrq: 2147483647, lte_rssnr: 2147483647, lte_cqi: 2147483647, lte_timing_advance: 2147483647, tdscdma_signal_strength: 99, tdscdma_bit_error_rate: 99, tdscdma_rscp: 255, wcdma_signal_strength: 25, wcdma_bit_error_rate: 99, wcdma_scdma_rscp: 58, wcdma_ecno: 43, ssRsrp: 2147483647, ssRsrq: 2147483647, ssSinr: 2147483647, csiRsrp: 2147483647, csiRsrq: 2147483647, csiSinr: 2147483647
06-13 12:17:03.994793  1371  1436 I RilClient: initialize: commandFd is 65
06-13 12:17:03.995383  1371  1436 I RilClient: start listen on fd: 30, socket name: rild-oem
06-13 12:17:03.996713  1371  1388 I RmcOemHandler: requestQueryThermal Enter: -1
06-13 12:17:03.996877  1371  1388 I AT      : [0] AT> AT+ETHERMAL (RIL_CMD_READER_1 tid:507789065456)
06-13 12:17:04.006551  1371  1387 I AT      : [0] AT< +ETHERMAL: 2, 32767, -127, 111, 32767, 4046 (RIL_CMD_READER_1, tid:507790101744)
06-13 12:17:04.006715  1371  1387 I AT      : [0] AT< OK (RIL_CMD_READER_1, tid:507790101744)
06-13 12:17:04.007034  1371  1388 I RmcOemHandler: requestQueryThermal success
06-13 12:17:06.502965  1371  1381 I AT      : [0] AT< +ECSQ: 57,43,1,-254,-11,1,1,4,32767,1 (RIL_URC_READER, tid:507895946480)
06-13 12:17:06.504368  1371  1383 D RmcNwHdlr: [0] requestSignalStrength:sigRegisted[0000], sigUpdated[0X04]
06-13 12:17:06.504505  1371  1383 D RmcNwHdlr: [0] handleSignalStrength, gsm_signal_strength: 99, gsm_bit_error_rate: 99, gsm_timing_advance: 2147483647, cdma_dbm: 2147483647, cdma_ecio: 2147483647, evdo_dbm: 2147483647, evdo_ecio: 2147483647, evdo_snr: 2147483647, lte_signal_strength: 99, lte_rsrp: 2147483647, lte_rsrq: 2147483647, lte_rssnr: 2147483647, lte_cqi: 2147483647, lte_timing_advance: 2147483647, tdscdma_signal_strength: 99, tdscdma_bit_error_rate: 99, tdscdma_rscp: 255, wcdma_signal_strength: 24, wcdma_bit_error_rate: 99, wcdma_scdma_rscp: 57, wcdma_ecno: 43, ssRsrp: 2147483647, ssRsrq: 2147483647, ssSinr: 2147483647, csiRsrp: 2147483647, csiRsrq: 2147483647, csiSinr: 2147483647
06-13 12:17:11.623736  1371  1381 I AT      : [0] AT< +ECSQ: 56,41,1,-257,-16,1,1,4,32767,1 (RIL_URC_READER, tid:507895946480)
06-13 12:17:11.625135  1371  1383 D RmcNwHdlr: [0] requestSignalStrength:sigRegisted[0000], sigUpdated[0X04]
06-13 12:17:11.625398  1371  1383 D RmcNwHdlr: [0] handleSignalStrength, gsm_signal_strength: 99, gsm_bit_error_rate: 99, gsm_timing_advance: 2147483647, cdma_dbm: 2147483647, cdma_ecio: 2147483647, evdo_dbm: 2147483647, evdo_ecio: 2147483647, evdo_snr: 2147483647, lte_signal_strength: 99, lte_rsrp: 2147483647, lte_rsrq: 2147483647, lte_rssnr: 2147483647, lte_cqi: 2147483647, lte_timing_advance: 2147483647, tdscdma_signal_strength: 99, tdscdma_bit_error_rate: 99, tdscdma_rscp: 255, wcdma_signal_strength: 24, wcdma_bit_error_rate: 99, wcdma_scdma_rscp: 56, wcdma_ecno: 41, ssRsrp: 2147483647, ssRsrq: 2147483647, ssSinr: 2147483647, csiRsrp: 2147483647, csiRsrq: 2147483647, csiSinr: 2147483647
06-13 12:17:14.014956  1371  1436 I RilClient: initialize: commandFd is 77
06-13 12:17:14.015552  1371  1436 I RilClient: start listen on fd: 30, socket name: rild-oem
06-13 12:17:14.016912  1371  1388 I RmcOemHandler: requestQueryThermal Enter: -1
06-13 12:17:14.017071  1371  1388 I AT      : [0] AT> AT+ETHERMAL (RIL_CMD_READER_1 tid:507789065456)
06-13 12:17:14.026384  1371  1387 I AT      : [0] AT< +ETHERMAL: 2, 32767, -127, 111, 32767, 4046 (RIL_CMD_READER_1, tid:507790101744)
06-13 12:17:14.026508  1371  1387 I AT      : [0] AT< OK (RIL_CMD_READER_1, tid:507790101744)
06-13 12:17:14.026809  1371  1388 I RmcOemHandler: requestQueryThermal success
06-13 12:17:16.744907  1371  1381 I AT      : [0] AT< +ECSQ: 56,41,1,-257,-15,1,1,4,32767,1 (RIL_URC_READER, tid:507895946480)
06-13 12:17:21.872456  1371  1381 I AT      : [0] AT< +ECSQ: 57,40,1,-254,-17,1,1,4,32767,1 (RIL_URC_READER, tid:507895946480)
06-13 12:17:21.873934  1371  1383 D RmcNwHdlr: [0] requestSignalStrength:sigRegisted[0000], sigUpdated[0X04]
06-13 12:17:21.874073  1371  1383 D RmcNwHdlr: [0] handleSignalStrength, gsm_signal_strength: 99, gsm_bit_error_rate: 99, gsm_timing_advance: 2147483647, cdma_dbm: 2147483647, cdma_ecio: 2147483647, evdo_dbm: 2147483647, evdo_ecio: 2147483647, evdo_snr: 2147483647, lte_signal_strength: 99, lte_rsrp: 2147483647, lte_rsrq: 2147483647, lte_rssnr: 2147483647, lte_cqi: 2147483647, lte_timing_advance: 2147483647, tdscdma_signal_strength: 99, tdscdma_bit_error_rate: 99, tdscdma_rscp: 255, wcdma_signal_strength: 24, wcdma_bit_error_rate: 99, wcdma_scdma_rscp: 57, wcdma_ecno: 40, ssRsrp: 2147483647, ssRsrq: 2147483647, ssSinr: 2147483647, csiRsrp: 2147483647, csiRsrq: 2147483647, csiSinr: 2147483647
06-13 12:17:24.034560  1371  1436 I RilClient: initialize: commandFd is 65
06-13 12:17:24.035151  1371  1436 I RilClient: start listen on fd: 30, socket name: rild-oem
06-13 12:17:24.036539  1371  1388 I RmcOemHandler: requestQueryThermal Enter: -1
06-13 12:17:24.036700  1371  1388 I AT      : [0] AT> AT+ETHERMAL (RIL_CMD_READER_1 tid:507789065456)
06-13 12:17:24.046616  1371  1387 I AT      : [0] AT< +ETHERMAL: 2, 32767, -127, 111, 32767, 4046 (RIL_CMD_READER_1, tid:507790101744)
06-13 12:17:24.046779  1371  1387 I AT      : [0] AT< OK (RIL_CMD_READER_1, tid:507790101744)
06-13 12:17:24.047097  1371  1388 I RmcOemHandler: requestQueryThermal success
06-13 12:17:26.987628  1371  1381 I AT      : [0] AT< +ECSQ: 57,41,1,-254,-15,1,1,4,32767,1 (RIL_URC_READER, tid:507895946480)
06-13 12:17:26.989000  1371  1383 D RmcNwHdlr: [0] requestSignalStrength:sigRegisted[0000], sigUpdated[0X04]
06-13 12:17:26.989137  1371  1383 D RmcNwHdlr: [0] handleSignalStrength, gsm_signal_strength: 99, gsm_bit_error_rate: 99, gsm_timing_advance: 2147483647, cdma_dbm: 2147483647, cdma_ecio: 2147483647, evdo_dbm: 2147483647, evdo_ecio: 2147483647, evdo_snr: 2147483647, lte_signal_strength: 99, lte_rsrp: 2147483647, lte_rsrq: 2147483647, lte_rssnr: 2147483647, lte_cqi: 2147483647, lte_timing_advance: 2147483647, tdscdma_signal_strength: 99, tdscdma_bit_error_rate: 99, tdscdma_rscp: 255, wcdma_signal_strength: 24, wcdma_bit_error_rate: 99, wcdma_scdma_rscp: 57, wcdma_ecno: 41, ssRsrp: 2147483647, ssRsrq: 2147483647, ssSinr: 2147483647, csiRsrp: 2147483647, csiRsrq: 2147483647, csiSinr: 2147483647
06-13 12:17:32.108763  1371  1381 I AT      : [0] AT< +ECSQ: 57,41,1,-255,-15,1,1,4,32767,1 (RIL_URC_READER, tid:507895946480)
06-13 12:17:34.055054  1371  1436 I RilClient: initialize: commandFd is 77
06-13 12:17:34.055650  1371  1436 I RilClient: start listen on fd: 30, socket name: rild-oem
06-13 12:17:34.057014  1371  1388 I RmcOemHandler: requestQueryThermal Enter: -1
06-13 12:17:34.057268  1371  1388 I AT      : [0] AT> AT+ETHERMAL (RIL_CMD_READER_1 tid:507789065456)
06-13 12:17:34.066956  1371  1387 I AT      : [0] AT< +ETHERMAL: 2, 32767, -127, 111, 32767, 4046 (RIL_CMD_READER_1, tid:507790101744)
06-13 12:17:34.067118  1371  1387 I AT      : [0] AT< OK (RIL_CMD_READER_1, tid:507790101744)
06-13 12:17:34.067441  1371  1388 I RmcOemHandler: requestQueryThermal success
06-13 12:17:37.230029  1371  1381 I AT      : [0] AT< +ECSQ: 57,41,1,-256,-15,1,1,4,32767,1 (RIL_URC_READER, tid:507895946480)
06-13 12:17:42.350944  1371  1381 I AT      : [0] AT< +ECSQ: 57,42,1,-256,-13,1,1,4,32767,1 (RIL_URC_READER, tid:507895946480)
06-13 12:17:42.352352  1371  1383 D RmcNwHdlr: [0] requestSignalStrength:sigRegisted[0000], sigUpdated[0X04]
06-13 12:17:42.352491  1371  1383 D RmcNwHdlr: [0] handleSignalStrength, gsm_signal_strength: 99, gsm_bit_error_rate: 99, gsm_timing_advance: 2147483647, cdma_dbm: 2147483647, cdma_ecio: 2147483647, evdo_dbm: 2147483647, evdo_ecio: 2147483647, evdo_snr: 2147483647, lte_signal_strength: 99, lte_rsrp: 2147483647, lte_rsrq: 2147483647, lte_rssnr: 2147483647, lte_cqi: 2147483647, lte_timing_advance: 2147483647, tdscdma_signal_strength: 99, tdscdma_bit_error_rate: 99, tdscdma_rscp: 255, wcdma_signal_strength: 24, wcdma_bit_error_rate: 99, wcdma_scdma_rscp: 57, wcdma_ecno: 42, ssRsrp: 2147483647, ssRsrq: 2147483647, ssSinr: 2147483647, csiRsrp: 2147483647, csiRsrq: 2147483647, csiSinr: 2147483647
06-13 12:17:44.074792  1371  1436 I RilClient: initialize: commandFd is 65
06-13 12:17:44.075380  1371  1436 I RilClient: start listen on fd: 30, socket name: rild-oem
06-13 12:17:44.076746  1371  1388 I RmcOemHandler: requestQueryThermal Enter: -1
06-13 12:17:44.076906  1371  1388 I AT      : [0] AT> AT+ETHERMAL (RIL_CMD_READER_1 tid:507789065456)
06-13 12:17:44.086826  1371  1387 I AT      : [0] AT< +ETHERMAL: 2, 32767, -127, 111, 32767, 4046 (RIL_CMD_READER_1, tid:507790101744)
06-13 12:17:44.086990  1371  1387 I AT      : [0] AT< OK (RIL_CMD_READER_1, tid:507790101744)
06-13 12:17:44.087311  1371  1388 I RmcOemHandler: requestQueryThermal success
06-13 12:17:47.462897  1371  1381 I AT      : [0] AT< +ECSQ: 56,41,1,-257,-16,1,1,4,32767,1 (RIL_URC_READER, tid:507895946480)
06-13 12:17:47.464321  1371  1383 D RmcNwHdlr: [0] requestSignalStrength:sigRegisted[0000], sigUpdated[0X04]
06-13 12:17:47.464461  1371  1383 D RmcNwHdlr: [0] handleSignalStrength, gsm_signal_strength: 99, gsm_bit_error_rate: 99, gsm_timing_advance: 2147483647, cdma_dbm: 2147483647, cdma_ecio: 2147483647, evdo_dbm: 2147483647, evdo_ecio: 2147483647, evdo_snr: 2147483647, lte_signal_strength: 99, lte_rsrp: 2147483647, lte_rsrq: 2147483647, lte_rssnr: 2147483647, lte_cqi: 2147483647, lte_timing_advance: 2147483647, tdscdma_signal_strength: 99, tdscdma_bit_error_rate: 99, tdscdma_rscp: 255, wcdma_signal_strength: 24, wcdma_bit_error_rate: 99, wcdma_scdma_rscp: 56, wcdma_ecno: 41, ssRsrp: 2147483647, ssRsrq: 2147483647, ssSinr: 2147483647, csiRsrp: 2147483647, csiRsrq: 2147483647, csiSinr: 2147483647
06-13 12:17:52.583937  1371  1381 I AT      : [0] AT< +ECSQ: 56,41,1,-258,-16,1,1,4,32767,1 (RIL_URC_READER, tid:507895946480)
06-13 12:17:54.094878  1371  1436 I RilClient: initialize: commandFd is 77
06-13 12:17:54.095470  1371  1436 I RilClient: start listen on fd: 30, socket name: rild-oem
06-13 12:17:54.096832  1371  1388 I RmcOemHandler: requestQueryThermal Enter: -1
06-13 12:17:54.096992  1371  1388 I AT      : [0] AT> AT+ETHERMAL (RIL_CMD_READER_1 tid:507789065456)
06-13 12:17:54.106640  1371  1387 I AT      : [0] AT< +ETHERMAL: 2, 32767, -127, 111, 32767, 4046 (RIL_CMD_READER_1, tid:507790101744)
06-13 12:17:54.106813  1371  1387 I AT      : [0] AT< OK (RIL_CMD_READER_1, tid:507790101744)
06-13 12:17:54.107136  1371  1388 I RmcOemHandler: requestQueryThermal success
06-13 12:17:57.704901  1371  1381 I AT      : [0] AT< +ECSQ: 57,41,1,-256,-16,1,1,4,32767,1 (RIL_URC_READER, tid:507895946480)
06-13 12:17:57.706414  1371  1383 D RmcNwHdlr: [0] requestSignalStrength:sigRegisted[0000], sigUpdated[0X04]
06-13 12:17:57.706695  1371  1383 D RmcNwHdlr: [0] handleSignalStrength, gsm_signal_strength: 99, gsm_bit_error_rate: 99, gsm_timing_advance: 2147483647, cdma_dbm: 2147483647, cdma_ecio: 2147483647, evdo_dbm: 2147483647, evdo_ecio: 2147483647, evdo_snr: 2147483647, lte_signal_strength: 99, lte_rsrp: 2147483647, lte_rsrq: 2147483647, lte_rssnr: 2147483647, lte_cqi: 2147483647, lte_timing_advance: 2147483647, tdscdma_signal_strength: 99, tdscdma_bit_error_rate: 99, tdscdma_rscp: 255, wcdma_signal_strength: 24, wcdma_bit_error_rate: 99, wcdma_scdma_rscp: 57, wcdma_ecno: 41, ssRsrp: 2147483647, ssRsrq: 2147483647, ssSinr: 2147483647, csiRsrp: 2147483647, csiRsrq: 2147483647, csiSinr: 2147483647
06-13 12:18:02.826168  1371  1381 I AT      : [0] AT< +ECSQ: 57,43,1,-254,-12,1,1,4,32767,1 (RIL_URC_READER, tid:507895946480)
06-13 12:18:02.827575  1371  1383 D RmcNwHdlr: [0] requestSignalStrength:sigRegisted[0000], sigUpdated[0X04]
06-13 12:18:02.827721  1371  1383 D RmcNwHdlr: [0] handleSignalStrength, gsm_signal_strength: 99, gsm_bit_error_rate: 99, gsm_timing_advance: 2147483647, cdma_dbm: 2147483647, cdma_ecio: 2147483647, evdo_dbm: 2147483647, evdo_ecio: 2147483647, evdo_snr: 2147483647, lte_signal_strength: 99, lte_rsrp: 2147483647, lte_rsrq: 2147483647, lte_rssnr: 2147483647, lte_cqi: 2147483647, lte_timing_advance: 2147483647, tdscdma_signal_strength: 99, tdscdma_bit_error_rate: 99, tdscdma_rscp: 255, wcdma_signal_strength: 24, wcdma_bit_error_rate: 99, wcdma_scdma_rscp: 57, wcdma_ecno: 43, ssRsrp: 2147483647, ssRsrq: 2147483647, ssSinr: 2147483647, csiRsrp: 2147483647, csiRsrq: 2147483647, csiSinr: 2147483647
06-13 12:18:04.115068  1371  1436 I RilClient: initialize: commandFd is 65
06-13 12:18:04.115663  1371  1436 I RilClient: start listen on fd: 30, socket name: rild-oem
06-13 12:18:04.117036  1371  1388 I RmcOemHandler: requestQueryThermal Enter: -1
06-13 12:18:04.117286  1371  1388 I AT      : [0] AT> AT+ETHERMAL (RIL_CMD_READER_1 tid:507789065456)
06-13 12:18:04.126678  1371  1387 I AT      : [0] AT< +ETHERMAL: 2, 32767, -127, 111, 32767, 4046 (RIL_CMD_READER_1, tid:507790101744)
06-13 12:18:04.126802  1371  1387 I AT      : [0] AT< OK (RIL_CMD_READER_1, tid:507790101744)
06-13 12:18:04.127102  1371  1388 I RmcOemHandler: requestQueryThermal success
06-13 12:18:07.947666  1371  1381 I AT      : [0] AT< +ECSQ: 57,43,1,-255,-12,1,1,4,32767,1 (RIL_URC_READER, tid:507895946480)
06-13 12:18:13.068655  1371  1381 I AT      : [0] AT< +ECSQ: 57,42,1,-255,-13,1,1,4,32767,1 (RIL_URC_READER, tid:507895946480)
06-13 12:18:13.070129  1371  1383 D RmcNwHdlr: [0] requestSignalStrength:sigRegisted[0000], sigUpdated[0X04]
06-13 12:18:13.070258  1371  1383 D RmcNwHdlr: [0] handleSignalStrength, gsm_signal_strength: 99, gsm_bit_error_rate: 99, gsm_timing_advance: 2147483647, cdma_dbm: 2147483647, cdma_ecio: 2147483647, evdo_dbm: 2147483647, evdo_ecio: 2147483647, evdo_snr: 2147483647, lte_signal_strength: 99, lte_rsrp: 2147483647, lte_rsrq: 2147483647, lte_rssnr: 2147483647, lte_cqi: 2147483647, lte_timing_advance: 2147483647, tdscdma_signal_strength: 99, tdscdma_bit_error_rate: 99, tdscdma_rscp: 255, wcdma_signal_strength: 24, wcdma_bit_error_rate: 99, wcdma_scdma_rscp: 57, wcdma_ecno: 42, ssRsrp: 2147483647, ssRsrq: 2147483647, ssSinr: 2147483647, csiRsrp: 2147483647, csiRsrq: 2147483647, csiSinr: 2147483647
06-13 12:18:14.134881  1371  1436 I RilClient: initialize: commandFd is 77
06-13 12:18:14.135479  1371  1436 I RilClient: start listen on fd: 30, socket name: rild-oem
06-13 12:18:14.136836  1371  1388 I RmcOemHandler: requestQueryThermal Enter: -1
06-13 12:18:14.136997  1371  1388 I AT      : [0] AT> AT+ETHERMAL (RIL_CMD_READER_1 tid:507789065456)
06-13 12:18:14.146593  1371  1387 I AT      : [0] AT< +ETHERMAL: 2, 32767, -127, 111, 32767, 4046 (RIL_CMD_READER_1, tid:507790101744)
06-13 12:18:14.146719  1371  1387 I AT      : [0] AT< OK (RIL_CMD_READER_1, tid:507790101744)
06-13 12:18:14.147008  1371  1388 I RmcOemHandler: requestQueryThermal success
06-13 12:18:18.189931  1371  1381 I AT      : [0] AT< +ECSQ: 57,42,1,-256,-13,1,1,4,32767,1 (RIL_URC_READER, tid:507895946480)
06-13 12:18:23.310953  1371  1381 I AT      : [0] AT< +ECSQ: 57,43,1,-255,-12,1,1,4,32767,1 (RIL_URC_READER, tid:507895946480)
06-13 12:18:23.312345  1371  1383 D RmcNwHdlr: [0] requestSignalStrength:sigRegisted[0000], sigUpdated[0X04]
06-13 12:18:23.312473  1371  1383 D RmcNwHdlr: [0] handleSignalStrength, gsm_signal_strength: 99, gsm_bit_error_rate: 99, gsm_timing_advance: 2147483647, cdma_dbm: 2147483647, cdma_ecio: 2147483647, evdo_dbm: 2147483647, evdo_ecio: 2147483647, evdo_snr: 2147483647, lte_signal_strength: 99, lte_rsrp: 2147483647, lte_rsrq: 2147483647, lte_rssnr: 2147483647, lte_cqi: 2147483647, lte_timing_advance: 2147483647, tdscdma_signal_strength: 99, tdscdma_bit_error_rate: 99, tdscdma_rscp: 255, wcdma_signal_strength: 24, wcdma_bit_error_rate: 99, wcdma_scdma_rscp: 57, wcdma_ecno: 43, ssRsrp: 2147483647, ssRsrq: 2147483647, ssSinr: 2147483647, csiRsrp: 2147483647, csiRsrq: 2147483647, csiSinr: 2147483647
06-13 12:18:24.154554  1371  1436 I RilClient: initialize: commandFd is 65
06-13 12:18:24.155140  1371  1436 I RilClient: start listen on fd: 30, socket name: rild-oem
06-13 12:18:24.156495  1371  1388 I RmcOemHandler: requestQueryThermal Enter: -1
06-13 12:18:24.156655  1371  1388 I AT      : [0] AT> AT+ETHERMAL (RIL_CMD_READER_1 tid:507789065456)
06-13 12:18:24.166214  1371  1387 I AT      : [0] AT< +ETHERMAL: 2, 32767, -127, 111, 32767, 4046 (RIL_CMD_READER_1, tid:507790101744)
06-13 12:18:24.166336  1371  1387 I AT      : [0] AT< OK (RIL_CMD_READER_1, tid:507790101744)
06-13 12:18:24.166629  1371  1388 I RmcOemHandler: requestQueryThermal success
06-13 12:18:28.422910  1371  1381 I AT      : [0] AT< +ECSQ: 57,43,1,-255,-11,1,1,4,32767,1 (RIL_URC_READER, tid:507895946480)
06-13 12:18:33.544071  1371  1381 I AT      : [0] AT< +ECSQ: 56,42,1,-258,-14,1,1,4,32767,1 (RIL_URC_READER, tid:507895946480)
06-13 12:18:33.545584  1371  1383 D RmcNwHdlr: [0] requestSignalStrength:sigRegisted[0000], sigUpdated[0X04]
06-13 12:18:33.545719  1371  1383 D RmcNwHdlr: [0] handleSignalStrength, gsm_signal_strength: 99, gsm_bit_error_rate: 99, gsm_timing_advance: 2147483647, cdma_dbm: 2147483647, cdma_ecio: 2147483647, evdo_dbm: 2147483647, evdo_ecio: 2147483647, evdo_snr: 2147483647, lte_signal_strength: 99, lte_rsrp: 2147483647, lte_rsrq: 2147483647, lte_rssnr: 2147483647, lte_cqi: 2147483647, lte_timing_advance: 2147483647, tdscdma_signal_strength: 99, tdscdma_bit_error_rate: 99, tdscdma_rscp: 255, wcdma_signal_strength: 24, wcdma_bit_error_rate: 99, wcdma_scdma_rscp: 56, wcdma_ecno: 42, ssRsrp: 2147483647, ssRsrq: 2147483647, ssSinr: 2147483647, csiRsrp: 2147483647, csiRsrq: 2147483647, csiSinr: 2147483647
06-13 12:18:34.174409  1371  1436 I RilClient: initialize: commandFd is 77
06-13 12:18:34.175007  1371  1436 I RilClient: start listen on fd: 30, socket name: rild-oem
06-13 12:18:34.176384  1371  1388 I RmcOemHandler: requestQueryThermal Enter: -1
06-13 12:18:34.176545  1371  1388 I AT      : [0] AT> AT+ETHERMAL (RIL_CMD_READER_1 tid:507789065456)
06-13 12:18:34.186084  1371  1387 I AT      : [0] AT< +ETHERMAL: 2, 32767, -127, 111, 32767, 4046 (RIL_CMD_READER_1, tid:507790101744)
06-13 12:18:34.186208  1371  1387 I AT      : [0] AT< OK (RIL_CMD_READER_1, tid:507790101744)
06-13 12:18:34.186506  1371  1388 I RmcOemHandler: requestQueryThermal success
06-13 12:18:38.665113  1371  1381 I AT      : [0] AT< +ECSQ: 56,40,1,-258,-18,1,1,4,32767,1 (RIL_URC_READER, tid:507895946480)
06-13 12:18:38.666628  1371  1383 D RmcNwHdlr: [0] requestSignalStrength:sigRegisted[0000], sigUpdated[0X04]
06-13 12:18:38.666990  1371  1383 D RmcNwHdlr: [0] handleSignalStrength, gsm_signal_strength: 99, gsm_bit_error_rate: 99, gsm_timing_advance: 2147483647, cdma_dbm: 2147483647, cdma_ecio: 2147483647, evdo_dbm: 2147483647, evdo_ecio: 2147483647, evdo_snr: 2147483647, lte_signal_strength: 99, lte_rsrp: 2147483647, lte_rsrq: 2147483647, lte_rssnr: 2147483647, lte_cqi: 2147483647, lte_timing_advance: 2147483647, tdscdma_signal_strength: 99, tdscdma_bit_error_rate: 99, tdscdma_rscp: 255, wcdma_signal_strength: 24, wcdma_bit_error_rate: 99, wcdma_scdma_rscp: 56, wcdma_ecno: 40, ssRsrp: 2147483647, ssRsrq: 2147483647, ssSinr: 2147483647, csiRsrp: 2147483647, csiRsrq: 2147483647, csiSinr: 2147483647
06-13 12:18:43.786003  1371  1381 I AT      : [0] AT< +ECSQ: 57,42,1,-255,-14,1,1,4,32767,1 (RIL_URC_READER, tid:507895946480)
06-13 12:18:43.787385  1371  1383 D RmcNwHdlr: [0] requestSignalStrength:sigRegisted[0000], sigUpdated[0X04]
06-13 12:18:43.787523  1371  1383 D RmcNwHdlr: [0] handleSignalStrength, gsm_signal_strength: 99, gsm_bit_error_rate: 99, gsm_timing_advance: 2147483647, cdma_dbm: 2147483647, cdma_ecio: 2147483647, evdo_dbm: 2147483647, evdo_ecio: 2147483647, evdo_snr: 2147483647, lte_signal_strength: 99, lte_rsrp: 2147483647, lte_rsrq: 2147483647, lte_rssnr: 2147483647, lte_cqi: 2147483647, lte_timing_advance: 2147483647, tdscdma_signal_strength: 99, tdscdma_bit_error_rate: 99, tdscdma_rscp: 255, wcdma_signal_strength: 24, wcdma_bit_error_rate: 99, wcdma_scdma_rscp: 57, wcdma_ecno: 42, ssRsrp: 2147483647, ssRsrq: 2147483647, ssSinr: 2147483647, csiRsrp: 2147483647, csiRsrq: 2147483647, csiSinr: 2147483647
06-13 12:18:44.194221  1371  1436 I RilClient: initialize: commandFd is 65
06-13 12:18:44.194812  1371  1436 I RilClient: start listen on fd: 30, socket name: rild-oem
06-13 12:18:44.196152  1371  1388 I RmcOemHandler: requestQueryThermal Enter: -1
06-13 12:18:44.196310  1371  1388 I AT      : [0] AT> AT+ETHERMAL (RIL_CMD_READER_1 tid:507789065456)
06-13 12:18:44.205810  1371  1387 I AT      : [0] AT< +ETHERMAL: 2, 32767, -127, 111, 32767, 4046 (RIL_CMD_READER_1, tid:507790101744)
06-13 12:18:44.205952  1371  1387 I AT      : [0] AT< OK (RIL_CMD_READER_1, tid:507790101744)
06-13 12:18:44.206261  1371  1388 I RmcOemHandler: requestQueryThermal success
06-13 12:18:48.907624  1371  1381 I AT      : [0] AT< +ECSQ: 57,43,1,-255,-12,1,1,4,32767,1 (RIL_URC_READER, tid:507895946480)
06-13 12:18:48.909029  1371  1383 D RmcNwHdlr: [0] requestSignalStrength:sigRegisted[0000], sigUpdated[0X04]
06-13 12:18:48.909258  1371  1383 D RmcNwHdlr: [0] handleSignalStrength, gsm_signal_strength: 99, gsm_bit_error_rate: 99, gsm_timing_advance: 2147483647, cdma_dbm: 2147483647, cdma_ecio: 2147483647, evdo_dbm: 2147483647, evdo_ecio: 2147483647, evdo_snr: 2147483647, lte_signal_strength: 99, lte_rsrp: 2147483647, lte_rsrq: 2147483647, lte_rssnr: 2147483647, lte_cqi: 2147483647, lte_timing_advance: 2147483647, tdscdma_signal_strength: 99, tdscdma_bit_error_rate: 99, tdscdma_rscp: 255, wcdma_signal_strength: 24, wcdma_bit_error_rate: 99, wcdma_scdma_rscp: 57, wcdma_ecno: 43, ssRsrp: 2147483647, ssRsrq: 2147483647, ssSinr: 2147483647, csiRsrp: 2147483647, csiRsrq: 2147483647, csiSinr: 2147483647
06-13 12:18:54.027960  1371  1381 I AT      : [0] AT< +ECSQ: 56,41,1,-258,-15,1,1,4,32767,1 (RIL_URC_READER, tid:507895946480)
06-13 12:18:54.028845  1371  1383 D RmcNwHdlr: [0] requestSignalStrength:sigRegisted[0000], sigUpdated[0X04]
06-13 12:18:54.028934  1371  1383 D RmcNwHdlr: [0] handleSignalStrength, gsm_signal_strength: 99, gsm_bit_error_rate: 99, gsm_timing_advance: 2147483647, cdma_dbm: 2147483647, cdma_ecio: 2147483647, evdo_dbm: 2147483647, evdo_ecio: 2147483647, evdo_snr: 2147483647, lte_signal_strength: 99, lte_rsrp: 2147483647, lte_rsrq: 2147483647, lte_rssnr: 2147483647, lte_cqi: 2147483647, lte_timing_advance: 2147483647, tdscdma_signal_strength: 99, tdscdma_bit_error_rate: 99, tdscdma_rscp: 255, wcdma_signal_strength: 24, wcdma_bit_error_rate: 99, wcdma_scdma_rscp: 56, wcdma_ecno: 41, ssRsrp: 2147483647, ssRsrq: 2147483647, ssSinr: 2147483647, csiRsrp: 2147483647, csiRsrq: 2147483647, csiSinr: 2147483647
06-13 12:18:54.213867  1371  1436 I RilClient: initialize: commandFd is 77
06-13 12:18:54.214457  1371  1436 I RilClient: start listen on fd: 30, socket name: rild-oem
06-13 12:18:54.215743  1371  1388 I RmcOemHandler: requestQueryThermal Enter: -1
06-13 12:18:54.215899  1371  1388 I AT      : [0] AT> AT+ETHERMAL (RIL_CMD_READER_1 tid:507789065456)
06-13 12:18:54.225269  1371  1387 I AT      : [0] AT< +ETHERMAL: 2, 32767, -127, 111, 32767, 4046 (RIL_CMD_READER_1, tid:507790101744)
06-13 12:18:54.225389  1371  1387 I AT      : [0] AT< OK (RIL_CMD_READER_1, tid:507790101744)
06-13 12:18:54.225677  1371  1388 I RmcOemHandler: requestQueryThermal success
06-13 12:18:59.149854  1371  1381 I AT      : [0] AT< +ECSQ: 57,43,1,-256,-12,1,1,4,32767,1 (RIL_URC_READER, tid:507895946480)
06-13 12:18:59.151196  1371  1383 D RmcNwHdlr: [0] requestSignalStrength:sigRegisted[0000], sigUpdated[0X04]
06-13 12:18:59.151331  1371  1383 D RmcNwHdlr: [0] handleSignalStrength, gsm_signal_strength: 99, gsm_bit_error_rate: 99, gsm_timing_advance: 2147483647, cdma_dbm: 2147483647, cdma_ecio: 2147483647, evdo_dbm: 2147483647, evdo_ecio: 2147483647, evdo_snr: 2147483647, lte_signal_strength: 99, lte_rsrp: 2147483647, lte_rsrq: 2147483647, lte_rssnr: 2147483647, lte_cqi: 2147483647, lte_timing_advance: 2147483647, tdscdma_signal_strength: 99, tdscdma_bit_error_rate: 99, tdscdma_rscp: 255, wcdma_signal_strength: 24, wcdma_bit_error_rate: 99, wcdma_scdma_rscp: 57, wcdma_ecno: 43, ssRsrp: 2147483647, ssRsrq: 2147483647, ssSinr: 2147483647, csiRsrp: 2147483647, csiRsrq: 2147483647, csiSinr: 2147483647
06-13 12:19:04.233579  1371  1436 I RilClient: initialize: commandFd is 65
06-13 12:19:04.234144  1371  1436 I RilClient: start listen on fd: 30, socket name: rild-oem
06-13 12:19:04.235596  1371  1388 I RmcOemHandler: requestQueryThermal Enter: -1
06-13 12:19:04.235736  1371  1388 I AT      : [0] AT> AT+ETHERMAL (RIL_CMD_READER_1 tid:507789065456)
06-13 12:19:04.245321  1371  1387 I AT      : [0] AT< +ETHERMAL: 2, 32767, -127, 111, 32767, 4046 (RIL_CMD_READER_1, tid:507790101744)
06-13 12:19:04.245483  1371  1387 I AT      : [0] AT< OK (RIL_CMD_READER_1, tid:507790101744)
06-13 12:19:04.245796  1371  1388 I RmcOemHandler: requestQueryThermal success
06-13 12:19:04.270449  1371  1381 I AT      : [0] AT< +ECSQ: 57,43,1,-255,-11,1,1,4,32767,1 (RIL_URC_READER, tid:507895946480)
06-13 12:19:09.382891  1371  1381 I AT      : [0] AT< +ECSQ: 57,42,1,-255,-13,1,1,4,32767,1 (RIL_URC_READER, tid:507895946480)
06-13 12:19:09.384270  1371  1383 D RmcNwHdlr: [0] requestSignalStrength:sigRegisted[0000], sigUpdated[0X04]
06-13 12:19:09.384398  1371  1383 D RmcNwHdlr: [0] handleSignalStrength, gsm_signal_strength: 99, gsm_bit_error_rate: 99, gsm_timing_advance: 2147483647, cdma_dbm: 2147483647, cdma_ecio: 2147483647, evdo_dbm: 2147483647, evdo_ecio: 2147483647, evdo_snr: 2147483647, lte_signal_strength: 99, lte_rsrp: 2147483647, lte_rsrq: 2147483647, lte_rssnr: 2147483647, lte_cqi: 2147483647, lte_timing_advance: 2147483647, tdscdma_signal_strength: 99, tdscdma_bit_error_rate: 99, tdscdma_rscp: 255, wcdma_signal_strength: 24, wcdma_bit_error_rate: 99, wcdma_scdma_rscp: 57, wcdma_ecno: 42, ssRsrp: 2147483647, ssRsrq: 2147483647, ssSinr: 2147483647, csiRsrp: 2147483647, csiRsrq: 2147483647, csiSinr: 2147483647
06-13 12:19:14.253842  1371  1436 I RilClient: initialize: commandFd is 77
06-13 12:19:14.254428  1371  1436 I RilClient: start listen on fd: 30, socket name: rild-oem
06-13 12:19:14.255685  1371  1388 I RmcOemHandler: requestQueryThermal Enter: -1
06-13 12:19:14.255828  1371  1388 I AT      : [0] AT> AT+ETHERMAL (RIL_CMD_READER_1 tid:507789065456)
06-13 12:19:14.265374  1371  1387 I AT      : [0] AT< +ETHERMAL: 2, 32767, -127, 111, 32767, 4046 (RIL_CMD_READER_1, tid:507790101744)
06-13 12:19:14.265502  1371  1387 I AT      : [0] AT< OK (RIL_CMD_READER_1, tid:507790101744)
06-13 12:19:14.265802  1371  1388 I RmcOemHandler: requestQueryThermal success
06-13 12:19:14.503935  1371  1381 I AT      : [0] AT< +ECSQ: 56,42,1,-258,-14,1,1,4,32767,1 (RIL_URC_READER, tid:507895946480)
06-13 12:19:14.505428  1371  1383 D RmcNwHdlr: [0] requestSignalStrength:sigRegisted[0000], sigUpdated[0X04]
06-13 12:19:14.505555  1371  1383 D RmcNwHdlr: [0] handleSignalStrength, gsm_signal_strength: 99, gsm_bit_error_rate: 99, gsm_timing_advance: 2147483647, cdma_dbm: 2147483647, cdma_ecio: 2147483647, evdo_dbm: 2147483647, evdo_ecio: 2147483647, evdo_snr: 2147483647, lte_signal_strength: 99, lte_rsrp: 2147483647, lte_rsrq: 2147483647, lte_rssnr: 2147483647, lte_cqi: 2147483647, lte_timing_advance: 2147483647, tdscdma_signal_strength: 99, tdscdma_bit_error_rate: 99, tdscdma_rscp: 255, wcdma_signal_strength: 24, wcdma_bit_error_rate: 99, wcdma_scdma_rscp: 56, wcdma_ecno: 42, ssRsrp: 2147483647, ssRsrq: 2147483647, ssSinr: 2147483647, csiRsrp: 2147483647, csiRsrq: 2147483647, csiSinr: 2147483647
06-13 12:19:19.624921  1371  1381 I AT      : [0] AT< +ECSQ: 56,42,1,-259,-14,1,1,4,32767,1 (RIL_URC_READER, tid:507895946480)
06-13 12:19:24.273575  1371  1436 I RilClient: initialize: commandFd is 65
06-13 12:19:24.274132  1371  1436 I RilClient: start listen on fd: 30, socket name: rild-oem
06-13 12:19:24.275625  1371  1388 I RmcOemHandler: requestQueryThermal Enter: -1
06-13 12:19:24.275784  1371  1388 I AT      : [0] AT> AT+ETHERMAL (RIL_CMD_READER_1 tid:507789065456)
06-13 12:19:24.285279  1371  1387 I AT      : [0] AT< +ETHERMAL: 2, 32767, -127, 111, 32767, 4046 (RIL_CMD_READER_1, tid:507790101744)
06-13 12:19:24.285407  1371  1387 I AT      : [0] AT< OK (RIL_CMD_READER_1, tid:507790101744)
06-13 12:19:24.285706  1371  1388 I RmcOemHandler: requestQueryThermal success
06-13 12:19:24.745953  1371  1381 I AT      : [0] AT< +ECSQ: 56,43,1,-257,-12,1,1,4,32767,1 (RIL_URC_READER, tid:507895946480)
06-13 12:19:24.747329  1371  1383 D RmcNwHdlr: [0] requestSignalStrength:sigRegisted[0000], sigUpdated[0X04]
06-13 12:19:24.747454  1371  1383 D RmcNwHdlr: [0] handleSignalStrength, gsm_signal_strength: 99, gsm_bit_error_rate: 99, gsm_timing_advance: 2147483647, cdma_dbm: 2147483647, cdma_ecio: 2147483647, evdo_dbm: 2147483647, evdo_ecio: 2147483647, evdo_snr: 2147483647, lte_signal_strength: 99, lte_rsrp: 2147483647, lte_rsrq: 2147483647, lte_rssnr: 2147483647, lte_cqi: 2147483647, lte_timing_advance: 2147483647, tdscdma_signal_strength: 99, tdscdma_bit_error_rate: 99, tdscdma_rscp: 255, wcdma_signal_strength: 24, wcdma_bit_error_rate: 99, wcdma_scdma_rscp: 56, wcdma_ecno: 43, ssRsrp: 2147483647, ssRsrq: 2147483647, ssSinr: 2147483647, csiRsrp: 2147483647, csiRsrq: 2147483647, csiSinr: 2147483647
06-13 12:19:29.867676  1371  1381 I AT      : [0] AT< +ECSQ: 56,43,1,-258,-12,1,1,4,32767,1 (RIL_URC_READER, tid:507895946480)
06-13 12:19:34.288331  1371  1436 I RilClient: initialize: commandFd is 77
06-13 12:19:34.288911  1371  1436 I RilClient: start listen on fd: 30, socket name: rild-oem
06-13 12:19:34.290571  1371  1388 I RmcOemHandler: requestQueryThermal Enter: -1
06-13 12:19:34.290731  1371  1388 I AT      : [0] AT> AT+ETHERMAL (RIL_CMD_READER_1 tid:507789065456)
06-13 12:19:34.300222  1371  1387 I AT      : [0] AT< +ETHERMAL: 2, 32767, -127, 111, 32767, 4046 (RIL_CMD_READER_1, tid:507790101744)
06-13 12:19:34.300345  1371  1387 I AT      : [0] AT< OK (RIL_CMD_READER_1, tid:507790101744)
06-13 12:19:34.300559  1371  1388 I RmcOemHandler: requestQueryThermal success
06-13 12:19:34.987989  1371  1381 I AT      : [0] AT< +ECSQ: 56,42,1,-260,-13,1,1,4,32767,1 (RIL_URC_READER, tid:507895946480)
06-13 12:19:34.988963  1371  1383 D RmcNwHdlr: [0] requestSignalStrength:sigRegisted[0000], sigUpdated[0X04]
06-13 12:19:34.989045  1371  1383 D RmcNwHdlr: [0] handleSignalStrength, gsm_signal_strength: 99, gsm_bit_error_rate: 99, gsm_timing_advance: 2147483647, cdma_dbm: 2147483647, cdma_ecio: 2147483647, evdo_dbm: 2147483647, evdo_ecio: 2147483647, evdo_snr: 2147483647, lte_signal_strength: 99, lte_rsrp: 2147483647, lte_rsrq: 2147483647, lte_rssnr: 2147483647, lte_cqi: 2147483647, lte_timing_advance: 2147483647, tdscdma_signal_strength: 99, tdscdma_bit_error_rate: 99, tdscdma_rscp: 255, wcdma_signal_strength: 24, wcdma_bit_error_rate: 99, wcdma_scdma_rscp: 56, wcdma_ecno: 42, ssRsrp: 2147483647, ssRsrq: 2147483647, ssSinr: 2147483647, csiRsrp: 2147483647, csiRsrq: 2147483647, csiSinr: 2147483647
06-13 12:19:40.109814  1371  1381 I AT      : [0] AT< +ECSQ: 56,42,1,-258,-14,1,1,4,32767,1 (RIL_URC_READER, tid:507895946480)
06-13 12:19:44.308357  1371  1436 I RilClient: initialize: commandFd is 65
06-13 12:19:44.308936  1371  1436 I RilClient: start listen on fd: 30, socket name: rild-oem
06-13 12:19:44.310599  1371  1388 I RmcOemHandler: requestQueryThermal Enter: -1
06-13 12:19:44.310744  1371  1388 I AT      : [0] AT> AT+ETHERMAL (RIL_CMD_READER_1 tid:507789065456)
06-13 12:19:44.320269  1371  1387 I AT      : [0] AT< +ETHERMAL: 2, 32767, -127, 111, 32767, 4046 (RIL_CMD_READER_1, tid:507790101744)
06-13 12:19:44.320391  1371  1387 I AT      : [0] AT< OK (RIL_CMD_READER_1, tid:507790101744)
06-13 12:19:44.320607  1371  1388 I RmcOemHandler: requestQueryThermal success
06-13 12:19:45.231338  1371  1381 I AT      : [0] AT< +ECSQ: 56,43,1,-260,-11,1,1,4,32767,1 (RIL_URC_READER, tid:507895946480)
06-13 12:19:45.232728  1371  1383 D RmcNwHdlr: [0] requestSignalStrength:sigRegisted[0000], sigUpdated[0X04]
06-13 12:19:45.232853  1371  1383 D RmcNwHdlr: [0] handleSignalStrength, gsm_signal_strength: 99, gsm_bit_error_rate: 99, gsm_timing_advance: 2147483647, cdma_dbm: 2147483647, cdma_ecio: 2147483647, evdo_dbm: 2147483647, evdo_ecio: 2147483647, evdo_snr: 2147483647, lte_signal_strength: 99, lte_rsrp: 2147483647, lte_rsrq: 2147483647, lte_rssnr: 2147483647, lte_cqi: 2147483647, lte_timing_advance: 2147483647, tdscdma_signal_strength: 99, tdscdma_bit_error_rate: 99, tdscdma_rscp: 255, wcdma_signal_strength: 24, wcdma_bit_error_rate: 99, wcdma_scdma_rscp: 56, wcdma_ecno: 43, ssRsrp: 2147483647, ssRsrq: 2147483647, ssSinr: 2147483647, csiRsrp: 2147483647, csiRsrq: 2147483647, csiSinr: 2147483647
06-13 12:19:50.342861  1371  1381 I AT      : [0] AT< +ECSQ: 56,42,1,-260,-14,1,1,4,32767,1 (RIL_URC_READER, tid:507895946480)
06-13 12:19:50.344233  1371  1383 D RmcNwHdlr: [0] requestSignalStrength:sigRegisted[0000], sigUpdated[0X04]
06-13 12:19:50.344361  1371  1383 D RmcNwHdlr: [0] handleSignalStrength, gsm_signal_strength: 99, gsm_bit_error_rate: 99, gsm_timing_advance: 2147483647, cdma_dbm: 2147483647, cdma_ecio: 2147483647, evdo_dbm: 2147483647, evdo_ecio: 2147483647, evdo_snr: 2147483647, lte_signal_strength: 99, lte_rsrp: 2147483647, lte_rsrq: 2147483647, lte_rssnr: 2147483647, lte_cqi: 2147483647, lte_timing_advance: 2147483647, tdscdma_signal_strength: 99, tdscdma_bit_error_rate: 99, tdscdma_rscp: 255, wcdma_signal_strength: 24, wcdma_bit_error_rate: 99, wcdma_scdma_rscp: 56, wcdma_ecno: 42, ssRsrp: 2147483647, ssRsrq: 2147483647, ssSinr: 2147483647, csiRsrp: 2147483647, csiRsrq: 2147483647, csiSinr: 2147483647
06-13 12:19:54.328404  1371  1436 I RilClient: initialize: commandFd is 77
06-13 12:19:54.328962  1371  1436 I RilClient: start listen on fd: 30, socket name: rild-oem
06-13 12:19:54.330646  1371  1388 I RmcOemHandler: requestQueryThermal Enter: -1
06-13 12:19:54.330792  1371  1388 I AT      : [0] AT> AT+ETHERMAL (RIL_CMD_READER_1 tid:507789065456)
06-13 12:19:54.340478  1371  1387 I AT      : [0] AT< +ETHERMAL: 2, 32767, -127, 111, 32767, 4046 (RIL_CMD_READER_1, tid:507790101744)
06-13 12:19:54.340593  1371  1387 I AT      : [0] AT< OK (RIL_CMD_READER_1, tid:507790101744)
06-13 12:19:54.340805  1371  1388 I RmcOemHandler: requestQueryThermal success
06-13 12:19:55.463939  1371  1381 I AT      : [0] AT< +ECSQ: 56,40,1,-260,-18,1,1,4,32767,1 (RIL_URC_READER, tid:507895946480)
06-13 12:19:55.465434  1371  1383 D RmcNwHdlr: [0] requestSignalStrength:sigRegisted[0000], sigUpdated[0X04]
06-13 12:19:55.465561  1371  1383 D RmcNwHdlr: [0] handleSignalStrength, gsm_signal_strength: 99, gsm_bit_error_rate: 99, gsm_timing_advance: 2147483647, cdma_dbm: 2147483647, cdma_ecio: 2147483647, evdo_dbm: 2147483647, evdo_ecio: 2147483647, evdo_snr: 2147483647, lte_signal_strength: 99, lte_rsrp: 2147483647, lte_rsrq: 2147483647, lte_rssnr: 2147483647, lte_cqi: 2147483647, lte_timing_advance: 2147483647, tdscdma_signal_strength: 99, tdscdma_bit_error_rate: 99, tdscdma_rscp: 255, wcdma_signal_strength: 24, wcdma_bit_error_rate: 99, wcdma_scdma_rscp: 56, wcdma_ecno: 40, ssRsrp: 2147483647, ssRsrq: 2147483647, ssSinr: 2147483647, csiRsrp: 2147483647, csiRsrq: 2147483647, csiSinr: 2147483647
06-13 12:20:00.585007  1371  1381 I AT      : [0] AT< +ECSQ: 56,42,1,-259,-13,1,1,4,32767,1 (RIL_URC_READER, tid:507895946480)
06-13 12:20:00.586468  1371  1383 D RmcNwHdlr: [0] requestSignalStrength:sigRegisted[0000], sigUpdated[0X04]
06-13 12:20:00.586734  1371  1383 D RmcNwHdlr: [0] handleSignalStrength, gsm_signal_strength: 99, gsm_bit_error_rate: 99, gsm_timing_advance: 2147483647, cdma_dbm: 2147483647, cdma_ecio: 2147483647, evdo_dbm: 2147483647, evdo_ecio: 2147483647, evdo_snr: 2147483647, lte_signal_strength: 99, lte_rsrp: 2147483647, lte_rsrq: 2147483647, lte_rssnr: 2147483647, lte_cqi: 2147483647, lte_timing_advance: 2147483647, tdscdma_signal_strength: 99, tdscdma_bit_error_rate: 99, tdscdma_rscp: 255, wcdma_signal_strength: 24, wcdma_bit_error_rate: 99, wcdma_scdma_rscp: 56, wcdma_ecno: 42, ssRsrp: 2147483647, ssRsrq: 2147483647, ssSinr: 2147483647, csiRsrp: 2147483647, csiRsrq: 2147483647, csiSinr: 2147483647
06-13 12:20:04.348021  1371  1436 I RilClient: initialize: commandFd is 65
06-13 12:20:04.348605  1371  1436 I RilClient: start listen on fd: 30, socket name: rild-oem
06-13 12:20:04.350257  1371  1388 I RmcOemHandler: requestQueryThermal Enter: -1
06-13 12:20:04.350404  1371  1388 I AT      : [0] AT> AT+ETHERMAL (RIL_CMD_READER_1 tid:507789065456)
06-13 12:20:04.360085  1371  1387 I AT      : [0] AT< +ETHERMAL: 2, 32767, -127, 111, 32767, 4046 (RIL_CMD_READER_1, tid:507790101744)
06-13 12:20:04.360217  1371  1387 I AT      : [0] AT< OK (RIL_CMD_READER_1, tid:507790101744)
06-13 12:20:04.360440  1371  1388 I RmcOemHandler: requestQueryThermal success
06-13 12:20:05.706232  1371  1381 I AT      : [0] AT< +ECSQ: 56,42,1,-260,-13,1,1,4,32767,1 (RIL_URC_READER, tid:507895946480)
06-13 12:20:10.827732  1371  1381 I AT      : [0] AT< +ECSQ: 56,43,1,-257,-12,1,1,4,32767,1 (RIL_URC_READER, tid:507895946480)
06-13 12:20:10.829112  1371  1383 D RmcNwHdlr: [0] requestSignalStrength:sigRegisted[0000], sigUpdated[0X04]
06-13 12:20:10.829344  1371  1383 D RmcNwHdlr: [0] handleSignalStrength, gsm_signal_strength: 99, gsm_bit_error_rate: 99, gsm_timing_advance: 2147483647, cdma_dbm: 2147483647, cdma_ecio: 2147483647, evdo_dbm: 2147483647, evdo_ecio: 2147483647, evdo_snr: 2147483647, lte_signal_strength: 99, lte_rsrp: 2147483647, lte_rsrq: 2147483647, lte_rssnr: 2147483647, lte_cqi: 2147483647, lte_timing_advance: 2147483647, tdscdma_signal_strength: 99, tdscdma_bit_error_rate: 99, tdscdma_rscp: 255, wcdma_signal_strength: 24, wcdma_bit_error_rate: 99, wcdma_scdma_rscp: 56, wcdma_ecno: 43, ssRsrp: 2147483647, ssRsrq: 2147483647, ssSinr: 2147483647, csiRsrp: 2147483647, csiRsrq: 2147483647, csiSinr: 2147483647
06-13 12:20:14.364621  1371  1436 I RilClient: initialize: commandFd is 77
06-13 12:20:14.365343  1371  1436 I RilClient: start listen on fd: 30, socket name: rild-oem
06-13 12:20:14.366877  1371  1388 I RmcOemHandler: requestQueryThermal Enter: -1
06-13 12:20:14.367024  1371  1388 I AT      : [0] AT> AT+ETHERMAL (RIL_CMD_READER_1 tid:507789065456)
06-13 12:20:14.376723  1371  1387 I AT      : [0] AT< +ETHERMAL: 2, 32767, -127, 111, 32767, 4046 (RIL_CMD_READER_1, tid:507790101744)
06-13 12:20:14.376849  1371  1387 I AT      : [0] AT< OK (RIL_CMD_READER_1, tid:507790101744)
06-13 12:20:14.377067  1371  1388 I RmcOemHandler: requestQueryThermal success
06-13 12:20:15.948808  1371  1381 I AT      : [0] AT< +ECSQ: 56,42,1,-258,-13,1,1,4,32767,1 (RIL_URC_READER, tid:507895946480)
06-13 12:20:15.950181  1371  1383 D RmcNwHdlr: [0] requestSignalStrength:sigRegisted[0000], sigUpdated[0X04]
06-13 12:20:15.950311  1371  1383 D RmcNwHdlr: [0] handleSignalStrength, gsm_signal_strength: 99, gsm_bit_error_rate: 99, gsm_timing_advance: 2147483647, cdma_dbm: 2147483647, cdma_ecio: 2147483647, evdo_dbm: 2147483647, evdo_ecio: 2147483647, evdo_snr: 2147483647, lte_signal_strength: 99, lte_rsrp: 2147483647, lte_rsrq: 2147483647, lte_rssnr: 2147483647, lte_cqi: 2147483647, lte_timing_advance: 2147483647, tdscdma_signal_strength: 99, tdscdma_bit_error_rate: 99, tdscdma_rscp: 255, wcdma_signal_strength: 24, wcdma_bit_error_rate: 99, wcdma_scdma_rscp: 56, wcdma_ecno: 42, ssRsrp: 2147483647, ssRsrq: 2147483647, ssSinr: 2147483647, csiRsrp: 2147483647, csiRsrq: 2147483647, csiSinr: 2147483647
