06-13 12:46:17.458633  1371  1387 I AT      : [0] AT< OK (RIL_CMD_READER_1, tid:507790101744)
06-13 12:46:17.458959  1371  1388 I RmcOemHandler: requestQueryThermal success
06-13 12:46:22.670595  1371  1381 I AT      : [0] AT< +ECSQ: 57,42,1,-253,-13,1,1,4,32767,1 (RIL_URC_READER, tid:507895946480)
06-13 12:46:22.672010  1371  1383 D RmcNwHdlr: [0] requestSignalStrength:sigRegisted[0000], sigUpdated[0X04]
06-13 12:46:22.672135  1371  1383 D RmcNwHdlr: [0] handleSignalStrength, gsm_signal_strength: 99, gsm_bit_error_rate: 99, gsm_timing_advance: 2147483647, cdma_dbm: 2147483647, cdma_ecio: 2147483647, evdo_dbm: 2147483647, evdo_ecio: 2147483647, evdo_snr: 2147483647, lte_signal_strength: 99, lte_rsrp: 2147483647, lte_rsrq: 2147483647, lte_rssnr: 2147483647, lte_cqi: 2147483647, lte_timing_advance: 2147483647, tdscdma_signal_strength: 99, tdscdma_bit_error_rate: 99, tdscdma_rscp: 255, wcdma_signal_strength: 24, wcdma_bit_error_rate: 99, wcdma_scdma_rscp: 57, wcdma_ecno: 42, ssRsrp: 2147483647, ssRsrq: 2147483647, ssSinr: 2147483647, csiRsrp: 2147483647, csiRsrq: 2147483647, csiSinr: 2147483647
06-13 12:46:27.466881  1371  1436 I RilClient: initialize: commandFd is 65
06-13 12:46:27.467464  1371  1436 I RilClient: start listen on fd: 30, socket name: rild-oem
06-13 12:46:27.468917  1371  1388 I RmcOemHandler: requestQueryThermal Enter: -1
06-13 12:46:27.469087  1371  1388 I AT      : [0] AT> AT+ETHERMAL (RIL_CMD_READER_1 tid:507789065456)
06-13 12:46:27.478805  1371  1387 I AT      : [0] AT< +ETHERMAL: 2, 32767, -127, 111, 32767, 4046 (RIL_CMD_READER_1, tid:507790101744)
06-13 12:46:27.478972  1371  1387 I AT      : [0] AT< OK (RIL_CMD_READER_1, tid:507790101744)
06-13 12:46:27.479303  1371  1388 I RmcOemHandler: requestQueryThermal success
06-13 12:46:27.782619  1371  1381 I AT      : [0] AT< +ECSQ: 57,40,1,-255,-17,1,1,4,32767,1 (RIL_URC_READER, tid:507895946480)
06-13 12:46:27.784027  1371  1383 D RmcNwHdlr: [0] requestSignalStrength:sigRegisted[0000], sigUpdated[0X04]
06-13 12:46:27.784155  1371  1383 D RmcNwHdlr: [0] handleSignalStrength, gsm_signal_strength: 99, gsm_bit_error_rate: 99, gsm_timing_advance: 2147483647, cdma_dbm: 2147483647, cdma_ecio: 2147483647, evdo_dbm: 2147483647, evdo_ecio: 2147483647, evdo_snr: 2147483647, lte_signal_strength: 99, lte_rsrp: 2147483647, lte_rsrq: 2147483647, lte_rssnr: 2147483647, lte_cqi: 2147483647, lte_timing_advance: 2147483647, tdscdma_signal_strength: 99, tdscdma_bit_error_rate: 99, tdscdma_rscp: 255, wcdma_signal_strength: 24, wcdma_bit_error_rate: 99, wcdma_scdma_rscp: 57, wcdma_ecno: 40, ssRsrp: 2147483647, ssRsrq: 2147483647, ssSinr: 2147483647, csiRsrp: 2147483647, csiRsrq: 2147483647, csiSinr: 2147483647
06-13 12:46:32.903739  1371  1381 I AT      : [0] AT< +ECSQ: 57,42,1,-254,-14,1,1,4,32767,1 (RIL_URC_READER, tid:507895946480)
06-13 12:46:32.905336  1371  1383 D RmcNwHdlr: [0] requestSignalStrength:sigRegisted[0000], sigUpdated[0X04]
06-13 12:46:32.905475  1371  1383 D RmcNwHdlr: [0] handleSignalStrength, gsm_signal_strength: 99, gsm_bit_error_rate: 99, gsm_timing_advance: 2147483647, cdma_dbm: 2147483647, cdma_ecio: 2147483647, evdo_dbm: 2147483647, evdo_ecio: 2147483647, evdo_snr: 2147483647, lte_signal_strength: 99, lte_rsrp: 2147483647, lte_rsrq: 2147483647, lte_rssnr: 2147483647, lte_cqi: 2147483647, lte_timing_advance: 2147483647, tdscdma_signal_strength: 99, tdscdma_bit_error_rate: 99, tdscdma_rscp: 255, wcdma_signal_strength: 24, wcdma_bit_error_rate: 99, wcdma_scdma_rscp: 57, wcdma_ecno: 42, ssRsrp: 2147483647, ssRsrq: 2147483647, ssSinr: 2147483647, csiRsrp: 2147483647, csiRsrq: 2147483647, csiSinr: 2147483647
06-13 12:46:37.487235  1371  1436 I RilClient: initialize: commandFd is 77
06-13 12:46:37.487821  1371  1436 I RilClient: start listen on fd: 30, socket name: rild-oem
06-13 12:46:37.489454  1371  1388 I RmcOemHandler: requestQueryThermal Enter: -1
06-13 12:46:37.489615  1371  1388 I AT      : [0] AT> AT+ETHERMAL (RIL_CMD_READER_1 tid:507789065456)
06-13 12:46:37.499324  1371  1387 I AT      : [0] AT< +ETHERMAL: 2, 32767, -127, 111, 32767, 4046 (RIL_CMD_READER_1, tid:507790101744)
06-13 12:46:37.499490  1371  1387 I AT      : [0] AT< OK (RIL_CMD_READER_1, tid:507790101744)
06-13 12:46:37.499819  1371  1388 I RmcOemHandler: requestQueryThermal success
06-13 12:46:38.024865  1371  1381 I AT      : [0] AT< +ECSQ: 57,39,1,-254,-19,1,1,4,32767,1 (RIL_URC_READER, tid:507895946480)
06-13 12:46:38.026270  1371  1383 D RmcNwHdlr: [0] requestSignalStrength:sigRegisted[0000], sigUpdated[0X04]
06-13 12:46:38.026395  1371  1383 D RmcNwHdlr: [0] handleSignalStrength, gsm_signal_strength: 99, gsm_bit_error_rate: 99, gsm_timing_advance: 2147483647, cdma_dbm: 2147483647, cdma_ecio: 2147483647, evdo_dbm: 2147483647, evdo_ecio: 2147483647, evdo_snr: 2147483647, lte_signal_strength: 99, lte_rsrp: 2147483647, lte_rsrq: 2147483647, lte_rssnr: 2147483647, lte_cqi: 2147483647, lte_timing_advance: 2147483647, tdscdma_signal_strength: 99, tdscdma_bit_error_rate: 99, tdscdma_rscp: 255, wcdma_signal_strength: 24, wcdma_bit_error_rate: 99, wcdma_scdma_rscp: 57, wcdma_ecno: 39, ssRsrp: 2147483647, ssRsrq: 2147483647, ssSinr: 2147483647, csiRsrp: 2147483647, csiRsrq: 2147483647, csiSinr: 2147483647
06-13 12:46:43.145951  1371  1381 I AT      : [0] AT< +ECSQ: 58,40,1,-252,-18,1,1,4,32767,1 (RIL_URC_READER, tid:507895946480)
06-13 12:46:43.147356  1371  1383 D RmcNwHdlr: [0] requestSignalStrength:sigRegisted[0000], sigUpdated[0X04]
06-13 12:46:43.147481  1371  1383 D RmcNwHdlr: [0] handleSignalStrength, gsm_signal_strength: 99, gsm_bit_error_rate: 99, gsm_timing_advance: 2147483647, cdma_dbm: 2147483647, cdma_ecio: 2147483647, evdo_dbm: 2147483647, evdo_ecio: 2147483647, evdo_snr: 2147483647, lte_signal_strength: 99, lte_rsrp: 2147483647, lte_rsrq: 2147483647, lte_rssnr: 2147483647, lte_cqi: 2147483647, lte_timing_advance: 2147483647, tdscdma_signal_strength: 99, tdscdma_bit_error_rate: 99, tdscdma_rscp: 255, wcdma_signal_strength: 25, wcdma_bit_error_rate: 99, wcdma_scdma_rscp: 58, wcdma_ecno: 40, ssRsrp: 2147483647, ssRsrq: 2147483647, ssSinr: 2147483647, csiRsrp: 2147483647, csiRsrq: 2147483647, csiSinr: 2147483647
06-13 12:46:47.507876  1371  1436 I RilClient: initialize: commandFd is 65
06-13 12:46:47.508454  1371  1436 I RilClient: start listen on fd: 30, socket name: rild-oem
06-13 12:46:47.510144  1371  1388 I RmcOemHandler: requestQueryThermal Enter: -1
06-13 12:46:47.510305  1371  1388 I AT      : [0] AT> AT+ETHERMAL (RIL_CMD_READER_1 tid:507789065456)
06-13 12:46:47.519860  1371  1387 I AT      : [0] AT< +ETHERMAL: 2, 32767, -127, 111, 32767, 4046 (RIL_CMD_READER_1, tid:507790101744)
06-13 12:46:47.519983  1371  1387 I AT      : [0] AT< OK (RIL_CMD_READER_1, tid:507790101744)
06-13 12:46:47.520275  1371  1388 I RmcOemHandler: requestQueryThermal success
06-13 12:46:48.267384  1371  1381 I AT      : [0] AT< +ECSQ: 58,40,1,-249,-18,1,1,4,32767,1 (RIL_URC_READER, tid:507895946480)
06-13 12:46:53.388432  1371  1381 I AT      : [0] AT< +ECSQ: 57,35,1,-255,-28,1,1,4,32767,1 (RIL_URC_READER, tid:507895946480)
06-13 12:46:53.389935  1371  1383 D RmcNwHdlr: [0] requestSignalStrength:sigRegisted[0000], sigUpdated[0X04]
06-13 12:46:53.390063  1371  1383 D RmcNwHdlr: [0] handleSignalStrength, gsm_signal_strength: 99, gsm_bit_error_rate: 99, gsm_timing_advance: 2147483647, cdma_dbm: 2147483647, cdma_ecio: 2147483647, evdo_dbm: 2147483647, evdo_ecio: 2147483647, evdo_snr: 2147483647, lte_signal_strength: 99, lte_rsrp: 2147483647, lte_rsrq: 2147483647, lte_rssnr: 2147483647, lte_cqi: 2147483647, lte_timing_advance: 2147483647, tdscdma_signal_strength: 99, tdscdma_bit_error_rate: 99, tdscdma_rscp: 255, wcdma_signal_strength: 24, wcdma_bit_error_rate: 99, wcdma_scdma_rscp: 57, wcdma_ecno: 35, ssRsrp: 2147483647, ssRsrq: 2147483647, ssSinr: 2147483647, csiRsrp: 2147483647, csiRsrq: 2147483647, csiSinr: 2147483647
06-13 12:46:57.527696  1371  1436 I RilClient: initialize: commandFd is 77
06-13 12:46:57.528280  1371  1436 I RilClient: start listen on fd: 30, socket name: rild-oem
06-13 12:46:57.529884  1371  1388 I RmcOemHandler: requestQueryThermal Enter: -1
06-13 12:46:57.530057  1371  1388 I AT      : [0] AT> AT+ETHERMAL (RIL_CMD_READER_1 tid:507789065456)
06-13 12:46:57.539525  1371  1387 I AT      : [0] AT< +ETHERMAL: 2, 32767, -127, 111, 32767, 4046 (RIL_CMD_READER_1, tid:507790101744)
06-13 12:46:57.539650  1371  1387 I AT      : [0] AT< OK (RIL_CMD_READER_1, tid:507790101744)
06-13 12:46:57.539956  1371  1388 I RmcOemHandler: requestQueryThermal success
06-13 12:46:58.509935  1371  1381 I AT      : [0] AT< +ECSQ: 57,40,1,-253,-17,1,1,4,32767,1 (RIL_URC_READER, tid:507895946480)
06-13 12:46:58.511355  1371  1383 D RmcNwHdlr: [0] requestSignalStrength:sigRegisted[0000], sigUpdated[0X04]
06-13 12:46:58.511481  1371  1383 D RmcNwHdlr: [0] handleSignalStrength, gsm_signal_strength: 99, gsm_bit_error_rate: 99, gsm_timing_advance: 2147483647, cdma_dbm: 2147483647, cdma_ecio: 2147483647, evdo_dbm: 2147483647, evdo_ecio: 2147483647, evdo_snr: 2147483647, lte_signal_strength: 99, lte_rsrp: 2147483647, lte_rsrq: 2147483647, lte_rssnr: 2147483647, lte_cqi: 2147483647, lte_timing_advance: 2147483647, tdscdma_signal_strength: 99, tdscdma_bit_error_rate: 99, tdscdma_rscp: 255, wcdma_signal_strength: 24, wcdma_bit_error_rate: 99, wcdma_scdma_rscp: 57, wcdma_ecno: 40, ssRsrp: 2147483647, ssRsrq: 2147483647, ssSinr: 2147483647, csiRsrp: 2147483647, csiRsrq: 2147483647, csiSinr: 2147483647
06-13 12:47:03.630741  1371  1381 I AT      : [0] AT< +ECSQ: 58,42,1,-252,-13,1,1,4,32767,1 (RIL_URC_READER, tid:507895946480)
06-13 12:47:03.632161  1371  1383 D RmcNwHdlr: [0] requestSignalStrength:sigRegisted[0000], sigUpdated[0X04]
06-13 12:47:03.632286  1371  1383 D RmcNwHdlr: [0] handleSignalStrength, gsm_signal_strength: 99, gsm_bit_error_rate: 99, gsm_timing_advance: 2147483647, cdma_dbm: 2147483647, cdma_ecio: 2147483647, evdo_dbm: 2147483647, evdo_ecio: 2147483647, evdo_snr: 2147483647, lte_signal_strength: 99, lte_rsrp: 2147483647, lte_rsrq: 2147483647, lte_rssnr: 2147483647, lte_cqi: 2147483647, lte_timing_advance: 2147483647, tdscdma_signal_strength: 99, tdscdma_bit_error_rate: 99, tdscdma_rscp: 255, wcdma_signal_strength: 25, wcdma_bit_error_rate: 99, wcdma_scdma_rscp: 58, wcdma_ecno: 42, ssRsrp: 2147483647, ssRsrq: 2147483647, ssSinr: 2147483647, csiRsrp: 2147483647, csiRsrq: 2147483647, csiSinr: 2147483647
06-13 12:47:07.547706  1371  1436 I RilClient: initialize: commandFd is 65
06-13 12:47:07.548288  1371  1436 I RilClient: start listen on fd: 30, socket name: rild-oem
06-13 12:47:07.550008  1371  1388 I RmcOemHandler: requestQueryThermal Enter: -1
06-13 12:47:07.550172  1371  1388 I AT      : [0] AT> AT+ETHERMAL (RIL_CMD_READER_1 tid:507789065456)
06-13 12:47:07.559741  1371  1387 I AT      : [0] AT< +ETHERMAL: 2, 32767, -127, 111, 32767, 4046 (RIL_CMD_READER_1, tid:507790101744)
06-13 12:47:07.559888  1371  1387 I AT      : [0] AT< OK (RIL_CMD_READER_1, tid:507790101744)
06-13 12:47:07.560185  1371  1388 I RmcOemHandler: requestQueryThermal success
06-13 12:47:08.742725  1371  1381 I AT      : [0] AT< +ECSQ: 57,41,1,-253,-15,1,1,4,32767,1 (RIL_URC_READER, tid:507895946480)
06-13 12:47:08.744129  1371  1383 D RmcNwHdlr: [0] requestSignalStrength:sigRegisted[0000], sigUpdated[0X04]
06-13 12:47:08.744253  1371  1383 D RmcNwHdlr: [0] handleSignalStrength, gsm_signal_strength: 99, gsm_bit_error_rate: 99, gsm_timing_advance: 2147483647, cdma_dbm: 2147483647, cdma_ecio: 2147483647, evdo_dbm: 2147483647, evdo_ecio: 2147483647, evdo_snr: 2147483647, lte_signal_strength: 99, lte_rsrp: 2147483647, lte_rsrq: 2147483647, lte_rssnr: 2147483647, lte_cqi: 2147483647, lte_timing_advance: 2147483647, tdscdma_signal_strength: 99, tdscdma_bit_error_rate: 99, tdscdma_rscp: 255, wcdma_signal_strength: 24, wcdma_bit_error_rate: 99, wcdma_scdma_rscp: 57, wcdma_ecno: 41, ssRsrp: 2147483647, ssRsrq: 2147483647, ssSinr: 2147483647, csiRsrp: 2147483647, csiRsrq: 2147483647, csiSinr: 2147483647
06-13 12:47:13.863915  1371  1381 I AT      : [0] AT< +ECSQ: 57,39,1,-255,-19,1,1,4,32767,1 (RIL_URC_READER, tid:507895946480)
06-13 12:47:13.865430  1371  1383 D RmcNwHdlr: [0] requestSignalStrength:sigRegisted[0000], sigUpdated[0X04]
06-13 12:47:13.865559  1371  1383 D RmcNwHdlr: [0] handleSignalStrength, gsm_signal_strength: 99, gsm_bit_error_rate: 99, gsm_timing_advance: 2147483647, cdma_dbm: 2147483647, cdma_ecio: 2147483647, evdo_dbm: 2147483647, evdo_ecio: 2147483647, evdo_snr: 2147483647, lte_signal_strength: 99, lte_rsrp: 2147483647, lte_rsrq: 2147483647, lte_rssnr: 2147483647, lte_cqi: 2147483647, lte_timing_advance: 2147483647, tdscdma_signal_strength: 99, tdscdma_bit_error_rate: 99, tdscdma_rscp: 255, wcdma_signal_strength: 24, wcdma_bit_error_rate: 99, wcdma_scdma_rscp: 57, wcdma_ecno: 39, ssRsrp: 2147483647, ssRsrq: 2147483647, ssSinr: 2147483647, csiRsrp: 2147483647, csiRsrq: 2147483647, csiSinr: 2147483647
06-13 12:47:17.567809  1371  1436 I RilClient: initialize: commandFd is 77
06-13 12:47:17.568393  1371  1436 I RilClient: start listen on fd: 30, socket name: rild-oem
06-13 12:47:17.569752  1371  1388 I RmcOemHandler: requestQueryThermal Enter: -1
06-13 12:47:17.569922  1371  1388 I AT      : [0] AT> AT+ETHERMAL (RIL_CMD_READER_1 tid:507789065456)
06-13 12:47:17.579433  1371  1387 I AT      : [0] AT< +ETHERMAL: 2, 32767, -127, 111, 32767, 4046 (RIL_CMD_READER_1, tid:507790101744)
06-13 12:47:17.579559  1371  1387 I AT      : [0] AT< OK (RIL_CMD_READER_1, tid:507790101744)
06-13 12:47:17.579854  1371  1388 I RmcOemHandler: requestQueryThermal success
06-13 12:47:18.984671  1371  1381 I AT      : [0] AT< +ECSQ: 58,40,1,-252,-17,1,1,4,32767,1 (RIL_URC_READER, tid:507895946480)
06-13 12:47:18.986236  1371  1383 D RmcNwHdlr: [0] requestSignalStrength:sigRegisted[0000], sigUpdated[0X04]
06-13 12:47:18.986361  1371  1383 D RmcNwHdlr: [0] handleSignalStrength, gsm_signal_strength: 99, gsm_bit_error_rate: 99, gsm_timing_advance: 2147483647, cdma_dbm: 2147483647, cdma_ecio: 2147483647, evdo_dbm: 2147483647, evdo_ecio: 2147483647, evdo_snr: 2147483647, lte_signal_strength: 99, lte_rsrp: 2147483647, lte_rsrq: 2147483647, lte_rssnr: 2147483647, lte_cqi: 2147483647, lte_timing_advance: 2147483647, tdscdma_signal_strength: 99, tdscdma_bit_error_rate: 99, tdscdma_rscp: 255, wcdma_signal_strength: 25, wcdma_bit_error_rate: 99, wcdma_scdma_rscp: 58, wcdma_ecno: 40, ssRsrp: 2147483647, ssRsrq: 2147483647, ssSinr: 2147483647, csiRsrp: 2147483647, csiRsrq: 2147483647, csiSinr: 2147483647
06-13 12:47:24.106022  1371  1381 I AT      : [0] AT< +ECSQ: 58,41,1,-252,-16,1,1,4,32767,1 (RIL_URC_READER, tid:507895946480)
06-13 12:47:24.107427  1371  1383 D RmcNwHdlr: [0] requestSignalStrength:sigRegisted[0000], sigUpdated[0X04]
06-13 12:47:24.107553  1371  1383 D RmcNwHdlr: [0] handleSignalStrength, gsm_signal_strength: 99, gsm_bit_error_rate: 99, gsm_timing_advance: 2147483647, cdma_dbm: 2147483647, cdma_ecio: 2147483647, evdo_dbm: 2147483647, evdo_ecio: 2147483647, evdo_snr: 2147483647, lte_signal_strength: 99, lte_rsrp: 2147483647, lte_rsrq: 2147483647, lte_rssnr: 2147483647, lte_cqi: 2147483647, lte_timing_advance: 2147483647, tdscdma_signal_strength: 99, tdscdma_bit_error_rate: 99, tdscdma_rscp: 255, wcdma_signal_strength: 25, wcdma_bit_error_rate: 99, wcdma_scdma_rscp: 58, wcdma_ecno: 41, ssRsrp: 2147483647, ssRsrq: 2147483647, ssSinr: 2147483647, csiRsrp: 2147483647, csiRsrq: 2147483647, csiSinr: 2147483647
06-13 12:47:27.587578  1371  1436 I RilClient: initialize: commandFd is 65
06-13 12:47:27.588141  1371  1436 I RilClient: start listen on fd: 30, socket name: rild-oem
06-13 12:47:27.589602  1371  1388 I RmcOemHandler: requestQueryThermal Enter: -1
06-13 12:47:27.589768  1371  1388 I AT      : [0] AT> AT+ETHERMAL (RIL_CMD_READER_1 tid:507789065456)
06-13 12:47:27.599347  1371  1387 I AT      : [0] AT< +ETHERMAL: 2, 32767, -127, 111, 32767, 4046 (RIL_CMD_READER_1, tid:507790101744)
06-13 12:47:27.599472  1371  1387 I AT      : [0] AT< OK (RIL_CMD_READER_1, tid:507790101744)
06-13 12:47:27.599771  1371  1388 I RmcOemHandler: requestQueryThermal success
06-13 12:47:29.227523  1371  1381 I AT      : [0] AT< +ECSQ: 57,42,1,-253,-14,1,1,4,32767,1 (RIL_URC_READER, tid:507895946480)
06-13 12:47:29.228958  1371  1383 D RmcNwHdlr: [0] requestSignalStrength:sigRegisted[0000], sigUpdated[0X04]
06-13 12:47:29.229084  1371  1383 D RmcNwHdlr: [0] handleSignalStrength, gsm_signal_strength: 99, gsm_bit_error_rate: 99, gsm_timing_advance: 2147483647, cdma_dbm: 2147483647, cdma_ecio: 2147483647, evdo_dbm: 2147483647, evdo_ecio: 2147483647, evdo_snr: 2147483647, lte_signal_strength: 99, lte_rsrp: 2147483647, lte_rsrq: 2147483647, lte_rssnr: 2147483647, lte_cqi: 2147483647, lte_timing_advance: 2147483647, tdscdma_signal_strength: 99, tdscdma_bit_error_rate: 99, tdscdma_rscp: 255, wcdma_signal_strength: 24, wcdma_bit_error_rate: 99, wcdma_scdma_rscp: 57, wcdma_ecno: 42, ssRsrp: 2147483647, ssRsrq: 2147483647, ssSinr: 2147483647, csiRsrp: 2147483647, csiRsrq: 2147483647, csiSinr: 2147483647
06-13 12:47:34.348426  1371  1381 I AT      : [0] AT< +ECSQ: 57,43,1,-255,-12,1,1,4,32767,1 (RIL_URC_READER, tid:507895946480)
06-13 12:47:34.349927  1371  1383 D RmcNwHdlr: [0] requestSignalStrength:sigRegisted[0000], sigUpdated[0X04]
06-13 12:47:34.350053  1371  1383 D RmcNwHdlr: [0] handleSignalStrength, gsm_signal_strength: 99, gsm_bit_error_rate: 99, gsm_timing_advance: 2147483647, cdma_dbm: 2147483647, cdma_ecio: 2147483647, evdo_dbm: 2147483647, evdo_ecio: 2147483647, evdo_snr: 2147483647, lte_signal_strength: 99, lte_rsrp: 2147483647, lte_rsrq: 2147483647, lte_rssnr: 2147483647, lte_cqi: 2147483647, lte_timing_advance: 2147483647, tdscdma_signal_strength: 99, tdscdma_bit_error_rate: 99, tdscdma_rscp: 255, wcdma_signal_strength: 24, wcdma_bit_error_rate: 99, wcdma_scdma_rscp: 57, wcdma_ecno: 43, ssRsrp: 2147483647, ssRsrq: 2147483647, ssSinr: 2147483647, csiRsrp: 2147483647, csiRsrq: 2147483647, csiSinr: 2147483647
06-13 12:47:37.606451  1371  1436 I RilClient: initialize: commandFd is 77
06-13 12:47:37.607042  1371  1436 I RilClient: start listen on fd: 30, socket name: rild-oem
06-13 12:47:37.608479  1371  1388 I RmcOemHandler: requestQueryThermal Enter: -1
06-13 12:47:37.608648  1371  1388 I AT      : [0] AT> AT+ETHERMAL (RIL_CMD_READER_1 tid:507789065456)
06-13 12:47:37.618229  1371  1387 I AT      : [0] AT< +ETHERMAL: 2, 32767, -127, 111, 32767, 4046 (RIL_CMD_READER_1, tid:507790101744)
06-13 12:47:37.618356  1371  1387 I AT      : [0] AT< OK (RIL_CMD_READER_1, tid:507790101744)
06-13 12:47:37.618653  1371  1388 I RmcOemHandler: requestQueryThermal success
06-13 12:47:39.469873  1371  1381 I AT      : [0] AT< +ECSQ: 57,43,1,-253,-12,1,1,4,32767,1 (RIL_URC_READER, tid:507895946480)
06-13 12:47:44.590633  1371  1381 I AT      : [0] AT< +ECSQ: 57,42,1,-255,-13,1,1,4,32767,1 (RIL_URC_READER, tid:507895946480)
06-13 12:47:44.592022  1371  1383 D RmcNwHdlr: [0] requestSignalStrength:sigRegisted[0000], sigUpdated[0X04]
06-13 12:47:44.592149  1371  1383 D RmcNwHdlr: [0] handleSignalStrength, gsm_signal_strength: 99, gsm_bit_error_rate: 99, gsm_timing_advance: 2147483647, cdma_dbm: 2147483647, cdma_ecio: 2147483647, evdo_dbm: 2147483647, evdo_ecio: 2147483647, evdo_snr: 2147483647, lte_signal_strength: 99, lte_rsrp: 2147483647, lte_rsrq: 2147483647, lte_rssnr: 2147483647, lte_cqi: 2147483647, lte_timing_advance: 2147483647, tdscdma_signal_strength: 99, tdscdma_bit_error_rate: 99, tdscdma_rscp: 255, wcdma_signal_strength: 24, wcdma_bit_error_rate: 99, wcdma_scdma_rscp: 57, wcdma_ecno: 42, ssRsrp: 2147483647, ssRsrq: 2147483647, ssSinr: 2147483647, csiRsrp: 2147483647, csiRsrq: 2147483647, csiSinr: 2147483647
06-13 12:47:47.626426  1371  1436 I RilClient: initialize: commandFd is 65
06-13 12:47:47.627003  1371  1436 I RilClient: start listen on fd: 30, socket name: rild-oem
06-13 12:47:47.628438  1371  1388 I RmcOemHandler: requestQueryThermal Enter: -1
06-13 12:47:47.628605  1371  1388 I AT      : [0] AT> AT+ETHERMAL (RIL_CMD_READER_1 tid:507789065456)
06-13 12:47:47.637940  1371  1387 I AT      : [0] AT< +ETHERMAL: 2, 32767, -127, 111, 32767, 4046 (RIL_CMD_READER_1, tid:507790101744)
06-13 12:47:47.638063  1371  1387 I AT      : [0] AT< OK (RIL_CMD_READER_1, tid:507790101744)
06-13 12:47:47.638359  1371  1388 I RmcOemHandler: requestQueryThermal success
06-13 12:47:54.823787  1371  1381 I AT      : [0] AT< +ECSQ: 57,41,1,-256,-15,1,1,4,32767,1 (RIL_URC_READER, tid:507895946480)
06-13 12:47:54.825265  1371  1383 D RmcNwHdlr: [0] requestSignalStrength:sigRegisted[0000], sigUpdated[0X04]
06-13 12:47:54.825406  1371  1383 D RmcNwHdlr: [0] handleSignalStrength, gsm_signal_strength: 99, gsm_bit_error_rate: 99, gsm_timing_advance: 2147483647, cdma_dbm: 2147483647, cdma_ecio: 2147483647, evdo_dbm: 2147483647, evdo_ecio: 2147483647, evdo_snr: 2147483647, lte_signal_strength: 99, lte_rsrp: 2147483647, lte_rsrq: 2147483647, lte_rssnr: 2147483647, lte_cqi: 2147483647, lte_timing_advance: 2147483647, tdscdma_signal_strength: 99, tdscdma_bit_error_rate: 99, tdscdma_rscp: 255, wcdma_signal_strength: 24, wcdma_bit_error_rate: 99, wcdma_scdma_rscp: 57, wcdma_ecno: 41, ssRsrp: 2147483647, ssRsrq: 2147483647, ssSinr: 2147483647, csiRsrp: 2147483647, csiRsrq: 2147483647, csiSinr: 2147483647
06-13 12:47:57.645967  1371  1436 I RilClient: initialize: commandFd is 77
06-13 12:47:57.646543  1371  1436 I RilClient: start listen on fd: 30, socket name: rild-oem
06-13 12:47:57.647977  1371  1388 I RmcOemHandler: requestQueryThermal Enter: -1
06-13 12:47:57.648143  1371  1388 I AT      : [0] AT> AT+ETHERMAL (RIL_CMD_READER_1 tid:507789065456)
06-13 12:47:57.657553  1371  1387 I AT      : [0] AT< +ETHERMAL: 2, 32767, -127, 111, 32767, 4046 (RIL_CMD_READER_1, tid:507790101744)
06-13 12:47:57.657737  1371  1387 I AT      : [0] AT< OK (RIL_CMD_READER_1, tid:507790101744)
06-13 12:47:57.658071  1371  1388 I RmcOemHandler: requestQueryThermal success
06-13 12:47:59.944851  1371  1381 I AT      : [0] AT< +ECSQ: 57,43,1,-253,-11,1,1,4,32767,1 (RIL_URC_READER, tid:507895946480)
06-13 12:47:59.946257  1371  1383 D RmcNwHdlr: [0] requestSignalStrength:sigRegisted[0000], sigUpdated[0X04]
06-13 12:47:59.946384  1371  1383 D RmcNwHdlr: [0] handleSignalStrength, gsm_signal_strength: 99, gsm_bit_error_rate: 99, gsm_timing_advance: 2147483647, cdma_dbm: 2147483647, cdma_ecio: 2147483647, evdo_dbm: 2147483647, evdo_ecio: 2147483647, evdo_snr: 2147483647, lte_signal_strength: 99, lte_rsrp: 2147483647, lte_rsrq: 2147483647, lte_rssnr: 2147483647, lte_cqi: 2147483647, lte_timing_advance: 2147483647, tdscdma_signal_strength: 99, tdscdma_bit_error_rate: 99, tdscdma_rscp: 255, wcdma_signal_strength: 24, wcdma_bit_error_rate: 99, wcdma_scdma_rscp: 57, wcdma_ecno: 43, ssRsrp: 2147483647, ssRsrq: 2147483647, ssSinr: 2147483647, csiRsrp: 2147483647, csiRsrq: 2147483647, csiSinr: 2147483647
06-13 12:48:05.066038  1371  1381 I AT      : [0] AT< +ECSQ: 57,42,1,-255,-14,1,1,4,32767,1 (RIL_URC_READER, tid:507895946480)
06-13 12:48:05.067434  1371  1383 D RmcNwHdlr: [0] requestSignalStrength:sigRegisted[0000], sigUpdated[0X04]
06-13 12:48:05.067562  1371  1383 D RmcNwHdlr: [0] handleSignalStrength, gsm_signal_strength: 99, gsm_bit_error_rate: 99, gsm_timing_advance: 2147483647, cdma_dbm: 2147483647, cdma_ecio: 2147483647, evdo_dbm: 2147483647, evdo_ecio: 2147483647, evdo_snr: 2147483647, lte_signal_strength: 99, lte_rsrp: 2147483647, lte_rsrq: 2147483647, lte_rssnr: 2147483647, lte_cqi: 2147483647, lte_timing_advance: 2147483647, tdscdma_signal_strength: 99, tdscdma_bit_error_rate: 99, tdscdma_rscp: 255, wcdma_signal_strength: 24, wcdma_bit_error_rate: 99, wcdma_scdma_rscp: 57, wcdma_ecno: 42, ssRsrp: 2147483647, ssRsrq: 2147483647, ssSinr: 2147483647, csiRsrp: 2147483647, csiRsrq: 2147483647, csiSinr: 2147483647
06-13 12:48:07.666182  1371  1436 I RilClient: initialize: commandFd is 65
06-13 12:48:07.666764  1371  1436 I RilClient: start listen on fd: 30, socket name: rild-oem
06-13 12:48:07.668179  1371  1388 I RmcOemHandler: requestQueryThermal Enter: -1
06-13 12:48:07.668354  1371  1388 I AT      : [0] AT> AT+ETHERMAL (RIL_CMD_READER_1 tid:507789065456)
06-13 12:48:07.677743  1371  1387 I AT      : [0] AT< +ETHERMAL: 2, 32767, -127, 111, 32767, 4046 (RIL_CMD_READER_1, tid:507790101744)
06-13 12:48:07.677866  1371  1387 I AT      : [0] AT< OK (RIL_CMD_READER_1, tid:507790101744)
06-13 12:48:07.678161  1371  1388 I RmcOemHandler: requestQueryThermal success
06-13 12:48:10.187021  1371  1381 I AT      : [0] AT< +ECSQ: 57,40,1,-254,-18,1,1,4,32767,1 (RIL_URC_READER, tid:507895946480)
06-13 12:48:10.188387  1371  1383 D RmcNwHdlr: [0] requestSignalStrength:sigRegisted[0000], sigUpdated[0X04]
06-13 12:48:10.188529  1371  1383 D RmcNwHdlr: [0] handleSignalStrength, gsm_signal_strength: 99, gsm_bit_error_rate: 99, gsm_timing_advance: 2147483647, cdma_dbm: 2147483647, cdma_ecio: 2147483647, evdo_dbm: 2147483647, evdo_ecio: 2147483647, evdo_snr: 2147483647, lte_signal_strength: 99, lte_rsrp: 2147483647, lte_rsrq: 2147483647, lte_rssnr: 2147483647, lte_cqi: 2147483647, lte_timing_advance: 2147483647, tdscdma_signal_strength: 99, tdscdma_bit_error_rate: 99, tdscdma_rscp: 255, wcdma_signal_strength: 24, wcdma_bit_error_rate: 99, wcdma_scdma_rscp: 57, wcdma_ecno: 40, ssRsrp: 2147483647, ssRsrq: 2147483647, ssSinr: 2147483647, csiRsrp: 2147483647, csiRsrq: 2147483647, csiSinr: 2147483647
06-13 12:48:15.308442  1371  1381 I AT      : [0] AT< +ECSQ: 57,41,1,-256,-16,1,1,4,32767,1 (RIL_URC_READER, tid:507895946480)
06-13 12:48:15.309945  1371  1383 D RmcNwHdlr: [0] requestSignalStrength:sigRegisted[0000], sigUpdated[0X04]
06-13 12:48:15.310072  1371  1383 D RmcNwHdlr: [0] handleSignalStrength, gsm_signal_strength: 99, gsm_bit_error_rate: 99, gsm_timing_advance: 2147483647, cdma_dbm: 2147483647, cdma_ecio: 2147483647, evdo_dbm: 2147483647, evdo_ecio: 2147483647, evdo_snr: 2147483647, lte_signal_strength: 99, lte_rsrp: 2147483647, lte_rsrq: 2147483647, lte_rssnr: 2147483647, lte_cqi: 2147483647, lte_timing_advance: 2147483647, tdscdma_signal_strength: 99, tdscdma_bit_error_rate: 99, tdscdma_rscp: 255, wcdma_signal_strength: 24, wcdma_bit_error_rate: 99, wcdma_scdma_rscp: 57, wcdma_ecno: 41, ssRsrp: 2147483647, ssRsrq: 2147483647, ssSinr: 2147483647, csiRsrp: 2147483647, csiRsrq: 2147483647, csiSinr: 2147483647
06-13 12:48:17.685956  1371  1436 I RilClient: initialize: commandFd is 77
06-13 12:48:17.686535  1371  1436 I RilClient: start listen on fd: 30, socket name: rild-oem
06-13 12:48:17.687801  1371  1388 I RmcOemHandler: requestQueryThermal Enter: -1
06-13 12:48:17.687971  1371  1388 I AT      : [0] AT> AT+ETHERMAL (RIL_CMD_READER_1 tid:507789065456)
06-13 12:48:17.697543  1371  1387 I AT      : [0] AT< +ETHERMAL: 2, 32767, -127, 111, 32767, 4046 (RIL_CMD_READER_1, tid:507790101744)
06-13 12:48:17.697726  1371  1387 I AT      : [0] AT< OK (RIL_CMD_READER_1, tid:507790101744)
06-13 12:48:17.698052  1371  1388 I RmcOemHandler: requestQueryThermal success
06-13 12:48:20.449929  1371  1381 I AT      : [0] AT< +ECSQ: 57,41,1,-256,-15,1,1,4,32767,1 (RIL_URC_READER, tid:507895946480)
06-13 12:48:25.550789  1371  1381 I AT      : [0] AT< +ECSQ: 57,42,1,-255,-13,1,1,4,32767,1 (RIL_URC_READER, tid:507895946480)
06-13 12:48:25.552186  1371  1383 D RmcNwHdlr: [0] requestSignalStrength:sigRegisted[0000], sigUpdated[0X04]
06-13 12:48:25.552313  1371  1383 D RmcNwHdlr: [0] handleSignalStrength, gsm_signal_strength: 99, gsm_bit_error_rate: 99, gsm_timing_advance: 2147483647, cdma_dbm: 2147483647, cdma_ecio: 2147483647, evdo_dbm: 2147483647, evdo_ecio: 2147483647, evdo_snr: 2147483647, lte_signal_strength: 99, lte_rsrp: 2147483647, lte_rsrq: 2147483647, lte_rssnr: 2147483647, lte_cqi: 2147483647, lte_timing_advance: 2147483647, tdscdma_signal_strength: 99, tdscdma_bit_error_rate: 99, tdscdma_rscp: 255, wcdma_signal_strength: 24, wcdma_bit_error_rate: 99, wcdma_scdma_rscp: 57, wcdma_ecno: 42, ssRsrp: 2147483647, ssRsrq: 2147483647, ssSinr: 2147483647, csiRsrp: 2147483647, csiRsrq: 2147483647, csiSinr: 2147483647
06-13 12:48:27.705955  1371  1436 I RilClient: initialize: commandFd is 65
06-13 12:48:27.706519  1371  1436 I RilClient: start listen on fd: 30, socket name: rild-oem
06-13 12:48:27.707963  1371  1388 I RmcOemHandler: requestQueryThermal Enter: -1
06-13 12:48:27.708135  1371  1388 I AT      : [0] AT> AT+ETHERMAL (RIL_CMD_READER_1 tid:507789065456)
06-13 12:48:27.717583  1371  1387 I AT      : [0] AT< +ETHERMAL: 2, 32767, -127, 111, 32767, 4046 (RIL_CMD_READER_1, tid:507790101744)
06-13 12:48:27.717708  1371  1387 I AT      : [0] AT< OK (RIL_CMD_READER_1, tid:507790101744)
06-13 12:48:27.718003  1371  1388 I RmcOemHandler: requestQueryThermal success
06-13 12:48:30.662798  1371  1381 I AT      : [0] AT< +ECSQ: 57,42,1,-254,-14,1,1,4,32767,1 (RIL_URC_READER, tid:507895946480)
06-13 12:48:35.783686  1371  1381 I AT      : [0] AT< +ECSQ: 57,41,1,-256,-15,1,1,4,32767,1 (RIL_URC_READER, tid:507895946480)
06-13 12:48:35.785100  1371  1383 D RmcNwHdlr: [0] requestSignalStrength:sigRegisted[0000], sigUpdated[0X04]
06-13 12:48:35.785349  1371  1383 D RmcNwHdlr: [0] handleSignalStrength, gsm_signal_strength: 99, gsm_bit_error_rate: 99, gsm_timing_advance: 2147483647, cdma_dbm: 2147483647, cdma_ecio: 2147483647, evdo_dbm: 2147483647, evdo_ecio: 2147483647, evdo_snr: 2147483647, lte_signal_strength: 99, lte_rsrp: 2147483647, lte_rsrq: 2147483647, lte_rssnr: 2147483647, lte_cqi: 2147483647, lte_timing_advance: 2147483647, tdscdma_signal_strength: 99, tdscdma_bit_error_rate: 99, tdscdma_rscp: 255, wcdma_signal_strength: 24, wcdma_bit_error_rate: 99, wcdma_scdma_rscp: 57, wcdma_ecno: 41, ssRsrp: 2147483647, ssRsrq: 2147483647, ssSinr: 2147483647, csiRsrp: 2147483647, csiRsrq: 2147483647, csiSinr: 2147483647
06-13 12:48:37.725875  1371  1436 I RilClient: initialize: commandFd is 77
06-13 12:48:37.726458  1371  1436 I RilClient: start listen on fd: 30, socket name: rild-oem
06-13 12:48:37.727880  1371  1388 I RmcOemHandler: requestQueryThermal Enter: -1
06-13 12:48:37.728045  1371  1388 I AT      : [0] AT> AT+ETHERMAL (RIL_CMD_READER_1 tid:507789065456)
06-13 12:48:37.737756  1371  1387 I AT      : [0] AT< +ETHERMAL: 2, 32767, -127, 111, 32767, 4046 (RIL_CMD_READER_1, tid:507790101744)
06-13 12:48:37.737919  1371  1387 I AT      : [0] AT< OK (RIL_CMD_READER_1, tid:507790101744)
06-13 12:48:37.738251  1371  1388 I RmcOemHandler: requestQueryThermal success
06-13 12:48:40.904799  1371  1381 I AT      : [0] AT< +ECSQ: 57,41,1,-253,-16,1,1,4,32767,1 (RIL_URC_READER, tid:507895946480)
06-13 12:48:46.025850  1371  1381 I AT      : [0] AT< +ECSQ: 57,42,1,-253,-14,1,1,4,32767,1 (RIL_URC_READER, tid:507895946480)
06-13 12:48:46.027266  1371  1383 D RmcNwHdlr: [0] requestSignalStrength:sigRegisted[0000], sigUpdated[0X04]
06-13 12:48:46.027389  1371  1383 D RmcNwHdlr: [0] handleSignalStrength, gsm_signal_strength: 99, gsm_bit_error_rate: 99, gsm_timing_advance: 2147483647, cdma_dbm: 2147483647, cdma_ecio: 2147483647, evdo_dbm: 2147483647, evdo_ecio: 2147483647, evdo_snr: 2147483647, lte_signal_strength: 99, lte_rsrp: 2147483647, lte_rsrq: 2147483647, lte_rssnr: 2147483647, lte_cqi: 2147483647, lte_timing_advance: 2147483647, tdscdma_signal_strength: 99, tdscdma_bit_error_rate: 99, tdscdma_rscp: 255, wcdma_signal_strength: 24, wcdma_bit_error_rate: 99, wcdma_scdma_rscp: 57, wcdma_ecno: 42, ssRsrp: 2147483647, ssRsrq: 2147483647, ssSinr: 2147483647, csiRsrp: 2147483647, csiRsrq: 2147483647, csiSinr: 2147483647
06-13 12:48:47.745926  1371  1436 I RilClient: initialize: commandFd is 65
06-13 12:48:47.746502  1371  1436 I RilClient: start listen on fd: 30, socket name: rild-oem
06-13 12:48:47.747750  1371  1388 I RmcOemHandler: requestQueryThermal Enter: -1
06-13 12:48:47.747920  1371  1388 I AT      : [0] AT> AT+ETHERMAL (RIL_CMD_READER_1 tid:507789065456)
06-13 12:48:47.757307  1371  1387 I AT      : [0] AT< +ETHERMAL: 2, 32767, -127, 111, 32767, 4046 (RIL_CMD_READER_1, tid:507790101744)
06-13 12:48:47.757430  1371  1387 I AT      : [0] AT< OK (RIL_CMD_READER_1, tid:507790101744)
06-13 12:48:47.757725  1371  1388 I RmcOemHandler: requestQueryThermal success
06-13 12:48:51.147465  1371  1381 I AT      : [0] AT< +ECSQ: 57,42,1,-253,-13,1,1,4,32767,1 (RIL_URC_READER, tid:507895946480)
06-13 12:48:56.268412  1371  1381 I AT      : [0] AT< +ECSQ: 56,39,1,-258,-19,1,1,4,32767,1 (RIL_URC_READER, tid:507895946480)
06-13 12:48:56.269907  1371  1383 D RmcNwHdlr: [0] requestSignalStrength:sigRegisted[0000], sigUpdated[0X04]
06-13 12:48:56.270032  1371  1383 D RmcNwHdlr: [0] handleSignalStrength, gsm_signal_strength: 99, gsm_bit_error_rate: 99, gsm_timing_advance: 2147483647, cdma_dbm: 2147483647, cdma_ecio: 2147483647, evdo_dbm: 2147483647, evdo_ecio: 2147483647, evdo_snr: 2147483647, lte_signal_strength: 99, lte_rsrp: 2147483647, lte_rsrq: 2147483647, lte_rssnr: 2147483647, lte_cqi: 2147483647, lte_timing_advance: 2147483647, tdscdma_signal_strength: 99, tdscdma_bit_error_rate: 99, tdscdma_rscp: 255, wcdma_signal_strength: 24, wcdma_bit_error_rate: 99, wcdma_scdma_rscp: 56, wcdma_ecno: 39, ssRsrp: 2147483647, ssRsrq: 2147483647, ssSinr: 2147483647, csiRsrp: 2147483647, csiRsrq: 2147483647, csiSinr: 2147483647
06-13 12:48:57.765690  1371  1436 I RilClient: initialize: commandFd is 77
06-13 12:48:57.766264  1371  1436 I RilClient: start listen on fd: 30, socket name: rild-oem
06-13 12:48:57.767684  1371  1388 I RmcOemHandler: requestQueryThermal Enter: -1
06-13 12:48:57.767850  1371  1388 I AT      : [0] AT> AT+ETHERMAL (RIL_CMD_READER_1 tid:507789065456)
06-13 12:48:57.777269  1371  1387 I AT      : [0] AT< +ETHERMAL: 2, 32767, -127, 111, 32767, 4046 (RIL_CMD_READER_1, tid:507790101744)
06-13 12:48:57.777394  1371  1387 I AT      : [0] AT< OK (RIL_CMD_READER_1, tid:507790101744)
06-13 12:48:57.777687  1371  1388 I RmcOemHandler: requestQueryThermal success
06-13 12:49:01.389873  1371  1381 I AT      : [0] AT< +ECSQ: 57,42,1,-253,-13,1,1,4,32767,1 (RIL_URC_READER, tid:507895946480)
06-13 12:49:01.391275  1371  1383 D RmcNwHdlr: [0] requestSignalStrength:sigRegisted[0000], sigUpdated[0X04]
06-13 12:49:01.391408  1371  1383 D RmcNwHdlr: [0] handleSignalStrength, gsm_signal_strength: 99, gsm_bit_error_rate: 99, gsm_timing_advance: 2147483647, cdma_dbm: 2147483647, cdma_ecio: 2147483647, evdo_dbm: 2147483647, evdo_ecio: 2147483647, evdo_snr: 2147483647, lte_signal_strength: 99, lte_rsrp: 2147483647, lte_rsrq: 2147483647, lte_rssnr: 2147483647, lte_cqi: 2147483647, lte_timing_advance: 2147483647, tdscdma_signal_strength: 99, tdscdma_bit_error_rate: 99, tdscdma_rscp: 255, wcdma_signal_strength: 24, wcdma_bit_error_rate: 99, wcdma_scdma_rscp: 57, wcdma_ecno: 42, ssRsrp: 2147483647, ssRsrq: 2147483647, ssSinr: 2147483647, csiRsrp: 2147483647, csiRsrq: 2147483647, csiSinr: 2147483647
06-13 12:49:06.510517  1371  1381 I AT      : [0] AT< +ECSQ: 57,40,1,-254,-18,1,1,4,32767,1 (RIL_URC_READER, tid:507895946480)
06-13 12:49:06.511945  1371  1383 D RmcNwHdlr: [0] requestSignalStrength:sigRegisted[0000], sigUpdated[0X04]
06-13 12:49:06.512070  1371  1383 D RmcNwHdlr: [0] handleSignalStrength, gsm_signal_strength: 99, gsm_bit_error_rate: 99, gsm_timing_advance: 2147483647, cdma_dbm: 2147483647, cdma_ecio: 2147483647, evdo_dbm: 2147483647, evdo_ecio: 2147483647, evdo_snr: 2147483647, lte_signal_strength: 99, lte_rsrp: 2147483647, lte_rsrq: 2147483647, lte_rssnr: 2147483647, lte_cqi: 2147483647, lte_timing_advance: 2147483647, tdscdma_signal_strength: 99, tdscdma_bit_error_rate: 99, tdscdma_rscp: 255, wcdma_signal_strength: 24, wcdma_bit_error_rate: 99, wcdma_scdma_rscp: 57, wcdma_ecno: 40, ssRsrp: 2147483647, ssRsrq: 2147483647, ssSinr: 2147483647, csiRsrp: 2147483647, csiRsrq: 2147483647, csiSinr: 2147483647
06-13 12:49:07.785742  1371  1436 I RilClient: initialize: commandFd is 65
06-13 12:49:07.786319  1371  1436 I RilClient: start listen on fd: 30, socket name: rild-oem
06-13 12:49:07.787731  1371  1388 I RmcOemHandler: requestQueryThermal Enter: -1
06-13 12:49:07.787895  1371  1388 I AT      : [0] AT> AT+ETHERMAL (RIL_CMD_READER_1 tid:507789065456)
06-13 12:49:07.797332  1371  1387 I AT      : [0] AT< +ETHERMAL: 2, 32767, -127, 111, 32767, 4046 (RIL_CMD_READER_1, tid:507790101744)
06-13 12:49:07.797458  1371  1387 I AT      : [0] AT< OK (RIL_CMD_READER_1, tid:507790101744)
06-13 12:49:07.797754  1371  1388 I RmcOemHandler: requestQueryThermal success
06-13 12:49:11.622827  1371  1381 I AT      : [0] AT< +ECSQ: 57,39,1,-255,-20,1,1,4,32767,1 (RIL_URC_READER, tid:507895946480)
06-13 12:49:11.624239  1371  1383 D RmcNwHdlr: [0] requestSignalStrength:sigRegisted[0000], sigUpdated[0X04]
06-13 12:49:11.624365  1371  1383 D RmcNwHdlr: [0] handleSignalStrength, gsm_signal_strength: 99, gsm_bit_error_rate: 99, gsm_timing_advance: 2147483647, cdma_dbm: 2147483647, cdma_ecio: 2147483647, evdo_dbm: 2147483647, evdo_ecio: 2147483647, evdo_snr: 2147483647, lte_signal_strength: 99, lte_rsrp: 2147483647, lte_rsrq: 2147483647, lte_rssnr: 2147483647, lte_cqi: 2147483647, lte_timing_advance: 2147483647, tdscdma_signal_strength: 99, tdscdma_bit_error_rate: 99, tdscdma_rscp: 255, wcdma_signal_strength: 24, wcdma_bit_error_rate: 99, wcdma_scdma_rscp: 57, wcdma_ecno: 39, ssRsrp: 2147483647, ssRsrq: 2147483647, ssSinr: 2147483647, csiRsrp: 2147483647, csiRsrq: 2147483647, csiSinr: 2147483647
06-13 12:49:16.743722  1371  1381 I AT      : [0] AT< +ECSQ: 57,40,1,-255,-17,1,1,4,32767,1 (RIL_URC_READER, tid:507895946480)
06-13 12:49:16.745281  1371  1383 D RmcNwHdlr: [0] requestSignalStrength:sigRegisted[0000], sigUpdated[0X04]
06-13 12:49:16.745418  1371  1383 D RmcNwHdlr: [0] handleSignalStrength, gsm_signal_strength: 99, gsm_bit_error_rate: 99, gsm_timing_advance: 2147483647, cdma_dbm: 2147483647, cdma_ecio: 2147483647, evdo_dbm: 2147483647, evdo_ecio: 2147483647, evdo_snr: 2147483647, lte_signal_strength: 99, lte_rsrp: 2147483647, lte_rsrq: 2147483647, lte_rssnr: 2147483647, lte_cqi: 2147483647, lte_timing_advance: 2147483647, tdscdma_signal_strength: 99, tdscdma_bit_error_rate: 99, tdscdma_rscp: 255, wcdma_signal_strength: 24, wcdma_bit_error_rate: 99, wcdma_scdma_rscp: 57, wcdma_ecno: 40, ssRsrp: 2147483647, ssRsrq: 2147483647, ssSinr: 2147483647, csiRsrp: 2147483647, csiRsrq: 2147483647, csiSinr: 2147483647
06-13 12:49:17.805908  1371  1436 I RilClient: initialize: commandFd is 77
06-13 12:49:17.806547  1371  1436 I RilClient: start listen on fd: 30, socket name: rild-oem
06-13 12:49:17.807968  1371  1388 I RmcOemHandler: requestQueryThermal Enter: -1
06-13 12:49:17.808137  1371  1388 I AT      : [0] AT> AT+ETHERMAL (RIL_CMD_READER_1 tid:507789065456)
06-13 12:49:17.817657  1371  1387 I AT      : [0] AT< +ETHERMAL: 2, 32767, -127, 111, 32767, 4046 (RIL_CMD_READER_1, tid:507790101744)
06-13 12:49:17.817780  1371  1387 I AT      : [0] AT< OK (RIL_CMD_READER_1, tid:507790101744)
06-13 12:49:17.818077  1371  1388 I RmcOemHandler: requestQueryThermal success
06-13 12:49:21.864838  1371  1381 I AT      : [0] AT< +ECSQ: 57,41,1,-255,-16,1,1,4,32767,1 (RIL_URC_READER, tid:507895946480)
06-13 12:49:21.866223  1371  1383 D RmcNwHdlr: [0] requestSignalStrength:sigRegisted[0000], sigUpdated[0X04]
06-13 12:49:21.866350  1371  1383 D RmcNwHdlr: [0] handleSignalStrength, gsm_signal_strength: 99, gsm_bit_error_rate: 99, gsm_timing_advance: 2147483647, cdma_dbm: 2147483647, cdma_ecio: 2147483647, evdo_dbm: 2147483647, evdo_ecio: 2147483647, evdo_snr: 2147483647, lte_signal_strength: 99, lte_rsrp: 2147483647, lte_rsrq: 2147483647, lte_rssnr: 2147483647, lte_cqi: 2147483647, lte_timing_advance: 2147483647, tdscdma_signal_strength: 99, tdscdma_bit_error_rate: 99, tdscdma_rscp: 255, wcdma_signal_strength: 24, wcdma_bit_error_rate: 99, wcdma_scdma_rscp: 57, wcdma_ecno: 41, ssRsrp: 2147483647, ssRsrq: 2147483647, ssSinr: 2147483647, csiRsrp: 2147483647, csiRsrq: 2147483647, csiSinr: 2147483647
06-13 12:49:26.985935  1371  1381 I AT      : [0] AT< +ECSQ: 57,42,1,-254,-13,1,1,4,32767,1 (RIL_URC_READER, tid:507895946480)
06-13 12:49:26.987347  1371  1383 D RmcNwHdlr: [0] requestSignalStrength:sigRegisted[0000], sigUpdated[0X04]
06-13 12:49:26.987473  1371  1383 D RmcNwHdlr: [0] handleSignalStrength, gsm_signal_strength: 99, gsm_bit_error_rate: 99, gsm_timing_advance: 2147483647, cdma_dbm: 2147483647, cdma_ecio: 2147483647, evdo_dbm: 2147483647, evdo_ecio: 2147483647, evdo_snr: 2147483647, lte_signal_strength: 99, lte_rsrp: 2147483647, lte_rsrq: 2147483647, lte_rssnr: 2147483647, lte_cqi: 2147483647, lte_timing_advance: 2147483647, tdscdma_signal_strength: 99, tdscdma_bit_error_rate: 99, tdscdma_rscp: 255, wcdma_signal_strength: 24, wcdma_bit_error_rate: 99, wcdma_scdma_rscp: 57, wcdma_ecno: 42, ssRsrp: 2147483647, ssRsrq: 2147483647, ssSinr: 2147483647, csiRsrp: 2147483647, csiRsrq: 2147483647, csiSinr: 2147483647
06-13 12:49:27.825940  1371  1436 I RilClient: initialize: commandFd is 65
06-13 12:49:27.826521  1371  1436 I RilClient: start listen on fd: 30, socket name: rild-oem
06-13 12:49:27.827962  1371  1388 I RmcOemHandler: requestQueryThermal Enter: -1
06-13 12:49:27.828129  1371  1388 I AT      : [0] AT> AT+ETHERMAL (RIL_CMD_READER_1 tid:507789065456)
06-13 12:49:27.837580  1371  1387 I AT      : [0] AT< +ETHERMAL: 2, 32767, -127, 111, 32767, 4046 (RIL_CMD_READER_1, tid:507790101744)
06-13 12:49:27.837722  1371  1387 I AT      : [0] AT< OK (RIL_CMD_READER_1, tid:507790101744)
06-13 12:49:27.838022  1371  1388 I RmcOemHandler: requestQueryThermal success
06-13 12:49:32.107435  1371  1381 I AT      : [0] AT< +ECSQ: 57,42,1,-255,-13,1,1,4,32767,1 (RIL_URC_READER, tid:507895946480)
06-13 12:49:37.228558  1371  1381 I AT      : [0] AT< +ECSQ: 57,41,1,-256,-15,1,1,4,32767,1 (RIL_URC_READER, tid:507895946480)
06-13 12:49:37.230065  1371  1383 D RmcNwHdlr: [0] requestSignalStrength:sigRegisted[0000], sigUpdated[0X04]
06-13 12:49:37.230189  1371  1383 D RmcNwHdlr: [0] handleSignalStrength, gsm_signal_strength: 99, gsm_bit_error_rate: 99, gsm_timing_advance: 2147483647, cdma_dbm: 2147483647, cdma_ecio: 2147483647, evdo_dbm: 2147483647, evdo_ecio: 2147483647, evdo_snr: 2147483647, lte_signal_strength: 99, lte_rsrp: 2147483647, lte_rsrq: 2147483647, lte_rssnr: 2147483647, lte_cqi: 2147483647, lte_timing_advance: 2147483647, tdscdma_signal_strength: 99, tdscdma_bit_error_rate: 99, tdscdma_rscp: 255, wcdma_signal_strength: 24, wcdma_bit_error_rate: 99, wcdma_scdma_rscp: 57, wcdma_ecno: 41, ssRsrp: 2147483647, ssRsrq: 2147483647, ssSinr: 2147483647, csiRsrp: 2147483647, csiRsrq: 2147483647, csiSinr: 2147483647
06-13 12:49:37.845866  1371  1436 I RilClient: initialize: commandFd is 77
06-13 12:49:37.846433  1371  1436 I RilClient: start listen on fd: 30, socket name: rild-oem
06-13 12:49:37.847907  1371  1388 I RmcOemHandler: requestQueryThermal Enter: -1
06-13 12:49:37.848077  1371  1388 I AT      : [0] AT> AT+ETHERMAL (RIL_CMD_READER_1 tid:507789065456)
06-13 12:49:37.857662  1371  1387 I AT      : [0] AT< +ETHERMAL: 2, 32767, -127, 111, 32767, 4046 (RIL_CMD_READER_1, tid:507790101744)
06-13 12:49:37.857785  1371  1387 I AT      : [0] AT< OK (RIL_CMD_READER_1, tid:507790101744)
06-13 12:49:37.858079  1371  1388 I RmcOemHandler: requestQueryThermal success
06-13 12:49:42.349689  1371  1381 I AT      : [0] AT< +ECSQ: 57,42,1,-254,-13,1,1,4,32767,1 (RIL_URC_READER, tid:507895946480)
06-13 12:49:42.351100  1371  1383 D RmcNwHdlr: [0] requestSignalStrength:sigRegisted[0000], sigUpdated[0X04]
06-13 12:49:42.351224  1371  1383 D RmcNwHdlr: [0] handleSignalStrength, gsm_signal_strength: 99, gsm_bit_error_rate: 99, gsm_timing_advance: 2147483647, cdma_dbm: 2147483647, cdma_ecio: 2147483647, evdo_dbm: 2147483647, evdo_ecio: 2147483647, evdo_snr: 2147483647, lte_signal_strength: 99, lte_rsrp: 2147483647, lte_rsrq: 2147483647, lte_rssnr: 2147483647, lte_cqi: 2147483647, lte_timing_advance: 2147483647, tdscdma_signal_strength: 99, tdscdma_bit_error_rate: 99, tdscdma_rscp: 255, wcdma_signal_strength: 24, wcdma_bit_error_rate: 99, wcdma_scdma_rscp: 57, wcdma_ecno: 42, ssRsrp: 2147483647, ssRsrq: 2147483647, ssSinr: 2147483647, csiRsrp: 2147483647, csiRsrq: 2147483647, csiSinr: 2147483647
06-13 12:49:47.470635  1371  1381 I AT      : [0] AT< +ECSQ: 58,41,1,-252,-16,1,1,4,32767,1 (RIL_URC_READER, tid:507895946480)
06-13 12:49:47.472024  1371  1383 D RmcNwHdlr: [0] requestSignalStrength:sigRegisted[0000], sigUpdated[0X04]
06-13 12:49:47.472158  1371  1383 D RmcNwHdlr: [0] handleSignalStrength, gsm_signal_strength: 99, gsm_bit_error_rate: 99, gsm_timing_advance: 2147483647, cdma_dbm: 2147483647, cdma_ecio: 2147483647, evdo_dbm: 2147483647, evdo_ecio: 2147483647, evdo_snr: 2147483647, lte_signal_strength: 99, lte_rsrp: 2147483647, lte_rsrq: 2147483647, lte_rssnr: 2147483647, lte_cqi: 2147483647, lte_timing_advance: 2147483647, tdscdma_signal_strength: 99, tdscdma_bit_error_rate: 99, tdscdma_rscp: 255, wcdma_signal_strength: 25, wcdma_bit_error_rate: 99, wcdma_scdma_rscp: 58, wcdma_ecno: 41, ssRsrp: 2147483647, ssRsrq: 2147483647, ssSinr: 2147483647, csiRsrp: 2147483647, csiRsrq: 2147483647, csiSinr: 2147483647
06-13 12:49:47.865798  1371  1436 I RilClient: initialize: commandFd is 65
06-13 12:49:47.866355  1371  1436 I RilClient: start listen on fd: 30, socket name: rild-oem
06-13 12:49:47.867779  1371  1388 I RmcOemHandler: requestQueryThermal Enter: -1
06-13 12:49:47.867948  1371  1388 I AT      : [0] AT> AT+ETHERMAL (RIL_CMD_READER_1 tid:507789065456)
06-13 12:49:47.877295  1371  1387 I AT      : [0] AT< +ETHERMAL: 2, 32767, -127, 111, 32767, 4046 (RIL_CMD_READER_1, tid:507790101744)
06-13 12:49:47.877434  1371  1387 I AT      : [0] AT< OK (RIL_CMD_READER_1, tid:507790101744)
06-13 12:49:47.877660  1371  1388 I RmcOemHandler: requestQueryThermal success
06-13 12:49:52.582633  1371  1381 I AT      : [0] AT< +ECSQ: 58,43,1,-252,-12,1,1,4,32767,1 (RIL_URC_READER, tid:507895946480)
06-13 12:49:52.584024  1371  1383 D RmcNwHdlr: [0] requestSignalStrength:sigRegisted[0000], sigUpdated[0X04]
06-13 12:49:52.584150  1371  1383 D RmcNwHdlr: [0] handleSignalStrength, gsm_signal_strength: 99, gsm_bit_error_rate: 99, gsm_timing_advance: 2147483647, cdma_dbm: 2147483647, cdma_ecio: 2147483647, evdo_dbm: 2147483647, evdo_ecio: 2147483647, evdo_snr: 2147483647, lte_signal_strength: 99, lte_rsrp: 2147483647, lte_rsrq: 2147483647, lte_rssnr: 2147483647, lte_cqi: 2147483647, lte_timing_advance: 2147483647, tdscdma_signal_strength: 99, tdscdma_bit_error_rate: 99, tdscdma_rscp: 255, wcdma_signal_strength: 25, wcdma_bit_error_rate: 99, wcdma_scdma_rscp: 58, wcdma_ecno: 43, ssRsrp: 2147483647, ssRsrq: 2147483647, ssSinr: 2147483647, csiRsrp: 2147483647, csiRsrq: 2147483647, csiSinr: 2147483647
06-13 12:49:57.703796  1371  1381 I AT      : [0] AT< +ECSQ: 57,41,1,-256,-15,1,1,4,32767,1 (RIL_URC_READER, tid:507895946480)
06-13 12:49:57.705298  1371  1383 D RmcNwHdlr: [0] requestSignalStrength:sigRegisted[0000], sigUpdated[0X04]
06-13 12:49:57.705435  1371  1383 D RmcNwHdlr: [0] handleSignalStrength, gsm_signal_strength: 99, gsm_bit_error_rate: 99, gsm_timing_advance: 2147483647, cdma_dbm: 2147483647, cdma_ecio: 2147483647, evdo_dbm: 2147483647, evdo_ecio: 2147483647, evdo_snr: 2147483647, lte_signal_strength: 99, lte_rsrp: 2147483647, lte_rsrq: 2147483647, lte_rssnr: 2147483647, lte_cqi: 2147483647, lte_timing_advance: 2147483647, tdscdma_signal_strength: 99, tdscdma_bit_error_rate: 99, tdscdma_rscp: 255, wcdma_signal_strength: 24, wcdma_bit_error_rate: 99, wcdma_scdma_rscp: 57, wcdma_ecno: 41, ssRsrp: 2147483647, ssRsrq: 2147483647, ssSinr: 2147483647, csiRsrp: 2147483647, csiRsrq: 2147483647, csiSinr: 2147483647
06-13 12:49:57.885714  1371  1436 I RilClient: initialize: commandFd is 77
06-13 12:49:57.886267  1371  1436 I RilClient: start listen on fd: 30, socket name: rild-oem
06-13 12:49:57.887681  1371  1388 I RmcOemHandler: requestQueryThermal Enter: -1
06-13 12:49:57.887849  1371  1388 I AT      : [0] AT> AT+ETHERMAL (RIL_CMD_READER_1 tid:507789065456)
06-13 12:49:57.897248  1371  1387 I AT      : [0] AT< +ETHERMAL: 2, 32767, -127, 111, 32767, 4046 (RIL_CMD_READER_1, tid:507790101744)
06-13 12:49:57.897374  1371  1387 I AT      : [0] AT< OK (RIL_CMD_READER_1, tid:507790101744)
06-13 12:49:57.897660  1371  1388 I RmcOemHandler: requestQueryThermal success
06-13 12:50:02.849886  1371  1381 I AT      : [0] AT< +ECSQ: 57,42,1,-255,-13,1,1,4,32767,1 (RIL_URC_READER, tid:507895946480)
06-13 12:50:02.851278  1371  1383 D RmcNwHdlr: [0] requestSignalStrength:sigRegisted[0000], sigUpdated[0X04]
06-13 12:50:02.851403  1371  1383 D RmcNwHdlr: [0] handleSignalStrength, gsm_signal_strength: 99, gsm_bit_error_rate: 99, gsm_timing_advance: 2147483647, cdma_dbm: 2147483647, cdma_ecio: 2147483647, evdo_dbm: 2147483647, evdo_ecio: 2147483647, evdo_snr: 2147483647, lte_signal_strength: 99, lte_rsrp: 2147483647, lte_rsrq: 2147483647, lte_rssnr: 2147483647, lte_cqi: 2147483647, lte_timing_advance: 2147483647, tdscdma_signal_strength: 99, tdscdma_bit_error_rate: 99, tdscdma_rscp: 255, wcdma_signal_strength: 24, wcdma_bit_error_rate: 99, wcdma_scdma_rscp: 57, wcdma_ecno: 42, ssRsrp: 2147483647, ssRsrq: 2147483647, ssSinr: 2147483647, csiRsrp: 2147483647, csiRsrq: 2147483647, csiSinr: 2147483647
06-13 12:50:07.905630  1371  1436 I RilClient: initialize: commandFd is 65
06-13 12:50:07.906211  1371  1436 I RilClient: start listen on fd: 30, socket name: rild-oem
06-13 12:50:07.907632  1371  1388 I RmcOemHandler: requestQueryThermal Enter: -1
06-13 12:50:07.907794  1371  1388 I AT      : [0] AT> AT+ETHERMAL (RIL_CMD_READER_1 tid:507789065456)
06-13 12:50:07.917265  1371  1387 I AT      : [0] AT< +ETHERMAL: 2, 32767, -127, 111, 32767, 4046 (RIL_CMD_READER_1, tid:507790101744)
06-13 12:50:07.917389  1371  1387 I AT      : [0] AT< OK (RIL_CMD_READER_1, tid:507790101744)
06-13 12:50:07.917680  1371  1388 I RmcOemHandler: requestQueryThermal success
