06-13 12:39:12.587512  1371  1383 D RmcNwHdlr: [0] handleSignalStrength, gsm_signal_strength: 99, gsm_bit_error_rate: 99, gsm_timing_advance: 2147483647, cdma_dbm: 2147483647, cdma_ecio: 2147483647, evdo_dbm: 2147483647, evdo_ecio: 2147483647, evdo_snr: 2147483647, lte_signal_strength: 99, lte_rsrp: 2147483647, lte_rsrq: 2147483647, lte_rssnr: 2147483647, lte_cqi: 2147483647, lte_timing_advance: 2147483647, tdscdma_signal_strength: 99, tdscdma_bit_error_rate: 99, tdscdma_rscp: 255, wcdma_signal_strength: 24, wcdma_bit_error_rate: 99, wcdma_scdma_rscp: 57, wcdma_ecno: 40, ssRsrp: 2147483647, ssRsrq: 2147483647, ssSinr: 2147483647, csiRsrp: 2147483647, csiRsrq: 2147483647, csiSinr: 2147483647
06-13 12:39:16.618017  1371  1436 I RilClient: initialize: commandFd is 77
06-13 12:39:16.618637  1371  1436 I RilClient: start listen on fd: 30, socket name: rild-oem
06-13 12:39:16.620155  1371  1388 I RmcOemHandler: requestQueryThermal Enter: -1
06-13 12:39:16.620318  1371  1388 I AT      : [0] AT> AT+ETHERMAL (RIL_CMD_READER_1 tid:507789065456)
06-13 12:39:16.629783  1371  1387 I AT      : [0] AT< +ETHERMAL: 2, 32767, -127, 111, 32767, 4046 (RIL_CMD_READER_1, tid:507790101744)
06-13 12:39:16.629908  1371  1387 I AT      : [0] AT< OK (RIL_CMD_READER_1, tid:507790101744)
06-13 12:39:16.630202  1371  1388 I RmcOemHandler: requestQueryThermal success
06-13 12:39:17.707472  1371  1381 I AT      : [0] AT< +ECSQ: 58,41,1,-251,-15,1,1,4,32767,1 (RIL_URC_READER, tid:507895946480)
06-13 12:39:17.708981  1371  1383 D RmcNwHdlr: [0] requestSignalStrength:sigRegisted[0000], sigUpdated[0X04]
06-13 12:39:17.709109  1371  1383 D RmcNwHdlr: [0] handleSignalStrength, gsm_signal_strength: 99, gsm_bit_error_rate: 99, gsm_timing_advance: 2147483647, cdma_dbm: 2147483647, cdma_ecio: 2147483647, evdo_dbm: 2147483647, evdo_ecio: 2147483647, evdo_snr: 2147483647, lte_signal_strength: 99, lte_rsrp: 2147483647, lte_rsrq: 2147483647, lte_rssnr: 2147483647, lte_cqi: 2147483647, lte_timing_advance: 2147483647, tdscdma_signal_strength: 99, tdscdma_bit_error_rate: 99, tdscdma_rscp: 255, wcdma_signal_strength: 25, wcdma_bit_error_rate: 99, wcdma_scdma_rscp: 58, wcdma_ecno: 41, ssRsrp: 2147483647, ssRsrq: 2147483647, ssSinr: 2147483647, csiRsrp: 2147483647, csiRsrq: 2147483647, csiSinr: 2147483647
06-13 12:39:22.828465  1371  1381 I AT      : [0] AT< +ECSQ: 57,40,1,-253,-17,1,1,4,32767,1 (RIL_URC_READER, tid:507895946480)
06-13 12:39:22.830091  1371  1383 D RmcNwHdlr: [0] requestSignalStrength:sigRegisted[0000], sigUpdated[0X04]
06-13 12:39:22.830221  1371  1383 D RmcNwHdlr: [0] handleSignalStrength, gsm_signal_strength: 99, gsm_bit_error_rate: 99, gsm_timing_advance: 2147483647, cdma_dbm: 2147483647, cdma_ecio: 2147483647, evdo_dbm: 2147483647, evdo_ecio: 2147483647, evdo_snr: 2147483647, lte_signal_strength: 99, lte_rsrp: 2147483647, lte_rsrq: 2147483647, lte_rssnr: 2147483647, lte_cqi: 2147483647, lte_timing_advance: 2147483647, tdscdma_signal_strength: 99, tdscdma_bit_error_rate: 99, tdscdma_rscp: 255, wcdma_signal_strength: 24, wcdma_bit_error_rate: 99, wcdma_scdma_rscp: 57, wcdma_ecno: 40, ssRsrp: 2147483647, ssRsrq: 2147483647, ssSinr: 2147483647, csiRsrp: 2147483647, csiRsrq: 2147483647, csiSinr: 2147483647
06-13 12:39:26.638019  1371  1436 I RilClient: initialize: commandFd is 65
06-13 12:39:26.638597  1371  1436 I RilClient: start listen on fd: 30, socket name: rild-oem
06-13 12:39:26.640132  1371  1388 I RmcOemHandler: requestQueryThermal Enter: -1
06-13 12:39:26.640295  1371  1388 I AT      : [0] AT> AT+ETHERMAL (RIL_CMD_READER_1 tid:507789065456)
06-13 12:39:26.649858  1371  1387 I AT      : [0] AT< +ETHERMAL: 2, 32767, -127, 111, 32767, 4046 (RIL_CMD_READER_1, tid:507790101744)
06-13 12:39:26.649981  1371  1387 I AT      : [0] AT< OK (RIL_CMD_READER_1, tid:507790101744)
06-13 12:39:26.650280  1371  1388 I RmcOemHandler: requestQueryThermal success
06-13 12:39:27.949545  1371  1381 I AT      : [0] AT< +ECSQ: 57,41,1,-253,-16,1,1,4,32767,1 (RIL_URC_READER, tid:507895946480)
06-13 12:39:27.951035  1371  1383 D RmcNwHdlr: [0] requestSignalStrength:sigRegisted[0000], sigUpdated[0X04]
06-13 12:39:27.951165  1371  1383 D RmcNwHdlr: [0] handleSignalStrength, gsm_signal_strength: 99, gsm_bit_error_rate: 99, gsm_timing_advance: 2147483647, cdma_dbm: 2147483647, cdma_ecio: 2147483647, evdo_dbm: 2147483647, evdo_ecio: 2147483647, evdo_snr: 2147483647, lte_signal_strength: 99, lte_rsrp: 2147483647, lte_rsrq: 2147483647, lte_rssnr: 2147483647, lte_cqi: 2147483647, lte_timing_advance: 2147483647, tdscdma_signal_strength: 99, tdscdma_bit_error_rate: 99, tdscdma_rscp: 255, wcdma_signal_strength: 24, wcdma_bit_error_rate: 99, wcdma_scdma_rscp: 57, wcdma_ecno: 41, ssRsrp: 2147483647, ssRsrq: 2147483647, ssSinr: 2147483647, csiRsrp: 2147483647, csiRsrq: 2147483647, csiSinr: 2147483647
06-13 12:39:33.070816  1371  1381 I AT      : [0] AT< +ECSQ: 58,40,1,-251,-17,1,1,4,32767,1 (RIL_URC_READER, tid:507895946480)
06-13 12:39:33.072314  1371  1383 D RmcNwHdlr: [0] requestSignalStrength:sigRegisted[0000], sigUpdated[0X04]
06-13 12:39:33.072443  1371  1383 D RmcNwHdlr: [0] handleSignalStrength, gsm_signal_strength: 99, gsm_bit_error_rate: 99, gsm_timing_advance: 2147483647, cdma_dbm: 2147483647, cdma_ecio: 2147483647, evdo_dbm: 2147483647, evdo_ecio: 2147483647, evdo_snr: 2147483647, lte_signal_strength: 99, lte_rsrp: 2147483647, lte_rsrq: 2147483647, lte_rssnr: 2147483647, lte_cqi: 2147483647, lte_timing_advance: 2147483647, tdscdma_signal_strength: 99, tdscdma_bit_error_rate: 99, tdscdma_rscp: 255, wcdma_signal_strength: 25, wcdma_bit_error_rate: 99, wcdma_scdma_rscp: 58, wcdma_ecno: 40, ssRsrp: 2147483647, ssRsrq: 2147483647, ssSinr: 2147483647, csiRsrp: 2147483647, csiRsrq: 2147483647, csiSinr: 2147483647
06-13 12:39:36.658070  1371  1436 I RilClient: initialize: commandFd is 77
06-13 12:39:36.658654  1371  1436 I RilClient: start listen on fd: 30, socket name: rild-oem
06-13 12:39:36.660186  1371  1388 I RmcOemHandler: requestQueryThermal Enter: -1
06-13 12:39:36.660350  1371  1388 I AT      : [0] AT> AT+ETHERMAL (RIL_CMD_READER_1 tid:507789065456)
06-13 12:39:36.669650  1371  1387 I AT      : [0] AT< +ETHERMAL: 2, 32767, -127, 111, 32767, 4046 (RIL_CMD_READER_1, tid:507790101744)
06-13 12:39:36.669773  1371  1387 I AT      : [0] AT< OK (RIL_CMD_READER_1, tid:507790101744)
06-13 12:39:36.670070  1371  1388 I RmcOemHandler: requestQueryThermal success
06-13 12:39:38.182815  1371  1381 I AT      : [0] AT< +ECSQ: 58,40,1,-251,-18,1,1,4,32767,1 (RIL_URC_READER, tid:507895946480)
06-13 12:39:43.312340  1371  1381 I AT      : [0] AT< +ECSQ: 57,40,1,-253,-17,1,1,4,32767,1 (RIL_URC_READER, tid:507895946480)
06-13 12:39:43.313955  1371  1383 D RmcNwHdlr: [0] requestSignalStrength:sigRegisted[0000], sigUpdated[0X04]
06-13 12:39:43.314084  1371  1383 D RmcNwHdlr: [0] handleSignalStrength, gsm_signal_strength: 99, gsm_bit_error_rate: 99, gsm_timing_advance: 2147483647, cdma_dbm: 2147483647, cdma_ecio: 2147483647, evdo_dbm: 2147483647, evdo_ecio: 2147483647, evdo_snr: 2147483647, lte_signal_strength: 99, lte_rsrp: 2147483647, lte_rsrq: 2147483647, lte_rssnr: 2147483647, lte_cqi: 2147483647, lte_timing_advance: 2147483647, tdscdma_signal_strength: 99, tdscdma_bit_error_rate: 99, tdscdma_rscp: 255, wcdma_signal_strength: 24, wcdma_bit_error_rate: 99, wcdma_scdma_rscp: 57, wcdma_ecno: 40, ssRsrp: 2147483647, ssRsrq: 2147483647, ssSinr: 2147483647, csiRsrp: 2147483647, csiRsrq: 2147483647, csiSinr: 2147483647
06-13 12:39:46.677981  1371  1436 I RilClient: initialize: commandFd is 65
06-13 12:39:46.678562  1371  1436 I RilClient: start listen on fd: 30, socket name: rild-oem
06-13 12:39:46.679916  1371  1388 I RmcOemHandler: requestQueryThermal Enter: -1
06-13 12:39:46.680080  1371  1388 I AT      : [0] AT> AT+ETHERMAL (RIL_CMD_READER_1 tid:507789065456)
06-13 12:39:46.689687  1371  1387 I AT      : [0] AT< +ETHERMAL: 2, 32767, -127, 111, 32767, 4046 (RIL_CMD_READER_1, tid:507790101744)
06-13 12:39:46.689813  1371  1387 I AT      : [0] AT< OK (RIL_CMD_READER_1, tid:507790101744)
06-13 12:39:46.690112  1371  1388 I RmcOemHandler: requestQueryThermal success
06-13 12:39:48.424853  1371  1381 I AT      : [0] AT< +ECSQ: 56,40,1,-257,-17,1,1,4,32767,1 (RIL_URC_READER, tid:507895946480)
06-13 12:39:48.426426  1371  1383 D RmcNwHdlr: [0] requestSignalStrength:sigRegisted[0000], sigUpdated[0X04]
06-13 12:39:48.426692  1371  1383 D RmcNwHdlr: [0] handleSignalStrength, gsm_signal_strength: 99, gsm_bit_error_rate: 99, gsm_timing_advance: 2147483647, cdma_dbm: 2147483647, cdma_ecio: 2147483647, evdo_dbm: 2147483647, evdo_ecio: 2147483647, evdo_snr: 2147483647, lte_signal_strength: 99, lte_rsrp: 2147483647, lte_rsrq: 2147483647, lte_rssnr: 2147483647, lte_cqi: 2147483647, lte_timing_advance: 2147483647, tdscdma_signal_strength: 99, tdscdma_bit_error_rate: 99, tdscdma_rscp: 255, wcdma_signal_strength: 24, wcdma_bit_error_rate: 99, wcdma_scdma_rscp: 56, wcdma_ecno: 40, ssRsrp: 2147483647, ssRsrq: 2147483647, ssSinr: 2147483647, csiRsrp: 2147483647, csiRsrq: 2147483647, csiSinr: 2147483647
06-13 12:39:53.546032  1371  1381 I AT      : [0] AT< +ECSQ: 57,39,1,-255,-19,1,1,4,32767,1 (RIL_URC_READER, tid:507895946480)
06-13 12:39:53.547425  1371  1383 D RmcNwHdlr: [0] requestSignalStrength:sigRegisted[0000], sigUpdated[0X04]
06-13 12:39:53.547552  1371  1383 D RmcNwHdlr: [0] handleSignalStrength, gsm_signal_strength: 99, gsm_bit_error_rate: 99, gsm_timing_advance: 2147483647, cdma_dbm: 2147483647, cdma_ecio: 2147483647, evdo_dbm: 2147483647, evdo_ecio: 2147483647, evdo_snr: 2147483647, lte_signal_strength: 99, lte_rsrp: 2147483647, lte_rsrq: 2147483647, lte_rssnr: 2147483647, lte_cqi: 2147483647, lte_timing_advance: 2147483647, tdscdma_signal_strength: 99, tdscdma_bit_error_rate: 99, tdscdma_rscp: 255, wcdma_signal_strength: 24, wcdma_bit_error_rate: 99, wcdma_scdma_rscp: 57, wcdma_ecno: 39, ssRsrp: 2147483647, ssRsrq: 2147483647, ssSinr: 2147483647, csiRsrp: 2147483647, csiRsrq: 2147483647, csiSinr: 2147483647
06-13 12:39:56.697905  1371  1436 I RilClient: initialize: commandFd is 77
06-13 12:39:56.698495  1371  1436 I RilClient: start listen on fd: 30, socket name: rild-oem
06-13 12:39:56.699871  1371  1388 I RmcOemHandler: requestQueryThermal Enter: -1
06-13 12:39:56.700037  1371  1388 I AT      : [0] AT> AT+ETHERMAL (RIL_CMD_READER_1 tid:507789065456)
06-13 12:39:56.709345  1371  1387 I AT      : [0] AT< +ETHERMAL: 2, 32767, -127, 111, 32767, 4046 (RIL_CMD_READER_1, tid:507790101744)
06-13 12:39:56.709485  1371  1387 I AT      : [0] AT< OK (RIL_CMD_READER_1, tid:507790101744)
06-13 12:39:56.709789  1371  1388 I RmcOemHandler: requestQueryThermal success
06-13 12:39:58.667495  1371  1381 I AT      : [0] AT< +ECSQ: 58,43,1,-249,-12,1,1,4,32767,1 (RIL_URC_READER, tid:507895946480)
06-13 12:39:58.668903  1371  1383 D RmcNwHdlr: [0] requestSignalStrength:sigRegisted[0000], sigUpdated[0X04]
06-13 12:39:58.669031  1371  1383 D RmcNwHdlr: [0] handleSignalStrength, gsm_signal_strength: 99, gsm_bit_error_rate: 99, gsm_timing_advance: 2147483647, cdma_dbm: 2147483647, cdma_ecio: 2147483647, evdo_dbm: 2147483647, evdo_ecio: 2147483647, evdo_snr: 2147483647, lte_signal_strength: 99, lte_rsrp: 2147483647, lte_rsrq: 2147483647, lte_rssnr: 2147483647, lte_cqi: 2147483647, lte_timing_advance: 2147483647, tdscdma_signal_strength: 99, tdscdma_bit_error_rate: 99, tdscdma_rscp: 255, wcdma_signal_strength: 25, wcdma_bit_error_rate: 99, wcdma_scdma_rscp: 58, wcdma_ecno: 43, ssRsrp: 2147483647, ssRsrq: 2147483647, ssSinr: 2147483647, csiRsrp: 2147483647, csiRsrq: 2147483647, csiSinr: 2147483647
06-13 12:40:03.788634  1371  1381 I AT      : [0] AT< +ECSQ: 57,42,1,-253,-14,1,1,4,32767,1 (RIL_URC_READER, tid:507895946480)
06-13 12:40:03.790188  1371  1383 D RmcNwHdlr: [0] requestSignalStrength:sigRegisted[0000], sigUpdated[0X04]
06-13 12:40:03.790314  1371  1383 D RmcNwHdlr: [0] handleSignalStrength, gsm_signal_strength: 99, gsm_bit_error_rate: 99, gsm_timing_advance: 2147483647, cdma_dbm: 2147483647, cdma_ecio: 2147483647, evdo_dbm: 2147483647, evdo_ecio: 2147483647, evdo_snr: 2147483647, lte_signal_strength: 99, lte_rsrp: 2147483647, lte_rsrq: 2147483647, lte_rssnr: 2147483647, lte_cqi: 2147483647, lte_timing_advance: 2147483647, tdscdma_signal_strength: 99, tdscdma_bit_error_rate: 99, tdscdma_rscp: 255, wcdma_signal_strength: 24, wcdma_bit_error_rate: 99, wcdma_scdma_rscp: 57, wcdma_ecno: 42, ssRsrp: 2147483647, ssRsrq: 2147483647, ssSinr: 2147483647, csiRsrp: 2147483647, csiRsrq: 2147483647, csiSinr: 2147483647
06-13 12:40:06.717782  1371  1436 I RilClient: initialize: commandFd is 65
06-13 12:40:06.718363  1371  1436 I RilClient: start listen on fd: 30, socket name: rild-oem
06-13 12:40:06.719867  1371  1388 I RmcOemHandler: requestQueryThermal Enter: -1
06-13 12:40:06.720030  1371  1388 I AT      : [0] AT> AT+ETHERMAL (RIL_CMD_READER_1 tid:507789065456)
06-13 12:40:06.729547  1371  1387 I AT      : [0] AT< +ETHERMAL: 2, 32767, -127, 111, 32767, 4046 (RIL_CMD_READER_1, tid:507790101744)
06-13 12:40:06.729670  1371  1387 I AT      : [0] AT< OK (RIL_CMD_READER_1, tid:507790101744)
06-13 12:40:06.729967  1371  1388 I RmcOemHandler: requestQueryThermal success
06-13 12:40:08.909551  1371  1381 I AT      : [0] AT< +ECSQ: 57,40,1,-253,-17,1,1,4,32767,1 (RIL_URC_READER, tid:507895946480)
06-13 12:40:08.910952  1371  1383 D RmcNwHdlr: [0] requestSignalStrength:sigRegisted[0000], sigUpdated[0X04]
06-13 12:40:08.911077  1371  1383 D RmcNwHdlr: [0] handleSignalStrength, gsm_signal_strength: 99, gsm_bit_error_rate: 99, gsm_timing_advance: 2147483647, cdma_dbm: 2147483647, cdma_ecio: 2147483647, evdo_dbm: 2147483647, evdo_ecio: 2147483647, evdo_snr: 2147483647, lte_signal_strength: 99, lte_rsrp: 2147483647, lte_rsrq: 2147483647, lte_rssnr: 2147483647, lte_cqi: 2147483647, lte_timing_advance: 2147483647, tdscdma_signal_strength: 99, tdscdma_bit_error_rate: 99, tdscdma_rscp: 255, wcdma_signal_strength: 24, wcdma_bit_error_rate: 99, wcdma_scdma_rscp: 57, wcdma_ecno: 40, ssRsrp: 2147483647, ssRsrq: 2147483647, ssSinr: 2147483647, csiRsrp: 2147483647, csiRsrq: 2147483647, csiSinr: 2147483647
06-13 12:40:14.030777  1371  1381 I AT      : [0] AT< +ECSQ: 58,41,1,-252,-15,1,1,4,32767,1 (RIL_URC_READER, tid:507895946480)
06-13 12:40:14.032293  1371  1383 D RmcNwHdlr: [0] requestSignalStrength:sigRegisted[0000], sigUpdated[0X04]
06-13 12:40:14.032419  1371  1383 D RmcNwHdlr: [0] handleSignalStrength, gsm_signal_strength: 99, gsm_bit_error_rate: 99, gsm_timing_advance: 2147483647, cdma_dbm: 2147483647, cdma_ecio: 2147483647, evdo_dbm: 2147483647, evdo_ecio: 2147483647, evdo_snr: 2147483647, lte_signal_strength: 99, lte_rsrp: 2147483647, lte_rsrq: 2147483647, lte_rssnr: 2147483647, lte_cqi: 2147483647, lte_timing_advance: 2147483647, tdscdma_signal_strength: 99, tdscdma_bit_error_rate: 99, tdscdma_rscp: 255, wcdma_signal_strength: 25, wcdma_bit_error_rate: 99, wcdma_scdma_rscp: 58, wcdma_ecno: 41, ssRsrp: 2147483647, ssRsrq: 2147483647, ssSinr: 2147483647, csiRsrp: 2147483647, csiRsrq: 2147483647, csiSinr: 2147483647
06-13 12:40:16.734811  1371  1436 I RilClient: initialize: commandFd is 77
06-13 12:40:16.735464  1371  1436 I RilClient: start listen on fd: 30, socket name: rild-oem
06-13 12:40:16.736819  1371  1388 I RmcOemHandler: requestQueryThermal Enter: -1
06-13 12:40:16.736989  1371  1388 I AT      : [0] AT> AT+ETHERMAL (RIL_CMD_READER_1 tid:507789065456)
06-13 12:40:16.746650  1371  1387 I AT      : [0] AT< +ETHERMAL: 2, 32767, -127, 111, 32767, 4046 (RIL_CMD_READER_1, tid:507790101744)
06-13 12:40:16.746772  1371  1387 I AT      : [0] AT< OK (RIL_CMD_READER_1, tid:507790101744)
06-13 12:40:16.747077  1371  1388 I RmcOemHandler: requestQueryThermal success
06-13 12:40:19.142739  1371  1381 I AT      : [0] AT< +ECSQ: 58,42,1,-252,-14,1,1,4,32767,1 (RIL_URC_READER, tid:507895946480)
06-13 12:40:19.144128  1371  1383 D RmcNwHdlr: [0] requestSignalStrength:sigRegisted[0000], sigUpdated[0X04]
06-13 12:40:19.144252  1371  1383 D RmcNwHdlr: [0] handleSignalStrength, gsm_signal_strength: 99, gsm_bit_error_rate: 99, gsm_timing_advance: 2147483647, cdma_dbm: 2147483647, cdma_ecio: 2147483647, evdo_dbm: 2147483647, evdo_ecio: 2147483647, evdo_snr: 2147483647, lte_signal_strength: 99, lte_rsrp: 2147483647, lte_rsrq: 2147483647, lte_rssnr: 2147483647, lte_cqi: 2147483647, lte_timing_advance: 2147483647, tdscdma_signal_strength: 99, tdscdma_bit_error_rate: 99, tdscdma_rscp: 255, wcdma_signal_strength: 25, wcdma_bit_error_rate: 99, wcdma_scdma_rscp: 58, wcdma_ecno: 42, ssRsrp: 2147483647, ssRsrq: 2147483647, ssSinr: 2147483647, csiRsrp: 2147483647, csiRsrq: 2147483647, csiSinr: 2147483647
06-13 12:40:24.263817  1371  1381 I AT      : [0] AT< +ECSQ: 57,41,1,-254,-15,1,1,4,32767,1 (RIL_URC_READER, tid:507895946480)
06-13 12:40:24.265322  1371  1383 D RmcNwHdlr: [0] requestSignalStrength:sigRegisted[0000], sigUpdated[0X04]
06-13 12:40:24.265460  1371  1383 D RmcNwHdlr: [0] handleSignalStrength, gsm_signal_strength: 99, gsm_bit_error_rate: 99, gsm_timing_advance: 2147483647, cdma_dbm: 2147483647, cdma_ecio: 2147483647, evdo_dbm: 2147483647, evdo_ecio: 2147483647, evdo_snr: 2147483647, lte_signal_strength: 99, lte_rsrp: 2147483647, lte_rsrq: 2147483647, lte_rssnr: 2147483647, lte_cqi: 2147483647, lte_timing_advance: 2147483647, tdscdma_signal_strength: 99, tdscdma_bit_error_rate: 99, tdscdma_rscp: 255, wcdma_signal_strength: 24, wcdma_bit_error_rate: 99, wcdma_scdma_rscp: 57, wcdma_ecno: 41, ssRsrp: 2147483647, ssRsrq: 2147483647, ssSinr: 2147483647, csiRsrp: 2147483647, csiRsrq: 2147483647, csiSinr: 2147483647
06-13 12:40:26.755038  1371  1436 I RilClient: initialize: commandFd is 65
06-13 12:40:26.755632  1371  1436 I RilClient: start listen on fd: 30, socket name: rild-oem
06-13 12:40:26.757003  1371  1388 I RmcOemHandler: requestQueryThermal Enter: -1
06-13 12:40:26.757518  1371  1388 I AT      : [0] AT> AT+ETHERMAL (RIL_CMD_READER_1 tid:507789065456)
06-13 12:40:26.767013  1371  1387 I AT      : [0] AT< +ETHERMAL: 2, 32767, -127, 111, 32767, 4046 (RIL_CMD_READER_1, tid:507790101744)
06-13 12:40:26.767139  1371  1387 I AT      : [0] AT< OK (RIL_CMD_READER_1, tid:507790101744)
06-13 12:40:26.767452  1371  1388 I RmcOemHandler: requestQueryThermal success
06-13 12:40:29.391861  1371  1381 I AT      : [0] AT< +ECSQ: 57,42,1,-254,-14,1,1,4,32767,1 (RIL_URC_READER, tid:507895946480)
06-13 12:40:29.392768  1371  1383 D RmcNwHdlr: [0] requestSignalStrength:sigRegisted[0000], sigUpdated[0X04]
06-13 12:40:29.392855  1371  1383 D RmcNwHdlr: [0] handleSignalStrength, gsm_signal_strength: 99, gsm_bit_error_rate: 99, gsm_timing_advance: 2147483647, cdma_dbm: 2147483647, cdma_ecio: 2147483647, evdo_dbm: 2147483647, evdo_ecio: 2147483647, evdo_snr: 2147483647, lte_signal_strength: 99, lte_rsrp: 2147483647, lte_rsrq: 2147483647, lte_rssnr: 2147483647, lte_cqi: 2147483647, lte_timing_advance: 2147483647, tdscdma_signal_strength: 99, tdscdma_bit_error_rate: 99, tdscdma_rscp: 255, wcdma_signal_strength: 24, wcdma_bit_error_rate: 99, wcdma_scdma_rscp: 57, wcdma_ecno: 42, ssRsrp: 2147483647, ssRsrq: 2147483647, ssSinr: 2147483647, csiRsrp: 2147483647, csiRsrq: 2147483647, csiSinr: 2147483647
06-13 12:40:34.505989  1371  1381 I AT      : [0] AT< +ECSQ: 58,42,1,-251,-14,1,1,4,32767,1 (RIL_URC_READER, tid:507895946480)
06-13 12:40:34.507385  1371  1383 D RmcNwHdlr: [0] requestSignalStrength:sigRegisted[0000], sigUpdated[0X04]
06-13 12:40:34.507512  1371  1383 D RmcNwHdlr: [0] handleSignalStrength, gsm_signal_strength: 99, gsm_bit_error_rate: 99, gsm_timing_advance: 2147483647, cdma_dbm: 2147483647, cdma_ecio: 2147483647, evdo_dbm: 2147483647, evdo_ecio: 2147483647, evdo_snr: 2147483647, lte_signal_strength: 99, lte_rsrp: 2147483647, lte_rsrq: 2147483647, lte_rssnr: 2147483647, lte_cqi: 2147483647, lte_timing_advance: 2147483647, tdscdma_signal_strength: 99, tdscdma_bit_error_rate: 99, tdscdma_rscp: 255, wcdma_signal_strength: 25, wcdma_bit_error_rate: 99, wcdma_scdma_rscp: 58, wcdma_ecno: 42, ssRsrp: 2147483647, ssRsrq: 2147483647, ssSinr: 2147483647, csiRsrp: 2147483647, csiRsrq: 2147483647, csiSinr: 2147483647
06-13 12:40:36.775036  1371  1436 I RilClient: initialize: commandFd is 77
06-13 12:40:36.775595  1371  1436 I RilClient: start listen on fd: 30, socket name: rild-oem
06-13 12:40:36.777114  1371  1388 I RmcOemHandler: requestQueryThermal Enter: -1
06-13 12:40:36.777361  1371  1388 I AT      : [0] AT> AT+ETHERMAL (RIL_CMD_READER_1 tid:507789065456)
06-13 12:40:36.786818  1371  1387 I AT      : [0] AT< +ETHERMAL: 2, 32767, -127, 111, 32767, 4046 (RIL_CMD_READER_1, tid:507790101744)
06-13 12:40:36.786946  1371  1387 I AT      : [0] AT< OK (RIL_CMD_READER_1, tid:507790101744)
06-13 12:40:36.787249  1371  1388 I RmcOemHandler: requestQueryThermal success
06-13 12:40:39.627455  1371  1381 I AT      : [0] AT< +ECSQ: 58,41,1,-249,-15,1,1,4,32767,1 (RIL_URC_READER, tid:507895946480)
06-13 12:40:39.628847  1371  1383 D RmcNwHdlr: [0] requestSignalStrength:sigRegisted[0000], sigUpdated[0X04]
06-13 12:40:39.628980  1371  1383 D RmcNwHdlr: [0] handleSignalStrength, gsm_signal_strength: 99, gsm_bit_error_rate: 99, gsm_timing_advance: 2147483647, cdma_dbm: 2147483647, cdma_ecio: 2147483647, evdo_dbm: 2147483647, evdo_ecio: 2147483647, evdo_snr: 2147483647, lte_signal_strength: 99, lte_rsrp: 2147483647, lte_rsrq: 2147483647, lte_rssnr: 2147483647, lte_cqi: 2147483647, lte_timing_advance: 2147483647, tdscdma_signal_strength: 99, tdscdma_bit_error_rate: 99, tdscdma_rscp: 255, wcdma_signal_strength: 25, wcdma_bit_error_rate: 99, wcdma_scdma_rscp: 58, wcdma_ecno: 41, ssRsrp: 2147483647, ssRsrq: 2147483647, ssSinr: 2147483647, csiRsrp: 2147483647, csiRsrq: 2147483647, csiSinr: 2147483647
06-13 12:40:44.748419  1371  1381 I AT      : [0] AT< +ECSQ: 58,35,1,-252,-28,1,1,4,32767,1 (RIL_URC_READER, tid:507895946480)
06-13 12:40:44.749927  1371  1383 D RmcNwHdlr: [0] requestSignalStrength:sigRegisted[0000], sigUpdated[0X04]
06-13 12:40:44.750054  1371  1383 D RmcNwHdlr: [0] handleSignalStrength, gsm_signal_strength: 99, gsm_bit_error_rate: 99, gsm_timing_advance: 2147483647, cdma_dbm: 2147483647, cdma_ecio: 2147483647, evdo_dbm: 2147483647, evdo_ecio: 2147483647, evdo_snr: 2147483647, lte_signal_strength: 99, lte_rsrp: 2147483647, lte_rsrq: 2147483647, lte_rssnr: 2147483647, lte_cqi: 2147483647, lte_timing_advance: 2147483647, tdscdma_signal_strength: 99, tdscdma_bit_error_rate: 99, tdscdma_rscp: 255, wcdma_signal_strength: 25, wcdma_bit_error_rate: 99, wcdma_scdma_rscp: 58, wcdma_ecno: 35, ssRsrp: 2147483647, ssRsrq: 2147483647, ssSinr: 2147483647, csiRsrp: 2147483647, csiRsrq: 2147483647, csiSinr: 2147483647
06-13 12:40:46.794619  1371  1436 I RilClient: initialize: commandFd is 65
06-13 12:40:46.795199  1371  1436 I RilClient: start listen on fd: 30, socket name: rild-oem
06-13 12:40:46.796716  1371  1388 I RmcOemHandler: requestQueryThermal Enter: -1
06-13 12:40:46.796879  1371  1388 I AT      : [0] AT> AT+ETHERMAL (RIL_CMD_READER_1 tid:507789065456)
06-13 12:40:46.806719  1371  1387 I AT      : [0] AT< +ETHERMAL: 2, 32767, -127, 111, 32767, 4046 (RIL_CMD_READER_1, tid:507790101744)
06-13 12:40:46.806884  1371  1387 I AT      : [0] AT< OK (RIL_CMD_READER_1, tid:507790101744)
06-13 12:40:46.807215  1371  1388 I RmcOemHandler: requestQueryThermal success
06-13 12:40:49.869890  1371  1381 I AT      : [0] AT< +ECSQ: 58,38,1,-252,-22,1,1,4,32767,1 (RIL_URC_READER, tid:507895946480)
06-13 12:40:49.871258  1371  1383 D RmcNwHdlr: [0] requestSignalStrength:sigRegisted[0000], sigUpdated[0X04]
06-13 12:40:49.871384  1371  1383 D RmcNwHdlr: [0] handleSignalStrength, gsm_signal_strength: 99, gsm_bit_error_rate: 99, gsm_timing_advance: 2147483647, cdma_dbm: 2147483647, cdma_ecio: 2147483647, evdo_dbm: 2147483647, evdo_ecio: 2147483647, evdo_snr: 2147483647, lte_signal_strength: 99, lte_rsrp: 2147483647, lte_rsrq: 2147483647, lte_rssnr: 2147483647, lte_cqi: 2147483647, lte_timing_advance: 2147483647, tdscdma_signal_strength: 99, tdscdma_bit_error_rate: 99, tdscdma_rscp: 255, wcdma_signal_strength: 25, wcdma_bit_error_rate: 99, wcdma_scdma_rscp: 58, wcdma_ecno: 38, ssRsrp: 2147483647, ssRsrq: 2147483647, ssSinr: 2147483647, csiRsrp: 2147483647, csiRsrq: 2147483647, csiSinr: 2147483647
06-13 12:40:54.990859  1371  1381 I AT      : [0] AT< +ECSQ: 59,40,1,-248,-17,1,1,4,32767,1 (RIL_URC_READER, tid:507895946480)
06-13 12:40:54.992231  1371  1383 D RmcNwHdlr: [0] requestSignalStrength:sigRegisted[0000], sigUpdated[0X04]
06-13 12:40:54.992358  1371  1383 D RmcNwHdlr: [0] handleSignalStrength, gsm_signal_strength: 99, gsm_bit_error_rate: 99, gsm_timing_advance: 2147483647, cdma_dbm: 2147483647, cdma_ecio: 2147483647, evdo_dbm: 2147483647, evdo_ecio: 2147483647, evdo_snr: 2147483647, lte_signal_strength: 99, lte_rsrp: 2147483647, lte_rsrq: 2147483647, lte_rssnr: 2147483647, lte_cqi: 2147483647, lte_timing_advance: 2147483647, tdscdma_signal_strength: 99, tdscdma_bit_error_rate: 99, tdscdma_rscp: 255, wcdma_signal_strength: 25, wcdma_bit_error_rate: 99, wcdma_scdma_rscp: 59, wcdma_ecno: 40, ssRsrp: 2147483647, ssRsrq: 2147483647, ssSinr: 2147483647, csiRsrp: 2147483647, csiRsrq: 2147483647, csiSinr: 2147483647
06-13 12:40:56.814896  1371  1436 I RilClient: initialize: commandFd is 77
06-13 12:40:56.815459  1371  1436 I RilClient: start listen on fd: 30, socket name: rild-oem
06-13 12:40:56.816979  1371  1388 I RmcOemHandler: requestQueryThermal Enter: -1
06-13 12:40:56.817316  1371  1388 I AT      : [0] AT> AT+ETHERMAL (RIL_CMD_READER_1 tid:507789065456)
06-13 12:40:56.826145  1371  1387 I AT      : [0] AT< +ETHERMAL: 2, 32767, -127, 111, 32767, 4046 (RIL_CMD_READER_1, tid:507790101744)
06-13 12:40:56.826202  1371  1387 I AT      : [0] AT< OK (RIL_CMD_READER_1, tid:507790101744)
06-13 12:40:56.826360  1371  1388 I RmcOemHandler: requestQueryThermal success
06-13 12:41:00.102583  1371  1381 I AT      : [0] AT< +ECSQ: 59,41,1,-248,-15,1,1,4,32767,1 (RIL_URC_READER, tid:507895946480)
06-13 12:41:00.103944  1371  1383 D RmcNwHdlr: [0] requestSignalStrength:sigRegisted[0000], sigUpdated[0X04]
06-13 12:41:00.104069  1371  1383 D RmcNwHdlr: [0] handleSignalStrength, gsm_signal_strength: 99, gsm_bit_error_rate: 99, gsm_timing_advance: 2147483647, cdma_dbm: 2147483647, cdma_ecio: 2147483647, evdo_dbm: 2147483647, evdo_ecio: 2147483647, evdo_snr: 2147483647, lte_signal_strength: 99, lte_rsrp: 2147483647, lte_rsrq: 2147483647, lte_rssnr: 2147483647, lte_cqi: 2147483647, lte_timing_advance: 2147483647, tdscdma_signal_strength: 99, tdscdma_bit_error_rate: 99, tdscdma_rscp: 255, wcdma_signal_strength: 25, wcdma_bit_error_rate: 99, wcdma_scdma_rscp: 59, wcdma_ecno: 41, ssRsrp: 2147483647, ssRsrq: 2147483647, ssSinr: 2147483647, csiRsrp: 2147483647, csiRsrq: 2147483647, csiSinr: 2147483647
06-13 12:41:05.223762  1371  1381 I AT      : [0] AT< +ECSQ: 57,40,1,-253,-17,1,1,4,32767,1 (RIL_URC_READER, tid:507895946480)
06-13 12:41:05.225275  1371  1383 D RmcNwHdlr: [0] requestSignalStrength:sigRegisted[0000], sigUpdated[0X04]
06-13 12:41:05.225413  1371  1383 D RmcNwHdlr: [0] handleSignalStrength, gsm_signal_strength: 99, gsm_bit_error_rate: 99, gsm_timing_advance: 2147483647, cdma_dbm: 2147483647, cdma_ecio: 2147483647, evdo_dbm: 2147483647, evdo_ecio: 2147483647, evdo_snr: 2147483647, lte_signal_strength: 99, lte_rsrp: 2147483647, lte_rsrq: 2147483647, lte_rssnr: 2147483647, lte_cqi: 2147483647, lte_timing_advance: 2147483647, tdscdma_signal_strength: 99, tdscdma_bit_error_rate: 99, tdscdma_rscp: 255, wcdma_signal_strength: 24, wcdma_bit_error_rate: 99, wcdma_scdma_rscp: 57, wcdma_ecno: 40, ssRsrp: 2147483647, ssRsrq: 2147483647, ssSinr: 2147483647, csiRsrp: 2147483647, csiRsrq: 2147483647, csiSinr: 2147483647
06-13 12:41:06.833047  1371  1436 I RilClient: initialize: commandFd is 65
06-13 12:41:06.833689  1371  1436 I RilClient: start listen on fd: 30, socket name: rild-oem
06-13 12:41:06.835167  1371  1388 I RmcOemHandler: requestQueryThermal Enter: -1
06-13 12:41:06.835332  1371  1388 I AT      : [0] AT> AT+ETHERMAL (RIL_CMD_READER_1 tid:507789065456)
06-13 12:41:06.845287  1371  1387 I AT      : [0] AT< +ETHERMAL: 2, 32767, -127, 111, 32767, 4046 (RIL_CMD_READER_1, tid:507790101744)
06-13 12:41:06.845411  1371  1387 I AT      : [0] AT< OK (RIL_CMD_READER_1, tid:507790101744)
06-13 12:41:06.845700  1371  1388 I RmcOemHandler: requestQueryThermal success
06-13 12:41:10.344748  1371  1381 I AT      : [0] AT< +ECSQ: 57,39,1,-254,-20,1,1,4,32767,1 (RIL_URC_READER, tid:507895946480)
06-13 12:41:10.346220  1371  1383 D RmcNwHdlr: [0] requestSignalStrength:sigRegisted[0000], sigUpdated[0X04]
06-13 12:41:10.346346  1371  1383 D RmcNwHdlr: [0] handleSignalStrength, gsm_signal_strength: 99, gsm_bit_error_rate: 99, gsm_timing_advance: 2147483647, cdma_dbm: 2147483647, cdma_ecio: 2147483647, evdo_dbm: 2147483647, evdo_ecio: 2147483647, evdo_snr: 2147483647, lte_signal_strength: 99, lte_rsrp: 2147483647, lte_rsrq: 2147483647, lte_rssnr: 2147483647, lte_cqi: 2147483647, lte_timing_advance: 2147483647, tdscdma_signal_strength: 99, tdscdma_bit_error_rate: 99, tdscdma_rscp: 255, wcdma_signal_strength: 24, wcdma_bit_error_rate: 99, wcdma_scdma_rscp: 57, wcdma_ecno: 39, ssRsrp: 2147483647, ssRsrq: 2147483647, ssSinr: 2147483647, csiRsrp: 2147483647, csiRsrq: 2147483647, csiSinr: 2147483647
06-13 12:41:15.465516  1371  1381 I AT      : [0] AT< +ECSQ: 58,42,1,-252,-14,1,1,4,32767,1 (RIL_URC_READER, tid:507895946480)
06-13 12:41:15.466976  1371  1383 D RmcNwHdlr: [0] requestSignalStrength:sigRegisted[0000], sigUpdated[0X04]
06-13 12:41:15.467114  1371  1383 D RmcNwHdlr: [0] handleSignalStrength, gsm_signal_strength: 99, gsm_bit_error_rate: 99, gsm_timing_advance: 2147483647, cdma_dbm: 2147483647, cdma_ecio: 2147483647, evdo_dbm: 2147483647, evdo_ecio: 2147483647, evdo_snr: 2147483647, lte_signal_strength: 99, lte_rsrp: 2147483647, lte_rsrq: 2147483647, lte_rssnr: 2147483647, lte_cqi: 2147483647, lte_timing_advance: 2147483647, tdscdma_signal_strength: 99, tdscdma_bit_error_rate: 99, tdscdma_rscp: 255, wcdma_signal_strength: 25, wcdma_bit_error_rate: 99, wcdma_scdma_rscp: 58, wcdma_ecno: 42, ssRsrp: 2147483647, ssRsrq: 2147483647, ssSinr: 2147483647, csiRsrp: 2147483647, csiRsrq: 2147483647, csiSinr: 2147483647
06-13 12:41:16.853451  1371  1436 I RilClient: initialize: commandFd is 77
06-13 12:41:16.854031  1371  1436 I RilClient: start listen on fd: 30, socket name: rild-oem
06-13 12:41:16.855374  1371  1388 I RmcOemHandler: requestQueryThermal Enter: -1
06-13 12:41:16.855537  1371  1388 I AT      : [0] AT> AT+ETHERMAL (RIL_CMD_READER_1 tid:507789065456)
06-13 12:41:16.865224  1371  1387 I AT      : [0] AT< +ETHERMAL: 2, 32767, -127, 111, 32767, 4046 (RIL_CMD_READER_1, tid:507790101744)
06-13 12:41:16.865346  1371  1387 I AT      : [0] AT< OK (RIL_CMD_READER_1, tid:507790101744)
06-13 12:41:16.865636  1371  1388 I RmcOemHandler: requestQueryThermal success
06-13 12:41:20.587493  1371  1381 I AT      : [0] AT< +ECSQ: 58,41,1,-252,-16,1,1,4,32767,1 (RIL_URC_READER, tid:507895946480)
06-13 12:41:20.588872  1371  1383 D RmcNwHdlr: [0] requestSignalStrength:sigRegisted[0000], sigUpdated[0X04]
06-13 12:41:20.589000  1371  1383 D RmcNwHdlr: [0] handleSignalStrength, gsm_signal_strength: 99, gsm_bit_error_rate: 99, gsm_timing_advance: 2147483647, cdma_dbm: 2147483647, cdma_ecio: 2147483647, evdo_dbm: 2147483647, evdo_ecio: 2147483647, evdo_snr: 2147483647, lte_signal_strength: 99, lte_rsrp: 2147483647, lte_rsrq: 2147483647, lte_rssnr: 2147483647, lte_cqi: 2147483647, lte_timing_advance: 2147483647, tdscdma_signal_strength: 99, tdscdma_bit_error_rate: 99, tdscdma_rscp: 255, wcdma_signal_strength: 25, wcdma_bit_error_rate: 99, wcdma_scdma_rscp: 58, wcdma_ecno: 41, ssRsrp: 2147483647, ssRsrq: 2147483647, ssSinr: 2147483647, csiRsrp: 2147483647, csiRsrq: 2147483647, csiSinr: 2147483647
06-13 12:41:25.708622  1371  1381 I AT      : [0] AT< +ECSQ: 57,39,1,-253,-20,1,1,4,32767,1 (RIL_URC_READER, tid:507895946480)
06-13 12:41:25.710195  1371  1383 D RmcNwHdlr: [0] requestSignalStrength:sigRegisted[0000], sigUpdated[0X04]
06-13 12:41:25.710334  1371  1383 D RmcNwHdlr: [0] handleSignalStrength, gsm_signal_strength: 99, gsm_bit_error_rate: 99, gsm_timing_advance: 2147483647, cdma_dbm: 2147483647, cdma_ecio: 2147483647, evdo_dbm: 2147483647, evdo_ecio: 2147483647, evdo_snr: 2147483647, lte_signal_strength: 99, lte_rsrp: 2147483647, lte_rsrq: 2147483647, lte_rssnr: 2147483647, lte_cqi: 2147483647, lte_timing_advance: 2147483647, tdscdma_signal_strength: 99, tdscdma_bit_error_rate: 99, tdscdma_rscp: 255, wcdma_signal_strength: 24, wcdma_bit_error_rate: 99, wcdma_scdma_rscp: 57, wcdma_ecno: 39, ssRsrp: 2147483647, ssRsrq: 2147483647, ssSinr: 2147483647, csiRsrp: 2147483647, csiRsrq: 2147483647, csiSinr: 2147483647
06-13 12:41:26.873396  1371  1436 I RilClient: initialize: commandFd is 65
06-13 12:41:26.873980  1371  1436 I RilClient: start listen on fd: 30, socket name: rild-oem
06-13 12:41:26.875491  1371  1388 I RmcOemHandler: requestQueryThermal Enter: -1
06-13 12:41:26.875653  1371  1388 I AT      : [0] AT> AT+ETHERMAL (RIL_CMD_READER_1 tid:507789065456)
06-13 12:41:26.885067  1371  1387 I AT      : [0] AT< +ETHERMAL: 2, 32767, -127, 111, 32767, 4046 (RIL_CMD_READER_1, tid:507790101744)
06-13 12:41:26.885303  1371  1387 I AT      : [0] AT< OK (RIL_CMD_READER_1, tid:507790101744)
06-13 12:41:26.885570  1371  1388 I RmcOemHandler: requestQueryThermal success
06-13 12:41:30.829767  1371  1381 I AT      : [0] AT< +ECSQ: 58,40,1,-249,-17,1,1,4,32767,1 (RIL_URC_READER, tid:507895946480)
06-13 12:41:30.831158  1371  1383 D RmcNwHdlr: [0] requestSignalStrength:sigRegisted[0000], sigUpdated[0X04]
06-13 12:41:30.831284  1371  1383 D RmcNwHdlr: [0] handleSignalStrength, gsm_signal_strength: 99, gsm_bit_error_rate: 99, gsm_timing_advance: 2147483647, cdma_dbm: 2147483647, cdma_ecio: 2147483647, evdo_dbm: 2147483647, evdo_ecio: 2147483647, evdo_snr: 2147483647, lte_signal_strength: 99, lte_rsrp: 2147483647, lte_rsrq: 2147483647, lte_rssnr: 2147483647, lte_cqi: 2147483647, lte_timing_advance: 2147483647, tdscdma_signal_strength: 99, tdscdma_bit_error_rate: 99, tdscdma_rscp: 255, wcdma_signal_strength: 25, wcdma_bit_error_rate: 99, wcdma_scdma_rscp: 58, wcdma_ecno: 40, ssRsrp: 2147483647, ssRsrq: 2147483647, ssSinr: 2147483647, csiRsrp: 2147483647, csiRsrq: 2147483647, csiSinr: 2147483647
06-13 12:41:35.950749  1371  1381 I AT      : [0] AT< +ECSQ: 58,42,1,-252,-13,1,1,4,32767,1 (RIL_URC_READER, tid:507895946480)
06-13 12:41:35.952118  1371  1383 D RmcNwHdlr: [0] requestSignalStrength:sigRegisted[0000], sigUpdated[0X04]
06-13 12:41:35.952243  1371  1383 D RmcNwHdlr: [0] handleSignalStrength, gsm_signal_strength: 99, gsm_bit_error_rate: 99, gsm_timing_advance: 2147483647, cdma_dbm: 2147483647, cdma_ecio: 2147483647, evdo_dbm: 2147483647, evdo_ecio: 2147483647, evdo_snr: 2147483647, lte_signal_strength: 99, lte_rsrp: 2147483647, lte_rsrq: 2147483647, lte_rssnr: 2147483647, lte_cqi: 2147483647, lte_timing_advance: 2147483647, tdscdma_signal_strength: 99, tdscdma_bit_error_rate: 99, tdscdma_rscp: 255, wcdma_signal_strength: 25, wcdma_bit_error_rate: 99, wcdma_scdma_rscp: 58, wcdma_ecno: 42, ssRsrp: 2147483647, ssRsrq: 2147483647, ssSinr: 2147483647, csiRsrp: 2147483647, csiRsrq: 2147483647, csiSinr: 2147483647
06-13 12:41:36.893559  1371  1436 I RilClient: initialize: commandFd is 77
06-13 12:41:36.894137  1371  1436 I RilClient: start listen on fd: 30, socket name: rild-oem
06-13 12:41:36.895643  1371  1388 I RmcOemHandler: requestQueryThermal Enter: -1
06-13 12:41:36.895805  1371  1388 I AT      : [0] AT> AT+ETHERMAL (RIL_CMD_READER_1 tid:507789065456)
06-13 12:41:36.905362  1371  1387 I AT      : [0] AT< +ETHERMAL: 2, 32767, -127, 111, 32767, 4046 (RIL_CMD_READER_1, tid:507790101744)
06-13 12:41:36.905486  1371  1387 I AT      : [0] AT< OK (RIL_CMD_READER_1, tid:507790101744)
06-13 12:41:36.905786  1371  1388 I RmcOemHandler: requestQueryThermal success
06-13 12:41:41.063058  1371  1381 I AT      : [0] AT< +ECSQ: 58,43,1,-250,-12,1,1,4,32767,1 (RIL_URC_READER, tid:507895946480)
06-13 12:41:41.064478  1371  1383 D RmcNwHdlr: [0] requestSignalStrength:sigRegisted[0000], sigUpdated[0X04]
06-13 12:41:41.064605  1371  1383 D RmcNwHdlr: [0] handleSignalStrength, gsm_signal_strength: 99, gsm_bit_error_rate: 99, gsm_timing_advance: 2147483647, cdma_dbm: 2147483647, cdma_ecio: 2147483647, evdo_dbm: 2147483647, evdo_ecio: 2147483647, evdo_snr: 2147483647, lte_signal_strength: 99, lte_rsrp: 2147483647, lte_rsrq: 2147483647, lte_rssnr: 2147483647, lte_cqi: 2147483647, lte_timing_advance: 2147483647, tdscdma_signal_strength: 99, tdscdma_bit_error_rate: 99, tdscdma_rscp: 255, wcdma_signal_strength: 25, wcdma_bit_error_rate: 99, wcdma_scdma_rscp: 58, wcdma_ecno: 43, ssRsrp: 2147483647, ssRsrq: 2147483647, ssSinr: 2147483647, csiRsrp: 2147483647, csiRsrq: 2147483647, csiSinr: 2147483647
06-13 12:41:46.192187  1371  1381 I AT      : [0] AT< +ECSQ: 57,42,1,-253,-14,1,1,4,32767,1 (RIL_URC_READER, tid:507895946480)
06-13 12:41:46.193680  1371  1383 D RmcNwHdlr: [0] requestSignalStrength:sigRegisted[0000], sigUpdated[0X04]
06-13 12:41:46.193808  1371  1383 D RmcNwHdlr: [0] handleSignalStrength, gsm_signal_strength: 99, gsm_bit_error_rate: 99, gsm_timing_advance: 2147483647, cdma_dbm: 2147483647, cdma_ecio: 2147483647, evdo_dbm: 2147483647, evdo_ecio: 2147483647, evdo_snr: 2147483647, lte_signal_strength: 99, lte_rsrp: 2147483647, lte_rsrq: 2147483647, lte_rssnr: 2147483647, lte_cqi: 2147483647, lte_timing_advance: 2147483647, tdscdma_signal_strength: 99, tdscdma_bit_error_rate: 99, tdscdma_rscp: 255, wcdma_signal_strength: 24, wcdma_bit_error_rate: 99, wcdma_scdma_rscp: 57, wcdma_ecno: 42, ssRsrp: 2147483647, ssRsrq: 2147483647, ssSinr: 2147483647, csiRsrp: 2147483647, csiRsrq: 2147483647, csiSinr: 2147483647
06-13 12:41:46.913758  1371  1436 I RilClient: initialize: commandFd is 65
06-13 12:41:46.914336  1371  1436 I RilClient: start listen on fd: 30, socket name: rild-oem
06-13 12:41:46.915833  1371  1388 I RmcOemHandler: requestQueryThermal Enter: -1
06-13 12:41:46.915995  1371  1388 I AT      : [0] AT> AT+ETHERMAL (RIL_CMD_READER_1 tid:507789065456)
06-13 12:41:46.925578  1371  1387 I AT      : [0] AT< +ETHERMAL: 2, 32767, -127, 111, 32767, 4046 (RIL_CMD_READER_1, tid:507790101744)
06-13 12:41:46.925717  1371  1387 I AT      : [0] AT< OK (RIL_CMD_READER_1, tid:507790101744)
06-13 12:41:46.926018  1371  1388 I RmcOemHandler: requestQueryThermal success
06-13 12:41:51.312537  1371  1381 I AT      : [0] AT< +ECSQ: 58,42,1,-251,-14,1,1,4,32767,1 (RIL_URC_READER, tid:507895946480)
06-13 12:41:51.314016  1371  1383 D RmcNwHdlr: [0] requestSignalStrength:sigRegisted[0000], sigUpdated[0X04]
06-13 12:41:51.314142  1371  1383 D RmcNwHdlr: [0] handleSignalStrength, gsm_signal_strength: 99, gsm_bit_error_rate: 99, gsm_timing_advance: 2147483647, cdma_dbm: 2147483647, cdma_ecio: 2147483647, evdo_dbm: 2147483647, evdo_ecio: 2147483647, evdo_snr: 2147483647, lte_signal_strength: 99, lte_rsrp: 2147483647, lte_rsrq: 2147483647, lte_rssnr: 2147483647, lte_cqi: 2147483647, lte_timing_advance: 2147483647, tdscdma_signal_strength: 99, tdscdma_bit_error_rate: 99, tdscdma_rscp: 255, wcdma_signal_strength: 25, wcdma_bit_error_rate: 99, wcdma_scdma_rscp: 58, wcdma_ecno: 42, ssRsrp: 2147483647, ssRsrq: 2147483647, ssSinr: 2147483647, csiRsrp: 2147483647, csiRsrq: 2147483647, csiSinr: 2147483647
06-13 12:41:56.426012  1371  1381 I AT      : [0] AT< +ECSQ: 58,39,1,-252,-19,1,1,4,32767,1 (RIL_URC_READER, tid:507895946480)
06-13 12:41:56.427403  1371  1383 D RmcNwHdlr: [0] requestSignalStrength:sigRegisted[0000], sigUpdated[0X04]
06-13 12:41:56.427529  1371  1383 D RmcNwHdlr: [0] handleSignalStrength, gsm_signal_strength: 99, gsm_bit_error_rate: 99, gsm_timing_advance: 2147483647, cdma_dbm: 2147483647, cdma_ecio: 2147483647, evdo_dbm: 2147483647, evdo_ecio: 2147483647, evdo_snr: 2147483647, lte_signal_strength: 99, lte_rsrp: 2147483647, lte_rsrq: 2147483647, lte_rssnr: 2147483647, lte_cqi: 2147483647, lte_timing_advance: 2147483647, tdscdma_signal_strength: 99, tdscdma_bit_error_rate: 99, tdscdma_rscp: 255, wcdma_signal_strength: 25, wcdma_bit_error_rate: 99, wcdma_scdma_rscp: 58, wcdma_ecno: 39, ssRsrp: 2147483647, ssRsrq: 2147483647, ssSinr: 2147483647, csiRsrp: 2147483647, csiRsrq: 2147483647, csiSinr: 2147483647
06-13 12:41:56.933888  1371  1436 I RilClient: initialize: commandFd is 77
06-13 12:41:56.934461  1371  1436 I RilClient: start listen on fd: 30, socket name: rild-oem
06-13 12:41:56.935977  1371  1388 I RmcOemHandler: requestQueryThermal Enter: -1
06-13 12:41:56.936138  1371  1388 I AT      : [0] AT> AT+ETHERMAL (RIL_CMD_READER_1 tid:507789065456)
06-13 12:41:56.945719  1371  1387 I AT      : [0] AT< +ETHERMAL: 2, 32767, -127, 111, 32767, 4046 (RIL_CMD_READER_1, tid:507790101744)
06-13 12:41:56.945861  1371  1387 I AT      : [0] AT< OK (RIL_CMD_READER_1, tid:507790101744)
06-13 12:41:56.946162  1371  1388 I RmcOemHandler: requestQueryThermal success
06-13 12:42:01.547490  1371  1381 I AT      : [0] AT< +ECSQ: 58,40,1,-250,-17,1,1,4,32767,1 (RIL_URC_READER, tid:507895946480)
06-13 12:42:01.548917  1371  1383 D RmcNwHdlr: [0] requestSignalStrength:sigRegisted[0000], sigUpdated[0X04]
06-13 12:42:01.549043  1371  1383 D RmcNwHdlr: [0] handleSignalStrength, gsm_signal_strength: 99, gsm_bit_error_rate: 99, gsm_timing_advance: 2147483647, cdma_dbm: 2147483647, cdma_ecio: 2147483647, evdo_dbm: 2147483647, evdo_ecio: 2147483647, evdo_snr: 2147483647, lte_signal_strength: 99, lte_rsrp: 2147483647, lte_rsrq: 2147483647, lte_rssnr: 2147483647, lte_cqi: 2147483647, lte_timing_advance: 2147483647, tdscdma_signal_strength: 99, tdscdma_bit_error_rate: 99, tdscdma_rscp: 255, wcdma_signal_strength: 25, wcdma_bit_error_rate: 99, wcdma_scdma_rscp: 58, wcdma_ecno: 40, ssRsrp: 2147483647, ssRsrq: 2147483647, ssSinr: 2147483647, csiRsrp: 2147483647, csiRsrq: 2147483647, csiSinr: 2147483647
06-13 12:42:06.668525  1371  1381 I AT      : [0] AT< +ECSQ: 57,40,1,-255,-18,1,1,4,32767,1 (RIL_URC_READER, tid:507895946480)
06-13 12:42:06.670048  1371  1383 D RmcNwHdlr: [0] requestSignalStrength:sigRegisted[0000], sigUpdated[0X04]
06-13 12:42:06.670173  1371  1383 D RmcNwHdlr: [0] handleSignalStrength, gsm_signal_strength: 99, gsm_bit_error_rate: 99, gsm_timing_advance: 2147483647, cdma_dbm: 2147483647, cdma_ecio: 2147483647, evdo_dbm: 2147483647, evdo_ecio: 2147483647, evdo_snr: 2147483647, lte_signal_strength: 99, lte_rsrp: 2147483647, lte_rsrq: 2147483647, lte_rssnr: 2147483647, lte_cqi: 2147483647, lte_timing_advance: 2147483647, tdscdma_signal_strength: 99, tdscdma_bit_error_rate: 99, tdscdma_rscp: 255, wcdma_signal_strength: 24, wcdma_bit_error_rate: 99, wcdma_scdma_rscp: 57, wcdma_ecno: 40, ssRsrp: 2147483647, ssRsrq: 2147483647, ssSinr: 2147483647, csiRsrp: 2147483647, csiRsrq: 2147483647, csiSinr: 2147483647
06-13 12:42:06.953909  1371  1436 I RilClient: initialize: commandFd is 65
06-13 12:42:06.954502  1371  1436 I RilClient: start listen on fd: 30, socket name: rild-oem
06-13 12:42:06.956039  1371  1388 I RmcOemHandler: requestQueryThermal Enter: -1
06-13 12:42:06.956200  1371  1388 I AT      : [0] AT> AT+ETHERMAL (RIL_CMD_READER_1 tid:507789065456)
06-13 12:42:06.965651  1371  1387 I AT      : [0] AT< +ETHERMAL: 2, 32767, -127, 111, 32767, 4046 (RIL_CMD_READER_1, tid:507790101744)
06-13 12:42:06.965810  1371  1387 I AT      : [0] AT< OK (RIL_CMD_READER_1, tid:507790101744)
06-13 12:42:06.966111  1371  1388 I RmcOemHandler: requestQueryThermal success
06-13 12:42:11.789893  1371  1381 I AT      : [0] AT< +ECSQ: 57,41,1,-253,-16,1,1,4,32767,1 (RIL_URC_READER, tid:507895946480)
06-13 12:42:11.791300  1371  1383 D RmcNwHdlr: [0] requestSignalStrength:sigRegisted[0000], sigUpdated[0X04]
06-13 12:42:11.791433  1371  1383 D RmcNwHdlr: [0] handleSignalStrength, gsm_signal_strength: 99, gsm_bit_error_rate: 99, gsm_timing_advance: 2147483647, cdma_dbm: 2147483647, cdma_ecio: 2147483647, evdo_dbm: 2147483647, evdo_ecio: 2147483647, evdo_snr: 2147483647, lte_signal_strength: 99, lte_rsrp: 2147483647, lte_rsrq: 2147483647, lte_rssnr: 2147483647, lte_cqi: 2147483647, lte_timing_advance: 2147483647, tdscdma_signal_strength: 99, tdscdma_bit_error_rate: 99, tdscdma_rscp: 255, wcdma_signal_strength: 24, wcdma_bit_error_rate: 99, wcdma_scdma_rscp: 57, wcdma_ecno: 41, ssRsrp: 2147483647, ssRsrq: 2147483647, ssSinr: 2147483647, csiRsrp: 2147483647, csiRsrq: 2147483647, csiSinr: 2147483647
06-13 12:42:16.910893  1371  1381 I AT      : [0] AT< +ECSQ: 58,40,1,-252,-17,1,1,4,32767,1 (RIL_URC_READER, tid:507895946480)
06-13 12:42:16.912301  1371  1383 D RmcNwHdlr: [0] requestSignalStrength:sigRegisted[0000], sigUpdated[0X04]
06-13 12:42:16.912426  1371  1383 D RmcNwHdlr: [0] handleSignalStrength, gsm_signal_strength: 99, gsm_bit_error_rate: 99, gsm_timing_advance: 2147483647, cdma_dbm: 2147483647, cdma_ecio: 2147483647, evdo_dbm: 2147483647, evdo_ecio: 2147483647, evdo_snr: 2147483647, lte_signal_strength: 99, lte_rsrp: 2147483647, lte_rsrq: 2147483647, lte_rssnr: 2147483647, lte_cqi: 2147483647, lte_timing_advance: 2147483647, tdscdma_signal_strength: 99, tdscdma_bit_error_rate: 99, tdscdma_rscp: 255, wcdma_signal_strength: 25, wcdma_bit_error_rate: 99, wcdma_scdma_rscp: 58, wcdma_ecno: 40, ssRsrp: 2147483647, ssRsrq: 2147483647, ssSinr: 2147483647, csiRsrp: 2147483647, csiRsrq: 2147483647, csiSinr: 2147483647
06-13 12:42:16.973672  1371  1436 I RilClient: initialize: commandFd is 77
06-13 12:42:16.974232  1371  1436 I RilClient: start listen on fd: 30, socket name: rild-oem
06-13 12:42:16.975613  1371  1388 I RmcOemHandler: requestQueryThermal Enter: -1
06-13 12:42:16.975775  1371  1388 I AT      : [0] AT> AT+ETHERMAL (RIL_CMD_READER_1 tid:507789065456)
06-13 12:42:16.985270  1371  1387 I AT      : [0] AT< +ETHERMAL: 2, 32767, -127, 111, 32767, 4046 (RIL_CMD_READER_1, tid:507790101744)
06-13 12:42:16.985431  1371  1387 I AT      : [0] AT< OK (RIL_CMD_READER_1, tid:507790101744)
06-13 12:42:16.985742  1371  1388 I RmcOemHandler: requestQueryThermal success
06-13 12:42:22.022810  1371  1381 I AT      : [0] AT< +ECSQ: 58,43,1,-250,-12,1,1,4,32767,1 (RIL_URC_READER, tid:507895946480)
06-13 12:42:22.024208  1371  1383 D RmcNwHdlr: [0] requestSignalStrength:sigRegisted[0000], sigUpdated[0X04]
06-13 12:42:22.024334  1371  1383 D RmcNwHdlr: [0] handleSignalStrength, gsm_signal_strength: 99, gsm_bit_error_rate: 99, gsm_timing_advance: 2147483647, cdma_dbm: 2147483647, cdma_ecio: 2147483647, evdo_dbm: 2147483647, evdo_ecio: 2147483647, evdo_snr: 2147483647, lte_signal_strength: 99, lte_rsrp: 2147483647, lte_rsrq: 2147483647, lte_rssnr: 2147483647, lte_cqi: 2147483647, lte_timing_advance: 2147483647, tdscdma_signal_strength: 99, tdscdma_bit_error_rate: 99, tdscdma_rscp: 255, wcdma_signal_strength: 25, wcdma_bit_error_rate: 99, wcdma_scdma_rscp: 58, wcdma_ecno: 43, ssRsrp: 2147483647, ssRsrq: 2147483647, ssSinr: 2147483647, csiRsrp: 2147483647, csiRsrq: 2147483647, csiSinr: 2147483647
06-13 12:42:26.993833  1371  1436 I RilClient: initialize: commandFd is 65
06-13 12:42:26.994416  1371  1436 I RilClient: start listen on fd: 30, socket name: rild-oem
06-13 12:42:26.995938  1371  1388 I RmcOemHandler: requestQueryThermal Enter: -1
06-13 12:42:26.996107  1371  1388 I AT      : [0] AT> AT+ETHERMAL (RIL_CMD_READER_1 tid:507789065456)
06-13 12:42:27.005534  1371  1387 I AT      : [0] AT< +ETHERMAL: 2, 32767, -127, 111, 32767, 4046 (RIL_CMD_READER_1, tid:507790101744)
06-13 12:42:27.005659  1371  1387 I AT      : [0] AT< OK (RIL_CMD_READER_1, tid:507790101744)
06-13 12:42:27.005958  1371  1388 I RmcOemHandler: requestQueryThermal success
06-13 12:42:27.143872  1371  1381 I AT      : [0] AT< +ECSQ: 57,40,1,-255,-18,1,1,4,32767,1 (RIL_URC_READER, tid:507895946480)
06-13 12:42:27.145353  1371  1383 D RmcNwHdlr: [0] requestSignalStrength:sigRegisted[0000], sigUpdated[0X04]
06-13 12:42:27.145493  1371  1383 D RmcNwHdlr: [0] handleSignalStrength, gsm_signal_strength: 99, gsm_bit_error_rate: 99, gsm_timing_advance: 2147483647, cdma_dbm: 2147483647, cdma_ecio: 2147483647, evdo_dbm: 2147483647, evdo_ecio: 2147483647, evdo_snr: 2147483647, lte_signal_strength: 99, lte_rsrp: 2147483647, lte_rsrq: 2147483647, lte_rssnr: 2147483647, lte_cqi: 2147483647, lte_timing_advance: 2147483647, tdscdma_signal_strength: 99, tdscdma_bit_error_rate: 99, tdscdma_rscp: 255, wcdma_signal_strength: 24, wcdma_bit_error_rate: 99, wcdma_scdma_rscp: 57, wcdma_ecno: 40, ssRsrp: 2147483647, ssRsrq: 2147483647, ssSinr: 2147483647, csiRsrp: 2147483647, csiRsrq: 2147483647, csiSinr: 2147483647
06-13 12:42:32.264821  1371  1381 I AT      : [0] AT< +ECSQ: 57,41,1,-255,-15,1,1,4,32767,1 (RIL_URC_READER, tid:507895946480)
06-13 12:42:32.266215  1371  1383 D RmcNwHdlr: [0] requestSignalStrength:sigRegisted[0000], sigUpdated[0X04]
06-13 12:42:32.266482  1371  1383 D RmcNwHdlr: [0] handleSignalStrength, gsm_signal_strength: 99, gsm_bit_error_rate: 99, gsm_timing_advance: 2147483647, cdma_dbm: 2147483647, cdma_ecio: 2147483647, evdo_dbm: 2147483647, evdo_ecio: 2147483647, evdo_snr: 2147483647, lte_signal_strength: 99, lte_rsrp: 2147483647, lte_rsrq: 2147483647, lte_rssnr: 2147483647, lte_cqi: 2147483647, lte_timing_advance: 2147483647, tdscdma_signal_strength: 99, tdscdma_bit_error_rate: 99, tdscdma_rscp: 255, wcdma_signal_strength: 24, wcdma_bit_error_rate: 99, wcdma_scdma_rscp: 57, wcdma_ecno: 41, ssRsrp: 2147483647, ssRsrq: 2147483647, ssSinr: 2147483647, csiRsrp: 2147483647, csiRsrq: 2147483647, csiSinr: 2147483647
06-13 12:42:37.013865  1371  1436 I RilClient: initialize: commandFd is 77
06-13 12:42:37.014442  1371  1436 I RilClient: start listen on fd: 30, socket name: rild-oem
06-13 12:42:37.015956  1371  1388 I RmcOemHandler: requestQueryThermal Enter: -1
06-13 12:42:37.016117  1371  1388 I AT      : [0] AT> AT+ETHERMAL (RIL_CMD_READER_1 tid:507789065456)
