06-13 12:35:17.070373  1371  1383 D RmcNwHdlr: [0] handleSignalStrength, gsm_signal_strength: 99, gsm_bit_error_rate: 99, gsm_timing_advance: 2147483647, cdma_dbm: 2147483647, cdma_ecio: 2147483647, evdo_dbm: 2147483647, evdo_ecio: 2147483647, evdo_snr: 2147483647, lte_signal_strength: 99, lte_rsrp: 2147483647, lte_rsrq: 2147483647, lte_rssnr: 2147483647, lte_cqi: 2147483647, lte_timing_advance: 2147483647, tdscdma_signal_strength: 99, tdscdma_bit_error_rate: 99, tdscdma_rscp: 255, wcdma_signal_strength: 24, wcdma_bit_error_rate: 99, wcdma_scdma_rscp: 57, wcdma_ecno: 41, ssRsrp: 2147483647, ssRsrq: 2147483647, ssSinr: 2147483647, csiRsrp: 2147483647, csiRsrq: 2147483647, csiSinr: 2147483647
06-13 12:35:26.157528  1371  1436 I RilClient: initialize: commandFd is 65
06-13 12:35:26.158111  1371  1436 I RilClient: start listen on fd: 30, socket name: rild-oem
06-13 12:35:26.159377  1371  1388 I RmcOemHandler: requestQueryThermal Enter: -1
06-13 12:35:26.159539  1371  1388 I AT      : [0] AT> AT+ETHERMAL (RIL_CMD_READER_1 tid:507789065456)
06-13 12:35:26.169345  1371  1387 I AT      : [0] AT< +ETHERMAL: 2, 32767, -127, 111, 32767, 4046 (RIL_CMD_READER_1, tid:507790101744)
06-13 12:35:26.169510  1371  1387 I AT      : [0] AT< OK (RIL_CMD_READER_1, tid:507790101744)
06-13 12:35:26.169841  1371  1388 I RmcOemHandler: requestQueryThermal success
06-13 12:35:27.310886  1371  1381 I AT      : [0] AT< +ECSQ: 58,40,1,-252,-18,1,1,4,32767,1 (RIL_URC_READER, tid:507895946480)
06-13 12:35:27.312420  1371  1383 D RmcNwHdlr: [0] requestSignalStrength:sigRegisted[0000], sigUpdated[0X04]
06-13 12:35:27.312549  1371  1383 D RmcNwHdlr: [0] handleSignalStrength, gsm_signal_strength: 99, gsm_bit_error_rate: 99, gsm_timing_advance: 2147483647, cdma_dbm: 2147483647, cdma_ecio: 2147483647, evdo_dbm: 2147483647, evdo_ecio: 2147483647, evdo_snr: 2147483647, lte_signal_strength: 99, lte_rsrp: 2147483647, lte_rsrq: 2147483647, lte_rssnr: 2147483647, lte_cqi: 2147483647, lte_timing_advance: 2147483647, tdscdma_signal_strength: 99, tdscdma_bit_error_rate: 99, tdscdma_rscp: 255, wcdma_signal_strength: 25, wcdma_bit_error_rate: 99, wcdma_scdma_rscp: 58, wcdma_ecno: 40, ssRsrp: 2147483647, ssRsrq: 2147483647, ssSinr: 2147483647, csiRsrp: 2147483647, csiRsrq: 2147483647, csiSinr: 2147483647
06-13 12:35:32.422821  1371  1381 I AT      : [0] AT< +ECSQ: 57,40,1,-253,-17,1,1,4,32767,1 (RIL_URC_READER, tid:507895946480)
06-13 12:35:32.424342  1371  1383 D RmcNwHdlr: [0] requestSignalStrength:sigRegisted[0000], sigUpdated[0X04]
06-13 12:35:32.424468  1371  1383 D RmcNwHdlr: [0] handleSignalStrength, gsm_signal_strength: 99, gsm_bit_error_rate: 99, gsm_timing_advance: 2147483647, cdma_dbm: 2147483647, cdma_ecio: 2147483647, evdo_dbm: 2147483647, evdo_ecio: 2147483647, evdo_snr: 2147483647, lte_signal_strength: 99, lte_rsrp: 2147483647, lte_rsrq: 2147483647, lte_rssnr: 2147483647, lte_cqi: 2147483647, lte_timing_advance: 2147483647, tdscdma_signal_strength: 99, tdscdma_bit_error_rate: 99, tdscdma_rscp: 255, wcdma_signal_strength: 24, wcdma_bit_error_rate: 99, wcdma_scdma_rscp: 57, wcdma_ecno: 40, ssRsrp: 2147483647, ssRsrq: 2147483647, ssSinr: 2147483647, csiRsrp: 2147483647, csiRsrq: 2147483647, csiSinr: 2147483647
06-13 12:35:36.177822  1371  1436 I RilClient: initialize: commandFd is 77
06-13 12:35:36.178402  1371  1436 I RilClient: start listen on fd: 30, socket name: rild-oem
06-13 12:35:36.179642  1371  1388 I RmcOemHandler: requestQueryThermal Enter: -1
06-13 12:35:36.179808  1371  1388 I AT      : [0] AT> AT+ETHERMAL (RIL_CMD_READER_1 tid:507789065456)
06-13 12:35:36.189388  1371  1387 I AT      : [0] AT< +ETHERMAL: 2, 32767, -127, 111, 32767, 4046 (RIL_CMD_READER_1, tid:507790101744)
06-13 12:35:36.189514  1371  1387 I AT      : [0] AT< OK (RIL_CMD_READER_1, tid:507790101744)
06-13 12:35:36.189811  1371  1388 I RmcOemHandler: requestQueryThermal success
06-13 12:35:37.543794  1371  1381 I AT      : [0] AT< +ECSQ: 57,41,1,-254,-15,1,1,4,32767,1 (RIL_URC_READER, tid:507895946480)
06-13 12:35:37.545367  1371  1383 D RmcNwHdlr: [0] requestSignalStrength:sigRegisted[0000], sigUpdated[0X04]
06-13 12:35:37.545627  1371  1383 D RmcNwHdlr: [0] handleSignalStrength, gsm_signal_strength: 99, gsm_bit_error_rate: 99, gsm_timing_advance: 2147483647, cdma_dbm: 2147483647, cdma_ecio: 2147483647, evdo_dbm: 2147483647, evdo_ecio: 2147483647, evdo_snr: 2147483647, lte_signal_strength: 99, lte_rsrp: 2147483647, lte_rsrq: 2147483647, lte_rssnr: 2147483647, lte_cqi: 2147483647, lte_timing_advance: 2147483647, tdscdma_signal_strength: 99, tdscdma_bit_error_rate: 99, tdscdma_rscp: 255, wcdma_signal_strength: 24, wcdma_bit_error_rate: 99, wcdma_scdma_rscp: 57, wcdma_ecno: 41, ssRsrp: 2147483647, ssRsrq: 2147483647, ssSinr: 2147483647, csiRsrp: 2147483647, csiRsrq: 2147483647, csiSinr: 2147483647
06-13 12:35:42.664841  1371  1381 I AT      : [0] AT< +ECSQ: 57,42,1,-254,-14,1,1,4,32767,1 (RIL_URC_READER, tid:507895946480)
06-13 12:35:42.666351  1371  1383 D RmcNwHdlr: [0] requestSignalStrength:sigRegisted[0000], sigUpdated[0X04]
06-13 12:35:42.666619  1371  1383 D RmcNwHdlr: [0] handleSignalStrength, gsm_signal_strength: 99, gsm_bit_error_rate: 99, gsm_timing_advance: 2147483647, cdma_dbm: 2147483647, cdma_ecio: 2147483647, evdo_dbm: 2147483647, evdo_ecio: 2147483647, evdo_snr: 2147483647, lte_signal_strength: 99, lte_rsrp: 2147483647, lte_rsrq: 2147483647, lte_rssnr: 2147483647, lte_cqi: 2147483647, lte_timing_advance: 2147483647, tdscdma_signal_strength: 99, tdscdma_bit_error_rate: 99, tdscdma_rscp: 255, wcdma_signal_strength: 24, wcdma_bit_error_rate: 99, wcdma_scdma_rscp: 57, wcdma_ecno: 42, ssRsrp: 2147483647, ssRsrq: 2147483647, ssSinr: 2147483647, csiRsrp: 2147483647, csiRsrq: 2147483647, csiSinr: 2147483647
06-13 12:35:46.197427  1371  1436 I RilClient: initialize: commandFd is 65
06-13 12:35:46.198013  1371  1436 I RilClient: start listen on fd: 30, socket name: rild-oem
06-13 12:35:46.199237  1371  1388 I RmcOemHandler: requestQueryThermal Enter: -1
06-13 12:35:46.199401  1371  1388 I AT      : [0] AT> AT+ETHERMAL (RIL_CMD_READER_1 tid:507789065456)
06-13 12:35:46.209003  1371  1387 I AT      : [0] AT< +ETHERMAL: 2, 32767, -127, 111, 32767, 4046 (RIL_CMD_READER_1, tid:507790101744)
06-13 12:35:46.209126  1371  1387 I AT      : [0] AT< OK (RIL_CMD_READER_1, tid:507790101744)
06-13 12:35:46.209505  1371  1388 I RmcOemHandler: requestQueryThermal success
06-13 12:35:47.785866  1371  1381 I AT      : [0] AT< +ECSQ: 57,41,1,-255,-15,1,1,4,32767,1 (RIL_URC_READER, tid:507895946480)
06-13 12:35:47.787400  1371  1383 D RmcNwHdlr: [0] requestSignalStrength:sigRegisted[0000], sigUpdated[0X04]
06-13 12:35:47.787528  1371  1383 D RmcNwHdlr: [0] handleSignalStrength, gsm_signal_strength: 99, gsm_bit_error_rate: 99, gsm_timing_advance: 2147483647, cdma_dbm: 2147483647, cdma_ecio: 2147483647, evdo_dbm: 2147483647, evdo_ecio: 2147483647, evdo_snr: 2147483647, lte_signal_strength: 99, lte_rsrp: 2147483647, lte_rsrq: 2147483647, lte_rssnr: 2147483647, lte_cqi: 2147483647, lte_timing_advance: 2147483647, tdscdma_signal_strength: 99, tdscdma_bit_error_rate: 99, tdscdma_rscp: 255, wcdma_signal_strength: 24, wcdma_bit_error_rate: 99, wcdma_scdma_rscp: 57, wcdma_ecno: 41, ssRsrp: 2147483647, ssRsrq: 2147483647, ssSinr: 2147483647, csiRsrp: 2147483647, csiRsrq: 2147483647, csiSinr: 2147483647
06-13 12:35:52.907394  1371  1381 I AT      : [0] AT< +ECSQ: 58,41,1,-252,-16,1,1,4,32767,1 (RIL_URC_READER, tid:507895946480)
06-13 12:35:52.908889  1371  1383 D RmcNwHdlr: [0] requestSignalStrength:sigRegisted[0000], sigUpdated[0X04]
06-13 12:35:52.909017  1371  1383 D RmcNwHdlr: [0] handleSignalStrength, gsm_signal_strength: 99, gsm_bit_error_rate: 99, gsm_timing_advance: 2147483647, cdma_dbm: 2147483647, cdma_ecio: 2147483647, evdo_dbm: 2147483647, evdo_ecio: 2147483647, evdo_snr: 2147483647, lte_signal_strength: 99, lte_rsrp: 2147483647, lte_rsrq: 2147483647, lte_rssnr: 2147483647, lte_cqi: 2147483647, lte_timing_advance: 2147483647, tdscdma_signal_strength: 99, tdscdma_bit_error_rate: 99, tdscdma_rscp: 255, wcdma_signal_strength: 25, wcdma_bit_error_rate: 99, wcdma_scdma_rscp: 58, wcdma_ecno: 41, ssRsrp: 2147483647, ssRsrq: 2147483647, ssSinr: 2147483647, csiRsrp: 2147483647, csiRsrq: 2147483647, csiSinr: 2147483647
06-13 12:35:56.217383  1371  1436 I RilClient: initialize: commandFd is 77
06-13 12:35:56.217973  1371  1436 I RilClient: start listen on fd: 30, socket name: rild-oem
06-13 12:35:56.219234  1371  1388 I RmcOemHandler: requestQueryThermal Enter: -1
06-13 12:35:56.219396  1371  1388 I AT      : [0] AT> AT+ETHERMAL (RIL_CMD_READER_1 tid:507789065456)
06-13 12:35:56.229138  1371  1387 I AT      : [0] AT< +ETHERMAL: 2, 32767, -127, 111, 32767, 4046 (RIL_CMD_READER_1, tid:507790101744)
06-13 12:35:56.229371  1371  1387 I AT      : [0] AT< OK (RIL_CMD_READER_1, tid:507790101744)
06-13 12:35:56.229689  1371  1388 I RmcOemHandler: requestQueryThermal success
06-13 12:35:58.028523  1371  1381 I AT      : [0] AT< +ECSQ: 57,41,1,-253,-16,1,1,4,32767,1 (RIL_URC_READER, tid:507895946480)
06-13 12:35:58.030112  1371  1383 D RmcNwHdlr: [0] requestSignalStrength:sigRegisted[0000], sigUpdated[0X04]
06-13 12:35:58.030239  1371  1383 D RmcNwHdlr: [0] handleSignalStrength, gsm_signal_strength: 99, gsm_bit_error_rate: 99, gsm_timing_advance: 2147483647, cdma_dbm: 2147483647, cdma_ecio: 2147483647, evdo_dbm: 2147483647, evdo_ecio: 2147483647, evdo_snr: 2147483647, lte_signal_strength: 99, lte_rsrp: 2147483647, lte_rsrq: 2147483647, lte_rssnr: 2147483647, lte_cqi: 2147483647, lte_timing_advance: 2147483647, tdscdma_signal_strength: 99, tdscdma_bit_error_rate: 99, tdscdma_rscp: 255, wcdma_signal_strength: 24, wcdma_bit_error_rate: 99, wcdma_scdma_rscp: 57, wcdma_ecno: 41, ssRsrp: 2147483647, ssRsrq: 2147483647, ssSinr: 2147483647, csiRsrp: 2147483647, csiRsrq: 2147483647, csiSinr: 2147483647
06-13 12:36:03.149578  1371  1381 I AT      : [0] AT< +ECSQ: 57,42,1,-254,-13,1,1,4,32767,1 (RIL_URC_READER, tid:507895946480)
06-13 12:36:03.151095  1371  1383 D RmcNwHdlr: [0] requestSignalStrength:sigRegisted[0000], sigUpdated[0X04]
06-13 12:36:03.151222  1371  1383 D RmcNwHdlr: [0] handleSignalStrength, gsm_signal_strength: 99, gsm_bit_error_rate: 99, gsm_timing_advance: 2147483647, cdma_dbm: 2147483647, cdma_ecio: 2147483647, evdo_dbm: 2147483647, evdo_ecio: 2147483647, evdo_snr: 2147483647, lte_signal_strength: 99, lte_rsrp: 2147483647, lte_rsrq: 2147483647, lte_rssnr: 2147483647, lte_cqi: 2147483647, lte_timing_advance: 2147483647, tdscdma_signal_strength: 99, tdscdma_bit_error_rate: 99, tdscdma_rscp: 255, wcdma_signal_strength: 24, wcdma_bit_error_rate: 99, wcdma_scdma_rscp: 57, wcdma_ecno: 42, ssRsrp: 2147483647, ssRsrq: 2147483647, ssSinr: 2147483647, csiRsrp: 2147483647, csiRsrq: 2147483647, csiSinr: 2147483647
06-13 12:36:06.237677  1371  1436 I RilClient: initialize: commandFd is 65
06-13 12:36:06.238264  1371  1436 I RilClient: start listen on fd: 30, socket name: rild-oem
06-13 12:36:06.239528  1371  1388 I RmcOemHandler: requestQueryThermal Enter: -1
06-13 12:36:06.239688  1371  1388 I AT      : [0] AT> AT+ETHERMAL (RIL_CMD_READER_1 tid:507789065456)
06-13 12:36:06.249536  1371  1387 I AT      : [0] AT< +ETHERMAL: 2, 32767, -127, 111, 32767, 4046 (RIL_CMD_READER_1, tid:507790101744)
06-13 12:36:06.249699  1371  1387 I AT      : [0] AT< OK (RIL_CMD_READER_1, tid:507790101744)
06-13 12:36:06.250025  1371  1388 I RmcOemHandler: requestQueryThermal success
06-13 12:36:08.270762  1371  1381 I AT      : [0] AT< +ECSQ: 57,42,1,-253,-14,1,1,4,32767,1 (RIL_URC_READER, tid:507895946480)
06-13 12:36:13.382519  1371  1381 I AT      : [0] AT< +ECSQ: 59,43,1,-248,-12,1,1,4,32767,1 (RIL_URC_READER, tid:507895946480)
06-13 12:36:13.384033  1371  1383 D RmcNwHdlr: [0] requestSignalStrength:sigRegisted[0000], sigUpdated[0X04]
06-13 12:36:13.384161  1371  1383 D RmcNwHdlr: [0] handleSignalStrength, gsm_signal_strength: 99, gsm_bit_error_rate: 99, gsm_timing_advance: 2147483647, cdma_dbm: 2147483647, cdma_ecio: 2147483647, evdo_dbm: 2147483647, evdo_ecio: 2147483647, evdo_snr: 2147483647, lte_signal_strength: 99, lte_rsrp: 2147483647, lte_rsrq: 2147483647, lte_rssnr: 2147483647, lte_cqi: 2147483647, lte_timing_advance: 2147483647, tdscdma_signal_strength: 99, tdscdma_bit_error_rate: 99, tdscdma_rscp: 255, wcdma_signal_strength: 25, wcdma_bit_error_rate: 99, wcdma_scdma_rscp: 59, wcdma_ecno: 43, ssRsrp: 2147483647, ssRsrq: 2147483647, ssSinr: 2147483647, csiRsrp: 2147483647, csiRsrq: 2147483647, csiSinr: 2147483647
06-13 12:36:16.257933  1371  1436 I RilClient: initialize: commandFd is 77
06-13 12:36:16.258522  1371  1436 I RilClient: start listen on fd: 30, socket name: rild-oem
06-13 12:36:16.259814  1371  1388 I RmcOemHandler: requestQueryThermal Enter: -1
06-13 12:36:16.259981  1371  1388 I AT      : [0] AT> AT+ETHERMAL (RIL_CMD_READER_1 tid:507789065456)
06-13 12:36:16.269681  1371  1387 I AT      : [0] AT< +ETHERMAL: 2, 32767, -127, 111, 32767, 4046 (RIL_CMD_READER_1, tid:507790101744)
06-13 12:36:16.269804  1371  1387 I AT      : [0] AT< OK (RIL_CMD_READER_1, tid:507790101744)
06-13 12:36:16.270107  1371  1388 I RmcOemHandler: requestQueryThermal success
06-13 12:36:18.503897  1371  1381 I AT      : [0] AT< +ECSQ: 57,42,1,-254,-14,1,1,4,32767,1 (RIL_URC_READER, tid:507895946480)
06-13 12:36:18.505510  1371  1383 D RmcNwHdlr: [0] requestSignalStrength:sigRegisted[0000], sigUpdated[0X04]
06-13 12:36:18.505639  1371  1383 D RmcNwHdlr: [0] handleSignalStrength, gsm_signal_strength: 99, gsm_bit_error_rate: 99, gsm_timing_advance: 2147483647, cdma_dbm: 2147483647, cdma_ecio: 2147483647, evdo_dbm: 2147483647, evdo_ecio: 2147483647, evdo_snr: 2147483647, lte_signal_strength: 99, lte_rsrp: 2147483647, lte_rsrq: 2147483647, lte_rssnr: 2147483647, lte_cqi: 2147483647, lte_timing_advance: 2147483647, tdscdma_signal_strength: 99, tdscdma_bit_error_rate: 99, tdscdma_rscp: 255, wcdma_signal_strength: 24, wcdma_bit_error_rate: 99, wcdma_scdma_rscp: 57, wcdma_ecno: 42, ssRsrp: 2147483647, ssRsrq: 2147483647, ssSinr: 2147483647, csiRsrp: 2147483647, csiRsrq: 2147483647, csiSinr: 2147483647
06-13 12:36:23.624858  1371  1381 I AT      : [0] AT< +ECSQ: 57,39,1,-253,-19,1,1,4,32767,1 (RIL_URC_READER, tid:507895946480)
06-13 12:36:23.626357  1371  1383 D RmcNwHdlr: [0] requestSignalStrength:sigRegisted[0000], sigUpdated[0X04]
06-13 12:36:23.626486  1371  1383 D RmcNwHdlr: [0] handleSignalStrength, gsm_signal_strength: 99, gsm_bit_error_rate: 99, gsm_timing_advance: 2147483647, cdma_dbm: 2147483647, cdma_ecio: 2147483647, evdo_dbm: 2147483647, evdo_ecio: 2147483647, evdo_snr: 2147483647, lte_signal_strength: 99, lte_rsrp: 2147483647, lte_rsrq: 2147483647, lte_rssnr: 2147483647, lte_cqi: 2147483647, lte_timing_advance: 2147483647, tdscdma_signal_strength: 99, tdscdma_bit_error_rate: 99, tdscdma_rscp: 255, wcdma_signal_strength: 24, wcdma_bit_error_rate: 99, wcdma_scdma_rscp: 57, wcdma_ecno: 39, ssRsrp: 2147483647, ssRsrq: 2147483647, ssSinr: 2147483647, csiRsrp: 2147483647, csiRsrq: 2147483647, csiSinr: 2147483647
06-13 12:36:26.277890  1371  1436 I RilClient: initialize: commandFd is 65
06-13 12:36:26.278478  1371  1436 I RilClient: start listen on fd: 30, socket name: rild-oem
06-13 12:36:26.279752  1371  1388 I RmcOemHandler: requestQueryThermal Enter: -1
06-13 12:36:26.279916  1371  1388 I AT      : [0] AT> AT+ETHERMAL (RIL_CMD_READER_1 tid:507789065456)
06-13 12:36:26.289551  1371  1387 I AT      : [0] AT< +ETHERMAL: 2, 32767, -127, 111, 32767, 4046 (RIL_CMD_READER_1, tid:507790101744)
06-13 12:36:26.289744  1371  1387 I AT      : [0] AT< OK (RIL_CMD_READER_1, tid:507790101744)
06-13 12:36:26.290066  1371  1388 I RmcOemHandler: requestQueryThermal success
06-13 12:36:28.746035  1371  1381 I AT      : [0] AT< +ECSQ: 58,42,1,-251,-14,1,1,4,32767,1 (RIL_URC_READER, tid:507895946480)
06-13 12:36:28.747553  1371  1383 D RmcNwHdlr: [0] requestSignalStrength:sigRegisted[0000], sigUpdated[0X04]
06-13 12:36:28.747681  1371  1383 D RmcNwHdlr: [0] handleSignalStrength, gsm_signal_strength: 99, gsm_bit_error_rate: 99, gsm_timing_advance: 2147483647, cdma_dbm: 2147483647, cdma_ecio: 2147483647, evdo_dbm: 2147483647, evdo_ecio: 2147483647, evdo_snr: 2147483647, lte_signal_strength: 99, lte_rsrp: 2147483647, lte_rsrq: 2147483647, lte_rssnr: 2147483647, lte_cqi: 2147483647, lte_timing_advance: 2147483647, tdscdma_signal_strength: 99, tdscdma_bit_error_rate: 99, tdscdma_rscp: 255, wcdma_signal_strength: 25, wcdma_bit_error_rate: 99, wcdma_scdma_rscp: 58, wcdma_ecno: 42, ssRsrp: 2147483647, ssRsrq: 2147483647, ssSinr: 2147483647, csiRsrp: 2147483647, csiRsrq: 2147483647, csiSinr: 2147483647
06-13 12:36:33.867468  1371  1381 I AT      : [0] AT< +ECSQ: 58,42,1,-249,-14,1,1,4,32767,1 (RIL_URC_READER, tid:507895946480)
06-13 12:36:36.297874  1371  1436 I RilClient: initialize: commandFd is 77
06-13 12:36:36.298468  1371  1436 I RilClient: start listen on fd: 30, socket name: rild-oem
06-13 12:36:36.299964  1371  1388 I RmcOemHandler: requestQueryThermal Enter: -1
06-13 12:36:36.300132  1371  1388 I AT      : [0] AT> AT+ETHERMAL (RIL_CMD_READER_1 tid:507789065456)
06-13 12:36:36.309807  1371  1387 I AT      : [0] AT< +ETHERMAL: 2, 32767, -127, 111, 32767, 4046 (RIL_CMD_READER_1, tid:507790101744)
06-13 12:36:36.309929  1371  1387 I AT      : [0] AT< OK (RIL_CMD_READER_1, tid:507790101744)
06-13 12:36:36.310233  1371  1388 I RmcOemHandler: requestQueryThermal success
06-13 12:36:38.988405  1371  1381 I AT      : [0] AT< +ECSQ: 58,41,1,-251,-15,1,1,4,32767,1 (RIL_URC_READER, tid:507895946480)
06-13 12:36:38.990022  1371  1383 D RmcNwHdlr: [0] requestSignalStrength:sigRegisted[0000], sigUpdated[0X04]
06-13 12:36:38.990150  1371  1383 D RmcNwHdlr: [0] handleSignalStrength, gsm_signal_strength: 99, gsm_bit_error_rate: 99, gsm_timing_advance: 2147483647, cdma_dbm: 2147483647, cdma_ecio: 2147483647, evdo_dbm: 2147483647, evdo_ecio: 2147483647, evdo_snr: 2147483647, lte_signal_strength: 99, lte_rsrp: 2147483647, lte_rsrq: 2147483647, lte_rssnr: 2147483647, lte_cqi: 2147483647, lte_timing_advance: 2147483647, tdscdma_signal_strength: 99, tdscdma_bit_error_rate: 99, tdscdma_rscp: 255, wcdma_signal_strength: 25, wcdma_bit_error_rate: 99, wcdma_scdma_rscp: 58, wcdma_ecno: 41, ssRsrp: 2147483647, ssRsrq: 2147483647, ssSinr: 2147483647, csiRsrp: 2147483647, csiRsrq: 2147483647, csiSinr: 2147483647
06-13 12:36:44.109389  1371  1381 I AT      : [0] AT< +ECSQ: 58,40,1,-251,-17,1,1,4,32767,1 (RIL_URC_READER, tid:507895946480)
06-13 12:36:44.110909  1371  1383 D RmcNwHdlr: [0] requestSignalStrength:sigRegisted[0000], sigUpdated[0X04]
06-13 12:36:44.111046  1371  1383 D RmcNwHdlr: [0] handleSignalStrength, gsm_signal_strength: 99, gsm_bit_error_rate: 99, gsm_timing_advance: 2147483647, cdma_dbm: 2147483647, cdma_ecio: 2147483647, evdo_dbm: 2147483647, evdo_ecio: 2147483647, evdo_snr: 2147483647, lte_signal_strength: 99, lte_rsrp: 2147483647, lte_rsrq: 2147483647, lte_rssnr: 2147483647, lte_cqi: 2147483647, lte_timing_advance: 2147483647, tdscdma_signal_strength: 99, tdscdma_bit_error_rate: 99, tdscdma_rscp: 255, wcdma_signal_strength: 25, wcdma_bit_error_rate: 99, wcdma_scdma_rscp: 58, wcdma_ecno: 40, ssRsrp: 2147483647, ssRsrq: 2147483647, ssSinr: 2147483647, csiRsrp: 2147483647, csiRsrq: 2147483647, csiSinr: 2147483647
06-13 12:36:46.317826  1371  1436 I RilClient: initialize: commandFd is 65
06-13 12:36:46.318421  1371  1436 I RilClient: start listen on fd: 30, socket name: rild-oem
06-13 12:36:46.319663  1371  1388 I RmcOemHandler: requestQueryThermal Enter: -1
06-13 12:36:46.319819  1371  1388 I AT      : [0] AT> AT+ETHERMAL (RIL_CMD_READER_1 tid:507789065456)
06-13 12:36:46.329333  1371  1387 I AT      : [0] AT< +ETHERMAL: 2, 32767, -127, 111, 32767, 4046 (RIL_CMD_READER_1, tid:507790101744)
06-13 12:36:46.329463  1371  1387 I AT      : [0] AT< OK (RIL_CMD_READER_1, tid:507790101744)
06-13 12:36:46.329767  1371  1388 I RmcOemHandler: requestQueryThermal success
06-13 12:36:49.230833  1371  1381 I AT      : [0] AT< +ECSQ: 58,42,1,-252,-14,1,1,4,32767,1 (RIL_URC_READER, tid:507895946480)
06-13 12:36:49.232366  1371  1383 D RmcNwHdlr: [0] requestSignalStrength:sigRegisted[0000], sigUpdated[0X04]
06-13 12:36:49.232496  1371  1383 D RmcNwHdlr: [0] handleSignalStrength, gsm_signal_strength: 99, gsm_bit_error_rate: 99, gsm_timing_advance: 2147483647, cdma_dbm: 2147483647, cdma_ecio: 2147483647, evdo_dbm: 2147483647, evdo_ecio: 2147483647, evdo_snr: 2147483647, lte_signal_strength: 99, lte_rsrp: 2147483647, lte_rsrq: 2147483647, lte_rssnr: 2147483647, lte_cqi: 2147483647, lte_timing_advance: 2147483647, tdscdma_signal_strength: 99, tdscdma_bit_error_rate: 99, tdscdma_rscp: 255, wcdma_signal_strength: 25, wcdma_bit_error_rate: 99, wcdma_scdma_rscp: 58, wcdma_ecno: 42, ssRsrp: 2147483647, ssRsrq: 2147483647, ssSinr: 2147483647, csiRsrp: 2147483647, csiRsrq: 2147483647, csiSinr: 2147483647
06-13 12:36:54.342685  1371  1381 I AT      : [0] AT< +ECSQ: 58,41,1,-252,-16,1,1,4,32767,1 (RIL_URC_READER, tid:507895946480)
06-13 12:36:54.344209  1371  1383 D RmcNwHdlr: [0] requestSignalStrength:sigRegisted[0000], sigUpdated[0X04]
06-13 12:36:54.344337  1371  1383 D RmcNwHdlr: [0] handleSignalStrength, gsm_signal_strength: 99, gsm_bit_error_rate: 99, gsm_timing_advance: 2147483647, cdma_dbm: 2147483647, cdma_ecio: 2147483647, evdo_dbm: 2147483647, evdo_ecio: 2147483647, evdo_snr: 2147483647, lte_signal_strength: 99, lte_rsrp: 2147483647, lte_rsrq: 2147483647, lte_rssnr: 2147483647, lte_cqi: 2147483647, lte_timing_advance: 2147483647, tdscdma_signal_strength: 99, tdscdma_bit_error_rate: 99, tdscdma_rscp: 255, wcdma_signal_strength: 25, wcdma_bit_error_rate: 99, wcdma_scdma_rscp: 58, wcdma_ecno: 41, ssRsrp: 2147483647, ssRsrq: 2147483647, ssSinr: 2147483647, csiRsrp: 2147483647, csiRsrq: 2147483647, csiSinr: 2147483647
06-13 12:36:56.336381  1371  1436 I RilClient: initialize: commandFd is 77
06-13 12:36:56.337048  1371  1436 I RilClient: start listen on fd: 30, socket name: rild-oem
06-13 12:36:56.338609  1371  1388 I RmcOemHandler: requestQueryThermal Enter: -1
06-13 12:36:56.338755  1371  1388 I AT      : [0] AT> AT+ETHERMAL (RIL_CMD_READER_1 tid:507789065456)
06-13 12:36:56.348420  1371  1387 I AT      : [0] AT< +ETHERMAL: 2, 32767, -127, 111, 32767, 4046 (RIL_CMD_READER_1, tid:507790101744)
06-13 12:36:56.348584  1371  1387 I AT      : [0] AT< OK (RIL_CMD_READER_1, tid:507790101744)
06-13 12:36:56.348825  1371  1388 I RmcOemHandler: requestQueryThermal success
06-13 12:36:59.463814  1371  1381 I AT      : [0] AT< +ECSQ: 57,39,1,-254,-19,1,1,4,32767,1 (RIL_URC_READER, tid:507895946480)
06-13 12:36:59.465515  1371  1383 D RmcNwHdlr: [0] requestSignalStrength:sigRegisted[0000], sigUpdated[0X04]
06-13 12:36:59.465640  1371  1383 D RmcNwHdlr: [0] handleSignalStrength, gsm_signal_strength: 99, gsm_bit_error_rate: 99, gsm_timing_advance: 2147483647, cdma_dbm: 2147483647, cdma_ecio: 2147483647, evdo_dbm: 2147483647, evdo_ecio: 2147483647, evdo_snr: 2147483647, lte_signal_strength: 99, lte_rsrp: 2147483647, lte_rsrq: 2147483647, lte_rssnr: 2147483647, lte_cqi: 2147483647, lte_timing_advance: 2147483647, tdscdma_signal_strength: 99, tdscdma_bit_error_rate: 99, tdscdma_rscp: 255, wcdma_signal_strength: 24, wcdma_bit_error_rate: 99, wcdma_scdma_rscp: 57, wcdma_ecno: 39, ssRsrp: 2147483647, ssRsrq: 2147483647, ssSinr: 2147483647, csiRsrp: 2147483647, csiRsrq: 2147483647, csiSinr: 2147483647
06-13 12:37:04.584851  1371  1381 I AT      : [0] AT< +ECSQ: 58,41,1,-252,-15,1,1,4,32767,1 (RIL_URC_READER, tid:507895946480)
06-13 12:37:04.586352  1371  1383 D RmcNwHdlr: [0] requestSignalStrength:sigRegisted[0000], sigUpdated[0X04]
06-13 12:37:04.586481  1371  1383 D RmcNwHdlr: [0] handleSignalStrength, gsm_signal_strength: 99, gsm_bit_error_rate: 99, gsm_timing_advance: 2147483647, cdma_dbm: 2147483647, cdma_ecio: 2147483647, evdo_dbm: 2147483647, evdo_ecio: 2147483647, evdo_snr: 2147483647, lte_signal_strength: 99, lte_rsrp: 2147483647, lte_rsrq: 2147483647, lte_rssnr: 2147483647, lte_cqi: 2147483647, lte_timing_advance: 2147483647, tdscdma_signal_strength: 99, tdscdma_bit_error_rate: 99, tdscdma_rscp: 255, wcdma_signal_strength: 25, wcdma_bit_error_rate: 99, wcdma_scdma_rscp: 58, wcdma_ecno: 41, ssRsrp: 2147483647, ssRsrq: 2147483647, ssSinr: 2147483647, csiRsrp: 2147483647, csiRsrq: 2147483647, csiSinr: 2147483647
06-13 12:37:06.356688  1371  1436 I RilClient: initialize: commandFd is 65
06-13 12:37:06.357509  1371  1436 I RilClient: start listen on fd: 30, socket name: rild-oem
06-13 12:37:06.358840  1371  1388 I RmcOemHandler: requestQueryThermal Enter: -1
06-13 12:37:06.358985  1371  1388 I AT      : [0] AT> AT+ETHERMAL (RIL_CMD_READER_1 tid:507789065456)
06-13 12:37:06.368505  1371  1387 I AT      : [0] AT< +ETHERMAL: 2, 32767, -127, 111, 32767, 4046 (RIL_CMD_READER_1, tid:507790101744)
06-13 12:37:06.368649  1371  1387 I AT      : [0] AT< OK (RIL_CMD_READER_1, tid:507790101744)
06-13 12:37:06.368864  1371  1388 I RmcOemHandler: requestQueryThermal success
06-13 12:37:09.706085  1371  1381 I AT      : [0] AT< +ECSQ: 58,40,1,-252,-17,1,1,4,32767,1 (RIL_URC_READER, tid:507895946480)
06-13 12:37:09.707607  1371  1383 D RmcNwHdlr: [0] requestSignalStrength:sigRegisted[0000], sigUpdated[0X04]
06-13 12:37:09.707877  1371  1383 D RmcNwHdlr: [0] handleSignalStrength, gsm_signal_strength: 99, gsm_bit_error_rate: 99, gsm_timing_advance: 2147483647, cdma_dbm: 2147483647, cdma_ecio: 2147483647, evdo_dbm: 2147483647, evdo_ecio: 2147483647, evdo_snr: 2147483647, lte_signal_strength: 99, lte_rsrp: 2147483647, lte_rsrq: 2147483647, lte_rssnr: 2147483647, lte_cqi: 2147483647, lte_timing_advance: 2147483647, tdscdma_signal_strength: 99, tdscdma_bit_error_rate: 99, tdscdma_rscp: 255, wcdma_signal_strength: 25, wcdma_bit_error_rate: 99, wcdma_scdma_rscp: 58, wcdma_ecno: 40, ssRsrp: 2147483647, ssRsrq: 2147483647, ssSinr: 2147483647, csiRsrp: 2147483647, csiRsrq: 2147483647, csiSinr: 2147483647
06-13 12:37:14.827499  1371  1381 I AT      : [0] AT< +ECSQ: 58,40,1,-250,-17,1,1,4,32767,1 (RIL_URC_READER, tid:507895946480)
06-13 12:37:16.376733  1371  1436 I RilClient: initialize: commandFd is 77
06-13 12:37:16.377492  1371  1436 I RilClient: start listen on fd: 30, socket name: rild-oem
06-13 12:37:16.378859  1371  1388 I RmcOemHandler: requestQueryThermal Enter: -1
06-13 12:37:16.379023  1371  1388 I AT      : [0] AT> AT+ETHERMAL (RIL_CMD_READER_1 tid:507789065456)
06-13 12:37:16.388491  1371  1387 I AT      : [0] AT< +ETHERMAL: 2, 32767, -127, 111, 32767, 4046 (RIL_CMD_READER_1, tid:507790101744)
06-13 12:37:16.388617  1371  1387 I AT      : [0] AT< OK (RIL_CMD_READER_1, tid:507790101744)
06-13 12:37:16.388921  1371  1388 I RmcOemHandler: requestQueryThermal success
06-13 12:37:19.948625  1371  1381 I AT      : [0] AT< +ECSQ: 57,40,1,-253,-17,1,1,4,32767,1 (RIL_URC_READER, tid:507895946480)
06-13 12:37:19.950215  1371  1383 D RmcNwHdlr: [0] requestSignalStrength:sigRegisted[0000], sigUpdated[0X04]
06-13 12:37:19.950364  1371  1383 D RmcNwHdlr: [0] handleSignalStrength, gsm_signal_strength: 99, gsm_bit_error_rate: 99, gsm_timing_advance: 2147483647, cdma_dbm: 2147483647, cdma_ecio: 2147483647, evdo_dbm: 2147483647, evdo_ecio: 2147483647, evdo_snr: 2147483647, lte_signal_strength: 99, lte_rsrp: 2147483647, lte_rsrq: 2147483647, lte_rssnr: 2147483647, lte_cqi: 2147483647, lte_timing_advance: 2147483647, tdscdma_signal_strength: 99, tdscdma_bit_error_rate: 99, tdscdma_rscp: 255, wcdma_signal_strength: 24, wcdma_bit_error_rate: 99, wcdma_scdma_rscp: 57, wcdma_ecno: 40, ssRsrp: 2147483647, ssRsrq: 2147483647, ssSinr: 2147483647, csiRsrp: 2147483647, csiRsrq: 2147483647, csiSinr: 2147483647
06-13 12:37:25.069872  1371  1381 I AT      : [0] AT< +ECSQ: 58,41,1,-252,-15,1,1,4,32767,1 (RIL_URC_READER, tid:507895946480)
06-13 12:37:25.071377  1371  1383 D RmcNwHdlr: [0] requestSignalStrength:sigRegisted[0000], sigUpdated[0X04]
06-13 12:37:25.071504  1371  1383 D RmcNwHdlr: [0] handleSignalStrength, gsm_signal_strength: 99, gsm_bit_error_rate: 99, gsm_timing_advance: 2147483647, cdma_dbm: 2147483647, cdma_ecio: 2147483647, evdo_dbm: 2147483647, evdo_ecio: 2147483647, evdo_snr: 2147483647, lte_signal_strength: 99, lte_rsrp: 2147483647, lte_rsrq: 2147483647, lte_rssnr: 2147483647, lte_cqi: 2147483647, lte_timing_advance: 2147483647, tdscdma_signal_strength: 99, tdscdma_bit_error_rate: 99, tdscdma_rscp: 255, wcdma_signal_strength: 25, wcdma_bit_error_rate: 99, wcdma_scdma_rscp: 58, wcdma_ecno: 41, ssRsrp: 2147483647, ssRsrq: 2147483647, ssSinr: 2147483647, csiRsrp: 2147483647, csiRsrq: 2147483647, csiSinr: 2147483647
06-13 12:37:26.396456  1371  1436 I RilClient: initialize: commandFd is 65
06-13 12:37:26.397033  1371  1436 I RilClient: start listen on fd: 30, socket name: rild-oem
06-13 12:37:26.398522  1371  1388 I RmcOemHandler: requestQueryThermal Enter: -1
06-13 12:37:26.398684  1371  1388 I AT      : [0] AT> AT+ETHERMAL (RIL_CMD_READER_1 tid:507789065456)
06-13 12:37:26.408082  1371  1387 I AT      : [0] AT< +ETHERMAL: 2, 32767, -127, 111, 32767, 4046 (RIL_CMD_READER_1, tid:507790101744)
06-13 12:37:26.408205  1371  1387 I AT      : [0] AT< OK (RIL_CMD_READER_1, tid:507790101744)
06-13 12:37:26.408494  1371  1388 I RmcOemHandler: requestQueryThermal success
06-13 12:37:30.190687  1371  1381 I AT      : [0] AT< +ECSQ: 58,41,1,-251,-15,1,1,4,32767,1 (RIL_URC_READER, tid:507895946480)
06-13 12:37:35.302685  1371  1381 I AT      : [0] AT< +ECSQ: 58,44,1,-249,-9,1,1,4,32767,1 (RIL_URC_READER, tid:507895946480)
06-13 12:37:35.304189  1371  1383 D RmcNwHdlr: [0] requestSignalStrength:sigRegisted[0000], sigUpdated[0X04]
06-13 12:37:35.304317  1371  1383 D RmcNwHdlr: [0] handleSignalStrength, gsm_signal_strength: 99, gsm_bit_error_rate: 99, gsm_timing_advance: 2147483647, cdma_dbm: 2147483647, cdma_ecio: 2147483647, evdo_dbm: 2147483647, evdo_ecio: 2147483647, evdo_snr: 2147483647, lte_signal_strength: 99, lte_rsrp: 2147483647, lte_rsrq: 2147483647, lte_rssnr: 2147483647, lte_cqi: 2147483647, lte_timing_advance: 2147483647, tdscdma_signal_strength: 99, tdscdma_bit_error_rate: 99, tdscdma_rscp: 255, wcdma_signal_strength: 25, wcdma_bit_error_rate: 99, wcdma_scdma_rscp: 58, wcdma_ecno: 44, ssRsrp: 2147483647, ssRsrq: 2147483647, ssSinr: 2147483647, csiRsrp: 2147483647, csiRsrq: 2147483647, csiSinr: 2147483647
06-13 12:37:36.416306  1371  1436 I RilClient: initialize: commandFd is 77
06-13 12:37:36.416883  1371  1436 I RilClient: start listen on fd: 30, socket name: rild-oem
06-13 12:37:36.418646  1371  1388 I RmcOemHandler: requestQueryThermal Enter: -1
06-13 12:37:36.418815  1371  1388 I AT      : [0] AT> AT+ETHERMAL (RIL_CMD_READER_1 tid:507789065456)
06-13 12:37:36.428327  1371  1387 I AT      : [0] AT< +ETHERMAL: 2, 32767, -127, 111, 32767, 4046 (RIL_CMD_READER_1, tid:507790101744)
06-13 12:37:36.428453  1371  1387 I AT      : [0] AT< OK (RIL_CMD_READER_1, tid:507790101744)
06-13 12:37:36.428660  1371  1388 I RmcOemHandler: requestQueryThermal success
06-13 12:37:40.423823  1371  1381 I AT      : [0] AT< +ECSQ: 57,40,1,-255,-18,1,1,4,32767,1 (RIL_URC_READER, tid:507895946480)
06-13 12:37:40.425535  1371  1383 D RmcNwHdlr: [0] requestSignalStrength:sigRegisted[0000], sigUpdated[0X04]
06-13 12:37:40.425661  1371  1383 D RmcNwHdlr: [0] handleSignalStrength, gsm_signal_strength: 99, gsm_bit_error_rate: 99, gsm_timing_advance: 2147483647, cdma_dbm: 2147483647, cdma_ecio: 2147483647, evdo_dbm: 2147483647, evdo_ecio: 2147483647, evdo_snr: 2147483647, lte_signal_strength: 99, lte_rsrp: 2147483647, lte_rsrq: 2147483647, lte_rssnr: 2147483647, lte_cqi: 2147483647, lte_timing_advance: 2147483647, tdscdma_signal_strength: 99, tdscdma_bit_error_rate: 99, tdscdma_rscp: 255, wcdma_signal_strength: 24, wcdma_bit_error_rate: 99, wcdma_scdma_rscp: 57, wcdma_ecno: 40, ssRsrp: 2147483647, ssRsrq: 2147483647, ssSinr: 2147483647, csiRsrp: 2147483647, csiRsrq: 2147483647, csiSinr: 2147483647
06-13 12:37:45.544826  1371  1381 I AT      : [0] AT< +ECSQ: 57,40,1,-254,-18,1,1,4,32767,1 (RIL_URC_READER, tid:507895946480)
06-13 12:37:46.436437  1371  1436 I RilClient: initialize: commandFd is 65
06-13 12:37:46.436997  1371  1436 I RilClient: start listen on fd: 30, socket name: rild-oem
06-13 12:37:46.438763  1371  1388 I RmcOemHandler: requestQueryThermal Enter: -1
06-13 12:37:46.438927  1371  1388 I AT      : [0] AT> AT+ETHERMAL (RIL_CMD_READER_1 tid:507789065456)
06-13 12:37:46.448401  1371  1387 I AT      : [0] AT< +ETHERMAL: 2, 32767, -127, 111, 32767, 4046 (RIL_CMD_READER_1, tid:507790101744)
06-13 12:37:46.448525  1371  1387 I AT      : [0] AT< OK (RIL_CMD_READER_1, tid:507790101744)
06-13 12:37:46.448817  1371  1388 I RmcOemHandler: requestQueryThermal success
06-13 12:37:50.666034  1371  1381 I AT      : [0] AT< +ECSQ: 57,39,1,-253,-19,1,1,4,32767,1 (RIL_URC_READER, tid:507895946480)
06-13 12:37:50.667543  1371  1383 D RmcNwHdlr: [0] requestSignalStrength:sigRegisted[0000], sigUpdated[0X04]
06-13 12:37:50.667672  1371  1383 D RmcNwHdlr: [0] handleSignalStrength, gsm_signal_strength: 99, gsm_bit_error_rate: 99, gsm_timing_advance: 2147483647, cdma_dbm: 2147483647, cdma_ecio: 2147483647, evdo_dbm: 2147483647, evdo_ecio: 2147483647, evdo_snr: 2147483647, lte_signal_strength: 99, lte_rsrp: 2147483647, lte_rsrq: 2147483647, lte_rssnr: 2147483647, lte_cqi: 2147483647, lte_timing_advance: 2147483647, tdscdma_signal_strength: 99, tdscdma_bit_error_rate: 99, tdscdma_rscp: 255, wcdma_signal_strength: 24, wcdma_bit_error_rate: 99, wcdma_scdma_rscp: 57, wcdma_ecno: 39, ssRsrp: 2147483647, ssRsrq: 2147483647, ssSinr: 2147483647, csiRsrp: 2147483647, csiRsrq: 2147483647, csiSinr: 2147483647
06-13 12:37:55.787492  1371  1381 I AT      : [0] AT< +ECSQ: 58,42,1,-250,-14,1,1,4,32767,1 (RIL_URC_READER, tid:507895946480)
06-13 12:37:55.788990  1371  1383 D RmcNwHdlr: [0] requestSignalStrength:sigRegisted[0000], sigUpdated[0X04]
06-13 12:37:55.789120  1371  1383 D RmcNwHdlr: [0] handleSignalStrength, gsm_signal_strength: 99, gsm_bit_error_rate: 99, gsm_timing_advance: 2147483647, cdma_dbm: 2147483647, cdma_ecio: 2147483647, evdo_dbm: 2147483647, evdo_ecio: 2147483647, evdo_snr: 2147483647, lte_signal_strength: 99, lte_rsrp: 2147483647, lte_rsrq: 2147483647, lte_rssnr: 2147483647, lte_cqi: 2147483647, lte_timing_advance: 2147483647, tdscdma_signal_strength: 99, tdscdma_bit_error_rate: 99, tdscdma_rscp: 255, wcdma_signal_strength: 25, wcdma_bit_error_rate: 99, wcdma_scdma_rscp: 58, wcdma_ecno: 42, ssRsrp: 2147483647, ssRsrq: 2147483647, ssSinr: 2147483647, csiRsrp: 2147483647, csiRsrq: 2147483647, csiSinr: 2147483647
06-13 12:37:56.456682  1371  1436 I RilClient: initialize: commandFd is 77
06-13 12:37:56.457452  1371  1436 I RilClient: start listen on fd: 30, socket name: rild-oem
06-13 12:37:56.458959  1371  1388 I RmcOemHandler: requestQueryThermal Enter: -1
06-13 12:37:56.459120  1371  1388 I AT      : [0] AT> AT+ETHERMAL (RIL_CMD_READER_1 tid:507789065456)
06-13 12:37:56.468744  1371  1387 I AT      : [0] AT< +ETHERMAL: 2, 32767, -127, 111, 32767, 4046 (RIL_CMD_READER_1, tid:507790101744)
06-13 12:37:56.469356  1371  1387 I AT      : [0] AT< OK (RIL_CMD_READER_1, tid:507790101744)
06-13 12:37:56.469706  1371  1388 I RmcOemHandler: requestQueryThermal success
06-13 12:38:00.907549  1371  1381 I AT      : [0] AT< +ECSQ: 57,41,1,-253,-15,1,1,4,32767,1 (RIL_URC_READER, tid:507895946480)
06-13 12:38:00.908256  1371  1383 D RmcNwHdlr: [0] requestSignalStrength:sigRegisted[0000], sigUpdated[0X04]
06-13 12:38:00.908313  1371  1383 D RmcNwHdlr: [0] handleSignalStrength, gsm_signal_strength: 99, gsm_bit_error_rate: 99, gsm_timing_advance: 2147483647, cdma_dbm: 2147483647, cdma_ecio: 2147483647, evdo_dbm: 2147483647, evdo_ecio: 2147483647, evdo_snr: 2147483647, lte_signal_strength: 99, lte_rsrp: 2147483647, lte_rsrq: 2147483647, lte_rssnr: 2147483647, lte_cqi: 2147483647, lte_timing_advance: 2147483647, tdscdma_signal_strength: 99, tdscdma_bit_error_rate: 99, tdscdma_rscp: 255, wcdma_signal_strength: 24, wcdma_bit_error_rate: 99, wcdma_scdma_rscp: 57, wcdma_ecno: 41, ssRsrp: 2147483647, ssRsrq: 2147483647, ssSinr: 2147483647, csiRsrp: 2147483647, csiRsrq: 2147483647, csiSinr: 2147483647
06-13 12:38:06.029580  1371  1381 I AT      : [0] AT< +ECSQ: 57,41,1,-255,-16,1,1,4,32767,1 (RIL_URC_READER, tid:507895946480)
06-13 12:38:06.477916  1371  1436 I RilClient: initialize: commandFd is 65
06-13 12:38:06.478476  1371  1436 I RilClient: start listen on fd: 30, socket name: rild-oem
06-13 12:38:06.479814  1371  1388 I RmcOemHandler: requestQueryThermal Enter: -1
06-13 12:38:06.479981  1371  1388 I AT      : [0] AT> AT+ETHERMAL (RIL_CMD_READER_1 tid:507789065456)
06-13 12:38:06.489328  1371  1387 I AT      : [0] AT< +ETHERMAL: 2, 32767, -127, 111, 32767, 4046 (RIL_CMD_READER_1, tid:507790101744)
06-13 12:38:06.489454  1371  1387 I AT      : [0] AT< OK (RIL_CMD_READER_1, tid:507790101744)
06-13 12:38:06.489754  1371  1388 I RmcOemHandler: requestQueryThermal success
06-13 12:38:11.150835  1371  1381 I AT      : [0] AT< +ECSQ: 58,42,1,-251,-14,1,1,4,32767,1 (RIL_URC_READER, tid:507895946480)
06-13 12:38:11.152349  1371  1383 D RmcNwHdlr: [0] requestSignalStrength:sigRegisted[0000], sigUpdated[0X04]
06-13 12:38:11.152475  1371  1383 D RmcNwHdlr: [0] handleSignalStrength, gsm_signal_strength: 99, gsm_bit_error_rate: 99, gsm_timing_advance: 2147483647, cdma_dbm: 2147483647, cdma_ecio: 2147483647, evdo_dbm: 2147483647, evdo_ecio: 2147483647, evdo_snr: 2147483647, lte_signal_strength: 99, lte_rsrp: 2147483647, lte_rsrq: 2147483647, lte_rssnr: 2147483647, lte_cqi: 2147483647, lte_timing_advance: 2147483647, tdscdma_signal_strength: 99, tdscdma_bit_error_rate: 99, tdscdma_rscp: 255, wcdma_signal_strength: 25, wcdma_bit_error_rate: 99, wcdma_scdma_rscp: 58, wcdma_ecno: 42, ssRsrp: 2147483647, ssRsrq: 2147483647, ssSinr: 2147483647, csiRsrp: 2147483647, csiRsrq: 2147483647, csiSinr: 2147483647
06-13 12:38:16.262642  1371  1381 I AT      : [0] AT< +ECSQ: 58,42,1,-251,-13,1,1,4,32767,1 (RIL_URC_READER, tid:507895946480)
06-13 12:38:16.497802  1371  1436 I RilClient: initialize: commandFd is 77
06-13 12:38:16.498359  1371  1436 I RilClient: start listen on fd: 30, socket name: rild-oem
06-13 12:38:16.499863  1371  1388 I RmcOemHandler: requestQueryThermal Enter: -1
06-13 12:38:16.500025  1371  1388 I AT      : [0] AT> AT+ETHERMAL (RIL_CMD_READER_1 tid:507789065456)
06-13 12:38:16.509438  1371  1387 I AT      : [0] AT< +ETHERMAL: 2, 32767, -127, 111, 32767, 4046 (RIL_CMD_READER_1, tid:507790101744)
06-13 12:38:16.509605  1371  1387 I AT      : [0] AT< OK (RIL_CMD_READER_1, tid:507790101744)
06-13 12:38:16.509928  1371  1388 I RmcOemHandler: requestQueryThermal success
06-13 12:38:21.383770  1371  1381 I AT      : [0] AT< +ECSQ: 57,40,1,-255,-18,1,1,4,32767,1 (RIL_URC_READER, tid:507895946480)
06-13 12:38:21.385432  1371  1383 D RmcNwHdlr: [0] requestSignalStrength:sigRegisted[0000], sigUpdated[0X04]
06-13 12:38:21.385560  1371  1383 D RmcNwHdlr: [0] handleSignalStrength, gsm_signal_strength: 99, gsm_bit_error_rate: 99, gsm_timing_advance: 2147483647, cdma_dbm: 2147483647, cdma_ecio: 2147483647, evdo_dbm: 2147483647, evdo_ecio: 2147483647, evdo_snr: 2147483647, lte_signal_strength: 99, lte_rsrp: 2147483647, lte_rsrq: 2147483647, lte_rssnr: 2147483647, lte_cqi: 2147483647, lte_timing_advance: 2147483647, tdscdma_signal_strength: 99, tdscdma_bit_error_rate: 99, tdscdma_rscp: 255, wcdma_signal_strength: 24, wcdma_bit_error_rate: 99, wcdma_scdma_rscp: 57, wcdma_ecno: 40, ssRsrp: 2147483647, ssRsrq: 2147483647, ssSinr: 2147483647, csiRsrp: 2147483647, csiRsrq: 2147483647, csiSinr: 2147483647
06-13 12:38:26.504857  1371  1381 I AT      : [0] AT< +ECSQ: 57,41,1,-253,-15,1,1,4,32767,1 (RIL_URC_READER, tid:507895946480)
06-13 12:38:26.506341  1371  1383 D RmcNwHdlr: [0] requestSignalStrength:sigRegisted[0000], sigUpdated[0X04]
06-13 12:38:26.506472  1371  1383 D RmcNwHdlr: [0] handleSignalStrength, gsm_signal_strength: 99, gsm_bit_error_rate: 99, gsm_timing_advance: 2147483647, cdma_dbm: 2147483647, cdma_ecio: 2147483647, evdo_dbm: 2147483647, evdo_ecio: 2147483647, evdo_snr: 2147483647, lte_signal_strength: 99, lte_rsrp: 2147483647, lte_rsrq: 2147483647, lte_rssnr: 2147483647, lte_cqi: 2147483647, lte_timing_advance: 2147483647, tdscdma_signal_strength: 99, tdscdma_bit_error_rate: 99, tdscdma_rscp: 255, wcdma_signal_strength: 24, wcdma_bit_error_rate: 99, wcdma_scdma_rscp: 57, wcdma_ecno: 41, ssRsrp: 2147483647, ssRsrq: 2147483647, ssSinr: 2147483647, csiRsrp: 2147483647, csiRsrq: 2147483647, csiSinr: 2147483647
06-13 12:38:26.517895  1371  1436 I RilClient: initialize: commandFd is 65
06-13 12:38:26.518468  1371  1436 I RilClient: start listen on fd: 30, socket name: rild-oem
06-13 12:38:26.520013  1371  1388 I RmcOemHandler: requestQueryThermal Enter: -1
06-13 12:38:26.520175  1371  1388 I AT      : [0] AT> AT+ETHERMAL (RIL_CMD_READER_1 tid:507789065456)
06-13 12:38:26.529374  1371  1387 I AT      : [0] AT< +ETHERMAL: 2, 32767, -127, 111, 32767, 4046 (RIL_CMD_READER_1, tid:507790101744)
06-13 12:38:26.529783  1371  1387 I AT      : [0] AT< OK (RIL_CMD_READER_1, tid:507790101744)
06-13 12:38:26.530106  1371  1388 I RmcOemHandler: requestQueryThermal success
06-13 12:38:31.649776  1371  1381 I AT      : [0] AT< +ECSQ: 58,42,1,-252,-13,1,1,4,32767,1 (RIL_URC_READER, tid:507895946480)
06-13 12:38:31.651278  1371  1383 D RmcNwHdlr: [0] requestSignalStrength:sigRegisted[0000], sigUpdated[0X04]
06-13 12:38:31.651406  1371  1383 D RmcNwHdlr: [0] handleSignalStrength, gsm_signal_strength: 99, gsm_bit_error_rate: 99, gsm_timing_advance: 2147483647, cdma_dbm: 2147483647, cdma_ecio: 2147483647, evdo_dbm: 2147483647, evdo_ecio: 2147483647, evdo_snr: 2147483647, lte_signal_strength: 99, lte_rsrp: 2147483647, lte_rsrq: 2147483647, lte_rssnr: 2147483647, lte_cqi: 2147483647, lte_timing_advance: 2147483647, tdscdma_signal_strength: 99, tdscdma_bit_error_rate: 99, tdscdma_rscp: 255, wcdma_signal_strength: 25, wcdma_bit_error_rate: 99, wcdma_scdma_rscp: 58, wcdma_ecno: 42, ssRsrp: 2147483647, ssRsrq: 2147483647, ssSinr: 2147483647, csiRsrp: 2147483647, csiRsrq: 2147483647, csiSinr: 2147483647
06-13 12:38:36.537904  1371  1436 I RilClient: initialize: commandFd is 77
06-13 12:38:36.538489  1371  1436 I RilClient: start listen on fd: 30, socket name: rild-oem
06-13 12:38:36.540034  1371  1388 I RmcOemHandler: requestQueryThermal Enter: -1
06-13 12:38:36.540195  1371  1388 I AT      : [0] AT> AT+ETHERMAL (RIL_CMD_READER_1 tid:507789065456)
06-13 12:38:36.549823  1371  1387 I AT      : [0] AT< +ETHERMAL: 2, 32767, -127, 111, 32767, 4046 (RIL_CMD_READER_1, tid:507790101744)
06-13 12:38:36.549946  1371  1387 I AT      : [0] AT< OK (RIL_CMD_READER_1, tid:507790101744)
06-13 12:38:36.550245  1371  1388 I RmcOemHandler: requestQueryThermal success
06-13 12:38:36.769531  1371  1381 I AT      : [0] AT< +ECSQ: 58,42,1,-251,-13,1,1,4,32767,1 (RIL_URC_READER, tid:507895946480)
06-13 12:38:41.868577  1371  1381 I AT      : [0] AT< +ECSQ: 57,41,1,-255,-16,1,1,4,32767,1 (RIL_URC_READER, tid:507895946480)
06-13 12:38:41.870179  1371  1383 D RmcNwHdlr: [0] requestSignalStrength:sigRegisted[0000], sigUpdated[0X04]
06-13 12:38:41.870323  1371  1383 D RmcNwHdlr: [0] handleSignalStrength, gsm_signal_strength: 99, gsm_bit_error_rate: 99, gsm_timing_advance: 2147483647, cdma_dbm: 2147483647, cdma_ecio: 2147483647, evdo_dbm: 2147483647, evdo_ecio: 2147483647, evdo_snr: 2147483647, lte_signal_strength: 99, lte_rsrp: 2147483647, lte_rsrq: 2147483647, lte_rssnr: 2147483647, lte_cqi: 2147483647, lte_timing_advance: 2147483647, tdscdma_signal_strength: 99, tdscdma_bit_error_rate: 99, tdscdma_rscp: 255, wcdma_signal_strength: 24, wcdma_bit_error_rate: 99, wcdma_scdma_rscp: 57, wcdma_ecno: 41, ssRsrp: 2147483647, ssRsrq: 2147483647, ssSinr: 2147483647, csiRsrp: 2147483647, csiRsrq: 2147483647, csiSinr: 2147483647
06-13 12:38:46.558023  1371  1436 I RilClient: initialize: commandFd is 65
06-13 12:38:46.558606  1371  1436 I RilClient: start listen on fd: 30, socket name: rild-oem
06-13 12:38:46.560172  1371  1388 I RmcOemHandler: requestQueryThermal Enter: -1
06-13 12:38:46.560335  1371  1388 I AT      : [0] AT> AT+ETHERMAL (RIL_CMD_READER_1 tid:507789065456)
06-13 12:38:46.569872  1371  1387 I AT      : [0] AT< +ETHERMAL: 2, 32767, -127, 111, 32767, 4046 (RIL_CMD_READER_1, tid:507790101744)
06-13 12:38:46.570015  1371  1387 I AT      : [0] AT< OK (RIL_CMD_READER_1, tid:507790101744)
06-13 12:38:46.570319  1371  1388 I RmcOemHandler: requestQueryThermal success
06-13 12:38:46.989739  1371  1381 I AT      : [0] AT< +ECSQ: 57,43,1,-253,-12,1,1,4,32767,1 (RIL_URC_READER, tid:507895946480)
06-13 12:38:46.991248  1371  1383 D RmcNwHdlr: [0] requestSignalStrength:sigRegisted[0000], sigUpdated[0X04]
06-13 12:38:46.991378  1371  1383 D RmcNwHdlr: [0] handleSignalStrength, gsm_signal_strength: 99, gsm_bit_error_rate: 99, gsm_timing_advance: 2147483647, cdma_dbm: 2147483647, cdma_ecio: 2147483647, evdo_dbm: 2147483647, evdo_ecio: 2147483647, evdo_snr: 2147483647, lte_signal_strength: 99, lte_rsrp: 2147483647, lte_rsrq: 2147483647, lte_rssnr: 2147483647, lte_cqi: 2147483647, lte_timing_advance: 2147483647, tdscdma_signal_strength: 99, tdscdma_bit_error_rate: 99, tdscdma_rscp: 255, wcdma_signal_strength: 24, wcdma_bit_error_rate: 99, wcdma_scdma_rscp: 57, wcdma_ecno: 43, ssRsrp: 2147483647, ssRsrq: 2147483647, ssSinr: 2147483647, csiRsrp: 2147483647, csiRsrq: 2147483647, csiSinr: 2147483647
06-13 12:38:52.110807  1371  1381 I AT      : [0] AT< +ECSQ: 57,42,1,-254,-14,1,1,4,32767,1 (RIL_URC_READER, tid:507895946480)
06-13 12:38:52.112308  1371  1383 D RmcNwHdlr: [0] requestSignalStrength:sigRegisted[0000], sigUpdated[0X04]
06-13 12:38:52.112435  1371  1383 D RmcNwHdlr: [0] handleSignalStrength, gsm_signal_strength: 99, gsm_bit_error_rate: 99, gsm_timing_advance: 2147483647, cdma_dbm: 2147483647, cdma_ecio: 2147483647, evdo_dbm: 2147483647, evdo_ecio: 2147483647, evdo_snr: 2147483647, lte_signal_strength: 99, lte_rsrp: 2147483647, lte_rsrq: 2147483647, lte_rssnr: 2147483647, lte_cqi: 2147483647, lte_timing_advance: 2147483647, tdscdma_signal_strength: 99, tdscdma_bit_error_rate: 99, tdscdma_rscp: 255, wcdma_signal_strength: 24, wcdma_bit_error_rate: 99, wcdma_scdma_rscp: 57, wcdma_ecno: 42, ssRsrp: 2147483647, ssRsrq: 2147483647, ssSinr: 2147483647, csiRsrp: 2147483647, csiRsrq: 2147483647, csiSinr: 2147483647
06-13 12:38:56.577910  1371  1436 I RilClient: initialize: commandFd is 77
06-13 12:38:56.578490  1371  1436 I RilClient: start listen on fd: 30, socket name: rild-oem
06-13 12:38:56.579921  1371  1388 I RmcOemHandler: requestQueryThermal Enter: -1
06-13 12:38:56.580087  1371  1388 I AT      : [0] AT> AT+ETHERMAL (RIL_CMD_READER_1 tid:507789065456)
06-13 12:38:56.589548  1371  1387 I AT      : [0] AT< +ETHERMAL: 2, 32767, -127, 111, 32767, 4046 (RIL_CMD_READER_1, tid:507790101744)
06-13 12:38:56.589694  1371  1387 I AT      : [0] AT< OK (RIL_CMD_READER_1, tid:507790101744)
06-13 12:38:56.589994  1371  1388 I RmcOemHandler: requestQueryThermal success
06-13 12:38:57.222777  1371  1381 I AT      : [0] AT< +ECSQ: 57,42,1,-253,-14,1,1,4,32767,1 (RIL_URC_READER, tid:507895946480)
06-13 12:39:02.343954  1371  1381 I AT      : [0] AT< +ECSQ: 57,40,1,-256,-17,1,1,4,32767,1 (RIL_URC_READER, tid:507895946480)
06-13 12:39:02.345569  1371  1383 D RmcNwHdlr: [0] requestSignalStrength:sigRegisted[0000], sigUpdated[0X04]
06-13 12:39:02.345696  1371  1383 D RmcNwHdlr: [0] handleSignalStrength, gsm_signal_strength: 99, gsm_bit_error_rate: 99, gsm_timing_advance: 2147483647, cdma_dbm: 2147483647, cdma_ecio: 2147483647, evdo_dbm: 2147483647, evdo_ecio: 2147483647, evdo_snr: 2147483647, lte_signal_strength: 99, lte_rsrp: 2147483647, lte_rsrq: 2147483647, lte_rssnr: 2147483647, lte_cqi: 2147483647, lte_timing_advance: 2147483647, tdscdma_signal_strength: 99, tdscdma_bit_error_rate: 99, tdscdma_rscp: 255, wcdma_signal_strength: 24, wcdma_bit_error_rate: 99, wcdma_scdma_rscp: 57, wcdma_ecno: 40, ssRsrp: 2147483647, ssRsrq: 2147483647, ssSinr: 2147483647, csiRsrp: 2147483647, csiRsrq: 2147483647, csiSinr: 2147483647
06-13 12:39:06.598004  1371  1436 I RilClient: initialize: commandFd is 65
06-13 12:39:06.598568  1371  1436 I RilClient: start listen on fd: 30, socket name: rild-oem
06-13 12:39:06.600070  1371  1388 I RmcOemHandler: requestQueryThermal Enter: -1
06-13 12:39:06.600233  1371  1388 I AT      : [0] AT> AT+ETHERMAL (RIL_CMD_READER_1 tid:507789065456)
06-13 12:39:06.609723  1371  1387 I AT      : [0] AT< +ETHERMAL: 2, 32767, -127, 111, 32767, 4046 (RIL_CMD_READER_1, tid:507790101744)
06-13 12:39:06.609865  1371  1387 I AT      : [0] AT< OK (RIL_CMD_READER_1, tid:507790101744)
06-13 12:39:06.610165  1371  1388 I RmcOemHandler: requestQueryThermal success
06-13 12:39:07.464749  1371  1381 I AT      : [0] AT< +ECSQ: 57,42,1,-254,-13,1,1,4,32767,1 (RIL_URC_READER, tid:507895946480)
06-13 12:39:07.466244  1371  1383 D RmcNwHdlr: [0] requestSignalStrength:sigRegisted[0000], sigUpdated[0X04]
06-13 12:39:07.466371  1371  1383 D RmcNwHdlr: [0] handleSignalStrength, gsm_signal_strength: 99, gsm_bit_error_rate: 99, gsm_timing_advance: 2147483647, cdma_dbm: 2147483647, cdma_ecio: 2147483647, evdo_dbm: 2147483647, evdo_ecio: 2147483647, evdo_snr: 2147483647, lte_signal_strength: 99, lte_rsrp: 2147483647, lte_rsrq: 2147483647, lte_rssnr: 2147483647, lte_cqi: 2147483647, lte_timing_advance: 2147483647, tdscdma_signal_strength: 99, tdscdma_bit_error_rate: 99, tdscdma_rscp: 255, wcdma_signal_strength: 24, wcdma_bit_error_rate: 99, wcdma_scdma_rscp: 57, wcdma_ecno: 42, ssRsrp: 2147483647, ssRsrq: 2147483647, ssSinr: 2147483647, csiRsrp: 2147483647, csiRsrq: 2147483647, csiSinr: 2147483647
06-13 12:39:12.585874  1371  1381 I AT      : [0] AT< +ECSQ: 57,40,1,-253,-17,1,1,4,32767,1 (RIL_URC_READER, tid:507895946480)
06-13 12:39:12.587382  1371  1383 D RmcNwHdlr: [0] requestSignalStrength:sigRegisted[0000], sigUpdated[0X04]
