06-13 14:15:41.824641  1449  2969 D PriAppLock_Starter: DWExchange2 caller :android.app.IApplicationThread$Stub$Proxy@e17e135, requestCode: -1, fromsource:0, isblockapp:false, intent=Intent { act=android.intent.action.MAIN cat=[android.intent.category.LAUNCHER] flg=0x10200000 pkg=com.google.android.dialer cmp=com.google.android.dialer/.extensions.GoogleDialtactsActivity bnds=[25,2031][231,2361] }, resultTo=Token{84d9aa2 ActivityRecord{551f684 u0 com.android.launcher3/com.android.searchlauncher.SearchLauncher t411}}
06-13 14:15:41.838426  1449  2969 I ActivityTaskManager: START u0 {act=android.intent.action.MAIN cat=[android.intent.category.LAUNCHER] flg=0x10200000 pkg=com.google.android.dialer cmp=com.google.android.dialer/.extensions.GoogleDialtactsActivity bnds=[25,2031][231,2361]} with LAUNCH_SINGLE_TASK from uid 1000 (BAL_ALLOW_ALLOWLISTED_UID) result code=0
06-13 14:15:41.839194  1692  1749 V WindowManagerShell: Transition requested: android.os.BinderProxy@431c39b TransitionRequestInfo { type = OPEN, triggerTask = TaskInfo{userId=0 taskId=465 displayId=0 isRunning=true baseIntent=Intent { act=android.intent.action.MAIN cat=[android.intent.category.LAUNCHER] flg=0x10200000 pkg=com.google.android.dialer cmp=com.google.android.dialer/.extensions.GoogleDialtactsActivity } baseActivity=ComponentInfo{com.google.android.dialer/com.android.dialer.main.impl.MainActivity} topActivity=ComponentInfo{com.google.android.dialer/com.android.dialer.main.impl.MainActivity} origActivity=ComponentInfo{com.google.android.dialer/com.google.android.dialer.extensions.GoogleDialtactsActivity} realActivity=ComponentInfo{com.google.android.dialer/com.android.dialer.main.impl.MainActivity} numActivities=1 lastActiveTime=19101090 supportsMultiWindow=true resizeMode=2 isResizeable=true minWidth=-1 minHeight=-1 defaultMinSize=220 token=WCT{android.window.IWindowContainerToken$Stub$Proxy@7abb338} topActivityType=1 pictureInPictureParams=null shouldDockBigOverlays=false launchIntoPipHostTaskId=-1 lastParentTaskIdBeforePip=-1 displayCutoutSafeInsets=Rect(0, 106 - 0, 0) topActivityInfo=ActivityInfo{a068f11 com.google.android.dialer.extensions.GoogleDialtactsActivity} launchCookies=[android.os.BinderProxy@c884876] positionInParent=Point(0, 0) parentTaskId=-1 isFocused=false isVisible=false isVisibleRequested=false isSleeping=false topActivityInSizeCompat=false topActivityEligibleForLetterboxEducation= false topActivityLetterboxed= false isFromDoubleTap= false topActivityLetterboxVerticalPosition= -1 topActivityLetterboxHorizontalPosition= -1 topActivityLetterboxWidth=-1 topActivityLetterboxHeight=-1 locusId=null displayAreaFeatureId=1 cameraCompatControlState=hidden}, remoteTransition = RemoteTransition { remoteTransition = android.window.IRemoteTransition$Stub$Proxy@d5efe77, appThread = android.app.IApplicationThread$Stub$Proxy@a04cae4, debugName = QuickstepLaunch }, displayChange = null }
06-13 14:15:41.839523  1692  1749 V WindowManagerShell: RemoteTransition directly requested for android.os.BinderProxy@431c39b: RemoteTransition { remoteTransition = android.window.IRemoteTransition$Stub$Proxy@d5efe77, appThread = android.app.IApplicationThread$Stub$Proxy@a04cae4, debugName = QuickstepLaunch }
06-13 14:15:41.847902  1449  2969 W WindowManager: Changing focus from Window{4aedc2d u0 com.android.launcher3/com.android.searchlauncher.SearchLauncher} to null displayId=0 Callers=com.android.server.wm.RootWindowContainer.updateFocusedWindowLocked:455 com.android.server.wm.WindowManagerService.updateFocusedWindowLocked:6247 com.android.server.wm.ActivityTaskManagerService.setLastResumedActivityUncheckLocked:4919 com.android.server.wm.ActivityTaskSupervisor.updateTopResumedActivityIfNeeded:2468 
06-13 14:15:41.851445  1449  2969 D MSyncForWMS: setFrameRate: 0.0
06-13 14:15:41.851476  1449  2969 D MSyncForWMS: setFrameRate: 0.0
06-13 14:15:41.852165  1449  1449 D MBrainLocalService: isVendorFreezeConditionPass is false
06-13 14:15:41.852202  1449  1449 E MBrainLocalService: notifyAppSwitch failed
06-13 14:15:41.853810  1449  1472 E ApplicationHelper: Fail to get PackageManager
06-13 14:15:41.857000  1449  1660 D PriStartDexopt: check need dexopt com.google.android.dialer reason:5,status:8,abi is arm64-v8a
06-13 14:15:41.863328  1449  1472 E ApplicationHelper: Fail to get PackageManager
06-13 14:15:41.864611  1449  1492 W BatteryExternalStatsWorker: error reading Bluetooth stats: 9
06-13 14:15:41.865840  1449  1472 E MBrainLocalService: MBrainJava launch failed: SecurityException
06-13 14:15:41.865915  1449  1472 E ApplicationHelper: Fail to get PackageManager
06-13 14:15:41.874100  1449  1472 E ApplicationHelper: Fail to get PackageManager
06-13 14:15:41.874182  1449  1472 E ApplicationHelper: Fail to get PackageManager
06-13 14:15:41.874196  1449  1472 E ApplicationHelper: Fail to get PackageManager
06-13 14:15:41.874206  1449  1472 E ApplicationHelper: Fail to get PackageManager
06-13 14:15:41.874218  1449  1472 E ApplicationHelper: Fail to get PackageManager
06-13 14:15:41.907707  1449  1930 W WindowManager: finishDrawingWindow: Window{5853822 u0 Splash Screen com.google.android.dialer} mDrawState=DRAW_PENDING
06-13 14:15:41.916764  1449  1475 W WindowManager: real show surface:Surface(name=Splash Screen com.google.android.dialer)/@0x7e2b46e
06-13 14:15:41.925004  1449  1471 V WindowManager: Sent Transition #154 createdAt=06-13 14:15:41.827 via request=TransitionRequestInfo { type = OPEN, triggerTask = TaskInfo{userId=0 taskId=465 displayId=0 isRunning=true baseIntent=Intent { act=android.intent.action.MAIN cat=[android.intent.category.LAUNCHER] flg=0x10200000 pkg=com.google.android.dialer cmp=com.google.android.dialer/.extensions.GoogleDialtactsActivity } baseActivity=ComponentInfo{com.google.android.dialer/com.android.dialer.main.impl.MainActivity} topActivity=ComponentInfo{com.google.android.dialer/com.android.dialer.main.impl.MainActivity} origActivity=ComponentInfo{com.google.android.dialer/com.google.android.dialer.extensions.GoogleDialtactsActivity} realActivity=ComponentInfo{com.google.android.dialer/com.android.dialer.main.impl.MainActivity} numActivities=1 lastActiveTime=19101090 supportsMultiWindow=true resizeMode=2 isResizeable=true minWidth=-1 minHeight=-1 defaultMinSize=220 token=WCT{RemoteToken{8481a5 Task{a072896 #465 type=standard A=10118:com.google.android.dialer}}} topActivityType=1 pictureInPictureParams=null shouldDockBigOverlays=false launchIntoPipHostTaskId=-1 lastParentTaskIdBeforePip=-1 displayCutoutSafeInsets=Rect(0, 106 - 0, 0) topActivityInfo=ActivityInfo{ac739ca com.google.android.dialer.extensions.GoogleDialtactsActivity} launchCookies=[android.os.BinderProxy@289a97a] positionInParent=Point(0, 0) parentTaskId=-1 isFocused=false isVisible=false isVisibleRequested=false isSleeping=false topActivityInSizeCompat=false topActivityEligibleForLetterboxEducation= false topActivityLetterboxed= false isFromDoubleTap= false topActivityLetterboxVerticalPosition= -1 topActivityLetterboxHorizontalPosition= -1 topActivityLetterboxWidth=-1 topActivityLetterboxHeight=-1 locusId=null displayAreaFeatureId=1 cameraCompatControlState=hidden}, remoteTransition = RemoteTransition { remoteTransition = android.window.IRemoteTransition$Stub$Proxy@49c852b, appThread = android.app.IApplicationThread$Stub$Proxy@179fd88, debugName = QuickstepLaunch }, displayChange = null }
06-13 14:15:41.925136  1449  1471 V WindowManager:     startWCT=WindowContainerTransaction { changes = {} hops = [] errorCallbackToken=null taskFragmentOrganizer=null }
06-13 14:15:41.925443  1449  1471 V WindowManager:     info={id=154 t=OPEN f=0x0 trk=0 r=[0@Point(0, 0)] c=[{WCT{RemoteToken{8481a5 Task{a072896 #465 type=standard A=10118:com.google.android.dialer}}} m=OPEN f=NONE leash=Surface(name=Task=465)/@0x994870f sb=Rect(0, 0 - 1080, 2460) eb=Rect(0, 0 - 1080, 2460) d=0},{WCT{RemoteToken{b7ff1b9 Task{f9597fe #1 type=home}}} m=TO_BACK f=SHOW_WALLPAPER leash=Surface(name=Task=1)/@0xd46033e sb=Rect(0, 0 - 1080, 2460) eb=Rect(0, 0 - 1080, 2460) d=0}]}
06-13 14:15:41.925928  1692  1749 V WindowManagerShell: onTransitionReady android.os.BinderProxy@431c39b: {id=154 t=OPEN f=0x0 trk=0 r=[0@Point(0, 0)] c=[{WCT{android.window.IWindowContainerToken$Stub$Proxy@9800e80} m=OPEN f=NONE leash=Surface(name=Task=465)/@0xbeb61bd sb=Rect(0, 0 - 1080, 2460) eb=Rect(0, 0 - 1080, 2460) d=0},{WCT{android.window.IWindowContainerToken$Stub$Proxy@6f15cb9} m=TO_BACK f=SHOW_WALLPAPER leash=Surface(name=Task=1)/@0x2e63b2 sb=Rect(0, 0 - 1080, 2460) eb=Rect(0, 0 - 1080, 2460) d=0}]}
06-13 14:15:41.926076  1692  1749 V WindowManagerShell: Playing animation for (#154)android.os.BinderProxy@431c39b@0
06-13 14:15:41.926167  1692  1749 V WindowManagerShell:  try firstHandler com.android.wm.shell.transition.DefaultMixedHandler@773dfc6
06-13 14:15:41.926313  1692  1749 V WindowManagerShell:  Delegate animation for #154 to RemoteTransition { remoteTransition = android.window.IRemoteTransition$Stub$Proxy@d5efe77, appThread = android.app.IApplicationThread$Stub$Proxy@a04cae4, debugName = QuickstepLaunch }
06-13 14:15:41.928004  1692  1749 V WindowManagerShell:  animated by firstHandler
06-13 14:15:41.975522  1449  1930 I ActivityManager: com.android.providers.contacts is exempt from freezer
06-13 14:15:41.977137  1449  1930 D CompatibilityChangeReporter: Compat change id reported: 135634846; UID 10039; state: DISABLED
06-13 14:15:41.980418  1449  1930 D CompatibilityChangeReporter: Compat change id reported: 177438394; UID 10039; state: DISABLED
06-13 14:15:41.980783  1449  1930 D CompatibilityChangeReporter: Compat change id reported: 135772972; UID 10039; state: DISABLED
06-13 14:15:41.981086  1449  1930 D CompatibilityChangeReporter: Compat change id reported: 135754954; UID 10039; state: ENABLED
06-13 14:15:41.982351  1449  1486 D CompatibilityChangeReporter: Compat change id reported: 143937733; UID 10039; state: ENABLED
06-13 14:15:42.005584  1449  1930 D CoreBackPreview: Window{818f5a0 u0 com.google.android.dialer/com.google.android.dialer.extensions.GoogleDialtactsActivity}: Setting back callback OnBackInvokedCallbackInfo{mCallback=android.window.IOnBackInvokedCallback$Stub$Proxy@a521e15, mPriority=-1, mIsAnimationCallback=false}
06-13 14:15:42.026517  1449  1486 W ActivityManager: Slow operation: 54ms so far, now at startProcess: done updating battery stats
06-13 14:15:42.027284  1449  1486 W ActivityManager: Slow operation: 55ms so far, now at startProcess: building log message
06-13 14:15:42.027330  1449  1486 I ActivityManager: Start proc 6523:android.process.acore/u0a39 for content provider {com.android.providers.contacts/com.android.providers.contacts.ContactsProvider2}
06-13 14:15:42.027373  1449  1486 W ActivityManager: Slow operation: 55ms so far, now at startProcess: starting to update pids map
06-13 14:15:42.037451  1449  1538 W WindowManager: Changing focus from null to Window{818f5a0 u0 com.google.android.dialer/com.google.android.dialer.extensions.GoogleDialtactsActivity} displayId=0 Callers=com.android.server.wm.RootWindowContainer.updateFocusedWindowLocked:455 com.android.server.wm.WindowManagerService.updateFocusedWindowLocked:6247 com.android.server.wm.WindowManagerService.relayoutWindow:2533 com.android.server.wm.Session.relayout:259 
06-13 14:15:42.048939  1449  1538 I WindowManager: Relayout Window{818f5a0 u0 com.google.android.dialer/com.google.android.dialer.extensions.GoogleDialtactsActivity}: oldVis=4 newVis=0 focusMayChange = true requestedWidth = 1080 requestedHeight = 2460 outFrames = ClientWindowFrames{frame=[0,0][1080,2460] display=[0,0][1080,2460] parentFrame=[0,0][0,0]} outSurfaceControl = Surface(name=com.google.android.dialer/com.google.android.dialer.extensions.GoogleDialtactsActivity)/@0x3244693
06-13 14:15:42.050463  1449  1486 W ActivityManager: Slow operation: 78ms so far, now at startProcess: done updating pids map
06-13 14:15:42.093837  1449  3259 D CompatibilityChangeReporter: Compat change id reported: 177438394; UID 10139; state: DISABLED
06-13 14:15:42.094715  1449  3259 D CompatibilityChangeReporter: Compat change id reported: 135772972; UID 10139; state: DISABLED
06-13 14:15:42.095531  1449  3259 D CompatibilityChangeReporter: Compat change id reported: 135754954; UID 10139; state: ENABLED
06-13 14:15:42.098223  1449  2969 V ActivityManager: New death recipient com.android.server.am.ActivityManagerService$AppDeathRecipient@e0d4260 for thread android.os.BinderProxy@c1eb319
06-13 14:15:42.099061  1449  1486 D CompatibilityChangeReporter: Compat change id reported: 143937733; UID 10139; state: ENABLED
06-13 14:15:42.126109  1449  3267 W WindowManager: finishDrawingWindow: Window{818f5a0 u0 com.google.android.dialer/com.google.android.dialer.extensions.GoogleDialtactsActivity} mDrawState=DRAW_PENDING
06-13 14:15:42.130461  1449  1475 W WindowManager: real show surface:Surface(name=com.google.android.dialer/com.google.android.dialer.extensions.GoogleDialtactsActivity)/@0xc0295bf
06-13 14:15:42.166990  1449  1486 W ActivityManager: Slow operation: 78ms so far, now at startProcess: returned from zygote!
06-13 14:15:42.205720  1449  2969 D CompatibilityChangeReporter: Compat change id reported: 168419799; UID 10039; state: DISABLED
06-13 14:15:42.205912  1449  2969 D CompatibilityChangeReporter: Compat change id reported: 273564678; UID 10039; state: DISABLED
06-13 14:15:42.206315  1449  2969 W ActivityManager: Slow operation: 109ms so far, now at attachApplicationLocked: immediately before bindApplication
06-13 14:15:42.207036  1449  2969 W ActivityManager: Slow operation: 109ms so far, now at attachApplicationLocked: immediately after bindApplication
06-13 14:15:42.207088  1449  2969 W ActivityManager: Slow operation: 109ms so far, now at attachApplicationLocked: after updateLruProcessLocked
06-13 14:15:42.208382  1449  1472 E ApplicationHelper: Fail to get PackageManager
06-13 14:15:42.212138  1449  1486 W ActivityManager: Slow operation: 123ms so far, now at startProcess: done updating battery stats
06-13 14:15:42.223309  1449  1486 W ActivityManager: Slow operation: 124ms so far, now at startProcess: building log message
06-13 14:15:42.223470  1449  1486 I ActivityManager: Start proc 6550:com.google.android.apps.tachyon/u0a139 for service {com.google.android.apps.tachyon/com.google.android.apps.tachyon.clientapi.ClientApiService}
06-13 14:15:42.223548  1449  1486 W ActivityManager: Slow operation: 135ms so far, now at startProcess: starting to update pids map
06-13 14:15:42.225572  1449  1547 D CompatibilityChangeReporter: Compat change id reported: 265195908; UID 10039; state: ENABLED
06-13 14:15:42.226479  1449  1930 D CompatibilityChangeReporter: Compat change id reported: 170503758; UID 10039; state: ENABLED
06-13 14:15:42.234219  1449  1486 W ActivityManager: Slow operation: 145ms so far, now at startProcess: done updating pids map
06-13 14:15:42.243029  1449  3267 V ActivityManager: New death recipient com.android.server.am.ActivityManagerService$AppDeathRecipient@31cbc8d for thread android.os.BinderProxy@6bd6e42
06-13 14:15:42.245457  1449  3267 D CompatibilityChangeReporter: Compat change id reported: 168419799; UID 10139; state: DISABLED
06-13 14:15:42.245662  1449  3267 D CompatibilityChangeReporter: Compat change id reported: 273564678; UID 10139; state: DISABLED
06-13 14:15:42.265236  1449  1472 E ApplicationHelper: Fail to get PackageManager
06-13 14:15:42.266800  1449  1547 D CompatibilityChangeReporter: Compat change id reported: 265195908; UID 10139; state: ENABLED
06-13 14:15:42.284447  1449  3259 W PackageConfigPersister: App-specific configuration not found for packageName: com.google.android.dialer and userId: 0
06-13 14:15:42.295501  1449  2969 D CompatibilityChangeReporter: Compat change id reported: 170503758; UID 10139; state: ENABLED
06-13 14:15:42.343253  1692  1749 V WindowManagerShell: Transition animation finished (aborted=false), notifying core (#154)android.os.BinderProxy@431c39b@0
06-13 14:15:42.352503  1449  1471 V WindowManager: Finish Transition #154: created at 06-13 14:15:41.827 collect-started=0.071ms request-sent=9.833ms started=36.777ms ready=36.682ms sent=94.943ms finished=522.861ms
06-13 14:15:42.369347  1692  1749 V WindowManagerShell: Track 0 became idle
06-13 14:15:42.369469  1692  1749 V WindowManagerShell: All active transition animations finished
06-13 14:15:42.370897  1449  1475 D MSyncForWMS: setFrameRate: 2060.0
06-13 14:15:42.372303  1449  1475 D MSyncForWMS: setFrameRate: 2060.0
06-13 14:15:42.409998  1449  1449 W AccessibilityManagerService:  wait for adding window timeout: 260
06-13 14:15:42.419013  1449  1472 E ApplicationHelper: Fail to get PackageManager
06-13 14:15:42.419073  1449  1472 E ApplicationHelper: Fail to get PackageManager
06-13 14:15:42.419087  1449  1472 E ApplicationHelper: Fail to get PackageManager
06-13 14:15:42.419097  1449  1472 E ApplicationHelper: Fail to get PackageManager
06-13 14:15:42.419107  1449  1472 E ApplicationHelper: Fail to get PackageManager
06-13 14:15:42.419116  1449  1472 E ApplicationHelper: Fail to get PackageManager
06-13 14:15:42.492082  1449  2806 D CompatibilityChangeReporter: Compat change id reported: 161145287; UID 10039; state: ENABLED
06-13 14:15:42.497833  1449  1472 E ApplicationHelper: Fail to get PackageManager
06-13 14:15:42.500957  1449  3267 D MSyncForWMS: setFrameRate: 0.0
06-13 14:15:42.512295  1449  3267 D WindowManager: setParent old=ActivityRecord{bf25bb1 u0 com.google.android.dialer/.extensions.GoogleDialtactsActivity t465},new=null,this window=Window{5853822 u0 Splash Screen com.google.android.dialer},callers=com.android.server.wm.WindowContainer.removeChild:761 com.android.server.wm.ActivityRecord.removeChild:4488 com.android.server.wm.ActivityRecord.removeChild:409 com.android.server.wm.WindowContainer.removeImmediately:819 com.android.server.wm.WindowState.removeImmediately:2386 com.android.server.wm.WindowState.removeIfPossible:2546 
06-13 14:15:42.520357  1449  1538 I ActivityManager: Killing 5920:com.android.vending/u0a124 (adj 985): empty #11
06-13 14:15:42.520801  1449  1538 I ActivityManager: Killing 5905:com.google.android.apps.wellbeing/u0a125 (adj 945): empty #12
06-13 14:15:42.526161  1449  1472 E ApplicationHelper: Fail to get PackageManager
06-13 14:15:42.529329  1449  1472 E ApplicationHelper: Fail to get PackageManager
06-13 14:15:42.529388  1449  1472 E ApplicationHelper: Fail to get PackageManager
06-13 14:15:42.553552  1449  1472 E ApplicationHelper: Fail to get PackageManager
06-13 14:15:42.553597  1449  1472 E ApplicationHelper: Fail to get PackageManager
06-13 14:15:42.553611  1449  1472 E ApplicationHelper: Fail to get PackageManager
06-13 14:15:42.553623  1449  1472 E ApplicationHelper: Fail to get PackageManager
06-13 14:15:42.553635  1449  1472 E ApplicationHelper: Fail to get PackageManager
06-13 14:15:42.553646  1449  1472 E ApplicationHelper: Fail to get PackageManager
06-13 14:15:42.553658  1449  1472 E ApplicationHelper: Fail to get PackageManager
06-13 14:15:42.573586  1449  1538 I ActivityManager: Flag disabled. Ignoring finishAttachApplication from uid: 10039. pid: 6523
06-13 14:15:42.579478  1449  3267 V ActivityManager: Death received in com.android.server.am.ActivityManagerService$AppDeathRecipient@2bb7240 for thread android.os.BinderProxy@41f5579
06-13 14:15:42.580140  1449  3267 D CompatibilityChangeReporter: Compat change id reported: 261072174; UID 10131; state: ENABLED
06-13 14:15:42.580363  1449  3267 D CompatibilityChangeReporter: Compat change id reported: 261072174; UID 10122; state: ENABLED
06-13 14:15:42.580487  1449  3267 D CompatibilityChangeReporter: Compat change id reported: 261072174; UID 10125; state: ENABLED
06-13 14:15:42.580634  1449  3267 D CompatibilityChangeReporter: Compat change id reported: 261072174; UID 10047; state: DISABLED
06-13 14:15:42.581383  1449  3267 W ActivityManager: Scheduling restart of crashed service com.google.android.apps.wellbeing/.screen.ui.GrayscaleTileService in 1000ms for connection
06-13 14:15:42.582809  1449  1472 D DisplayManagerService: Drop pending events for gone uid 10125
06-13 14:15:42.600480  1449  3275 D CompatibilityChangeReporter: Compat change id reported: 161145287; UID 10139; state: ENABLED
06-13 14:15:42.625901  1449  3275 V ActivityManager: Death received in com.android.server.am.ActivityManagerService$AppDeathRecipient@d44fcca for thread android.os.BinderProxy@9a15e3b
06-13 14:15:42.654264  1449  3275 D CompatibilityChangeReporter: Compat change id reported: 261072174; UID 10139; state: ENABLED
06-13 14:15:42.655726  1449  1472 E ApplicationHelper: Fail to get PackageManager
06-13 14:15:42.664669  1449  1538 D CompatibilityChangeReporter: Compat change id reported: 201794303; UID 10039; state: ENABLED
06-13 14:15:42.671418  1449  1538 D CompatibilityChangeReporter: Compat change id reported: 207133734; UID 10039; state: ENABLED
06-13 14:15:42.730343  1449  1472 E ApplicationHelper: Fail to get PackageManager
06-13 14:15:42.774522  1449  1472 E ApplicationHelper: Fail to get PackageManager
06-13 14:15:42.822085  1449  3268 I ActivityManager: Flag disabled. Ignoring finishAttachApplication from uid: 10139. pid: 6550
06-13 14:15:42.895196  1449  3266 D CompatibilityChangeReporter: Compat change id reported: 271850009; UID 10139; state: ENABLED
06-13 14:15:42.895351  1449  1472 E ApplicationHelper: Fail to get PackageManager
06-13 14:15:42.898118  1449  3266 D CompatibilityChangeReporter: Compat change id reported: 253665015; UID 10139; state: ENABLED
06-13 14:15:42.898951  1449  3266 D CompatibilityChangeReporter: Compat change id reported: 194532703; UID 10139; state: ENABLED
06-13 14:15:42.905943  1449  1472 E ApplicationHelper: Fail to get PackageManager
06-13 14:15:42.910837  1449  1472 E ApplicationHelper: Fail to get PackageManager
06-13 14:15:42.921078  1449  1472 E ApplicationHelper: Fail to get PackageManager
06-13 14:15:42.942023  1449  1472 E ApplicationHelper: Fail to get PackageManager
06-13 14:15:42.949049  1449  1472 E ApplicationHelper: Fail to get PackageManager
06-13 14:15:42.952110  1449  1472 E ApplicationHelper: Fail to get PackageManager
06-13 14:15:42.962940  1449  1472 E ApplicationHelper: Fail to get PackageManager
06-13 14:15:42.963026  1449  1472 E ApplicationHelper: Fail to get PackageManager
06-13 14:15:42.976223  1449  1472 E ApplicationHelper: Fail to get PackageManager
06-13 14:15:42.976331  1449  3266 W JobScheduler: Job didn't exist in JobStore: e475a76 {androidx.work.systemjobscheduler} #u0a139/424 @androidx.work.systemjobscheduler@com.google.android.apps.tachyon/androidx.work.impl.background.systemjob.SystemJobService
06-13 14:15:42.987249  1449  1472 E ApplicationHelper: Fail to get PackageManager
06-13 14:15:42.992851  1449  1472 E ApplicationHelper: Fail to get PackageManager
06-13 14:15:43.001379  1449  1472 E ApplicationHelper: Fail to get PackageManager
06-13 14:15:43.022064  1449  1472 E ApplicationHelper: Fail to get PackageManager
06-13 14:15:43.028590  1449  1472 E ApplicationHelper: Fail to get PackageManager
06-13 14:15:43.047606  1449  1472 E ApplicationHelper: Fail to get PackageManager
06-13 14:15:43.047665  1449  1472 E ApplicationHelper: Fail to get PackageManager
06-13 14:15:43.584150  1449  1485 D CompatibilityChangeReporter: Compat change id reported: 135634846; UID 10125; state: DISABLED
06-13 14:15:43.585248  1449  1485 D CompatibilityChangeReporter: Compat change id reported: 177438394; UID 10125; state: DISABLED
06-13 14:15:43.585627  1449  1485 D CompatibilityChangeReporter: Compat change id reported: 135772972; UID 10125; state: DISABLED
06-13 14:15:43.585940  1449  1485 D CompatibilityChangeReporter: Compat change id reported: 135754954; UID 10125; state: ENABLED
06-13 14:15:43.587167  1449  1486 D CompatibilityChangeReporter: Compat change id reported: 143937733; UID 10125; state: ENABLED
06-13 14:15:43.594512  1449  1805 D CompatibilityChangeReporter: Compat change id reported: 241766793; UID 10125; state: ENABLED
06-13 14:15:43.599331  1449  1486 I ActivityManager: Start proc 6666:com.google.android.apps.wellbeing/u0a125 for service {com.google.android.apps.wellbeing/com.google.android.apps.wellbeing.screen.ui.GrayscaleTileService}
06-13 14:15:43.624561  1449  1805 V ActivityManager: New death recipient com.android.server.am.ActivityManagerService$AppDeathRecipient@97a6f98 for thread android.os.BinderProxy@eb203f1
06-13 14:15:43.626807  1449  1805 D CompatibilityChangeReporter: Compat change id reported: 168419799; UID 10125; state: DISABLED
06-13 14:15:43.627224  1449  1805 D CompatibilityChangeReporter: Compat change id reported: 273564678; UID 10125; state: DISABLED
06-13 14:15:43.629925  1449  1472 E ApplicationHelper: Fail to get PackageManager
06-13 14:15:43.631187  1449  1547 D CompatibilityChangeReporter: Compat change id reported: 265195908; UID 10125; state: ENABLED
06-13 14:15:43.636794  1449  1805 D CompatibilityChangeReporter: Compat change id reported: 170503758; UID 10125; state: ENABLED
06-13 14:15:43.724743  1449  3266 I ActivityManager: Flag disabled. Ignoring finishAttachApplication from uid: 10125. pid: 6666
06-13 14:15:43.733879  1449  1472 E ApplicationHelper: Fail to get PackageManager
06-13 14:15:43.752767  1449  3266 D CompatibilityChangeReporter: Compat change id reported: 161145287; UID 10125; state: ENABLED
06-13 14:15:43.764357  1449  1472 E ApplicationHelper: Fail to get PackageManager
06-13 14:15:43.926350  1449  3266 D CoreBackPreview: Window{818f5a0 u0 com.google.android.dialer/com.google.android.dialer.extensions.GoogleDialtactsActivity}: Setting back callback OnBackInvokedCallbackInfo{mCallback=android.window.IOnBackInvokedCallback$Stub$Proxy@3d88599, mPriority=0, mIsAnimationCallback=true}
06-13 14:15:43.927928  1449  1805 D CoreBackPreview: Window{818f5a0 u0 com.google.android.dialer/com.google.android.dialer.extensions.GoogleDialtactsActivity}: Setting back callback OnBackInvokedCallbackInfo{mCallback=android.window.IOnBackInvokedCallback$Stub$Proxy@93bb05e, mPriority=-1, mIsAnimationCallback=false}
06-13 14:15:43.932522  1449  1538 D CoreBackPreview: Window{818f5a0 u0 com.google.android.dialer/com.google.android.dialer.extensions.GoogleDialtactsActivity}: Setting back callback OnBackInvokedCallbackInfo{mCallback=android.window.IOnBackInvokedCallback$Stub$Proxy@4daec3f, mPriority=0, mIsAnimationCallback=true}
06-13 14:15:46.344273  1449  1805 D PriAmsExtImpl: SECRET_CODE 8803
06-13 14:15:46.352643  1449  1485 D CompatibilityChangeReporter: Compat change id reported: 135634846; UID 1000; state: DISABLED
06-13 14:15:46.353719  1449  1485 D CompatibilityChangeReporter: Compat change id reported: 177438394; UID 1000; state: DISABLED
06-13 14:15:46.354370  1449  1485 D CompatibilityChangeReporter: Compat change id reported: 135772972; UID 1000; state: DISABLED
06-13 14:15:46.355158  1449  1485 D CompatibilityChangeReporter: Compat change id reported: 135754954; UID 1000; state: ENABLED
06-13 14:15:46.358044  1449  1472 E ApplicationHelper: Fail to get PackageManager
06-13 14:15:46.358181  1449  1472 E ApplicationHelper: Fail to get PackageManager
06-13 14:15:46.363895  1449  1805 D CompatibilityChangeReporter: Compat change id reported: 177438394; UID 10137; state: DISABLED
06-13 14:15:46.364780  1449  1805 D CompatibilityChangeReporter: Compat change id reported: 135772972; UID 10137; state: DISABLED
06-13 14:15:46.365371  1449  1805 D CompatibilityChangeReporter: Compat change id reported: 135754954; UID 10137; state: ENABLED
06-13 14:15:46.382507  1449  1486 I ActivityManager: Start proc 6697:com.pri.factorytest/1000 for broadcast {com.pri.factorytest/com.pri.factorytest.GoogleDialerReceiver}
06-13 14:15:46.383810  1449  1486 D CompatibilityChangeReporter: Compat change id reported: 143937733; UID 10137; state: ENABLED
06-13 14:15:46.406096  1449  1486 I ActivityManager: Start proc 6698:com.google.android.contacts/u0a137 for content provider {com.google.android.contacts/com.google.android.apps.contacts.othercontacts.OtherContactsProvider}
06-13 14:15:46.426432  1449  1465 V ActivityManager: New death recipient com.android.server.am.ActivityManagerService$AppDeathRecipient@6f97e04 for thread android.os.BinderProxy@7b80fed
06-13 14:15:46.428731  1449  1465 D CompatibilityChangeReporter: Compat change id reported: 168419799; UID 1000; state: DISABLED
06-13 14:15:46.429315  1449  1465 D CompatibilityChangeReporter: Compat change id reported: 273564678; UID 1000; state: DISABLED
06-13 14:15:46.432341  1449  1472 E ApplicationHelper: Fail to get PackageManager
06-13 14:15:46.437016  1449  1465 V ActivityManager: New death recipient com.android.server.am.ActivityManagerService$AppDeathRecipient@5e930b3 for thread android.os.BinderProxy@e927670
06-13 14:15:46.438830  1449  1465 D CompatibilityChangeReporter: Compat change id reported: 168419799; UID 10137; state: DISABLED
06-13 14:15:46.439444  1449  1465 D CompatibilityChangeReporter: Compat change id reported: 273564678; UID 10137; state: DISABLED
06-13 14:15:46.442166  1449  1472 E ApplicationHelper: Fail to get PackageManager
06-13 14:15:46.442645  1449  1547 D CompatibilityChangeReporter: Compat change id reported: 265195908; UID 10137; state: ENABLED
06-13 14:15:46.447485  1449  1465 D CompatibilityChangeReporter: Compat change id reported: 170503758; UID 10137; state: ENABLED
06-13 14:15:46.480547  6697  6697 D MbrainDebugManagerImpl: getService failed
06-13 14:15:46.543327  1449  3268 D CompatibilityChangeReporter: Compat change id reported: 261072174; UID 10137; state: ENABLED
06-13 14:15:46.549113  1449  1538 I ActivityManager: Flag disabled. Ignoring finishAttachApplication from uid: 10137. pid: 6698
06-13 14:15:46.550299  1449  1472 E ApplicationHelper: Fail to get PackageManager
06-13 14:15:46.554860  1449  3268 D CompatibilityChangeReporter: Compat change id reported: 161145287; UID 10137; state: ENABLED
06-13 14:15:46.556775  1449  3268 I ActivityManager: Flag disabled. Ignoring finishAttachApplication from uid: 1000. pid: 6697
06-13 14:15:46.556912  1449  1472 E ApplicationHelper: Fail to get PackageManager
06-13 14:15:46.566604  6697  6697 W ContextImpl: Calling a method in the system process without a qualified user: android.app.ContextImpl.startActivity:1107 android.content.ContextWrapper.startActivity:436 com.pri.factorytest.secretcode.EngineerModeHostHandle.doSecretHostHandle:25 com.pri.factorytest.GoogleDialerReceiver.onReceive:75 android.app.ActivityThread.handleReceiver:4494 
06-13 14:15:46.566742  6697  6697 W ContextImpl: Calling a method in the system process without a qualified user: android.app.ContextImpl.startActivity:1119 android.app.ContextImpl.startActivity:1108 android.content.ContextWrapper.startActivity:436 com.pri.factorytest.secretcode.EngineerModeHostHandle.doSecretHostHandle:25 com.pri.factorytest.GoogleDialerReceiver.onReceive:75 
06-13 14:15:46.570116  1449  1465 D ActivityTaskManager: Starting activity: rInfo=ResolveInfo{65164c9 com.mediatek.engineermode/.EngineerMode m=0x0 userHandle=UserHandle{0}}, intent=Intent { flg=0x10000000 cmp=com.mediatek.engineermode/.EngineerMode }, userId=0, realCallingPid=6697
06-13 14:15:46.570389  1449  1465 D PriAppLock_Starter: DWExchange srcintent: Intent { flg=0x10000000 cmp=com.mediatek.engineermode/.EngineerMode }, caller: android.app.IApplicationThread$Stub$Proxy@9d357ce, resultTo:null, resultWho:null, requestCode:-1, callingPid:-1, callingUid:-1, callingPackage:com.pri.factorytest, realCallingPid:6697, realCallingUid:1000, flag:10000000, aInfo:ActivityInfo{b1156ef com.mediatek.engineermode.EngineerMode}, rInfo:ResolveInfo{65164c9 com.mediatek.engineermode/.EngineerMode m=0x0 userHandle=UserHandle{0}}, reason:startActivityAsUser, inTask:null
06-13 14:15:46.570903  1449  1465 D PriAppLock_Starter: DWExchange callerProcess:ProcessRecord{3ef7128 6697:com.pri.factorytest/1000}, bindercallingpid:-1
06-13 14:15:46.571067  1449  1465 D PriAppLock_Starter: DWExchange isblockapp(db) : false
06-13 14:15:46.571151  1449  1465 D PriAppLock_Starter: DWExchange2 caller :android.app.IApplicationThread$Stub$Proxy@9d357ce, requestCode: -1, fromsource:0, isblockapp:false, intent=Intent { flg=0x10000000 cmp=com.mediatek.engineermode/.EngineerMode }, resultTo=null
06-13 14:15:46.588639  1449  1472 E ApplicationHelper: Fail to get PackageManager
06-13 14:15:46.594261  1449  1472 E ApplicationHelper: Fail to get PackageManager
06-13 14:15:46.596873  1449  1449 D MBrainLocalService: isVendorFreezeConditionPass is false
06-13 14:15:46.596899  1449  1449 E MBrainLocalService: notifyAppSwitch failed
06-13 14:15:46.599444  1449  1465 I ActivityTaskManager: START u0 {flg=0x10000000 cmp=com.mediatek.engineermode/.EngineerMode} with LAUNCH_MULTIPLE from uid 1000 (BAL_ALLOW_ALLOWLISTED_UID) result code=0
06-13 14:15:46.600362  1692  1749 V WindowManagerShell: Transition requested: android.os.BinderProxy@6e15f27 TransitionRequestInfo { type = OPEN, triggerTask = TaskInfo{userId=0 taskId=466 displayId=0 isRunning=true baseIntent=Intent { flg=0x10000000 cmp=com.mediatek.engineermode/.EngineerMode } baseActivity=ComponentInfo{com.mediatek.engineermode/com.mediatek.engineermode.EngineerMode} topActivity=ComponentInfo{com.mediatek.engineermode/com.mediatek.engineermode.EngineerMode} origActivity=null realActivity=ComponentInfo{com.mediatek.engineermode/com.mediatek.engineermode.EngineerMode} numActivities=1 lastActiveTime=19105851 supportsMultiWindow=false resizeMode=0 isResizeable=false minWidth=-1 minHeight=-1 defaultMinSize=220 token=WCT{android.window.IWindowContainerToken$Stub$Proxy@81d95d4} topActivityType=1 pictureInPictureParams=null shouldDockBigOverlays=false launchIntoPipHostTaskId=-1 lastParentTaskIdBeforePip=-1 displayCutoutSafeInsets=Rect(0, 106 - 0, 0) topActivityInfo=ActivityInfo{e37937d com.mediatek.engineermode.EngineerMode} launchCookies=[] positionInParent=Point(0, 0) parentTaskId=-1 isFocused=false isVisible=false isVisibleRequested=false isSleeping=false topActivityInSizeCompat=false topActivityEligibleForLetterboxEducation= false topActivityLetterboxed= false isFromDoubleTap= false topActivityLetterboxVerticalPosition= -1 topActivityLetterboxHorizontalPosition= -1 topActivityLetterboxWidth=-1 topActivityLetterboxHeight=-1 locusId=null displayAreaFeatureId=1 cameraCompatControlState=hidden}, remoteTransition = null, displayChange = null }
06-13 14:15:46.604339  1449  1660 D PriStartDexopt: check need dexopt com.mediatek.engineermode reason:5,status:8,abi is arm64-v8a
06-13 14:15:46.605582  1449  1472 E ApplicationHelper: Fail to get PackageManager
06-13 14:15:46.606074  1449  1474 D CompatibilityChangeReporter: Compat change id reported: 135634846; UID 10182; state: DISABLED
06-13 14:15:46.606196  1449  1474 D CompatibilityChangeReporter: Compat change id reported: 177438394; UID 10182; state: DISABLED
06-13 14:15:46.606273  1449  1474 D CompatibilityChangeReporter: Compat change id reported: 135772972; UID 10182; state: DISABLED
06-13 14:15:46.606335  1449  1474 D CompatibilityChangeReporter: Compat change id reported: 135754954; UID 10182; state: ENABLED
06-13 14:15:46.606848  1449  1486 D CompatibilityChangeReporter: Compat change id reported: 143937733; UID 10182; state: ENABLED
06-13 14:15:46.611405  1449  1472 E ApplicationHelper: Fail to get PackageManager
06-13 14:15:46.616926  1449  3266 D MSyncForWMS: setFrameRate: 0.0
06-13 14:15:46.623136  1449  1486 I ActivityManager: Start proc 6760:com.mediatek.engineermode/u0a182 for next-top-activity {com.mediatek.engineermode/com.mediatek.engineermode.EngineerMode}
06-13 14:15:46.630578  1449  1472 E ApplicationHelper: Fail to get PackageManager
06-13 14:15:46.630622  1449  1472 E ApplicationHelper: Fail to get PackageManager
06-13 14:15:46.631222  1449  1472 E ApplicationHelper: Fail to get PackageManager
06-13 14:15:46.631246  1449  1472 E ApplicationHelper: Fail to get PackageManager
06-13 14:15:46.631258  1449  1472 E ApplicationHelper: Fail to get PackageManager
06-13 14:15:46.631267  1449  1472 E ApplicationHelper: Fail to get PackageManager
06-13 14:15:46.631276  1449  1472 E ApplicationHelper: Fail to get PackageManager
06-13 14:15:46.631286  1449  1472 E ApplicationHelper: Fail to get PackageManager
06-13 14:15:46.631295  1449  1472 E ApplicationHelper: Fail to get PackageManager
06-13 14:15:46.632501  1449  1472 E MBrainLocalService: MBrainJava launch failed: SecurityException
06-13 14:15:46.632547  1449  1472 E ApplicationHelper: Fail to get PackageManager
06-13 14:15:46.632574  1449  1472 E ApplicationHelper: Fail to get PackageManager
06-13 14:15:46.632584  1449  1472 E ApplicationHelper: Fail to get PackageManager
06-13 14:15:46.632595  1449  1472 E ApplicationHelper: Fail to get PackageManager
06-13 14:15:46.636588  1449  1538 D CoreBackPreview: Window{cdecec4 u0 Splash Screen com.mediatek.engineermode}: Setting back callback OnBackInvokedCallbackInfo{mCallback=android.window.IOnBackInvokedCallback$Stub$Proxy@80776e1, mPriority=0, mIsAnimationCallback=false}
06-13 14:15:46.641079  1449  3275 W WindowManager: Changing focus from Window{818f5a0 u0 com.google.android.dialer/com.google.android.dialer.extensions.GoogleDialtactsActivity} to null displayId=0 Callers=com.android.server.wm.RootWindowContainer.updateFocusedWindowLocked:455 com.android.server.wm.WindowManagerService.updateFocusedWindowLocked:6247 com.android.server.wm.WindowManagerService.relayoutWindow:2533 com.android.server.wm.Session.relayout:259 
06-13 14:15:46.641319  1449  1538 D CompatibilityChangeReporter: Compat change id reported: 253665015; UID 10137; state: ENABLED
06-13 14:15:46.641901  1449  1538 D CompatibilityChangeReporter: Compat change id reported: 194532703; UID 10137; state: ENABLED
06-13 14:15:46.658654  1449  1465 W WindowManager: finishDrawingWindow: Window{cdecec4 u0 Splash Screen com.mediatek.engineermode} mDrawState=DRAW_PENDING
06-13 14:15:46.666252  1449  1475 W WindowManager: real show surface:Surface(name=Splash Screen com.mediatek.engineermode)/@0x7243463
06-13 14:15:46.677809  1449  3275 V ActivityManager: New death recipient com.android.server.am.ActivityManagerService$AppDeathRecipient@f12378 for thread android.os.BinderProxy@64ada51
06-13 14:15:46.683456  1449  1471 V WindowManager: Sent Transition #155 createdAt=06-13 14:15:46.579 via request=TransitionRequestInfo { type = OPEN, triggerTask = TaskInfo{userId=0 taskId=466 displayId=0 isRunning=true baseIntent=Intent { flg=0x10000000 cmp=com.mediatek.engineermode/.EngineerMode } baseActivity=ComponentInfo{com.mediatek.engineermode/com.mediatek.engineermode.EngineerMode} topActivity=ComponentInfo{com.mediatek.engineermode/com.mediatek.engineermode.EngineerMode} origActivity=null realActivity=ComponentInfo{com.mediatek.engineermode/com.mediatek.engineermode.EngineerMode} numActivities=1 lastActiveTime=19105851 supportsMultiWindow=false resizeMode=0 isResizeable=false minWidth=-1 minHeight=-1 defaultMinSize=220 token=WCT{RemoteToken{f91ca8d Task{1e83883 #466 type=standard A=10182:com.mediatek.engineermode}}} topActivityType=1 pictureInPictureParams=null shouldDockBigOverlays=false launchIntoPipHostTaskId=-1 lastParentTaskIdBeforePip=-1 displayCutoutSafeInsets=Rect(0, 106 - 0, 0) topActivityInfo=ActivityInfo{b1156ef com.mediatek.engineermode.EngineerMode} launchCookies=[] positionInParent=Point(0, 0) parentTaskId=-1 isFocused=false isVisible=false isVisibleRequested=false isSleeping=false topActivityInSizeCompat=false topActivityEligibleForLetterboxEducation= false topActivityLetterboxed= false isFromDoubleTap= false topActivityLetterboxVerticalPosition= -1 topActivityLetterboxHorizontalPosition= -1 topActivityLetterboxWidth=-1 topActivityLetterboxHeight=-1 locusId=null displayAreaFeatureId=1 cameraCompatControlState=hidden}, remoteTransition = null, displayChange = null }
06-13 14:15:46.683516  1449  1471 V WindowManager:     startWCT=WindowContainerTransaction { changes = {} hops = [] errorCallbackToken=null taskFragmentOrganizer=null }
06-13 14:15:46.683597  1449  1471 V WindowManager:     info={id=155 t=OPEN f=0x0 trk=0 r=[0@Point(0, 0)] c=[{WCT{RemoteToken{f91ca8d Task{1e83883 #466 type=standard A=10182:com.mediatek.engineermode}}} m=OPEN f=NONE leash=Surface(name=Task=466)/@0x809d2b6 sb=Rect(0, 0 - 1080, 2460) eb=Rect(0, 0 - 1080, 2460) d=0},{WCT{RemoteToken{8481a5 Task{a072896 #465 type=standard A=10118:com.google.android.dialer}}} m=TO_BACK f=NONE leash=Surface(name=Task=465)/@0x994870f sb=Rect(0, 0 - 1080, 2460) eb=Rect(0, 0 - 1080, 2460) d=0}]}
06-13 14:15:46.686034  1692  1749 V WindowManagerShell: onTransitionReady android.os.BinderProxy@6e15f27: {id=155 t=OPEN f=0x0 trk=0 r=[0@Point(0, 0)] c=[{WCT{android.window.IWindowContainerToken$Stub$Proxy@8ae6b3} m=OPEN f=NONE leash=Surface(name=Task=466)/@0xabc1c04 sb=Rect(0, 0 - 1080, 2460) eb=Rect(0, 0 - 1080, 2460) d=0},{WCT{android.window.IWindowContainerToken$Stub$Proxy@ee0f470} m=TO_BACK f=NONE leash=Surface(name=Task=465)/@0x1b955ed sb=Rect(0, 0 - 1080, 2460) eb=Rect(0, 0 - 1080, 2460) d=0}]}
06-13 14:15:46.686158  1692  1749 V WindowManagerShell: Playing animation for (#155)android.os.BinderProxy@6e15f27@0
06-13 14:15:46.686238  1692  1749 V WindowManagerShell:  try handler com.android.wm.shell.transition.DefaultMixedHandler@773dfc6
06-13 14:15:46.686265  1692  1749 V WindowManagerShell:  try handler com.android.wm.shell.keyguard.KeyguardTransitionHandler@3a8cb87
06-13 14:15:46.686288  1692  1749 V WindowManagerShell:  try handler com.android.wm.shell.activityembedding.ActivityEmbeddingController@e4bfab4
06-13 14:15:46.686311  1692  1749 V WindowManagerShell:  try handler com.android.wm.shell.recents.RecentsTransitionHandler@7f4c6dd
06-13 14:15:46.686338  1692  1749 V ShellRecents: RecentsTransitionHandler.startAnimation: no controller found
06-13 14:15:46.686355  1692  1749 V WindowManagerShell:  try handler com.android.wm.shell.pip.PipTransition@3be3252
06-13 14:15:46.686410  1692  1749 V WindowManagerShell:  try handler com.android.wm.shell.splitscreen.StageCoordinator@8bc9923
06-13 14:15:46.686437  1692  1749 V WindowManagerShell:  try handler com.android.wm.shell.transition.RemoteTransitionHandler@3080e20
06-13 14:15:46.686510  1692  1749 V WindowManagerShell: Transition doesn't have explicit remote, search filters for match for {id=155 t=OPEN f=0x0 trk=0 r=[0@Point(0, 0)] c=[{WCT{android.window.IWindowContainerToken$Stub$Proxy@8ae6b3} m=OPEN f=NONE leash=Surface(name=Task=466)/@0xabc1c04 sb=Rect(0, 0 - 1080, 2460) eb=Rect(0, 0 - 1080, 2460) d=0},{WCT{android.window.IWindowContainerToken$Stub$Proxy@ee0f470} m=TO_BACK f=NONE leash=Surface(name=Task=465)/@0x1b955ed sb=Rect(0, 0 - 1080, 2460) eb=Rect(0, 0 - 1080, 2460) d=0}]}
06-13 14:15:46.686622  1692  1749 V WindowManagerShell:  Checking filter Pair{{types=[] flags=0x0] notFlags=0x100 checks=[{atype=home independent=true modes=[OPEN,TO_FRONT] flags=NONE mustBeTask=false order=TOP topActivity=ComponentInfo{com.android.launcher3/com.android.searchlauncher.SearchLauncher}},{atype=standard independent=true modes=[CLOSE,TO_BACK] flags=NONE mustBeTask=false order=ANY topActivity=null}]} RemoteTransition { remoteTransition = android.window.IRemoteTransition$Stub$Proxy@e30ccfd, appThread = android.app.IApplicationThread$Stub$Proxy@1ea8df2, debugName = QuickstepLaunchHome }}
06-13 14:15:46.686692  1692  1749 V WindowManagerShell:  Delegate animation for #155 to null
06-13 14:15:46.686710  1692  1749 V WindowManagerShell:  try handler com.android.wm.shell.transition.DefaultTransitionHandler@b7bf3d9
06-13 14:15:46.686764  1692  1749 V WindowManagerShell: start default transition animation, info = {id=155 t=OPEN f=0x0 trk=0 r=[0@Point(0, 0)] c=[{WCT{android.window.IWindowContainerToken$Stub$Proxy@8ae6b3} m=OPEN f=NONE leash=Surface(name=Task=466)/@0xabc1c04 sb=Rect(0, 0 - 1080, 2460) eb=Rect(0, 0 - 1080, 2460) d=0},{WCT{android.window.IWindowContainerToken$Stub$Proxy@ee0f470} m=TO_BACK f=NONE leash=Surface(name=Task=465)/@0x1b955ed sb=Rect(0, 0 - 1080, 2460) eb=Rect(0, 0 - 1080, 2460) d=0}]}
06-13 14:15:46.687411  1692  1749 V WindowManagerShell: loadAnimation: anim=android.view.animation.AnimationSet@a433b0f animAttr=0x9 type=OPEN isEntrance=false
06-13 14:15:46.688521  1692  1749 V WindowManagerShell: loadAnimation: anim=android.view.animation.AnimationSet@87455a5 animAttr=0x8 type=OPEN isEntrance=true
06-13 14:15:46.691566  1692  1749 V WindowManagerShell:  animated by com.android.wm.shell.transition.DefaultTransitionHandler@b7bf3d9
06-13 14:15:46.696852  1449  1449 D MBrainLocalService: isVendorFreezeConditionPass is false
06-13 14:15:46.696904  1449  1449 E MBrainLocalService: notifyAppSwitch failed
06-13 14:15:46.700147  1449  1472 E ApplicationHelper: Fail to get PackageManager
06-13 14:15:46.701255  1449  1472 E MBrainLocalService: MBrainJava launch failed: SecurityException
06-13 14:15:46.702074  1449  3282 D CompatibilityChangeReporter: Compat change id reported: 170503758; UID 10182; state: ENABLED
06-13 14:15:46.703024  1449  1472 E ApplicationHelper: Fail to get PackageManager
06-13 14:15:46.706930  1449  1472 E ApplicationHelper: Fail to get PackageManager
06-13 14:15:46.714528  1449  3275 D CompatibilityChangeReporter: Compat change id reported: 154726397; UID 10137; state: ENABLED
06-13 14:15:46.726083  1449  3282 D CompatibilityChangeReporter: Compat change id reported: 201794303; UID 10137; state: ENABLED
06-13 14:15:46.728265  1449  3282 D CompatibilityChangeReporter: Compat change id reported: 207133734; UID 10137; state: ENABLED
06-13 14:15:46.738941  6760  6760 D MbrainDebugManagerImpl: getService failed
06-13 14:15:46.742977  1449  3282 I ActivityManager: Flag disabled. Ignoring finishAttachApplication from uid: 10182. pid: 6760
06-13 14:15:46.841670  1449  3282 D CoreBackPreview: Window{7052033 u0 com.mediatek.engineermode/com.mediatek.engineermode.EngineerMode}: Setting back callback OnBackInvokedCallbackInfo{mCallback=android.window.IOnBackInvokedCallback$Stub$Proxy@3e78c8f, mPriority=0, mIsAnimationCallback=false}
06-13 14:15:46.883283  1449  3282 W WindowManager: Changing focus from null to Window{7052033 u0 com.mediatek.engineermode/com.mediatek.engineermode.EngineerMode} displayId=0 Callers=com.android.server.wm.RootWindowContainer.updateFocusedWindowLocked:455 com.android.server.wm.WindowManagerService.updateFocusedWindowLocked:6247 com.android.server.wm.WindowManagerService.relayoutWindow:2533 com.android.server.wm.Session.relayout:259 
06-13 14:15:46.886568  1449  3282 I WindowManager: Relayout Window{7052033 u0 com.mediatek.engineermode/com.mediatek.engineermode.EngineerMode}: oldVis=4 newVis=0 focusMayChange = true requestedWidth = 1080 requestedHeight = 2460 outFrames = ClientWindowFrames{frame=[0,0][1080,2460] display=[0,0][1080,2460] parentFrame=[0,0][0,0]} outSurfaceControl = Surface(name=com.mediatek.engineermode/com.mediatek.engineermode.EngineerMode)/@0x3607ec6
06-13 14:15:46.962659  1449  3282 W WindowManager: finishDrawingWindow: Window{7052033 u0 com.mediatek.engineermode/com.mediatek.engineermode.EngineerMode} mDrawState=DRAW_PENDING
06-13 14:15:46.966036  1449  1475 W WindowManager: real show surface:Surface(name=com.mediatek.engineermode/com.mediatek.engineermode.EngineerMode)/@0x7ff31b4
06-13 14:15:47.012770  1449  3282 D CompatibilityChangeReporter: Compat change id reported: 214016041; UID 10182; state: ENABLED
06-13 14:15:47.019379  1449  1472 E ApplicationHelper: Fail to get PackageManager
06-13 14:15:47.022108  1449  1472 E MBrainLocalService: MBrainJava launch failed: SecurityException
06-13 14:15:47.022179  1449  1472 E ApplicationHelper: Fail to get PackageManager
06-13 14:15:47.022199  1449  1472 E ApplicationHelper: Fail to get PackageManager
06-13 14:15:47.028213  1449  1465 W PackageConfigPersister: App-specific configuration not found for packageName: com.mediatek.engineermode and userId: 0
06-13 14:15:47.149062  1449  1449 W AccessibilityManagerService:  wait for adding window timeout: 262
06-13 14:15:47.203565  1692  1749 V WindowManagerShell: Transition animation finished (aborted=false), notifying core (#155)android.os.BinderProxy@6e15f27@0
06-13 14:15:47.206156  1449  1471 V WindowManager: Finish Transition #155: created at 06-13 14:15:46.579 collect-started=0.213ms request-sent=19.204ms started=21.859ms ready=85.056ms sent=103.0ms finished=625.874ms
06-13 14:15:47.212010  1692  1749 V WindowManagerShell: Track 0 became idle
06-13 14:15:47.212148  1692  1749 V WindowManagerShell: All active transition animations finished
06-13 14:15:47.218693  1449  1472 E ApplicationHelper: Fail to get PackageManager
06-13 14:15:47.218770  1449  1472 E ApplicationHelper: Fail to get PackageManager
06-13 14:15:47.218787  1449  1472 E ApplicationHelper: Fail to get PackageManager
06-13 14:15:47.218799  1449  1472 E ApplicationHelper: Fail to get PackageManager
06-13 14:15:47.221234  1449  1805 D MSyncForWMS: setFrameRate: 2060.0
06-13 14:15:47.221332  1449  1805 D MSyncForWMS: setFrameRate: 2060.0
06-13 14:15:47.221997  1449  1472 E ApplicationHelper: Fail to get PackageManager
06-13 14:15:47.263292  1449  1805 D CoreBackPreview: Window{818f5a0 u0 com.google.android.dialer/com.google.android.dialer.extensions.GoogleDialtactsActivity}: Setting back callback OnBackInvokedCallbackInfo{mCallback=android.window.IOnBackInvokedCallback$Stub$Proxy@1b30838, mPriority=-1, mIsAnimationCallback=false}
06-13 14:15:47.278667  1449  1805 W ForegroundServiceTypeLoggerModule: API event end called before start!
06-13 14:15:47.294585  1449  1472 E ApplicationHelper: Fail to get PackageManager
06-13 14:15:47.294669  1449  1472 E ApplicationHelper: Fail to get PackageManager
06-13 14:15:47.294688  1449  1472 E ApplicationHelper: Fail to get PackageManager
06-13 14:15:47.294700  1449  1472 E ApplicationHelper: Fail to get PackageManager
06-13 14:15:47.294712  1449  1472 E ApplicationHelper: Fail to get PackageManager
06-13 14:15:47.312237  1449  1472 E ApplicationHelper: Fail to get PackageManager
