06-13 14:14:03.570035  1449  1539 W ProcessStats: Tracking association SourceState{3a5bc97 com.google.android.googlequicksearchbox:search/10131 BTop #27496} whose proc state 2 is better than process ProcessState{9b0b75 com.google.android.gms.persistent/10122 pkg=com.google.android.gms} proc state 3 (207 skipped)
06-13 14:14:03.630809  1449  3274 V ActivityManager: Death received in com.android.server.am.ActivityManagerService$AppDeathRecipient@23dbe5b for thread android.os.BinderProxy@9abf6f8
06-13 14:14:03.633062  1449  1472 D DisplayManagerService: Drop pending events for gone uid 10139
06-13 14:14:03.637608  1449  1472 E ApplicationHelper: Fail to get PackageManager
06-13 14:14:03.638079  1449  1472 E ApplicationHelper: Fail to get PackageManager
06-13 14:14:03.638263  1449  1472 E ApplicationHelper: Fail to get PackageManager
06-13 14:14:03.638357  1449  1472 E ApplicationHelper: Fail to get PackageManager
06-13 14:14:03.638468  1449  1472 E ApplicationHelper: Fail to get PackageManager
06-13 14:14:03.638579  1449  1472 E ApplicationHelper: Fail to get PackageManager
06-13 14:14:06.663511  1449  1472 E ApplicationHelper: Fail to get PackageManager
06-13 14:14:09.841412  1449  1472 E ApplicationHelper: Fail to get PackageManager
06-13 14:14:09.860367  1449  1472 E ApplicationHelper: Fail to get PackageManager
06-13 14:14:09.943698  1449  1472 E ApplicationHelper: Fail to get PackageManager
06-13 14:14:11.739721  1449  1472 E ApplicationHelper: Fail to get PackageManager
06-13 14:14:11.840117  1449  1472 E ApplicationHelper: Fail to get PackageManager
06-13 14:14:18.644621  1449  3272 W ProcessStats: Tracking association SourceState{3a5bc97 com.google.android.googlequicksearchbox:search/10131 BTop #27533} whose proc state 2 is better than process ProcessState{9b0b75 com.google.android.gms.persistent/10122 pkg=com.google.android.gms} proc state 3 (119 skipped)
06-13 14:14:18.645047  1449  1472 E ApplicationHelper: Fail to get PackageManager
06-13 14:14:20.316755  1449  1472 E ApplicationHelper: Fail to get PackageManager
06-13 14:14:20.327973  1449  1472 E ApplicationHelper: Fail to get PackageManager
06-13 14:14:29.456081  1449  3272 W ProcessStats: Tracking association SourceState{7db5e50 com.google.android.gms/10122 BTop #27543} whose proc state 2 is better than process ProcessState{9b0b75 com.google.android.gms.persistent/10122 pkg=com.google.android.gms} proc state 3 (54 skipped)
06-13 14:14:35.365706  1449  1472 E ApplicationHelper: Fail to get PackageManager
06-13 14:14:36.348264  1449  1472 E ApplicationHelper: Fail to get PackageManager
06-13 14:14:44.507047  1449  3272 W ProcessStats: Tracking association SourceState{7db5e50 com.google.android.gms/10122 BTop #27547} whose proc state 2 is better than process ProcessState{9b0b75 com.google.android.gms.persistent/10122 pkg=com.google.android.gms} proc state 3 (17 skipped)
06-13 14:14:54.803203  1449  1472 E ApplicationHelper: Fail to get PackageManager
06-13 14:14:55.301543  1449  1472 E ApplicationHelper: Fail to get PackageManager
06-13 14:15:00.007097  1449  1449 D priAutoBrightness_PriMinimumBrightnessDelegate: receiver call updateCurrentEnvironmentStatus() action=android.intent.action.TIME_TICK
06-13 14:15:00.007611  1449  1449 D priAutoBrightness_PriMinimumBrightnessDelegate: updateCurrentEnvironmentStatus()
06-13 14:15:00.008057  1449  1449 D priAutoBrightness_PriMinimumBrightnessDelegate: updateCurrentEnvironmentStatus() update mCurrentEnvironmentStatus=1, tempStatus=1, currentBrightness=0
06-13 14:15:00.008332  1449  1449 D priAutoBrightness_PriMinimumBrightnessDelegate: normalizationValue=1415 state:1->1 keep=true statusChanged=false
06-13 14:15:03.797453  1449  1512 V DisplayPowerController2[0]: Brightness [0.83137256] reason changing to: 'manual', previous reason: 'manual [ dim ]'.
06-13 14:15:03.798161  1449  1512 I DisplayPowerController2[0]: BrightnessEvent: disp=0, physDisp=local:0, brt=0.83137256, initBrt=0.05, rcmdBrt=NaN, preBrt=NaN, lux=0.0, preLux=0.0, hbmMax=1.0, hbmMode=off, rbcStrength=50, thrmMax=1.0, powerFactor=1.0, wasShortTermModelActive=false, flags=, reason=manual, autoBrightness=false, strategy=InvalidBrightnessStrategy
06-13 14:15:03.799516  1449  1474 D DisplayManagerService: Ignore redundant display event 0/4 to 10149/2163
06-13 14:15:03.799562  1449  1474 D DisplayManagerService: Ignore redundant display event 0/4 to 10118/32273
06-13 14:15:03.815845  1449  1474 I DisplayDeviceRepository: Display device changed: DisplayDeviceInfo{"Built-in Screen": uniqueId="local:0", 1080 x 2460, modeId 2, renderFrameRate 90.0, defaultModeId 1, supportedModes [{id=1, width=1080, height=2460, fps=60.0, alternativeRefreshRates=[90.0, 120.00001], supportedHdrTypes=[]}, {id=2, width=1080, height=2460, fps=90.0, alternativeRefreshRates=[60.0, 120.00001], supportedHdrTypes=[]}, {id=3, width=1080, height=2460, fps=120.00001, alternativeRefreshRates=[60.0, 90.0], supportedHdrTypes=[]}], colorMode 0, supportedColorModes [0], hdrCapabilities HdrCapabilities{mSupportedHdrTypes=[], mMaxLuminance=500.0, mMaxAverageLuminance=500.0, mMinLuminance=0.0}, allmSupported false, gameContentTypeSupported false, density 480, 396.261 x 396.26 dpi, appVsyncOff 7955555, presDeadline 17488889, cutout DisplayCutout{insets=Rect(0, 106 - 0, 0) waterfall=Insets{left=0, top=0, right=0, bottom=0} boundingRect={Bounds=[Rect(0, 0 - 0, 0), Rect(500, 0 - 580, 106), Rect(0, 0 - 0, 0), Rect(0, 0 - 0, 0)]} cutoutPathParserInfo={CutoutPathParserInfo{displayWidth=1080 displayHeight=2460 physicalDisplayWidth=1080 physicalDisplayHeight=2460 density={3.0} cutoutSpec={m0,26c-10.605,0 -20.786,4.217 -28.284,11.716c-7.499,7.498 -11.716,17.679 -11.716,28.284c0,10.605 4.217,20.786 11.716,28.284c7.498,7.499 17.679,11.716 28.284,11.716c10.605,0 20.786,-4.217 28.284,-11.716c7.499,-7.498 11.716,-17.679 11.716,-28.284c0,-10.605 -4.217,-20.786 -11.716,-28.284c-7.498,-7.499 -17.679,-11.716 -28.284,-11.716z} rotation={0} scale={1.0} physicalPixelDisplaySizeRatio={1.0}}}}, touch INTERNAL, rotation 0, type INTERNAL, address {port=0}, deviceProductInfo null, state ON, committedState ON, frameRateOverride , brightnessMinimum 0.0, brightnessMaximum 1.0, brightnessDefault 0.4, hdrSdrRatio NaN, FLAG_ALLOWED_TO_BE_DEFAULT_DISPLAY, FLAG_ROTATES_WITH_CONTENT, FLAG_SECURE, FLAG_SUPPORTS_PROTECTED_BUFFERS, FLAG_TRUSTED, installOrientation 0, displayShape DisplayShape{ spec=-1119182123 displayWidth=1080 displayHeight=2460 physicalPixelDisplaySizeRatio=1.0 rotation=0 offsetX=0 offsetY=0 scale=1.0}}
06-13 14:15:03.828068  1449  1472 E ApplicationHelper: Fail to get PackageManager
06-13 14:15:03.847164  1449  3272 I WindowManager: Relayout Window{1f4323a u0 NotificationShade}: oldVis=4 newVis=0 focusMayChange = true requestedWidth = 1080 requestedHeight = 2460 outFrames = ClientWindowFrames{frame=[0,0][1080,2460] display=[0,0][1080,2460] parentFrame=[0,0][0,0]} outSurfaceControl = Surface(name=NotificationShade)/@0x5ac1f11
06-13 14:15:03.862236  1449  3272 W WindowManager: finishDrawingWindow: Window{1f4323a u0 NotificationShade} mDrawState=DRAW_PENDING
06-13 14:15:03.864110  1449  1475 W WindowManager: real show surface:Surface(name=NotificationShade)/@0x3e69876
06-13 14:15:03.882072  1449  1472 E ApplicationHelper: Fail to get PackageManager
06-13 14:15:05.480245  1449  3267 W ProcessStats: Tracking association SourceState{7db5e50 com.google.android.gms/10122 BTop #27552} whose proc state 2 is better than process ProcessState{9b0b75 com.google.android.gms.persistent/10122 pkg=com.google.android.gms} proc state 3 (11 skipped)
06-13 14:15:05.480511  1449  1472 E ApplicationHelper: Fail to get PackageManager
06-13 14:15:06.913934  1449  1472 E ApplicationHelper: Fail to get PackageManager
06-13 14:15:06.966697  1449  1472 E ApplicationHelper: Fail to get PackageManager
06-13 14:15:06.973427  1449  1472 E ApplicationHelper: Fail to get PackageManager
06-13 14:15:08.006043  1449  1591 W ContextImpl: Calling a method in the system process without a qualified user: android.app.ContextImpl.sendStickyBroadcast:1631 com.android.server.wifi.ClientModeImpl.sendNetworkChangeBroadcast:3034 com.android.server.wifi.ClientModeImpl.lambda$sendNetworkChangeBroadcastWithCurrentState$14:3011 com.android.server.wifi.ClientModeImpl.$r8$lambda$q-j88Pjw4gROgoJFr8wBlBVbuJI:0 com.android.server.wifi.ClientModeImpl$$ExternalSyntheticLambda4.send:0 
06-13 14:15:08.349575  1449  1621 I UsbPortManager: ClientCallback V1_2: port0
06-13 14:15:08.350929  1449  1471 I UsbPortManager: USB port changed: port=UsbPort{id=port0, supportedModes=dual, supportedContaminantProtectionModes=1, supportsEnableContaminantPresenceProtection=false, supportsEnableContaminantPresenceDetection=false, supportsComplianceWarnings=false, status=UsbPortStatus{connected=true, currentMode=ufp, currentPowerRole=sink, currentDataRole=device, supportedRoleCombinations=[source:host, sink:device], contaminantDetectionStatus=2, contaminantProtectionStatus=0, usbDataStatus=unknown, isPowerTransferLimited=false, powerBrickConnectionStatus=unknown, complianceWarnings=[], plugState=0, displayPortAltModeInfo=null}, canChangeMode=true, canChangePowerRole=false, canChangeDataRole=false, connectedAtMillis=19067603, lastConnectDurationMillis=0
06-13 14:15:08.356562  1449  1621 I UsbPortManager: ClientCallback V1_2: port0
06-13 14:15:08.843316  1449  1492 W BatteryExternalStatsWorker: error reading Bluetooth stats: 9
06-13 14:15:08.852754  1449  1473 I EntropyMixer: Updated seed file
06-13 14:15:08.863046  1449  1485 D CompatibilityChangeReporter: Compat change id reported: 177438394; UID 1000; state: DISABLED
06-13 14:15:08.863550  1449  1449 D MBrainLocalService: isVendorFreezeConditionPass is false
06-13 14:15:08.864062  1449  1485 D CompatibilityChangeReporter: Compat change id reported: 135772972; UID 1000; state: DISABLED
06-13 14:15:08.864327  1449  1449 E ChargeIntentReceiver: notifyChange failed
06-13 14:15:08.864627  1449  1485 D CompatibilityChangeReporter: Compat change id reported: 135754954; UID 1000; state: ENABLED
06-13 14:15:08.892360  1449  1486 I ActivityManager: Start proc 6210:com.android.settings/1000 for broadcast {com.android.settings/com.android.settings.fuelgauge.batteryusage.BatteryUsageBroadcastReceiver}
06-13 14:15:08.904078  1692  2251 D PowerUI : can't show warning due to - plugged: true status unknown: false
06-13 14:15:08.944170  1449  1538 V ActivityManager: New death recipient com.android.server.am.ActivityManagerService$AppDeathRecipient@a7b3fa2 for thread android.os.BinderProxy@d29a433
06-13 14:15:08.947205  1449  1538 D CompatibilityChangeReporter: Compat change id reported: 168419799; UID 1000; state: DISABLED
06-13 14:15:08.947630  1449  1538 D CompatibilityChangeReporter: Compat change id reported: 273564678; UID 1000; state: DISABLED
06-13 14:15:08.952366  1449  1472 E ApplicationHelper: Fail to get PackageManager
06-13 14:15:08.955160  1449  1471 D UsbDeviceManager: push notification:Charging this device via USB
06-13 14:15:08.955464  1449  1485 D CompatibilityChangeReporter: Compat change id reported: 135634846; UID 10047; state: DISABLED
06-13 14:15:08.955676  1449  1485 D CompatibilityChangeReporter: Compat change id reported: 177438394; UID 10047; state: DISABLED
06-13 14:15:08.955810  1449  1485 D CompatibilityChangeReporter: Compat change id reported: 135772972; UID 10047; state: DISABLED
06-13 14:15:08.955936  1449  1485 D CompatibilityChangeReporter: Compat change id reported: 135754954; UID 10047; state: ENABLED
06-13 14:15:08.956706  1449  1486 D CompatibilityChangeReporter: Compat change id reported: 143937733; UID 10047; state: ENABLED
06-13 14:15:08.960031  1449  1449 D MBrainLocalService: isVendorFreezeConditionPass is false
06-13 14:15:08.960067  1449  1449 D UsbIntentReceiver: notifyChange failed
06-13 14:15:08.973728  1449  1486 I ActivityManager: Start proc 6230:com.google.android.apps.turbo/u0a47 for broadcast {com.google.android.apps.turbo/com.google.android.apps.turbo.nudges.broadcasts.BatteryStatusChangedReceiver}
06-13 14:15:08.982826  1449  1472 E ApplicationHelper: Fail to get PackageManager
06-13 14:15:08.998296  1449  1472 E ApplicationHelper: Fail to get PackageManager
06-13 14:15:09.013687  1449  1472 E ApplicationHelper: Fail to get PackageManager
06-13 14:15:09.014965  1449  3272 V ActivityManager: New death recipient com.android.server.am.ActivityManagerService$AppDeathRecipient@d60f976 for thread android.os.BinderProxy@5905b77
06-13 14:15:09.016757  1449  3272 D CompatibilityChangeReporter: Compat change id reported: 168419799; UID 10047; state: DISABLED
06-13 14:15:09.018033  1449  3272 D CompatibilityChangeReporter: Compat change id reported: 273564678; UID 10047; state: DISABLED
06-13 14:15:09.020899  1449  1472 E ApplicationHelper: Fail to get PackageManager
06-13 14:15:09.021445  1449  1547 D CompatibilityChangeReporter: Compat change id reported: 265195908; UID 10047; state: ENABLED
06-13 14:15:09.026163  1449  1485 D CompatibilityChangeReporter: Compat change id reported: 135634846; UID 10042; state: DISABLED
06-13 14:15:09.026263  1449  1485 D CompatibilityChangeReporter: Compat change id reported: 177438394; UID 10042; state: DISABLED
06-13 14:15:09.026336  1449  1485 D CompatibilityChangeReporter: Compat change id reported: 135772972; UID 10042; state: DISABLED
06-13 14:15:09.026399  1449  1485 D CompatibilityChangeReporter: Compat change id reported: 135754954; UID 10042; state: ENABLED
06-13 14:15:09.026913  1449  1486 D CompatibilityChangeReporter: Compat change id reported: 143937733; UID 10042; state: ENABLED
06-13 14:15:09.030191  1449  1472 E ApplicationHelper: Fail to get PackageManager
06-13 14:15:09.031079  1449  3272 D CompatibilityChangeReporter: Compat change id reported: 170503758; UID 10047; state: ENABLED
06-13 14:15:09.039579  1449  1472 E ApplicationHelper: Fail to get PackageManager
06-13 14:15:09.039991  1449  1486 I ActivityManager: Start proc 6269:android.process.media/u0a42 for broadcast {com.android.mtp/com.android.mtp.MtpReceiver}
06-13 14:15:09.043791  1449  1472 E ApplicationHelper: Fail to get PackageManager
06-13 14:15:09.059584  1449  1472 E ApplicationHelper: Fail to get PackageManager
06-13 14:15:09.060921  1449  1538 I ActivityManager: Flag disabled. Ignoring finishAttachApplication from uid: 1000. pid: 6210
06-13 14:15:09.073458  1449  1538 D CompatibilityChangeReporter: Compat change id reported: 161145287; UID 1000; state: ENABLED
06-13 14:15:09.080247  1449  1472 E ApplicationHelper: Fail to get PackageManager
06-13 14:15:09.085875  1449  1472 E ApplicationHelper: Fail to get PackageManager
06-13 14:15:09.088156  1449  1472 E ApplicationHelper: Fail to get PackageManager
06-13 14:15:09.095030  1449  1472 E ApplicationHelper: Fail to get PackageManager
06-13 14:15:09.101451  1449  2850 V ActivityManager: New death recipient com.android.server.am.ActivityManagerService$AppDeathRecipient@542db29 for thread android.os.BinderProxy@6f3feae
06-13 14:15:09.102971  1449  2850 D CompatibilityChangeReporter: Compat change id reported: 168419799; UID 10042; state: DISABLED
06-13 14:15:09.103296  1449  2850 D CompatibilityChangeReporter: Compat change id reported: 273564678; UID 10042; state: DISABLED
06-13 14:15:09.106175  1449  1472 E ApplicationHelper: Fail to get PackageManager
06-13 14:15:09.106707  1449  1547 D CompatibilityChangeReporter: Compat change id reported: 265195908; UID 10042; state: ENABLED
06-13 14:15:09.113902  1449  1538 D CompatibilityChangeReporter: Compat change id reported: 170503758; UID 10042; state: ENABLED
06-13 14:15:09.121563  1449  3272 I ActivityManager: Flag disabled. Ignoring finishAttachApplication from uid: 10047. pid: 6230
06-13 14:15:09.123750  1449  1472 E ApplicationHelper: Fail to get PackageManager
06-13 14:15:09.123786  1449  1472 E ApplicationHelper: Fail to get PackageManager
06-13 14:15:09.125882  1449  3272 D CompatibilityChangeReporter: Compat change id reported: 161145287; UID 10047; state: DISABLED
06-13 14:15:09.126704  1449  1449 W Looper  : Slow dispatch took 167ms main h=android.app.ActivityThread$H c=android.app.LoadedApk$ReceiverDispatcher$Args$$ExternalSyntheticLambda0@56807e3 m=0
06-13 14:15:09.129513  1449  2969 D CoreBackPreview: Window{8664be5 u0 Wired Charging Animation}: Setting back callback OnBackInvokedCallbackInfo{mCallback=android.window.IOnBackInvokedCallback$Stub$Proxy@743236a, mPriority=0, mIsAnimationCallback=false}
06-13 14:15:09.131654  1449  1472 E ApplicationHelper: Fail to get PackageManager
06-13 14:15:09.136846  1449  1472 E ApplicationHelper: Fail to get PackageManager
06-13 14:15:09.139827  1449  1492 W BatteryExternalStatsWorker: error reading Bluetooth stats: 9
06-13 14:15:09.149071  1449  1472 E ApplicationHelper: Fail to get PackageManager
06-13 14:15:09.155254  1449  3259 W WindowManager: finishDrawingWindow: Window{8664be5 u0 Wired Charging Animation} mDrawState=DRAW_PENDING
06-13 14:15:09.156717  1449  1475 W WindowManager: real show surface:Surface(name=Wired Charging Animation)/@0x668d5c5
06-13 14:15:09.165812  1449  1472 E ApplicationHelper: Fail to get PackageManager
06-13 14:15:09.172872  1449  1472 E ApplicationHelper: Fail to get PackageManager
06-13 14:15:09.186357  1449  1472 E ApplicationHelper: Fail to get PackageManager
06-13 14:15:09.255029  1449  3267 I ActivityManager: Flag disabled. Ignoring finishAttachApplication from uid: 10042. pid: 6269
06-13 14:15:09.272913  1449  3267 I ActivityManager: Killing 2403:com.android.chrome/u0a152 (adj 995): empty #11
06-13 14:15:09.275414  1449  1472 E ApplicationHelper: Fail to get PackageManager
06-13 14:15:09.316077  1449  3267 V ActivityManager: Death received in com.android.server.am.ActivityManagerService$AppDeathRecipient@e2dd5b0 for thread android.os.BinderProxy@6bfcc29
06-13 14:15:09.319107  1449  3267 W ActivityManager: Scheduling restart of crashed service com.android.chrome/org.chromium.chrome.browser.customtabs.CustomTabsConnectionService in 1000ms for connection
06-13 14:15:09.322849  1449  1472 D DisplayManagerService: Drop pending events for gone uid 10152
06-13 14:15:09.328998  6210  6276 W PowerProfile: ambient.on is deprecated! Use ambient.on.display0 instead.
06-13 14:15:09.330215  6210  6276 W PowerProfile: screen.on is deprecated! Use screen.on.display0 instead.
06-13 14:15:09.330283  6210  6276 W PowerProfile: screen.full is deprecated! Use screen.full.display0 instead.
06-13 14:15:09.330546  6210  6276 W ModemPowerProfile: getAverageBatteryDrainMaH called with unexpected key: 0x0, drain:SLEEP,RAT:DEFAULT
06-13 14:15:09.330716  6210  6276 W ModemPowerProfile: getAverageBatteryDrainMaH called with unexpected key: 0x10000000, drain:IDLE,RAT:DEFAULT
06-13 14:15:09.330799  6210  6276 W ModemPowerProfile: getAverageBatteryDrainMaH called with unexpected key: 0x20000000, drain:RX,RAT:DEFAULT
06-13 14:15:09.330846  6210  6276 W ModemPowerProfile: getAverageBatteryDrainMaH called with unexpected key: 0x30000000, drain:TX,level:0,RAT:DEFAULT
06-13 14:15:09.330882  6210  6276 W ModemPowerProfile: getAverageBatteryDrainMaH called with unexpected key: 0x31000000, drain:TX,level:1,RAT:DEFAULT
06-13 14:15:09.330930  6210  6276 W ModemPowerProfile: getAverageBatteryDrainMaH called with unexpected key: 0x32000000, drain:TX,level:2,RAT:DEFAULT
06-13 14:15:09.330961  6210  6276 W ModemPowerProfile: getAverageBatteryDrainMaH called with unexpected key: 0x33000000, drain:TX,level:3,RAT:DEFAULT
06-13 14:15:09.330991  6210  6276 W ModemPowerProfile: getAverageBatteryDrainMaH called with unexpected key: 0x34000000, drain:TX,level:4,RAT:DEFAULT
06-13 14:15:09.333663  1449  1472 E ApplicationHelper: Fail to get PackageManager
06-13 14:15:09.334734  1449  1472 E ApplicationHelper: Fail to get PackageManager
06-13 14:15:09.334794  1449  1472 E ApplicationHelper: Fail to get PackageManager
06-13 14:15:09.334808  1449  1472 E ApplicationHelper: Fail to get PackageManager
06-13 14:15:09.334826  1449  1472 E ApplicationHelper: Fail to get PackageManager
06-13 14:15:09.334838  1449  1472 E ApplicationHelper: Fail to get PackageManager
06-13 14:15:09.359459  1449  1538 D CompatibilityChangeReporter: Compat change id reported: 261072174; UID 1000; state: ENABLED
06-13 14:15:09.384520  1449  1547 D CompatibilityChangeReporter: Compat change id reported: 135634846; UID 10115; state: DISABLED
06-13 14:15:09.384884  1449  1547 D CompatibilityChangeReporter: Compat change id reported: 177438394; UID 10115; state: DISABLED
06-13 14:15:09.385112  1449  1547 D CompatibilityChangeReporter: Compat change id reported: 135772972; UID 10115; state: DISABLED
06-13 14:15:09.385376  1449  1547 D CompatibilityChangeReporter: Compat change id reported: 135754954; UID 10115; state: ENABLED
06-13 14:15:09.386998  1449  1486 D CompatibilityChangeReporter: Compat change id reported: 143937733; UID 10115; state: ENABLED
06-13 14:15:09.431750  1449  1486 I ActivityManager: Start proc 6312:com.google.android.as.oss/u0a115 for service {com.google.android.as.oss/com.google.android.gms.learning.internal.training.InAppJobService}
06-13 14:15:09.446362  1449  1472 E ApplicationHelper: Fail to get PackageManager
06-13 14:15:09.451606  1449  1472 E ApplicationHelper: Fail to get PackageManager
06-13 14:15:09.471130  1449  3274 V ActivityManager: New death recipient com.android.server.am.ActivityManagerService$AppDeathRecipient@64c93d0 for thread android.os.BinderProxy@6847fc9
06-13 14:15:09.472833  1449  3274 D CompatibilityChangeReporter: Compat change id reported: 168419799; UID 10115; state: DISABLED
06-13 14:15:09.473366  1449  3274 D CompatibilityChangeReporter: Compat change id reported: 273564678; UID 10115; state: DISABLED
06-13 14:15:09.484351  1449  1472 E ApplicationHelper: Fail to get PackageManager
06-13 14:15:09.484939  1449  1547 D CompatibilityChangeReporter: Compat change id reported: 265195908; UID 10115; state: ENABLED
06-13 14:15:09.489810  1449  3276 D CompatibilityChangeReporter: Compat change id reported: 170503758; UID 10115; state: ENABLED
06-13 14:15:09.513270  1449  1472 E ApplicationHelper: Fail to get PackageManager
06-13 14:15:09.533582  1449  3276 I WindowManager: Relayout Window{1f4323a u0 NotificationShade}: oldVis=4 newVis=0 focusMayChange = true requestedWidth = 1080 requestedHeight = 2460 outFrames = ClientWindowFrames{frame=[0,0][1080,2460] display=[0,0][1080,2460] parentFrame=[0,0][0,0]} outSurfaceControl = Surface(name=NotificationShade)/@0x5aaa7e7
06-13 14:15:09.571211  1449  3274 W WindowManager: finishDrawingWindow: Window{1f4323a u0 NotificationShade} mDrawState=DRAW_PENDING
06-13 14:15:09.573779  1449  1475 W WindowManager: real show surface:Surface(name=NotificationShade)/@0x16fdb83
06-13 14:15:09.574065  1449  1538 I ActivityManager: Flag disabled. Ignoring finishAttachApplication from uid: 10115. pid: 6312
06-13 14:15:09.598483  1449  3274 D CompatibilityChangeReporter: Compat change id reported: 253665015; UID 10115; state: ENABLED
06-13 14:15:09.598738  1449  3274 D CompatibilityChangeReporter: Compat change id reported: 194532703; UID 10115; state: ENABLED
06-13 14:15:09.602590  1449  3274 W JobScheduler: Job didn't exist in JobStore: d2bc55f #u0a115/-1459396391 com.google.android.as.oss/com.google.android.gms.learning.internal.training.InAppJobService
06-13 14:15:09.602897  1449  1472 E ApplicationHelper: Fail to get PackageManager
06-13 14:15:09.608340  1449  3274 W JobScheduler: Job didn't exist in JobStore: 72141eb #u0a115/-1371219540 com.google.android.as.oss/com.google.android.gms.learning.internal.training.InAppJobService
06-13 14:15:09.620323  1449  3274 W JobScheduler: Job didn't exist in JobStore: 385caa1 #u0a115/-605916168 com.google.android.as.oss/com.google.android.gms.learning.internal.training.InAppJobService
06-13 14:15:09.630398  1449  1472 E ApplicationHelper: Fail to get PackageManager
06-13 14:15:09.630645  1449  3274 W JobScheduler: Job didn't exist in JobStore: 61fc76c #u0a115/-1458638241 com.google.android.as.oss/com.google.android.gms.learning.internal.training.InAppJobService
06-13 14:15:09.641507  1449  1472 E ApplicationHelper: Fail to get PackageManager
06-13 14:15:09.653087  1449  1538 D SystemServerTiming: getUserSwitchability-0
06-13 14:15:09.653502  1449  1538 D SystemServerTiming: TM.isInCall
06-13 14:15:09.654071  1449  3274 D SystemServerTiming: getUserSwitchability-0
06-13 14:15:09.654118  1449  3274 D SystemServerTiming: TM.isInCall
06-13 14:15:09.655651  1449  1538 D SystemServerTiming: hasUserRestriction-DISALLOW_USER_SWITCH
06-13 14:15:09.655936  1449  1538 D SystemServerTiming: getInt-ALLOW_USER_SWITCHING_WHEN_SYSTEM_USER_LOCKED
06-13 14:15:09.656158  1449  1538 D SystemServerTiming: isUserUnlocked-USER_SYSTEM
06-13 14:15:09.657534  1449  3274 D SystemServerTiming: hasUserRestriction-DISALLOW_USER_SWITCH
06-13 14:15:09.657848  1449  3274 D SystemServerTiming: getInt-ALLOW_USER_SWITCHING_WHEN_SYSTEM_USER_LOCKED
06-13 14:15:09.658071  1449  3274 D SystemServerTiming: isUserUnlocked-USER_SYSTEM
06-13 14:15:10.250331  1449  1484 I ActivityManager: Killing 5800:com.google.android.webview:sandboxed_process0:org.chromium.content.app.SandboxedProcessService0:0/u0a131i6 (adj 995): empty #11
06-13 14:15:10.302380  1449  1538 V ActivityManager: Death received in com.android.server.am.ActivityManagerService$AppDeathRecipient@24a2f4a for thread android.os.BinderProxy@13adebb
06-13 14:15:10.306157  1449  1538 W ActivityManager: Scheduling restart of crashed service com.google.android.googlequicksearchbox/org.chromium.content.app.SandboxedProcessService0:0 in 1000ms for connection
06-13 14:15:10.307947  1449  1472 D DisplayManagerService: Drop pending events for gone uid 99006
06-13 14:15:10.317975  1449  1472 E ApplicationHelper: Fail to get PackageManager
06-13 14:15:10.319019  1449  1472 E ApplicationHelper: Fail to get PackageManager
06-13 14:15:10.319163  1449  1472 E ApplicationHelper: Fail to get PackageManager
06-13 14:15:10.319187  1449  1472 E ApplicationHelper: Fail to get PackageManager
06-13 14:15:10.319209  1449  1472 E ApplicationHelper: Fail to get PackageManager
06-13 14:15:10.319226  1449  1472 E ApplicationHelper: Fail to get PackageManager
06-13 14:15:10.319245  1449  1472 E ApplicationHelper: Fail to get PackageManager
06-13 14:15:11.010284  1449  3276 D CoreBackPreview: Window{8664be5 u0 Wired Charging Animation}: Setting back callback null
06-13 14:15:11.012088  1449  1538 D WindowManager: setParent old=WindowToken{2fbcedc type=2009 android.os.BinderProxy@5b0374f},new=null,this window=Window{8664be5 u0 Wired Charging Animation},callers=com.android.server.wm.WindowContainer.removeChild:761 com.android.server.wm.WindowContainer.removeImmediately:819 com.android.server.wm.WindowState.removeImmediately:2386 com.android.server.wm.WindowState.removeIfPossible:2546 com.android.server.wm.WindowManagerService.removeWindow:2028 com.android.server.wm.Session.remove:241 
06-13 14:15:11.012768  1449  1538 D WindowManager: setParent old=Leaf:18:23@63363601,new=null,this window=WindowToken{2fbcedc type=2009 android.os.BinderProxy@5b0374f},callers=com.android.server.wm.WindowContainer.removeChild:761 com.android.server.wm.WindowContainer.removeImmediately:819 com.android.server.wm.WindowToken.setExiting:261 com.android.server.wm.DisplayContent.removeWindowToken:1440 com.android.server.wm.WindowToken.removeImmediately:361 com.android.server.wm.WindowManagerService.postWindowRemoveCleanupLocked:2071 
06-13 14:15:12.210446  1449  1472 E ApplicationHelper: Fail to get PackageManager
06-13 14:15:12.213410  1449  1472 E ApplicationHelper: Fail to get PackageManager
06-13 14:15:13.876213  1449  1474 I DisplayDeviceRepository: Display device changed: DisplayDeviceInfo{"Built-in Screen": uniqueId="local:0", 1080 x 2460, modeId 1, renderFrameRate 60.0, defaultModeId 1, supportedModes [{id=1, width=1080, height=2460, fps=60.0, alternativeRefreshRates=[90.0, 120.00001], supportedHdrTypes=[]}, {id=2, width=1080, height=2460, fps=90.0, alternativeRefreshRates=[60.0, 120.00001], supportedHdrTypes=[]}, {id=3, width=1080, height=2460, fps=120.00001, alternativeRefreshRates=[60.0, 90.0], supportedHdrTypes=[]}], colorMode 0, supportedColorModes [0], hdrCapabilities HdrCapabilities{mSupportedHdrTypes=[], mMaxLuminance=500.0, mMaxAverageLuminance=500.0, mMinLuminance=0.0}, allmSupported false, gameContentTypeSupported false, density 480, 396.261 x 396.26 dpi, appVsyncOff 2400001, presDeadline 28600000, cutout DisplayCutout{insets=Rect(0, 106 - 0, 0) waterfall=Insets{left=0, top=0, right=0, bottom=0} boundingRect={Bounds=[Rect(0, 0 - 0, 0), Rect(500, 0 - 580, 106), Rect(0, 0 - 0, 0), Rect(0, 0 - 0, 0)]} cutoutPathParserInfo={CutoutPathParserInfo{displayWidth=1080 displayHeight=2460 physicalDisplayWidth=1080 physicalDisplayHeight=2460 density={3.0} cutoutSpec={m0,26c-10.605,0 -20.786,4.217 -28.284,11.716c-7.499,7.498 -11.716,17.679 -11.716,28.284c0,10.605 4.217,20.786 11.716,28.284c7.498,7.499 17.679,11.716 28.284,11.716c10.605,0 20.786,-4.217 28.284,-11.716c7.499,-7.498 11.716,-17.679 11.716,-28.284c0,-10.605 -4.217,-20.786 -11.716,-28.284c-7.498,-7.499 -17.679,-11.716 -28.284,-11.716z} rotation={0} scale={1.0} physicalPixelDisplaySizeRatio={1.0}}}}, touch INTERNAL, rotation 0, type INTERNAL, address {port=0}, deviceProductInfo null, state ON, committedState ON, frameRateOverride , brightnessMinimum 0.0, brightnessMaximum 1.0, brightnessDefault 0.4, hdrSdrRatio NaN, FLAG_ALLOWED_TO_BE_DEFAULT_DISPLAY, FLAG_ROTATES_WITH_CONTENT, FLAG_SECURE, FLAG_SUPPORTS_PROTECTED_BUFFERS, FLAG_TRUSTED, installOrientation 0, displayShape DisplayShape{ spec=-1119182123 displayWidth=1080 displayHeight=2460 physicalPixelDisplaySizeRatio=1.0 rotation=0 offsetX=0 offsetY=0 scale=1.0}}
06-13 14:15:13.881598  1449  1474 D DisplayManagerService: Ignore redundant display event 0/2 to 10149/2163
06-13 14:15:13.883126  1449  1474 D DisplayManagerService: Ignore redundant display event 0/2 to 10118/32273
06-13 14:15:15.105836  1449  1472 E ApplicationHelper: Fail to get PackageManager
06-13 14:15:15.243897  1449  1472 E ApplicationHelper: Fail to get PackageManager
06-13 14:15:16.012359  1449  1472 E ApplicationHelper: Fail to get PackageManager
06-13 14:15:16.012581  1449  1538 W ProcessStats: Tracking association SourceState{bc4800a com.google.android.googlequicksearchbox:interactor/10131 BTop #27650} whose proc state 2 is better than process ProcessState{9b0b75 com.google.android.gms.persistent/10122 pkg=com.google.android.gms} proc state 3 (383 skipped)
06-13 14:15:16.019177  1449  1472 E ApplicationHelper: Fail to get PackageManager
06-13 14:15:16.111990  1449  1472 E ApplicationHelper: Fail to get PackageManager
06-13 14:15:16.116960  1449  1472 E ApplicationHelper: Fail to get PackageManager
06-13 14:15:17.104166  1692  2473 D PowerUI : can't show warning due to - plugged: true status unknown: false
06-13 14:15:20.321390  1449  1472 E ApplicationHelper: Fail to get PackageManager
06-13 14:15:20.325730  1449  1472 E ApplicationHelper: Fail to get PackageManager
06-13 14:15:22.021875  1449  1472 E ApplicationHelper: Fail to get PackageManager
06-13 14:15:22.023899  1449  1472 E ApplicationHelper: Fail to get PackageManager
06-13 14:15:24.103424  1449  1472 E ApplicationHelper: Fail to get PackageManager
06-13 14:15:24.127394  1449  1472 E ApplicationHelper: Fail to get PackageManager
06-13 14:15:24.130750  1449  1472 E ApplicationHelper: Fail to get PackageManager
06-13 14:15:24.133953  1449  1472 E ApplicationHelper: Fail to get PackageManager
06-13 14:15:24.137950  1449  1472 E ApplicationHelper: Fail to get PackageManager
06-13 14:15:25.296294  1692  4024 D PowerUI : can't show warning due to - plugged: true status unknown: false
06-13 14:15:29.457824  1449  3276 W ProcessStats: Tracking association SourceState{7db5e50 com.google.android.gms/10122 BTop #27680} whose proc state 2 is better than process ProcessState{9b0b75 com.google.android.gms.persistent/10122 pkg=com.google.android.gms} proc state 3 (191 skipped)
06-13 14:15:30.382188  1449  1591 W ContextImpl: Calling a method in the system process without a qualified user: android.app.ContextImpl.sendStickyBroadcast:1631 com.android.server.wifi.ClientModeImpl.sendNetworkChangeBroadcast:3034 com.android.server.wifi.ClientModeImpl.lambda$sendNetworkChangeBroadcastWithCurrentState$14:3011 com.android.server.wifi.ClientModeImpl.$r8$lambda$q-j88Pjw4gROgoJFr8wBlBVbuJI:0 com.android.server.wifi.ClientModeImpl$$ExternalSyntheticLambda4.send:0 
06-13 14:15:32.148528  1449  6437 I DropBoxManagerService: add tag=data_app_crash isTagEnabled=true flags=0x2
06-13 14:15:32.203386  1449  3259 V ActivityManager: Death received in com.android.server.am.ActivityManagerService$AppDeathRecipient@29b04ef for thread android.os.BinderProxy@75c1bfc
06-13 14:15:32.204097  1449  3259 I ActivityManager: Process io.appium.uiautomator2.server (pid 5207) has died: fg  FGS 
06-13 14:15:32.205518  1449  1472 D DisplayManagerService: Drop pending events for gone uid 10226
06-13 14:15:32.208374  1449  3259 W ActivityManager: Crash of app io.appium.uiautomator2.server running instrumentation ComponentInfo{io.appium.uiautomator2.server.test/androidx.test.runner.AndroidJUnitRunner}
06-13 14:15:32.210571  1449  3259 I ActivityManager: Force stopping io.appium.uiautomator2.server appid=10226 user=0: finished inst
06-13 14:15:32.211113  1449  6438 I ActivityManager: Failure reporting to instrumentation watcher: comp=ComponentInfo{io.appium.uiautomator2.server.test/androidx.test.runner.AndroidJUnitRunner} results=Bundle[{shortMsg=Process crashed.}]
06-13 14:15:32.215295  1449  1472 E ApplicationHelper: Fail to get PackageManager
06-13 14:15:32.215695  1449  1472 E ApplicationHelper: Fail to get PackageManager
06-13 14:15:32.215878  1449  1472 E ApplicationHelper: Fail to get PackageManager
06-13 14:15:32.216049  1449  1472 E ApplicationHelper: Fail to get PackageManager
06-13 14:15:32.216218  1449  1472 E ApplicationHelper: Fail to get PackageManager
06-13 14:15:32.216382  1449  1472 E ApplicationHelper: Fail to get PackageManager
06-13 14:15:32.218670  1449  1485 W ActivityManager: Error shutting down UiAutomationConnection
06-13 14:15:32.520539  1449  3259 I ActivityManager: Force stopping io.appium.uiautomator2.server appid=10226 user=0: from pid 6443
06-13 14:15:32.522534  1449  3259 I AppsFilter: interaction: PackageSetting{d7da879 com.device.farm/10269} -> PackageSetting{6d7a8b4 io.appium.uiautomator2.server/10226} BLOCKED
06-13 14:15:32.522640  1449  3259 I AppsFilter: interaction: PackageSetting{258c58 io.appium.settings/10229} -> PackageSetting{6d7a8b4 io.appium.uiautomator2.server/10226} BLOCKED
06-13 14:15:32.542834  1449  3259 I ActivityManager: Force stopping io.appium.uiautomator2.server.test appid=10227 user=0: from pid 6448
06-13 14:15:32.545859  1449  3259 I AppsFilter: interaction: PackageSetting{d7da879 com.device.farm/10269} -> PackageSetting{baa216c io.appium.uiautomator2.server.test/10227} BLOCKED
06-13 14:15:32.546207  1449  3259 I AppsFilter: interaction: PackageSetting{258c58 io.appium.settings/10229} -> PackageSetting{baa216c io.appium.uiautomator2.server.test/10227} BLOCKED
06-13 14:15:32.708319  1449  1472 E ApplicationHelper: Fail to get PackageManager
06-13 14:15:32.720357  1449  1472 E ApplicationHelper: Fail to get PackageManager
06-13 14:15:32.801750  1449  1472 E ApplicationHelper: Fail to get PackageManager
06-13 14:15:32.857231  1449  1512 V DisplayPowerController2[0]: Brightness [0.05] reason changing to: 'manual [ dim ]', previous reason: 'manual'.
06-13 14:15:32.858218  1449  1512 I DisplayPowerController2[0]: BrightnessEvent: disp=0, physDisp=local:0, brt=0.05, initBrt=0.83137256, rcmdBrt=NaN, preBrt=NaN, lux=0.0, preLux=0.0, hbmMax=1.0, hbmMode=off, rbcStrength=50, thrmMax=1.0, powerFactor=1.0, wasShortTermModelActive=false, flags=, reason=manual [ dim ], autoBrightness=false, strategy=InvalidBrightnessStrategy
06-13 14:15:33.022493  1449  2806 I ActivityManager: Force stopping io.appium.uiautomator2.server appid=10226 user=0: start instr
06-13 14:15:33.023515  1449  1472 E ApplicationHelper: Fail to get PackageManager
06-13 14:15:33.023568  1449  1472 E ApplicationHelper: Fail to get PackageManager
06-13 14:15:33.023585  1449  1472 E ApplicationHelper: Fail to get PackageManager
06-13 14:15:33.027262  1449  2806 D CompatibilityChangeReporter: Compat change id reported: 135634846; UID 10226; state: DISABLED
06-13 14:15:33.027873  1449  2806 D CompatibilityChangeReporter: Compat change id reported: 177438394; UID 10226; state: DISABLED
06-13 14:15:33.028430  1449  2806 D CompatibilityChangeReporter: Compat change id reported: 135772972; UID 10226; state: DISABLED
06-13 14:15:33.028876  1449  2806 D CompatibilityChangeReporter: Compat change id reported: 135754954; UID 10226; state: ENABLED
06-13 14:15:33.029832  1449  1486 D CompatibilityChangeReporter: Compat change id reported: 143937733; UID 10226; state: ENABLED
06-13 14:15:33.031571  1449  1472 E ApplicationHelper: Fail to get PackageManager
06-13 14:15:33.034412  1449  1547 D CompatibilityChangeReporter: Compat change id reported: 265195908; UID 10226; state: ENABLED
06-13 14:15:33.045764  1449  1486 I ActivityManager: Start proc 6470:io.appium.uiautomator2.server/u0a226 for added application io.appium.uiautomator2.server
06-13 14:15:33.101134  1449  2806 V ActivityManager: New death recipient com.android.server.am.ActivityManagerService$AppDeathRecipient@c3f2974 for thread android.os.BinderProxy@93e2e9d
06-13 14:15:33.103553  1449  2806 D CompatibilityChangeReporter: Compat change id reported: 168419799; UID 10226; state: DISABLED
06-13 14:15:33.104279  1449  2806 D CompatibilityChangeReporter: Compat change id reported: 273564678; UID 10226; state: DISABLED
06-13 14:15:33.107926  1449  1472 E ApplicationHelper: Fail to get PackageManager
06-13 14:15:33.121829  1449  2806 D CompatibilityChangeReporter: Compat change id reported: 170503758; UID 10226; state: ENABLED
06-13 14:15:33.222990  1449  3259 I ActivityManager: Flag disabled. Ignoring finishAttachApplication from uid: 10226. pid: 6470
06-13 14:15:33.230087  1449  3259 D ActivityManager: broadcastIntentWithFeature, suppress to broadcastIntent!
06-13 14:15:33.232034  1449  3259 D CompatibilityChangeReporter: Compat change id reported: 161145287; UID 10226; state: ENABLED
06-13 14:15:33.501743  1692  5133 D PowerUI : can't show warning due to - plugged: true status unknown: false
06-13 14:15:34.390538  1449  3259 D AccessibilityManagerService: changeCurrentUserForTestAutomationIfNeededLocked(0): ignoring because device doesn't support visible background users
06-13 14:15:34.390771  1449  3259 I UiAutomationManager: Registering UiTestAutomationService (id=com.android.server.accessibility/UiAutomation) when called by user 0
06-13 14:15:34.399137  1449  3259 W WindowMagnificationMgr: requestConnection duplicated request: connect=false, mConnectionState=DISCONNECTED
06-13 14:15:34.418402  1449  2806 W WindowMagnificationMgr: requestConnection duplicated request: connect=false, mConnectionState=DISCONNECTED
06-13 14:15:34.440424  1449  1449 D BatterySaverPolicy: accessibility changed to true, updating policy.
06-13 14:15:35.350635  1449  1472 E ApplicationHelper: Fail to get PackageManager
06-13 14:15:36.344536  1449  1472 E ApplicationHelper: Fail to get PackageManager
06-13 14:15:36.390311  1449  1512 V DisplayPowerController2[0]: Brightness [0.83137256] reason changing to: 'manual', previous reason: 'manual [ dim ]'.
06-13 14:15:36.390568  1449  1512 I DisplayPowerController2[0]: BrightnessEvent: disp=0, physDisp=local:0, brt=0.83137256, initBrt=0.05, rcmdBrt=NaN, preBrt=NaN, lux=0.0, preLux=0.0, hbmMax=1.0, hbmMode=off, rbcStrength=50, thrmMax=1.0, powerFactor=1.0, wasShortTermModelActive=false, flags=, reason=manual, autoBrightness=false, strategy=InvalidBrightnessStrategy
06-13 14:15:36.391407  1449  1474 D DisplayManagerService: Ignore redundant display event 0/4 to 10149/2163
06-13 14:15:36.391440  1449  1474 D DisplayManagerService: Ignore redundant display event 0/4 to 10124/5920
06-13 14:15:36.391466  1449  1474 D DisplayManagerService: Ignore redundant display event 0/4 to 10118/32273
06-13 14:15:36.394949  1449  2969 D CompatibilityChangeReporter: Compat change id reported: 197654537; UID 1000; state: ENABLED
06-13 14:15:36.422865  1449  1474 I DisplayDeviceRepository: Display device changed: DisplayDeviceInfo{"Built-in Screen": uniqueId="local:0", 1080 x 2460, modeId 2, renderFrameRate 90.0, defaultModeId 1, supportedModes [{id=1, width=1080, height=2460, fps=60.0, alternativeRefreshRates=[90.0, 120.00001], supportedHdrTypes=[]}, {id=2, width=1080, height=2460, fps=90.0, alternativeRefreshRates=[60.0, 120.00001], supportedHdrTypes=[]}, {id=3, width=1080, height=2460, fps=120.00001, alternativeRefreshRates=[60.0, 90.0], supportedHdrTypes=[]}], colorMode 0, supportedColorModes [0], hdrCapabilities HdrCapabilities{mSupportedHdrTypes=[], mMaxLuminance=500.0, mMaxAverageLuminance=500.0, mMinLuminance=0.0}, allmSupported false, gameContentTypeSupported false, density 480, 396.261 x 396.26 dpi, appVsyncOff 7955555, presDeadline 17488889, cutout DisplayCutout{insets=Rect(0, 106 - 0, 0) waterfall=Insets{left=0, top=0, right=0, bottom=0} boundingRect={Bounds=[Rect(0, 0 - 0, 0), Rect(500, 0 - 580, 106), Rect(0, 0 - 0, 0), Rect(0, 0 - 0, 0)]} cutoutPathParserInfo={CutoutPathParserInfo{displayWidth=1080 displayHeight=2460 physicalDisplayWidth=1080 physicalDisplayHeight=2460 density={3.0} cutoutSpec={m0,26c-10.605,0 -20.786,4.217 -28.284,11.716c-7.499,7.498 -11.716,17.679 -11.716,28.284c0,10.605 4.217,20.786 11.716,28.284c7.498,7.499 17.679,11.716 28.284,11.716c10.605,0 20.786,-4.217 28.284,-11.716c7.499,-7.498 11.716,-17.679 11.716,-28.284c0,-10.605 -4.217,-20.786 -11.716,-28.284c-7.498,-7.499 -17.679,-11.716 -28.284,-11.716z} rotation={0} scale={1.0} physicalPixelDisplaySizeRatio={1.0}}}}, touch INTERNAL, rotation 0, type INTERNAL, address {port=0}, deviceProductInfo null, state ON, committedState ON, frameRateOverride , brightnessMinimum 0.0, brightnessMaximum 1.0, brightnessDefault 0.4, hdrSdrRatio NaN, FLAG_ALLOWED_TO_BE_DEFAULT_DISPLAY, FLAG_ROTATES_WITH_CONTENT, FLAG_SECURE, FLAG_SUPPORTS_PROTECTED_BUFFERS, FLAG_TRUSTED, installOrientation 0, displayShape DisplayShape{ spec=-1119182123 displayWidth=1080 displayHeight=2460 physicalPixelDisplaySizeRatio=1.0 rotation=0 offsetX=0 offsetY=0 scale=1.0}}
06-13 14:15:37.353006  1449  1472 D PriAppLock_Starter: DWExchange srcintent: Intent { act=android.intent.action.MAIN cat=[android.intent.category.HOME] flg=0x10000100 cmp=com.android.launcher3/com.android.searchlauncher.SearchLauncher (has extras) }, caller: null, resultTo:null, resultWho:null, requestCode:0, callingPid:0, callingUid:0, callingPackage:null, realCallingPid:0, realCallingUid:-1, flag:10000100, aInfo:ActivityInfo{6e04e72 com.android.searchlauncher.SearchLauncher}, rInfo:null, reason:startHomeActivity: startDockOrHome:0:0:0, inTask:null
06-13 14:15:37.353121  1449  1472 D PriAppLock_Starter: DWExchange callerProcess:null, bindercallingpid:-1
06-13 14:15:37.353212  1449  1472 D PriAppLock_Starter: DWExchange2 caller :null, requestCode: 0, fromsource:0, isblockapp:false, intent=Intent { act=android.intent.action.MAIN cat=[android.intent.category.HOME] flg=0x10000100 cmp=com.android.launcher3/com.android.searchlauncher.SearchLauncher (has extras) }, resultTo=null
06-13 14:15:37.354809  1449  1472 D CompatibilityChangeReporter: Compat change id reported: 265464455; UID 1000; state: DISABLED
06-13 14:15:37.355047  1449  1472 D CompatibilityChangeReporter: Compat change id reported: 265452344; UID 1000; state: DISABLED
06-13 14:15:37.355272  1449  1472 D CompatibilityChangeReporter: Compat change id reported: 266124927; UID 1000; state: DISABLED
06-13 14:15:37.355516  1449  1472 D CompatibilityChangeReporter: Compat change id reported: 265451093; UID 1000; state: DISABLED
06-13 14:15:37.355731  1449  1472 D CompatibilityChangeReporter: Compat change id reported: 265456536; UID 1000; state: DISABLED
06-13 14:15:37.355965  1449  1472 D CompatibilityChangeReporter: Compat change id reported: 255940284; UID 1000; state: DISABLED
06-13 14:15:37.356191  1449  1472 D CompatibilityChangeReporter: Compat change id reported: 236283604; UID 1000; state: DISABLED
06-13 14:15:37.356444  1449  1472 D CompatibilityChangeReporter: Compat change id reported: 263959004; UID 1000; state: DISABLED
06-13 14:15:37.356644  1449  1472 D CompatibilityChangeReporter: Compat change id reported: 264304459; UID 1000; state: DISABLED
06-13 14:15:37.356846  1449  1472 D CompatibilityChangeReporter: Compat change id reported: 264301586; UID 1000; state: DISABLED
06-13 14:15:37.357072  1449  1472 D CompatibilityChangeReporter: Compat change id reported: 254631730; UID 1000; state: DISABLED
06-13 14:15:37.357310  1449  1472 D CompatibilityChangeReporter: Compat change id reported: 273509367; UID 1000; state: DISABLED
06-13 14:15:37.357535  1449  1472 D CompatibilityChangeReporter: Compat change id reported: 263259275; UID 1000; state: DISABLED
06-13 14:15:37.357859  1449  1472 D CompatibilityChangeReporter: Compat change id reported: 174042980; UID 1000; state: DISABLED
06-13 14:15:37.358155  1449  1472 D CompatibilityChangeReporter: Compat change id reported: 174042936; UID 1000; state: DISABLED
06-13 14:15:37.358458  1449  1472 D CompatibilityChangeReporter: Compat change id reported: 181136395; UID 1000; state: DISABLED
06-13 14:15:37.359866  1449  1472 D CompatibilityChangeReporter: Compat change id reported: 194480991; UID 1000; state: ENABLED
06-13 14:15:37.367169  1449  1472 I ActivityTaskManager: START u0 {act=android.intent.action.MAIN cat=[android.intent.category.HOME] flg=0x10000100 cmp=com.android.launcher3/com.android.searchlauncher.SearchLauncher (has extras)} with LAUNCH_SINGLE_TASK from uid 0 (BAL_ALLOW_ALLOWLISTED_UID) result code=3
06-13 14:15:37.367928  1692  1749 D WindowManagerShell: onActivityRestartAttempt: ComponentInfo{com.android.launcher3/com.android.searchlauncher.SearchLauncher}
06-13 14:15:37.377663  1449  1474 I ActivityManager: Killing 5866:com.google.android.webview:webview_apk/u0a136 (adj 999): empty #11
06-13 14:15:37.378747  1449  1474 I ActivityManager: Killing 5793:com.google.android.webview:webview_service/u0a136 (adj 999): empty #12
06-13 14:15:37.380346  1449  1472 E ApplicationHelper: Fail to get PackageManager
06-13 14:15:37.380464  1449  1472 E ApplicationHelper: Fail to get PackageManager
06-13 14:15:37.380486  1449  1472 E ApplicationHelper: Fail to get PackageManager
06-13 14:15:37.380505  1449  1472 E ApplicationHelper: Fail to get PackageManager
06-13 14:15:37.380523  1449  1472 E ApplicationHelper: Fail to get PackageManager
06-13 14:15:37.380540  1449  1472 E ApplicationHelper: Fail to get PackageManager
06-13 14:15:37.380557  1449  1472 E ApplicationHelper: Fail to get PackageManager
06-13 14:15:37.380575  1449  1472 E ApplicationHelper: Fail to get PackageManager
06-13 14:15:37.414995  1449  3267 V ActivityManager: Death received in com.android.server.am.ActivityManagerService$AppDeathRecipient@7abfcae for thread android.os.BinderProxy@7cbca4f
06-13 14:15:37.415669  1449  3267 D CompatibilityChangeReporter: Compat change id reported: 261072174; UID 10136; state: ENABLED
06-13 14:15:37.416056  1449  3276 V ActivityManager: Death received in com.android.server.am.ActivityManagerService$AppDeathRecipient@210aafd for thread android.os.BinderProxy@1e013f2
06-13 14:15:37.419595  1449  1472 D DisplayManagerService: Drop pending events for gone uid 10136
06-13 14:15:39.701886  1449  3276 W ProcessStats: Tracking association SourceState{7db5e50 com.google.android.gms/10122 BTop #27711} whose proc state 2 is better than process ProcessState{9b0b75 com.google.android.gms.persistent/10122 pkg=com.google.android.gms} proc state 3 (124 skipped)
06-13 14:15:39.702707  1449  1472 E ApplicationHelper: Fail to get PackageManager
06-13 14:15:41.672600  1692  5792 D PowerUI : can't show warning due to - plugged: true status unknown: false
06-13 14:15:41.824413  1449  2969 D ActivityTaskManager: Starting activity: rInfo=ResolveInfo{cec276c com.google.android.dialer/.extensions.GoogleDialtactsActivity m=0x0 userHandle=UserHandle{0}}, intent=Intent { act=android.intent.action.MAIN cat=[android.intent.category.LAUNCHER] flg=0x10200000 pkg=com.google.android.dialer cmp=com.google.android.dialer/.extensions.GoogleDialtactsActivity bnds=[25,2031][231,2361] }, userId=0, realCallingPid=2041
06-13 14:15:41.824538  1449  2969 D PriAppLock_Starter: DWExchange srcintent: Intent { act=android.intent.action.MAIN cat=[android.intent.category.LAUNCHER] flg=0x10200000 pkg=com.google.android.dialer cmp=com.google.android.dialer/.extensions.GoogleDialtactsActivity bnds=[25,2031][231,2361] }, caller: android.app.IApplicationThread$Stub$Proxy@e17e135, resultTo:Token{84d9aa2 ActivityRecord{551f684 u0 com.android.launcher3/com.android.searchlauncher.SearchLauncher t411}}, resultWho:null, requestCode:-1, callingPid:-1, callingUid:-1, callingPackage:com.android.launcher3, realCallingPid:2041, realCallingUid:1000, flag:10200000, aInfo:ActivityInfo{ac739ca com.google.android.dialer.extensions.GoogleDialtactsActivity}, rInfo:ResolveInfo{cec276c com.google.android.dialer/.extensions.GoogleDialtactsActivity m=0x0 userHandle=UserHandle{0}}, reason:startActivityAsUser, inTask:null
06-13 14:15:41.824592  1449  2969 D PriAppLock_Starter: DWExchange callerProcess:ProcessRecord{de160c4 2041:com.android.launcher3/1000}, bindercallingpid:-1
06-13 14:15:41.824609  1449  2969 D PriAppLock_Starter: DWExchange isblockapp(db) : false
