06-13 14:15:47.327215  1449  1472 E ApplicationHelper: Fail to get PackageManager
06-13 14:15:47.335284  1449  1805 D MSyncForWMS: setFrameRate: 0.0
06-13 14:15:47.338884  1449  1805 D CoreBackPreview: Window{cdecec4 u0 Splash Screen com.mediatek.engineermode EXITING}: Setting back callback null
06-13 14:15:47.347107  1449  1475 D WindowManager: setParent old=ActivityRecord{9a13332 u0 com.mediatek.engineermode/.EngineerMode t466},new=null,this window=Window{cdecec4 u0 Splash Screen com.mediatek.engineermode},callers=com.android.server.wm.WindowContainer.removeChild:761 com.android.server.wm.ActivityRecord.removeChild:4488 com.android.server.wm.ActivityRecord.removeChild:409 com.android.server.wm.WindowContainer.removeImmediately:819 com.android.server.wm.WindowState.removeImmediately:2386 com.android.server.wm.WindowState.destroySurface:3379 
06-13 14:15:49.807864  1692  6202 D PowerUI : can't show warning due to - plugged: true status unknown: false
06-13 14:15:49.922047  1449  1472 E ApplicationHelper: Fail to get PackageManager
06-13 14:15:49.922179  1449  1484 W ProcessStats: Tracking association SourceState{9a6928b com.mediatek.engineermode/10182 BTop #27850} whose proc state 2 is better than process ProcessState{9b0b75 com.google.android.gms.persistent/10122 pkg=com.google.android.gms} proc state 3 (382 skipped)
06-13 14:15:52.372517  1449  1474 I DisplayDeviceRepository: Display device changed: DisplayDeviceInfo{"Built-in Screen": uniqueId="local:0", 1080 x 2460, modeId 1, renderFrameRate 60.0, defaultModeId 1, supportedModes [{id=1, width=1080, height=2460, fps=60.0, alternativeRefreshRates=[90.0, 120.00001], supportedHdrTypes=[]}, {id=2, width=1080, height=2460, fps=90.0, alternativeRefreshRates=[60.0, 120.00001], supportedHdrTypes=[]}, {id=3, width=1080, height=2460, fps=120.00001, alternativeRefreshRates=[60.0, 90.0], supportedHdrTypes=[]}], colorMode 0, supportedColorModes [0], hdrCapabilities HdrCapabilities{mSupportedHdrTypes=[], mMaxLuminance=500.0, mMaxAverageLuminance=500.0, mMinLuminance=0.0}, allmSupported false, gameContentTypeSupported false, density 480, 396.261 x 396.26 dpi, appVsyncOff 2400001, presDeadline 28600000, cutout DisplayCutout{insets=Rect(0, 106 - 0, 0) waterfall=Insets{left=0, top=0, right=0, bottom=0} boundingRect={Bounds=[Rect(0, 0 - 0, 0), Rect(500, 0 - 580, 106), Rect(0, 0 - 0, 0), Rect(0, 0 - 0, 0)]} cutoutPathParserInfo={CutoutPathParserInfo{displayWidth=1080 displayHeight=2460 physicalDisplayWidth=1080 physicalDisplayHeight=2460 density={3.0} cutoutSpec={m0,26c-10.605,0 -20.786,4.217 -28.284,11.716c-7.499,7.498 -11.716,17.679 -11.716,28.284c0,10.605 4.217,20.786 11.716,28.284c7.498,7.499 17.679,11.716 28.284,11.716c10.605,0 20.786,-4.217 28.284,-11.716c7.499,-7.498 11.716,-17.679 11.716,-28.284c0,-10.605 -4.217,-20.786 -11.716,-28.284c-7.498,-7.499 -17.679,-11.716 -28.284,-11.716z} rotation={0} scale={1.0} physicalPixelDisplaySizeRatio={1.0}}}}, touch INTERNAL, rotation 0, type INTERNAL, address {port=0}, deviceProductInfo null, state ON, committedState ON, frameRateOverride , brightnessMinimum 0.0, brightnessMaximum 1.0, brightnessDefault 0.4, hdrSdrRatio NaN, FLAG_ALLOWED_TO_BE_DEFAULT_DISPLAY, FLAG_ROTATES_WITH_CONTENT, FLAG_SECURE, FLAG_SUPPORTS_PROTECTED_BUFFERS, FLAG_TRUSTED, installOrientation 0, displayShape DisplayShape{ spec=-1119182123 displayWidth=1080 displayHeight=2460 physicalPixelDisplaySizeRatio=1.0 rotation=0 offsetX=0 offsetY=0 scale=1.0}}
06-13 14:15:52.374691  1449  1474 D DisplayManagerService: Ignore redundant display event 0/2 to 10149/2163
06-13 14:15:52.376090  1449  3282 D CompatibilityChangeReporter: Compat change id reported: 170503758; UID 10122; state: ENABLED
06-13 14:15:52.379257  1449  3268 D CompatibilityChangeReporter: Compat change id reported: 170503758; UID 10131; state: ENABLED
06-13 14:15:52.682085  1449  1472 E ApplicationHelper: Fail to get PackageManager
06-13 14:15:52.683173  1449  1484 I ActivityManager: Killing 6210:com.android.settings/1000 (adj 995): empty #11
06-13 14:15:52.684627  1449  1472 E ApplicationHelper: Fail to get PackageManager
06-13 14:15:52.709046  1449  1805 V ActivityManager: Death received in com.android.server.am.ActivityManagerService$AppDeathRecipient@a7b3fa2 for thread android.os.BinderProxy@d29a433
06-13 14:15:52.711687  1449  1472 E ApplicationHelper: Fail to get PackageManager
06-13 14:15:52.711754  1449  1472 E ApplicationHelper: Fail to get PackageManager
06-13 14:15:52.711771  1449  1472 E ApplicationHelper: Fail to get PackageManager
06-13 14:15:52.711783  1449  1472 E ApplicationHelper: Fail to get PackageManager
06-13 14:15:52.711795  1449  1472 E ApplicationHelper: Fail to get PackageManager
06-13 14:15:52.711809  1449  1472 E ApplicationHelper: Fail to get PackageManager
06-13 14:15:52.711821  1449  1472 E ApplicationHelper: Fail to get PackageManager
06-13 14:15:52.711833  1449  1472 E ApplicationHelper: Fail to get PackageManager
06-13 14:15:52.711844  1449  1472 E ApplicationHelper: Fail to get PackageManager
06-13 14:15:53.336960  1449  1472 E ApplicationHelper: Fail to get PackageManager
06-13 14:15:53.550502  1449  1472 E ApplicationHelper: Fail to get PackageManager
06-13 14:15:57.303537  1449  1805 I ActivityManager: Killing 6230:com.google.android.apps.turbo/u0a47 (adj 935): empty #11
06-13 14:15:57.306414  1449  1472 E ApplicationHelper: Fail to get PackageManager
06-13 14:15:57.306725  1449  1472 E ApplicationHelper: Fail to get PackageManager
06-13 14:15:57.310822  1449  1472 E ApplicationHelper: Fail to get PackageManager
06-13 14:15:57.312740  1449  1465 I ActivityManager: Killing 6033:com.google.process.gapps/u0a122 (adj 975): empty #11
06-13 14:15:57.313886  1449  1465 I ActivityManager: Killing 6269:android.process.media/u0a42 (adj 985): empty #12
06-13 14:15:57.315060  1449  1472 E ApplicationHelper: Fail to get PackageManager
06-13 14:15:57.315101  1449  1472 E ApplicationHelper: Fail to get PackageManager
06-13 14:15:57.347379  1449  1805 V ActivityManager: Death received in com.android.server.am.ActivityManagerService$AppDeathRecipient@f150687 for thread android.os.BinderProxy@75b19b4
06-13 14:15:57.352717  1449  3266 V ActivityManager: Death received in com.android.server.am.ActivityManagerService$AppDeathRecipient@d60f976 for thread android.os.BinderProxy@5905b77
06-13 14:15:57.354724  1449  3282 V ActivityManager: Death received in com.android.server.am.ActivityManagerService$AppDeathRecipient@542db29 for thread android.os.BinderProxy@6f3feae
06-13 14:15:57.358616  1449  1472 E ApplicationHelper: Fail to get PackageManager
06-13 14:15:57.358685  1449  1472 E ApplicationHelper: Fail to get PackageManager
06-13 14:15:57.358707  1449  1472 E ApplicationHelper: Fail to get PackageManager
06-13 14:15:57.358727  1449  1472 E ApplicationHelper: Fail to get PackageManager
06-13 14:15:57.358746  1449  1472 E ApplicationHelper: Fail to get PackageManager
06-13 14:15:57.358766  1449  1472 E ApplicationHelper: Fail to get PackageManager
06-13 14:15:57.358786  1449  1472 E ApplicationHelper: Fail to get PackageManager
06-13 14:15:57.358805  1449  1472 E ApplicationHelper: Fail to get PackageManager
06-13 14:15:57.360900  1449  1472 D DisplayManagerService: Drop pending events for gone uid 10047
06-13 14:15:57.369918  1449  1472 D DisplayManagerService: Drop pending events for gone uid 10042
06-13 14:15:57.570343  1449  1472 E ApplicationHelper: Fail to get PackageManager
06-13 14:15:57.575111  1449  1472 E ApplicationHelper: Fail to get PackageManager
06-13 14:15:57.704854  1449  1474 I DisplayDeviceRepository: Display device changed: DisplayDeviceInfo{"Built-in Screen": uniqueId="local:0", 1080 x 2460, modeId 2, renderFrameRate 90.0, defaultModeId 1, supportedModes [{id=1, width=1080, height=2460, fps=60.0, alternativeRefreshRates=[90.0, 120.00001], supportedHdrTypes=[]}, {id=2, width=1080, height=2460, fps=90.0, alternativeRefreshRates=[60.0, 120.00001], supportedHdrTypes=[]}, {id=3, width=1080, height=2460, fps=120.00001, alternativeRefreshRates=[60.0, 90.0], supportedHdrTypes=[]}], colorMode 0, supportedColorModes [0], hdrCapabilities HdrCapabilities{mSupportedHdrTypes=[], mMaxLuminance=500.0, mMaxAverageLuminance=500.0, mMinLuminance=0.0}, allmSupported false, gameContentTypeSupported false, density 480, 396.261 x 396.26 dpi, appVsyncOff 7955555, presDeadline 17488889, cutout DisplayCutout{insets=Rect(0, 106 - 0, 0) waterfall=Insets{left=0, top=0, right=0, bottom=0} boundingRect={Bounds=[Rect(0, 0 - 0, 0), Rect(500, 0 - 580, 106), Rect(0, 0 - 0, 0), Rect(0, 0 - 0, 0)]} cutoutPathParserInfo={CutoutPathParserInfo{displayWidth=1080 displayHeight=2460 physicalDisplayWidth=1080 physicalDisplayHeight=2460 density={3.0} cutoutSpec={m0,26c-10.605,0 -20.786,4.217 -28.284,11.716c-7.499,7.498 -11.716,17.679 -11.716,28.284c0,10.605 4.217,20.786 11.716,28.284c7.498,7.499 17.679,11.716 28.284,11.716c10.605,0 20.786,-4.217 28.284,-11.716c7.499,-7.498 11.716,-17.679 11.716,-28.284c0,-10.605 -4.217,-20.786 -11.716,-28.284c-7.498,-7.499 -17.679,-11.716 -28.284,-11.716z} rotation={0} scale={1.0} physicalPixelDisplaySizeRatio={1.0}}}}, touch INTERNAL, rotation 0, type INTERNAL, address {port=0}, deviceProductInfo null, state ON, committedState ON, frameRateOverride , brightnessMinimum 0.0, brightnessMaximum 1.0, brightnessDefault 0.4, hdrSdrRatio NaN, FLAG_ALLOWED_TO_BE_DEFAULT_DISPLAY, FLAG_ROTATES_WITH_CONTENT, FLAG_SECURE, FLAG_SUPPORTS_PROTECTED_BUFFERS, FLAG_TRUSTED, installOrientation 0, displayShape DisplayShape{ spec=-1119182123 displayWidth=1080 displayHeight=2460 physicalPixelDisplaySizeRatio=1.0 rotation=0 offsetX=0 offsetY=0 scale=1.0}}
06-13 14:15:57.707432  1449  1474 D DisplayManagerService: Ignore redundant display event 0/2 to 10149/2163
06-13 14:15:57.707892  1449  1474 D DisplayManagerService: Ignore redundant display event 0/2 to 10118/32273
06-13 14:15:58.059410  1692  6749 D PowerUI : can't show warning due to - plugged: true status unknown: false
06-13 14:16:00.005904  1449  1449 D priAutoBrightness_PriMinimumBrightnessDelegate: receiver call updateCurrentEnvironmentStatus() action=android.intent.action.TIME_TICK
06-13 14:16:00.006944  1449  1449 D priAutoBrightness_PriMinimumBrightnessDelegate: updateCurrentEnvironmentStatus()
06-13 14:16:00.007277  1449  1449 D priAutoBrightness_PriMinimumBrightnessDelegate: updateCurrentEnvironmentStatus() update mCurrentEnvironmentStatus=1, tempStatus=1, currentBrightness=0
06-13 14:16:00.007463  1449  1449 D priAutoBrightness_PriMinimumBrightnessDelegate: normalizationValue=1416 state:1->1 keep=true statusChanged=false
06-13 14:16:01.668475  1449  1472 E ApplicationHelper: Fail to get PackageManager
06-13 14:16:01.709345  1449  1472 E ApplicationHelper: Fail to get PackageManager
06-13 14:16:01.713631  1449  1472 E ApplicationHelper: Fail to get PackageManager
06-13 14:16:02.316523  1449  3266 D ActivityTaskManager: Starting activity: rInfo=ResolveInfo{9c32261 com.debug.loggerui/.MainActivity m=0x0 userHandle=UserHandle{0}}, intent=Intent { act=android.intent.action.MAIN cmp=com.debug.loggerui/.MainActivity }, userId=0, realCallingPid=6760
06-13 14:16:02.316771  1449  3266 D PriAppLock_Starter: DWExchange srcintent: Intent { act=android.intent.action.MAIN cmp=com.debug.loggerui/.MainActivity }, caller: android.app.IApplicationThread$Stub$Proxy@4956186, resultTo:Token{96a2a00 ActivityRecord{9a13332 u0 com.mediatek.engineermode/.EngineerMode t466}}, resultWho:null, requestCode:-1, callingPid:-1, callingUid:-1, callingPackage:com.mediatek.engineermode, realCallingPid:6760, realCallingUid:10182, flag:0, aInfo:ActivityInfo{af58a47 com.debug.loggerui.MainActivity}, rInfo:ResolveInfo{9c32261 com.debug.loggerui/.MainActivity m=0x0 userHandle=UserHandle{0}}, reason:startActivityAsUser, inTask:null
06-13 14:16:02.316889  1449  3266 D PriAppLock_Starter: DWExchange callerProcess:ProcessRecord{634cf71 6760:com.mediatek.engineermode/u0a182}, bindercallingpid:-1
06-13 14:16:02.316937  1449  3266 D PriAppLock_Starter: DWExchange isblockapp(db) : false
06-13 14:16:02.317010  1449  3266 D PriAppLock_Starter: DWExchange2 caller :android.app.IApplicationThread$Stub$Proxy@4956186, requestCode: -1, fromsource:0, isblockapp:false, intent=Intent { act=android.intent.action.MAIN cmp=com.debug.loggerui/.MainActivity }, resultTo=Token{96a2a00 ActivityRecord{9a13332 u0 com.mediatek.engineermode/.EngineerMode t466}}
06-13 14:16:02.334789  1449  1449 D MBrainLocalService: isVendorFreezeConditionPass is false
06-13 14:16:02.334834  1449  1449 E MBrainLocalService: notifyAppSwitch failed
06-13 14:16:02.337463  1449  3266 I ActivityTaskManager: START u0 {act=android.intent.action.MAIN cmp=com.debug.loggerui/.MainActivity} with LAUNCH_SINGLE_TASK from uid 10182 (BAL_ALLOW_VISIBLE_WINDOW) result code=0
06-13 14:16:02.338371  1692  1749 V WindowManagerShell: Transition requested: android.os.BinderProxy@ad40ca0 TransitionRequestInfo { type = OPEN, triggerTask = TaskInfo{userId=0 taskId=467 displayId=0 isRunning=true baseIntent=Intent { act=android.intent.action.MAIN flg=0x10000000 cmp=com.debug.loggerui/.MainActivity } baseActivity=ComponentInfo{com.debug.loggerui/com.debug.loggerui.MainActivity} topActivity=ComponentInfo{com.debug.loggerui/com.debug.loggerui.MainActivity} origActivity=null realActivity=ComponentInfo{com.debug.loggerui/com.debug.loggerui.MainActivity} numActivities=1 lastActiveTime=19121589 supportsMultiWindow=true resizeMode=1 isResizeable=true minWidth=-1 minHeight=-1 defaultMinSize=220 token=WCT{android.window.IWindowContainerToken$Stub$Proxy@be25059} topActivityType=1 pictureInPictureParams=null shouldDockBigOverlays=false launchIntoPipHostTaskId=-1 lastParentTaskIdBeforePip=-1 displayCutoutSafeInsets=Rect(0, 106 - 0, 0) topActivityInfo=ActivityInfo{1ad841e com.debug.loggerui.MainActivity} launchCookies=[] positionInParent=Point(0, 0) parentTaskId=-1 isFocused=false isVisible=false isVisibleRequested=false isSleeping=false topActivityInSizeCompat=false topActivityEligibleForLetterboxEducation= false topActivityLetterboxed= false isFromDoubleTap= false topActivityLetterboxVerticalPosition= -1 topActivityLetterboxHorizontalPosition= -1 topActivityLetterboxWidth=-1 topActivityLetterboxHeight=-1 locusId=null displayAreaFeatureId=1 cameraCompatControlState=hidden}, remoteTransition = null, displayChange = null }
06-13 14:16:02.344486  1449  1472 E ApplicationHelper: Fail to get PackageManager
06-13 14:16:02.345626  1449  3278 W WindowManager: Changing focus from Window{7052033 u0 com.mediatek.engineermode/com.mediatek.engineermode.EngineerMode} to null displayId=0 Callers=com.android.server.wm.RootWindowContainer.updateFocusedWindowLocked:455 com.android.server.wm.WindowManagerService.updateFocusedWindowLocked:6247 com.android.server.wm.ActivityTaskManagerService.setLastResumedActivityUncheckLocked:4919 com.android.server.wm.ActivityTaskSupervisor.updateTopResumedActivityIfNeeded:2468 
06-13 14:16:02.351528  1449  1449 D MBrainLocalService: isVendorFreezeConditionPass is false
06-13 14:16:02.351582  1449  1449 E MBrainLocalService: notifyAppSwitch failed
06-13 14:16:02.352129  1449  3278 D MSyncForWMS: setFrameRate: 0.0
06-13 14:16:02.354761  1449  1472 E ApplicationHelper: Fail to get PackageManager
06-13 14:16:02.355805  1449  1472 E MBrainLocalService: MBrainJava launch failed: SecurityException
06-13 14:16:02.362513  1449  1472 E ApplicationHelper: Fail to get PackageManager
06-13 14:16:02.363917  1449  1472 E MBrainLocalService: MBrainJava launch failed: SecurityException
06-13 14:16:02.363983  1449  1472 E ApplicationHelper: Fail to get PackageManager
06-13 14:16:02.364430  1449  3282 D CoreBackPreview: Window{2837b3f u0 Splash Screen com.debug.loggerui}: Setting back callback OnBackInvokedCallbackInfo{mCallback=android.window.IOnBackInvokedCallback$Stub$Proxy@be8c5b, mPriority=0, mIsAnimationCallback=false}
06-13 14:16:02.364754  1449  1472 E MBrainLocalService: MBrainJava launch failed: SecurityException
06-13 14:16:02.364790  1449  1472 E ApplicationHelper: Fail to get PackageManager
06-13 14:16:02.364805  1449  1472 E ApplicationHelper: Fail to get PackageManager
06-13 14:16:02.364815  1449  1472 E ApplicationHelper: Fail to get PackageManager
06-13 14:16:02.375035  1449  1547 D CompatibilityChangeReporter: Compat change id reported: 135634846; UID 10120; state: DISABLED
06-13 14:16:02.375409  1449  1547 D CompatibilityChangeReporter: Compat change id reported: 177438394; UID 10120; state: DISABLED
06-13 14:16:02.375612  1449  1547 D CompatibilityChangeReporter: Compat change id reported: 135772972; UID 10120; state: DISABLED
06-13 14:16:02.375871  1449  1547 D CompatibilityChangeReporter: Compat change id reported: 135754954; UID 10120; state: ENABLED
06-13 14:16:02.377012  1449  1486 D CompatibilityChangeReporter: Compat change id reported: 143937733; UID 10120; state: ENABLED
06-13 14:16:02.381045  1449  3266 W WindowManager: finishDrawingWindow: Window{2837b3f u0 Splash Screen com.debug.loggerui} mDrawState=DRAW_PENDING
06-13 14:16:02.382780  1449  1475 W WindowManager: real show surface:Surface(name=Splash Screen com.debug.loggerui)/@0xb657ad4
06-13 14:16:02.388896  1449  1486 I ActivityManager: Start proc 6825:com.google.android.partnersetup/u0a120 for service {com.google.android.partnersetup/com.google.android.partnersetup.InstalledAppJobService}
06-13 14:16:02.391781   513   708 W vold    : Cannot find dev sysfs path
06-13 14:16:02.392109  1449  1449 W StorageManagerService: Failed to get storage lifetime
06-13 14:16:02.392142  1449  1449 I StorageManagerService: Turn off gc_urgent based on checking lifetime and charge status
06-13 14:16:02.392252  1449  1449 I StorageManagerService: Set smart idle maintenance: latest write amount: 207, average write amount: 0, min segment threshold: 512, dirty reclaim rate: 0.5, segment reclaim weight: 2.0, period(min): 60, min gc sleep time(ms): 5000, target dirty ratio: 100
06-13 14:16:02.396532   513   708 W vold    : Reading failed in /sys/fs/f2fs/dm-48/ovp_segments: No such file or directory
06-13 14:16:02.396854  1449  1449 I SmartStorageMaintIdler: Got smart storage maintenance service completion callback
06-13 14:16:02.398442  1449  1449 D CompatibilityChangeReporter: Compat change id reported: 253665015; UID 1000; state: ENABLED
06-13 14:16:02.399456  1692  1749 V WindowManagerShell: onTransitionReady android.os.BinderProxy@ad40ca0: {id=156 t=OPEN f=0x0 trk=0 r=[0@Point(0, 0)] c=[{WCT{android.window.IWindowContainerToken$Stub$Proxy@ed130ce} m=OPEN f=NONE leash=Surface(name=Task=467)/@0xefc1993 sb=Rect(0, 0 - 1080, 2460) eb=Rect(0, 0 - 1080, 2460) d=0},{WCT{android.window.IWindowContainerToken$Stub$Proxy@944bbef} m=TO_BACK f=NONE leash=Surface(name=Task=466)/@0xbd3ddd0 sb=Rect(0, 0 - 1080, 2460) eb=Rect(0, 0 - 1080, 2460) d=0}]}
06-13 14:16:02.399660  1692  1749 V WindowManagerShell: Playing animation for (#156)android.os.BinderProxy@ad40ca0@0
06-13 14:16:02.399765  1692  1749 V WindowManagerShell:  try handler com.android.wm.shell.transition.DefaultMixedHandler@773dfc6
06-13 14:16:02.399808  1692  1749 V WindowManagerShell:  try handler com.android.wm.shell.keyguard.KeyguardTransitionHandler@3a8cb87
06-13 14:16:02.399826  1692  1749 V WindowManagerShell:  try handler com.android.wm.shell.activityembedding.ActivityEmbeddingController@e4bfab4
06-13 14:16:02.399845  1692  1749 V WindowManagerShell:  try handler com.android.wm.shell.recents.RecentsTransitionHandler@7f4c6dd
06-13 14:16:02.399873  1692  1749 V ShellRecents: RecentsTransitionHandler.startAnimation: no controller found
06-13 14:16:02.399896  1692  1749 V WindowManagerShell:  try handler com.android.wm.shell.pip.PipTransition@3be3252
06-13 14:16:02.399932  1692  1749 V WindowManagerShell:  try handler com.android.wm.shell.splitscreen.StageCoordinator@8bc9923
06-13 14:16:02.399973  1692  1749 V WindowManagerShell:  try handler com.android.wm.shell.transition.RemoteTransitionHandler@3080e20
06-13 14:16:02.400001  1449  1471 V WindowManager: Sent Transition #156 createdAt=06-13 14:16:02.321 via request=TransitionRequestInfo { type = OPEN, triggerTask = TaskInfo{userId=0 taskId=467 displayId=0 isRunning=true baseIntent=Intent { act=android.intent.action.MAIN flg=0x10000000 cmp=com.debug.loggerui/.MainActivity } baseActivity=ComponentInfo{com.debug.loggerui/com.debug.loggerui.MainActivity} topActivity=ComponentInfo{com.debug.loggerui/com.debug.loggerui.MainActivity} origActivity=null realActivity=ComponentInfo{com.debug.loggerui/com.debug.loggerui.MainActivity} numActivities=1 lastActiveTime=19121589 supportsMultiWindow=true resizeMode=1 isResizeable=true minWidth=-1 minHeight=-1 defaultMinSize=220 token=WCT{RemoteToken{8730aca Task{ff683e3 #467 type=standard A=10181:com.debug.loggerui}}} topActivityType=1 pictureInPictureParams=null shouldDockBigOverlays=false launchIntoPipHostTaskId=-1 lastParentTaskIdBeforePip=-1 displayCutoutSafeInsets=Rect(0, 106 - 0, 0) topActivityInfo=ActivityInfo{af58a47 com.debug.loggerui.MainActivity} launchCookies=[] positionInParent=Point(0, 0) parentTaskId=-1 isFocused=false isVisible=false isVisibleRequested=false isSleeping=false topActivityInSizeCompat=false topActivityEligibleForLetterboxEducation= false topActivityLetterboxed= false isFromDoubleTap= false topActivityLetterboxVerticalPosition= -1 topActivityLetterboxHorizontalPosition= -1 topActivityLetterboxWidth=-1 topActivityLetterboxHeight=-1 locusId=null displayAreaFeatureId=1 cameraCompatControlState=hidden}, remoteTransition = null, displayChange = null }
06-13 14:16:02.400050  1449  1471 V WindowManager:     startWCT=WindowContainerTransaction { changes = {} hops = [] errorCallbackToken=null taskFragmentOrganizer=null }
06-13 14:16:02.400069  1692  1749 V WindowManagerShell: Transition doesn't have explicit remote, search filters for match for {id=156 t=OPEN f=0x0 trk=0 r=[0@Point(0, 0)] c=[{WCT{android.window.IWindowContainerToken$Stub$Proxy@ed130ce} m=OPEN f=NONE leash=Surface(name=Task=467)/@0xefc1993 sb=Rect(0, 0 - 1080, 2460) eb=Rect(0, 0 - 1080, 2460) d=0},{WCT{android.window.IWindowContainerToken$Stub$Proxy@944bbef} m=TO_BACK f=NONE leash=Surface(name=Task=466)/@0xbd3ddd0 sb=Rect(0, 0 - 1080, 2460) eb=Rect(0, 0 - 1080, 2460) d=0}]}
06-13 14:16:02.400174  1449  1471 V WindowManager:     info={id=156 t=OPEN f=0x0 trk=0 r=[0@Point(0, 0)] c=[{WCT{RemoteToken{8730aca Task{ff683e3 #467 type=standard A=10181:com.debug.loggerui}}} m=OPEN f=NONE leash=Surface(name=Task=467)/@0xec1a0be sb=Rect(0, 0 - 1080, 2460) eb=Rect(0, 0 - 1080, 2460) d=0},{WCT{RemoteToken{f91ca8d Task{1e83883 #466 type=standard A=10182:com.mediatek.engineermode}}} m=TO_BACK f=NONE leash=Surface(name=Task=466)/@0x809d2b6 sb=Rect(0, 0 - 1080, 2460) eb=Rect(0, 0 - 1080, 2460) d=0}]}
06-13 14:16:02.400183  1692  1749 V WindowManagerShell:  Checking filter Pair{{types=[] flags=0x0] notFlags=0x100 checks=[{atype=home independent=true modes=[OPEN,TO_FRONT] flags=NONE mustBeTask=false order=TOP topActivity=ComponentInfo{com.android.launcher3/com.android.searchlauncher.SearchLauncher}},{atype=standard independent=true modes=[CLOSE,TO_BACK] flags=NONE mustBeTask=false order=ANY topActivity=null}]} RemoteTransition { remoteTransition = android.window.IRemoteTransition$Stub$Proxy@e30ccfd, appThread = android.app.IApplicationThread$Stub$Proxy@1ea8df2, debugName = QuickstepLaunchHome }}
06-13 14:16:02.400263  1692  1749 V WindowManagerShell:  Delegate animation for #156 to null
06-13 14:16:02.400280  1692  1749 V WindowManagerShell:  try handler com.android.wm.shell.transition.DefaultTransitionHandler@b7bf3d9
06-13 14:16:02.400331  1692  1749 V WindowManagerShell: start default transition animation, info = {id=156 t=OPEN f=0x0 trk=0 r=[0@Point(0, 0)] c=[{WCT{android.window.IWindowContainerToken$Stub$Proxy@ed130ce} m=OPEN f=NONE leash=Surface(name=Task=467)/@0xefc1993 sb=Rect(0, 0 - 1080, 2460) eb=Rect(0, 0 - 1080, 2460) d=0},{WCT{android.window.IWindowContainerToken$Stub$Proxy@944bbef} m=TO_BACK f=NONE leash=Surface(name=Task=466)/@0xbd3ddd0 sb=Rect(0, 0 - 1080, 2460) eb=Rect(0, 0 - 1080, 2460) d=0}]}
06-13 14:16:02.400674  1692  1749 V WindowManagerShell: loadAnimation: anim=android.view.animation.AnimationSet@d6106fc animAttr=0x9 type=OPEN isEntrance=false
06-13 14:16:02.401063  1449  1449 D CompatibilityChangeReporter: Compat change id reported: 194532703; UID 1000; state: ENABLED
06-13 14:16:02.401250  1692  1749 V WindowManagerShell: loadAnimation: anim=android.view.animation.AnimationSet@558f185 animAttr=0x8 type=OPEN isEntrance=true
06-13 14:16:02.404600  1692  1749 V WindowManagerShell:  animated by com.android.wm.shell.transition.DefaultTransitionHandler@b7bf3d9
06-13 14:16:02.410795  1449  1449 W JobScheduler: Job didn't exist in JobStore: 462996a #1000/2808 android/com.android.server.SmartStorageMaintIdler
06-13 14:16:02.411299  1449  3278 D CoreBackPreview: Window{4bc5635 u0 com.debug.loggerui/com.debug.loggerui.MainActivity}: Setting back callback OnBackInvokedCallbackInfo{mCallback=android.window.IOnBackInvokedCallback$Stub$Proxy@326f917, mPriority=0, mIsAnimationCallback=false}
06-13 14:16:02.421334  1449  3278 W WindowManager: Changing focus from null to Window{4bc5635 u0 com.debug.loggerui/com.debug.loggerui.MainActivity} displayId=0 Callers=com.android.server.wm.RootWindowContainer.updateFocusedWindowLocked:455 com.android.server.wm.WindowManagerService.updateFocusedWindowLocked:6247 com.android.server.wm.WindowManagerService.relayoutWindow:2533 com.android.server.wm.Session.relayout:259 
06-13 14:16:02.422558  1449  3266 V ActivityManager: New death recipient com.android.server.am.ActivityManagerService$AppDeathRecipient@7b036a5 for thread android.os.BinderProxy@f4bba7a
06-13 14:16:02.424612  1449  3278 I WindowManager: Relayout Window{4bc5635 u0 com.debug.loggerui/com.debug.loggerui.MainActivity}: oldVis=4 newVis=0 focusMayChange = true requestedWidth = 1080 requestedHeight = 2460 outFrames = ClientWindowFrames{frame=[0,0][1080,2460] display=[0,0][1080,2460] parentFrame=[0,0][0,0]} outSurfaceControl = Surface(name=com.debug.loggerui/com.debug.loggerui.MainActivity)/@0x2129821
06-13 14:16:02.427018  1449  3266 D CompatibilityChangeReporter: Compat change id reported: 168419799; UID 10120; state: DISABLED
06-13 14:16:02.427217  1449  3266 D CompatibilityChangeReporter: Compat change id reported: 273564678; UID 10120; state: DISABLED
06-13 14:16:02.431765  1449  1472 E ApplicationHelper: Fail to get PackageManager
06-13 14:16:02.432225  1449  1547 D CompatibilityChangeReporter: Compat change id reported: 265195908; UID 10120; state: ENABLED
06-13 14:16:02.437206  1449  3282 D CompatibilityChangeReporter: Compat change id reported: 170503758; UID 10120; state: ENABLED
06-13 14:16:02.443697  1449  3282 W WindowManager: finishDrawingWindow: Window{4bc5635 u0 com.debug.loggerui/com.debug.loggerui.MainActivity} mDrawState=DRAW_PENDING
06-13 14:16:02.451210  1449  1475 W WindowManager: real show surface:Surface(name=com.debug.loggerui/com.debug.loggerui.MainActivity)/@0xa320ea0
06-13 14:16:02.461498  1449  1472 E ApplicationHelper: Fail to get PackageManager
06-13 14:16:02.484810  1449  1805 W PackageConfigPersister: App-specific configuration not found for packageName: com.debug.loggerui and userId: 0
06-13 14:16:02.503859  1449  1805 D CompatibilityChangeReporter: Compat change id reported: 253665015; UID 10120; state: ENABLED
06-13 14:16:02.504226  1449  1805 D CompatibilityChangeReporter: Compat change id reported: 194532703; UID 10120; state: ENABLED
06-13 14:16:02.507580  1449  1805 I ActivityManager: Flag disabled. Ignoring finishAttachApplication from uid: 10120. pid: 6825
06-13 14:16:02.551271  1449  1547 D CompatibilityChangeReporter: Compat change id reported: 135634846; UID 10047; state: DISABLED
06-13 14:16:02.552033  1449  1547 D CompatibilityChangeReporter: Compat change id reported: 177438394; UID 10047; state: DISABLED
06-13 14:16:02.552240  1449  1547 D CompatibilityChangeReporter: Compat change id reported: 135772972; UID 10047; state: DISABLED
06-13 14:16:02.552482  1449  1547 D CompatibilityChangeReporter: Compat change id reported: 135754954; UID 10047; state: ENABLED
06-13 14:16:02.553616  1449  1486 D CompatibilityChangeReporter: Compat change id reported: 143937733; UID 10047; state: ENABLED
06-13 14:16:02.559909  1449  1472 E ApplicationHelper: Fail to get PackageManager
06-13 14:16:02.559956  1449  1472 E ApplicationHelper: Fail to get PackageManager
06-13 14:16:02.559983  1449  1805 W JobScheduler: Job didn't exist in JobStore: 4b0907e #u0a120/4096 com.google.android.partnersetup/.InstalledAppJobService
06-13 14:16:02.567671  1449  1472 E ApplicationHelper: Fail to get PackageManager
06-13 14:16:02.569031  1449  1805 I ActivityManager: Killing 6312:com.google.android.as.oss/u0a115 (adj 995): empty #11
06-13 14:16:02.571000  1449  1472 E ApplicationHelper: Fail to get PackageManager
06-13 14:16:02.571035  1449  1472 E ApplicationHelper: Fail to get PackageManager
06-13 14:16:02.571585  1449  1486 I ActivityManager: Start proc 6851:com.google.android.apps.turbo:aab/u0a47 for service {com.google.android.apps.turbo/com.google.android.libraries.smartbattery.appusage.library.InferAppBucketsJob}
06-13 14:16:02.612548  1449  1472 E ApplicationHelper: Fail to get PackageManager
06-13 14:16:02.616726  1449  1472 E ApplicationHelper: Fail to get PackageManager
06-13 14:16:02.616774  1449  1472 E ApplicationHelper: Fail to get PackageManager
06-13 14:16:02.619931  1449  3282 V ActivityManager: New death recipient com.android.server.am.ActivityManagerService$AppDeathRecipient@6e53b7e for thread android.os.BinderProxy@92ee8df
06-13 14:16:02.620863  1449  3282 D CompatibilityChangeReporter: Compat change id reported: 168419799; UID 10047; state: DISABLED
06-13 14:16:02.621077  1449  3282 D CompatibilityChangeReporter: Compat change id reported: 273564678; UID 10047; state: DISABLED
06-13 14:16:02.623098  1449  1472 E ApplicationHelper: Fail to get PackageManager
06-13 14:16:02.625634  1449  3282 V ActivityManager: Death received in com.android.server.am.ActivityManagerService$AppDeathRecipient@64c93d0 for thread android.os.BinderProxy@6847fc9
06-13 14:16:02.625731  1449  1547 D CompatibilityChangeReporter: Compat change id reported: 265195908; UID 10047; state: ENABLED
06-13 14:16:02.626929  1449  1472 D DisplayManagerService: Drop pending events for gone uid 10115
06-13 14:16:02.635227  1449  1472 E ApplicationHelper: Fail to get PackageManager
06-13 14:16:02.635673  1449  1472 E ApplicationHelper: Fail to get PackageManager
06-13 14:16:02.635780  1449  1472 E ApplicationHelper: Fail to get PackageManager
06-13 14:16:02.635800  1449  1472 E ApplicationHelper: Fail to get PackageManager
06-13 14:16:02.637707  1449  1805 D CompatibilityChangeReporter: Compat change id reported: 170503758; UID 10047; state: ENABLED
06-13 14:16:02.658866  1449  1805 D CompatibilityChangeReporter: Compat change id reported: 261072174; UID 10120; state: ENABLED
06-13 14:16:02.695076  1449  3266 I ActivityManager: Flag disabled. Ignoring finishAttachApplication from uid: 10047. pid: 6851
06-13 14:16:02.700619  1449  1805 D CompatibilityChangeReporter: Compat change id reported: 161145287; UID 10047; state: DISABLED
06-13 14:16:02.706649  1449  1472 E ApplicationHelper: Fail to get PackageManager
06-13 14:16:02.706711  1449  1472 E ApplicationHelper: Fail to get PackageManager
06-13 14:16:02.711060  1449  1472 E ApplicationHelper: Fail to get PackageManager
06-13 14:16:02.712665  1449  1472 E ApplicationHelper: Fail to get PackageManager
06-13 14:16:02.712708  1449  1472 E ApplicationHelper: Fail to get PackageManager
06-13 14:16:02.721440  1449  1472 E ApplicationHelper: Fail to get PackageManager
06-13 14:16:02.735045  1449  1472 E ApplicationHelper: Fail to get PackageManager
06-13 14:16:02.763987  1449  1805 D CoreBackPreview: Window{2837b3f u0 Splash Screen com.debug.loggerui EXITING}: Setting back callback null
06-13 14:16:02.767982  1449  3266 D WindowManager: setParent old=ActivityRecord{cd61012 u0 com.debug.loggerui/.MainActivity t467},new=null,this window=Window{2837b3f u0 Splash Screen com.debug.loggerui},callers=com.android.server.wm.WindowContainer.removeChild:761 com.android.server.wm.ActivityRecord.removeChild:4488 com.android.server.wm.ActivityRecord.removeChild:409 com.android.server.wm.WindowContainer.removeImmediately:819 com.android.server.wm.WindowState.removeImmediately:2386 com.android.server.wm.WindowState.removeIfPossible:2546 
06-13 14:16:02.777041  1449  1472 E ApplicationHelper: Fail to get PackageManager
06-13 14:16:02.777096  1449  1472 E ApplicationHelper: Fail to get PackageManager
06-13 14:16:02.777107  1449  1472 E ApplicationHelper: Fail to get PackageManager
06-13 14:16:02.777116  1449  1472 E ApplicationHelper: Fail to get PackageManager
06-13 14:16:02.777206  1449  1472 E ApplicationHelper: Fail to get PackageManager
06-13 14:16:02.777217  1449  1472 E ApplicationHelper: Fail to get PackageManager
06-13 14:16:02.777227  1449  1472 E ApplicationHelper: Fail to get PackageManager
06-13 14:16:02.777236  1449  1472 E ApplicationHelper: Fail to get PackageManager
06-13 14:16:02.792143  1449  1472 E ApplicationHelper: Fail to get PackageManager
06-13 14:16:02.800560  1449  1472 E ApplicationHelper: Fail to get PackageManager
06-13 14:16:02.802347  1449  1472 E ApplicationHelper: Fail to get PackageManager
06-13 14:16:02.802399  1449  1472 E ApplicationHelper: Fail to get PackageManager
06-13 14:16:02.804920  1449  1472 E ApplicationHelper: Fail to get PackageManager
06-13 14:16:02.830817  1449  1472 E ApplicationHelper: Fail to get PackageManager
06-13 14:16:02.832437  1449  1472 E ApplicationHelper: Fail to get PackageManager
06-13 14:16:02.833919  1449  1472 E ApplicationHelper: Fail to get PackageManager
06-13 14:16:02.833966  1449  1472 E ApplicationHelper: Fail to get PackageManager
06-13 14:16:02.868245  1449  3266 D CompatibilityChangeReporter: Compat change id reported: 218533173; UID 10182; state: ENABLED
06-13 14:16:02.868868  1449  3266 D CompatibilityChangeReporter: Compat change id reported: 262645982; UID 10182; state: ENABLED
06-13 14:16:02.870824  1449  3266 D CompatibilityChangeReporter: Compat change id reported: 218533173; UID 10198; state: ENABLED
06-13 14:16:02.871163  1449  3266 D CompatibilityChangeReporter: Compat change id reported: 262645982; UID 10198; state: ENABLED
06-13 14:16:02.871953  1449  3266 D CompatibilityChangeReporter: Compat change id reported: 218533173; UID 10118; state: ENABLED
06-13 14:16:02.872546  1449  3266 D CompatibilityChangeReporter: Compat change id reported: 262645982; UID 10118; state: ENABLED
06-13 14:16:02.872948  1449  3266 D CompatibilityChangeReporter: Compat change id reported: 218533173; UID 10152; state: ENABLED
06-13 14:16:02.873397  1449  3266 D CompatibilityChangeReporter: Compat change id reported: 262645982; UID 10152; state: ENABLED
06-13 14:16:02.874616  1449  1449 W AccessibilityManagerService:  wait for adding window timeout: 264
06-13 14:16:02.913805  1449  1805 D CompatibilityChangeReporter: Compat change id reported: 253665015; UID 10047; state: DISABLED
06-13 14:16:02.914584  1449  1805 D CompatibilityChangeReporter: Compat change id reported: 194532703; UID 10047; state: ENABLED
06-13 14:16:02.914722  1449  1472 E ApplicationHelper: Fail to get PackageManager
06-13 14:16:02.914761  1449  1472 E ApplicationHelper: Fail to get PackageManager
06-13 14:16:02.921356  1449  1472 E ApplicationHelper: Fail to get PackageManager
06-13 14:16:02.922871  1449  3266 I ActivityManager: Killing 6073:com.android.vending:background/u0a124 (adj 995): empty #11
06-13 14:16:02.924654  1449  1472 E ApplicationHelper: Fail to get PackageManager
06-13 14:16:02.924699  1449  1472 E ApplicationHelper: Fail to get PackageManager
06-13 14:16:02.925466  1692  1749 V WindowManagerShell: Transition animation finished (aborted=false), notifying core (#156)android.os.BinderProxy@ad40ca0@0
06-13 14:16:02.927278  1449  1471 V WindowManager: Finish Transition #156: created at 06-13 14:16:02.321 collect-started=0.119ms request-sent=14.988ms started=17.902ms ready=28.813ms sent=75.533ms finished=605.052ms
06-13 14:16:02.930839  1449  1472 E ApplicationHelper: Fail to get PackageManager
06-13 14:16:02.934433  1449  1472 E ApplicationHelper: Fail to get PackageManager
06-13 14:16:02.934474  1449  1472 E ApplicationHelper: Fail to get PackageManager
06-13 14:16:02.935604  1692  1749 V WindowManagerShell: Track 0 became idle
06-13 14:16:02.935650  1692  1749 V WindowManagerShell: All active transition animations finished
06-13 14:16:02.936102  1449  1472 E ApplicationHelper: Fail to get PackageManager
06-13 14:16:02.937095  1449  1475 D MSyncForWMS: setFrameRate: 2060.0
06-13 14:16:02.938063  1449  1472 E ApplicationHelper: Fail to get PackageManager
06-13 14:16:02.938098  1449  1472 E ApplicationHelper: Fail to get PackageManager
06-13 14:16:02.938734  1449  1472 E ApplicationHelper: Fail to get PackageManager
06-13 14:16:02.938768  1449  1472 E ApplicationHelper: Fail to get PackageManager
06-13 14:16:02.938778  1449  1472 E ApplicationHelper: Fail to get PackageManager
06-13 14:16:02.938788  1449  1472 E ApplicationHelper: Fail to get PackageManager
06-13 14:16:02.939817  1449  1547 D CompatibilityChangeReporter: Compat change id reported: 265195908; UID 10182; state: ENABLED
06-13 14:16:02.985293  1449  1472 E ApplicationHelper: Fail to get PackageManager
06-13 14:16:02.985372  1449  1472 E ApplicationHelper: Fail to get PackageManager
06-13 14:16:02.985397  1449  1472 E ApplicationHelper: Fail to get PackageManager
06-13 14:16:02.985418  1449  1472 E ApplicationHelper: Fail to get PackageManager
06-13 14:16:02.985438  1449  1472 E ApplicationHelper: Fail to get PackageManager
06-13 14:16:02.985458  1449  1472 E ApplicationHelper: Fail to get PackageManager
06-13 14:16:02.985479  1449  1472 E ApplicationHelper: Fail to get PackageManager
06-13 14:16:02.985500  1449  1472 E ApplicationHelper: Fail to get PackageManager
06-13 14:16:02.985520  1449  1472 E ApplicationHelper: Fail to get PackageManager
06-13 14:16:02.985613  1449  3266 V ActivityManager: Death received in com.android.server.am.ActivityManagerService$AppDeathRecipient@35e483c for thread android.os.BinderProxy@38f39c5
06-13 14:16:02.990449  1449  1472 D DisplayManagerService: Drop pending events for gone uid 10124
06-13 14:16:03.002607  1449  3266 D CompatibilityChangeReporter: Compat change id reported: 135634846; UID 10122; state: DISABLED
06-13 14:16:03.003301  1449  3266 D CompatibilityChangeReporter: Compat change id reported: 177438394; UID 10122; state: DISABLED
06-13 14:16:03.003773  1449  3266 D CompatibilityChangeReporter: Compat change id reported: 135772972; UID 10122; state: DISABLED
06-13 14:16:03.004166  1449  3266 D CompatibilityChangeReporter: Compat change id reported: 135754954; UID 10122; state: ENABLED
06-13 14:16:03.005218  1449  1486 D CompatibilityChangeReporter: Compat change id reported: 143937733; UID 10122; state: ENABLED
06-13 14:16:03.019869  1449  1486 I ActivityManager: Start proc 6882:com.google.process.gapps/u0a122 for content provider {com.google.android.gsf/com.google.android.gsf.settings.GoogleSettingsProvider}
06-13 14:16:03.046729  1449  3266 V ActivityManager: New death recipient com.android.server.am.ActivityManagerService$AppDeathRecipient@279ee11 for thread android.os.BinderProxy@699bb76
06-13 14:16:03.049516  1449  3266 D CompatibilityChangeReporter: Compat change id reported: 168419799; UID 10122; state: DISABLED
06-13 14:16:03.050406  1449  3266 D CompatibilityChangeReporter: Compat change id reported: 273564678; UID 10122; state: DISABLED
06-13 14:16:03.058950  1449  3266 D CompatibilityChangeReporter: Compat change id reported: 170503758; UID 10122; state: ENABLED
06-13 14:16:03.117701  6882  6882 D MbrainDebugManagerImpl: getService failed
06-13 14:16:03.123749  1449  3282 I ActivityManager: Flag disabled. Ignoring finishAttachApplication from uid: 10122. pid: 6882
06-13 14:16:03.211404  1449  1485 D CompatibilityChangeReporter: Compat change id reported: 135634846; UID 10152; state: DISABLED
06-13 14:16:03.212793  1449  1486 D CompatibilityChangeReporter: Compat change id reported: 143937733; UID 10152; state: ENABLED
06-13 14:16:03.232642  1449  1486 I ActivityManager: Start proc 6901:com.android.chrome/u0a152 for broadcast {com.android.chrome/com.google.android.apps.chrome.rlz.RevenueStatsConfigurationUpdateReceiver}
06-13 14:16:03.260218  1449  3282 V ActivityManager: New death recipient com.android.server.am.ActivityManagerService$AppDeathRecipient@ba8993f for thread android.os.BinderProxy@b34a20c
06-13 14:16:03.262560  1449  3282 D CompatibilityChangeReporter: Compat change id reported: 168419799; UID 10152; state: DISABLED
06-13 14:16:03.262982  1449  3282 D CompatibilityChangeReporter: Compat change id reported: 273564678; UID 10152; state: DISABLED
06-13 14:16:03.266956  1449  1472 E ApplicationHelper: Fail to get PackageManager
06-13 14:16:03.267348  1449  1547 D CompatibilityChangeReporter: Compat change id reported: 265195908; UID 10152; state: ENABLED
06-13 14:16:03.274366  1449  3282 D CompatibilityChangeReporter: Compat change id reported: 170503758; UID 10152; state: ENABLED
06-13 14:16:03.276680  1449  1472 E ApplicationHelper: Fail to get PackageManager
06-13 14:16:03.276732  1449  1472 E ApplicationHelper: Fail to get PackageManager
06-13 14:16:03.277833  1449  1472 E ApplicationHelper: Fail to get PackageManager
06-13 14:16:03.278950  1449  3266 I ActivityManager: Killing 6697:com.pri.factorytest/1000 (adj 975): empty #11
06-13 14:16:03.279982  1449  3266 I ActivityManager: Killing 6666:com.google.android.apps.wellbeing/u0a125 (adj 985): empty #12
06-13 14:16:03.281491  1449  1472 E ApplicationHelper: Fail to get PackageManager
06-13 14:16:03.281542  1449  1472 E ApplicationHelper: Fail to get PackageManager
06-13 14:16:03.302132  1449  3266 V ActivityManager: Death received in com.android.server.am.ActivityManagerService$AppDeathRecipient@6f97e04 for thread android.os.BinderProxy@7b80fed
06-13 14:16:03.311755  1449  1472 E ApplicationHelper: Fail to get PackageManager
06-13 14:16:03.311830  1449  1472 E ApplicationHelper: Fail to get PackageManager
06-13 14:16:03.311847  1449  1472 E ApplicationHelper: Fail to get PackageManager
06-13 14:16:03.311860  1449  1472 E ApplicationHelper: Fail to get PackageManager
06-13 14:16:03.311872  1449  1472 E ApplicationHelper: Fail to get PackageManager
06-13 14:16:03.311883  1449  1472 E ApplicationHelper: Fail to get PackageManager
06-13 14:16:03.312501  1449  3276 V ActivityManager: Death received in com.android.server.am.ActivityManagerService$AppDeathRecipient@97a6f98 for thread android.os.BinderProxy@eb203f1
06-13 14:16:03.314797  1449  3276 D CompatibilityChangeReporter: Compat change id reported: 261072174; UID 10125; state: ENABLED
06-13 14:16:03.315518  1449  3276 D CompatibilityChangeReporter: Compat change id reported: 261072174; UID 10122; state: ENABLED
06-13 14:16:03.317052  1449  3276 W ActivityManager: Scheduling restart of crashed service com.google.android.apps.wellbeing/.screen.ui.GrayscaleTileService in 1000ms for connection
06-13 14:16:03.317657  1449  1472 D DisplayManagerService: Drop pending events for gone uid 10125
06-13 14:16:03.365466  1449  1665 D CompatibilityChangeReporter: Compat change id reported: 161145287; UID 10152; state: ENABLED
06-13 14:16:03.371483  1449  1665 I ActivityManager: Flag disabled. Ignoring finishAttachApplication from uid: 10152. pid: 6901
06-13 14:16:03.377539  1449  1665 I ActivityManager: Killing 6698:com.google.android.contacts/u0a137 (adj 965): empty #11
06-13 14:16:03.378895  1449  1472 E ApplicationHelper: Fail to get PackageManager
06-13 14:16:03.378962  1449  1472 E ApplicationHelper: Fail to get PackageManager
06-13 14:16:03.417004  1449  3266 V ActivityManager: Death received in com.android.server.am.ActivityManagerService$AppDeathRecipient@5e930b3 for thread android.os.BinderProxy@e927670
06-13 14:16:03.418928  1449  1472 D DisplayManagerService: Drop pending events for gone uid 10137
06-13 14:16:03.422021  1449  1472 E ApplicationHelper: Fail to get PackageManager
06-13 14:16:03.422083  1449  1472 E ApplicationHelper: Fail to get PackageManager
06-13 14:16:03.422107  1449  1472 E ApplicationHelper: Fail to get PackageManager
06-13 14:16:03.422129  1449  1472 E ApplicationHelper: Fail to get PackageManager
06-13 14:16:03.422149  1449  1472 E ApplicationHelper: Fail to get PackageManager
06-13 14:16:03.567257  1449  1472 E ApplicationHelper: Fail to get PackageManager
06-13 14:16:03.594650  1449  3277 D CompatibilityChangeReporter: Compat change id reported: 171306433; UID 10122; state: ENABLED
06-13 14:16:04.320041  1449  1485 D CompatibilityChangeReporter: Compat change id reported: 135634846; UID 10125; state: DISABLED
06-13 14:16:04.320589  1449  1485 D CompatibilityChangeReporter: Compat change id reported: 177438394; UID 10125; state: DISABLED
06-13 14:16:04.321088  1449  1485 D CompatibilityChangeReporter: Compat change id reported: 135772972; UID 10125; state: DISABLED
06-13 14:16:04.321761  1449  1485 D CompatibilityChangeReporter: Compat change id reported: 135754954; UID 10125; state: ENABLED
06-13 14:16:04.323260  1449  1486 D CompatibilityChangeReporter: Compat change id reported: 143937733; UID 10125; state: ENABLED
06-13 14:16:04.344916  1449  1486 I ActivityManager: Start proc 6928:com.google.android.apps.wellbeing/u0a125 for service {com.google.android.apps.wellbeing/com.google.android.apps.wellbeing.screen.ui.GrayscaleTileService}
06-13 14:16:04.371969  1449  3266 V ActivityManager: New death recipient com.android.server.am.ActivityManagerService$AppDeathRecipient@a841f22 for thread android.os.BinderProxy@209cdb3
06-13 14:16:04.373972  1449  3266 D CompatibilityChangeReporter: Compat change id reported: 168419799; UID 10125; state: DISABLED
06-13 14:16:04.374389  1449  3266 D CompatibilityChangeReporter: Compat change id reported: 273564678; UID 10125; state: DISABLED
06-13 14:16:04.382074  1449  1472 E ApplicationHelper: Fail to get PackageManager
06-13 14:16:04.382986  1449  1547 D CompatibilityChangeReporter: Compat change id reported: 265195908; UID 10125; state: ENABLED
06-13 14:16:04.389329  1449  3266 D CompatibilityChangeReporter: Compat change id reported: 170503758; UID 10125; state: ENABLED
06-13 14:16:04.502234  1449  3266 I ActivityManager: Flag disabled. Ignoring finishAttachApplication from uid: 10125. pid: 6928
06-13 14:16:04.515019  1449  1472 E ApplicationHelper: Fail to get PackageManager
06-13 14:16:04.547524  1449  3266 D CompatibilityChangeReporter: Compat change id reported: 161145287; UID 10125; state: ENABLED
06-13 14:16:04.571516  1449  3266 I ActivityManager: Killing 6523:android.process.acore/u0a39 (adj 995): empty #11
06-13 14:16:04.575824  1449  1472 E ApplicationHelper: Fail to get PackageManager
06-13 14:16:04.612807  1449  3266 V ActivityManager: Death received in com.android.server.am.ActivityManagerService$AppDeathRecipient@e0d4260 for thread android.os.BinderProxy@c1eb319
06-13 14:16:04.614656  1449  3266 I ActivityManager: Killing 32273:com.google.android.dialer/u0a118 (adj 300): depends on provider com.android.providers.contacts/.ContactsProvider2 in dying proc android.process.acore (adj -10000)
06-13 14:16:04.616677  1449  1472 D DisplayManagerService: Drop pending events for gone uid 10039
06-13 14:16:04.620534  1449  1472 E ApplicationHelper: Fail to get PackageManager
06-13 14:16:04.620595  1449  1472 E ApplicationHelper: Fail to get PackageManager
06-13 14:16:04.620617  1449  1472 E ApplicationHelper: Fail to get PackageManager
06-13 14:16:04.620638  1449  1472 E ApplicationHelper: Fail to get PackageManager
06-13 14:16:04.620658  1449  1472 E ApplicationHelper: Fail to get PackageManager
06-13 14:16:04.620681  1449  1472 E ApplicationHelper: Fail to get PackageManager
06-13 14:16:04.620701  1449  1472 E ApplicationHelper: Fail to get PackageManager
06-13 14:16:04.620721  1449  1472 E ApplicationHelper: Fail to get PackageManager
06-13 14:16:04.620742  1449  1472 E ApplicationHelper: Fail to get PackageManager
06-13 14:16:04.681195  1449  1465 V ActivityManager: Death received in com.android.server.am.ActivityManagerService$AppDeathRecipient@b82c6dd for thread android.os.BinderProxy@b343252
06-13 14:16:04.684442  1449  3272 I WindowManager: WIN DEATH: Window{818f5a0 u0 com.google.android.dialer/com.google.android.dialer.extensions.GoogleDialtactsActivity}
06-13 14:16:04.685626  1449  3272 D WindowManager: setParent old=ActivityRecord{bf25bb1 u0 com.google.android.dialer/.extensions.GoogleDialtactsActivity t465},new=null,this window=Window{818f5a0 u0 com.google.android.dialer/com.google.android.dialer.extensions.GoogleDialtactsActivity},callers=com.android.server.wm.WindowContainer.removeChild:761 com.android.server.wm.ActivityRecord.removeChild:4488 com.android.server.wm.ActivityRecord.removeChild:409 com.android.server.wm.WindowContainer.removeImmediately:819 com.android.server.wm.WindowState.removeImmediately:2386 com.android.server.wm.WindowState.removeIfPossible:2546 
06-13 14:16:04.692755  1449  1472 D DisplayManagerService: Drop pending events for gone uid 10118
06-13 14:16:04.704309  1449  1474 W ActivityManager: setHasOverlayUi called on unknown pid: 32273
06-13 14:16:04.705720  1449  1484 W UsageStatsService: Unexpected activity event reported! (com.google.android.dialer/com.android.dialer.main.impl.MainActivity event : 23 instanceId : 225324055)
06-13 14:16:05.470326  1449  1472 E ApplicationHelper: Fail to get PackageManager
06-13 14:16:06.251663  1692  7417 D PowerUI : can't show warning due to - plugged: true status unknown: false
