06-13 13:57:22.318552  1449  1449 E MBrainLocalService: notifyAppSwitch failed
06-13 13:57:22.323139  1449  1472 E ApplicationHelper: Fail to get PackageManager
06-13 13:57:22.323313  1449  1472 E ApplicationHelper: Fail to get PackageManager
06-13 13:57:22.324414  1449  1665 W Transition: Transition already started id=152 state=2
06-13 13:57:22.325482  1692  1749 V WindowManagerShell: onTransitionReady android.os.BinderProxy@a0574d6: {id=152 t=SLEEP f=0x0 trk=0 r=[] c=[]}
06-13 13:57:22.325728  1692  1749 V WindowManagerShell: No transition roots in (#152)android.os.BinderProxy@a0574d6@0 so abort
06-13 13:57:22.327482  1692  1749 V WindowManagerShell: Transition animation finished (aborted=true), notifying core (#152)android.os.BinderProxy@a0574d6@0
06-13 13:57:22.330768  1449  1512 I DisplayBrightnessStrategySelector: Changing the DisplayBrightnessStrategy from InvalidBrightnessStrategy toScreenOffBrightnessStrategy for display 0
06-13 13:57:22.333508  1449  2880 W WindowManager: Changing focus from Window{4aedc2d u0 com.android.launcher3/com.android.searchlauncher.SearchLauncher} to null displayId=0 Callers=com.android.server.wm.RootWindowContainer.updateFocusedWindowLocked:455 com.android.server.wm.WindowManagerService.updateFocusedWindowLocked:6247 com.android.server.wm.ActivityRecord.commitVisibility:5643 com.android.server.wm.ActivityRecord.commitVisibility:5654 
06-13 13:57:22.335800  1449  1512 V DisplayPowerController2[0]: Brightness [0.0] reason changing to: 'screen_off', previous reason: 'manual'.
06-13 13:57:22.335953  1449  1512 I DisplayPowerController2[0]: BrightnessEvent: disp=0, physDisp=local:0, brt=0.0, initBrt=0.83137256, rcmdBrt=NaN, preBrt=NaN, lux=0.0, preLux=0.0, hbmMax=1.0, hbmMode=off, rbcStrength=50, thrmMax=1.0, powerFactor=1.0, wasShortTermModelActive=false, flags=, reason=screen_off, autoBrightness=false, strategy=ScreenOffBrightnessStrategy
06-13 13:57:22.347623  1449  1471 V WindowManager: Finish Transition #152: created at 06-13 13:57:22.312 collect-started=0.122ms request-sent=0.354ms started=0.954ms ready=0.944ms sent=1.553ms finished=34.112ms
06-13 13:57:22.349608  1692  1749 V WindowManagerShell: Track 0 became idle
06-13 13:57:22.349698  1692  1749 V WindowManagerShell: All active transition animations finished
06-13 13:57:22.352729  1449  1474 D DisplayManagerService: Ignore redundant display event 0/4 to 10149/2163
06-13 13:57:22.353010  1449  1474 D DisplayManagerService: Ignore redundant display event 0/4 to 10182/29045
06-13 13:57:22.353349  1449  1474 D DisplayManagerService: Ignore redundant display event 0/4 to 10118/32273
06-13 13:57:22.353564  1449  1474 I DisplayDeviceRepository: Display device changed state: "Built-in Screen", OFF
06-13 13:57:22.355939  1449  1665 I DisplayDevice: [0] Layerstack set to -1 for local:0
06-13 13:57:22.361026  1449  1449 D PriPackageDexopt: screen change to false
06-13 13:57:22.361889  1449  1449 D PriPerfService: screen change to false
06-13 13:57:22.381306  1449  1465 I ActivityManager: Killing 2926:android.process.acore/u0a39 (adj 995): empty #11
06-13 13:57:22.382991  1449  1472 E ApplicationHelper: Fail to get PackageManager
06-13 13:57:22.383091  1449  1472 E ApplicationHelper: Fail to get PackageManager
06-13 13:57:22.411967  1449  1472 E ApplicationHelper: Fail to get PackageManager
06-13 13:57:22.412042  1449  1472 E ApplicationHelper: Fail to get PackageManager
06-13 13:57:22.412060  1449  1472 E ApplicationHelper: Fail to get PackageManager
06-13 13:57:22.412073  1449  1472 E ApplicationHelper: Fail to get PackageManager
06-13 13:57:22.412558  1449  1665 V ActivityManager: Death received in com.android.server.am.ActivityManagerService$AppDeathRecipient@691ba07 for thread android.os.BinderProxy@b248734
06-13 13:57:22.413959  1449  1472 D DisplayManagerService: Drop pending events for gone uid 10039
06-13 13:57:22.692835  1449  1474 I DisplayDeviceRepository: Display device changed state: "Built-in Screen", OFF
06-13 13:57:22.696667  1449  1474 D DisplayManagerService: Ignore redundant display event 0/2 to 10149/2163
06-13 13:57:22.700110  1449  1474 D DisplayManagerService: Ignore redundant display event 0/2 to 10182/29045
06-13 13:57:22.700156  1449  1474 D DisplayManagerService: Ignore redundant display event 0/2 to 10118/32273
06-13 13:57:22.700794  1449  1512 I PowerGroup: Sleeping power group (groupId=0, uid=1000, reason=timeout)...
06-13 13:57:22.701534  1449  1512 I PowerManagerService: Sleeping (uid 1000)...
06-13 13:57:22.737323  1449  1449 D MBrainLocalService: isVendorFreezeConditionPass is false
06-13 13:57:22.737450  1449  1449 E ScreenIntentReceiver: notifyChange failed
06-13 13:57:22.744386  1449  1449 I PowerManagerService: onFlip(): Face up.
06-13 13:57:22.763500  1449  1472 E ApplicationHelper: Fail to get PackageManager
06-13 13:57:22.767497  1449  1472 E ApplicationHelper: Fail to get PackageManager
06-13 13:57:22.771125  1449  1472 E ApplicationHelper: Fail to get PackageManager
06-13 13:57:22.774372  1449  1472 E ApplicationHelper: Fail to get PackageManager
06-13 13:57:22.777263  1449  1472 E ApplicationHelper: Fail to get PackageManager
06-13 13:57:22.779782  1449  1472 E ApplicationHelper: Fail to get PackageManager
06-13 13:57:22.785061  1449  1472 E ApplicationHelper: Fail to get PackageManager
06-13 13:57:22.785335  1449  1472 E ApplicationHelper: Fail to get PackageManager
06-13 13:57:22.790146  1449  1472 E ApplicationHelper: Fail to get PackageManager
06-13 13:57:22.790202  1449  1472 E ApplicationHelper: Fail to get PackageManager
06-13 13:57:22.795754  1449  1472 E ApplicationHelper: Fail to get PackageManager
06-13 13:57:22.796762  1449  1472 E ApplicationHelper: Fail to get PackageManager
06-13 13:57:22.796809  1449  1472 E ApplicationHelper: Fail to get PackageManager
06-13 13:57:22.798905  1449  1472 E ApplicationHelper: Fail to get PackageManager
06-13 13:57:22.811039  1449  1472 E ApplicationHelper: Fail to get PackageManager
06-13 13:57:22.812309  1449  1472 E ApplicationHelper: Fail to get PackageManager
06-13 13:57:22.812334  1449  1472 E ApplicationHelper: Fail to get PackageManager
06-13 13:57:22.835753  1449  1472 E ApplicationHelper: Fail to get PackageManager
06-13 13:57:22.841830  1449  1472 E ApplicationHelper: Fail to get PackageManager
06-13 13:57:22.843365  1449  1472 E ApplicationHelper: Fail to get PackageManager
06-13 13:57:22.845138  1449  1472 E ApplicationHelper: Fail to get PackageManager
06-13 13:57:27.098122  1449  1472 E ApplicationHelper: Fail to get PackageManager
06-13 13:57:27.098260  1449  1472 E ApplicationHelper: Fail to get PackageManager
06-13 13:57:27.098308  1449  1472 E ApplicationHelper: Fail to get PackageManager
06-13 13:57:27.098347  1449  1472 E ApplicationHelper: Fail to get PackageManager
06-13 13:57:31.382598  1449  1472 E ApplicationHelper: Fail to get PackageManager
06-13 13:57:37.107826  1449  1472 E ApplicationHelper: Fail to get PackageManager
06-13 13:57:37.107967  1449  1472 E ApplicationHelper: Fail to get PackageManager
06-13 13:57:37.108013  1449  1472 E ApplicationHelper: Fail to get PackageManager
06-13 13:57:37.450653  1449  1472 E ApplicationHelper: Fail to get PackageManager
06-13 13:57:37.455879  1449  1472 E ApplicationHelper: Fail to get PackageManager
06-13 13:57:47.156962  1449  1472 E ApplicationHelper: Fail to get PackageManager
06-13 13:57:47.157108  1449  1472 E ApplicationHelper: Fail to get PackageManager
06-13 13:57:47.157247  1449  1472 E ApplicationHelper: Fail to get PackageManager
06-13 13:57:47.157301  1449  1472 E ApplicationHelper: Fail to get PackageManager
06-13 13:57:48.529014  1692  5133 D PowerUI : can't show warning due to - plugged: true status unknown: false
06-13 13:57:50.106306  1449  1472 E ApplicationHelper: Fail to get PackageManager
06-13 13:57:51.574579  1449  1472 E ApplicationHelper: Fail to get PackageManager
06-13 13:57:51.574823  1449  1472 E ApplicationHelper: Fail to get PackageManager
06-13 13:57:56.728626  1692  5792 D PowerUI : can't show warning due to - plugged: true status unknown: false
06-13 13:57:57.164689  1449  1472 E ApplicationHelper: Fail to get PackageManager
06-13 13:57:57.164831  1449  1472 E ApplicationHelper: Fail to get PackageManager
06-13 13:57:57.164878  1449  1472 E ApplicationHelper: Fail to get PackageManager
06-13 13:58:05.177333  1449  1472 E ApplicationHelper: Fail to get PackageManager
06-13 13:58:20.163068  1449  1472 E ApplicationHelper: Fail to get PackageManager
06-13 13:58:20.172931  1449  1472 E ApplicationHelper: Fail to get PackageManager
06-13 13:58:27.184634  1449  1547 D CompatibilityChangeReporter: Compat change id reported: 218533173; UID 10139; state: ENABLED
06-13 13:58:27.185457  1449  1547 D CompatibilityChangeReporter: Compat change id reported: 262645982; UID 10139; state: ENABLED
06-13 13:58:29.496636  1692  6202 D PowerUI : can't show warning due to - plugged: true status unknown: false
06-13 13:58:32.178002  1449  1547 D CompatibilityChangeReporter: Compat change id reported: 218533173; UID 10137; state: ENABLED
06-13 13:58:32.178823  1449  1547 D CompatibilityChangeReporter: Compat change id reported: 262645982; UID 10137; state: ENABLED
06-13 13:58:37.672214  1692  6749 D PowerUI : can't show warning due to - plugged: true status unknown: false
06-13 13:58:45.980046  1449  1492 W BatteryExternalStatsWorker: error reading Bluetooth stats: 9
06-13 13:58:54.057671  1692  7417 D PowerUI : can't show warning due to - plugged: true status unknown: false
06-13 13:58:57.065924  1449  1930 D CompatibilityChangeReporter: Compat change id reported: 218533173; UID 10122; state: ENABLED
06-13 13:59:02.079146  1449  1472 E ApplicationHelper: Fail to get PackageManager
06-13 13:59:02.086912  1449  1472 E ApplicationHelper: Fail to get PackageManager
06-13 13:59:02.108402  1449  1930 W ProcessStats: Tracking association SourceState{1858509 com.google.android.gms.persistent/10122 Fgs #27023} whose proc state 3 is better than process ProcessState{16259f4 com.google.android.gms.unstable/10122 pkg=com.google.android.gms} proc state 14 (40 skipped)
06-13 13:59:02.109578  1449  1472 E ApplicationHelper: Fail to get PackageManager
06-13 13:59:02.110921  1449  1472 E ApplicationHelper: Fail to get PackageManager
06-13 13:59:02.116178  1449  1472 E ApplicationHelper: Fail to get PackageManager
06-13 13:59:02.239209  1692  2251 D PowerUI : can't show warning due to - plugged: true status unknown: false
06-13 13:59:02.372975  1449  1472 E ApplicationHelper: Fail to get PackageManager
06-13 13:59:02.383244  1449  1472 E ApplicationHelper: Fail to get PackageManager
06-13 13:59:02.392097  1449  1472 E ApplicationHelper: Fail to get PackageManager
06-13 13:59:02.401006  1449  1472 E ApplicationHelper: Fail to get PackageManager
06-13 13:59:03.936265  1449  1484 I UsageStatsService: User[0] Flushing usage stats to disk
06-13 13:59:07.413337  1449  1472 E ApplicationHelper: Fail to get PackageManager
06-13 13:59:07.417963  1449  1472 E ApplicationHelper: Fail to get PackageManager
06-13 13:59:10.039726  1449  1547 D CompatibilityChangeReporter: Compat change id reported: 218533173; UID 10149; state: ENABLED
06-13 13:59:10.041561  1449  1547 D CompatibilityChangeReporter: Compat change id reported: 262645982; UID 10149; state: ENABLED
06-13 13:59:10.445480  1692  2473 D PowerUI : can't show warning due to - plugged: true status unknown: false
06-13 13:59:17.468976  1449  1465 W ProcessStats: Tracking association SourceState{1858509 com.google.android.gms.persistent/10122 Fgs #27039} whose proc state 3 is better than process ProcessState{16259f4 com.google.android.gms.unstable/10122 pkg=com.google.android.gms} proc state 14 (14 skipped)
06-13 13:59:20.263521  1449  1472 E ApplicationHelper: Fail to get PackageManager
06-13 13:59:20.267174  1449  1472 E ApplicationHelper: Fail to get PackageManager
06-13 13:59:27.287942  1449  1665 I ActivityManager: Force stopping io.appium.uiautomator2.server appid=10226 user=0: from pid 5184
06-13 13:59:27.292127  1449  1472 E ApplicationHelper: Fail to get PackageManager
06-13 13:59:27.292305  1449  1472 E ApplicationHelper: Fail to get PackageManager
06-13 13:59:27.292374  1449  1472 E ApplicationHelper: Fail to get PackageManager
06-13 13:59:27.292416  1449  1472 E ApplicationHelper: Fail to get PackageManager
06-13 13:59:27.299175  1449  1665 I AppsFilter: interaction: PackageSetting{d7da879 com.device.farm/10269} -> PackageSetting{dad25f6 io.appium.uiautomator2.server/10226} BLOCKED
06-13 13:59:27.300109  1449  1665 I AppsFilter: interaction: PackageSetting{258c58 io.appium.settings/10229} -> PackageSetting{dad25f6 io.appium.uiautomator2.server/10226} BLOCKED
06-13 13:59:27.325980  1449  1665 I ActivityManager: Force stopping io.appium.uiautomator2.server.test appid=10227 user=0: from pid 5189
06-13 13:59:27.331692  1449  1665 I AppsFilter: interaction: PackageSetting{d7da879 com.device.farm/10269} -> PackageSetting{baa216c io.appium.uiautomator2.server.test/10227} BLOCKED
06-13 13:59:27.332042  1449  1665 I AppsFilter: interaction: PackageSetting{258c58 io.appium.settings/10229} -> PackageSetting{baa216c io.appium.uiautomator2.server.test/10227} BLOCKED
06-13 13:59:27.783005  1449  1930 I ActivityManager: Force stopping io.appium.uiautomator2.server appid=10226 user=0: start instr
06-13 13:59:27.784007  1449  1930 W ProcessStats: Tracking association SourceState{1858509 com.google.android.gms.persistent/10122 Fgs #27049} whose proc state 3 is better than process ProcessState{16259f4 com.google.android.gms.unstable/10122 pkg=com.google.android.gms} proc state 14 (9 skipped)
06-13 13:59:27.788786  1449  1930 D CompatibilityChangeReporter: Compat change id reported: 135634846; UID 10226; state: DISABLED
06-13 13:59:27.789476  1449  1930 D CompatibilityChangeReporter: Compat change id reported: 177438394; UID 10226; state: DISABLED
06-13 13:59:27.789919  1449  1930 D CompatibilityChangeReporter: Compat change id reported: 135772972; UID 10226; state: DISABLED
06-13 13:59:27.790347  1449  1930 D CompatibilityChangeReporter: Compat change id reported: 135754954; UID 10226; state: ENABLED
06-13 13:59:27.791414  1449  1486 D CompatibilityChangeReporter: Compat change id reported: 143937733; UID 10226; state: ENABLED
06-13 13:59:27.793752  1449  1472 E ApplicationHelper: Fail to get PackageManager
06-13 13:59:27.794295  1449  1547 D CompatibilityChangeReporter: Compat change id reported: 265195908; UID 10226; state: ENABLED
06-13 13:59:27.801393  1449  1486 I ActivityManager: Start proc 5207:io.appium.uiautomator2.server/u0a226 for added application io.appium.uiautomator2.server
06-13 13:59:27.857587  1449  1665 V ActivityManager: New death recipient com.android.server.am.ActivityManagerService$AppDeathRecipient@29b04ef for thread android.os.BinderProxy@75c1bfc
06-13 13:59:27.860198  1449  1665 D CompatibilityChangeReporter: Compat change id reported: 168419799; UID 10226; state: DISABLED
06-13 13:59:27.861031  1449  1665 D CompatibilityChangeReporter: Compat change id reported: 273564678; UID 10226; state: DISABLED
06-13 13:59:27.865632  1449  1472 E ApplicationHelper: Fail to get PackageManager
06-13 13:59:27.879110  1449  1665 D CompatibilityChangeReporter: Compat change id reported: 170503758; UID 10226; state: ENABLED
06-13 13:59:27.974437  1449  1930 I ActivityManager: Flag disabled. Ignoring finishAttachApplication from uid: 10226. pid: 5207
06-13 13:59:27.980322  1449  1930 D ActivityManager: broadcastIntentWithFeature, suppress to broadcastIntent!
06-13 13:59:27.982050  1449  1930 D CompatibilityChangeReporter: Compat change id reported: 161145287; UID 10226; state: ENABLED
06-13 13:59:29.131821  1449  1930 D AccessibilityManagerService: changeCurrentUserForTestAutomationIfNeededLocked(0): ignoring because device doesn't support visible background users
06-13 13:59:29.132158  1449  1930 I UiAutomationManager: Registering UiTestAutomationService (id=com.android.server.accessibility/UiAutomation) when called by user 0
06-13 13:59:29.139686  1449  1930 W WindowMagnificationMgr: requestConnection duplicated request: connect=false, mConnectionState=DISCONNECTED
06-13 13:59:29.150231  1449  1930 W WindowMagnificationMgr: requestConnection duplicated request: connect=false, mConnectionState=DISCONNECTED
06-13 13:59:29.169241  1449  1472 E ApplicationHelper: Fail to get PackageManager
06-13 13:59:29.175142  1449  1449 D BatterySaverPolicy: accessibility changed to true, updating policy.
06-13 13:59:29.176812  1449  3277 I PowerGroup: Waking up power group from Asleep (groupId=0, uid=1000, reason=WAKE_REASON_WAKE_KEY, details=android.policy:KEY)...
06-13 13:59:29.178228  1449  3277 I PowerManagerService: Waking up from Asleep (uid=1000, reason=WAKE_REASON_WAKE_KEY, details=android.policy:KEY)...
06-13 13:59:29.183183  1449  1449 E ActivityManager: Cancel pending or running compactions as system is awake
06-13 13:59:29.188383  1449  1472 E ApplicationHelper: Fail to get PackageManager
06-13 13:59:29.188462  1449  1472 E ApplicationHelper: Fail to get PackageManager
06-13 13:59:29.188486  1449  1472 E ApplicationHelper: Fail to get PackageManager
06-13 13:59:29.188503  1449  1472 E ApplicationHelper: Fail to get PackageManager
06-13 13:59:29.189874  1449  1512 D DisplayPowerController2[0]: priAutoBrightness_ setScreenStateExt() screen_on
06-13 13:59:29.189941  1449  1512 D priAutoBrightness_PriSmartBrightnessController: onScreenEvent, isScreenOn:true
06-13 13:59:29.189975  1449  1512 D priAutoBrightness_PriMinimumBrightnessDelegate: updateCurrentEnvironmentStatus()
06-13 13:59:29.190127  1449  1512 D priAutoBrightness_PriMinimumBrightnessDelegate: updateCurrentEnvironmentStatus() update mCurrentEnvironmentStatus=1, tempStatus=1, currentBrightness=0
06-13 13:59:29.190187  1449  1512 D priAutoBrightness_PriMinimumBrightnessDelegate: normalizationValue=1359 state:1->1 keep=true statusChanged=false
06-13 13:59:29.194742  1449  1512 I DisplayPowerController2[0]: Blocking screen on until initial contents have been drawn.
06-13 13:59:29.195497  1449  1512 D ActivityTaskManager: Top Process State changed to PROCESS_STATE_TOP
06-13 13:59:29.196598  1449  1512 E ActivityTaskManager: setVisibility=true while transition is not collecting or finishing ActivityRecord{551f684 u0 com.android.launcher3/com.android.searchlauncher.SearchLauncher t411} caller=com.android.server.wm.ActivityRecord.setVisibility:5357 com.android.server.wm.TaskFragment.resumeTopActivity:1420 com.android.server.wm.Task.resumeTopActivityInnerLocked:5048 com.android.server.wm.Task.resumeTopActivityUncheckedLocked:4978 com.android.server.wm.Task.resumeTopActivityUncheckedLocked:4997 com.android.server.wm.Task.resumeTopActivityUncheckedLocked:5029 com.android.server.wm.RootWindowContainer.lambda$applySleepTokens$20:2428 com.android.server.wm.RootWindowContainer.$r8$lambda$9xL80GDJRExKql35hTmQVg_ieD8:0 
06-13 13:59:29.207276  1449  1512 I DisplayBrightnessStrategySelector: Changing the DisplayBrightnessStrategy from ScreenOffBrightnessStrategy toInvalidBrightnessStrategy for display 0
06-13 13:59:29.210642  2041  2041 W ContextImpl: Calling a method in the system process without a qualified user: android.app.ContextImpl.bindService:1993 android.content.ContextWrapper.bindService:861 com.google.android.libraries.gsa.launcherclient.l.i:4 com.google.android.libraries.gsa.launcherclient.h.run:1 com.google.android.libraries.gsa.launcherclient.l.g:2 
06-13 13:59:29.212362  1449  1512 V DisplayPowerController2[0]: Brightness [0.83137256] reason changing to: 'manual', previous reason: 'screen_off'.
06-13 13:59:29.212477  1449  1512 I DisplayPowerController2[0]: BrightnessEvent: disp=0, physDisp=local:0, brt=0.83137256, initBrt=0.0, rcmdBrt=NaN, preBrt=NaN, lux=0.0, preLux=0.0, hbmMax=1.0, hbmMode=off, rbcStrength=50, thrmMax=1.0, powerFactor=1.0, wasShortTermModelActive=false, flags=, reason=manual, autoBrightness=false, strategy=InvalidBrightnessStrategy
06-13 13:59:29.215241  1449  1474 I DisplayDeviceRepository: Display device changed: DisplayDeviceInfo{"Built-in Screen": uniqueId="local:0", 1080 x 2460, modeId 2, renderFrameRate 90.0, defaultModeId 1, supportedModes [{id=1, width=1080, height=2460, fps=60.0, alternativeRefreshRates=[90.0, 120.00001], supportedHdrTypes=[]}, {id=2, width=1080, height=2460, fps=90.0, alternativeRefreshRates=[60.0, 120.00001], supportedHdrTypes=[]}, {id=3, width=1080, height=2460, fps=120.00001, alternativeRefreshRates=[60.0, 90.0], supportedHdrTypes=[]}], colorMode 0, supportedColorModes [0], hdrCapabilities HdrCapabilities{mSupportedHdrTypes=[], mMaxLuminance=500.0, mMaxAverageLuminance=500.0, mMinLuminance=0.0}, allmSupported false, gameContentTypeSupported false, density 480, 396.261 x 396.26 dpi, appVsyncOff 7955555, presDeadline 17488889, cutout DisplayCutout{insets=Rect(0, 106 - 0, 0) waterfall=Insets{left=0, top=0, right=0, bottom=0} boundingRect={Bounds=[Rect(0, 0 - 0, 0), Rect(500, 0 - 580, 106), Rect(0, 0 - 0, 0), Rect(0, 0 - 0, 0)]} cutoutPathParserInfo={CutoutPathParserInfo{displayWidth=1080 displayHeight=2460 physicalDisplayWidth=1080 physicalDisplayHeight=2460 density={3.0} cutoutSpec={m0,26c-10.605,0 -20.786,4.217 -28.284,11.716c-7.499,7.498 -11.716,17.679 -11.716,28.284c0,10.605 4.217,20.786 11.716,28.284c7.498,7.499 17.679,11.716 28.284,11.716c10.605,0 20.786,-4.217 28.284,-11.716c7.499,-7.498 11.716,-17.679 11.716,-28.284c0,-10.605 -4.217,-20.786 -11.716,-28.284c-7.498,-7.499 -17.679,-11.716 -28.284,-11.716z} rotation={0} scale={1.0} physicalPixelDisplaySizeRatio={1.0}}}}, touch INTERNAL, rotation 0, type INTERNAL, address {port=0}, deviceProductInfo null, state OFF, committedState OFF, frameRateOverride , brightnessMinimum 0.0, brightnessMaximum 1.0, brightnessDefault 0.4, hdrSdrRatio NaN, FLAG_ALLOWED_TO_BE_DEFAULT_DISPLAY, FLAG_ROTATES_WITH_CONTENT, FLAG_SECURE, FLAG_SUPPORTS_PROTECTED_BUFFERS, FLAG_TRUSTED, installOrientation 0, displayShape DisplayShape{ spec=-1119182123 displayWidth=1080 displayHeight=2460 physicalPixelDisplaySizeRatio=1.0 rotation=0 offsetX=0 offsetY=0 scale=1.0}}
06-13 13:59:29.217369  1449  1449 D MBrainLocalService: isVendorFreezeConditionPass is false
06-13 13:59:29.217779  1449  1449 E ScreenIntentReceiver: notifyChange failed
06-13 13:59:29.218253  1449  1472 E ApplicationHelper: Fail to get PackageManager
06-13 13:59:29.219268  1449  1472 E ApplicationHelper: Fail to get PackageManager
06-13 13:59:29.228181  1449  1475 I DisplayDevice: [0] Layerstack set to 0 for local:0
06-13 13:59:29.237691  1449  1474 D DisplayManagerService: Ignore redundant display event 0/2 to 10182/29045
06-13 13:59:29.237742  1449  1474 D DisplayManagerService: Ignore redundant display event 0/2 to 10118/32273
06-13 13:59:29.239902  1449  2969 W WindowManager: Changing focus from null to Window{4aedc2d u0 com.android.launcher3/com.android.searchlauncher.SearchLauncher} displayId=0 Callers=com.android.server.wm.RootWindowContainer.updateFocusedWindowLocked:455 com.android.server.wm.WindowManagerService.updateFocusedWindowLocked:6247 com.android.server.wm.WindowManagerService.relayoutWindow:2533 com.android.server.wm.Session.relayout:259 
06-13 13:59:29.240497  1449  2969 I WindowManager: Relayout Window{4aedc2d u0 com.android.launcher3/com.android.searchlauncher.SearchLauncher}: oldVis=8 newVis=0 focusMayChange = true requestedWidth = 1080 requestedHeight = 2460 outFrames = ClientWindowFrames{frame=[0,0][1080,2460] display=[0,0][1080,2460] parentFrame=[0,0][0,0]} outSurfaceControl = Surface(name=com.android.launcher3/com.android.searchlauncher.SearchLauncher)/@0x4421673
06-13 13:59:29.243198  1449  1472 E ApplicationHelper: Fail to get PackageManager
06-13 13:59:29.243303  1449  1474 I DisplayDeviceRepository: Display device changed state: "Built-in Screen", ON
06-13 13:59:29.251369  1449  1474 W AccessibilityWindowsPopulator: The displayInfo of this displayId (0) called back from the surface fligner is null
06-13 13:59:29.252866  1449  1449 D PriPackageDexopt: screen change to true
06-13 13:59:29.256476  1449  3277 I WindowManager: Relayout Window{30f6732 u0 (1-1)-Window{5ab4cee alpha=1.0 fl=}}: oldVis=8 newVis=0 focusMayChange = true requestedWidth = 1080 requestedHeight = 2460 outFrames = ClientWindowFrames{frame=[0,0][1080,2460] display=[0,0][1080,2460] parentFrame=[0,0][0,0]} outSurfaceControl = Surface(name=(1-1)-Window{5ab4cee alpha=1.0 fl=})/@0xf3e79a9
06-13 13:59:29.260890  1449  3277 D CompatibilityChangeReporter: Compat change id reported: 161252188; UID 10122; state: DISABLED
06-13 13:59:29.262453  1449  1474 W AccessibilityWindowsPopulator: The displayInfo of this displayId (0) called back from the surface fligner is null
06-13 13:59:29.264740  1449  1472 E ApplicationHelper: Fail to get PackageManager
06-13 13:59:29.266478  1449  1930 W AccessibilityWindowsPopulator: The displayInfo of this displayId (0) called back from the surface fligner is null
06-13 13:59:29.268764  1449  1930 W AccessibilityWindowsPopulator: The displayInfo of this displayId (0) called back from the surface fligner is null
06-13 13:59:29.274534  1449  1472 E ApplicationHelper: Fail to get PackageManager
06-13 13:59:29.275500  1449  1449 D PriPerfService: screen change to true
06-13 13:59:29.285020  1449  1472 E ApplicationHelper: Fail to get PackageManager
06-13 13:59:29.287012  1449  1449 D MBrainLocalService: isVendorFreezeConditionPass is false
06-13 13:59:29.287125  1449  1449 E ScreenIntentReceiver: notifyChange failed
06-13 13:59:29.290255  1449  1465 W WindowManager: finishDrawingWindow: Window{4aedc2d u0 com.android.launcher3/com.android.searchlauncher.SearchLauncher} mDrawState=DRAW_PENDING
06-13 13:59:29.292621  1449  1475 W WindowManager: real show surface:Surface(name=com.android.systemui.wallpapers.ImageWallpaper)/@0x82e3c42
06-13 13:59:29.292875  1449  1475 W WindowManager: real show surface:Surface(name=com.android.launcher3/com.android.searchlauncher.SearchLauncher)/@0x80e1c3a
06-13 13:59:29.300379  1449  2969 W WindowManager: finishDrawingWindow: Window{30f6732 u0 (1-1)-Window{5ab4cee alpha=1.0 fl=}} mDrawState=DRAW_PENDING
06-13 13:59:29.302011  1449  1512 I DisplayPowerController2[0]: Unblocked screen on after 107 ms
06-13 13:59:29.304257  1449  1475 W WindowManager: real show surface:Surface(name=(1-1)-Window{5ab4cee alpha=1.0 fl=})/@0xf548e48
06-13 13:59:29.317935  1449  1472 E ApplicationHelper: Fail to get PackageManager
06-13 13:59:29.317996  1449  1472 E ApplicationHelper: Fail to get PackageManager
06-13 13:59:29.318018  1449  1472 E ApplicationHelper: Fail to get PackageManager
06-13 13:59:29.318378  1449  3259 W WindowManager: finishDrawingWindow: Window{4aedc2d u0 com.android.launcher3/com.android.searchlauncher.SearchLauncher} mDrawState=HAS_DRAWN
06-13 13:59:29.331270  1449  1472 E ApplicationHelper: Fail to get PackageManager
06-13 13:59:29.331384  1449  1472 E ApplicationHelper: Fail to get PackageManager
06-13 13:59:29.331409  1449  1472 E ApplicationHelper: Fail to get PackageManager
06-13 13:59:29.333027  1449  1472 E ApplicationHelper: Fail to get PackageManager
06-13 13:59:29.347938  1449  1449 D priAutoBrightness_PriMinimumBrightnessDelegate: receiver call updateCurrentEnvironmentStatus() action=android.intent.action.TIME_TICK
06-13 13:59:29.348025  1449  1449 D priAutoBrightness_PriMinimumBrightnessDelegate: updateCurrentEnvironmentStatus()
06-13 13:59:29.348175  1449  1449 D priAutoBrightness_PriMinimumBrightnessDelegate: updateCurrentEnvironmentStatus() update mCurrentEnvironmentStatus=1, tempStatus=1, currentBrightness=0
06-13 13:59:29.348210  1449  1449 D priAutoBrightness_PriMinimumBrightnessDelegate: normalizationValue=1359 state:1->1 keep=true statusChanged=false
06-13 13:59:29.351870  1449  1472 E ApplicationHelper: Fail to get PackageManager
06-13 13:59:29.352342  1449  1472 E ApplicationHelper: Fail to get PackageManager
06-13 13:59:29.354988  1449  1449 D PriDex2oat: set install dex2aot cpuset:0,1,2,3,-j4
06-13 13:59:29.357854  1449  1472 E ApplicationHelper: Fail to get PackageManager
06-13 13:59:29.372542  1449  1472 E ApplicationHelper: Fail to get PackageManager
06-13 13:59:29.382334  1449  1472 E ApplicationHelper: Fail to get PackageManager
06-13 13:59:29.382644  1449  1472 E ApplicationHelper: Fail to get PackageManager
06-13 13:59:29.391024  1449  1472 E ApplicationHelper: Fail to get PackageManager
06-13 13:59:29.456886  1449  1472 E ApplicationHelper: Fail to get PackageManager
06-13 13:59:29.458782  1449  1472 E ApplicationHelper: Fail to get PackageManager
06-13 13:59:29.696077  1449  1474 I DisplayDeviceRepository: Display device changed state: "Built-in Screen", ON
06-13 13:59:29.700038  1449  1474 D DisplayManagerService: Ignore redundant display event 0/2 to 10182/29045
06-13 13:59:29.700085  1449  1474 D DisplayManagerService: Ignore redundant display event 0/2 to 10118/32273
06-13 13:59:29.701472  1449  1512 W PowerManagerService: Screen on took 542 ms
06-13 13:59:29.727864  1449  1538 W PackageConfigPersister: App-specific configuration not found for packageName: com.android.launcher3 and userId: 0
06-13 13:59:29.780883  1449  1449 W AccessibilityManagerService:  wait for adding window timeout: 250
06-13 13:59:34.217301  1449  1474 I DisplayDeviceRepository: Display device changed: DisplayDeviceInfo{"Built-in Screen": uniqueId="local:0", 1080 x 2460, modeId 1, renderFrameRate 60.0, defaultModeId 1, supportedModes [{id=1, width=1080, height=2460, fps=60.0, alternativeRefreshRates=[90.0, 120.00001], supportedHdrTypes=[]}, {id=2, width=1080, height=2460, fps=90.0, alternativeRefreshRates=[60.0, 120.00001], supportedHdrTypes=[]}, {id=3, width=1080, height=2460, fps=120.00001, alternativeRefreshRates=[60.0, 90.0], supportedHdrTypes=[]}], colorMode 0, supportedColorModes [0], hdrCapabilities HdrCapabilities{mSupportedHdrTypes=[], mMaxLuminance=500.0, mMaxAverageLuminance=500.0, mMinLuminance=0.0}, allmSupported false, gameContentTypeSupported false, density 480, 396.261 x 396.26 dpi, appVsyncOff 2400001, presDeadline 28600000, cutout DisplayCutout{insets=Rect(0, 106 - 0, 0) waterfall=Insets{left=0, top=0, right=0, bottom=0} boundingRect={Bounds=[Rect(0, 0 - 0, 0), Rect(500, 0 - 580, 106), Rect(0, 0 - 0, 0), Rect(0, 0 - 0, 0)]} cutoutPathParserInfo={CutoutPathParserInfo{displayWidth=1080 displayHeight=2460 physicalDisplayWidth=1080 physicalDisplayHeight=2460 density={3.0} cutoutSpec={m0,26c-10.605,0 -20.786,4.217 -28.284,11.716c-7.499,7.498 -11.716,17.679 -11.716,28.284c0,10.605 4.217,20.786 11.716,28.284c7.498,7.499 17.679,11.716 28.284,11.716c10.605,0 20.786,-4.217 28.284,-11.716c7.499,-7.498 11.716,-17.679 11.716,-28.284c0,-10.605 -4.217,-20.786 -11.716,-28.284c-7.498,-7.499 -17.679,-11.716 -28.284,-11.716z} rotation={0} scale={1.0} physicalPixelDisplaySizeRatio={1.0}}}}, touch INTERNAL, rotation 0, type INTERNAL, address {port=0}, deviceProductInfo null, state ON, committedState ON, frameRateOverride , brightnessMinimum 0.0, brightnessMaximum 1.0, brightnessDefault 0.4, hdrSdrRatio NaN, FLAG_ALLOWED_TO_BE_DEFAULT_DISPLAY, FLAG_ROTATES_WITH_CONTENT, FLAG_SECURE, FLAG_SUPPORTS_PROTECTED_BUFFERS, FLAG_TRUSTED, installOrientation 0, displayShape DisplayShape{ spec=-1119182123 displayWidth=1080 displayHeight=2460 physicalPixelDisplaySizeRatio=1.0 rotation=0 offsetX=0 offsetY=0 scale=1.0}}
06-13 13:59:34.222624  1449  1474 D DisplayManagerService: Ignore redundant display event 0/2 to 10149/2163
06-13 13:59:34.226328  1449  1474 D DisplayManagerService: Ignore redundant display event 0/2 to 10182/29045
06-13 13:59:34.226538  1449  1474 D DisplayManagerService: Ignore redundant display event 0/2 to 10118/32273
06-13 13:59:35.031088  1692  4024 D PowerUI : can't show warning due to - plugged: true status unknown: false
06-13 13:59:35.257539  1449  1472 E ApplicationHelper: Fail to get PackageManager
06-13 13:59:36.433390  1449  1472 E ApplicationHelper: Fail to get PackageManager
06-13 13:59:36.437308  1449  1472 E ApplicationHelper: Fail to get PackageManager
06-13 13:59:36.464536  1449  1472 E ApplicationHelper: Fail to get PackageManager
06-13 13:59:36.469075  1449  1472 E ApplicationHelper: Fail to get PackageManager
06-13 13:59:38.177012  1449  1930 D CompatibilityChangeReporter: Compat change id reported: 261072174; UID 10122; state: ENABLED
06-13 13:59:38.179505  1449  1930 D CompatibilityChangeReporter: Compat change id reported: 261072174; UID 10125; state: ENABLED
06-13 13:59:38.183550  1449  1930 W ProcessStats: Tracking association SourceState{7581ac9 com.google.android.googlequicksearchbox:search/10131 BTop #27110} whose proc state 2 is better than process ProcessState{bbd4d18 com.google.android.googlequicksearchbox:interactor/10131 pkg=com.google.android.googlequicksearchbox} proc state 4 (363 skipped)
06-13 13:59:38.622042  1449  1621 I UsbPortManager: ClientCallback V1_2: port0
06-13 13:59:38.623090  1449  1471 I UsbPortManager: USB port changed: port=UsbPort{id=port0, supportedModes=dual, supportedContaminantProtectionModes=1, supportsEnableContaminantPresenceProtection=false, supportsEnableContaminantPresenceDetection=false, supportsComplianceWarnings=false, status=UsbPortStatus{connected=false, currentMode=none, currentPowerRole=no-power, currentDataRole=no-data, supportedRoleCombinations=[no-power:no-data], contaminantDetectionStatus=2, contaminantProtectionStatus=0, usbDataStatus=unknown, isPowerTransferLimited=false, powerBrickConnectionStatus=unknown, complianceWarnings=[], plugState=0, displayPortAltModeInfo=null}, canChangeMode=true, canChangePowerRole=false, canChangeDataRole=false, connectedAtMillis=0, lastConnectDurationMillis=12397968
06-13 13:59:38.627240  1449  1621 I UsbPortManager: ClientCallback V1_2: port0
06-13 13:59:38.649278  1449  1930 D WindowManager: setParent old=Leaf:29:31@172091609,new=null,this window=WindowToken{8e9ee94 type=2032 android.os.Binder@fb8a2e7},callers=com.android.server.wm.WindowContainer.removeChild:761 com.android.server.wm.WindowContainer.removeImmediately:819 com.android.server.wm.WindowToken.setExiting:261 com.android.server.wm.DisplayContent.removeWindowToken:1440 com.android.server.wm.WindowManagerService.removeWindowToken:2987 com.android.server.wm.WindowManagerService$LocalService.removeWindowToken:7997 
06-13 13:59:38.653851  1449  1930 W WindowMagnificationMgr: requestConnection duplicated request: connect=false, mConnectionState=DISCONNECTED
06-13 13:59:38.654309  1449  1930 V UiAutomationManager: UiAutomation service owner died
06-13 13:59:38.666068  1449  1492 W BatteryExternalStatsWorker: error reading Bluetooth stats: 9
06-13 13:59:38.692343  1449  1449 D BatterySaverPolicy: accessibility changed to false, updating policy.
06-13 13:59:38.697759  1449  1485 D CompatibilityChangeReporter: Compat change id reported: 177438394; UID 1000; state: DISABLED
06-13 13:59:38.697985  1449  1485 D CompatibilityChangeReporter: Compat change id reported: 135772972; UID 1000; state: DISABLED
06-13 13:59:38.698171  1449  1485 D CompatibilityChangeReporter: Compat change id reported: 135754954; UID 1000; state: ENABLED
06-13 13:59:38.708322  1449  1449 D MBrainLocalService: isVendorFreezeConditionPass is false
06-13 13:59:38.708365  1449  1449 E ChargeIntentReceiver: notifyChange failed
06-13 13:59:38.711167  1449  1486 I ActivityManager: Start proc 5285:com.android.settings/1000 for broadcast {com.android.settings/com.android.settings.fuelgauge.batteryusage.BatteryUsageBroadcastReceiver}
06-13 13:59:38.746786  1449  1474 I DisplayDeviceRepository: Display device changed: DisplayDeviceInfo{"Built-in Screen": uniqueId="local:0", 1080 x 2460, modeId 2, renderFrameRate 90.0, defaultModeId 1, supportedModes [{id=1, width=1080, height=2460, fps=60.0, alternativeRefreshRates=[90.0, 120.00001], supportedHdrTypes=[]}, {id=2, width=1080, height=2460, fps=90.0, alternativeRefreshRates=[60.0, 120.00001], supportedHdrTypes=[]}, {id=3, width=1080, height=2460, fps=120.00001, alternativeRefreshRates=[60.0, 90.0], supportedHdrTypes=[]}], colorMode 0, supportedColorModes [0], hdrCapabilities HdrCapabilities{mSupportedHdrTypes=[], mMaxLuminance=500.0, mMaxAverageLuminance=500.0, mMinLuminance=0.0}, allmSupported false, gameContentTypeSupported false, density 480, 396.261 x 396.26 dpi, appVsyncOff 7955555, presDeadline 17488889, cutout DisplayCutout{insets=Rect(0, 106 - 0, 0) waterfall=Insets{left=0, top=0, right=0, bottom=0} boundingRect={Bounds=[Rect(0, 0 - 0, 0), Rect(500, 0 - 580, 106), Rect(0, 0 - 0, 0), Rect(0, 0 - 0, 0)]} cutoutPathParserInfo={CutoutPathParserInfo{displayWidth=1080 displayHeight=2460 physicalDisplayWidth=1080 physicalDisplayHeight=2460 density={3.0} cutoutSpec={m0,26c-10.605,0 -20.786,4.217 -28.284,11.716c-7.499,7.498 -11.716,17.679 -11.716,28.284c0,10.605 4.217,20.786 11.716,28.284c7.498,7.499 17.679,11.716 28.284,11.716c10.605,0 20.786,-4.217 28.284,-11.716c7.499,-7.498 11.716,-17.679 11.716,-28.284c0,-10.605 -4.217,-20.786 -11.716,-28.284c-7.498,-7.499 -17.679,-11.716 -28.284,-11.716z} rotation={0} scale={1.0} physicalPixelDisplaySizeRatio={1.0}}}}, touch INTERNAL, rotation 0, type INTERNAL, address {port=0}, deviceProductInfo null, state ON, committedState ON, frameRateOverride , brightnessMinimum 0.0, brightnessMaximum 1.0, brightnessDefault 0.4, hdrSdrRatio NaN, FLAG_ALLOWED_TO_BE_DEFAULT_DISPLAY, FLAG_ROTATES_WITH_CONTENT, FLAG_SECURE, FLAG_SUPPORTS_PROTECTED_BUFFERS, FLAG_TRUSTED, installOrientation 0, displayShape DisplayShape{ spec=-1119182123 displayWidth=1080 displayHeight=2460 physicalPixelDisplaySizeRatio=1.0 rotation=0 offsetX=0 offsetY=0 scale=1.0}}
06-13 13:59:38.753235  1449  1930 V ActivityManager: New death recipient com.android.server.am.ActivityManagerService$AppDeathRecipient@9baaeaa for thread android.os.BinderProxy@7305a9b
06-13 13:59:38.757111  1449  1474 D DisplayManagerService: Ignore redundant display event 0/2 to 10149/2163
06-13 13:59:38.758246  1449  1474 D DisplayManagerService: Ignore redundant display event 0/2 to 10182/29045
06-13 13:59:38.761775  1449  1474 D DisplayManagerService: Ignore redundant display event 0/2 to 10118/32273
06-13 13:59:38.763725  1449  1930 D CompatibilityChangeReporter: Compat change id reported: 168419799; UID 1000; state: DISABLED
06-13 13:59:38.764158  1449  2850 D CompatibilityChangeReporter: Compat change id reported: 170503758; UID 10122; state: ENABLED
06-13 13:59:38.764443  1449  1930 D CompatibilityChangeReporter: Compat change id reported: 273564678; UID 1000; state: DISABLED
06-13 13:59:38.766904  1449  1472 E ApplicationHelper: Fail to get PackageManager
06-13 13:59:38.773815  1449  1485 D CompatibilityChangeReporter: Compat change id reported: 135634846; UID 10047; state: DISABLED
06-13 13:59:38.773925  1449  1485 D CompatibilityChangeReporter: Compat change id reported: 177438394; UID 10047; state: DISABLED
06-13 13:59:38.773998  1449  1485 D CompatibilityChangeReporter: Compat change id reported: 135772972; UID 10047; state: DISABLED
06-13 13:59:38.774079  1449  1485 D CompatibilityChangeReporter: Compat change id reported: 135754954; UID 10047; state: ENABLED
06-13 13:59:38.774668  1449  1486 D CompatibilityChangeReporter: Compat change id reported: 143937733; UID 10047; state: ENABLED
06-13 13:59:38.789628  1449  1492 I BatteryStatsImpl: Resetting battery stats: level=100 status=2 dischargeLevel=99 lowAmount=0 highAmount=0
06-13 13:59:38.789999  1449  1486 I ActivityManager: Start proc 5302:com.google.android.apps.turbo/u0a47 for broadcast {com.google.android.apps.turbo/com.google.android.apps.turbo.nudges.broadcasts.BatteryStatusChangedReceiver}
06-13 13:59:38.812522  1449  1492 W BatteryExternalStatsWorker: error reading Bluetooth stats: 9
06-13 13:59:38.821333  1449  1665 V ActivityManager: New death recipient com.android.server.am.ActivityManagerService$AppDeathRecipient@534165a for thread android.os.BinderProxy@999208b
06-13 13:59:38.823302  1449  1665 D CompatibilityChangeReporter: Compat change id reported: 168419799; UID 10047; state: DISABLED
06-13 13:59:38.823808  1449  1665 D CompatibilityChangeReporter: Compat change id reported: 273564678; UID 10047; state: DISABLED
06-13 13:59:38.826945  1449  1472 E ApplicationHelper: Fail to get PackageManager
06-13 13:59:38.827218  1449  1547 D CompatibilityChangeReporter: Compat change id reported: 265195908; UID 10047; state: ENABLED
06-13 13:59:38.832657  1449  1665 D CompatibilityChangeReporter: Compat change id reported: 170503758; UID 10047; state: ENABLED
06-13 13:59:38.837070  1449  1547 D CompatibilityChangeReporter: Compat change id reported: 218533173; UID 10059; state: ENABLED
06-13 13:59:38.837357  1449  1547 D CompatibilityChangeReporter: Compat change id reported: 262645982; UID 10059; state: ENABLED
06-13 13:59:38.837831  1449  1547 D CompatibilityChangeReporter: Compat change id reported: 218533173; UID 10112; state: ENABLED
06-13 13:59:38.837988  1449  1547 D CompatibilityChangeReporter: Compat change id reported: 262645982; UID 10112; state: ENABLED
06-13 13:59:38.839439  1449  1547 D CompatibilityChangeReporter: Compat change id reported: 218533173; UID 10156; state: ENABLED
06-13 13:59:38.839612  1449  1547 D CompatibilityChangeReporter: Compat change id reported: 262645982; UID 10156; state: ENABLED
06-13 13:59:38.866706  1449  1665 I ActivityManager: Flag disabled. Ignoring finishAttachApplication from uid: 1000. pid: 5285
06-13 13:59:38.878773  1449  1465 D CompatibilityChangeReporter: Compat change id reported: 161145287; UID 1000; state: ENABLED
06-13 13:59:38.883976  1449  1472 E ApplicationHelper: Fail to get PackageManager
06-13 13:59:38.887256  1449  1492 W BatteryExternalStatsWorker: error reading Bluetooth stats: 9
06-13 13:59:38.895489  1449  1472 E ApplicationHelper: Fail to get PackageManager
06-13 13:59:38.905822  1449  1465 D CompatibilityChangeReporter: Compat change id reported: 261072174; UID 10047; state: DISABLED
06-13 13:59:38.912747  1449  1465 I ActivityManager: Flag disabled. Ignoring finishAttachApplication from uid: 10047. pid: 5302
06-13 13:59:38.915999  1449  1472 E ApplicationHelper: Fail to get PackageManager
06-13 13:59:38.916075  1449  1472 E ApplicationHelper: Fail to get PackageManager
06-13 13:59:38.916688  1449  1930 D CompatibilityChangeReporter: Compat change id reported: 161145287; UID 10047; state: DISABLED
06-13 13:59:38.986477  5285  5323 W PowerProfile: ambient.on is deprecated! Use ambient.on.display0 instead.
06-13 13:59:38.987105  5285  5323 W PowerProfile: screen.on is deprecated! Use screen.on.display0 instead.
06-13 13:59:38.987190  5285  5323 W PowerProfile: screen.full is deprecated! Use screen.full.display0 instead.
06-13 13:59:38.987361  5285  5323 W ModemPowerProfile: getAverageBatteryDrainMaH called with unexpected key: 0x0, drain:SLEEP,RAT:DEFAULT
06-13 13:59:38.987607  5285  5323 W ModemPowerProfile: getAverageBatteryDrainMaH called with unexpected key: 0x10000000, drain:IDLE,RAT:DEFAULT
06-13 13:59:38.987750  5285  5323 W ModemPowerProfile: getAverageBatteryDrainMaH called with unexpected key: 0x20000000, drain:RX,RAT:DEFAULT
06-13 13:59:38.987884  5285  5323 W ModemPowerProfile: getAverageBatteryDrainMaH called with unexpected key: 0x30000000, drain:TX,level:0,RAT:DEFAULT
06-13 13:59:38.988013  5285  5323 W ModemPowerProfile: getAverageBatteryDrainMaH called with unexpected key: 0x31000000, drain:TX,level:1,RAT:DEFAULT
06-13 13:59:38.988130  5285  5323 W ModemPowerProfile: getAverageBatteryDrainMaH called with unexpected key: 0x32000000, drain:TX,level:2,RAT:DEFAULT
06-13 13:59:38.988244  5285  5323 W ModemPowerProfile: getAverageBatteryDrainMaH called with unexpected key: 0x33000000, drain:TX,level:3,RAT:DEFAULT
06-13 13:59:38.988366  5285  5323 W ModemPowerProfile: getAverageBatteryDrainMaH called with unexpected key: 0x34000000, drain:TX,level:4,RAT:DEFAULT
06-13 13:59:39.200049  1449  3259 D CompatibilityChangeReporter: Compat change id reported: 261072174; UID 1000; state: ENABLED
06-13 13:59:39.202561  1449  1472 E ApplicationHelper: Fail to get PackageManager
06-13 13:59:39.206323  1449  1665 D CompatibilityChangeReporter: Compat change id reported: 161145287; UID 10122; state: ENABLED
06-13 13:59:39.221304  1449  1472 E ApplicationHelper: Fail to get PackageManager
06-13 13:59:39.233469  1449  1472 E ApplicationHelper: Fail to get PackageManager
06-13 13:59:39.238765  1449  1472 E ApplicationHelper: Fail to get PackageManager
06-13 13:59:41.616849  1449  1471 D UsbDeviceManager: Clear notification
06-13 13:59:41.628274  1449  1485 D CompatibilityChangeReporter: Compat change id reported: 135634846; UID 10042; state: DISABLED
06-13 13:59:41.629052  1449  1485 D CompatibilityChangeReporter: Compat change id reported: 177438394; UID 10042; state: DISABLED
06-13 13:59:41.629624  1449  1449 D CompatibilityChangeReporter: Compat change id reported: 175319604; UID 1000; state: ENABLED
06-13 13:59:41.630244  1449  1485 D CompatibilityChangeReporter: Compat change id reported: 135772972; UID 10042; state: DISABLED
06-13 13:59:41.630957  1449  1485 D CompatibilityChangeReporter: Compat change id reported: 135754954; UID 10042; state: ENABLED
06-13 13:59:41.632743  1449  1486 D CompatibilityChangeReporter: Compat change id reported: 143937733; UID 10042; state: ENABLED
06-13 13:59:41.636686  1449  1449 D CompatibilityChangeReporter: Compat change id reported: 195579280; UID 1000; state: ENABLED
06-13 13:59:41.644560  1449  1449 D MBrainLocalService: isVendorFreezeConditionPass is false
06-13 13:59:41.644966  1449  1449 D UsbIntentReceiver: notifyChange failed
06-13 13:59:41.657330  1449  1486 I ActivityManager: Start proc 5341:android.process.media/u0a42 for broadcast {com.android.mtp/com.android.mtp.MtpReceiver}
06-13 13:59:41.682759  1449  2969 V ActivityManager: New death recipient com.android.server.am.ActivityManagerService$AppDeathRecipient@7258e5c for thread android.os.BinderProxy@385d565
06-13 13:59:41.684684  1449  2969 D CompatibilityChangeReporter: Compat change id reported: 168419799; UID 10042; state: DISABLED
06-13 13:59:41.685234  1449  2969 D CompatibilityChangeReporter: Compat change id reported: 273564678; UID 10042; state: DISABLED
06-13 13:59:41.688525  1449  1472 E ApplicationHelper: Fail to get PackageManager
06-13 13:59:41.688971  1449  1547 D CompatibilityChangeReporter: Compat change id reported: 265195908; UID 10042; state: ENABLED
06-13 13:59:41.693854  1449  2969 D CompatibilityChangeReporter: Compat change id reported: 170503758; UID 10042; state: ENABLED
06-13 13:59:41.762106  1449  2969 I ActivityManager: Flag disabled. Ignoring finishAttachApplication from uid: 10042. pid: 5341
06-13 13:59:41.767294  1449  2969 I ActivityManager: Killing 29045:com.mediatek.engineermode/u0a182 (adj 500): empty #11
06-13 13:59:41.778173  1449  1472 E ApplicationHelper: Fail to get PackageManager
06-13 13:59:41.827660  1449  1930 V ActivityManager: Death received in com.android.server.am.ActivityManagerService$AppDeathRecipient@173b258 for thread android.os.BinderProxy@6a9efb1
06-13 13:59:41.830355  1449  1472 D DisplayManagerService: Drop pending events for gone uid 10182
06-13 13:59:41.838408  1449  1472 E ApplicationHelper: Fail to get PackageManager
06-13 13:59:41.838544  1449  1472 E ApplicationHelper: Fail to get PackageManager
06-13 13:59:41.838580  1449  1472 E ApplicationHelper: Fail to get PackageManager
06-13 13:59:41.838609  1449  1472 E ApplicationHelper: Fail to get PackageManager
06-13 13:59:41.838634  1449  1472 E ApplicationHelper: Fail to get PackageManager
06-13 13:59:41.838669  1449  1474 W ActivityManager: setHasOverlayUi called on unknown pid: 29045
06-13 13:59:41.838785  1449  1472 E ApplicationHelper: Fail to get PackageManager
06-13 13:59:41.838874  1449  1472 E ApplicationHelper: Fail to get PackageManager
06-13 13:59:43.723052  1449  1474 I DisplayDeviceRepository: Display device changed: DisplayDeviceInfo{"Built-in Screen": uniqueId="local:0", 1080 x 2460, modeId 1, renderFrameRate 60.0, defaultModeId 1, supportedModes [{id=1, width=1080, height=2460, fps=60.0, alternativeRefreshRates=[90.0, 120.00001], supportedHdrTypes=[]}, {id=2, width=1080, height=2460, fps=90.0, alternativeRefreshRates=[60.0, 120.00001], supportedHdrTypes=[]}, {id=3, width=1080, height=2460, fps=120.00001, alternativeRefreshRates=[60.0, 90.0], supportedHdrTypes=[]}], colorMode 0, supportedColorModes [0], hdrCapabilities HdrCapabilities{mSupportedHdrTypes=[], mMaxLuminance=500.0, mMaxAverageLuminance=500.0, mMinLuminance=0.0}, allmSupported false, gameContentTypeSupported false, density 480, 396.261 x 396.26 dpi, appVsyncOff 2400001, presDeadline 28600000, cutout DisplayCutout{insets=Rect(0, 106 - 0, 0) waterfall=Insets{left=0, top=0, right=0, bottom=0} boundingRect={Bounds=[Rect(0, 0 - 0, 0), Rect(500, 0 - 580, 106), Rect(0, 0 - 0, 0), Rect(0, 0 - 0, 0)]} cutoutPathParserInfo={CutoutPathParserInfo{displayWidth=1080 displayHeight=2460 physicalDisplayWidth=1080 physicalDisplayHeight=2460 density={3.0} cutoutSpec={m0,26c-10.605,0 -20.786,4.217 -28.284,11.716c-7.499,7.498 -11.716,17.679 -11.716,28.284c0,10.605 4.217,20.786 11.716,28.284c7.498,7.499 17.679,11.716 28.284,11.716c10.605,0 20.786,-4.217 28.284,-11.716c7.499,-7.498 11.716,-17.679 11.716,-28.284c0,-10.605 -4.217,-20.786 -11.716,-28.284c-7.498,-7.499 -17.679,-11.716 -28.284,-11.716z} rotation={0} scale={1.0} physicalPixelDisplaySizeRatio={1.0}}}}, touch INTERNAL, rotation 0, type INTERNAL, address {port=0}, deviceProductInfo null, state ON, committedState ON, frameRateOverride , brightnessMinimum 0.0, brightnessMaximum 1.0, brightnessDefault 0.4, hdrSdrRatio NaN, FLAG_ALLOWED_TO_BE_DEFAULT_DISPLAY, FLAG_ROTATES_WITH_CONTENT, FLAG_SECURE, FLAG_SUPPORTS_PROTECTED_BUFFERS, FLAG_TRUSTED, installOrientation 0, displayShape DisplayShape{ spec=-1119182123 displayWidth=1080 displayHeight=2460 physicalPixelDisplaySizeRatio=1.0 rotation=0 offsetX=0 offsetY=0 scale=1.0}}
06-13 13:59:43.728921  1449  1474 D DisplayManagerService: Ignore redundant display event 0/2 to 10149/2163
